9:
 num     #instances         #bytes  class name (module)
-------------------------------------------------------
   1:        133682       14571544  [B (java.base@21.0.6)
   2:         28737        8876920  [Ljava.lang.Object; (java.base@21.0.6)
   3:        124445        3982240  java.lang.String (java.base@21.0.6)
   4:         14890        2894600  java.lang.Class (java.base@21.0.6)
   5:         50528        2021120  java.util.concurrent.ConcurrentHashMap$Node (java.base@21.0.6)
   6:          6759        1788888  [I (java.base@21.0.6)
   7:         10425        1501200  java.lang.reflect.Method (java.base@21.0.6)
   8:         11996        1250128  [Ljava.util.HashMap$Node; (java.base@21.0.6)
   9:         21306        1193136  java.util.LinkedHashMap$Entry (java.base@21.0.6)
  10:         11114         978032  java.util.LinkedHashMap (java.base@21.0.6)
  11:           718         878032  [Ljava.util.concurrent.ConcurrentHashMap$Node; (java.base@21.0.6)
  12:         20192         807680  java.util.HashMap$Node (java.base@21.0.6)
  13:          7179         459456  kotlin.reflect.jvm.internal.impl.protobuf.SmallSortedMap$1
  14:         13049         417568  java.util.ArrayList (java.base@21.0.6)
  15:          3546         397152  java.security.Provider$Service (java.base@21.0.6)
  16:          3133         350896  java.lang.reflect.Field (java.base@21.0.6)
  17:         21266         340256  java.lang.Object (java.base@21.0.6)
  18:          7951         318040  java.security.Provider$ServiceKey (java.base@21.0.6)
  19:          2790         312480  kotlin.reflect.jvm.internal.impl.metadata.ProtoBuf$Type
  20:          9182         301368  [Ljava.lang.Class; (java.base@21.0.6)
  21:          4691         300224  java.lang.invoke.MemberName (java.base@21.0.6)
  22:          6643         265720  java.util.Hashtable$Entry (java.base@21.0.6)
  23:          1697         244368  kotlin.reflect.jvm.internal.impl.metadata.ProtoBuf$Function
  24:          3951         221256  java.lang.ref.SoftReference (java.base@21.0.6)
  25:           202         209544  [Lio.netty.handler.codec.http2.HpackHeaderField;
  26:          2241         190040  [Ljava.lang.String; (java.base@21.0.6)
  27:          2848         182272  java.util.HashMap (java.base@21.0.6)
  28:          2817         180288  java.lang.invoke.MethodType (java.base@21.0.6)
  29:          7179         172296  kotlin.reflect.jvm.internal.impl.protobuf.FieldSet
  30:          1793         172128  java.util.concurrent.ConcurrentHashMap (java.base@21.0.6)
  31:           923         164640  [J (java.base@21.0.6)
  32:          6746         161904  java.util.jar.Attributes (java.base@21.0.6)
  33:           604         158712  [C (java.base@21.0.6)
  34:          4884         156288  kotlin.reflect.jvm.internal.ReflectProperties$LazySoftVal
  35:          3218         154464  java.lang.invoke.LambdaForm$Name (java.base@21.0.6)
  36:          4633         148256  java.util.Collections$UnmodifiableRandomAccessList (java.base@21.0.6)
  37:          1530         146880  io.netty.buffer.PoolSubpage
  38:          8622         137952  java.lang.Integer (java.base@21.0.6)
  39:          1146         137520  java.lang.reflect.Constructor (java.base@21.0.6)
  40:          2821         135408  jdk.internal.util.WeakReferenceKey (java.base@21.0.6)
  41:          2092         133888  sun.util.locale.LocaleObjectCache$CacheEntry (java.base@21.0.6)
  42:          1252         130208  java.lang.Class$ReflectionData (java.base@21.0.6)
  43:          3023         120920  io.netty.util.AsciiString
  44:          1481         118480  kotlin.reflect.jvm.internal.impl.metadata.ProtoBuf$ValueParameter
  45:            16         117984  [Ljava.util.Hashtable$Entry; (java.base@21.0.6)
  46:          2928         117120  java.util.concurrent.locks.ReentrantLock$NonfairSync (java.base@21.0.6)
  47:          2080         116480  io.netty.util.internal.shaded.org.jctools.queues.unpadded.MpscUnpaddedArrayQueue
  48:           639         104080  [Ljava.util.WeakHashMap$Entry; (java.base@21.0.6)
  49:           788         104016  [Ljava.lang.ref.SoftReference; (java.base@21.0.6)
  50:          3030          96960  java.lang.invoke.ResolvedMethodName (java.base@21.0.6)
  51:          2373          94920  kotlin.SafePublicationLazyImpl
  52:           888          91416  [Ljava.lang.reflect.Method; (java.base@21.0.6)
  53:          1406          89984  java.util.WeakHashMap$Entry (java.base@21.0.6)
  54:          2560          81920  com.aerospike.client.async.HashedWheelTimer$HashedWheelBucket
  55:          2028          81120  io.netty.buffer.PoolThreadCache$SubPageMemoryRegionCache
  56:           137          81104  io.netty.util.internal.shaded.org.jctools.queues.MpscChunkedArrayQueue
  57:          1688          81024  kotlin.reflect.jvm.internal.impl.name.FqNameUnsafe
  58:          1122          80784  java.lang.invoke.DirectMethodHandle$Constructor (java.base@21.0.6)
  59:           765          79560  kotlin.reflect.jvm.internal.impl.metadata.ProtoBuf$Annotation$Argument$Value
  60:           583          79288  kotlin.reflect.jvm.internal.impl.metadata.ProtoBuf$Property
  61:          1944          77760  kotlin.reflect.jvm.internal.impl.storage.LockBasedStorageManager$LockBasedNotNullLazyValue
  62:           358          74464  kotlin.reflect.jvm.internal.impl.serialization.deserialization.descriptors.DeserializedSimpleFunctionDescriptor
  63:          1232          68992  io.netty.handler.codec.http2.HpackEncoder$NameValueEntry
  64:          2693          64632  kotlin.reflect.jvm.internal.impl.name.Name
  65:           641          62864  [Ljava.lang.invoke.LambdaForm$Name; (java.base@21.0.6)
  66:           261          62640  kotlin.reflect.jvm.internal.impl.metadata.ProtoBuf$Class
  67:          1090          61040  java.lang.invoke.DirectMethodHandle (java.base@21.0.6)
  68:          2512          60288  java.util.concurrent.locks.ReentrantLock (java.base@21.0.6)
  69:            48          59904  [Lio.netty.buffer.PoolSubpage;
  70:          1807          57824  kotlin.reflect.jvm.internal.impl.name.FqName
  71:          1424          56960  com.google.inject.Key
  72:          1725          55200  java.security.Provider$UString (java.base@21.0.6)
  73:          1369          54760  sun.reflect.annotation.AnnotationInvocationHandler (java.base@21.0.6)
  74:           201          54424  [Ljava.lang.ClassValue$Entry; (java.base@21.0.6)
  75:          1334          53360  kotlin.reflect.jvm.internal.impl.protobuf.SmallSortedMap$Entry
  76:          2198          52752  kotlin.reflect.jvm.internal.impl.protobuf.SmallSortedMap$EntrySet
  77:           824          52736  java.lang.invoke.BoundMethodHandle$Species_LL (java.base@21.0.6)
  78:          1072          51456  kotlin.reflect.jvm.internal.impl.metadata.ProtoBuf$Annotation
  79:          1608          51456  sun.reflect.generics.tree.SimpleClassTypeSignature (java.base@21.0.6)
  80:          1063          51024  sun.util.locale.BaseLocale (java.base@21.0.6)
  81:           579          50952  kotlin.reflect.jvm.internal.impl.metadata.jvm.JvmProtoBuf$StringTableTypes$Record
  82:           135          48640  [Ljava.lang.invoke.MethodHandle; (java.base@21.0.6)
  83:           216          48384  io.netty.channel.epoll.EpollSocketChannel
  84:           428          47936  java.net.URL (java.base@21.0.6)
  85:          1183          47320  com.google.inject.spi.Dependency
  86:           430          47072  [Lio.netty.util.internal.PriorityQueueNode;
  87:           388          46560  com.google.common.cache.LocalCache$Segment
  88:          1439          46048  com.google.inject.TypeLiteral
  89:           174          45936  io.grpc.netty.NettyClientHandler
  90:           636          45792  java.lang.invoke.LambdaForm (java.base@21.0.6)
  91:           434          45136  io.netty.handler.codec.http2.WeightedFairQueueByteDistributor$State
  92:          1063          42520  java.util.Locale (java.base@21.0.6)
  93:           661          42304  java.lang.reflect.Parameter (java.base@21.0.6)
  94:          1315          42080  io.netty.handler.codec.http2.HpackHeaderField
  95:          1044          41760  sun.util.locale.BaseLocale$Key (java.base@21.0.6)
  96:            11          41296  [Ljava.nio.ByteBuffer; (java.base@21.0.6)
  97:           180          40320  kotlin.reflect.jvm.internal.impl.serialization.deserialization.descriptors.DeserializedPropertyDescriptor
  98:            68          39712  io.netty.util.internal.shaded.org.jctools.queues.MpscUnboundedArrayQueue
  99:           201          39312  [Lio.netty.handler.codec.http2.HpackEncoder$NameEntry;
 100:           201          39312  [Lio.netty.handler.codec.http2.HpackEncoder$NameValueEntry;
 101:          1606          38544  sun.reflect.generics.tree.ClassTypeSignature (java.base@21.0.6)
 102:           481          38416  [S (java.base@21.0.6)
 103:           798          38304  java.lang.ref.ReferenceQueue (java.base@21.0.6)
 104:           174          37584  io.grpc.netty.NettyClientTransport
 105:           938          37520  java.util.concurrent.locks.AbstractQueuedSynchronizer$ConditionObject (java.base@21.0.6)
 106:          1151          36832  java.util.ArrayDeque (java.base@21.0.6)
 107:           316          35392  kotlin.reflect.jvm.internal.KFunctionImpl
 108:          1095          35040  org.bouncycastle.asn1.ASN1ObjectIdentifier
 109:           485          34920  io.netty.util.collection.IntObjectHashMap
 110:           710          34080  java.lang.ref.WeakReference (java.base@21.0.6)
 111:           423          33840  jdk.internal.ref.CleanerImpl$PhantomCleanableRef (java.base@21.0.6)
 112:          1390          33360  java.util.LinkedHashSet (java.base@21.0.6)
 113:           378          33264  io.netty.channel.DefaultChannelHandlerContext
 114:           807          32280  java.lang.invoke.LambdaForm$NamedFunction (java.base@21.0.6)
 115:           572          32032  java.util.IdentityHashMap (java.base@21.0.6)
 116:           398          31840  java.lang.invoke.DirectMethodHandle$StaticAccessor (java.base@21.0.6)
 117:           436          31392  java.util.WeakHashMap (java.base@21.0.6)
 118:           460          30256  [Ljava.lang.reflect.Field; (java.base@21.0.6)
 119:           629          30192  java.lang.Package (java.base@21.0.6)
 120:           753          30120  kotlin.SynchronizedLazyImpl
 121:           198          30096  java.util.jar.JarFile$JarFileEntry (java.base@21.0.6)
 122:           178          29904  org.jvnet.hk2.internal.SystemDescriptor
 123:          1608          29624  [Lsun.reflect.generics.tree.TypeArgument; (java.base@21.0.6)
 124:           231          29568  kotlin.reflect.jvm.internal.KProperty1Impl
 125:           261          29232  com.google.protobuf.Descriptors$FieldDescriptor
 126:           946          28984  [Ljava.lang.reflect.Type; (java.base@21.0.6)
 127:           402          28944  io.netty.handler.codec.http2.DefaultHttp2Connection$DefaultEndpoint
 128:           715          28600  java.util.LinkedList (java.base@21.0.6)
 129:           357          28560  kotlin.reflect.jvm.internal.impl.descriptors.impl.ValueParameterDescriptorImpl
 130:           356          28480  kotlin.reflect.jvm.internal.impl.metadata.jvm.JvmProtoBuf$JvmPropertySignature
 131:           506          28336  java.lang.invoke.BoundMethodHandle$Species_L (java.base@21.0.6)
 132:          1164          27936  java.util.jar.Attributes$Name (java.base@21.0.6)
 133:           262          27248  com.google.protobuf.DescriptorProtos$FieldDescriptorProto
 134:           672          26880  kotlin.reflect.jvm.internal.impl.storage.LockBasedStorageManager$MapBasedMemoizedFunction
 135:           174          26448  sun.nio.fs.UnixFileAttributes (java.base@21.0.6)
 136:           651          26040  com.google.inject.internal.SingleParameterInjector
 137:           402          25728  com.fasterxml.jackson.databind.introspect.AnnotatedMethod
 138:           120          25568  [Z (java.base@21.0.6)
 139:           453          25368  kotlin.reflect.jvm.internal.impl.metadata.ProtoBuf$Type$Argument
 140:           624          24960  java.util.LinkedList$Node (java.base@21.0.6)
 141:          1034          24816  java.lang.Long (java.base@21.0.6)
 142:          1005          24120  io.netty.handler.codec.http2.DefaultHttp2Connection$DefaultPropertyKey
 143:           500          24000  io.netty.buffer.PoolThreadCache$MemoryRegionCache$Entry
 144:           577          23080  java.net.InetAddress$InetAddressHolder (java.base@21.0.6)
 145:           476          22848  kotlin.reflect.jvm.internal.impl.metadata.ProtoBuf$Annotation$Argument
 146:           472          22656  java.lang.invoke.MethodTypeForm (java.base@21.0.6)
 147:           201          22512  io.grpc.internal.TransportTracer
 148:           230          22080  io.netty.channel.DefaultChannelPipeline$HeadContext
 149:           124          21824  java.lang.Thread (java.base@21.0.6)
 150:           665          21280  kotlin.reflect.jvm.internal.impl.name.ClassId
 151:           662          21184  io.netty.util.internal.DefaultPriorityQueue
 152:           661          21152  io.netty.util.Recycler$DefaultHandle
 153:            94          21056  org.glassfish.hk2.internal.ConstantActiveDescriptor
 154:           874          20976  java.util.HashSet (java.base@21.0.6)
 155:           174          20880  java.util.zip.ZipFile$Source (java.base@21.0.6)
 156:           260          20800  java.util.TreeMap (java.base@21.0.6)
 157:           517          20680  com.google.common.cache.LocalCache$StrongEntry
 158:            10          20640  [Lcom.aerospike.client.async.HashedWheelTimer$HashedWheelBucket;
 159:           424          20352  com.fasterxml.jackson.databind.util.internal.PrivateMaxEntriesMap$Node
 160:           141          20304  com.fasterxml.jackson.databind.deser.CreatorProperty
 161:           230          20240  io.netty.channel.ChannelOutboundBuffer
 162:           230          20240  io.netty.channel.DefaultChannelPipeline$TailContext
 163:           358          20048  kotlin.reflect.jvm.internal.impl.types.SimpleTypeImpl
 164:           834          20016  java.util.LinkedHashMap$LinkedEntrySet (java.base@21.0.6)
 165:           356          19936  kotlin.reflect.jvm.internal.impl.metadata.ProtoBuf$QualifiedNameTable$QualifiedName
 166:           618          19776  java.util.concurrent.atomic.LongAdder (java.base@21.0.6)
 167:           274          19728  java.lang.invoke.LambdaFormEditor$Transform (java.base@21.0.6)
 168:           820          19680  java.util.LinkedHashMap$LinkedKeySet (java.base@21.0.6)
 169:           153          19584  org.glassfish.hk2.utilities.DescriptorImpl
 170:           485          19400  kotlin.reflect.jvm.internal.impl.storage.LockBasedStorageManager$MapBasedMemoizedFunctionToNotNull
 171:           601          19200  [Ljava.security.cert.Certificate; (java.base@21.0.6)
 172:           182          18928  kotlin.reflect.jvm.internal.impl.descriptors.impl.PropertyGetterDescriptorImpl
 173:            38          18848  io.grpc.internal.ManagedChannelImpl
 174:           471          18840  java.math.BigInteger (java.base@21.0.6)
 175:           292          18688  com.google.inject.internal.ChildBindingAlreadySetError
 176:            97          18624  com.google.common.cache.LocalCache
 177:           582          18624  java.lang.Class$AnnotationData (java.base@21.0.6)
 178:           774          18576  java.util.Collections$SingletonList (java.base@21.0.6)
 179:           230          18400  io.netty.channel.DefaultChannelPipeline
 180:           104          18304  [Lio.netty.buffer.PoolThreadCache$MemoryRegionCache;
 181:           248          17856  java.util.logging.LogManager$LoggerWeakRef (java.logging@21.0.6)
 182:           201          17688  io.netty.handler.codec.http2.DefaultHttp2ConnectionDecoder
 183:           201          17688  io.netty.handler.codec.http2.HpackEncoder
 184:           130          17680  com.fasterxml.jackson.databind.deser.impl.FieldProperty
 185:           367          17616  kotlin.reflect.jvm.internal.impl.metadata.jvm.JvmProtoBuf$JvmMethodSignature
 186:           200          17600  java.lang.ClassValue$ClassValueMap (java.base@21.0.6)
 187:           550          17600  kotlin.reflect.jvm.internal.impl.renderer.DescriptorRendererOptionsImpl$property$$inlined$vetoable$1
 188:           733          17592  com.fasterxml.jackson.databind.introspect.AnnotationMap
 189:           243          17496  java.lang.Package$VersionInfo (java.base@21.0.6)
 190:           546          17472  java.util.Collections$SetFromMap (java.base@21.0.6)
 191:           216          17280  io.netty.channel.epoll.EpollSocketChannel$EpollSocketChannelUnsafe
 192:           216          17280  io.netty.channel.epoll.EpollSocketChannelConfig
 193:           239          17208  java.util.concurrent.locks.ReentrantReadWriteLock$NonfairSync (java.base@21.0.6)
 194:           117          16848  java.net.URI (java.base@21.0.6)
 195:           351          16848  kotlin.reflect.jvm.internal.impl.metadata.jvm.JvmProtoBuf$JvmFieldSignature
 196:           201          16080  io.netty.handler.codec.http2.DefaultHttp2Connection
 197:           670          16080  java.util.LinkedHashMap$LinkedValues (java.base@21.0.6)
 198:           402          16080  jdk.internal.reflect.MethodHandleObjectFieldAccessorImpl (java.base@21.0.6)
 199:           647          15528  kotlin.reflect.jvm.internal.KCallableImpl$$Lambda$0
 200:           647          15528  kotlin.reflect.jvm.internal.KCallableImpl$$Lambda$1
 201:           647          15528  kotlin.reflect.jvm.internal.KCallableImpl$$Lambda$2
 202:           647          15528  kotlin.reflect.jvm.internal.KCallableImpl$$Lambda$3
 203:           647          15528  kotlin.reflect.jvm.internal.KCallableImpl$$Lambda$4
 204:           174          15312  java.util.jar.JarFile (java.base@21.0.6)
 205:           636          15264  kotlin.reflect.jvm.internal.KCallableImpl$$Lambda$5
 206:           172          15136  kotlin.reflect.jvm.internal.impl.serialization.deserialization.DeserializationContext
 207:           376          15040  java.lang.module.ModuleDescriptor$Exports (java.base@21.0.6)
 208:           463          14816  java.net.InetSocketAddress$InetSocketAddressHolder (java.base@21.0.6)
 209:           370          14800  sun.reflect.generics.reflectiveObjects.ParameterizedTypeImpl (java.base@21.0.6)
 210:           264          14784  sun.security.util.KnownOIDs (java.base@21.0.6)
 211:           205          14760  java.util.zip.Inflater (java.base@21.0.6)
 212:           184          14720  com.google.inject.internal.ProviderInstanceBindingImpl
 213:           230          14720  io.netty.channel.AbstractChannel$CloseFuture
 214:           460          14720  io.netty.channel.VoidChannelPromise
 215:           303          14544  java.util.concurrent.FutureTask (java.base@21.0.6)
 216:           201          14472  ch.qos.logback.classic.Logger
 217:           201          14472  io.grpc.netty.AbstractNettyHandler$FlowControlPinger
 218:           201          14472  io.netty.handler.codec.http2.Http2Settings
 219:           223          14272  kotlin.reflect.jvm.internal.impl.metadata.ProtoBuf$Constructor
 220:           178          14240  java.io.FileCleanable (java.base@21.0.6)
 221:           584          14016  com.google.common.cache.LocalCache$StrongValueReference
 222:           174          13920  io.grpc.internal.CallCredentialsApplyingTransportFactory$CallCredentialsApplyingTransport
 223:           858          13728  java.util.concurrent.atomic.AtomicInteger (java.base@21.0.6)
 224:            65          13520  kotlin.reflect.jvm.internal.impl.serialization.deserialization.descriptors.DeserializedClassDescriptor
 225:           337          13480  io.grpc.InternalLogId
 226:           280          13440  com.fasterxml.jackson.databind.introspect.AnnotatedParameter
 227:           119          13328  io.netty.buffer.PooledUnsafeDirectByteBuf
 228:           104          13312  java.util.regex.Pattern (java.base@21.0.6)
 229:           208          13312  sun.security.pkcs11.SunPKCS11$Descriptor (jdk.crypto.cryptoki@21.0.6)
 230:           236          13216  kotlin.reflect.jvm.internal.impl.serialization.deserialization.MemberDeserializer$$Lambda$5
 231:           230          12880  com.aerospike.vector.index.InternalIndexId
 232:           201          12864  io.netty.handler.codec.http2.DefaultHttp2Connection$ConnectionStream
 233:           201          12864  io.netty.handler.codec.http2.DefaultHttp2LocalFlowController$AutoRefillState
 234:           201          12864  io.netty.handler.codec.http2.DefaultHttp2RemoteFlowController
 235:           201          12864  io.netty.handler.codec.http2.WeightedFairQueueByteDistributor
 236:           200          12800  com.aerospike.vector.index.BatchIndexMetadata
 237:           532          12768  java.util.concurrent.atomic.AtomicReferenceArray (java.base@21.0.6)
 238:           499          12720  [Ljava.lang.reflect.Constructor; (java.base@21.0.6)
 239:            86          12640  [Ljava.lang.ThreadLocal$ThreadLocalMap$Entry; (java.base@21.0.6)
 240:           143          12584  io.netty.util.concurrent.ScheduledFutureTask
 241:           174          12528  jdk.internal.loader.URLClassPath$JarLoader (java.base@21.0.6)
 242:           104          12480  com.google.protobuf.DescriptorProtos$DescriptorProto
 243:           390          12480  java.util.concurrent.ConcurrentLinkedQueue$Node (java.base@21.0.6)
 244:           172          12384  kotlin.reflect.jvm.internal.impl.serialization.deserialization.TypeDeserializer
 245:           103          12360  com.google.protobuf.Descriptors$Descriptor
 246:           309          12360  kotlin.reflect.jvm.internal.impl.storage.LockBasedStorageManager$LockBasedLazyValue
 247:           386          12352  com.fasterxml.jackson.databind.introspect.MemberKey
 248:           192          12288  io.netty.buffer.PoolChunkList
 249:           256          12288  io.netty.handler.codec.CodecOutputList
 250:           219          12264  java.util.TreeMap$Entry (java.base@21.0.6)
 251:           255          12240  com.google.common.collect.LinkedHashMultiset
 252:           507          12168  com.google.common.collect.SingletonImmutableList
 253:           505          12120  kotlin.reflect.jvm.internal.impl.protobuf.LiteralByteString
 254:           378          12096  java.util.concurrent.CopyOnWriteArrayList (java.base@21.0.6)
 255:           212          11872  java.lang.ThreadLocal$ThreadLocalMap$Entry (java.base@21.0.6)
 256:           210          11760  java.lang.ClassValue$Entry (java.base@21.0.6)
 257:           485          11640  io.netty.util.collection.IntObjectHashMap$1
 258:           485          11640  io.netty.util.collection.IntObjectHashMap$EntrySet
 259:           485          11640  io.netty.util.collection.IntObjectHashMap$KeySet
 260:           480          11520  io.netty.buffer.IntPriorityQueue
 261:           360          11520  kotlin.reflect.jvm.internal.impl.descriptors.impl.FieldDescriptorImpl
 262:           476          11424  kotlin.reflect.jvm.internal.impl.utils.SmartSet
 263:           201          11256  io.netty.handler.codec.http2.DefaultHttp2ConnectionEncoder
 264:           201          11256  io.netty.handler.codec.http2.DefaultHttp2FrameReader
 265:           201          11256  io.netty.handler.codec.http2.DefaultHttp2LocalFlowController
 266:           201          11256  io.netty.handler.codec.http2.DefaultHttp2RemoteFlowController$FlowState
 267:           201          11256  io.netty.handler.codec.http2.HpackDecoder
 268:           351          11232  java.net.Inet4Address (java.base@21.0.6)
 269:           117          11232  java.util.logging.Logger (java.logging@21.0.6)
 270:           278          11120  kotlin.reflect.jvm.internal.impl.types.KotlinTypeFactory$$Lambda$0
 271:           463          11112  java.net.InetSocketAddress (java.base@21.0.6)
 272:            21          11088  [Ljava.util.concurrent.ForkJoinTask; (java.base@21.0.6)
 273:           224          10752  com.aerospike.vector.client.proto.IndexId
 274:           447          10728  io.grpc.internal.ReflectionLongAdderCounter
 275:           148          10656  io.grpc.StatusException
 276:           190          10640  java.io.FileDescriptor (java.base@21.0.6)
 277:           221          10608  sun.security.util.ObjectIdentifier (java.base@21.0.6)
 278:           331          10592  com.google.inject.internal.WeakKeySet$KeyAndSource
 279:           330          10560  com.github.benmanes.caffeine.cache.TimerWheel$Sentinel
 280:           186          10416  org.glassfish.hk2.utilities.cache.LRUHybridCache$OriginThreadAwareFuture
 281:           322          10304  sun.reflect.generics.factory.CoreReflectionFactory (java.base@21.0.6)
 282:           426          10224  org.glassfish.jersey.internal.routing.CombinedMediaType$EffectiveMediaType
 283:           424          10176  com.fasterxml.jackson.databind.util.internal.PrivateMaxEntriesMap$WeightedValue
 284:           212          10176  kotlin.reflect.jvm.internal.impl.metadata.ProtoBuf$TypeTable
 285:           316          10112  kotlin.reflect.jvm.internal.KFunctionImpl$$Lambda$0
 286:           420          10080  org.glassfish.hk2.utilities.reflection.internal.MethodWrapperImpl
 287:           209          10032  java.util.logging.LogManager$LogNode (java.logging@21.0.6)
 288:           311           9952  java.util.concurrent.ConcurrentLinkedQueue (java.base@21.0.6)
 289:           185           9944  [Lsun.reflect.generics.tree.TypeSignature; (java.base@21.0.6)
 290:           155           9920  java.security.CodeSource (java.base@21.0.6)
 291:           137           9864  java.lang.invoke.BoundMethodHandle$Species_LLL (java.base@21.0.6)
 292:           307           9824  javax.management.ImmutableDescriptor (java.management@21.0.6)
 293:            42           9744  io.grpc.internal.InternalSubchannel
 294:           174           9744  io.netty.handler.codec.http2.StreamBufferingEncoder
 295:           174           9744  java.io.RandomAccessFile (java.base@21.0.6)
 296:            55           9680  io.netty.util.internal.InternalThreadLocalMap
 297:           201           9648  io.grpc.netty.WriteQueue
 298:           201           9648  io.netty.handler.codec.http2.DefaultHttp2Connection$ActiveStreams
 299:           201           9648  io.netty.handler.codec.http2.HpackDynamicTable
 300:           201           9648  io.netty.handler.codec.http2.HpackHuffmanEncoder
 301:           240           9600  java.util.concurrent.locks.ReentrantReadWriteLock (java.base@21.0.6)
 302:           199           9552  java.util.zip.ZipFile$CleanableResource (java.base@21.0.6)
 303:           108           9504  java.nio.DirectByteBuffer (java.base@21.0.6)
 304:           118           9440  com.google.inject.internal.ConstructorBindingImpl
 305:           292           9344  com.google.inject.spi.Message
 306:            27           9288  io.grpc.netty.NettyServerHandler
 307:           128           9216  java.lang.invoke.DirectMethodHandle$Accessor (java.base@21.0.6)
 308:           230           9200  io.netty.channel.DefaultChannelId
 309:           228           9120  com.google.inject.spi.InjectionPoint
 310:           226           9040  java.net.Inet6Address (java.base@21.0.6)
 311:           226           9040  java.net.Inet6Address$Inet6AddressHolder (java.base@21.0.6)
 312:           224           8960  com.fasterxml.jackson.databind.PropertyName
 313:           280           8960  io.grpc.EquivalentAddressGroup
 314:           279           8928  io.netty.channel.SucceededChannelFuture
 315:           139           8896  com.google.inject.internal.SingletonScope$1
 316:           185           8880  sun.reflect.generics.tree.MethodTypeSignature (java.base@21.0.6)
 317:           250           8776  [Lcom.google.protobuf.Descriptors$FieldDescriptor;
 318:           217           8680  io.netty.channel.AdaptiveRecvByteBufAllocator
 319:           268           8576  kotlin.reflect.jvm.internal.impl.types.IndexedParametersSubstitution
 320:           213           8520  jdk.internal.reflect.DirectMethodHandleAccessor (java.base@21.0.6)
 321:           213           8520  org.glassfish.jersey.server.internal.routing.WildcardMethodSelectingRouter$ConsumesProducesAcceptor
 322:            34           8432  io.netty.channel.epoll.EpollEventLoop
 323:           208           8320  com.sun.jmx.mbeanserver.ConvertingMethod (java.management@21.0.6)
 324:           173           8304  java.lang.module.ModuleDescriptor$Requires (java.base@21.0.6)
 325:           148           8288  java.nio.channels.UnresolvedAddressException (java.base@21.0.6)
 326:           170           8160  com.google.inject.spi.ElementSource
 327:           169           8112  com.fasterxml.jackson.databind.introspect.AnnotatedField
 328:           336           8064  java.util.IdentityHashMap$KeySet (java.base@21.0.6)
 329:           201           8040  io.grpc.netty.Utils$FlowControlReader
 330:           201           8040  io.netty.handler.codec.http2.DefaultHttp2HeadersEncoder
 331:           201           8040  io.netty.handler.codec.http2.HpackHuffmanEncoder$EncodeProcessor
 332:           200           8000  io.undertow.util.HttpString
 333:           332           7968  jdk.internal.reflect.DirectConstructorHandleAccessor (java.base@21.0.6)
 334:            71           7952  java.lang.module.ModuleDescriptor (java.base@21.0.6)
 335:           247           7904  io.netty.util.internal.logging.LocationAwareSlf4JLogger
 336:           329           7896  com.google.common.collect.RegularImmutableList
 337:           123           7872  com.google.inject.internal.MembersInjectorImpl
 338:           328           7872  java.lang.Character$UnicodeBlock (java.base@21.0.6)
 339:           164           7872  java.lang.Thread$FieldHolder (java.base@21.0.6)
 340:           109           7848  java.util.concurrent.ThreadPoolExecutor$Worker (java.base@21.0.6)
 341:            97           7760  java.lang.StackTraceElement (java.base@21.0.6)
 342:           320           7680  com.google.inject.Key$AnnotationInstanceStrategy
 343:           238           7616  java.util.ImmutableCollections$Set12 (java.base@21.0.6)
 344:           134           7504  kotlin.reflect.jvm.internal.impl.resolve.scopes.SubstitutingScope
 345:            92           7488  [Ljava.security.ProtectionDomain; (java.base@21.0.6)
 346:           310           7440  java.util.HashMap$EntrySet (java.base@21.0.6)
 347:           186           7440  org.glassfish.hk2.utilities.cache.LRUHybridCache$HybridCacheEntryImpl
 348:           103           7416  kotlin.reflect.jvm.internal.impl.storage.LockBasedStorageManager$5
 349:           184           7360  java.io.File (java.base@21.0.6)
 350:           228           7296  com.google.inject.internal.ProvisionListenerCallbackStore$KeyBinding
 351:           130           7280  java.security.ProtectionDomain (java.base@21.0.6)
 352:           303           7272  kotlin.reflect.jvm.internal.KFunctionImpl$$Lambda$2
 353:           150           7200  kotlin.reflect.jvm.internal.KParameterImpl
 354:           123           7176  [Lcom.google.inject.internal.SingleParameterInjector;
 355:           223           7136  java.util.regex.Pattern$BmpCharProperty (java.base@21.0.6)
 356:            89           7120  net.engio.mbassy.listener.MessageHandler
 357:           148           7104  io.grpc.netty.ProtocolNegotiators$WaitUntilActiveHandler
 358:            52           7072  kotlin.reflect.jvm.internal.KMutableProperty1Impl
 359:           268           7056  [Lkotlin.reflect.jvm.internal.impl.types.TypeProjection;
 360:           110           7048  [Ljava.lang.reflect.Parameter; (java.base@21.0.6)
 361:           125           7000  sun.reflect.generics.repository.ClassRepository (java.base@21.0.6)
 362:           145           6960  com.google.inject.internal.CycleDetectingLock$CycleDetectingLockFactory$ReentrantCycleDetectingLock
 363:           174           6960  io.grpc.netty.ClientTransportLifecycleManager
 364:           174           6960  io.grpc.netty.GrpcHttp2HeadersUtils$GrpcHttp2ClientHeadersDecoder
 365:           172           6880  com.google.inject.internal.MoreTypes$ParameterizedTypeImpl
 366:            78           6864  io.netty.channel.ChannelOutboundBuffer$Entry
 367:           285           6840  kotlin.reflect.jvm.internal.KPropertyImpl$$Lambda$1
 368:           284           6816  kotlin.reflect.jvm.internal.KFunctionImpl$$Lambda$1
 369:            37           6808  kotlin.reflect.jvm.internal.KClassImpl$Data
 370:           283           6792  kotlin.reflect.jvm.internal.KProperty1Impl$$Lambda$1
 371:           283           6792  kotlin.reflect.jvm.internal.impl.types.TypeSubstitutor
 372:           169           6760  io.grpc.Status
 373:            21           6720  java.util.concurrent.ForkJoinPool$WorkQueue (java.base@21.0.6)
 374:            93           6696  java.net.NetworkInterface (java.base@21.0.6)
 375:           278           6672  java.util.concurrent.atomic.AtomicLong (java.base@21.0.6)
 376:           104           6656  com.aerospike.connect.metrics.AerospikeGauge
 377:            69           6624  jdk.internal.module.ModuleReferenceImpl (java.base@21.0.6)
 378:           118           6608  java.util.logging.Logger$ConfigurationData (java.logging@21.0.6)
 379:           275           6600  java.util.HashMap$KeySet (java.base@21.0.6)
 380:            75           6600  kotlin.reflect.jvm.internal.impl.serialization.deserialization.descriptors.DeserializedMemberScope$OptimizedImplementation
 381:           103           6592  java.security.AccessControlContext (java.base@21.0.6)
 382:           137           6576  io.netty.util.Recycler$LocalPool
 383:           205           6560  java.util.zip.Inflater$InflaterZStreamRef (java.base@21.0.6)
 384:            41           6560  kotlin.reflect.jvm.internal.impl.load.java.lazy.descriptors.LazyJavaClassMemberScope
 385:            68           6528  io.netty.channel.AdaptiveRecvByteBufAllocator$HandleImpl
 386:           201           6432  io.netty.handler.codec.http2.DefaultHttp2Connection$DefaultStream$PropertyMap
 387:           201           6432  io.netty.handler.codec.http2.DefaultHttp2Connection$PropertyKeyRegistry
 388:           201           6432  io.netty.handler.codec.http2.DefaultHttp2RemoteFlowController$WritabilityMonitor
 389:           201           6432  io.netty.handler.codec.http2.HpackHuffmanDecoder
 390:           201           6432  io.netty.handler.codec.http2.HpackHuffmanEncoder$EncodedLengthProcessor
 391:           201           6432  io.netty.handler.codec.http2.Http2FrameLogger
 392:           201           6432  io.netty.handler.codec.http2.Http2InboundFrameLogger
 393:           201           6432  io.netty.handler.codec.http2.Http2OutboundFrameLogger
 394:           134           6432  java.util.concurrent.locks.AbstractQueuedSynchronizer$ConditionNode (java.base@21.0.6)
 395:           266           6384  java.util.Collections$UnmodifiableSet (java.base@21.0.6)
 396:            72           6336  java.lang.Module (java.base@21.0.6)
 397:           258           6192  kotlin.reflect.jvm.internal.KPropertyImpl$$Lambda$0
 398:           257           6168  kotlin.reflect.jvm.internal.impl.serialization.deserialization.descriptors.NonEmptyDeserializedAnnotations
 399:            22           6160  java.util.concurrent.atomic.Striped64$Cell (java.base@21.0.6)
 400:           110           6160  kotlin.reflect.jvm.internal.impl.storage.LockBasedStorageManager$4
 401:            85           6120  jdk.internal.ref.Cleaner (java.base@21.0.6)
 402:           109           6104  sun.reflect.generics.repository.ConstructorRepository (java.base@21.0.6)
 403:           190           6080  jdk.internal.module.ServicesCatalog$ServiceProvider (java.base@21.0.6)
 404:            75           6000  com.fasterxml.jackson.databind.type.SimpleType
 405:           187           5984  java.lang.RuntimePermission (java.base@21.0.6)
 406:           249           5976  jdk.proxy2.$Proxy3 (jdk.proxy2)
 407:            57           5928  javax.management.openmbean.OpenMBeanAttributeInfoSupport (java.management@21.0.6)
 408:           148           5920  io.grpc.netty.WriteBufferingAndExceptionHandler
 409:             1           5896  [Lio.undertow.util.StatusCodes$Entry;
 410:           147           5880  io.netty.handler.codec.http2.HpackEncoder$NameEntry
 411:           122           5856  com.google.inject.internal.ConstructorInjector
 412:           122           5856  org.xnio.SingleOption
 413:           240           5760  java.util.concurrent.locks.ReentrantReadWriteLock$ReadLock (java.base@21.0.6)
 414:           240           5760  java.util.concurrent.locks.ReentrantReadWriteLock$WriteLock (java.base@21.0.6)
 415:            72           5760  kotlin.reflect.jvm.internal.impl.metadata.ProtoBuf$TypeParameter
 416:           180           5760  kotlin.reflect.jvm.internal.impl.types.TypeProjectionImpl
 417:           239           5736  kotlin.reflect.jvm.internal.KProperty1Impl$$Lambda$0
 418:            66           5720  [Ljavax.management.MBeanAttributeInfo; (java.management@21.0.6)
 419:           119           5712  java.util.Collections$UnmodifiableMap (java.base@21.0.6)
 420:            78           5616  java.lang.invoke.MethodHandleImpl$AsVarargsCollector (java.base@21.0.6)
 421:           310           5600  [Lsun.reflect.generics.tree.FormalTypeParameter; (java.base@21.0.6)
 422:           175           5600  kotlin.reflect.jvm.internal.impl.serialization.deserialization.AnnotationDeserializer
 423:           174           5568  io.grpc.internal.AtomicBackoff$State
 424:           174           5568  io.grpc.internal.InternalSubchannel$CallTracingTransport
 425:           174           5568  io.grpc.internal.InternalSubchannel$TransportListener
 426:           174           5568  io.grpc.netty.NettyChannelBuilder$NettyTransportFactory$1
 427:           174           5568  io.grpc.netty.NettyClientHandler$1
 428:           174           5568  io.grpc.netty.NettyClientHandler$2
 429:           174           5568  java.net.InterfaceAddress (java.base@21.0.6)
 430:           174           5568  java.util.zip.ZipFile$Source$Key (java.base@21.0.6)
 431:           230           5520  io.netty.channel.VoidChannelPromise$1
 432:           230           5520  io.netty.channel.epoll.AbstractEpollChannel$AbstractEpollUnsafe$1
 433:           230           5520  io.netty.channel.epoll.LinuxSocket
 434:           172           5504  kotlin.reflect.jvm.internal.impl.serialization.deserialization.MemberDeserializer
 435:            85           5440  java.io.ObjectStreamField (java.base@21.0.6)
 436:           340           5440  java.util.concurrent.atomic.AtomicBoolean (java.base@21.0.6)
 437:           286           5376  [Lsun.reflect.generics.tree.FieldTypeSignature; (java.base@21.0.6)
 438:            95           5320  java.lang.invoke.VarHandle$AccessDescriptor (java.base@21.0.6)
 439:           331           5296  com.google.common.collect.Count
 440:            93           5208  com.sun.management.internal.DiagnosticCommandArgumentInfo (jdk.management@21.0.6)
 441:            65           5200  javax.management.MBeanInfo (java.management@21.0.6)
 442:            65           5200  kotlin.reflect.jvm.internal.impl.serialization.deserialization.descriptors.DeserializedClassDescriptor$DeserializedClassMemberScope
 443:           216           5184  io.netty.channel.epoll.AbstractEpollStreamChannel$1
 444:            24           5184  kotlin.reflect.jvm.internal.impl.serialization.deserialization.descriptors.DeserializedClassConstructorDescriptor
 445:           125           5000  sun.reflect.generics.tree.ClassSignature (java.base@21.0.6)
 446:           104           4992  com.aerospike.client.Key
 447:            89           4984  net.engio.mbassy.subscription.Subscription
 448:            27           4968  kotlin.reflect.jvm.internal.impl.load.java.descriptors.JavaMethodDescriptor
 449:           103           4944  com.google.protobuf.GeneratedMessageV3$FieldAccessorTable
 450:            68           4896  io.grpc.MethodDescriptor
 451:           122           4880  com.google.inject.internal.ConstructorBindingImpl$Factory
 452:           122           4880  com.google.inject.internal.DefaultConstructionProxyFactory$FastClassProxy
 453:            76           4864  sun.reflect.generics.repository.MethodRepository (java.base@21.0.6)
 454:           202           4848  io.grpc.Attributes
 455:           101           4848  javax.management.MBeanAttributeInfo (java.management@21.0.6)
 456:           201           4824  io.grpc.netty.WriteQueue$1
 457:           201           4824  io.netty.handler.codec.http2.DefaultHttp2FrameWriter
 458:           201           4824  io.netty.handler.codec.http2.DefaultHttp2LocalFlowController$1
 459:           201           4824  io.netty.handler.codec.http2.DefaultHttp2RemoteFlowController$1
 460:           201           4824  io.netty.handler.codec.http2.WeightedFairQueueByteDistributor$1
 461:           201           4824  io.netty.util.collection.CharObjectHashMap$1
 462:           201           4824  io.netty.util.collection.CharObjectHashMap$EntrySet
 463:           201           4824  io.netty.util.collection.CharObjectHashMap$KeySet
 464:           201           4824  java.util.WeakHashMap$KeySet (java.base@21.0.6)
 465:            18           4752  [Ljava.lang.invoke.MemberName; (java.base@21.0.6)
 466:            65           4680  kotlin.reflect.jvm.internal.impl.serialization.deserialization.ProtoContainer$Class
 467:           219           4672  [Lcom.sun.jmx.mbeanserver.MXBeanMapping; (java.management@21.0.6)
 468:           146           4672  io.netty.util.internal.LongAdderCounter
 469:           146           4672  java.util.ImmutableCollections$List12 (java.base@21.0.6)
 470:           146           4672  jdk.internal.loader.AbstractClassLoaderValue$Sub (java.base@21.0.6)
 471:            97           4656  [Lcom.google.common.cache.LocalCache$Segment;
 472:            82           4592  io.grpc.internal.CallTracer
 473:            71           4576  [Lcom.fasterxml.jackson.databind.deser.SettableBeanProperty;
 474:            52           4576  io.netty.buffer.PoolThreadCache
 475:            11           4576  kotlin.reflect.jvm.internal.impl.renderer.DescriptorRendererOptionsImpl
 476:            38           4560  io.grpc.netty.NettyChannelBuilder$NettyTransportFactory
 477:           142           4544  sun.reflect.generics.scope.ClassScope (java.base@21.0.6)
 478:            27           4536  io.grpc.netty.NettyServerTransport
 479:           113           4520  java.util.jar.Manifest (java.base@21.0.6)
 480:             8           4480  com.github.benmanes.caffeine.cache.MpscGrowableArrayQueue
 481:            43           4472  org.jvnet.hk2.internal.ClazzCreator
 482:           139           4448  com.google.inject.internal.ConstructionContext
 483:           139           4448  com.google.inject.internal.InternalFactoryToProviderAdapter
 484:           139           4448  com.google.inject.internal.ProviderToInternalFactoryAdapter
 485:            25           4400  com.fasterxml.jackson.databind.deser.BeanDeserializer
 486:            50           4400  java.lang.invoke.BoundMethodHandle$Species_LLLLL (java.base@21.0.6)
 487:            39           4368  java.util.concurrent.ThreadPoolExecutor (java.base@21.0.6)
 488:           109           4360  com.google.common.base.Stopwatch
 489:           136           4352  io.grpc.protobuf.lite.ProtoLiteUtils$MessageMarshaller
 490:           157           4336  [Lcom.fasterxml.jackson.databind.JavaType;
 491:            60           4320  kotlinx.coroutines.internal.DispatchedContinuation
 492:            54           4320  mu.internal.LocationAwareKLogger
 493:            67           4288  com.google.common.cache.LocalCache$WeakEntry
 494:           178           4272  java.util.Arrays$ArrayList (java.base@21.0.6)
 495:            89           4272  net.engio.mbassy.common.WeakConcurrentSet
 496:            66           4224  java.lang.invoke.DirectMethodHandle$Special (java.base@21.0.6)
 497:           174           4176  io.grpc.internal.CallCredentialsApplyingTransportFactory$CallCredentialsApplyingTransport$1
 498:           174           4176  io.grpc.internal.InternalSubchannel$TransportLogger
 499:           174           4176  io.grpc.netty.NettyClientHandler$FrameListener
 500:           174           4176  io.grpc.netty.NettyClientHandler$PingCountingFrameWriter
 501:           174           4176  io.netty.handler.codec.http2.StreamBufferingEncoder$1
 502:           174           4176  sun.nio.fs.UnixFileAttributes$UnixAsBasicFileAttributes (java.base@21.0.6)
 503:            65           4160  kotlin.reflect.jvm.internal.impl.serialization.deserialization.descriptors.DeserializedClassDescriptor$memberScopeHolder$1
 504:            86           4128  kotlin.reflect.jvm.internal.impl.descriptors.ScopesHolderForClass
 505:           172           4128  kotlin.reflect.jvm.internal.impl.serialization.deserialization.TypeDeserializer$$Lambda$0
 506:           172           4128  kotlin.reflect.jvm.internal.impl.serialization.deserialization.TypeDeserializer$$Lambda$1
 507:             1           4112  [Lio.netty.handler.codec.http2.HpackStaticTable$HeaderNameIndex;
 508:            16           4096  [Lio.netty.buffer.IntPriorityQueue;
 509:           256           4096  java.lang.Byte (java.base@21.0.6)
 510:           256           4096  java.lang.Short (java.base@21.0.6)
 511:            64           4096  java.lang.ref.Finalizer (java.base@21.0.6)
 512:            34           4080  com.fasterxml.jackson.databind.introspect.AnnotatedClass
 513:           102           4080  net.engio.mbassy.common.WeakConcurrentSet$WeakEntry
 514:           127           4064  java.security.Permissions (java.base@21.0.6)
 515:            63           4032  java.lang.invoke.DirectMethodHandle$Interface (java.base@21.0.6)
 516:           167           4008  java.util.concurrent.atomic.AtomicReference (java.base@21.0.6)
 517:           100           4000  com.aerospike.vector.storage.StorageRecord
 518:           123           3936  sun.security.util.LazyCodeSourcePermissionCollection (java.base@21.0.6)
 519:           122           3904  com.google.inject.internal.aop.AbstractGlueGenerator$$Lambda/0x00007fea3c117000
 520:            44           3872  kotlin.reflect.jvm.internal.KProperty1Impl$Getter
 521:            23           3864  com.fasterxml.jackson.module.kotlin.KotlinValueInstantiator
 522:           161           3864  jdk.proxy2.$Proxy10 (jdk.proxy2)
 523:            21           3864  kotlin.reflect.jvm.internal.impl.load.java.lazy.descriptors.LazyJavaClassDescriptor
 524:            80           3840  io.grpc.internal.ChannelTracer
 525:           240           3840  java.util.concurrent.locks.ReentrantReadWriteLock$Sync$ThreadLocalHoldCounter (java.base@21.0.6)
 526:            47           3760  kotlin.reflect.jvm.internal.impl.load.kotlin.header.KotlinClassHeader
 527:           103           3736  [Lcom.google.protobuf.GeneratedMessageV3$FieldAccessorTable$FieldAccessor;
 528:           116           3712  java.security.BasicPermissionCollection (java.base@21.0.6)
 529:            58           3712  org.jvnet.hk2.internal.ServiceLocatorImpl$IgdCacheKey
 530:           154           3696  java.util.ImmutableCollections$SetN (java.base@21.0.6)
 531:            77           3696  sun.reflect.generics.reflectiveObjects.TypeVariableImpl (java.base@21.0.6)
 532:            38           3648  io.grpc.internal.DelayedClientTransport
 533:           150           3600  kotlin.reflect.jvm.internal.KParameterImpl$$Lambda$0
 534:            89           3560  net.engio.mbassy.dispatch.FilteredMessageDispatcher
 535:            89           3560  net.engio.mbassy.subscription.SubscriptionContext
 536:           148           3552  io.grpc.netty.ProtocolNegotiators$GrpcNegotiationHandler
 537:           148           3552  io.netty.handler.codec.http2.DefaultHttp2ConnectionDecoder$PrefaceFrameListener
 538:           134           3528  [Lkotlin.reflect.jvm.internal.impl.descriptors.TypeParameterDescriptor;
 539:            55           3520  com.google.protobuf.Descriptors$OneofDescriptor
 540:            44           3520  com.google.protobuf.GeneratedMessageV3$FieldAccessorTable$SingularFieldAccessor$ReflectionInvoker
 541:           109           3488  sun.reflect.generics.scope.ConstructorScope (java.base@21.0.6)
 542:             6           3456  com.aerospike.vector.index.metrics.PerIndexMetrics
 543:            36           3456  com.fasterxml.jackson.databind.type.MapType
 544:           143           3432  kotlin.reflect.jvm.internal.KCallableImpl$$Lambda$8
 545:            53           3392  sun.security.util.NamedCurve (java.base@21.0.6)
 546:            47           3384  com.sun.management.internal.DiagnosticCommandInfo (jdk.management@21.0.6)
 547:            47           3384  java.util.concurrent.LinkedBlockingQueue (java.base@21.0.6)
 548:            42           3360  io.grpc.internal.ManagedChannelImpl$SubchannelImpl
 549:            84           3360  kotlin.reflect.jvm.internal.impl.types.error.ErrorTypeKind
 550:            38           3344  com.google.inject.internal.InternalProviderInstanceBindingImpl
 551:            38           3344  io.grpc.NameResolver$Args
 552:            23           3312  com.fasterxml.jackson.databind.util.internal.PrivateMaxEntriesMap
 553:            18           3312  io.netty.util.concurrent.FastThreadLocalThread
 554:           138           3312  jdk.proxy2.$Proxy11 (jdk.proxy2)
 555:            69           3312  kotlin.reflect.jvm.internal.impl.metadata.ProtoBuf$EnumEntry
 556:            59           3304  kotlin.reflect.jvm.internal.impl.types.TypeParameterUpperBoundEraser
 557:           103           3296  [[C (java.base@21.0.6)
 558:            68           3264  java.lang.invoke.LambdaForm$Kind (java.base@21.0.6)
 559:            24           3264  kotlin.reflect.jvm.internal.impl.load.java.lazy.descriptors.LazyJavaPackageScope
 560:            37           3256  com.fasterxml.jackson.databind.type.CollectionType
 561:            14           3248  org.glassfish.hk2.internal.ActiveDescriptorBuilderImpl$BuiltActiveDescriptor
 562:            58           3248  org.glassfish.hk2.utilities.general.internal.DoubleNode
 563:            58           3248  org.jvnet.hk2.internal.CacheKey
 564:            45           3240  com.google.protobuf.DescriptorProtos$MethodDescriptorProto
 565:            67           3216  com.aerospike.vector.heartbeat.Heartbeat$SocketEndpoint
 566:           134           3216  kotlin.reflect.jvm.internal.impl.resolve.scopes.SubstitutingScope$$Lambda$0
 567:           134           3216  kotlin.reflect.jvm.internal.impl.resolve.scopes.SubstitutingScope$$Lambda$1
 568:            67           3216  sun.reflect.annotation.AnnotationType (java.base@21.0.6)
 569:           100           3200  com.aerospike.vector.storage.AerospikeStorageRecordId
 570:           132           3168  kotlin.reflect.jvm.internal.impl.metadata.deserialization.TypeTable
 571:            56           3136  com.google.protobuf.DescriptorProtos$OneofDescriptorProto
 572:            39           3120  com.google.common.collect.SingletonImmutableBiMap
 573:            39           3120  com.google.inject.internal.InstanceBindingImpl
 574:            65           3120  kotlin.reflect.jvm.internal.impl.serialization.deserialization.descriptors.DeserializedClassDescriptor$DeserializedClassTypeConstructor
 575:            78           3120  org.glassfish.hk2.utilities.cache.Cache$OriginThreadAwareFuture
 576:            43           3096  org.jvnet.hk2.internal.ServiceHandleImpl
 577:            77           3080  com.fasterxml.jackson.databind.type.TypeBindings
 578:            95           3072  [Ljavax.management.ObjectName$Property; (java.management@21.0.6)
 579:           128           3072  jdk.proxy2.$Proxy32 (jdk.proxy2)
 580:            24           3072  kotlin.reflect.jvm.internal.impl.load.java.lazy.descriptors.LazyJavaPackageFragment
 581:             1           3040  [Ljava.lang.Character$UnicodeBlock; (java.base@21.0.6)
 582:            76           3040  io.grpc.internal.CallCredentialsApplyingTransportFactory
 583:            95           3040  java.util.concurrent.ConcurrentHashMap$KeySetView (java.base@21.0.6)
 584:            25           3000  sun.net.www.protocol.jar.URLJarFile (java.base@21.0.6)
 585:            62           2976  com.google.inject.internal.Errors
 586:           124           2976  java.security.SecureClassLoader$CodeSourceKey (java.base@21.0.6)
 587:            62           2976  jdk.internal.loader.BuiltinClassLoader$LoadedModule (java.base@21.0.6)
 588:            96           2952  [Ljava.net.InetAddress; (java.base@21.0.6)
 589:           123           2952  org.jvnet.hk2.internal.IndexedListData
 590:            46           2944  com.aerospike.flow.CancellableFlow$tickerFlow$1
 591:            23           2944  com.google.inject.internal.InjectorBindingData
 592:           125           2928  [Lsun.reflect.generics.tree.ClassTypeSignature; (java.base@21.0.6)
 593:           122           2928  com.google.inject.internal.aop.ImmutableStringTrie
 594:           144           2920  [Ljava.lang.annotation.Annotation; (java.base@21.0.6)
 595:             2           2912  [[B (java.base@21.0.6)
 596:            93           2880  [Ljava.net.InterfaceAddress; (java.base@21.0.6)
 597:            45           2880  com.google.protobuf.DescriptorProtos$MethodOptions
 598:            72           2880  java.util.concurrent.CountDownLatch$Sync (java.base@21.0.6)
 599:            60           2880  kotlin.reflect.jvm.internal.impl.load.java.typeEnhancement.PredefinedFunctionEnhancementInfo
 600:            90           2880  org.glassfish.hk2.utilities.reflection.ParameterizedTypeImpl
 601:            12           2848  [Lcom.github.benmanes.caffeine.cache.Node;
 602:            89           2848  java.util.UUID (java.base@21.0.6)
 603:            89           2848  java.util.regex.Pattern$GroupHead (java.base@21.0.6)
 604:            89           2848  java.util.regex.Pattern$GroupTail (java.base@21.0.6)
 605:            89           2848  net.engio.mbassy.dispatch.MessageDispatcher
 606:            59           2832  kotlin.reflect.jvm.internal.impl.load.java.lazy.LazyJavaResolverContext
 607:            59           2832  kotlin.reflect.jvm.internal.impl.load.java.lazy.types.JavaTypeResolver
 608:            44           2816  com.google.protobuf.Descriptors$MethodDescriptor
 609:            16           2816  io.netty.buffer.PoolArena$HeapArena
 610:            88           2816  java.util.Collections$UnmodifiableList (java.base@21.0.6)
 611:            27           2808  org.glassfish.jersey.server.model.ResourceMethodInvoker
 612:            10           2800  java.util.concurrent.ConcurrentHashMap$CounterCell (java.base@21.0.6)
 613:            12           2784  org.jvnet.hk2.internal.ConstantActiveDescriptor
 614:            58           2784  org.jvnet.hk2.internal.ServiceLocatorImpl$IgdValue
 615:            69           2760  com.google.inject.internal.InternalFactoryToInitializableAdapter
 616:            86           2752  java.lang.ThreadLocal$ThreadLocalMap (java.base@21.0.6)
 617:            86           2752  org.glassfish.hk2.utilities.reflection.internal.ClassReflectionHelperImpl$LifecycleKey
 618:           114           2736  com.google.inject.name.NamedImpl
 619:            57           2736  io.netty.handler.codec.http.HttpResponseStatus
 620:            68           2720  io.netty.channel.epoll.EpollRecvByteAllocatorStreamingHandle
 621:            85           2720  java.nio.DirectByteBuffer$Deallocator (java.base@21.0.6)
 622:            68           2720  kotlin.reflect.jvm.internal.impl.load.java.lazy.LazyJavaAnnotations
 623:            16           2688  io.netty.buffer.PoolArena$DirectArena
 624:            48           2688  kotlin.reflect.jvm.internal.impl.metadata.jvm.JvmProtoBuf$StringTableTypes
 625:            24           2688  org.glassfish.jersey.internal.guava.LocalCache$Segment
 626:            24           2688  sun.security.ec.SunEC$ProviderServiceA (jdk.crypto.ec@21.0.6)
 627:            83           2656  kotlin.reflect.jvm.internal.KClassImpl
 628:           110           2640  java.lang.reflect.Executable$ParameterData (java.base@21.0.6)
 629:            66           2640  java.util.concurrent.ConcurrentSkipListMap$Node (java.base@21.0.6)
 630:            47           2632  com.sun.management.internal.DiagnosticCommandImpl$Wrapper (jdk.management@21.0.6)
 631:            47           2632  jdk.internal.vm.SharedThreadContainer (java.base@21.0.6)
 632:            41           2624  javax.management.MBeanOperationInfo (java.management@21.0.6)
 633:            54           2592  com.codahale.metrics.EWMA
 634:            27           2592  io.grpc.internal.KeepAliveManager
 635:            36           2592  java.lang.invoke.BoundMethodHandle$Species_LLJ (java.base@21.0.6)
 636:            46           2576  com.fasterxml.jackson.databind.introspect.AnnotatedConstructor
 637:            23           2576  com.google.inject.internal.ProviderMethod$FastClassProviderMethod
 638:            14           2576  io.netty.channel.epoll.EpollServerSocketChannel
 639:            80           2560  io.grpc.internal.ChannelLoggerImpl
 640:            80           2560  sun.reflect.generics.tree.FormalTypeParameter (java.base@21.0.6)
 641:            29           2552  io.grpc.internal.ManagedChannelOrphanWrapper$ManagedChannelReference
 642:            29           2552  java.util.concurrent.ConcurrentSkipListMap (java.base@21.0.6)
 643:            53           2544  java.security.spec.EllipticCurve (java.base@21.0.6)
 644:            53           2544  kotlin.reflect.jvm.internal.impl.metadata.jvm.deserialization.JvmMetadataVersion
 645:            16           2536  [Ljava.lang.Byte; (java.base@21.0.6)
 646:            79           2528  java.lang.invoke.Invokers (java.base@21.0.6)
 647:            21           2520  kotlin.reflect.jvm.internal.impl.load.java.lazy.descriptors.LazyJavaStaticClassScope
 648:            63           2520  kotlin.reflect.jvm.internal.impl.storage.LockBasedStorageManager
 649:            78           2496  [Lio.netty.util.concurrent.GenericFutureListener;
 650:            78           2496  io.netty.util.concurrent.DefaultFutureListeners
 651:            13           2496  java.util.concurrent.ForkJoinWorkerThread (java.base@21.0.6)
 652:            78           2496  java.util.regex.Pattern$Slice (java.base@21.0.6)
 653:           103           2472  kotlin.reflect.jvm.internal.impl.types.AbstractTypeConstructor$$Lambda$0
 654:           103           2472  kotlin.reflect.jvm.internal.impl.types.AbstractTypeConstructor$$Lambda$2
 655:           102           2448  com.aerospike.connect.metrics.TickerPriority
 656:           102           2448  io.netty.channel.unix.FileDescriptor
 657:           102           2448  java.util.Collections$UnmodifiableCollection (java.base@21.0.6)
 658:           102           2448  jdk.proxy2.$Proxy37 (jdk.proxy2)
 659:            61           2440  java.util.regex.Pattern$Branch (java.base@21.0.6)
 660:            76           2432  com.fasterxml.jackson.databind.type.TypeBindings$AsKey
 661:            76           2432  io.grpc.internal.ManagedChannelImpl$ExecutorHolder
 662:            38           2432  io.grpc.internal.Rescheduler
 663:            76           2432  sun.reflect.generics.scope.MethodScope (java.base@21.0.6)
 664:            61           2400  [Ljava.util.regex.Pattern$Node; (java.base@21.0.6)
 665:            75           2400  kotlin.reflect.jvm.internal.impl.serialization.deserialization.descriptors.DeserializedMemberScope$OptimizedImplementation$$Lambda$3
 666:            75           2400  kotlin.reflect.jvm.internal.impl.serialization.deserialization.descriptors.DeserializedMemberScope$OptimizedImplementation$$Lambda$4
 667:            97           2328  javax.management.ObjectName$Property (java.management@21.0.6)
 668:            58           2320  org.jvnet.hk2.internal.NarrowResults
 669:            58           2320  org.jvnet.hk2.internal.ServiceLocatorImpl$UnqualifiedIndexedFilter
 670:            16           2304  [Lio.netty.handler.codec.CodecOutputList;
 671:            36           2304  java.lang.invoke.VarHandleReferences$FieldInstanceReadWrite (java.base@21.0.6)
 672:            48           2304  javax.management.ObjectName (java.management@21.0.6)
 673:            57           2280  kotlin.reflect.jvm.internal.impl.types.FlexibleTypeImpl
 674:            94           2256  com.google.inject.internal.Initializables$1
 675:            94           2256  jdk.proxy2.$Proxy22 (jdk.proxy2)
 676:            47           2256  kotlin.reflect.jvm.internal.impl.metadata.jvm.deserialization.JvmNameResolver
 677:            35           2240  com.sun.jmx.mbeanserver.MXBeanSupport (java.management@21.0.6)
 678:            28           2240  org.jvnet.hk2.internal.SystemInjecteeImpl
 679:             1           2208  [Lsun.security.util.KnownOIDs; (java.base@21.0.6)
 680:            23           2208  com.google.inject.internal.InjectorImpl
 681:            69           2208  jdk.internal.module.SystemModuleFinders$2 (java.base@21.0.6)
 682:            92           2208  kotlin.reflect.jvm.internal.impl.descriptors.impl.AbstractClassDescriptor$1
 683:            92           2208  kotlin.reflect.jvm.internal.impl.descriptors.impl.AbstractClassDescriptor$2
 684:            92           2208  kotlin.reflect.jvm.internal.impl.descriptors.impl.AbstractClassDescriptor$3
 685:            68           2176  io.grpc.ServerMethodDefinition
 686:            16           2176  io.netty.buffer.PoolChunk
 687:            68           2176  kotlin.reflect.jvm.internal.impl.load.java.lazy.descriptors.LazyJavaPackageScope$FindClassRequest
 688:            30           2160  java.time.temporal.ChronoField (java.base@21.0.6)
 689:            90           2160  java.util.regex.Pattern$$Lambda/0x80000002a (java.base@21.0.6)
 690:            45           2160  java.util.regex.Pattern$BnM (java.base@21.0.6)
 691:            90           2160  kotlin.reflect.jvm.internal.impl.load.java.typeEnhancement.TypeEnhancementInfo
 692:            30           2160  org.glassfish.hk2.utilities.InjecteeImpl
 693:            27           2160  org.glassfish.jersey.server.model.Invocable
 694:            27           2160  org.glassfish.jersey.server.model.ResourceMethod$Data
 695:            89           2136  net.engio.mbassy.dispatch.ReflectiveHandlerInvocation
 696:            66           2112  kotlin.coroutines.CombinedContext
 697:           103           2088  [Lcom.google.protobuf.GeneratedMessageV3$FieldAccessorTable$OneofAccessor;
 698:            29           2088  org.glassfish.jersey.uri.PathTemplate
 699:           130           2080  [Ljava.security.Principal; (java.base@21.0.6)
 700:            52           2080  io.netty.buffer.PoolThreadCache$NormalMemoryRegionCache
 701:           130           2080  java.security.ProtectionDomain$Key (java.base@21.0.6)
 702:            65           2080  kotlin.reflect.jvm.internal.impl.serialization.deserialization.ClassDeserializer$ClassKey
 703:             1           2064  [Ljava.lang.Integer; (java.base@21.0.6)
 704:             1           2064  [Ljava.lang.Long; (java.base@21.0.6)
 705:             1           2064  [Ljava.lang.Short; (java.base@21.0.6)
 706:            43           2064  jakarta.ws.rs.core.Response$Status
 707:            43           2064  java.util.PropertyPermission (java.base@21.0.6)
 708:            86           2064  kotlin.reflect.jvm.internal.impl.descriptors.ScopesHolderForClass$$Lambda$0
 709:            86           2064  kotlin.reflect.jvm.internal.impl.load.java.lazy.descriptors.LazyJavaScope$$Lambda$0
 710:            86           2064  kotlin.reflect.jvm.internal.impl.load.java.lazy.descriptors.LazyJavaScope$$Lambda$1
 711:            86           2064  kotlin.reflect.jvm.internal.impl.load.java.lazy.descriptors.LazyJavaScope$$Lambda$2
 712:            86           2064  kotlin.reflect.jvm.internal.impl.load.java.lazy.descriptors.LazyJavaScope$$Lambda$3
 713:            86           2064  kotlin.reflect.jvm.internal.impl.load.java.lazy.descriptors.LazyJavaScope$$Lambda$4
 714:            86           2064  kotlin.reflect.jvm.internal.impl.load.java.lazy.descriptors.LazyJavaScope$$Lambda$5
 715:            86           2064  kotlin.reflect.jvm.internal.impl.load.java.lazy.descriptors.LazyJavaScope$$Lambda$6
 716:            86           2064  kotlin.reflect.jvm.internal.impl.load.java.lazy.descriptors.LazyJavaScope$$Lambda$7
 717:            86           2064  kotlin.reflect.jvm.internal.impl.load.java.lazy.descriptors.LazyJavaScope$$Lambda$8
 718:            16           2048  com.fasterxml.jackson.databind.deser.std.MapDeserializer
 719:           128           2048  java.lang.Character (java.base@21.0.6)
 720:            85           2040  sun.reflect.generics.tree.TypeVariableSignature (java.base@21.0.6)
 721:            18           2016  com.aerospike.vector.client.proto.IndexDefinition
 722:            42           2016  io.grpc.internal.AutoConfiguredLoadBalancerFactory$AutoConfiguredLoadBalancer
 723:            84           2016  io.grpc.internal.FixedObjectPool
 724:            63           2016  java.lang.module.ModuleDescriptor$Provides (java.base@21.0.6)
 725:            63           2016  java.lang.module.ResolvedModule (java.base@21.0.6)
 726:            42           2016  javax.management.MBeanParameterInfo (java.management@21.0.6)
 727:            18           2016  sun.security.ec.SunEC$ProviderService (jdk.crypto.ec@21.0.6)
 728:            82           1968  java.util.Collections$SingletonSet (java.base@21.0.6)
 729:            41           1968  kotlin.reflect.jvm.internal.impl.descriptors.impl.LazyClassReceiverParameterDescriptor
 730:             5           1960  java.util.concurrent.ForkJoinPool (java.base@21.0.6)
 731:            61           1952  jdk.internal.module.ModuleReferenceImpl$CachedHash (java.base@21.0.6)
 732:            60           1920  com.google.inject.internal.ErrorId
 733:            40           1920  io.netty.util.concurrent.DefaultPromise
 734:            48           1920  java.util.concurrent.ConcurrentSkipListMap$Index (java.base@21.0.6)
 735:            51           1912  [Ljavax.management.MBeanOperationInfo; (java.management@21.0.6)
 736:            75           1904  [Ljava.lang.reflect.TypeVariable; (java.base@21.0.6)
 737:            59           1888  kotlin.reflect.jvm.internal.impl.types.AbstractTypeConstructor$Supertypes
 738:            47           1880  kotlin.reflect.jvm.internal.impl.load.kotlin.KotlinJvmBinarySourceElement
 739:            26           1872  com.codahale.metrics.ExponentiallyDecayingReservoir
 740:            39           1872  kotlin.reflect.jvm.internal.impl.serialization.deserialization.ClassData
 741:            58           1856  org.jvnet.hk2.internal.ImmediateResults
 742:            77           1848  java.util.regex.Pattern$BitClass (java.base@21.0.6)
 743:            38           1824  io.grpc.internal.ManagedChannelImpl$RealChannel
 744:            38           1824  io.grpc.internal.ManagedChannelImpl$UncommittedRetriableStreamsRegistry
 745:            57           1824  org.glassfish.hk2.utilities.ContextualInput
 746:            49           1800  [Ljava.lang.annotation.ElementType; (java.base@21.0.6)
 747:            25           1800  com.fasterxml.jackson.databind.deser.impl.BeanPropertyMap
 748:            75           1800  kotlin.reflect.jvm.internal.impl.serialization.deserialization.descriptors.DeserializedMemberScope$$Lambda$0
 749:            75           1800  kotlin.reflect.jvm.internal.impl.serialization.deserialization.descriptors.DeserializedMemberScope$$Lambda$1
 750:            75           1800  kotlin.reflect.jvm.internal.impl.serialization.deserialization.descriptors.DeserializedMemberScope$OptimizedImplementation$$Lambda$0
 751:            75           1800  kotlin.reflect.jvm.internal.impl.serialization.deserialization.descriptors.DeserializedMemberScope$OptimizedImplementation$$Lambda$1
 752:            75           1800  kotlin.reflect.jvm.internal.impl.serialization.deserialization.descriptors.DeserializedMemberScope$OptimizedImplementation$$Lambda$2
 753:            28           1792  kotlinx.coroutines.CancellableContinuationImpl
 754:            74           1776  com.google.common.cache.LocalCache$LocalLoadingCache
 755:            37           1776  io.grpc.NameResolverRegistry
 756:            33           1768  [Lcom.fasterxml.jackson.databind.introspect.AnnotationMap;
 757:            44           1760  com.google.inject.spi.ModuleSource
 758:            44           1760  net.engio.mbassy.listener.MessageListener
 759:            18           1728  com.aerospike.vector.client.proto.HnswParams
 760:            36           1728  com.sun.jmx.mbeanserver.WeakIdentityHashMap$IdentityWeakReference (java.management@21.0.6)
 761:            36           1728  io.grpc.LoadBalancer$PickResult
 762:            27           1728  io.netty.channel.DefaultChannelPromise
 763:            54           1728  java.security.spec.ECPoint (java.base@21.0.6)
 764:             8           1728  java.text.DecimalFormat (java.base@21.0.6)
 765:            72           1728  java.util.concurrent.CountDownLatch (java.base@21.0.6)
 766:            36           1728  kotlin.reflect.jvm.internal.calls.CallerImpl$Constructor
 767:            72           1728  kotlin.reflect.jvm.internal.impl.descriptors.impl.AbstractClassDescriptor$1$1
 768:            24           1728  org.glassfish.jersey.server.model.Parameter
 769:            43           1720  com.google.inject.internal.InjectorImpl$1
 770:            34           1712  [Ljava.time.format.DateTimeFormatterBuilder$DateTimePrinterParser; (java.base@21.0.6)
 771:            40           1704  [Ljava.math.BigInteger; (java.base@21.0.6)
 772:            71           1704  io.netty.channel.DefaultMaxMessagesRecvByteBufAllocator$MaxMessageHandle$1
 773:            71           1704  io.netty.channel.epoll.EpollRecvByteAllocatorHandle$1
 774:            71           1704  io.netty.channel.unix.PreferredDirectByteBufAllocator
 775:            53           1696  io.netty.handler.codec.http2.Http2ConnectionHandler$FrameDecoder
 776:            53           1696  java.util.regex.Pattern$BmpCharPropertyGreedy (java.base@21.0.6)
 777:            70           1680  com.google.common.collect.AbstractMultiset$ElementSet
 778:            70           1680  com.google.common.collect.AbstractMultiset$EntrySet
 779:            42           1680  io.grpc.LoadBalancer$CreateSubchannelArgs
 780:            42           1680  io.grpc.internal.PickFirstLoadBalancer
 781:            30           1680  java.lang.RuntimeException (java.base@21.0.6)
 782:            42           1680  java.time.format.DateTimeFormatterBuilder$NumberPrinterParser (java.base@21.0.6)
 783:            19           1672  java.lang.invoke.BoundMethodHandle$SpeciesData (java.base@21.0.6)
 784:            52           1664  io.netty.handler.codec.http2.HpackStaticTable$HeaderNameIndex
 785:            16           1664  javax.management.openmbean.OpenMBeanParameterInfoSupport (java.management@21.0.6)
 786:            26           1664  kotlin.reflect.jvm.internal.impl.protobuf.GeneratedMessageLite$GeneratedExtension
 787:            23           1656  com.aerospike.connect.metrics.AerospikeCounter
 788:            23           1656  com.google.common.collect.ArrayListMultimap
 789:            23           1656  kotlinx.coroutines.flow.internal.SafeCollector
 790:            41           1640  kotlin.reflect.jvm.internal.impl.resolve.scopes.receivers.ImplicitClassReceiver
 791:            68           1632  io.grpc.stub.ServerCalls$UnaryServerCallHandler
 792:            34           1632  java.util.concurrent.atomic.AtomicReferenceFieldUpdater$AtomicReferenceFieldUpdaterImpl (java.base@21.0.6)
 793:           102           1632  java.util.regex.Pattern$$Lambda/0x800000029 (java.base@21.0.6)
 794:            34           1632  kotlin.reflect.jvm.internal.calls.CallerImpl$Method$Instance
 795:            68           1632  kotlin.reflect.jvm.internal.impl.load.java.lazy.LazyJavaAnnotations$$Lambda$0
 796:            29           1624  com.aerospike.vector.client.proto.HnswCachingParams
 797:            29           1624  io.grpc.internal.BackoffPolicyRetryScheduler
 798:            50           1600  io.netty.channel.ChannelOption
 799:            40           1600  java.util.concurrent.atomic.AtomicIntegerFieldUpdater$AtomicIntegerFieldUpdaterImpl (java.base@21.0.6)
 800:            20           1600  javax.management.openmbean.ArrayType (java.management@21.0.6)
 801:            22           1584  java.time.format.DateTimeFormatter (java.base@21.0.6)
 802:            33           1584  java.time.temporal.ValueRange (java.base@21.0.6)
 803:            22           1584  kotlin.reflect.jvm.internal.impl.descriptors.impl.LazyPackageViewDescriptorImpl
 804:            15           1560  com.google.inject.internal.ProviderMethod$ReflectionProviderMethod
 805:            39           1560  jakarta.ws.rs.core.MediaType
 806:            39           1560  java.util.concurrent.Executors$DefaultThreadFactory (java.base@21.0.6)
 807:            65           1560  jdk.internal.module.SystemModuleFinders$3 (java.base@21.0.6)
 808:            65           1560  kotlin.reflect.jvm.internal.impl.serialization.deserialization.descriptors.DeserializedClassDescriptor$$Lambda$0
 809:            65           1560  kotlin.reflect.jvm.internal.impl.serialization.deserialization.descriptors.DeserializedClassDescriptor$$Lambda$1
 810:            65           1560  kotlin.reflect.jvm.internal.impl.serialization.deserialization.descriptors.DeserializedClassDescriptor$$Lambda$2
 811:            65           1560  kotlin.reflect.jvm.internal.impl.serialization.deserialization.descriptors.DeserializedClassDescriptor$$Lambda$3
 812:            65           1560  kotlin.reflect.jvm.internal.impl.serialization.deserialization.descriptors.DeserializedClassDescriptor$$Lambda$4
 813:            65           1560  kotlin.reflect.jvm.internal.impl.serialization.deserialization.descriptors.DeserializedClassDescriptor$DeserializedClassMemberScope$$Lambda$0
 814:            65           1560  kotlin.reflect.jvm.internal.impl.serialization.deserialization.descriptors.DeserializedClassDescriptor$DeserializedClassMemberScope$$Lambda$1
 815:            65           1560  kotlin.reflect.jvm.internal.impl.serialization.deserialization.descriptors.DeserializedClassDescriptor$DeserializedClassMemberScope$$Lambda$2
 816:            65           1560  kotlin.reflect.jvm.internal.impl.serialization.deserialization.descriptors.DeserializedClassDescriptor$DeserializedClassTypeConstructor$$Lambda$0
 817:            39           1560  org.glassfish.jersey.internal.util.collection.Cache$OriginThreadAwareFuture
 818:            32           1536  java.math.BigDecimal (java.base@21.0.6)
 819:            64           1536  java.util.ImmutableCollections$ListN (java.base@21.0.6)
 820:            19           1520  com.google.inject.assistedinject.FactoryProvider2$AssistData
 821:            38           1520  io.grpc.SynchronizationContext
 822:            27           1512  io.grpc.internal.KeepAliveEnforcer
 823:            27           1512  io.grpc.netty.Http2ControlFrameLimitEncoder
 824:            63           1512  jdk.internal.module.SystemModuleFinders$SystemModuleReader (java.base@21.0.6)
 825:            63           1512  kotlin.reflect.jvm.internal.impl.storage.DefaultSimpleLock
 826:            27           1512  kotlinx.coroutines.ChildHandleNode
 827:            47           1504  java.util.concurrent.LinkedBlockingQueue$Node (java.base@21.0.6)
 828:            47           1504  kotlin.reflect.jvm.internal.impl.descriptors.runtime.components.ReflectKotlinClass
 829:            47           1496  [Lcom.sun.management.internal.DiagnosticCommandArgumentInfo; (jdk.management@21.0.6)
 830:            93           1488  [Ljava.net.NetworkInterface; (java.base@21.0.6)
 831:            31           1488  java.lang.invoke.VarHandle$AccessMode (java.base@21.0.6)
 832:            31           1488  kotlin.reflect.jvm.internal.impl.descriptors.impl.ReceiverParameterDescriptorImpl
 833:             5           1480  com.github.benmanes.caffeine.cache.SSW
 834:            23           1472  com.aerospike.flow.CancellableFlow$job$1
 835:            46           1472  kotlin.UnsafeLazyImpl
 836:            23           1472  kotlinx.coroutines.flow.AbstractFlow$collect$1
 837:            61           1464  io.grpc.internal.LogExceptionRunnable
 838:            61           1464  java.util.regex.Pattern$BranchConn (java.base@21.0.6)
 839:            26           1456  com.google.protobuf.DescriptorProtos$EnumValueDescriptorProto
 840:            26           1456  java.util.ResourceBundle$KeyElementReference (java.base@21.0.6)
 841:            13           1456  org.jcp.xml.dsig.internal.dom.XMLDSigRI$ProviderService (java.xml.crypto@21.0.6)
 842:            30           1440  org.glassfish.jersey.model.ContractProvider
 843:            18           1440  org.glassfish.jersey.server.model.Resource$Data
 844:            30           1440  org.glassfish.jersey.uri.PathPattern
 845:            45           1440  org.jvnet.hk2.internal.ClazzCreator$ResolutionInfo
 846:            89           1424  [Lnet.engio.mbassy.listener.IMessageFilter;
 847:            44           1416  [Lnet.engio.mbassy.subscription.Subscription;
 848:            59           1416  kotlin.reflect.jvm.internal.impl.types.TypeParameterUpperBoundEraser$$Lambda$0
 849:            59           1416  kotlin.reflect.jvm.internal.impl.types.TypeParameterUpperBoundEraser$$Lambda$1
 850:            22           1408  com.aerospike.vector.client.proto.HnswHealerParams
 851:            44           1408  com.sun.jmx.mbeanserver.PerInterface$MethodAndSig (java.management@21.0.6)
 852:            44           1408  java.util.regex.Pattern$CharPropertyGreedy (java.base@21.0.6)
 853:            25           1400  ch.qos.logback.core.status.InfoStatus
 854:            25           1400  kotlinx.coroutines.ChildContinuation
 855:            29           1392  io.grpc.internal.RetryingNameResolver
 856:            58           1392  org.glassfish.hk2.utilities.cache.internal.WeakCARCacheImpl$CarValue
 857:            43           1376  java.lang.management.ManagementPermission (java.management@21.0.6)
 858:            23           1368  [Ljava.lang.invoke.MethodType; (java.base@21.0.6)
 859:             9           1368  com.google.protobuf.DescriptorProtos$FileOptions
 860:            34           1360  com.fasterxml.jackson.databind.MapperFeature
 861:            28           1352  [Lkotlin.reflect.KProperty;
 862:            13           1352  java.util.ResourceBundle$CacheKey (java.base@21.0.6)
 863:            42           1344  io.grpc.ConnectivityStateInfo
 864:            42           1344  io.grpc.internal.InternalSubchannel$1
 865:            42           1344  io.grpc.internal.InternalSubchannel$Index
 866:            42           1344  io.grpc.internal.ManagedChannelImpl$LbHelperImpl
 867:            42           1344  io.grpc.internal.ManagedChannelImpl$SubchannelImpl$1ManagedInternalSubchannelCallback
 868:            42           1344  io.grpc.internal.PickFirstLoadBalancer$1
 869:            56           1344  io.undertow.util.StatusCodes$Entry
 870:            33           1320  java.util.concurrent.locks.AbstractQueuedSynchronizer$ExclusiveNode (java.base@21.0.6)
 871:            33           1320  sun.security.util.DerInputStream (java.base@21.0.6)
 872:            33           1320  sun.security.util.DerValue (java.base@21.0.6)
 873:            33           1320  sun.security.x509.RDN (java.base@21.0.6)
 874:            41           1312  java.util.regex.Pattern$$Lambda/0x800000032 (java.base@21.0.6)
 875:            41           1312  kotlin.reflect.jvm.internal.impl.load.java.lazy.descriptors.LazyJavaClassMemberScope$$Lambda$0
 876:            41           1312  kotlin.reflect.jvm.internal.impl.load.java.lazy.descriptors.LazyJavaClassMemberScope$$Lambda$2
 877:            41           1312  kotlin.reflect.jvm.internal.impl.load.java.lazy.descriptors.LazyJavaClassMemberScope$$Lambda$4
 878:            27           1296  io.grpc.internal.ServerImpl$ServerTransportListenerImpl
 879:            27           1296  io.grpc.netty.NettyServerHandler$1
 880:            54           1296  kotlin.enums.EnumEntriesList
 881:            54           1296  org.bouncycastle.asn1.ASN1ObjectIdentifier$OidHandle
 882:            23           1288  com.google.inject.internal.InjectorJitBindingData
 883:            23           1288  java.lang.reflect.AccessFlag (java.base@21.0.6)
 884:            23           1288  java.util.Collections$SynchronizedMap (java.base@21.0.6)
 885:            32           1280  com.sun.jmx.mbeanserver.DefaultMXBeanMappingFactory$IdentityMapping (java.management@21.0.6)
 886:            20           1280  io.netty.buffer.PooledSlicedByteBuf
 887:            16           1280  io.netty.buffer.UnpooledUnsafeDirectByteBuf
 888:            32           1280  org.glassfish.jersey.internal.util.collection.Values$LazyValueImpl
 889:            53           1272  io.netty.handler.codec.http2.DefaultHttp2ConnectionDecoder$FrameReadListener
 890:            52           1248  jdk.proxy1.$Proxy0 (jdk.proxy1)
 891:            25           1232  [Ljava.lang.invoke.LambdaFormEditor$Transform; (java.base@21.0.6)
 892:            14           1232  io.netty.channel.epoll.EpollServerSocketChannelConfig
 893:             9           1224  com.google.protobuf.DescriptorProtos$FileDescriptorProto
 894:             6           1216  [F (java.base@21.0.6)
 895:            38           1216  io.grpc.internal.AtomicBackoff
 896:            38           1216  io.grpc.internal.AutoConfiguredLoadBalancerFactory
 897:            38           1216  io.grpc.internal.ConnectivityStateManager
 898:            38           1216  io.grpc.internal.DelayedClientTransport$1
 899:            38           1216  io.grpc.internal.DelayedClientTransport$2
 900:            38           1216  io.grpc.internal.DelayedClientTransport$PickerState
 901:            38           1216  io.grpc.internal.ManagedChannelImpl$1ChannelCallTracerFactory
 902:            38           1216  io.grpc.internal.ManagedChannelImpl$ChannelStreamProvider
 903:            38           1216  io.grpc.internal.ManagedChannelImpl$IdleModeStateAggregator
 904:            38           1216  io.grpc.internal.MetricRecorderImpl
 905:            38           1216  io.grpc.internal.ScParser
 906:             3           1200  [Ljava.lang.invoke.LambdaForm; (java.base@21.0.6)
 907:            30           1200  com.fasterxml.jackson.databind.introspect.AnnotatedClass$Creators
 908:            25           1200  com.google.common.collect.RegularImmutableSet
 909:            15           1200  java.lang.invoke.BoundMethodHandle$Species_LLLL (java.base@21.0.6)
 910:            50           1200  kotlin.reflect.jvm.internal.KMutableProperty1Impl$$Lambda$0
 911:            25           1200  kotlin.reflect.jvm.internal.impl.load.java.lazy.LazyJavaTypeParameterResolver
 912:            10           1200  kotlin.reflect.jvm.internal.impl.serialization.deserialization.builtins.BuiltInsPackageFragmentImpl
 913:            30           1200  org.glassfish.jersey.uri.PatternWithGroups
 914:            37           1184  com.sun.jmx.mbeanserver.NamedObject (java.management@21.0.6)
 915:            37           1184  kotlin.reflect.jvm.internal.KClassImpl$Data$$Lambda$2
 916:            37           1184  kotlin.reflect.jvm.internal.KClassImpl$Data$$Lambda$6
 917:            37           1184  kotlin.reflect.jvm.internal.KClassImpl$Data$$Lambda$7
 918:            37           1184  kotlin.reflect.jvm.internal.KClassImpl$Data$$Lambda$8
 919:            21           1176  kotlin.reflect.jvm.internal.impl.load.java.SpecialGenericSignatures$Companion$NameAndSignature
 920:            21           1176  org.glassfish.jersey.server.internal.ServerTraceEvent
 921:            29           1160  com.fasterxml.jackson.databind.DeserializationFeature
 922:            29           1160  java.util.regex.Pattern$Ques (java.base@21.0.6)
 923:             9           1152  java.text.DecimalFormatSymbols (java.base@21.0.6)
 924:            48           1152  java.util.TreeMap$EntrySet (java.base@21.0.6)
 925:            24           1152  java.util.regex.Pattern$Curly (java.base@21.0.6)
 926:            24           1152  kotlin.reflect.jvm.internal.impl.load.java.lazy.descriptors.JvmPackageScope
 927:            24           1152  kotlinx.coroutines.EventLoopImplBase$DelayedResumeTask
 928:            18           1152  org.glassfish.jersey.server.model.Resource
 929:            36           1152  org.glassfish.jersey.server.model.ResourceMethod
 930:            36           1152  sun.nio.fs.UnixFileKey (java.base@21.0.6)
 931:            24           1152  sun.security.x509.OIDMap$OIDInfo (java.base@21.0.6)
 932:            13           1144  javax.management.openmbean.CompositeType (java.management@21.0.6)
 933:            47           1128  java.util.Optional (java.base@21.0.6)
 934:            14           1120  io.netty.channel.epoll.AbstractEpollServerChannel$EpollServerSocketUnsafe
 935:             2           1120  io.undertow.servlet.api.DeploymentInfo
 936:            10           1120  kotlin.reflect.jvm.internal.impl.serialization.deserialization.descriptors.DeserializedTypeParameterDescriptor
 937:            35           1120  kotlinx.coroutines.ExecutorCoroutineDispatcherImpl
 938:            35           1120  kotlinx.coroutines.SupervisorJobImpl
 939:            27           1112  [Ljava.io.ObjectStreamField; (java.base@21.0.6)
 940:            23           1104  com.aerospike.flow.CancellableFlow
 941:            46           1104  com.google.inject.internal.FailableCache$1
 942:            46           1104  java.util.concurrent.atomic.AtomicLongArray (java.base@21.0.6)
 943:            46           1104  jdk.proxy1.$Proxy7 (jdk.proxy1)
 944:            46           1104  kotlin.reflect.jvm.internal.KClassImpl$$Lambda$0
 945:            46           1104  kotlin.reflect.jvm.internal.impl.resolve.scopes.InnerClassesScopeWrapper
 946:            46           1104  kotlin.reflect.jvm.internal.impl.types.NullableSimpleType
 947:            17           1088  com.sun.jmx.mbeanserver.PerInterface (java.management@21.0.6)
 948:            34           1088  io.netty.channel.epoll.EpollEventArray
 949:            34           1088  io.netty.util.internal.ThreadExecutorMap$1
 950:            27           1080  [Lorg.glassfish.jersey.server.internal.routing.Router;
 951:            27           1080  io.grpc.netty.GrpcHttp2HeadersUtils$GrpcHttp2ServerHeadersDecoder
 952:            27           1080  kotlinx.coroutines.StandaloneCoroutine
 953:             9           1080  org.glassfish.hk2.utilities.binding.AbstractBindingBuilder$ClassBasedBindingBuilder
 954:            27           1080  org.glassfish.jersey.server.model.MethodHandler$ClassBasedMethodHandler
 955:            27           1080  sun.security.provider.PolicyFile$PolicyEntry (java.base@21.0.6)
 956:            20           1072  [Ljava.util.Map$Entry; (java.base@21.0.6)
 957:            38           1072  [Ljavax.management.MBeanParameterInfo; (java.management@21.0.6)
 958:            67           1072  io.grpc.internal.ExponentialBackoffPolicy$Provider
 959:            15           1064  [Lcom.google.protobuf.Descriptors$Descriptor;
 960:            19           1064  [Ljava.lang.invoke.BoundMethodHandle$SpeciesData; (java.base@21.0.6)
 961:            19           1064  kotlin.reflect.jvm.internal.impl.util.Checks
 962:            19           1064  org.glassfish.jersey.server.model.internal.JavaResourceMethodDispatcherProvider$ResponseOutInvoker
 963:            33           1056  io.grpc.ServerInterceptors$InterceptCallHandler
 964:            44           1056  kotlin.reflect.jvm.internal.KPropertyImpl$Getter$$Lambda$0
 965:            33           1056  kotlin.reflect.jvm.internal.impl.load.java.lazy.ContextKt$$Lambda$0
 966:            33           1056  sun.security.x509.AVA (java.base@21.0.6)
 967:             1           1040  [Ljava.lang.Character; (java.base@21.0.6)
 968:            26           1040  com.fasterxml.jackson.databind.SerializationFeature
 969:            26           1040  com.google.protobuf.Descriptors$DescriptorPool$PackageDescriptor
 970:            13           1040  java.util.concurrent.ConcurrentHashMap$TreeNode (java.base@21.0.6)
 971:            26           1040  kotlin.reflect.jvm.internal.impl.protobuf.GeneratedMessageLite$ExtensionDescriptor
 972:            43           1032  com.google.protobuf.ByteString$LiteralByteString
 973:            43           1032  io.grpc.internal.SharedResourcePool
 974:            16           1024  java.util.Hashtable (java.base@21.0.6)
 975:            18           1008  com.codahale.metrics.ExponentialMovingAverages
 976:            63           1008  com.google.inject.assistedinject.FactoryProvider2$ThreadLocalProvider
 977:            42           1008  io.netty.channel.ReflectiveChannelFactory
 978:            21           1008  kotlin.reflect.jvm.internal.impl.load.java.lazy.descriptors.LazyJavaClassDescriptor$LazyJavaClassTypeConstructor
 979:            21           1008  org.glassfish.jersey.inject.hk2.Hk2Helper$1
 980:             6           1008  org.glassfish.jersey.internal.guava.LocalCache
 981:             7           1008  sun.nio.ch.ServerSocketChannelImpl (java.base@21.0.6)
 982:            21           1008  sun.nio.fs.UnixPath (java.base@21.0.6)
 983:            25           1000  com.google.protobuf.Descriptors$EnumValueDescriptor
 984:            31            992  java.security.Provider$EngineDescription (java.base@21.0.6)
 985:            41            984  io.netty.channel.WriteBufferWaterMark
 986:            41            984  kotlin.reflect.jvm.internal.impl.descriptors.runtime.structure.ReflectJavaMethod
 987:            41            984  kotlin.reflect.jvm.internal.impl.load.java.lazy.descriptors.LazyJavaClassMemberScope$$Lambda$1
 988:            41            984  kotlin.reflect.jvm.internal.impl.load.java.lazy.descriptors.LazyJavaClassMemberScope$$Lambda$3
 989:            41            984  kotlin.reflect.jvm.internal.impl.metadata.deserialization.Flags$BooleanFlagField
 990:             8            960  com.aerospike.client.policy.WritePolicy
 991:            12            960  com.aerospike.connect.metrics.AerospikeHistogram
 992:            30            960  com.codahale.metrics.Histogram
 993:            30            960  java.lang.ProcessEnvironment$Value (java.base@21.0.6)
 994:            30            960  java.lang.ProcessEnvironment$Variable (java.base@21.0.6)
 995:            15            960  java.util.EnumMap (java.base@21.0.6)
 996:            40            960  java.util.HashMap$Values (java.base@21.0.6)
 997:            40            960  kotlin.reflect.jvm.internal.impl.descriptors.runtime.components.RuntimeSourceElementFactory$RuntimeSourceElement
 998:            24            960  org.glassfish.jersey.internal.guava.LocalCache$AccessQueue$1
 999:            17            952  com.aerospike.vector.index.IndexLogEntry
1000:            59            944  kotlin.reflect.jvm.internal.impl.load.java.lazy.types.RawProjectionComputer
1001:            59            944  kotlin.reflect.jvm.internal.impl.types.TypeParameterErasureOptions
1002:            29            928  io.grpc.internal.DelayedClientTransport$3
1003:            29            928  io.grpc.internal.ManagedChannelOrphanWrapper
1004:            29            928  kotlin.reflect.jvm.internal.impl.resolve.scopes.receivers.TransientReceiver
1005:            23            920  com.fasterxml.jackson.databind.deser.impl.PropertyBasedCreator
1006:            23            920  com.google.inject.internal.ConstructorInjectorStore$1
1007:            23            920  com.google.inject.internal.MembersInjectorStore
1008:            23            920  com.google.inject.internal.MembersInjectorStore$1
1009:            23            920  com.google.inject.internal.WeakKeySet
1010:            23            920  org.yaml.snakeyaml.tokens.Token$ID
1011:            23            920  picocli.CommandLine$Help$Ansi$Style
1012:            38            912  io.grpc.internal.ManagedChannelImpl$3
1013:            38            912  io.grpc.internal.ManagedChannelImpl$DelayedTransportListener
1014:            38            912  io.grpc.internal.ManagedChannelImpl$IdleModeTimer
1015:            38            912  io.grpc.internal.ManagedChannelImpl$RealChannel$1
1016:            38            912  io.grpc.internal.ManagedChannelImpl$RestrictedScheduledExecutor
1017:            38            912  io.grpc.internal.RetriableStream$ChannelBufferMeter
1018:            38            912  jdk.proxy2.$Proxy8 (jdk.proxy2)
1019:            38            912  org.bouncycastle.jce.provider.BouncyCastleProvider$JcaCryptoService
1020:            38            912  org.glassfish.jersey.inject.hk2.ContextInjectionResolverImpl$CacheKey
1021:            28            896  [Ljava.security.spec.AlgorithmParameterSpec; (java.base@21.0.6)
1022:            28            896  [Lorg.bouncycastle.asn1.x509.AlgorithmIdentifier;
1023:            14            896  com.aerospike.vector.cluster.Cluster$ClusterEpoch
1024:             8            896  com.sun.security.sasl.Provider$ProviderService (java.security.sasl@21.0.6)
1025:            14            896  io.netty.bootstrap.ServerBootstrap$ServerBootstrapAcceptor
1026:            28            896  io.netty.util.internal.ThreadExecutorMap$2
1027:            14            896  javax.management.openmbean.SimpleType (java.management@21.0.6)
1028:            16            896  org.glassfish.jersey.message.internal.MsgTraceEvent
1029:            28            896  org.jboss.logging.Slf4jLocationAwareLogger
1030:            13            888  [Lkotlin.reflect.KParameter;
1031:            37            888  io.grpc.NameResolverRegistry$NameResolverFactory
1032:            37            888  kotlin.reflect.jvm.internal.KClassImpl$Data$$Lambda$0
1033:            37            888  kotlin.reflect.jvm.internal.KClassImpl$Data$$Lambda$1
1034:            37            888  kotlin.reflect.jvm.internal.KClassImpl$Data$$Lambda$10
1035:            37            888  kotlin.reflect.jvm.internal.KClassImpl$Data$$Lambda$11
1036:            37            888  kotlin.reflect.jvm.internal.KClassImpl$Data$$Lambda$12
1037:            37            888  kotlin.reflect.jvm.internal.KClassImpl$Data$$Lambda$13
1038:            37            888  kotlin.reflect.jvm.internal.KClassImpl$Data$$Lambda$14
1039:            37            888  kotlin.reflect.jvm.internal.KClassImpl$Data$$Lambda$15
1040:            37            888  kotlin.reflect.jvm.internal.KClassImpl$Data$$Lambda$16
1041:            37            888  kotlin.reflect.jvm.internal.KClassImpl$Data$$Lambda$17
1042:            37            888  kotlin.reflect.jvm.internal.KClassImpl$Data$$Lambda$3
1043:            37            888  kotlin.reflect.jvm.internal.KClassImpl$Data$$Lambda$4
1044:            37            888  kotlin.reflect.jvm.internal.KClassImpl$Data$$Lambda$5
1045:            37            888  kotlin.reflect.jvm.internal.KClassImpl$Data$$Lambda$9
1046:            37            888  kotlin.reflect.jvm.internal.KDeclarationContainerImpl$Data$$Lambda$0
1047:             8            880  [D (java.base@21.0.6)
1048:            22            880  com.google.protobuf.GeneratedMessageV3$FieldAccessorTable$SingularFieldAccessor
1049:            10            880  sun.invoke.util.Wrapper (java.base@21.0.6)
1050:            10            880  sun.security.x509.X500Name (java.base@21.0.6)
1051:            36            864  com.aerospike.vector.interconnect.InterconnectChannelProvider$MultiAddressNameResolverFactory
1052:            18            864  com.codahale.metrics.Meter
1053:            27            864  com.fasterxml.jackson.databind.introspect.AnnotationCollector$OneAnnotation
1054:            12            864  com.google.inject.internal.LinkedBindingImpl
1055:            36            864  io.grpc.internal.NameResolverFactoryToProviderFacade
1056:            27            864  io.grpc.netty.NettyServerHandler$KeepAlivePinger
1057:            27            864  io.grpc.netty.NettyServerHandler$WriteMonitoringFrameWriter
1058:             9            864  java.lang.invoke.BoundMethodHandle$Species_LLLLLL (java.base@21.0.6)
1059:            18            864  java.lang.invoke.VarForm (java.base@21.0.6)
1060:            36            864  jdk.proxy2.$Proxy53 (jdk.proxy2)
1061:            36            864  kotlinx.coroutines.internal.Symbol
1062:            27            864  org.glassfish.jersey.server.internal.routing.MethodRouting
1063:            27            864  org.glassfish.jersey.server.internal.routing.PushMethodHandlerRouter
1064:            26            856  [Lcom.google.protobuf.Descriptors$OneofDescriptor;
1065:             2            848  com.github.benmanes.caffeine.cache.SSSMSA
1066:            53            848  io.netty.handler.codec.http2.Http2Flags
1067:             1            840  [[[C (java.base@21.0.6)
1068:            15            840  com.aerospike.vector.client.proto.HnswBatchingParams
1069:            15            840  com.aerospike.vector.client.proto.IndexStorage
1070:             7            840  com.fasterxml.jackson.databind.cfg.BaseSettings
1071:            35            840  io.grpc.internal.PickFirstLoadBalancer$Picker
1072:            35            840  java.util.regex.Pattern$Start (java.base@21.0.6)
1073:            35            840  jdk.proxy1.$Proxy13 (jdk.proxy1)
1074:            35            840  kotlinx.coroutines.internal.ContextScope
1075:            13            832  com.fasterxml.jackson.core.JsonToken
1076:            26            832  java.security.spec.ECFieldF2m (java.base@21.0.6)
1077:            13            832  java.util.ResourceBundle$BundleReference (java.base@21.0.6)
1078:            26            832  kotlin.reflect.jvm.internal.impl.storage.LockBasedStorageManager$KeyWithComputation
1079:            26            832  org.glassfish.hk2.utilities.binding.AbstractBinder$2
1080:             1            816  [Lcom.aerospike.client.cluster.Connection;
1081:             3            816  [Lcom.fasterxml.jackson.core.sym.CharsToNameCanonicalizer$Bucket;
1082:            17            816  io.netty.channel.AbstractChannelHandlerContext$WriteTask
1083:            34            816  io.netty.channel.epoll.EpollEventLoop$1
1084:            34            816  java.time.format.DateTimeFormatterBuilder$CompositePrinterParser (java.base@21.0.6)
1085:            17            816  kotlin.reflect.jvm.internal.calls.CallerImpl$FieldGetter$Instance
1086:            10            800  sun.util.calendar.ZoneInfo (java.base@21.0.6)
1087:            33            792  [Lsun.security.x509.AVA; (java.base@21.0.6)
1088:             9            792  com.aerospike.connect.metrics.AerospikeTimer
1089:             9            792  com.fasterxml.jackson.databind.deser.std.CollectionDeserializer
1090:            11            792  com.sun.jmx.mbeanserver.DefaultMXBeanMappingFactory$CompositeMapping (java.management@21.0.6)
1091:             7            784  org.glassfish.jersey.internal.inject.SupplierClassBinding
1092:             7            784  org.xnio.nio.NioTcpServer
1093:            44            768  [[Ljava.lang.Object; (java.base@21.0.6)
1094:            12            768  com.aerospike.vector.index.InternalIndexDefinition
1095:            16            768  io.netty.buffer.LongLongHashMap
1096:            16            768  io.netty.channel.unix.IovArray
1097:            12            768  java.lang.invoke.BoundMethodHandle$Species_LJ (java.base@21.0.6)
1098:            16            768  java.time.temporal.ChronoUnit (java.base@21.0.6)
1099:            32            768  jdk.proxy2.$Proxy23 (jdk.proxy2)
1100:            24            768  kotlin.reflect.jvm.internal.impl.load.java.lazy.LazyJavaPackageFragmentProvider$$Lambda$0
1101:            24            768  kotlin.reflect.jvm.internal.impl.load.java.lazy.descriptors.LazyJavaPackageScope$$Lambda$0
1102:            24            768  kotlin.reflect.jvm.internal.impl.load.java.lazy.descriptors.LazyJavaPackageScope$$Lambda$1
1103:            24            768  kotlin.reflect.jvm.internal.impl.load.java.typeEnhancement.JavaTypeQualifiers
1104:            12            768  sun.util.locale.provider.LocaleResources$ResourceReference (java.base@21.0.6)
1105:            24            760  [Lkotlin.reflect.jvm.internal.impl.resolve.scopes.MemberScope;
1106:            19            760  com.fasterxml.jackson.core.JsonParser$Feature
1107:             5            760  java.util.GregorianCalendar (java.base@21.0.6)
1108:             5            760  sun.security.provider.HashDrbg (java.base@21.0.6)
1109:            31            744  com.google.inject.internal.ConstantFactory
1110:            23            736  com.aerospike.flow.CancellableFlow$job$1$1
1111:            23            736  com.fasterxml.jackson.databind.util.LRUMap
1112:            23            736  com.fasterxml.jackson.databind.util.internal.LinkedDeque
1113:            23            736  com.google.inject.internal.ConstructorInjectorStore
1114:            23            736  com.google.inject.internal.ProvisionListenerCallbackStore
1115:            23            736  kotlin.reflect.jvm.internal.impl.incremental.components.NoLookupLocation
1116:            23            736  org.glassfish.jersey.server.spi.internal.ParamValueFactoryWithSource
1117:            13            728  com.github.benmanes.caffeine.cache.PSW
1118:             7            728  kotlin.reflect.jvm.internal.impl.load.java.lazy.descriptors.LazyJavaTypeParameterDescriptor
1119:             7            728  org.glassfish.jersey.internal.inject.SupplierInstanceBinding
1120:            18            720  com.aerospike.client.Operation$Type
1121:            10            720  com.aerospike.client.async.NettyEventLoop
1122:            15            720  com.aerospike.vector.client.proto.HnswIndexMergeParams
1123:            18            720  com.google.protobuf.Descriptors$FieldDescriptor$Type
1124:            30            720  kotlin.reflect.jvm.internal.impl.resolve.scopes.LazyScopeAdapter
1125:            30            720  kotlin.reflect.jvm.internal.impl.resolve.scopes.LazyScopeAdapter$$Lambda$0
1126:            10            720  kotlin.reflect.jvm.internal.impl.serialization.deserialization.descriptors.DeserializedPackageMemberScope
1127:            45            720  org.bouncycastle.pqc.jcajce.provider.sphincsplus.SPHINCSPlusKeyFactorySpi
1128:            18            720  org.glassfish.jersey.message.ReaderModel
1129:            18            720  org.glassfish.jersey.message.WriterModel
1130:            19            712  [Lkotlin.reflect.jvm.internal.impl.util.Check;
1131:            22            704  java.lang.reflect.ClassFileFormatVersion (java.base@21.0.6)
1132:            22            704  java.util.AbstractMap$SimpleImmutableEntry (java.base@21.0.6)
1133:            22            704  kotlin.reflect.jvm.internal.impl.descriptors.impl.SubpackagesScope
1134:            22            704  kotlin.reflect.jvm.internal.impl.resolve.scopes.ChainedMemberScope
1135:            11            704  org.glassfish.jersey.internal.guava.LocalCache$StrongAccessEntry
1136:            29            696  com.fasterxml.jackson.databind.introspect.AnnotatedMethodMap
1137:            29            696  com.google.common.collect.SingletonImmutableSet
1138:            29            696  org.bouncycastle.jcajce.provider.asymmetric.compositesignatures.KeyFactorySpi
1139:            29            696  org.glassfish.jersey.uri.internal.UriPart
1140:             1            688  [Lkotlin.reflect.jvm.internal.impl.types.error.ErrorTypeKind;
1141:            19            680  [Ljava.lang.StackTraceElement; (java.base@21.0.6)
1142:            17            680  io.grpc.Status$Code
1143:            17            680  kotlin.reflect.jvm.internal.impl.descriptors.impl.AbstractTypeParameterDescriptor$1
1144:             5            680  sun.security.x509.X509CertImpl (java.base@21.0.6)
1145:            14            672  com.aerospike.vector.cluster.Cluster$ClusterState
1146:            12            672  com.google.inject.internal.FactoryProxy
1147:            28            672  com.google.protobuf.GeneratedMessageV3$FieldAccessorTable$SyntheticOneofAccessor
1148:            28            672  io.netty.util.concurrent.SingleThreadEventExecutor$4
1149:            12            672  java.lang.OutOfMemoryError (java.base@21.0.6)
1150:            12            672  java.lang.WeakPairMap$Pair$Weak (java.base@21.0.6)
1151:            12            672  java.lang.WeakPairMap$Pair$Weak$1 (java.base@21.0.6)
1152:             4            672  kotlin.reflect.jvm.internal.impl.descriptors.impl.SimpleFunctionDescriptorImpl
1153:            21            672  sun.security.x509.AVAKeyword (java.base@21.0.6)
1154:             9            648  com.aerospike.vector.index.IndexUpdateOperation
1155:            27            648  com.aerospike.vector.interconnect.InterconnectChannelProvider$MultiAddressNameResolverFactory$newNameResolver$1
1156:            27            648  io.grpc.internal.KeepAliveManager$1
1157:            27            648  io.grpc.internal.KeepAliveManager$2
1158:            27            648  io.grpc.netty.Http2ControlFrameLimitEncoder$1
1159:            27            648  io.grpc.netty.NettyServer$1$1LoopReleaser
1160:            27            648  io.grpc.netty.NettyServerHandler$FrameListener
1161:            27            648  io.grpc.netty.NettyServerTransport$1TerminationNotifier
1162:             9            648  io.netty.handler.codec.http2.Http2Exception$StacklessHttp2Exception
1163:             9            648  java.lang.invoke.MethodHandleImpl$IntrinsicMethodHandle (java.base@21.0.6)
1164:            27            648  java.security.spec.ECFieldFp (java.base@21.0.6)
1165:            27            648  java.time.LocalTime (java.base@21.0.6)
1166:            27            648  org.glassfish.jersey.server.internal.routing.PushMatchedMethodRouter
1167:            27            648  org.glassfish.jersey.server.internal.routing.Routers$EndpointRouter
1168:             9            648  org.glassfish.jersey.server.model.RuntimeResource
1169:            10            640  com.aerospike.client.async.HashedWheelTimer
1170:             8            640  com.google.protobuf.DescriptorProtos$EnumDescriptorProto
1171:             8            640  com.google.protobuf.Descriptors$FileDescriptor
1172:            40            640  io.grpc.netty.ProtocolNegotiators$PlaintextProtocolNegotiator
1173:            20            640  java.security.SecurityPermission (java.base@21.0.6)
1174:            10            640  kotlin.reflect.jvm.internal.impl.load.java.lazy.descriptors.ClassDeclaredMemberIndex
1175:            14            624  [Lcom.google.protobuf.Descriptors$EnumValueDescriptor;
1176:            13            624  com.google.protobuf.MapField
1177:            26            624  io.grpc.internal.Rescheduler$FutureRunnable
1178:            26            624  io.netty.buffer.PoolThreadCache$FreeOnFinalize
1179:            39            624  java.time.format.DateTimeFormatterBuilder$CharLiteralPrinterParser (java.base@21.0.6)
1180:            13            624  javax.management.MBeanNotificationInfo (java.management@21.0.6)
1181:             6            624  jdk.incubator.vector.LaneType (jdk.incubator.vector@21.0.6)
1182:             3            624  kotlin.reflect.jvm.internal.impl.load.java.lazy.JavaResolverComponents
1183:            26            624  kotlin.reflect.jvm.internal.impl.protobuf.ExtensionRegistryLite$ObjectIntPair
1184:            26            624  kotlinx.coroutines.DisposeOnCancel
1185:            13            624  sun.security.jca.ProviderConfig (java.base@21.0.6)
1186:             7            616  com.google.protobuf.Descriptors$EnumDescriptor
1187:             7            616  java.util.concurrent.TimeUnit (java.base@21.0.6)
1188:            38            608  io.grpc.netty.NettyChannelBuilder$LocalSocketPicker
1189:            25            600  kotlin.reflect.jvm.internal.impl.load.java.lazy.LazyJavaTypeParameterResolver$$Lambda$0
1190:            15            600  sun.security.x509.AlgorithmId (java.base@21.0.6)
1191:             5            592  [Lsun.invoke.util.Wrapper; (java.base@21.0.6)
1192:            26            584  [Ljavax.management.MBeanNotificationInfo; (java.management@21.0.6)
1193:            18            576  com.google.protobuf.DescriptorProtos$FieldDescriptorProto$Type
1194:            18            576  com.google.protobuf.LongArrayList
1195:            12            576  java.lang.invoke.SimpleMethodHandle (java.base@21.0.6)
1196:             8            576  java.lang.reflect.ProxyGenerator$PrimitiveTypeInfo (java.base@21.0.6)
1197:             6            576  java.text.DateFormatSymbols (java.base@21.0.6)
1198:             8            576  java.util.Collections$SingletonMap (java.base@21.0.6)
1199:            12            576  kotlin.reflect.jvm.internal.KTypeImpl
1200:            24            576  kotlin.reflect.jvm.internal.impl.descriptors.runtime.structure.ReflectJavaPackage
1201:            24            576  kotlin.reflect.jvm.internal.impl.load.java.lazy.descriptors.JvmPackageScope$$Lambda$0
1202:            24            576  kotlin.reflect.jvm.internal.impl.load.java.lazy.descriptors.LazyJavaPackageFragment$$Lambda$0
1203:            24            576  kotlin.reflect.jvm.internal.impl.load.java.lazy.descriptors.LazyJavaPackageFragment$$Lambda$1
1204:            24            576  kotlin.reflect.jvm.internal.impl.load.java.lazy.descriptors.LazyJavaPackageFragment$$Lambda$2
1205:            24            576  org.glassfish.jersey.internal.guava.LocalCache$AccessQueue
1206:            18            576  org.glassfish.jersey.server.model.Resource$1
1207:            18            576  org.jvnet.hk2.internal.SoftAnnotatedElementAnnotationInfo
1208:             9            576  sun.util.resources.Bundles$BundleReference (java.base@21.0.6)
1209:             1            560  [Ljava.lang.invoke.LambdaForm$Kind; (java.base@21.0.6)
1210:            10            560  com.google.protobuf.GeneratedMessageV3$FieldAccessorTable$SingularMessageFieldAccessor
1211:            14            560  com.google.protobuf.WireFormat$FieldType
1212:            14            560  io.netty.handler.codec.http2.Http2Error
1213:             7            560  io.undertow.Undertow$ListenerConfig
1214:             7            560  java.lang.invoke.BoundMethodHandle$Species_LLLJ (java.base@21.0.6)
1215:            10            560  java.lang.invoke.VarHandleLongs$FieldInstanceReadWrite (java.base@21.0.6)
1216:             5            560  jdk.incubator.vector.FloatVector$FloatSpecies (jdk.incubator.vector@21.0.6)
1217:             5            560  jdk.incubator.vector.IntVector$IntSpecies (jdk.incubator.vector@21.0.6)
1218:            14            560  kotlin.reflect.jvm.internal.impl.protobuf.WireFormat$FieldType
1219:            14            560  kotlin.reflect.jvm.internal.impl.serialization.deserialization.MemberDeserializer$$Lambda$0
1220:            14            560  kotlin.reflect.jvm.internal.impl.serialization.deserialization.MemberDeserializer$$Lambda$6
1221:            10            560  org.jvnet.hk2.internal.IterableProviderImpl
1222:             5            560  sun.util.calendar.Gregorian$Date (java.base@21.0.6)
1223:            23            552  com.codahale.metrics.Counter
1224:            23            552  com.google.common.cache.LocalCache$LocalManualCache
1225:            23            552  com.google.inject.internal.InjectorImpl$InjectorOptions
1226:            23            552  com.google.inject.internal.InjectorShell$InjectorFactory
1227:            23            552  com.google.inject.internal.ProvisionListenerCallbackStore$1
1228:            23            552  com.google.inject.internal.WeakKeySet$$Lambda/0x00007fea3c0c4e20
1229:            23            552  com.google.inject.spi.BindingSourceRestriction$PermitMapConstruction$PermitMapImpl
1230:            23            552  java.time.Duration (java.base@21.0.6)
1231:             3            552  kotlin.reflect.jvm.internal.impl.descriptors.impl.PropertyDescriptorImpl
1232:             3            552  kotlin.reflect.jvm.internal.impl.serialization.deserialization.DeserializationComponents
1233:            23            552  kotlinx.coroutines.flow.SafeFlow
1234:            10            544  [Ljava.nio.channels.SelectionKey; (java.base@21.0.6)
1235:            17            544  com.fasterxml.jackson.databind.type.ClassKey
1236:            17            544  com.google.common.collect.ImmutableMapEntry
1237:            17            544  javax.management.StandardMBean (java.management@21.0.6)
1238:            17            544  kotlin.reflect.jvm.internal.impl.descriptors.impl.AbstractTypeParameterDescriptor$2
1239:            17            544  sun.nio.ch.SocketOptionRegistry$RegistryKey (java.base@21.0.6)
1240:             1            528  [Lio.netty.handler.codec.http2.HpackStaticTable$HeaderIndex;
1241:             6            528  com.aerospike.vector.index.IndexMetrics
1242:            11            528  com.aerospike.vector.index.RequestPerformanceMetrics
1243:             6            528  com.google.inject.internal.Initializer$InjectableReference
1244:            22            528  jdk.proxy2.$Proxy9 (jdk.proxy2)
1245:            11            528  kotlin.reflect.jvm.internal.impl.descriptors.impl.AbstractTypeParameterDescriptor$TypeParameterTypeConstructor
1246:            22            528  kotlin.reflect.jvm.internal.impl.descriptors.impl.LazyPackageViewDescriptorImpl$$Lambda$0
1247:            22            528  kotlin.reflect.jvm.internal.impl.descriptors.impl.LazyPackageViewDescriptorImpl$$Lambda$1
1248:            22            528  kotlin.reflect.jvm.internal.impl.descriptors.impl.LazyPackageViewDescriptorImpl$$Lambda$2
1249:            13            520  com.fasterxml.jackson.core.JsonGenerator$Feature
1250:             5            520  java.util.jar.JarVerifier (java.base@21.0.6)
1251:            13            520  sun.reflect.generics.repository.FieldRepository (java.base@21.0.6)
1252:             5            520  sun.security.x509.X509CertInfo (java.base@21.0.6)
1253:             8            512  com.google.protobuf.DescriptorProtos$ServiceDescriptorProto
1254:            16            512  io.netty.handler.codec.CodecOutputList$CodecOutputLists
1255:             8            512  java.io.FilePermission (java.base@21.0.6)
1256:             8            512  java.nio.HeapByteBuffer (java.base@21.0.6)
1257:            16            512  java.util.Date (java.base@21.0.6)
1258:             8            512  kotlin.reflect.jvm.internal.impl.builtins.PrimitiveType
1259:             8            512  kotlin.reflect.jvm.internal.impl.resolve.jvm.JvmPrimitiveType
1260:             8            512  sun.nio.ch.SelectionKeyImpl (java.base@21.0.6)
1261:             3            504  com.aerospike.vector.index.IndexCatalog
1262:             9            504  com.google.protobuf.GeneratedMessageV3$FieldAccessorTable$SingularStringFieldAccessor
1263:             9            504  io.grpc.Metadata$AsciiKey
1264:             7            504  io.undertow.server.protocol.http.HttpOpenListener
1265:             9            504  java.lang.invoke.VarHandleInts$FieldInstanceReadWrite (java.base@21.0.6)
1266:             9            504  java.util.logging.Level$KnownLevel (java.logging@21.0.6)
1267:            21            504  jdk.proxy2.$Proxy55 (jdk.proxy2)
1268:            21            504  kotlin.reflect.jvm.internal.impl.load.java.lazy.descriptors.LazyJavaClassDescriptor$$Lambda$1
1269:            21            504  kotlin.reflect.jvm.internal.impl.load.java.lazy.descriptors.LazyJavaClassDescriptor$$Lambda$2
1270:            21            504  kotlin.reflect.jvm.internal.impl.load.java.lazy.descriptors.LazyJavaClassDescriptor$LazyJavaClassTypeConstructor$$Lambda$0
1271:             7            504  org.xnio.nio.NioTcpServerHandle
1272:             7            504  sun.management.MemoryPoolImpl (java.management@21.0.6)
1273:             2            496  [Lcom.fasterxml.jackson.databind.DeserializationFeature;
1274:             1            496  [Lcom.google.inject.internal.ErrorId;
1275:             8            496  [Lkotlin.annotation.AnnotationTarget;
1276:             2            496  io.grpc.netty.NettyServer
1277:             2            496  kotlinx.coroutines.scheduling.CoroutineScheduler$Worker
1278:             5            488  [Ljdk.incubator.vector.LaneType; (jdk.incubator.vector@21.0.6)
1279:            15            480  com.aerospike.client.async.NettyCommand$InboundHandler
1280:            15            480  com.aerospike.client.async.NettyConnection
1281:            10            480  com.aerospike.client.cluster.Node$AsyncPool
1282:             3            480  com.fasterxml.jackson.databind.deser.std.StdValueInstantiator
1283:            12            480  com.fasterxml.jackson.dataformat.yaml.YAMLGenerator$Feature
1284:             6            480  com.google.protobuf.SmallSortedMap$1
1285:            12            480  io.grpc.ServiceDescriptor
1286:            20            480  io.undertow.util.SimpleAttachmentKey
1287:            12            480  java.util.concurrent.atomic.AtomicLongFieldUpdater$CASUpdater (java.base@21.0.6)
1288:            15            480  kotlin.annotation.AnnotationTarget
1289:            20            480  kotlin.reflect.jvm.internal.impl.descriptors.runtime.structure.ReflectJavaClass
1290:            12            480  kotlin.reflect.jvm.internal.impl.metadata.builtins.BuiltInsBinaryVersion
1291:            10            480  kotlin.reflect.jvm.internal.impl.serialization.deserialization.ProtoBasedClassDataFinder
1292:            12            480  kotlinx.coroutines.NodeList
1293:             6            480  kotlinx.coroutines.sync.MutexImpl
1294:            12            480  org.glassfish.jersey.server.internal.routing.Route
1295:             7            464  [Lcom.google.protobuf.Descriptors$MethodDescriptor;
1296:            29            464  java.lang.ThreadLocal (java.base@21.0.6)
1297:             7            456  [Lcom.google.common.collect.ImmutableMapEntry;
1298:            18            456  [[Ljava.lang.annotation.Annotation; (java.base@21.0.6)
1299:            19            456  com.aerospike.connect.metrics.DefaultSettableGauge
1300:            19            456  jdk.proxy2.$Proxy69 (jdk.proxy2)
1301:            19            456  org.glassfish.jersey.server.internal.inject.EntityParamValueParamProvider$EntityValueSupplier
1302:             1            456  org.jboss.threads.EnhancedQueueExecutor
1303:             2            448  [Lcom.fasterxml.jackson.databind.SerializationFeature;
1304:             7            448  [Ljdk.incubator.vector.AbstractSpecies; (jdk.incubator.vector@21.0.6)
1305:             7            448  com.google.protobuf.DescriptorProtos$MessageOptions
1306:            14            448  io.grpc.netty.NettyServer$3
1307:            14            448  io.grpc.netty.NettyServer$ListenSocket
1308:            14            448  io.netty.bootstrap.ServerBootstrap$ServerBootstrapAcceptor$1
1309:            14            448  io.netty.handler.codec.http2.HpackStaticTable$HeaderIndex
1310:             8            448  java.text.DigitList (java.base@21.0.6)
1311:             7            448  java.util.PropertyResourceBundle (java.base@21.0.6)
1312:            14            448  kotlin.reflect.jvm.internal.impl.descriptors.impl.FunctionDescriptorImpl$1
1313:            14            448  kotlin.reflect.jvm.internal.impl.renderer.DescriptorRendererModifier
1314:             7            448  org.glassfish.jersey.server.model.internal.JavaResourceMethodDispatcherProvider$TypeOutInvoker
1315:            14            448  org.glassfish.jersey.server.monitoring.RequestEvent$Type
1316:             7            448  org.xnio.nio.QueuedNioTcpServer2
1317:             2            448  org.xnio.nio.WorkerThread
1318:             5            440  com.aerospike.client.policy.Policy
1319:             5            440  com.aerospike.vector.exchange.Exchange$ExchangePayload
1320:             5            440  com.aerospike.vector.heartbeat.Heartbeat$HeartbeatMessage
1321:            11            440  io.undertow.security.impl.DigestAuthorizationToken
1322:             5            440  java.net.SocketPermission (java.base@21.0.6)
1323:            11            440  kotlin.reflect.jvm.internal.impl.metadata.ProtoBuf$QualifiedNameTable
1324:            11            440  kotlin.reflect.jvm.internal.impl.metadata.ProtoBuf$StringTable
1325:             3            432  [Ljava.util.concurrent.RunnableScheduledFuture; (java.base@21.0.6)
1326:             9            432  com.aerospike.vector.index.IndexCreateOperation
1327:             3            432  com.fasterxml.jackson.databind.DeserializationConfig
1328:            27            432  io.grpc.netty.AbstractNettyHandler$AllowPingLimiter
1329:            27            432  io.grpc.netty.NettyServerHandler$ServerChannelLogger
1330:            18            432  io.netty.util.concurrent.FastThreadLocalRunnable
1331:             6            432  java.nio.DirectLongBufferU (java.base@21.0.6)
1332:            18            432  java.text.DateFormat$Field (java.base@21.0.6)
1333:             9            432  java.util.logging.Level (java.logging@21.0.6)
1334:             9            432  jdk.internal.loader.NativeLibraries$NativeLibraryImpl (java.base@21.0.6)
1335:            18            432  kotlin.reflect.jvm.internal.impl.load.java.lazy.descriptors.LazyJavaClassDescriptor$$Lambda$0
1336:             9            432  kotlin.reflect.jvm.internal.impl.load.kotlin.TypeMappingMode
1337:             9            432  org.glassfish.jersey.inject.hk2.SupplierFactoryBridge
1338:             9            432  sun.security.x509.URIName (java.base@21.0.6)
1339:             9            432  sun.util.resources.Bundles$CacheKey (java.base@21.0.6)
1340:            23            424  [Ljavax.management.MBeanConstructorInfo; (java.management@21.0.6)
1341:            10            424  [Lsun.security.x509.RDN; (java.base@21.0.6)
1342:            13            416  ch.qos.logback.core.spi.ContextAwareBase
1343:            13            416  com.aerospike.vector.storage.AerospikeStorageId
1344:            13            416  com.fasterxml.jackson.databind.type.LogicalType
1345:            13            416  com.fasterxml.jackson.module.kotlin.BucketGenerator
1346:            13            416  com.fasterxml.jackson.module.kotlin.ConstructorValueCreator
1347:            13            416  com.google.protobuf.MapField$MutabilityAwareMap
1348:             4            416  java.lang.invoke.BoundMethodHandle$Species_LLLLLLL (java.base@21.0.6)
1349:             4            416  java.text.SimpleDateFormat (java.base@21.0.6)
1350:            13            416  kotlin.reflect.jvm.internal.impl.metadata.ProtoBuf$Annotation$Argument$Value$Type
1351:            13            416  org.glassfish.jersey.uri.UriComponent$Type
1352:             4            416  org.jboss.threads.EnhancedQueueExecutor$PoolThreadNode
1353:            17            408  io.netty.channel.$Proxy47
1354:            17            408  java.util.concurrent.ConcurrentSkipListMap$Values (java.base@21.0.6)
1355:            17            408  kotlin.reflect.jvm.internal.impl.descriptors.runtime.structure.ReflectJavaTypeParameter
1356:            17            408  sun.nio.ch.OptionKey (java.base@21.0.6)
1357:             5            400  [Ljava.util.concurrent.ForkJoinPool$WorkQueue; (java.base@21.0.6)
1358:            10            400  com.aerospike.client.async.EventState
1359:             5            400  com.aerospike.vector.client.proto.HnswIndexUpdate
1360:             5            400  com.fasterxml.jackson.databind.introspect.BasicBeanDescription
1361:            10            400  com.google.common.collect.ImmutableMapEntry$NonTerminalImmutableMapEntry
1362:            10            400  com.google.inject.spi.TypeConverterBinding
1363:            10            400  io.netty.resolver.AddressResolverGroup$1
1364:            10            400  io.netty.resolver.InetSocketAddressResolver
1365:             5            400  java.net.URLPermission (java.base@21.0.6)
1366:             5            400  java.util.Properties (java.base@21.0.6)
1367:            10            400  kotlin.reflect.jvm.internal.impl.types.error.ErrorScopeKind
1368:            10            400  org.glassfish.jersey.server.internal.inject.ParamInjectionResolver
1369:            16            392  [Lcom.google.protobuf.Descriptors$FileDescriptor;
1370:             7            392  com.cronutils.model.field.constraint.FieldConstraints
1371:             7            392  com.sun.jmx.mbeanserver.DefaultMXBeanMappingFactory$CollectionMapping (java.management@21.0.6)
1372:             7            392  io.undertow.Undertow$ListenerInfo
1373:             7            392  sun.management.MemoryPoolImpl$CollectionSensor (java.management@21.0.6)
1374:             7            392  sun.nio.ch.ServerSocketAdaptor (java.base@21.0.6)
1375:             5            384  [Ljava.lang.invoke.LambdaForm$NamedFunction; (java.base@21.0.6)
1376:            16            384  com.aerospike.vector.index.IndexServiceInternalGrpc$IndexServiceInternalMethodDescriptorSupplier
1377:            16            384  com.aerospike.vector.index.IndexServiceInternalGrpc$MethodHandlers
1378:             3            384  com.fasterxml.jackson.databind.ObjectMapper
1379:             3            384  com.fasterxml.jackson.databind.SerializationConfig
1380:             3            384  com.fasterxml.jackson.databind.deser.DefaultDeserializationContext$Impl
1381:             3            384  com.fasterxml.jackson.databind.ser.DefaultSerializerProvider$Impl
1382:             6            384  com.google.common.collect.RegularImmutableMap
1383:             6            384  com.google.inject.assistedinject.FactoryProvider2
1384:            12            384  io.grpc.ServerServiceDefinition
1385:            12            384  java.lang.NamedPackage (java.base@21.0.6)
1386:            12            384  java.lang.annotation.ElementType (java.base@21.0.6)
1387:            12            384  java.net.StandardSocketOptions$StdSocketOption (java.base@21.0.6)
1388:             4            384  java.security.SecureRandom (java.base@21.0.6)
1389:            12            384  java.security.spec.RSAKeyGenParameterSpec (java.base@21.0.6)
1390:            16            384  java.util.regex.Pattern$$Lambda/0x800000031 (java.base@21.0.6)
1391:            16            384  jdk.proxy2.$Proxy52 (jdk.proxy2)
1392:            12            384  kotlin.Pair
1393:            12            384  kotlin.reflect.jvm.internal.KTypeImpl$$Lambda$1
1394:             4            384  kotlin.reflect.jvm.internal.impl.descriptors.impl.EnumEntrySyntheticClassDescriptor
1395:            16            384  kotlin.reflect.jvm.internal.impl.serialization.deserialization.descriptors.DeserializedAnnotations
1396:             8            384  kotlin.reflect.jvm.internal.impl.types.KotlinTypeFactory$$Lambda$1
1397:            12            384  org.glassfish.jersey.model.Parameter$Source
1398:             8            384  org.xnio.SequenceOption
1399:            12            384  sun.reflect.annotation.TypeAnnotation$TypeAnnotationTarget (java.base@21.0.6)
1400:             6            368  [Lio.netty.util.concurrent.EventExecutor;
1401:            23            368  com.google.inject.internal.InjectorShell$LoggerFactory
1402:             2            368  io.grpc.internal.ServerImpl
1403:             1            360  [Ljakarta.ws.rs.core.Response$Status;
1404:            15            360  com.aerospike.vector.hlc.HlcTimestamp
1405:            15            360  com.aerospike.vector.node.NodeId
1406:             9            360  com.codahale.metrics.Timer
1407:             5            360  com.google.inject.internal.InjectorImpl$SyntheticProviderBindingImpl
1408:             9            360  com.google.protobuf.Descriptors$FieldDescriptor$JavaType
1409:             9            360  com.google.protobuf.WireFormat$JavaType
1410:             3            360  io.undertow.servlet.api.ServletInfo
1411:             9            360  io.undertow.util.FastConcurrentDirectDeque$Node
1412:             9            360  java.util.RegularEnumSet (java.base@21.0.6)
1413:             9            360  java.util.concurrent.locks.AbstractQueuedSynchronizer$SharedNode (java.base@21.0.6)
1414:             9            360  jdk.incubator.vector.VectorOperators$ImplCache (jdk.incubator.vector@21.0.6)
1415:             9            360  kotlin.reflect.jvm.internal.impl.protobuf.WireFormat$JavaType
1416:             9            360  kotlin.reflect.jvm.internal.impl.resolve.constants.EnumValue
1417:             5            360  kotlin.reflect.jvm.internal.impl.types.error.ErrorType
1418:             3            360  org.glassfish.jersey.server.ResourceConfig$ImmutableState
1419:             9            360  org.glassfish.jersey.server.internal.routing.WildcardMethodSelectingRouter
1420:            15            360  org.yaml.snakeyaml.nodes.Tag
1421:            15            360  sun.invoke.util.ValueConversions$WrapperCache (java.base@21.0.6)
1422:             9            360  sun.reflect.generics.reflectiveObjects.WildcardTypeImpl (java.base@21.0.6)
1423:             5            360  sun.security.util.MemoryCache$SoftCacheEntry (java.base@21.0.6)
1424:             2            352  [Ljava.text.DateFormat$Field; (java.base@21.0.6)
1425:            11            352  [Ljava.util.concurrent.atomic.Striped64$Cell; (java.base@21.0.6)
1426:            11            352  com.fasterxml.jackson.annotation.JsonFormat$Feature
1427:            11            352  com.fasterxml.jackson.annotation.JsonFormat$Shape
1428:            11            352  java.lang.invoke.MethodHandleImpl$Intrinsic (java.base@21.0.6)
1429:            11            352  kotlin.reflect.jvm.internal.impl.renderer.DescriptorRendererImpl
1430:            11            352  org.bouncycastle.asn1.x509.AlgorithmIdentifier
1431:            11            352  org.bouncycastle.jcajce.provider.asymmetric.ec.KeyFactorySpi$EC
1432:            11            352  org.yaml.snakeyaml.events.Event$ID
1433:             4            352  sun.security.provider.SHA2$SHA256 (java.base@21.0.6)
1434:             4            336  [Lcom.fasterxml.jackson.databind.cfg.CoercionAction;
1435:             7            336  com.aerospike.vector.client.proto.StandaloneIndexParams
1436:             6            336  com.fasterxml.jackson.core.io.SerializedString
1437:             7            336  com.google.protobuf.Descriptors$ServiceDescriptor
1438:            14            336  io.netty.channel.ServerChannelRecvByteBufAllocator
1439:             6            336  io.netty.channel.epoll.EpollEventLoopGroup
1440:             7            336  java.nio.file.attribute.FileTime (java.base@21.0.6)
1441:             3            336  java.util.concurrent.ScheduledThreadPoolExecutor (java.base@21.0.6)
1442:             6            336  java.util.stream.StreamOpFlag (java.base@21.0.6)
1443:             7            336  javax.management.StandardEmitterMBean (java.management@21.0.6)
1444:            14            336  jdk.proxy1.$Proxy1 (jdk.proxy1)
1445:             6            336  kotlin.reflect.jvm.internal.impl.types.ClassTypeConstructorImpl
1446:             2            336  org.bouncycastle.jce.provider.BouncyCastleProvider
1447:             7            336  org.glassfish.jersey.message.internal.AcceptableMediaType
1448:            14            336  org.xnio.ChannelListener$SimpleSetter
1449:             7            336  sun.management.MemoryPoolImpl$PoolSensor (java.management@21.0.6)
1450:             3            336  sun.security.provider.NativePRNG$RandomIO (java.base@21.0.6)
1451:             2            320  [Lcom.google.protobuf.DescriptorProtos$FieldDescriptorProto$Type;
1452:             2            320  [Lcom.google.protobuf.Descriptors$FieldDescriptor$Type;
1453:             2            320  [Lcom.google.protobuf.WireFormat$FieldType;
1454:             4            320  [Lio.netty.buffer.PoolArena;
1455:             1            320  [Lorg.bouncycastle.crypto.CryptoServiceProperties;
1456:            10            320  com.aerospike.client.async.ScheduleTask
1457:             1            320  com.aerospike.client.cluster.Cluster
1458:            10            320  com.aerospike.client.exp.Exp$Type
1459:             5            320  com.aerospike.vector.heartbeat.Heartbeat$ClusterPayload
1460:             8            320  com.aerospike.vector.index.IndexLogEntryList
1461:            10            320  com.fasterxml.jackson.databind.cfg.CoercionInputShape
1462:             2            320  com.fasterxml.jackson.databind.ser.BeanPropertyWriter
1463:             1            320  com.github.benmanes.caffeine.cache.SSLA
1464:             5            320  com.google.common.io.BaseEncoding$Alphabet
1465:            10            320  com.google.inject.internal.asm.$Type
1466:             5            320  com.google.protobuf.MapEntry$Metadata
1467:            10            320  io.netty.resolver.DefaultNameResolver
1468:            10            320  java.nio.file.StandardOpenOption (java.base@21.0.6)
1469:            10            320  java.util.concurrent.ForkJoinTask$RunnableExecuteAction (java.base@21.0.6)
1470:             8            320  kotlin.reflect.jvm.internal.impl.builtins.jvm.JavaToKotlinClassMap$PlatformMutabilityMapping
1471:            10            320  kotlin.reflect.jvm.internal.impl.metadata.deserialization.NameResolverImpl
1472:            10            320  kotlin.reflect.jvm.internal.impl.serialization.deserialization.MemberDeserializer$$Lambda$3
1473:            10            320  org.bouncycastle.crypto.CryptoServicePurpose
1474:             8            320  sun.nio.ch.DummySocketImpl (java.base@21.0.6)
1475:            10            320  sun.reflect.generics.tree.Wildcard (java.base@21.0.6)
1476:             2            320  sun.security.provider.Sun (java.base@21.0.6)
1477:             4            320  sun.security.rsa.RSAPublicKeyImpl (java.base@21.0.6)
1478:             3            312  [[Ljava.lang.String; (java.base@21.0.6)
1479:             1            312  [[Ljava.math.BigInteger; (java.base@21.0.6)
1480:             3            312  ch.qos.logback.core.ConsoleAppender
1481:            13            312  com.google.protobuf.MapField$ImmutableMessageConverter
1482:            13            312  java.util.concurrent.ConcurrentHashMap$ValuesView (java.base@21.0.6)
1483:            13            312  java.util.regex.Pattern$StartS (java.base@21.0.6)
1484:            13            312  jdk.proxy2.$Proxy51 (jdk.proxy2)
1485:            13            312  org.xnio.OptionMap
1486:            13            312  sun.util.logging.internal.LoggingProviderImpl$JULWrapper (java.logging@21.0.6)
1487:             2            304  [Lio.grpc.Status$Code;
1488:             1            288  [Lcom.fasterxml.jackson.databind.MapperFeature;
1489:             6            288  [Lorg.glassfish.jersey.internal.guava.LocalCache$Segment;
1490:             2            288  [Lorg.glassfish.jersey.internal.util.collection.KeyComparatorHashMap$Entry;
1491:             3            288  com.aerospike.vector.index.IndexLog
1492:             6            288  com.fasterxml.jackson.core.json.JsonWriteFeature
1493:             9            288  com.fasterxml.jackson.databind.node.JsonNodeType
1494:             4            288  com.sun.management.internal.GarbageCollectorExtImpl (jdk.management@21.0.6)
1495:             4            288  io.netty.buffer.SizeClasses
1496:             9            288  io.netty.handler.codec.http.HttpMethod$EnumNameMap$Node
1497:             4            288  io.undertow.servlet.handlers.ServletChain
1498:             9            288  java.lang.ClassValue$Version (java.base@21.0.6)
1499:             6            288  java.lang.invoke.LambdaForm$BasicType (java.base@21.0.6)
1500:             9            288  java.lang.reflect.AccessFlag$Location (java.base@21.0.6)
1501:             9            288  java.net.NetPermission (java.base@21.0.6)
1502:             9            288  java.nio.file.attribute.PosixFilePermission (java.base@21.0.6)
1503:             9            288  java.util.concurrent.Executors$AutoShutdownDelegatedExecutorService (java.base@21.0.6)
1504:             3            288  java.util.concurrent.ScheduledThreadPoolExecutor$ScheduledFutureTask (java.base@21.0.6)
1505:             9            288  jdk.internal.org.objectweb.asm.Type (java.base@21.0.6)
1506:            12            288  kotlin.reflect.jvm.internal.KCallableImpl$$Lambda$9
1507:            12            288  kotlin.reflect.jvm.internal.KTypeImpl$$Lambda$0
1508:             6            288  kotlinx.coroutines.sync.SemaphoreSegment
1509:             6            288  org.bouncycastle.jcajce.provider.config.ProviderConfigurationPermission
1510:             9            288  org.glassfish.jersey.inject.hk2.Hk2Helper$$Lambda/0x00007fea3c6a3c78
1511:            12            288  org.glassfish.jersey.inject.hk2.Hk2Helper$$Lambda/0x00007fea3c6a7228
1512:            12            288  org.glassfish.jersey.inject.hk2.InstanceSupplierFactoryBridge
1513:             9            288  org.glassfish.jersey.server.internal.routing.PushMatchedTemplateRouter
1514:             9            288  org.glassfish.jersey.server.model.HandlerConstructor
1515:             4            288  sun.nio.cs.UTF_8$Encoder (java.base@21.0.6)
1516:             4            288  sun.security.provider.MoreDrbgParameters (java.base@21.0.6)
1517:             4            288  sun.util.locale.provider.LocaleResources (java.base@21.0.6)
1518:             7            280  com.cronutils.parser.CronParserField
1519:             7            280  com.fasterxml.jackson.module.kotlin.KotlinFeature
1520:             1            280  com.github.benmanes.caffeine.cache.BoundedBuffer$RingBuffer
1521:             5            280  io.grpc.Metadata$TrustedAsciiKey
1522:             7            280  io.undertow.server.protocol.http.HttpRequestParser$$generated
1523:             7            280  java.lang.invoke.MethodHandles$Lookup (java.base@21.0.6)
1524:             7            280  kotlin.reflect.jvm.internal.impl.load.java.JavaNullabilityAnnotationsStatus
1525:             7            280  kotlin.reflect.jvm.internal.impl.types.error.ErrorEntity
1526:             7            280  kotlin.time.DurationUnit
1527:             5            280  kotlinx.coroutines.CompletedContinuation
1528:             5            280  kotlinx.coroutines.channels.ChannelSegment
1529:             5            280  org.glassfish.hk2.utilities.general.Hk2ThreadLocal$Key
1530:             7            280  org.xnio.nio.NioTcpServer$1
1531:             7            280  org.xnio.nio.NioXnioWorker$NioWorkerMetrics$$Lambda/0x00007fea3c7a38b8
1532:             5            280  sun.security.x509.AuthorityKeyIdentifierExtension (java.base@21.0.6)
1533:             5            280  sun.util.locale.provider.LocaleProviderAdapter$Type (java.base@21.0.6)
1534:             1            272  [Lkotlinx.coroutines.internal.ThreadSafeHeapNode;
1535:             2            272  com.fasterxml.jackson.databind.deser.impl.MethodProperty
1536:             2            272  sun.nio.ch.EPollSelectorImpl (java.base@21.0.6)
1537:             1            264  [Ljava.lang.invoke.VarHandle$AccessMode; (java.base@21.0.6)
1538:             3            264  com.fasterxml.jackson.core.sym.ByteQuadsCanonicalizer
1539:             3            264  com.fasterxml.jackson.core.sym.CharsToNameCanonicalizer
1540:             3            264  com.google.protobuf.GeneratedMessageV3$FieldAccessorTable$SingularEnumFieldAccessor
1541:            11            264  io.grpc.Attributes$Key
1542:             3            264  java.nio.DirectByteBufferR (java.base@21.0.6)
1543:            11            264  java.util.regex.Pattern$Begin (java.base@21.0.6)
1544:             3            264  javax.management.openmbean.OpenMBeanOperationInfoSupport (java.management@21.0.6)
1545:            11            264  jdk.internal.misc.InternalLock (java.base@21.0.6)
1546:            11            264  kotlin.reflect.jvm.internal.impl.protobuf.LazyStringArrayList
1547:            11            264  kotlin.reflect.jvm.internal.impl.protobuf.UnmodifiableLazyStringList
1548:            11            264  kotlin.reflect.jvm.internal.impl.renderer.DescriptorRendererImpl$$Lambda$0
1549:            11            264  org.glassfish.jersey.internal.guava.LocalCache$StrongValueReference
1550:             3            264  sun.nio.cs.StreamEncoder (java.base@21.0.6)
1551:             2            256  [Lio.netty.handler.codec.http2.Http2Error;
1552:             1            256  [Ljava.time.temporal.ChronoField; (java.base@21.0.6)
1553:             8            256  com.aerospike.vector.client.proto.StandaloneIndexState
1554:             8            256  com.aerospike.vector.cluster.QuantumFaultType
1555:             2            256  com.aerospike.vector.server.grpc.service.GrpcTransactService
1556:             4            256  com.codahale.metrics.SlidingTimeWindowArrayReservoir
1557:             8            256  com.cronutils.model.definition.CronNicknames
1558:             8            256  com.cronutils.model.field.CronFieldName
1559:             4            256  com.fasterxml.jackson.core.Base64Variant
1560:             2            256  com.fasterxml.jackson.databind.MappingJsonFactory
1561:             8            256  com.fasterxml.jackson.databind.introspect.AnnotationIntrospectorPair
1562:             8            256  com.github.benmanes.caffeine.cache.BoundedLocalCache$PerformCleanupTask
1563:             4            256  com.google.common.collect.MapMakerInternalMap$WeakKeyStrongValueSegment
1564:             8            256  com.google.protobuf.Descriptors$DescriptorPool
1565:             2            256  io.grpc.internal.DnsNameResolver
1566:             8            256  io.prometheus.client.Collector$Type
1567:             8            256  java.lang.StringBuilder (java.base@21.0.6)
1568:             8            256  java.math.RoundingMode (java.base@21.0.6)
1569:             8            256  java.util.BitSet (java.base@21.0.6)
1570:             2            256  kotlin.reflect.jvm.internal.KProperty0Impl
1571:             4            256  org.bouncycastle.crypto.params.DHParameters
1572:             4            256  org.glassfish.hk2.utilities.general.internal.WeakHashClockImpl
1573:             2            248  [Ljava.math.BigDecimal; (java.base@21.0.6)
1574:             3            248  [Ljava.util.logging.Level; (java.logging@21.0.6)
1575:             2            248  [[J (java.base@21.0.6)
1576:             1            248  org.jvnet.hk2.internal.AutoActiveDescriptor
1577:             1            248  org.jvnet.hk2.internal.ServiceLocatorImpl
1578:             6            240  [Lsun.nio.fs.NativeBuffer; (java.base@21.0.6)
1579:             5            240  com.aerospike.vector.client.proto.ProjectionFilter
1580:            10            240  com.aerospike.vector.cluster.ClusterServiceGrpc$ClusterServiceMethodDescriptorSupplier
1581:            10            240  com.aerospike.vector.cluster.ClusterServiceGrpc$MethodHandlers
1582:            15            240  com.aerospike.vector.inject.VectorDbGuiceModule$$FastClassByGuice$$6f5672
1583:             6            240  com.codahale.metrics.jvm.JmxAttributeGauge
1584:             5            240  com.fasterxml.jackson.core.JsonEncoding
1585:             5            240  com.google.protobuf.MapEntry
1586:             5            240  io.netty.handler.codec.http.HttpStatusClass
1587:             6            240  io.netty.handler.codec.http2.Http2Headers$PseudoHeaderName
1588:             5            240  io.netty.util.internal.ObjectPool$RecyclerObjectPool$1
1589:            10            240  io.netty.util.internal.TypeParameterMatcher$ReflectiveMatcher
1590:            10            240  io.undertow.UndertowLogger_$logger
1591:            10            240  java.nio.charset.CoderResult (java.base@21.0.6)
1592:             5            240  java.time.format.DateTimeFormatterBuilder$NanosPrinterParser (java.base@21.0.6)
1593:             6            240  java.time.format.TextStyle (java.base@21.0.6)
1594:            10            240  java.util.concurrent.ConcurrentSkipListMap$KeySet (java.base@21.0.6)
1595:            10            240  java.util.regex.Pattern$Dollar (java.base@21.0.6)
1596:            10            240  javax.security.auth.x500.X500Principal (java.base@21.0.6)
1597:             6            240  kotlin.reflect.jvm.internal.impl.descriptors.ClassKind
1598:             6            240  kotlin.reflect.jvm.internal.impl.load.java.AnnotationQualifierApplicabilityType
1599:            10            240  kotlin.reflect.jvm.internal.impl.load.java.lazy.descriptors.ClassDeclaredMemberIndex$$Lambda$0
1600:            10            240  kotlin.reflect.jvm.internal.impl.resolve.scopes.DescriptorKindFilter
1601:            10            240  kotlin.reflect.jvm.internal.impl.resolve.scopes.DescriptorKindFilter$Companion$MaskToName
1602:            10            240  kotlin.reflect.jvm.internal.impl.serialization.deserialization.DeserializedPackageFragmentImpl$$Lambda$0
1603:            10            240  kotlin.reflect.jvm.internal.impl.serialization.deserialization.DeserializedPackageFragmentImpl$$Lambda$1
1604:             6            240  kotlin.reflect.jvm.internal.impl.serialization.deserialization.MemberDeserializer$$Lambda$2
1605:            10            240  kotlin.reflect.jvm.internal.impl.serialization.deserialization.descriptors.DeserializedTypeParameterDescriptor$$Lambda$0
1606:             2            240  kotlinx.coroutines.channels.ConflatedBufferedChannel
1607:            10            240  org.bouncycastle.jce.spec.ECNamedCurveGenParameterSpec
1608:            10            240  org.glassfish.jersey.inject.hk2.InjectionResolverWrapper
1609:             6            240  org.glassfish.jersey.internal.JaxrsProviders
1610:             6            240  org.glassfish.jersey.message.internal.MessagingBinders$EnabledProvidersBinder$Provider
1611:             6            240  sun.nio.fs.NativeBuffer (java.base@21.0.6)
1612:            10            240  sun.security.x509.KeyIdentifier (java.base@21.0.6)
1613:             7            224  com.aerospike.vector.client.proto.NodeRole
1614:             7            224  com.aerospike.vector.cluster.QuantumFault
1615:             2            224  com.aerospike.vector.index.metrics.CacheMetrics
1616:             7            224  com.codahale.metrics.jvm.MemoryUsageGaugeSet$3
1617:             7            224  com.fasterxml.jackson.annotation.JsonInclude$Include
1618:             7            224  com.fasterxml.jackson.annotation.PropertyAccessor
1619:             7            224  com.github.benmanes.caffeine.cache.AccessOrderDeque
1620:             7            224  com.github.benmanes.caffeine.cache.BoundedLocalCache$BoundedLocalManualCache
1621:             7            224  com.google.inject.internal.TypeConverterBindingProcessor$5
1622:             7            224  com.google.protobuf.LazyStringArrayList
1623:             2            224  com.sun.security.sasl.gsskerb.JdkSASL$ProviderService (jdk.security.jgss@21.0.6)
1624:             7            224  io.grpc.SynchronizationContext$ScheduledHandle
1625:             7            224  io.netty.handler.codec.http2.Http2Stream$State
1626:             7            224  io.undertow.server.ConnectorStatisticsImpl
1627:             7            224  io.undertow.server.protocol.http2.Http2UpgradeHandler
1628:             7            224  io.undertow.servlet.core.ContextClassLoaderSetupAction$1
1629:             7            224  io.undertow.servlet.core.ServletRequestContextThreadSetupAction$1
1630:             7            224  java.lang.System$Logger$Level (java.base@21.0.6)
1631:             2            224  java.lang.invoke.BoundMethodHandle$Species_LLLLLLLL (java.base@21.0.6)
1632:             7            224  java.util.regex.Pattern$SliceI (java.base@21.0.6)
1633:             7            224  jdk.net.ExtendedSocketOptions$ExtSocketOption (jdk.net@21.0.6)
1634:             2            224  kotlin.reflect.jvm.internal.impl.descriptors.impl.ModuleDescriptorImpl
1635:             7            224  kotlin.reflect.jvm.internal.impl.metadata.ProtoBuf$Class$Kind
1636:             4            224  org.glassfish.hk2.utilities.general.internal.WeakHashLRUImpl
1637:             7            224  org.glassfish.jersey.jackson.internal.jackson.jaxrs.util.ClassKey
1638:             7            224  org.glassfish.jersey.uri.internal.UriTemplateParser$Variables$State
1639:             7            224  org.yaml.snakeyaml.scanner.Constant
1640:             2            224  sun.security.jgss.SunProvider$ProviderService (java.security.jgss@21.0.6)
1641:             1            224  sun.security.pkcs11.SunPKCS11 (jdk.crypto.cryptoki@21.0.6)
1642:             5            216  [Lcom.github.benmanes.caffeine.cache.RemovalCause;
1643:             3            216  ch.qos.logback.classic.pattern.ThrowableProxyConverter
1644:             3            216  com.fasterxml.jackson.databind.PropertyMetadata
1645:             9            216  com.google.inject.internal.TypeConverterBindingProcessor$6
1646:             3            216  io.netty.channel.ServerChannelRecvByteBufAllocator$1
1647:             9            216  io.netty.handler.codec.http.HttpMethod
1648:             3            216  java.lang.reflect.ProxyGenerator$ProxyMethod (java.base@21.0.6)
1649:             3            216  java.time.temporal.JulianFields$Field (java.base@21.0.6)
1650:             9            216  java.util.concurrent.Executors$AutoShutdownDelegatedExecutorService$$Lambda/0x00007fea3c3e9060 (java.base@21.0.6)
1651:             9            216  jdk.proxy2.$Proxy57 (jdk.proxy2)
1652:             9            216  jdk.proxy2.$Proxy64 (jdk.proxy2)
1653:             9            216  kotlin.reflect.jvm.internal.impl.descriptors.runtime.structure.ReflectJavaField
1654:             3            216  org.glassfish.jersey.model.internal.ComponentBag
1655:             9            216  org.glassfish.jersey.server.internal.routing.AbstractMethodSelectingRouter$4
1656:             9            216  org.glassfish.jersey.server.internal.routing.PushMatchedRuntimeResourceRouter
1657:             9            216  org.jvnet.hk2.component.MultiMap
1658:             9            216  sun.security.x509.DNSName (java.base@21.0.6)
1659:             9            216  sun.security.x509.GeneralName (java.base@21.0.6)
1660:             2            208  [Lio.undertow.security.impl.DigestAuthorizationToken;
1661:             1            208  [Ljava.time.LocalTime; (java.base@21.0.6)
1662:             2            208  ch.qos.logback.classic.PatternLayout
1663:             2            208  ch.qos.logback.classic.pattern.NamedConverter$NameCache
1664:             2            208  kotlin.reflect.jvm.internal.impl.descriptors.impl.PropertySetterDescriptorImpl
1665:             2            208  kotlinx.coroutines.channels.BufferedChannel
1666:             2            208  sun.nio.ch.FileChannelImpl (java.base@21.0.6)
1667:             1            200  [Ljava.lang.reflect.AccessFlag; (java.base@21.0.6)
1668:             1            200  [Lkotlin.reflect.jvm.internal.impl.incremental.components.NoLookupLocation;
1669:             1            200  [Lorg.yaml.snakeyaml.tokens.Token$ID;
1670:             1            200  [Lpicocli.CommandLine$Help$Ansi$Style;
1671:             1            200  ch.qos.logback.classic.LoggerContext
1672:             1            200  com.aerospike.vector.cluster.ClusterMonitor
1673:             5            200  com.aerospike.vector.config.NodeRoleSet
1674:             5            200  com.aerospike.vector.heartbeat.Heartbeat$SocketEndpointList
1675:             5            200  com.fasterxml.jackson.databind.cfg.JsonNodeFeature
1676:             5            200  io.netty.handler.logging.LogLevel
1677:             5            200  java.lang.invoke.VarHandle$AccessType (java.base@21.0.6)
1678:             5            200  java.net.HostPortrange (java.base@21.0.6)
1679:             5            200  java.util.ImmutableCollections$MapN (java.base@21.0.6)
1680:             5            200  jdk.incubator.vector.VectorShape (jdk.incubator.vector@21.0.6)
1681:             5            200  jdk.internal.loader.NativeLibraries (java.base@21.0.6)
1682:             5            200  jdk.internal.platform.cgroupv1.CgroupV1SubsystemController (java.base@21.0.6)
1683:             5            200  kotlin.reflect.jvm.internal.ComputableClassValue
1684:             5            200  kotlin.reflect.jvm.internal.impl.types.error.ErrorTypeConstructor
1685:             5            200  org.yaml.snakeyaml.DumperOptions$ScalarStyle
1686:             5            200  sun.security.x509.KeyUsageExtension (java.base@21.0.6)
1687:             5            200  sun.security.x509.SubjectKeyIdentifierExtension (java.base@21.0.6)
1688:             1            192  [Ljava.lang.reflect.ClassFileFormatVersion; (java.base@21.0.6)
1689:             6            192  ch.qos.logback.core.pattern.LiteralConverter
1690:             4            192  ch.qos.logback.core.util.COWArrayList
1691:             2            192  com.aerospike.client.policy.BatchPolicy
1692:             6            192  com.aerospike.connect.metrics.ThreadStatesGaugeSet$$Lambda/0x00007fea3c337ab0
1693:             1            192  com.aerospike.vector.VectorDbMain$addShutdownHook$1
1694:             8            192  com.aerospike.vector.client.proto.IndexServiceGrpc$IndexServiceMethodDescriptorSupplier
1695:             8            192  com.aerospike.vector.client.proto.IndexServiceGrpc$MethodHandlers
1696:             8            192  com.aerospike.vector.client.proto.UserAdminServiceGrpc$MethodHandlers
1697:             8            192  com.aerospike.vector.client.proto.UserAdminServiceGrpc$UserAdminServiceMethodDescriptorSupplier
1698:             6            192  com.aerospike.vector.client.proto.VectorDistanceMetric
1699:             6            192  com.aerospike.vector.client.proto.WriteType
1700:             1            192  com.aerospike.vector.cluster.ClusterRegister
1701:             8            192  com.aerospike.vector.index.metrics.SizeProvider
1702:             6            192  com.cronutils.model.field.definition.FieldDefinition
1703:             6            192  com.cronutils.model.field.value.SpecialChar
1704:             6            192  com.fasterxml.jackson.annotation.JsonAutoDetect$Visibility
1705:             6            192  com.fasterxml.jackson.core.JsonParser$NumberType
1706:             4            192  com.fasterxml.jackson.core.util.Separators$Spacing
1707:             3            192  com.fasterxml.jackson.databind.cfg.ConfigOverrides
1708:            12            192  com.fasterxml.jackson.databind.node.IntNode
1709:             4            192  com.fasterxml.jackson.databind.ser.impl.ReadOnlyClassToSerializerMap$Bucket
1710:             2            192  com.github.benmanes.caffeine.cache.BoundedLocalCache$$Lambda/0x00007fea3c563ae8
1711:             8            192  com.google.inject.matcher.Matchers$IdenticalTo
1712:             4            192  com.sun.jmx.mbeanserver.DefaultMXBeanMappingFactory$ArrayMapping (java.management@21.0.6)
1713:             4            192  com.sun.jmx.mbeanserver.DefaultMXBeanMappingFactory$EnumMapping (java.management@21.0.6)
1714:             6            192  io.grpc.internal.KeepAliveManager$State
1715:             2            192  io.netty.buffer.PooledByteBufAllocator
1716:             4            192  io.undertow.server.handlers.cache.LRUCache$CacheEntry
1717:             8            192  jakarta.ws.rs.core.MultivaluedHashMap
1718:             6            192  jakarta.ws.rs.core.Response$Status$Family
1719:             4            192  java.io.FileOutputStream (java.base@21.0.6)
1720:             6            192  java.lang.Thread$State (java.base@21.0.6)
1721:             3            192  java.lang.ThreadGroup (java.base@21.0.6)
1722:             3            192  java.lang.invoke.BoundMethodHandle$Species_LI (java.base@21.0.6)
1723:             3            192  java.lang.invoke.VarHandleReferences$Array (java.base@21.0.6)
1724:             4            192  java.security.MessageDigest$Delegate$CloneableDelegate (java.base@21.0.6)
1725:             3            192  jdk.internal.foreign.layout.ValueLayouts$OfFloatImpl (java.base@21.0.6)
1726:             3            192  jdk.internal.foreign.layout.ValueLayouts$OfIntImpl (java.base@21.0.6)
1727:             6            192  jdk.internal.perf.PerfCounter (java.base@21.0.6)
1728:             2            192  kotlin.collections.builders.MapBuilder
1729:             8            192  kotlin.reflect.jvm.internal.impl.builtins.PrimitiveType$$Lambda$0
1730:             8            192  kotlin.reflect.jvm.internal.impl.builtins.PrimitiveType$$Lambda$1
1731:             8            192  kotlin.reflect.jvm.internal.impl.descriptors.impl.AbstractTypeParameterDescriptor$2$1
1732:             4            192  kotlin.reflect.jvm.internal.impl.descriptors.impl.EnumEntrySyntheticClassDescriptor$EnumEntryScope
1733:             8            192  kotlin.reflect.jvm.internal.impl.load.kotlin.JvmType$Primitive
1734:             6            192  kotlin.reflect.jvm.internal.impl.load.kotlin.header.KotlinClassHeader$Kind
1735:             6            192  kotlin.reflect.jvm.internal.impl.metadata.ProtoBuf$Visibility
1736:             8            192  kotlinx.coroutines.internal.Removed
1737:             4            192  org.bouncycastle.crypto.params.DSAParameters
1738:             6            192  org.bouncycastle.pqc.jcajce.provider.dilithium.DilithiumKeyFactorySpi
1739:             4            192  org.glassfish.hk2.utilities.cache.LRUHybridCache
1740:             8            192  org.glassfish.jersey.internal.util.collection.Values$InstanceValue
1741:             6            192  org.glassfish.jersey.jackson.internal.jackson.jaxrs.cfg.JaxRSFeature
1742:             6            192  org.jboss.logging.Logger$Level
1743:             4            192  org.jvnet.hk2.internal.FactoryCreator
1744:             8            192  org.xnio.Xnio$MBeanCloseable
1745:             6            192  sun.security.util.DisabledAlgorithmConstraints$Constraint$Operator (java.base@21.0.6)
1746:             6            192  sun.security.x509.AccessDescription (java.base@21.0.6)
1747:             3            184  [Ljava.lang.invoke.LambdaForm$BasicType; (java.base@21.0.6)
1748:             1            184  [Lorg.glassfish.jersey.server.internal.ServerTraceEvent;
1749:             1            184  com.aerospike.client.cluster.Node
1750:             1            184  com.aerospike.vector.index.IndexService
1751:             1            184  com.aerospike.vector.index.StandaloneIndexWorker
1752:             1            184  io.undertow.server.protocol.http.HttpServerConnection
1753:             1            184  java.util.logging.LogManager$Cleaner (java.logging@21.0.6)
1754:             1            184  jdk.internal.loader.ClassLoaders$AppClassLoader (java.base@21.0.6)
1755:             1            184  jdk.internal.loader.ClassLoaders$BootClassLoader (java.base@21.0.6)
1756:             1            184  jdk.internal.loader.ClassLoaders$PlatformClassLoader (java.base@21.0.6)
1757:             2            176  [Ljava.nio.file.attribute.PosixFilePermission; (java.base@21.0.6)
1758:             2            176  com.aerospike.vector.exchange.ClusterServiceState
1759:             2            176  io.grpc.InternalChannelz$ServerSocketMap
1760:             1            176  io.undertow.servlet.core.DeploymentImpl
1761:             1            176  java.lang.ref.Finalizer$FinalizerThread (java.base@21.0.6)
1762:             1            176  java.lang.ref.Reference$ReferenceHandler (java.base@21.0.6)
1763:             1            176  jdk.internal.misc.InnocuousThread (java.base@21.0.6)
1764:             2            176  kotlin.reflect.jvm.internal.KMutableProperty1Impl$Setter
1765:             1            176  kotlin.reflect.jvm.internal.impl.descriptors.impl.ClassConstructorDescriptorImpl
1766:             2            176  org.glassfish.jersey.jackson.internal.jackson.jaxrs.util.LRUMap
1767:             1            168  [Lcom.fasterxml.jackson.core.JsonParser$Feature;
1768:             6            168  [Lcom.fasterxml.jackson.databind.ser.Serializers;
1769:             7            168  [Lcom.google.protobuf.Descriptors$ServiceDescriptor;
1770:             1            168  [Lkotlin.reflect.jvm.internal.impl.util.Checks;
1771:             7            168  [Lorg.xnio.nio.NioTcpServerHandle;
1772:             3            168  [Lsun.invoke.util.ValueConversions$WrapperCache; (java.base@21.0.6)
1773:             1            168  [Lsun.security.util.ObjectIdentifier; (java.base@21.0.6)
1774:             1            168  [Lsun.util.locale.BaseLocale; (java.base@21.0.6)
1775:             1            168  [[Ljava.lang.Byte; (java.base@21.0.6)
1776:             7            168  ch.qos.logback.classic.Level
1777:             3            168  com.aerospike.vector.client.proto.ProjectionSpec
1778:             1            168  com.aerospike.vector.exchange.ExchangeService
1779:             3            168  com.aerospike.vector.index.CentroidMapEntry
1780:             3            168  com.aerospike.vector.index.IndexCatalog$cancellableFlow$1
1781:             3            168  com.aerospike.vector.index.IndexLog$cancellableFlow$1
1782:             1            168  com.aerospike.vector.index.Indexer
1783:             7            168  com.codahale.metrics.jvm.MemoryUsageGaugeSet$$Lambda/0x00007fea3c336a20
1784:             7            168  com.codahale.metrics.jvm.MemoryUsageGaugeSet$$Lambda/0x00007fea3c336c38
1785:             7            168  com.codahale.metrics.jvm.MemoryUsageGaugeSet$$Lambda/0x00007fea3c336e50
1786:             7            168  com.codahale.metrics.jvm.MemoryUsageGaugeSet$$Lambda/0x00007fea3c337068
1787:             7            168  com.cronutils.parser.FieldParser
1788:             3            168  com.fasterxml.jackson.databind.cfg.DeserializerFactoryConfig
1789:             1            168  com.fasterxml.jackson.dataformat.yaml.YAMLFactory
1790:             3            168  com.github.benmanes.caffeine.cache.PSA
1791:             3            168  com.google.common.io.BaseEncoding$Base64Encoding
1792:             7            168  io.grpc.SynchronizationContext$ManagedRunnable
1793:             7            168  io.grpc.internal.ManagedChannelImpl$SubchannelImpl$1ShutdownSubchannel
1794:             3            168  java.io.BufferedWriter (java.base@21.0.6)
1795:             3            168  java.lang.invoke.VarHandleBooleans$FieldInstanceReadWrite (java.base@21.0.6)
1796:             7            168  java.util.concurrent.ConcurrentHashMap$EntrySetView (java.base@21.0.6)
1797:             7            168  java.util.regex.Pattern$$Lambda/0x00007fea3c060ec0 (java.base@21.0.6)
1798:             1            168  jdk.internal.jimage.ImageReader$SharedImageReader (java.base@21.0.6)
1799:             7            168  jdk.proxy1.$Proxy49 (jdk.proxy1)
1800:             7            168  jdk.proxy2.$Proxy59 (jdk.proxy2)
1801:             7            168  kotlin.reflect.jvm.internal.KCallableImpl$$Lambda$6
1802:             7            168  org.bouncycastle.asn1.ASN1Tag
1803:             7            168  org.xnio.ChannelListeners$10
1804:             7            168  org.xnio.nio.NioTcpServerHandle$1
1805:             7            168  org.xnio.nio.QueuedNioTcpServer2$$Lambda/0x00007fea3c7a3ae8
1806:             7            168  org.xnio.nio.QueuedNioTcpServer2$$Lambda/0x00007fea3c7a3d00
1807:             7            168  org.xnio.nio.QueuedNioTcpServer2$$Lambda/0x00007fea3c7a4138
1808:             1            168  sun.nio.ch.SocketChannelImpl (java.base@21.0.6)
1809:             1            160  [Lcom.aerospike.client.Operation$Type;
1810:             2            160  [Lcom.aerospike.vector.client.proto.StandaloneIndexState;
1811:             5            160  [Lcom.aerospike.vector.config.InterconnectChannelType;
1812:             2            160  [Lcom.cronutils.model.field.CronFieldName;
1813:             2            160  [Lcom.google.common.cache.LocalCache$EntryFactory;
1814:             5            160  [Ljava.util.concurrent.ConcurrentHashMap$CounterCell; (java.base@21.0.6)
1815:             2            160  [Lkotlin.reflect.jvm.internal.impl.builtins.PrimitiveType;
1816:             1            160  [Lkotlin.reflect.jvm.internal.impl.protobuf.WireFormat$FieldType;
1817:             2            160  [Lorg.glassfish.jersey.internal.guava.LocalCache$EntryFactory;
1818:             2            160  ch.qos.logback.classic.encoder.PatternLayoutEncoder
1819:             5            160  ch.qos.logback.core.pattern.parser.TokenStream$TokenizerState
1820:             4            160  ch.qos.logback.core.util.CachingDateFormatter
1821:             5            160  com.aerospike.client.async.EventLoopType
1822:             5            160  com.aerospike.client.policy.RecordExistsAction
1823:             5            160  com.aerospike.client.policy.Replica
1824:             2            160  com.aerospike.vector.metrics.ConnectionMetrics
1825:             5            160  com.fasterxml.jackson.annotation.Nulls
1826:             5            160  com.fasterxml.jackson.core.JsonFactory$Feature
1827:             4            160  com.fasterxml.jackson.core.StreamReadCapability
1828:             4            160  com.fasterxml.jackson.databind.cfg.SerializerFactoryConfig
1829:             2            160  com.fasterxml.jackson.databind.deser.std.StringCollectionDeserializer
1830:             4            160  com.fasterxml.jackson.databind.util.TypeKey
1831:             5            160  com.github.benmanes.caffeine.cache.WriteOrderDeque
1832:             4            160  com.google.protobuf.Descriptors$FileDescriptor$Syntax
1833:             1            160  com.sun.crypto.provider.SunJCE (java.base@21.0.6)
1834:             1            160  com.sun.security.sasl.Provider (java.security.sasl@21.0.6)
1835:             1            160  com.sun.security.sasl.gsskerb.JdkSASL (jdk.security.jgss@21.0.6)
1836:             5            160  io.grpc.ConnectivityState
1837:             5            160  io.grpc.MethodDescriptor$MethodType
1838:             2            160  io.netty.buffer.UnpooledByteBufAllocator$InstrumentedUnpooledUnsafeDirectByteBuf
1839:             5            160  io.netty.util.concurrent.DefaultEventExecutorChooserFactory$PowerOfTwoEventExecutorChooser
1840:             5            160  io.netty.util.internal.logging.InternalLogLevel
1841:             2            160  io.undertow.server.DefaultByteBufferPool
1842:             5            160  jakarta.servlet.DispatcherType
1843:             5            160  jakarta.servlet.http.MappingMatch
1844:             1            160  java.lang.invoke.BoundMethodHandle$Species_LLLLLLLLLLLLLL (java.base@21.0.6)
1845:             4            160  java.lang.module.ModuleDescriptor$Opens (java.base@21.0.6)
1846:             5            160  java.time.format.SignStyle (java.base@21.0.6)
1847:             5            160  java.util.regex.Pattern$CharProperty (java.base@21.0.6)
1848:             5            160  java.util.stream.StreamOpFlag$Type (java.base@21.0.6)
1849:             2            160  javax.management.openmbean.TabularType (java.management@21.0.6)
1850:             5            160  kotlin.KotlinVersion
1851:             5            160  kotlin.reflect.jvm.internal.impl.builtins.jvm.JvmBuiltInsCustomizer$JDKMemberStatus
1852:             4            160  kotlin.reflect.jvm.internal.impl.descriptors.runtime.structure.ReflectJavaValueParameter
1853:             5            160  kotlin.reflect.jvm.internal.impl.load.java.JavaDefaultQualifiers
1854:             4            160  kotlin.reflect.jvm.internal.impl.storage.LockBasedStorageManager$CacheWithNullableValuesBasedOnMemoizedFunction
1855:             5            160  kotlin.reflect.jvm.internal.impl.types.SimpleTypeWithAttributes
1856:             5            160  kotlin.reflect.jvm.internal.impl.types.error.ErrorScope
1857:             4            160  kotlinx.coroutines.channels.BufferedChannel$BufferedChannelIterator
1858:             5            160  kotlinx.coroutines.scheduling.CoroutineScheduler$WorkerState
1859:             5            160  org.bouncycastle.jcajce.provider.asymmetric.ec.KeyFactorySpi$ECMQV
1860:             2            160  org.glassfish.hk2.utilities.cache.internal.WeakCARCacheImpl
1861:             5            160  org.glassfish.jersey.internal.util.ExtendedLogger
1862:             5            160  org.glassfish.jersey.message.internal.HttpHeaderReader$Event
1863:             1            160  org.glassfish.jersey.server.ServerBootstrapBag
1864:             1            160  org.glassfish.jersey.server.internal.ProcessingProviders
1865:             1            160  org.jcp.xml.dsig.internal.dom.XMLDSigRI (java.xml.crypto@21.0.6)
1866:             5            160  picocli.CommandLine$ParseResult$GroupValidationResult$Type
1867:             5            160  sun.nio.ch.Util$BufferCache (java.base@21.0.6)
1868:             1            160  sun.security.ec.SunEC (jdk.crypto.ec@21.0.6)
1869:             1            160  sun.security.jca.ProviderList$1 (java.base@21.0.6)
1870:             5            160  sun.security.jca.ServiceId (java.base@21.0.6)
1871:             1            160  sun.security.jgss.SunProvider (java.security.jgss@21.0.6)
1872:             1            160  sun.security.provider.certpath.ldap.JdkLDAP (java.naming@21.0.6)
1873:             1            160  sun.security.rsa.SunRsaSign (java.base@21.0.6)
1874:             1            160  sun.security.smartcardio.SunPCSC (java.smartcardio@21.0.6)
1875:             1            160  sun.security.ssl.SunJSSE (java.base@21.0.6)
1876:             4            160  sun.security.x509.BasicConstraintsExtension (java.base@21.0.6)
1877:             5            160  sun.security.x509.CertificateExtensions (java.base@21.0.6)
1878:             5            160  sun.security.x509.CertificateValidity (java.base@21.0.6)
1879:             5            160  sun.security.x509.PolicyInformation (java.base@21.0.6)
1880:             1            152  com.aerospike.vector.cluster.PaxosProposer
1881:             1            152  com.aerospike.vector.heartbeat.AdjacencyMonitor
1882:             1            152  com.aerospike.vector.index.cache.IndexCacheCoordinator
1883:             1            152  io.undertow.servlet.spec.ServletContextImpl
1884:             1            152  kotlin.reflect.jvm.internal.impl.serialization.deserialization.builtins.BuiltInSerializerProtocol
1885:             1            152  sun.util.cldr.CLDRLocaleProviderAdapter (java.base@21.0.6)
1886:             2            144  [Lcom.aerospike.vector.client.proto.NodeRole;
1887:             1            144  [Lio.netty.handler.codec.http.HttpMethod$EnumNameMap$Node;
1888:             1            144  [Ljava.time.temporal.ChronoUnit; (java.base@21.0.6)
1889:             2            144  [Lkotlin.reflect.jvm.internal.impl.metadata.ProtoBuf$Class$Kind;
1890:             1            144  [Lorg.glassfish.jersey.message.internal.MsgTraceEvent;
1891:             2            144  ch.qos.logback.classic.pattern.LoggerConverter
1892:             3            144  com.aerospike.vector.client.proto.FloatData
1893:             6            144  com.aerospike.vector.client.proto.TransactServiceGrpc$MethodHandlers
1894:             6            144  com.aerospike.vector.client.proto.TransactServiceGrpc$TransactServiceMethodDescriptorSupplier
1895:             3            144  com.aerospike.vector.client.proto.Vector
1896:             1            144  com.aerospike.vector.embedded.client.config.ClientPolicyConfig
1897:             2            144  com.aerospike.vector.heartbeat.AdjacentNode
1898:             1            144  com.aerospike.vector.index.IndexCleaner
1899:             6            144  com.aerospike.vector.index.TransactServiceInternalGrpc$MethodHandlers
1900:             6            144  com.aerospike.vector.index.TransactServiceInternalGrpc$TransactServiceInternalMethodDescriptorSupplier
1901:             1            144  com.aerospike.vector.index.merge.coordinator.IndexMergeCoordinator
1902:             6            144  com.aerospike.vector.index.metrics.Fitness
1903:             3            144  com.aerospike.vector.index.metrics.IndexMetricsRegistry
1904:             6            144  com.aerospike.vector.index.metrics.PerIndexMetrics$$Lambda/0x00007fea3c885ba8
1905:             6            144  com.aerospike.vector.index.metrics.PerIndexMetrics$$Lambda/0x00007fea3c885dc0
1906:             6            144  com.aerospike.vector.index.metrics.PerIndexMetrics$$Lambda/0x00007fea3c885fd8
1907:             6            144  com.aerospike.vector.index.metrics.PerIndexMetrics$$Lambda/0x00007fea3c8861f0
1908:             6            144  com.aerospike.vector.index.metrics.PerIndexMetrics$$Lambda/0x00007fea3c886408
1909:             6            144  com.aerospike.vector.index.metrics.PerIndexMetrics$$Lambda/0x00007fea3c886a50
1910:             6            144  com.aerospike.vector.index.metrics.PerIndexMetrics$$Lambda/0x00007fea3c886c68
1911:             6            144  com.aerospike.vector.index.metrics.PerIndexMetrics$$Lambda/0x00007fea3c886e80
1912:             6            144  com.aerospike.vector.index.metrics.PerIndexMetrics$$Lambda/0x00007fea3c887098
1913:             6            144  com.aerospike.vector.index.metrics.PerIndexMetrics$$Lambda/0x00007fea3c8874c8
1914:             6            144  com.aerospike.vector.index.metrics.PerIndexMetrics$$Lambda/0x00007fea3c8878f8
1915:             6            144  com.aerospike.vector.index.metrics.PerIndexMetrics$$Lambda/0x00007fea3c887b10
1916:             6            144  com.aerospike.vector.index.metrics.PerIndexMetrics$$Lambda/0x00007fea3c887d28
1917:             6            144  com.aerospike.vector.index.metrics.PerIndexMetrics$$Lambda/0x00007fea3c88a000
1918:             6            144  com.aerospike.vector.index.metrics.PerIndexMetrics$$Lambda/0x00007fea3c88a648
1919:             6            144  com.aerospike.vector.index.metrics.PerIndexMetrics$$Lambda/0x00007fea3c88a860
1920:             6            144  com.aerospike.vector.index.metrics.PerIndexMetrics$$Lambda/0x00007fea3c88aa78
1921:             6            144  com.aerospike.vector.index.metrics.PerIndexMetrics$$Lambda/0x00007fea3c88ac90
1922:             6            144  com.aerospike.vector.index.metrics.PerIndexMetrics$$Lambda/0x00007fea3c88aea8
1923:             6            144  com.aerospike.vector.index.metrics.PerIndexMetrics$$Lambda/0x00007fea3c88b0c0
1924:             6            144  com.aerospike.vector.index.metrics.PerIndexMetrics$$Lambda/0x00007fea3c88b2d8
1925:             6            144  com.aerospike.vector.index.metrics.PerIndexMetrics$$Lambda/0x00007fea3c88b978
1926:             6            144  com.aerospike.vector.index.metrics.PerIndexMetrics$$Lambda/0x00007fea3c88c000
1927:             6            144  com.aerospike.vector.index.metrics.PerIndexMetrics$$Lambda/0x00007fea3c88c218
1928:             6            144  com.aerospike.vector.index.metrics.PerIndexMetrics$$Lambda/0x00007fea3c88c430
1929:             6            144  com.aerospike.vector.index.metrics.PerIndexMetrics$$Lambda/0x00007fea3c88c648
1930:             6            144  com.aerospike.vector.index.metrics.PerIndexMetrics$$Lambda/0x00007fea3c88c860
1931:             6            144  com.aerospike.vector.index.metrics.PerIndexMetrics$$Lambda/0x00007fea3c88cea8
1932:             6            144  com.aerospike.vector.index.metrics.PerIndexMetrics$$Lambda/0x00007fea3c88d0c0
1933:             6            144  com.aerospike.vector.index.metrics.PerIndexMetrics$$Lambda/0x00007fea3c88d2d8
1934:             6            144  com.aerospike.vector.index.metrics.PerIndexMetrics$$Lambda/0x00007fea3c88d4f0
1935:             6            144  com.aerospike.vector.index.metrics.PerIndexMetrics$$Lambda/0x00007fea3c88db38
1936:             6            144  com.aerospike.vector.index.metrics.PerIndexMetrics$$Lambda/0x00007fea3c88dd50
1937:             6            144  com.aerospike.vector.index.metrics.PerIndexMetrics$$Lambda/0x00007fea3c88df68
1938:             6            144  com.aerospike.vector.index.metrics.PerIndexMetrics$$Lambda/0x00007fea3c88e180
1939:             6            144  com.aerospike.vector.index.metrics.PerIndexMetrics$$Lambda/0x00007fea3c88e398
1940:             6            144  com.aerospike.vector.index.metrics.PerIndexMetrics$$Lambda/0x00007fea3c88e5b0
1941:             6            144  com.aerospike.vector.index.metrics.PerIndexMetrics$$Lambda/0x00007fea3c88e9e0
1942:             6            144  com.aerospike.vector.index.metrics.PerIndexMetrics$$Lambda/0x00007fea3c88ebf8
1943:             6            144  com.aerospike.vector.index.metrics.PerIndexMetrics$$Lambda/0x00007fea3c88ee10
1944:             6            144  com.aerospike.vector.index.metrics.PerIndexMetrics$$Lambda/0x00007fea3c88f240
1945:             6            144  com.aerospike.vector.index.metrics.PerIndexMetrics$$Lambda/0x00007fea3c88f458
1946:             6            144  com.aerospike.vector.index.metrics.PerIndexMetrics$$Lambda/0x00007fea3c88f670
1947:             6            144  com.aerospike.vector.index.metrics.PerIndexMetrics$$Lambda/0x00007fea3c88f888
1948:             6            144  com.aerospike.vector.index.metrics.PerIndexMetrics$$Lambda/0x00007fea3c88faa0
1949:             1            144  com.aerospike.vector.server.grpc.GrpcInterconnectServer
1950:             3            144  com.fasterxml.jackson.core.Version
1951:             3            144  com.fasterxml.jackson.core.sym.ByteQuadsCanonicalizer$TableInfo
1952:             2            144  com.fasterxml.jackson.core.util.Separators
1953:             3            144  com.fasterxml.jackson.databind.cfg.CoercionConfigs
1954:             6            144  com.fasterxml.jackson.databind.ser.std.ToStringSerializer
1955:             3            144  com.fasterxml.jackson.databind.util.EnumResolver
1956:             6            144  com.google.inject.assistedinject.BindingCollector
1957:             6            144  com.google.protobuf.FieldSet
1958:             6            144  com.sun.proxy.jdk.proxy1.$Proxy2 (jdk.proxy1)
1959:             3            144  io.netty.buffer.EmptyByteBuf
1960:             3            144  io.netty.util.concurrent.DefaultThreadFactory
1961:             6            144  io.netty.util.concurrent.MultithreadEventExecutorGroup$1
1962:             2            144  io.undertow.servlet.core.ManagedServlet
1963:             2            144  io.undertow.servlet.core.ManagedServlet$DefaultInstanceStrategy
1964:             3            144  java.io.FileInputStream (java.base@21.0.6)
1965:             2            144  java.io.PrintStream (java.base@21.0.6)
1966:             9            144  java.lang.ClassValue$Identity (java.base@21.0.6)
1967:             3            144  java.lang.Runtime$Version (java.base@21.0.6)
1968:             2            144  java.lang.invoke.MethodHandleImpl$WrappedMember (java.base@21.0.6)
1969:             3            144  java.net.InetAddress$CachedLookup (java.base@21.0.6)
1970:             2            144  java.nio.DirectIntBufferRU (java.base@21.0.6)
1971:             6            144  java.util.Collections$UnmodifiableMap$UnmodifiableEntrySet (java.base@21.0.6)
1972:             3            144  java.util.HexFormat (java.base@21.0.6)
1973:             2            144  java.util.Locale$Category (java.base@21.0.6)
1974:             3            144  java.util.concurrent.ScheduledThreadPoolExecutor$DelayedWorkQueue (java.base@21.0.6)
1975:             6            144  java.util.regex.Pattern$$Lambda/0x00007fea3c061140 (java.base@21.0.6)
1976:             3            144  javax.management.MBeanConstructorInfo (java.management@21.0.6)
1977:             2            144  jdk.internal.foreign.layout.ValueLayouts$OfAddressImpl (java.base@21.0.6)
1978:             6            144  jdk.proxy2.$Proxy21 (jdk.proxy2)
1979:             6            144  jdk.proxy2.$Proxy24 (jdk.proxy2)
1980:             6            144  jdk.proxy2.$Proxy6 (jdk.proxy2)
1981:             3            144  kotlin.reflect.jvm.internal.impl.serialization.deserialization.descriptors.DeserializedClassDescriptor$EnumEntryClassDescriptors
1982:             6            144  kotlin.reflect.jvm.internal.impl.types.TypeAttributes
1983:             3            144  kotlin.reflect.jvm.internal.impl.types.Variance
1984:             2            144  kotlinx.coroutines.BlockingEventLoop
1985:             2            144  kotlinx.coroutines.JobSupport$AwaitContinuation
1986:             3            144  kotlinx.coroutines.internal.LockFreeTaskQueueCore
1987:             6            144  kotlinx.coroutines.sync.MutexImpl$$Lambda/0x00007fea3c559c30
1988:             6            144  kotlinx.coroutines.sync.SemaphoreAndMutexImpl$$Lambda/0x00007fea3c559828
1989:             6            144  org.glassfish.jersey.internal.guava.LocalCache$LocalManualCache
1990:             2            144  org.glassfish.jersey.internal.util.collection.KeyComparatorHashMap
1991:             6            144  org.glassfish.jersey.internal.util.collection.LRU$LRUFactory$1
1992:             6            144  org.xnio.nio.Log_$logger
1993:             3            144  sun.net.spi.DefaultProxySelector$NonProxyInfo (java.base@21.0.6)
1994:             6            144  sun.nio.fs.NativeBuffer$Deallocator (java.base@21.0.6)
1995:             1            144  sun.reflect.misc.MethodUtil (java.base@21.0.6)
1996:             3            144  sun.security.x509.CRLDistributionPointsExtension (java.base@21.0.6)
1997:             3            144  sun.security.x509.DistributionPoint (java.base@21.0.6)
1998:             1            144  sun.util.locale.provider.JRELocaleProviderAdapter (java.base@21.0.6)
1999:             2            136  [Lsun.security.jca.ProviderConfig; (java.base@21.0.6)
2000:             1            136  com.aerospike.client.async.AsyncWrite
2001:             1            136  com.aerospike.vector.heartbeat.HeartbeatTransmitter
2002:             1            136  com.aerospike.vector.interconnect.InterconnectChannelProvider
2003:             1            136  com.aerospike.vector.server.grpc.GrpcVectorDbServer
2004:             1            136  java.lang.invoke.BoundMethodHandle$Species_LLLLLLLLLLL (java.base@21.0.6)
2005:             2            128  [Lcom.aerospike.vector.client.proto.VectorDistanceMetric;
2006:             2            128  [Lcom.aerospike.vector.client.proto.WriteType;
2007:             2            128  [Lio.netty.handler.codec.http.HttpStatusClass;
2008:             2            128  [Ljava.lang.OutOfMemoryError; (java.base@21.0.6)
2009:             1            128  [Ljavax.management.openmbean.SimpleType; (java.management@21.0.6)
2010:             2            128  [Lkotlin.reflect.jvm.internal.impl.metadata.ProtoBuf$Visibility;
2011:             1            128  [Lkotlin.reflect.jvm.internal.impl.renderer.DescriptorRendererModifier;
2012:             1            128  [Lorg.glassfish.jersey.server.monitoring.RequestEvent$Type;
2013:             2            128  [[Ljava.lang.invoke.MethodHandle; (java.base@21.0.6)
2014:             4            128  ch.qos.logback.core.pattern.parser.Token
2015:             4            128  ch.qos.logback.core.util.CachingDateFormatter$CacheTuple
2016:             1            128  com.aerospike.client.AerospikeClient
2017:             4            128  com.aerospike.client.BatchRecord$Type
2018:             4            128  com.aerospike.client.Log$Level
2019:             4            128  com.aerospike.client.cluster.Partitions
2020:             4            128  com.aerospike.client.policy.AuthMode
2021:             4            128  com.aerospike.client.policy.ReadModeSC
2022:             2            128  com.aerospike.vector.client.proto.AboutResponse
2023:             4            128  com.aerospike.vector.client.proto.ProjectionType
2024:             2            128  com.aerospike.vector.client.proto.StandaloneIndexMetrics
2025:             4            128  com.aerospike.vector.cluster.JoinRequestResult
2026:             4            128  com.aerospike.vector.cluster.events.StateChangeQualifier
2027:             4            128  com.aerospike.vector.exchange.ExchangeState
2028:             4            128  com.aerospike.vector.index.IndexLogEntry$OperationCase
2029:             1            128  com.aerospike.vector.index.StandaloneIndexCoordinator
2030:             4            128  com.aerospike.vector.index.config.CacheConfig
2031:             2            128  com.aerospike.vector.index.merge.coordinator.IndexMergeCoordinator$1
2032:             4            128  com.codahale.metrics.ChunkedAssociativeLongArray
2033:             4            128  com.fasterxml.jackson.annotation.JsonCreator$Mode
2034:             4            128  com.fasterxml.jackson.annotation.JsonProperty$Access
2035:             4            128  com.fasterxml.jackson.databind.cfg.CoercionAction
2036:             4            128  com.fasterxml.jackson.databind.cfg.ConstructorDetector$SingleArgConstructor
2037:             1            128  com.fasterxml.jackson.databind.deser.impl.SetterlessProperty
2038:             2            128  com.fasterxml.jackson.module.kotlin.ReflectionCache
2039:             4            128  com.google.inject.internal.Initializer$InjectableReferenceState
2040:             4            128  com.google.inject.internal.InternalFlags$CustomClassLoadingOption
2041:             2            128  com.google.protobuf.DescriptorProtos$EnumValueOptions
2042:             4            128  io.grpc.CallOptions$Key
2043:             4            128  io.grpc.ChannelLogger$ChannelLogLevel
2044:             4            128  io.grpc.InternalChannelz$ChannelTrace$Event$Severity
2045:             4            128  io.grpc.internal.ClientStreamListener$RpcProgress
2046:             4            128  io.grpc.netty.Utils$DefaultEventLoopGroupResource
2047:             4            128  io.netty.channel.DefaultChannelPipeline$AddStrategy
2048:             2            128  io.netty.channel.group.DefaultChannelGroup
2049:             4            128  io.netty.util.ResourceLeakDetector$Level
2050:             4            128  io.undertow.security.impl.SecurityContextImpl$AuthenticationState
2051:             1            128  io.undertow.server.session.InMemorySessionManager
2052:             4            128  io.undertow.servlet.api.TransportGuaranteeType
2053:             4            128  io.undertow.servlet.handlers.ServletChain$1
2054:             4            128  io.undertow.servlet.handlers.security.ServletSecurityRoleHandler
2055:             8            128  java.lang.Float (java.base@21.0.6)
2056:             2            128  java.lang.ModuleLayer (java.base@21.0.6)
2057:             2            128  java.lang.module.Configuration (java.base@21.0.6)
2058:             4            128  java.lang.module.ModuleDescriptor$Modifier (java.base@21.0.6)
2059:             4            128  java.lang.module.ModuleDescriptor$Requires$Modifier (java.base@21.0.6)
2060:             4            128  java.text.Normalizer$Form (java.base@21.0.6)
2061:             4            128  java.time.LocalDateTime (java.base@21.0.6)
2062:             4            128  java.time.format.DateTimeFormatterBuilder$OffsetIdPrinterParser (java.base@21.0.6)
2063:             4            128  java.time.format.DateTimeFormatterBuilder$SettingsParser (java.base@21.0.6)
2064:             2            128  java.time.format.DateTimeFormatterBuilder$ZoneTextPrinterParser (java.base@21.0.6)
2065:             4            128  java.util.concurrent.Executors$RunnableAdapter (java.base@21.0.6)
2066:             4            128  java.util.regex.Pattern$Qtype (java.base@21.0.6)
2067:             4            128  java.util.stream.StreamShape (java.base@21.0.6)
2068:             2            128  jdk.internal.foreign.layout.ValueLayouts$OfCharImpl (java.base@21.0.6)
2069:             2            128  jdk.internal.foreign.layout.ValueLayouts$OfDoubleImpl (java.base@21.0.6)
2070:             2            128  jdk.internal.foreign.layout.ValueLayouts$OfLongImpl (java.base@21.0.6)
2071:             2            128  jdk.internal.foreign.layout.ValueLayouts$OfShortImpl (java.base@21.0.6)
2072:             4            128  jdk.internal.logger.BootstrapLogger$LoggingBackend (java.base@21.0.6)
2073:             4            128  jdk.internal.util.OperatingSystem (java.base@21.0.6)
2074:             4            128  jdk.jfr.internal.SecuritySupport$SafePath (jdk.jfr@21.0.6)
2075:             8            128  kotlin.reflect.jvm.internal.impl.builtins.ReflectionTypes$ClassLookup
2076:             4            128  kotlin.reflect.jvm.internal.impl.descriptors.CallableMemberDescriptor$Kind
2077:             4            128  kotlin.reflect.jvm.internal.impl.descriptors.Modality
2078:             4            128  kotlin.reflect.jvm.internal.impl.descriptors.impl.EnumEntrySyntheticClassDescriptor$EnumEntryScope$1
2079:             4            128  kotlin.reflect.jvm.internal.impl.descriptors.impl.EnumEntrySyntheticClassDescriptor$EnumEntryScope$2
2080:             4            128  kotlin.reflect.jvm.internal.impl.descriptors.impl.EnumEntrySyntheticClassDescriptor$EnumEntryScope$3
2081:             4            128  kotlin.reflect.jvm.internal.impl.descriptors.runtime.structure.ReflectJavaClassifierType
2082:             4            128  kotlin.reflect.jvm.internal.impl.load.java.descriptors.JavaMethodDescriptor$ParameterNamesStatus
2083:             4            128  kotlin.reflect.jvm.internal.impl.metadata.ProtoBuf$MemberKind
2084:             4            128  kotlin.reflect.jvm.internal.impl.metadata.ProtoBuf$Modality
2085:             4            128  kotlin.reflect.jvm.internal.impl.metadata.ProtoBuf$Type$Argument$Projection
2086:             4            128  kotlin.reflect.jvm.internal.impl.metadata.deserialization.Flags$EnumLiteFlagField
2087:             4            128  kotlin.reflect.jvm.internal.impl.resolve.sam.SamConversionResolverImpl
2088:             4            128  kotlin.reflect.jvm.internal.impl.serialization.deserialization.AnnotatedCallableKind
2089:             4            128  kotlin.reflect.jvm.internal.impl.serialization.deserialization.descriptors.DeserializedClassDescriptor$EnumEntryClassDescriptors$$Lambda$2
2090:             4            128  kotlinx.coroutines.CoroutineStart
2091:             4            128  net.engio.mbassy.bus.MessagePublication$State
2092:             4            128  org.bouncycastle.crypto.CryptoServicesPermission
2093:             4            128  org.bouncycastle.crypto.params.DSAValidationParameters
2094:             2            128  org.glassfish.jersey.internal.ServiceFinderBinder
2095:             2            128  org.glassfish.jersey.server.model.internal.ModelProcessorUtil$Method
2096:             4            128  org.glassfish.jersey.uri.internal.TemplateVariable$Position
2097:             4            128  org.slf4j.helpers.BasicMarker
2098:             4            128  org.yaml.snakeyaml.nodes.NodeId
2099:             4            128  picocli.CommandLine$TraceLevel
2100:             2            128  sun.nio.ch.IOVecWrapper (java.base@21.0.6)
2101:             4            128  sun.security.provider.DRBG (java.base@21.0.6)
2102:             4            128  sun.security.provider.certpath.X509CertPath (java.base@21.0.6)
2103:             1            120  [Lcom.fasterxml.jackson.core.JsonGenerator$Feature;
2104:             1            120  [Lcom.fasterxml.jackson.core.JsonToken;
2105:             1            120  [Lcom.fasterxml.jackson.databind.type.LogicalType;
2106:             4            120  [Lcom.google.protobuf.Descriptors$EnumDescriptor;
2107:             2            120  [Lkotlin.reflect.jvm.internal.impl.load.java.AnnotationQualifierApplicabilityType;
2108:             1            120  [Lkotlin.reflect.jvm.internal.impl.metadata.ProtoBuf$Annotation$Argument$Value$Type;
2109:             1            120  [Lorg.glassfish.jersey.uri.UriComponent$Type;
2110:             1            120  [[Z (java.base@21.0.6)
2111:             1            120  com.aerospike.client.policy.QueryPolicy
2112:             3            120  com.aerospike.vector.config.PortConfig
2113:             3            120  com.aerospike.vector.embedded.client.EventLoopProvider
2114:             1            120  com.aerospike.vector.index.healer.coordinator.IndexHealerCoordinator
2115:             1            120  com.aerospike.vector.index.healer.worker.IndexHealerWorker
2116:             1            120  com.aerospike.vector.index.merge.worker.IndexMergeWorker
2117:             5            120  com.aerospike.vector.index.metrics.PerIndexMetrics$$Lambda/0x00007fea3c885778
2118:             5            120  com.aerospike.vector.index.metrics.PerIndexMetrics$$Lambda/0x00007fea3c885990
2119:             5            120  com.aerospike.vector.index.metrics.PerIndexMetrics$$Lambda/0x00007fea3c886620
2120:             5            120  com.aerospike.vector.index.metrics.PerIndexMetrics$$Lambda/0x00007fea3c886838
2121:             5            120  com.aerospike.vector.index.metrics.PerIndexMetrics$$Lambda/0x00007fea3c8872b0
2122:             5            120  com.aerospike.vector.index.metrics.PerIndexMetrics$$Lambda/0x00007fea3c8876e0
2123:             5            120  com.aerospike.vector.index.metrics.PerIndexMetrics$$Lambda/0x00007fea3c88ca78
2124:             5            120  com.aerospike.vector.index.metrics.PerIndexMetrics$$Lambda/0x00007fea3c88cc90
2125:             5            120  com.aerospike.vector.index.metrics.PerIndexMetrics$$Lambda/0x00007fea3c88d708
2126:             5            120  com.aerospike.vector.index.metrics.PerIndexMetrics$$Lambda/0x00007fea3c88d920
2127:             5            120  com.aerospike.vector.index.metrics.PerIndexMetrics$$Lambda/0x00007fea3c88e7c8
2128:             5            120  com.aerospike.vector.index.metrics.PerIndexMetrics$$Lambda/0x00007fea3c88f028
2129:             5            120  com.aerospike.vector.index.metrics.PerIndexMetrics$$Lambda/0x00007fea3c88fcb8
2130:             3            120  com.fasterxml.jackson.core.sym.CharsToNameCanonicalizer$TableInfo
2131:             3            120  com.fasterxml.jackson.databind.deser.DeserializerCache
2132:             1            120  com.fasterxml.jackson.databind.module.SimpleModule
2133:             3            120  com.google.common.collect.ImmutableMapEntrySet$RegularEntrySet
2134:             5            120  com.google.inject.internal.InjectorImpl$SyntheticProviderBindingImpl$1
2135:             3            120  com.google.inject.spi.ScopeBinding
2136:             5            120  com.google.protobuf.MapEntry$Metadata$1
2137:             3            120  io.netty.buffer.ReadOnlyByteBuf
2138:             3            120  io.netty.channel.epoll.EpollRecvByteAllocatorHandle
2139:             5            120  io.netty.util.Recycler$2
2140:             5            120  io.netty.util.internal.ObjectPool$RecyclerObjectPool
2141:             1            120  io.undertow.Undertow
2142:             3            120  io.undertow.server.handlers.PredicateHandler
2143:             3            120  io.undertow.server.handlers.cache.LRUCache
2144:             3            120  io.undertow.servlet.api.ServletStackTraces
2145:             5            120  io.undertow.servlet.predicate.DispatcherTypePredicate
2146:             3            120  it.unimi.dsi.util.SplitMix64Random
2147:             3            120  java.io.OutputStreamWriter (java.base@21.0.6)
2148:             5            120  java.lang.Double (java.base@21.0.6)
2149:             3            120  java.lang.invoke.MethodHandleImpl$BindCaller$InjectedInvokerHolder (java.base@21.0.6)
2150:             5            120  java.net.URLPermission$Authority (java.base@21.0.6)
2151:             5            120  java.time.LocalDate (java.base@21.0.6)
2152:             3            120  java.util.concurrent.ConcurrentLinkedDeque$Node (java.base@21.0.6)
2153:             5            120  jdk.internal.math.FloatingDecimal$PreparedASCIIToBinaryBuffer (java.base@21.0.6)
2154:             3            120  jdk.internal.util.ClassFileDumper (java.base@21.0.6)
2155:             5            120  jdk.proxy2.$Proxy48 (jdk.proxy2)
2156:             5            120  jdk.proxy2.$Proxy63 (jdk.proxy2)
2157:             5            120  kotlin.ULong
2158:             5            120  kotlin.reflect.jvm.internal.ClassValueCache
2159:             5            120  kotlin.reflect.jvm.internal.impl.descriptors.annotations.CompositeAnnotations
2160:             3            120  kotlin.reflect.jvm.internal.impl.load.java.ReportLevel
2161:             3            120  kotlin.reflect.jvm.internal.impl.load.java.SpecialGenericSignatures$TypeSafeBarrierDescription
2162:             5            120  kotlin.reflect.jvm.internal.impl.load.java.typeEnhancement.NullabilityQualifierWithMigrationStatus
2163:             3            120  kotlin.reflect.jvm.internal.impl.resolve.scopes.StaticScopeForKotlinEnum
2164:             5            120  kotlin.reflect.jvm.internal.impl.serialization.deserialization.descriptors.DeserializedClassDescriptor$$Lambda$5
2165:             5            120  kotlin.reflect.jvm.internal.impl.types.AnnotationsTypeAttribute
2166:             3            120  kotlin.reflect.jvm.internal.impl.types.model.TypeVariance
2167:             5            120  kotlin.reflect.jvm.internal.impl.util.OneElementArrayMap
2168:             3            120  org.apache.commons.collections4.queue.CircularFifoQueue
2169:             3            120  org.apache.commons.io.StandardLineSeparator
2170:             3            120  org.glassfish.hk2.utilities.NamedImpl
2171:             3            120  org.glassfish.hk2.utilities.cache.Cache
2172:             3            120  org.glassfish.jersey.internal.inject.Providers$ProviderRuntime
2173:             3            120  org.glassfish.jersey.internal.util.collection.Cache
2174:             3            120  org.glassfish.jersey.uri.internal.TemplateVariable$PathTemplateVariable
2175:             5            120  org.xnio.Option$10
2176:             5            120  org.xnio._private.Messages_$logger
2177:             3            120  org.yaml.snakeyaml.DumperOptions$FlowStyle
2178:             5            120  sun.security.util.BitArray (java.base@21.0.6)
2179:             5            120  sun.security.util.Cache$EqualByteArray (java.base@21.0.6)
2180:             3            120  sun.security.x509.AuthorityInfoAccessExtension (java.base@21.0.6)
2181:             5            120  sun.security.x509.CertificateAlgorithmId (java.base@21.0.6)
2182:             3            120  sun.security.x509.CertificatePoliciesExtension (java.base@21.0.6)
2183:             5            120  sun.security.x509.CertificatePolicyId (java.base@21.0.6)
2184:             5            120  sun.security.x509.CertificateSerialNumber (java.base@21.0.6)
2185:             5            120  sun.security.x509.CertificateX509Key (java.base@21.0.6)
2186:             3            120  sun.security.x509.ExtendedKeyUsageExtension (java.base@21.0.6)
2187:             5            120  sun.security.x509.SerialNumber (java.base@21.0.6)
2188:             1            112  [Lcom.fasterxml.jackson.databind.node.IntNode;
2189:             1            112  [Lcom.fasterxml.jackson.dataformat.yaml.YAMLGenerator$Feature;
2190:             2            112  [Ljakarta.servlet.DispatcherType;
2191:             2            112  [Ljava.util.stream.StreamOpFlag$Type; (java.base@21.0.6)
2192:             1            112  [Lorg.glassfish.jersey.model.Parameter$Source;
2193:             1            112  [Lsun.reflect.annotation.TypeAnnotation$TypeAnnotationTarget; (java.base@21.0.6)
2194:             2            112  [[Lcom.github.benmanes.caffeine.cache.Node;
2195:             2            112  ch.qos.logback.classic.pattern.DateConverter
2196:             1            112  com.aerospike.client.async.NettyCommand
2197:             2            112  com.aerospike.flow.CancellableFlow$job$1$1$emit$1
2198:             1            112  com.aerospike.vector.cluster.QuantumIntervalGenerator
2199:             2            112  com.aerospike.vector.index.Indexer$batchProcessingCancellableFlow$1
2200:             2            112  com.fasterxml.jackson.databind.deser.std.NumberDeserializers$BooleanDeserializer
2201:             2            112  com.fasterxml.jackson.databind.deser.std.NumberDeserializers$FloatDeserializer
2202:             2            112  com.fasterxml.jackson.databind.deser.std.NumberDeserializers$IntegerDeserializer
2203:             2            112  com.fasterxml.jackson.databind.deser.std.NumberDeserializers$LongDeserializer
2204:             2            112  com.fasterxml.jackson.databind.introspect.VisibilityChecker$Std
2205:             2            112  com.google.common.io.BaseEncoding$StandardBaseEncoding
2206:             2            112  com.sun.jmx.mbeanserver.DefaultMXBeanMappingFactory$TabularMapping (java.management@21.0.6)
2207:             7            112  io.undertow.server.ConnectorStatisticsImpl$BytesReceivedAccumulator
2208:             7            112  io.undertow.server.ConnectorStatisticsImpl$BytesSentAccumulator
2209:             1            112  io.undertow.server.protocol.http.HttpResponseConduit
2210:             2            112  io.undertow.servlet.handlers.ServletPathMatch
2211:             2            112  java.io.BufferedOutputStream (java.base@21.0.6)
2212:             2            112  java.lang.ref.NativeReferenceQueue (java.base@21.0.6)
2213:             2            112  jdk.jfr.internal.jfc.JFC$KnownConfiguration (jdk.jfr@21.0.6)
2214:             1            112  kotlin.reflect.jvm.internal.impl.descriptors.impl.ClassDescriptorImpl
2215:             1            112  kotlin.reflect.jvm.internal.impl.types.error.ErrorClassDescriptor
2216:             2            112  kotlinx.coroutines.BlockingCoroutine
2217:             2            112  kotlinx.coroutines.ResumeAwaitOnCompletion
2218:             1            112  org.glassfish.jersey.message.internal.MessageBodyFactory
2219:             1            112  org.glassfish.jersey.server.ServerRuntime
2220:             2            112  sun.management.MemoryManagerImpl (java.management@21.0.6)
2221:             2            112  sun.security.provider.FileInputStreamPool$StreamRef (java.base@21.0.6)
2222:             1            112  sun.security.provider.certpath.ldap.JdkLDAP$ProviderService (java.naming@21.0.6)
2223:             2            112  sun.security.rsa.RSAUtil$KeyType (java.base@21.0.6)
2224:             1            112  sun.security.smartcardio.SunPCSC$ProviderService (java.smartcardio@21.0.6)
2225:             2            104  [Lcom.cronutils.model.field.value.SpecialChar;
2226:             1            104  [Lcom.fasterxml.jackson.annotation.JsonFormat$Feature;
2227:             1            104  [Lcom.fasterxml.jackson.annotation.JsonFormat$Shape;
2228:             4            104  [Lcom.fasterxml.jackson.databind.deser.Deserializers;
2229:             3            104  [Lcom.fasterxml.jackson.databind.deser.KeyDeserializers;
2230:             1            104  [Ljava.lang.invoke.MethodHandleImpl$Intrinsic; (java.base@21.0.6)
2231:             1            104  [Lorg.reflections.scanners.Scanners;
2232:             1            104  [Lorg.yaml.snakeyaml.events.Event$ID;
2233:             1            104  com.aerospike.client.policy.ScanPolicy
2234:             1            104  com.aerospike.vector.cluster.ClusterMetrics
2235:             1            104  com.aerospike.vector.config.VectorDbConfig
2236:             1            104  com.aerospike.vector.heartbeat.DiscoveryRegister
2237:             1            104  com.aerospike.vector.storage.index.AerospikeIndexMetaStore
2238:             1            104  com.fasterxml.jackson.core.util.InternCache
2239:             1            104  io.grpc.CallOptions
2240:             1            104  io.netty.util.concurrent.GlobalEventExecutor
2241:             1            104  java.util.logging.LogManager$RootLogger (java.logging@21.0.6)
2242:             1            104  jdk.internal.icu.impl.NormalizerImpl (java.base@21.0.6)
2243:             1            104  org.glassfish.jersey.internal.inject.InjectionResolverBinding
2244:             1            104  org.glassfish.jersey.internal.inject.InstanceBinding
2245:             1            104  org.xnio.nio.NioXnioWorker
2246:             1            104  sun.nio.ch.NioSocketImpl (java.base@21.0.6)
2247:             1             96  [Lcom.aerospike.client.async.EventState;
2248:             1             96  [Lcom.aerospike.client.async.NettyEventLoop;
2249:             1             96  [Lcom.aerospike.client.cluster.Node$AsyncPool;
2250:             1             96  [Lcom.aerospike.client.exp.Exp$Type;
2251:             2             96  [Lcom.aerospike.vector.client.proto.ProjectionType;
2252:             2             96  [Lcom.fasterxml.jackson.annotation.JsonCreator$Mode;
2253:             2             96  [Lcom.fasterxml.jackson.annotation.JsonProperty$Access;
2254:             1             96  [Lcom.fasterxml.jackson.databind.cfg.CoercionInputShape;
2255:             1             96  [Ljava.lang.Runnable; (java.base@21.0.6)
2256:             2             96  [Ljava.nio.charset.CoderResult; (java.base@21.0.6)
2257:             1             96  [Ljava.nio.file.StandardOpenOption; (java.base@21.0.6)
2258:             4             96  [Ljava.security.CodeSigner; (java.base@21.0.6)
2259:             4             96  [Ljava.util.concurrent.atomic.AtomicReferenceArray; (java.base@21.0.6)
2260:             2             96  [Ljdk.internal.util.OperatingSystem; (java.base@21.0.6)
2261:             2             96  [Lkotlin.reflect.KClass;
2262:             2             96  [Lkotlin.reflect.jvm.internal.impl.metadata.ProtoBuf$MemberKind;
2263:             2             96  [Lkotlin.reflect.jvm.internal.impl.metadata.ProtoBuf$Modality;
2264:             1             96  [Lkotlin.reflect.jvm.internal.impl.types.error.ErrorScopeKind;
2265:             1             96  [Lorg.bouncycastle.crypto.CryptoServicePurpose;
2266:             1             96  [[I (java.base@21.0.6)
2267:             2             96  ch.qos.logback.classic.pattern.LevelConverter
2268:             2             96  ch.qos.logback.classic.pattern.LineSeparatorConverter
2269:             2             96  ch.qos.logback.classic.pattern.MessageConverter
2270:             3             96  ch.qos.logback.classic.spi.Configurator$ExecutionStatus
2271:             2             96  ch.qos.logback.core.joran.spi.ConsoleTarget
2272:             3             96  ch.qos.logback.core.spi.FilterReply
2273:             4             96  com.aerospike.client.Value$StringValue
2274:             3             96  com.aerospike.client.policy.GenerationPolicy
2275:             1             96  com.aerospike.client.policy.TxnRollPolicy
2276:             1             96  com.aerospike.client.policy.TxnVerifyPolicy
2277:             4             96  com.aerospike.connect.metrics.GarbageCollectorMetricSet$$Lambda/0x00007fea3c3341f8
2278:             4             96  com.aerospike.connect.metrics.GarbageCollectorMetricSet$$Lambda/0x00007fea3c334410
2279:             4             96  com.aerospike.vector.client.proto.ClusterInfoServiceGrpc$ClusterInfoServiceMethodDescriptorSupplier
2280:             4             96  com.aerospike.vector.client.proto.ClusterInfoServiceGrpc$MethodHandlers
2281:             3             96  com.aerospike.vector.client.proto.IndexMode
2282:             3             96  com.aerospike.vector.client.proto.Status
2283:             2             96  com.aerospike.vector.cluster.ClusterEpoch
2284:             3             96  com.aerospike.vector.cluster.MonitorState
2285:             3             96  com.aerospike.vector.cluster.PaxosAcceptorState
2286:             3             96  com.aerospike.vector.cluster.PaxosProposerState
2287:             3             96  com.aerospike.vector.cluster.messages.proposer.ProposalId
2288:             2             96  com.aerospike.vector.config.FlowControlConfig
2289:             1             96  com.aerospike.vector.index.config.HealerConfig
2290:             3             96  com.aerospike.vector.index.metrics.NodeFitnessProbabilities
2291:             4             96  com.aerospike.vector.index.metrics.PerIndexMetrics$$Lambda/0x00007fea3c88a218
2292:             4             96  com.aerospike.vector.index.metrics.PerIndexMetrics$$Lambda/0x00007fea3c88a430
2293:             4             96  com.aerospike.vector.index.metrics.PerIndexMetrics$$Lambda/0x00007fea3c88bda0
2294:             2             96  com.aerospike.vector.partitions.PartitionServiceState
2295:             2             96  com.fasterxml.jackson.annotation.JsonInclude$Value
2296:             3             96  com.fasterxml.jackson.core.Base64Variant$PaddingReadBehaviour
2297:             1             96  com.fasterxml.jackson.core.util.DefaultPrettyPrinter
2298:             4             96  com.fasterxml.jackson.databind.cfg.ConstructorDetector
2299:             3             96  com.fasterxml.jackson.databind.cfg.MutableCoercionConfig
2300:             3             96  com.fasterxml.jackson.databind.introspect.SimpleMixInResolver
2301:             4             96  com.fasterxml.jackson.databind.ser.BeanSerializerFactory
2302:             3             96  com.fasterxml.jackson.databind.ser.SerializerCache
2303:             3             96  com.fasterxml.jackson.databind.util.AccessPattern
2304:             3             96  com.google.common.collect.ImmutableEntry
2305:             4             96  com.google.common.util.concurrent.UncaughtExceptionHandlers$Exiter
2306:             3             96  com.google.inject.Stage
2307:             3             96  com.google.inject.internal.InjectorImpl$JitLimitation
2308:             3             96  com.google.inject.internal.InternalFlags$NullableProvidesOption
2309:             3             96  com.google.inject.internal.MoreTypes$WildcardTypeImpl
2310:             3             96  com.google.inject.spi.InjectionPoint$Position
2311:             3             96  com.google.protobuf.DescriptorProtos$FieldDescriptorProto$Label
2312:             1             96  com.google.protobuf.DescriptorProtos$FieldOptions
2313:             3             96  com.google.protobuf.Descriptors$DescriptorPool$SearchFilter
2314:             3             96  com.google.protobuf.FloatArrayList
2315:             3             96  com.google.protobuf.MapField$StorageMode
2316:             4             96  com.sun.proxy.jdk.proxy1.$Proxy27 (jdk.proxy1)
2317:             3             96  io.grpc.Context
2318:             3             96  io.grpc.Context$Key
2319:             3             96  io.grpc.SecurityLevel
2320:             3             96  io.grpc.TlsChannelCredentials$Feature
2321:             3             96  io.grpc.TlsServerCredentials$Feature
2322:             3             96  io.grpc.internal.ManagedChannelImpl$ResolutionState
2323:             3             96  io.grpc.netty.NegotiationType
2324:             3             96  io.netty.buffer.UnreleasableByteBuf
2325:             3             96  io.netty.handler.codec.http2.HpackDecoder$HeaderType
2326:             3             96  io.netty.handler.codec.http2.HpackUtil$IndexType
2327:             3             96  io.netty.handler.codec.http2.Http2Exception$ShutdownHint
2328:             3             96  io.undertow.Undertow$ListenerType
2329:             3             96  io.undertow.security.api.AuthenticationMechanism$AuthenticationMechanismOutcome
2330:             3             96  io.undertow.server.DefaultByteBufferPool$ThreadLocalData
2331:             6             96  io.undertow.server.handlers.ResponseCodeHandler
2332:             1             96  io.undertow.server.protocol.http.ParseState
2333:             3             96  io.undertow.servlet.api.DeploymentManager$State
2334:             3             96  io.undertow.servlet.core.ApplicationListeners$ListenerState
2335:             3             96  io.undertow.servlet.handlers.ServletPathMatch$Type
2336:             3             96  io.undertow.servlet.spec.HttpServletResponseImpl$ResponseState
2337:             3             96  io.undertow.util.FastConcurrentDirectDeque
2338:             3             96  io.undertow.util.SubstringMap$SubstringMatch
2339:             3             96  jakarta.servlet.SessionTrackingMode
2340:             3             96  java.lang.ProcessImpl$LaunchMechanism (java.base@21.0.6)
2341:             3             96  java.lang.WeakPairMap (java.base@21.0.6)
2342:             3             96  java.lang.annotation.RetentionPolicy (java.base@21.0.6)
2343:             1             96  java.lang.invoke.BoundMethodHandle$Specializer (java.base@21.0.6)
2344:             3             96  java.lang.invoke.MethodHandleImpl$ArrayAccess (java.base@21.0.6)
2345:             2             96  java.lang.ref.ReferenceQueue$Null (java.base@21.0.6)
2346:             3             96  java.net.Proxy$Type (java.base@21.0.6)
2347:             1             96  java.net.SocksSocketImpl (java.base@21.0.6)
2348:             3             96  java.net.StandardProtocolFamily (java.base@21.0.6)
2349:             3             96  java.security.DrbgParameters$Capability (java.base@21.0.6)
2350:             4             96  java.time.Instant (java.base@21.0.6)
2351:             3             96  java.time.ZoneOffset (java.base@21.0.6)
2352:             2             96  java.time.format.DateTimeFormatterBuilder$TextPrinterParser (java.base@21.0.6)
2353:             3             96  java.time.format.ResolverStyle (java.base@21.0.6)
2354:             2             96  java.time.temporal.IsoFields$Unit (java.base@21.0.6)
2355:             3             96  java.util.Base64$Encoder (java.base@21.0.6)
2356:             1             96  java.util.ServiceLoader (java.base@21.0.6)
2357:             3             96  java.util.Vector (java.base@21.0.6)
2358:             2             96  java.util.concurrent.SynchronousQueue (java.base@21.0.6)
2359:             1             96  java.util.logging.LogManager (java.logging@21.0.6)
2360:             2             96  java.util.regex.Pattern$Loop (java.base@21.0.6)
2361:             3             96  java.util.stream.Collector$Characteristics (java.base@21.0.6)
2362:             2             96  java.util.stream.FindOps$FindOp (java.base@21.0.6)
2363:             3             96  java.util.stream.MatchOps$MatchKind (java.base@21.0.6)
2364:             3             96  java.util.zip.ZipCoder$Comparison (java.base@21.0.6)
2365:             1             96  jdk.internal.event.X509CertificateEvent (java.base@21.0.6)
2366:             3             96  jdk.internal.icu.util.CodePointTrie$ValueWidth (java.base@21.0.6)
2367:             6             96  jdk.internal.loader.ClassLoaderValue (java.base@21.0.6)
2368:             2             96  jdk.internal.math.FloatingDecimal$BinaryToASCIIBuffer (java.base@21.0.6)
2369:             4             96  jdk.internal.module.ServicesCatalog (java.base@21.0.6)
2370:             4             96  jdk.internal.util.Preconditions$4 (java.base@21.0.6)
2371:             4             96  jdk.proxy1.$Proxy36 (jdk.proxy1)
2372:             4             96  jdk.proxy2.$Proxy26 (jdk.proxy2)
2373:             4             96  jdk.proxy2.$Proxy50 (jdk.proxy2)
2374:             4             96  jdk.proxy2.$Proxy58 (jdk.proxy2)
2375:             3             96  kotlin.LazyThreadSafetyMode
2376:             3             96  kotlin.annotation.AnnotationRetention
2377:             3             96  kotlin.coroutines.intrinsics.CoroutineSingletons
2378:             3             96  kotlin.reflect.KParameter$Kind
2379:             2             96  kotlin.reflect.jvm.internal.calls.CallerImpl$FieldGetter$Static
2380:             2             96  kotlin.reflect.jvm.internal.calls.CallerImpl$Method$Static
2381:             1             96  kotlin.reflect.jvm.internal.impl.builtins.ReflectionTypes
2382:             3             96  kotlin.reflect.jvm.internal.impl.builtins.jvm.JvmBuiltIns$Kind
2383:             4             96  kotlin.reflect.jvm.internal.impl.descriptors.ModuleCapability
2384:             2             96  kotlin.reflect.jvm.internal.impl.descriptors.NotFoundClasses
2385:             2             96  kotlin.reflect.jvm.internal.impl.descriptors.annotations.BuiltInAnnotationDescriptor
2386:             3             96  kotlin.reflect.jvm.internal.impl.descriptors.impl.CompositePackageFragmentProvider
2387:             2             96  kotlin.reflect.jvm.internal.impl.descriptors.impl.ModuleDependenciesImpl
2388:             4             96  kotlin.reflect.jvm.internal.impl.descriptors.runtime.structure.ReflectJavaAnnotation
2389:             3             96  kotlin.reflect.jvm.internal.impl.load.java.lazy.types.JavaTypeFlexibility
2390:             3             96  kotlin.reflect.jvm.internal.impl.load.java.typeEnhancement.NullabilityQualifier
2391:             3             96  kotlin.reflect.jvm.internal.impl.load.java.typeEnhancement.TypeComponentPosition
2392:             3             96  kotlin.reflect.jvm.internal.impl.metadata.ProtoBuf$QualifiedNameTable$QualifiedName$Kind
2393:             3             96  kotlin.reflect.jvm.internal.impl.metadata.ProtoBuf$TypeParameter$Variance
2394:             3             96  kotlin.reflect.jvm.internal.impl.metadata.jvm.JvmProtoBuf$StringTableTypes$Record$Operation
2395:             3             96  kotlin.reflect.jvm.internal.impl.renderer.AnnotationArgumentsRenderingPolicy
2396:             3             96  kotlin.reflect.jvm.internal.impl.renderer.OverrideRenderingPolicy
2397:             3             96  kotlin.reflect.jvm.internal.impl.renderer.ParameterNameRenderingPolicy
2398:             3             96  kotlin.reflect.jvm.internal.impl.renderer.PropertyAccessorRenderingPolicy
2399:             3             96  kotlin.reflect.jvm.internal.impl.resolve.ExternalOverridabilityCondition$Contract
2400:             3             96  kotlin.reflect.jvm.internal.impl.resolve.ExternalOverridabilityCondition$Result
2401:             2             96  kotlin.reflect.jvm.internal.impl.resolve.OverridingUtil
2402:             3             96  kotlin.reflect.jvm.internal.impl.resolve.OverridingUtil$OverrideCompatibilityInfo$Result
2403:             2             96  kotlin.reflect.jvm.internal.impl.resolve.calls.inference.CapturedType
2404:             3             96  kotlin.reflect.jvm.internal.impl.serialization.deserialization.ClassDeserializer
2405:             3             96  kotlin.reflect.jvm.internal.impl.serialization.deserialization.descriptors.DeserializedClassDescriptor$EnumEntryClassDescriptors$$Lambda$0
2406:             6             96  kotlin.reflect.jvm.internal.impl.storage.LockBasedStorageManager$CacheWithNullableValuesBasedOnMemoizedFunction$1
2407:             3             96  kotlin.reflect.jvm.internal.impl.storage.LockBasedStorageManager$NotValue
2408:             3             96  kotlin.reflect.jvm.internal.impl.types.TypeCheckerState$LowerCapturedTypePolicy
2409:             3             96  kotlin.reflect.jvm.internal.impl.types.TypeSubstitutor$VarianceConflictType
2410:             3             96  kotlin.reflect.jvm.internal.impl.types.model.CaptureStatus
2411:             4             96  kotlin.reflect.jvm.internal.impl.util.ValueParameterCountCheck$AtLeast
2412:             3             96  kotlinx.coroutines.channels.BufferOverflow
2413:             3             96  org.apache.commons.collections4.queue.SynchronizedQueue
2414:             4             96  org.bouncycastle.asn1.x9.X962Parameters
2415:             3             96  org.bouncycastle.crypto.CryptoServicesRegistrar$Property
2416:             4             96  org.bouncycastle.crypto.params.DHValidationParameters
2417:             3             96  org.bouncycastle.jcajce.provider.asymmetric.mlkem.MLKEMKeyFactorySpi
2418:             3             96  org.bouncycastle.pqc.jcajce.provider.kyber.KyberKeyFactorySpi
2419:             3             96  org.glassfish.hk2.api.InstanceLifecycleEventType
2420:             3             96  org.glassfish.hk2.api.ServiceLocatorFactory$CreatePolicy
2421:             3             96  org.glassfish.jersey.Severity
2422:             1             96  org.glassfish.jersey.jackson.internal.jackson.jaxrs.json.JsonEndpointConfig
2423:             3             96  org.glassfish.jersey.message.internal.TracingLogger$Level
2424:             3             96  org.glassfish.jersey.model.internal.RankedProvider
2425:             3             96  org.glassfish.jersey.server.TracingConfig
2426:             2             96  org.glassfish.jersey.server.internal.inject.SingleValueExtractor
2427:             4             96  org.glassfish.jersey.server.internal.routing.PathMatchingRouter
2428:             3             96  org.glassfish.jersey.server.spi.internal.ValueParamProvider$Priority
2429:             3             96  org.glassfish.jersey.uri.JerseyQueryParamStyle
2430:             3             96  org.slf4j.helpers.Reporter$Level
2431:             3             96  org.xnio.FileAccess
2432:             2             96  org.xnio.TypeSequenceOption
2433:             3             96  org.xnio.XnioWorker$WorkerThreadFactory$1
2434:             3             96  picocli.CommandLine$Help$Ansi
2435:             3             96  picocli.CommandLine$Help$Visibility
2436:             3             96  picocli.CommandLine$LookBehind
2437:             3             96  picocli.CommandLine$Model$InitialValueState
2438:             3             96  sun.management.ManagementFactoryHelper$1 (java.management@21.0.6)
2439:             3             96  sun.security.provider.NativePRNG$Variant (java.base@21.0.6)
2440:             2             96  sun.security.util.MemoryCache (java.base@21.0.6)
2441:             1             88  [Lcom.fasterxml.jackson.databind.node.JsonNodeType;
2442:             1             88  [Lcom.google.protobuf.Descriptors$FieldDescriptor$JavaType;
2443:             1             88  [Lcom.google.protobuf.WireFormat$JavaType;
2444:             1             88  [Ljakarta.ws.rs.ext.ParamConverterProvider;
2445:             3             88  [Ljava.lang.invoke.MethodHandles$Lookup$ClassOption; (java.base@21.0.6)
2446:             1             88  [Ljava.lang.reflect.AccessFlag$Location; (java.base@21.0.6)
2447:             1             88  [Lkotlin.reflect.jvm.internal.impl.protobuf.WireFormat$JavaType;
2448:             3             88  [Lorg.glassfish.jersey.jackson.internal.jackson.jaxrs.cfg.Annotations;
2449:             1             88  ch.qos.logback.classic.layout.TTLLLayout
2450:             1             88  com.aerospike.vector.cluster.ClusterMetaMonitor
2451:             1             88  com.aerospike.vector.cluster.PaxosAcceptor
2452:             1             88  com.aerospike.vector.index.metrics.IndexMetricsTracker
2453:             1             88  com.aerospike.vector.storage.StorageOptions
2454:             1             88  com.fasterxml.jackson.databind.ser.BeanSerializer
2455:             1             88  com.google.common.collect.MapMakerInternalMap
2456:             1             88  com.google.inject.internal.asm.$Label
2457:             1             88  com.google.protobuf.MapFieldLite
2458:             1             88  io.undertow.server.protocol.http.CacheMap
2459:             1             88  io.undertow.server.protocol.http.HttpReadListener
2460:             1             88  io.undertow.servlet.core.ApplicationListeners
2461:             1             88  jdk.internal.org.objectweb.asm.Label (java.base@21.0.6)
2462:             1             88  jdk.management.jfr.FlightRecorderMXBeanImpl (jdk.management.jfr@21.0.6)
2463:             1             88  kotlin.reflect.jvm.internal.impl.builtins.jvm.JvmBuiltIns
2464:             1             88  kotlin.reflect.jvm.internal.impl.metadata.ProtoBuf$Package
2465:             1             88  org.glassfish.jersey.jackson.internal.jackson.jaxrs.json.JacksonJaxbJsonProvider
2466:             1             88  org.xnio.nio.NioSocketConduit
2467:             2             80  [Lcom.aerospike.vector.client.proto.IndexMode;
2468:             2             80  [Lcom.aerospike.vector.client.proto.Status;
2469:             1             80  [Lcom.aerospike.vector.cluster.QuantumFaultType;
2470:             1             80  [Lcom.cronutils.model.definition.CronNicknames;
2471:             1             80  [Lcom.fasterxml.jackson.databind.ser.impl.ReadOnlyClassToSerializerMap$Bucket;
2472:             2             80  [Lcom.google.protobuf.DescriptorProtos$FieldDescriptorProto$Label;
2473:             2             80  [Lio.grpc.TlsChannelCredentials$Feature;
2474:             2             80  [Lio.grpc.TlsServerCredentials$Feature;
2475:             4             80  [Lio.netty.util.AsciiString;
2476:             1             80  [Lio.prometheus.client.Collector$Type;
2477:             2             80  [Ljava.lang.annotation.RetentionPolicy; (java.base@21.0.6)
2478:             1             80  [Ljava.lang.reflect.ProxyGenerator$PrimitiveTypeInfo; (java.base@21.0.6)
2479:             1             80  [Ljava.math.RoundingMode; (java.base@21.0.6)
2480:             2             80  [Ljava.util.stream.Collector$Characteristics; (java.base@21.0.6)
2481:             2             80  [Lkotlin.annotation.AnnotationRetention;
2482:             1             80  [Lkotlin.reflect.jvm.internal.impl.builtins.jvm.JavaToKotlinClassMap$PlatformMutabilityMapping;
2483:             1             80  [Lkotlin.reflect.jvm.internal.impl.resolve.jvm.JvmPrimitiveType;
2484:             2             80  [Lorg.xnio.FileAccess;
2485:             2             80  [Lpicocli.CommandLine$Help$Visibility;
2486:             2             80  com.aerospike.vector.client.proto.NodeId
2487:             1             80  com.aerospike.vector.client.proto.VectorSearchRequest
2488:             1             80  com.aerospike.vector.cluster.ClusterLimits
2489:             1             80  com.aerospike.vector.cluster.ClusterService
2490:             2             80  com.aerospike.vector.config.HeartbeatSeed
2491:             1             80  com.aerospike.vector.index.BatchIndexMergeRequest
2492:             1             80  com.aerospike.vector.index.HealCycleFinalizationRequest
2493:             1             80  com.aerospike.vector.index.IndexCacheCentroidRequest
2494:             1             80  com.aerospike.vector.index.IndexRequest
2495:             1             80  com.aerospike.vector.index.config.HnswConfig
2496:             1             80  com.aerospike.vector.metrics.VectorMetrics
2497:             1             80  com.aerospike.vector.storage.cluster.AerospikeClusterMetaStore
2498:             2             80  com.aerospike.vector.transact.KvsTransactService$VectorRecordCache
2499:             2             80  com.fasterxml.jackson.core.StreamWriteCapability
2500:             2             80  com.fasterxml.jackson.core.io.ContentReference
2501:             2             80  com.fasterxml.jackson.core.util.BufferRecycler
2502:             1             80  com.fasterxml.jackson.databind.cfg.ConfigOverride$Empty
2503:             2             80  com.fasterxml.jackson.databind.cfg.EnumFeature
2504:             1             80  com.fasterxml.jackson.databind.deser.std.FactoryBasedEnumDeserializer
2505:             1             80  com.fasterxml.jackson.databind.deser.std.StdKeyDeserializer$EnumKD
2506:             1             80  com.fasterxml.jackson.databind.deser.std.UntypedObjectDeserializer
2507:             2             80  com.fasterxml.jackson.databind.ser.std.NumberSerializers$DoubleSerializer
2508:             2             80  com.fasterxml.jackson.databind.ser.std.NumberSerializers$IntegerSerializer
2509:             2             80  com.fasterxml.jackson.databind.ser.std.NumberSerializers$LongSerializer
2510:             2             80  com.fasterxml.jackson.dataformat.yaml.YAMLParser$Feature
2511:             2             80  com.github.benmanes.caffeine.cache.Pacer
2512:             1             80  com.google.common.collect.LinkedHashMultimap
2513:             2             80  com.google.common.util.concurrent.LazyLogger
2514:             2             80  com.google.inject.internal.Annotations$AnnotationChecker
2515:             1             80  io.netty.util.ResourceLeakDetector$TraceRecord$1
2516:             2             80  io.prometheus.client.CollectorRegistry
2517:             2             80  io.undertow.servlet.spec.ContentTypeInfo
2518:             2             80  java.lang.invoke.VarHandleByteArrayAsInts$ArrayHandle (java.base@21.0.6)
2519:             2             80  java.lang.invoke.VarHandleByteArrayAsLongs$ArrayHandle (java.base@21.0.6)
2520:             2             80  java.time.ZonedDateTime (java.base@21.0.6)
2521:             2             80  java.util.concurrent.CompletableFuture$AsyncRun (java.base@21.0.6)
2522:             2             80  javax.management.NotificationBroadcasterSupport (java.management@21.0.6)
2523:             2             80  jdk.internal.reflect.MethodHandleBooleanFieldAccessorImpl (java.base@21.0.6)
2524:             1             80  kotlin.reflect.jvm.internal.impl.builtins.jvm.JvmBuiltInsCustomizer
2525:             2             80  kotlin.reflect.jvm.internal.impl.descriptors.annotations.AnnotationDescriptorImpl
2526:             2             80  kotlin.reflect.jvm.internal.impl.load.java.NullabilityAnnotationStatesImpl
2527:             1             80  kotlin.reflect.jvm.internal.impl.metadata.ProtoBuf$PackageFragment
2528:             2             80  kotlin.reflect.jvm.internal.impl.resolve.scopes.receivers.ExtensionReceiver
2529:             2             80  kotlin.reflect.jvm.internal.impl.serialization.deserialization.MemberDeserializer$$Lambda$4
2530:             2             80  kotlin.reflect.jvm.internal.impl.storage.LockBasedStorageManager$CacheWithNotNullValuesBasedOnMemoizedFunction
2531:             1             80  kotlinx.coroutines.channels.TickerChannelsKt$ticker$3
2532:             1             80  kotlinx.coroutines.scheduling.CoroutineScheduler
2533:             2             80  kotlinx.coroutines.scheduling.WorkQueue
2534:             5             80  org.bouncycastle.pqc.jcajce.provider.cmce.CMCEKeyFactorySpi
2535:             5             80  org.bouncycastle.pqc.jcajce.provider.ntru.NTRUKeyFactorySpi
2536:             1             80  org.glassfish.jersey.inject.hk2.ContextInjectionResolverImpl$1
2537:             2             80  org.glassfish.jersey.internal.inject.ParamConverters$StringConstructor$1
2538:             2             80  org.glassfish.jersey.model.internal.CommonConfig$FeatureRegistration
2539:             2             80  org.glassfish.jersey.server.ContainerFilteringStage
2540:             1             80  org.glassfish.jersey.server.ResourceConfig$WrappingResourceConfig
2541:             1             80  org.glassfish.jersey.servlet.ServletContainer
2542:             2             80  org.glassfish.jersey.uri.PathPattern$RightHandPath
2543:             5             80  org.jboss.threads.NullRunnable
2544:             1             80  picocli.CommandLine$Help$ColorScheme
2545:             2             80  sun.security.util.DisabledAlgorithmConstraints$KeySizeConstraint (java.base@21.0.6)
2546:             5             80  sun.security.x509.CertificateVersion (java.base@21.0.6)
2547:             2             80  sun.util.locale.provider.LocaleServiceProviderPool (java.base@21.0.6)
2548:             1             72  [Lcom.aerospike.vector.cluster.QuantumFault;
2549:             1             72  [Lcom.fasterxml.jackson.annotation.JsonInclude$Include;
2550:             1             72  [Lcom.fasterxml.jackson.annotation.PropertyAccessor;
2551:             1             72  [Lcom.fasterxml.jackson.module.kotlin.KotlinFeature;
2552:             1             72  [Lio.netty.handler.codec.http2.Http2Stream$State;
2553:             1             72  [Ljava.lang.System$Logger$Level; (java.base@21.0.6)
2554:             1             72  [Ljava.lang.management.MemoryPoolMXBean; (java.management@21.0.6)
2555:             1             72  [Ljava.util.concurrent.TimeUnit; (java.base@21.0.6)
2556:             1             72  [Lkotlin.jvm.functions.Function1;
2557:             1             72  [Lkotlin.reflect.jvm.internal.impl.types.error.ErrorEntity;
2558:             1             72  [Lkotlin.time.DurationUnit;
2559:             1             72  [Lorg.glassfish.jersey.uri.internal.UriTemplateParser$Variables$State;
2560:             1             72  [Lorg.reflections.vfs.Vfs$DefaultUrlTypes;
2561:             1             72  [[Ljdk.incubator.vector.AbstractSpecies; (jdk.incubator.vector@21.0.6)
2562:             1             72  ch.qos.logback.core.encoder.LayoutWrappingEncoder
2563:             3             72  ch.qos.logback.core.spi.FilterAttachableImpl
2564:             1             72  com.aerospike.connect.logging.LoggingConfig
2565:             1             72  com.aerospike.connect.metrics.Ticker$report$1
2566:             1             72  com.aerospike.vector.client.proto.IndexStatusResponse
2567:             1             72  com.aerospike.vector.client.proto.IndexUpdateRequest
2568:             1             72  com.aerospike.vector.cluster.Cluster$MergeMoveMessage
2569:             1             72  com.aerospike.vector.config.InterconnectConfig
2570:             3             72  com.aerospike.vector.config.PortRange
2571:             1             72  com.aerospike.vector.config.ServiceConfig
2572:             1             72  com.aerospike.vector.dns.AsyncDnsResolver$bestEffortDnsResolver$1
2573:             1             72  com.aerospike.vector.dns.AsyncDnsResolver$guaranteedDnsResolver$1
2574:             3             72  com.aerospike.vector.exchange.ExchangeServiceGrpc$ExchangeServiceMethodDescriptorSupplier
2575:             3             72  com.aerospike.vector.exchange.ExchangeServiceGrpc$MethodHandlers
2576:             3             72  com.aerospike.vector.exchange.NodeState
2577:             1             72  com.aerospike.vector.heartbeat.DiscoveryRegister$queryEndpointsContinuously$1
2578:             1             72  com.aerospike.vector.heartbeat.HeartbeatService
2579:             1             72  com.aerospike.vector.index.BatchIndexMergeProxyRequest
2580:             3             72  com.aerospike.vector.index.CacheServiceGrpc$CacheServiceMethodDescriptorSupplier
2581:             3             72  com.aerospike.vector.index.CacheServiceGrpc$MethodHandlers
2582:             1             72  com.aerospike.vector.index.IndexLog$store$1
2583:             1             72  com.aerospike.vector.index.NodeCacheStatus
2584:             1             72  com.aerospike.vector.index.merge.coordinator.IndexMergeCoordinator$fetchPendingBatchesMetadata$1
2585:             1             72  com.aerospike.vector.server.grpc.service.GrpcAuthService
2586:             1             72  com.aerospike.vector.transact.KvsTransactService
2587:             1             72  com.fasterxml.jackson.annotation.JsonFormat$Value
2588:             3             72  com.fasterxml.jackson.databind.deser.BeanDeserializerFactory
2589:             3             72  com.fasterxml.jackson.databind.jsontype.impl.StdSubtypeResolver
2590:             3             72  com.fasterxml.jackson.databind.ser.std.NumberSerializer
2591:             3             72  com.fasterxml.jackson.databind.util.RootNameLookup
2592:             1             72  com.fasterxml.jackson.databind.util.StdDateFormat
2593:             3             72  com.github.benmanes.caffeine.cache.BoundedBuffer
2594:             3             72  com.github.benmanes.caffeine.cache.BoundedLocalCache$$Lambda/0x00007fea3c4cd9c0
2595:             1             72  com.github.benmanes.caffeine.cache.PSWMS
2596:             1             72  com.google.common.collect.AbstractMapBasedMultimap$AsMap
2597:             1             72  com.google.common.collect.EmptyImmutableListMultimap
2598:             1             72  com.google.common.collect.LinkedHashMultimap$ValueEntry
2599:             1             72  com.google.protobuf.CodedInputStream$ArrayDecoder
2600:             1             72  com.sun.jmx.interceptor.DefaultMBeanServerInterceptor (java.management@21.0.6)
2601:             1             72  com.sun.jmx.mbeanserver.DefaultMXBeanMappingFactory$Mappings (java.management@21.0.6)
2602:             1             72  com.sun.jmx.mbeanserver.MBeanIntrospector$MBeanInfoMap (java.management@21.0.6)
2603:             1             72  com.sun.jmx.mbeanserver.MBeanIntrospector$PerInterfaceMap (java.management@21.0.6)
2604:             3             72  io.netty.channel.ChannelMetadata
2605:             3             72  io.netty.util.concurrent.PromiseTask$SentinelRunnable
2606:             1             72  io.undertow.servlet.handlers.ServletInitialHandler
2607:             3             72  io.undertow.util.CopyOnWriteMap
2608:             1             72  java.lang.NullPointerException (java.base@21.0.6)
2609:             3             72  java.lang.ThreadLocal$SuppliedThreadLocal (java.base@21.0.6)
2610:             1             72  java.lang.invoke.BoundMethodHandle$Specializer$Factory (java.base@21.0.6)
2611:             1             72  java.lang.invoke.VarHandleReferences$FieldStaticReadWrite (java.base@21.0.6)
2612:             3             72  java.nio.charset.CodingErrorAction (java.base@21.0.6)
2613:             3             72  java.text.AttributedCharacterIterator$Attribute (java.base@21.0.6)
2614:             3             72  java.time.format.DateTimeFormatterBuilder$StringLiteralPrinterParser (java.base@21.0.6)
2615:             1             72  java.time.zone.ZoneRules (java.base@21.0.6)
2616:             3             72  java.util.ResourceBundle$NoFallbackControl (java.base@21.0.6)
2617:             1             72  java.util.TimSort (java.base@21.0.6)
2618:             3             72  java.util.TreeMap$KeySet (java.base@21.0.6)
2619:             3             72  java.util.TreeSet (java.base@21.0.6)
2620:             1             72  java.util.concurrent.ConcurrentHashMap$TreeBin (java.base@21.0.6)
2621:             1             72  java.util.concurrent.locks.ReentrantReadWriteLock$FairSync (java.base@21.0.6)
2622:             3             72  java.util.concurrent.locks.ReentrantReadWriteLock$Sync$HoldCounter (java.base@21.0.6)
2623:             3             72  jdk.internal.math.FloatingDecimal$ExceptionalBinaryToASCIIBuffer (java.base@21.0.6)
2624:             3             72  jdk.internal.misc.Signal (java.base@21.0.6)
2625:             1             72  jdk.internal.ref.CleanerImpl$CleanerCleanable (java.base@21.0.6)
2626:             3             72  jdk.proxy2.$Proxy15 (jdk.proxy2)
2627:             3             72  jdk.proxy2.$Proxy16 (jdk.proxy2)
2628:             3             72  jdk.proxy2.$Proxy17 (jdk.proxy2)
2629:             3             72  jdk.proxy2.$Proxy29 (jdk.proxy2)
2630:             3             72  jdk.proxy2.$Proxy4 (jdk.proxy2)
2631:             3             72  kotlin.reflect.jvm.internal.impl.protobuf.ExtensionRegistryLite
2632:             3             72  kotlin.reflect.jvm.internal.impl.resolve.scopes.StaticScopeForKotlinEnum$$Lambda$0
2633:             3             72  kotlin.reflect.jvm.internal.impl.resolve.scopes.StaticScopeForKotlinEnum$$Lambda$1
2634:             3             72  kotlin.reflect.jvm.internal.impl.serialization.deserialization.ClassDeserializer$$Lambda$0
2635:             3             72  kotlin.reflect.jvm.internal.impl.serialization.deserialization.descriptors.DeserializedClassDescriptor$EnumEntryClassDescriptors$$Lambda$1
2636:             1             72  kotlinx.coroutines.channels.TickerChannelsKt$fixedPeriodTicker$1
2637:             1             72  net.engio.mbassy.bus.MBassador
2638:             1             72  net.engio.mbassy.subscription.SubscriptionManager
2639:             1             72  org.glassfish.jersey.internal.inject.InjecteeImpl
2640:             1             72  org.glassfish.jersey.server.ApplicationHandler
2641:             1             72  org.glassfish.jersey.server.ResourceConfig$RuntimeConfig
2642:             1             72  org.glassfish.jersey.uri.UriTemplate
2643:             1             72  org.slf4j.bridge.SLF4JBridgeHandler
2644:             3             72  org.slf4j.helpers.BasicMarkerFactory
2645:             3             72  org.xnio.XnioWorker$WorkerThreadFactory$1$1
2646:             1             72  sun.nio.ch.SocketAdaptor (java.base@21.0.6)
2647:             3             72  sun.security.x509.GeneralNames (java.base@21.0.6)
2648:             1             72  sun.util.locale.InternalLocaleBuilder (java.base@21.0.6)
2649:             1             72  sun.util.resources.TimeZoneNames (java.base@21.0.6)
2650:             1             72  sun.util.resources.TimeZoneNames_en (java.base@21.0.6)
2651:             1             72  sun.util.resources.cldr.TimeZoneNames (java.base@21.0.6)
2652:             1             72  sun.util.resources.cldr.TimeZoneNames_en (java.base@21.0.6)
2653:             2             64  [Lcom.aerospike.connect.logging.LogFormat;
2654:             2             64  [Lcom.aerospike.vector.client.proto.IndexType;
2655:             1             64  [Lcom.fasterxml.jackson.annotation.JsonAutoDetect$Visibility;
2656:             1             64  [Lcom.fasterxml.jackson.core.JsonParser$NumberType;
2657:             1             64  [Lcom.fasterxml.jackson.core.json.JsonWriteFeature;
2658:             3             64  [Lcom.fasterxml.jackson.databind.deser.ValueInstantiators;
2659:             3             64  [Lcom.fasterxml.jackson.databind.ser.BeanPropertyWriter;
2660:             1             64  [Lio.grpc.internal.KeepAliveManager$State;
2661:             1             64  [Lio.netty.handler.codec.http2.Http2Headers$PseudoHeaderName;
2662:             2             64  [Ljakarta.ws.rs.RuntimeType;
2663:             1             64  [Ljakarta.ws.rs.core.Response$Status$Family;
2664:             1             64  [Ljava.lang.Thread$State; (java.base@21.0.6)
2665:             1             64  [Ljava.lang.management.MemoryManagerMXBean; (java.management@21.0.6)
2666:             1             64  [Ljava.nio.charset.Charset; (java.base@21.0.6)
2667:             1             64  [Ljava.time.format.TextStyle; (java.base@21.0.6)
2668:             1             64  [Ljava.util.stream.StreamOpFlag; (java.base@21.0.6)
2669:             1             64  [Lkotlin.reflect.jvm.internal.impl.descriptors.ClassKind;
2670:             2             64  [Lkotlin.reflect.jvm.internal.impl.descriptors.SimpleFunctionDescriptor;
2671:             1             64  [Lkotlin.reflect.jvm.internal.impl.load.kotlin.header.KotlinClassHeader$Kind;
2672:             2             64  [Lnet.engio.mbassy.listener.Invoke;
2673:             2             64  [Lorg.glassfish.hk2.api.DescriptorVisibility;
2674:             1             64  [Lorg.glassfish.jersey.jackson.internal.jackson.jaxrs.cfg.JaxRSFeature;
2675:             1             64  [Lorg.glassfish.jersey.message.internal.MessagingBinders$EnabledProvidersBinder$Provider;
2676:             1             64  [Lorg.jboss.logging.Logger$Level;
2677:             2             64  [Lpicocli.CommandLine$ScopeType;
2678:             1             64  [Lsun.security.util.DisabledAlgorithmConstraints$Constraint$Operator; (java.base@21.0.6)
2679:             2             64  ch.qos.logback.classic.pattern.NamedConverter$CacheMissCalculator
2680:             1             64  ch.qos.logback.core.BasicStatusManager
2681:             2             64  com.aerospike.client.Bin
2682:             2             64  com.aerospike.client.Host
2683:             1             64  com.aerospike.client.async.HashedWheelTimer$HashedWheelTimeout
2684:             2             64  com.aerospike.client.policy.CommitLevel
2685:             2             64  com.aerospike.client.policy.ReadModeAP
2686:             2             64  com.aerospike.connect.logging.LogFormat
2687:             2             64  com.aerospike.connect.metrics.AerospikeMetricRegistry
2688:             1             64  com.aerospike.vector.VectorDbMain
2689:             2             64  com.aerospike.vector.auth.StaticRoles
2690:             2             64  com.aerospike.vector.client.proto.IndexDefinition$ParamsCase
2691:             2             64  com.aerospike.vector.client.proto.IndexType
2692:             1             64  com.aerospike.vector.cluster.Cluster$ClusterStateAppliedMessage
2693:             2             64  com.aerospike.vector.cluster.ClusterState
2694:             2             64  com.aerospike.vector.cluster.RegisterState
2695:             2             64  com.aerospike.vector.config.InterconnectChannelType
2696:             1             64  com.aerospike.vector.dns.AsyncDnsResolver
2697:             4             64  com.aerospike.vector.embedded.client.inject.VectorDbEmbeddedClientGuiceModule$$FastClassByGuice$$30cb85
2698:             1             64  com.aerospike.vector.index.HealCycleCompleteRequest
2699:             1             64  com.aerospike.vector.index.HealCycleStartRequest
2700:             2             64  com.aerospike.vector.index.IndexUpdateOperation$UpdateCase
2701:             2             64  com.aerospike.vector.index.cache.FuzzyExpiry
2702:             1             64  com.aerospike.vector.index.metrics.NodeFitnessCalculator$computeFitnessProbabilities$queryProbabilities$1
2703:             1             64  com.aerospike.vector.index.metrics.NodeFitnessCalculator$computeFitnessProbabilities$updateProbabilities$1
2704:             1             64  com.aerospike.vector.interconnect.InterconnectService
2705:             1             64  com.aerospike.vector.interconnect.InterconnectService$invokeOnNode$1$grpcCall$1
2706:             1             64  com.aerospike.vector.partitions.PartitionService
2707:             2             64  com.aerospike.vector.server.grpc.GrpcInterconnectServer$getAsyncExecutor$1
2708:             2             64  com.aerospike.vector.server.grpc.GrpcVectorDbServer$getAsyncExecutor$1
2709:             1             64  com.aerospike.vector.server.grpc.service.GrpcUserAdminService
2710:             1             64  com.aerospike.vector.storage.index.AerospikeIndexMetaStore$storeIndexLogGeneric$1
2711:             2             64  com.codahale.metrics.MetricRegistry
2712:             4             64  com.fasterxml.jackson.core.util.JacksonFeatureSet
2713:             2             64  com.fasterxml.jackson.databind.AnnotationIntrospector$ReferenceProperty$Type
2714:             1             64  com.fasterxml.jackson.databind.ObjectWriter
2715:             2             64  com.fasterxml.jackson.databind.deser.impl.NullsConstantProvider
2716:             2             64  com.fasterxml.jackson.databind.deser.std.StdKeyDeserializer$StringKD
2717:             4             64  com.fasterxml.jackson.databind.introspect.BasicClassIntrospector
2718:             2             64  com.fasterxml.jackson.databind.module.SimpleSerializers
2719:             2             64  com.fasterxml.jackson.module.kotlin.KotlinAnnotationIntrospector
2720:             2             64  com.fasterxml.jackson.module.kotlin.KotlinNamesAnnotationIntrospector
2721:             2             64  com.fasterxml.jackson.module.kotlin.SingletonSupport
2722:             2             64  com.github.benmanes.caffeine.cache.FrequencySketch
2723:             2             64  com.github.benmanes.caffeine.cache.TimerWheel
2724:             1             64  com.google.common.cache.CacheStats
2725:             1             64  com.google.common.io.BaseEncoding$Base16Encoding
2726:             1             64  com.google.common.util.concurrent.ThreadFactoryBuilder$1
2727:             2             64  com.google.inject.internal.InternalFlags$BytecodeGenOption
2728:             2             64  com.google.inject.internal.InternalFlags$IncludeStackTraceOption
2729:             2             64  com.google.inject.internal.InternalProviderInstanceBindingImpl$InitializationTiming
2730:             2             64  com.google.inject.internal.util.SourceProvider
2731:             2             64  com.google.protobuf.TextFormat$Parser$SingularOverwritePolicy
2732:             2             64  com.sun.jmx.mbeanserver.ClassLoaderRepositorySupport$LoaderEntry (java.management@21.0.6)
2733:             2             64  com.sun.jmx.mbeanserver.WeakIdentityHashMap (java.management@21.0.6)
2734:             2             64  io.grpc.InternalKnownTransport
2735:             2             64  io.grpc.LoadBalancer$CreateSubchannelArgs$Key
2736:             2             64  io.grpc.internal.InternalHandlerRegistry
2737:             1             64  io.grpc.internal.ManagedChannelServiceConfig
2738:             2             64  io.grpc.internal.MessageDeframer$State
2739:             2             64  io.grpc.netty.NettyServer$1
2740:             2             64  io.grpc.netty.Utils$EventLoopGroupType
2741:             2             64  io.netty.buffer.PoolArena$SizeClass
2742:             2             64  io.netty.buffer.PooledByteBufAllocator$PoolThreadLocalCache
2743:             1             64  io.netty.buffer.UnpooledHeapByteBuf
2744:             2             64  io.netty.handler.codec.http2.Http2FrameLogger$Direction
2745:             2             64  io.undertow.security.api.AuthenticationMode
2746:             1             64  io.undertow.server.protocol.ParseTimeoutUpdater
2747:             1             64  io.undertow.servlet.handlers.ServletPathMatches
2748:             2             64  io.undertow.servlet.handlers.ServletPathMatchesData$PathMatch
2749:             2             64  jakarta.ws.rs.RuntimeType
2750:             2             64  java.io.File$PathStatus (java.base@21.0.6)
2751:             2             64  java.lang.invoke.MethodHandles$Lookup$ClassOption (java.base@21.0.6)
2752:             2             64  java.lang.reflect.ReflectPermission (java.base@21.0.6)
2753:             2             64  java.security.CodeSigner (java.base@21.0.6)
2754:             2             64  java.security.Provider$OPType (java.base@21.0.6)
2755:             2             64  java.security.Timestamp (java.base@21.0.6)
2756:             2             64  java.sql.SQLPermission (java.sql@21.0.6)
2757:             2             64  java.time.OffsetDateTime (java.base@21.0.6)
2758:             2             64  java.time.OffsetTime (java.base@21.0.6)
2759:             2             64  java.time.ZoneRegion (java.base@21.0.6)
2760:             2             64  java.time.format.DateTimeFormatterBuilder$ZoneIdPrinterParser (java.base@21.0.6)
2761:             2             64  java.time.format.DateTimeTextProvider$LocaleStore (java.base@21.0.6)
2762:             2             64  java.util.Random (java.base@21.0.6)
2763:             1             64  java.util.ServiceLoader$LazyClassPathLookupIterator (java.base@21.0.6)
2764:             2             64  java.util.concurrent.CompletableFuture (java.base@21.0.6)
2765:             2             64  java.util.concurrent.CompletableFuture$TaskSubmitter (java.base@21.0.6)
2766:             2             64  java.util.concurrent.SynchronousQueue$Transferer (java.base@21.0.6)
2767:             2             64  java.util.logging.Logger$LoggerBundle (java.logging@21.0.6)
2768:             2             64  java.util.logging.LoggingPermission (java.logging@21.0.6)
2769:             2             64  java.util.regex.Pattern$Prolog (java.base@21.0.6)
2770:             1             64  jdk.internal.foreign.layout.ValueLayouts$OfBooleanImpl (java.base@21.0.6)
2771:             1             64  jdk.internal.foreign.layout.ValueLayouts$OfByteImpl (java.base@21.0.6)
2772:             1             64  jdk.internal.icu.util.CodePointTrie$Fast16 (java.base@21.0.6)
2773:             2             64  jdk.internal.icu.util.CodePointTrie$Type (java.base@21.0.6)
2774:             1             64  jdk.internal.loader.URLClassPath (java.base@21.0.6)
2775:             1             64  jdk.internal.platform.cgroupv1.CgroupV1Subsystem (java.base@21.0.6)
2776:             2             64  kotlin.reflect.jvm.internal.KDeclarationContainerImpl$MemberBelonginess
2777:             2             64  kotlin.reflect.jvm.internal.impl.builtins.functions.BuiltInFictitiousFunctionClassFactory
2778:             1             64  kotlin.reflect.jvm.internal.impl.builtins.jvm.FallbackBuiltIns
2779:             2             64  kotlin.reflect.jvm.internal.impl.builtins.jvm.JvmBuiltInsCustomizer$$Lambda$5
2780:             1             64  kotlin.reflect.jvm.internal.impl.builtins.jvm.JvmBuiltInsCustomizer$createMockJavaIoSerializableType$mockJavaIoPackageFragment$1
2781:             2             64  kotlin.reflect.jvm.internal.impl.descriptors.runtime.components.ReflectKotlinClassFinder
2782:             1             64  kotlin.reflect.jvm.internal.impl.descriptors.runtime.structure.ReflectJavaClass$fields$1
2783:             1             64  kotlin.reflect.jvm.internal.impl.descriptors.runtime.structure.ReflectJavaClass$fields$2
2784:             1             64  kotlin.reflect.jvm.internal.impl.descriptors.runtime.structure.ReflectJavaClass$methods$2
2785:             1             64  kotlin.reflect.jvm.internal.impl.load.java.JavaTypeEnhancementState$Companion$DEFAULT$1
2786:             2             64  kotlin.reflect.jvm.internal.impl.load.java.components.JavaAnnotationDescriptor$$Lambda$0
2787:             1             64  kotlin.reflect.jvm.internal.impl.load.java.lazy.descriptors.LazyJavaAnnotationDescriptor
2788:             2             64  kotlin.reflect.jvm.internal.impl.load.java.structure.LightClassOriginKind
2789:             2             64  kotlin.reflect.jvm.internal.impl.load.java.typeEnhancement.MutabilityQualifier
2790:             1             64  kotlin.reflect.jvm.internal.impl.load.kotlin.BinaryClassAnnotationAndConstantLoaderImpl
2791:             2             64  kotlin.reflect.jvm.internal.impl.resolve.calls.inference.CapturedTypeConstructorImpl
2792:             1             64  kotlin.reflect.jvm.internal.impl.resolve.descriptorUtil.DescriptorUtilsKt$declaresOrInheritsDefaultValue$2
2793:             2             64  kotlin.reflect.jvm.internal.impl.serialization.deserialization.AnnotationAndConstantLoaderImpl
2794:             2             64  kotlin.reflect.jvm.internal.impl.serialization.deserialization.descriptors.DeserializedContainerAbiStability
2795:             2             64  kotlin.reflect.jvm.internal.impl.types.TypeUsage
2796:             1             64  kotlin.sequences.SequencesKt___SequencesKt$flatMap$2
2797:             2             64  kotlin.text.Regex
2798:             2             64  kotlinx.coroutines.CompletableDeferredImpl
2799:             1             64  kotlinx.coroutines.DefaultExecutor
2800:             1             64  kotlinx.coroutines.channels.BufferedChannelKt$createSegmentFunction$1
2801:             2             64  kotlinx.coroutines.channels.TickerMode
2802:             1             64  kotlinx.coroutines.flow.internal.SafeCollectorKt$emitFun$1
2803:             2             64  net.engio.mbassy.listener.Invoke
2804:             4             64  org.bouncycastle.jcajce.provider.asymmetric.ecgost12.KeyFactorySpi
2805:             1             64  org.bouncycastle.jce.provider.BouncyCastleProviderConfiguration
2806:             2             64  org.bouncycastle.pqc.jcajce.provider.falcon.FalconKeyFactorySpi
2807:             2             64  org.glassfish.hk2.api.DescriptorType
2808:             2             64  org.glassfish.hk2.api.DescriptorVisibility
2809:             2             64  org.glassfish.hk2.api.ServiceLocatorState
2810:             1             64  org.glassfish.jersey.internal.guava.ThreadFactoryBuilder$1
2811:             2             64  org.glassfish.jersey.internal.inject.AbstractBinder$$Lambda/0x00007fea3c734400
2812:             2             64  org.glassfish.jersey.internal.l10n.LocalizableMessageFactory
2813:             2             64  org.glassfish.jersey.internal.l10n.Localizer
2814:             2             64  org.glassfish.jersey.jackson.internal.jackson.jaxrs.cfg.Annotations
2815:             1             64  org.glassfish.jersey.message.internal.MediaTypes$3
2816:             2             64  org.glassfish.jersey.message.internal.MessageBodyFactory$ModelLookupKey
2817:             2             64  org.glassfish.jersey.model.internal.RankedComparator$Order
2818:             1             64  org.glassfish.jersey.server.internal.JerseyResourceContext
2819:             2             64  org.glassfish.jersey.servlet.WebConfig$ConfigType
2820:             2             64  org.jboss.threads.EnhancedQueueExecutor$ThreadBody
2821:             2             64  org.slf4j.helpers.Reporter$TargetChoice
2822:             1             64  org.wildfly.common.context.ContextManager
2823:             1             64  org.xnio.nio.NioSocketStreamConnection
2824:             2             64  picocli.CommandLine$ParseResult$GroupValidationResult
2825:             2             64  picocli.CommandLine$ScopeType
2826:             2             64  sun.nio.ch.AllocatedNativeObject (java.base@21.0.6)
2827:             2             64  sun.nio.ch.NativeThreadSet (java.base@21.0.6)
2828:             2             64  sun.security.jca.ProviderList (java.base@21.0.6)
2829:             2             64  sun.security.util.DisabledAlgorithmConstraints$DisabledConstraint (java.base@21.0.6)
2830:             1             64  sun.text.resources.cldr.FormatData (java.base@21.0.6)
2831:             1             64  sun.text.resources.cldr.FormatData_en (java.base@21.0.6)
2832:             1             64  sun.util.resources.cldr.CalendarData (java.base@21.0.6)
2833:             1             56  [Lch.qos.logback.core.pattern.parser.TokenStream$TokenizerState;
2834:             1             56  [Lcom.aerospike.client.async.EventLoopType;
2835:             1             56  [Lcom.aerospike.client.policy.RecordExistsAction;
2836:             1             56  [Lcom.aerospike.client.policy.Replica;
2837:             1             56  [Lcom.fasterxml.jackson.annotation.Nulls;
2838:             1             56  [Lcom.fasterxml.jackson.core.JsonEncoding;
2839:             1             56  [Lcom.fasterxml.jackson.core.JsonFactory$Feature;
2840:             1             56  [Lcom.fasterxml.jackson.databind.cfg.JsonNodeFeature;
2841:             1             56  [Lcom.google.common.cache.RemovalCause;
2842:             1             56  [Lio.grpc.ConnectivityState;
2843:             1             56  [Lio.grpc.MethodDescriptor$MethodType;
2844:             1             56  [Lio.grpc.MetricInstrument;
2845:             1             56  [Lio.netty.handler.logging.LogLevel;
2846:             1             56  [Lio.netty.util.internal.logging.InternalLogLevel;
2847:             1             56  [Ljakarta.servlet.http.MappingMatch;
2848:             1             56  [Ljava.lang.invoke.VarHandle$AccessType; (java.base@21.0.6)
2849:             1             56  [Ljava.time.format.SignStyle; (java.base@21.0.6)
2850:             1             56  [Ljdk.incubator.vector.VectorShape; (jdk.incubator.vector@21.0.6)
2851:             1             56  [Lkotlin.reflect.jvm.internal.impl.builtins.jvm.JvmBuiltInsCustomizer$JDKMemberStatus;
2852:             1             56  [Lkotlinx.coroutines.scheduling.CoroutineScheduler$WorkerState;
2853:             1             56  [Lorg.glassfish.jersey.internal.guava.RemovalCause;
2854:             1             56  [Lorg.glassfish.jersey.message.internal.HttpHeaderReader$Event;
2855:             1             56  [Lorg.yaml.snakeyaml.DumperOptions$ScalarStyle;
2856:             1             56  [Lpicocli.CommandLine$ParseResult$GroupValidationResult$Type;
2857:             1             56  [Lsun.util.locale.provider.LocaleProviderAdapter$Type; (java.base@21.0.6)
2858:             1             56  [[Ljava.lang.invoke.LambdaForm$Name; (java.base@21.0.6)
2859:             1             56  com.aerospike.client.cluster.Connection
2860:             1             56  com.aerospike.client.cluster.Partition
2861:             1             56  com.aerospike.client.cluster.Peers
2862:             1             56  com.aerospike.client.cluster.Pool
2863:             1             56  com.aerospike.client.policy.BatchWritePolicy
2864:             1             56  com.aerospike.connect.metrics.Ticker
2865:             1             56  com.aerospike.connect.metrics.Ticker$1
2866:             1             56  com.aerospike.connect.metrics.manage.app.ManageApplication
2867:             1             56  com.aerospike.connect.metrics.manage.server.ManageServer
2868:             1             56  com.aerospike.vector.client.proto.AddUserRequest
2869:             1             56  com.aerospike.vector.client.proto.ClusteringState
2870:             1             56  com.aerospike.vector.client.proto.GcInvalidVerticesRequest
2871:             1             56  com.aerospike.vector.client.proto.GetRequest
2872:             1             56  com.aerospike.vector.client.proto.IsIndexedRequest
2873:             1             56  com.aerospike.vector.client.proto.Neighbor
2874:             1             56  com.aerospike.vector.client.proto.PutRequest
2875:             1             56  com.aerospike.vector.client.proto.Record
2876:             1             56  com.aerospike.vector.cluster.Cluster$LearnMessage
2877:             1             56  com.aerospike.vector.cluster.ClusterMetaMonitor$cancellableFlow$1
2878:             1             56  com.aerospike.vector.cluster.TickGenerator$cancellableFlow$1
2879:             1             56  com.aerospike.vector.distance.VectorDistanceServiceCpu
2880:             1             56  com.aerospike.vector.dns.AsyncDnsResolver$1
2881:             1             56  com.aerospike.vector.dns.AsyncDnsResolver$2
2882:             1             56  com.aerospike.vector.exchange.Exchange$ExchangeCommit
2883:             1             56  com.aerospike.vector.exchange.Exchange$ExchangeReadyToCommit
2884:             1             56  com.aerospike.vector.exchange.ExchangeService$1
2885:             1             56  com.aerospike.vector.heartbeat.AdjacencyMonitor$cancellableFlow$1
2886:             1             56  com.aerospike.vector.heartbeat.DiscoveryRegister$1
2887:             1             56  com.aerospike.vector.heartbeat.HeartbeatTransmitter$1
2888:             1             56  com.aerospike.vector.index.DeleteProxyRequest
2889:             1             56  com.aerospike.vector.index.ExistsProxyRequest
2890:             1             56  com.aerospike.vector.index.GetProxyRequest
2891:             1             56  com.aerospike.vector.index.IndexLog$flushToStore$1$1
2892:             1             56  com.aerospike.vector.index.IndexMetricsResponse
2893:             1             56  com.aerospike.vector.index.Indexer$indexMaintainerCancellableFlow$1
2894:             1             56  com.aerospike.vector.index.IsIndexedProxyRequest
2895:             1             56  com.aerospike.vector.index.NodeBatchIndexMergeComplete
2896:             1             56  com.aerospike.vector.index.PutProxyRequest
2897:             1             56  com.aerospike.vector.index.StandaloneIndexBuildAbortRequest
2898:             1             56  com.aerospike.vector.index.StandaloneIndexBuildCompletedRequest
2899:             1             56  com.aerospike.vector.index.StandaloneIndexBuildStartRequest
2900:             1             56  com.aerospike.vector.index.StandaloneIndexCoordinator$cancellableFlow$1
2901:             1             56  com.aerospike.vector.index.StandaloneIndexWorker$cancellableFlow$1
2902:             1             56  com.aerospike.vector.index.VectorSearchProxyRequest
2903:             1             56  com.aerospike.vector.index.cache.IndexCacheCoordinator$1
2904:             1             56  com.aerospike.vector.index.cache.IndexCacheCoordinator$2
2905:             1             56  com.aerospike.vector.index.healer.coordinator.IndexHealerCoordinator$cancellableFlow$1
2906:             1             56  com.aerospike.vector.index.healer.worker.IndexHealerWorker$cancellableFlow$1
2907:             1             56  com.aerospike.vector.index.merge.coordinator.IndexMergeCoordinator$currentPendingBatches$1$1
2908:             1             56  com.aerospike.vector.index.merge.worker.IndexMergeWorker$1
2909:             1             56  com.aerospike.vector.index.metrics.CacheMetricRefresher$cancellableFlow$1
2910:             1             56  com.aerospike.vector.index.metrics.IndexMetricsTracker$refreshClusterMetricsFlow$1
2911:             1             56  com.aerospike.vector.interconnect.InterconnectDirectory
2912:             1             56  com.aerospike.vector.server.grpc.service.GrpcIndexService
2913:             1             56  com.aerospike.vector.storage.AerospikeStorageFactory
2914:             1             56  com.aerospike.vector.storage.index.AerospikeIndexMetaStore$storeIndexLogGeneric$3
2915:             1             56  com.codahale.metrics.json.MetricsModule$TimerSerializer
2916:             1             56  com.fasterxml.jackson.databind.introspect.DefaultAccessorNamingStrategy$Provider
2917:             1             56  com.google.protobuf.ExtensionRegistry
2918:             1             56  com.sun.jmx.mbeanserver.JmxMBeanServer (java.management@21.0.6)
2919:             1             56  com.sun.jmx.mbeanserver.MBeanServerDelegateImpl (java.management@21.0.6)
2920:             1             56  com.sun.management.internal.DiagnosticCommandImpl (jdk.management@21.0.6)
2921:             1             56  com.sun.management.internal.OperatingSystemImpl (jdk.management@21.0.6)
2922:             1             56  io.grpc.InternalChannelz
2923:             1             56  io.netty.util.ResourceLeakDetector
2924:             1             56  io.netty.util.concurrent.DefaultPromise$StacklessCancellationException
2925:             1             56  io.undertow.security.handlers.SecurityInitialHandler
2926:             1             56  io.undertow.server.session.SessionCookieConfig
2927:             1             56  java.io.BufferedInputStream (java.base@21.0.6)
2928:             1             56  java.io.PrintWriter (java.base@21.0.6)
2929:             1             56  java.lang.ArithmeticException (java.base@21.0.6)
2930:             1             56  java.lang.ArrayStoreException (java.base@21.0.6)
2931:             1             56  java.lang.ClassCastException (java.base@21.0.6)
2932:             1             56  java.lang.ExceptionInInitializerError (java.base@21.0.6)
2933:             1             56  java.lang.ThreadBuilders$VirtualThreadFactory (java.base@21.0.6)
2934:             1             56  java.lang.UnsupportedOperationException (java.base@21.0.6)
2935:             1             56  java.lang.VirtualMachineError (java.base@21.0.6)
2936:             1             56  java.net.Socket (java.base@21.0.6)
2937:             1             56  java.security.UnresolvedPermission (java.base@21.0.6)
2938:             1             56  java.util.Collections$UnmodifiableSortedMap (java.base@21.0.6)
2939:             1             56  java.util.ResourceBundle$2 (java.base@21.0.6)
2940:             1             56  java.util.ServiceLoader$ModuleServicesLookupIterator (java.base@21.0.6)
2941:             1             56  jdk.internal.event.SecurityProviderServiceEvent (java.base@21.0.6)
2942:             1             56  jdk.internal.loader.ArchivedClassLoaders (java.base@21.0.6)
2943:             1             56  jdk.net.ExtendedSocketOptions$1 (jdk.net@21.0.6)
2944:             1             56  kotlin.reflect.jvm.internal.impl.builtins.jvm.JvmBuiltInsPackageFragmentProvider
2945:             1             56  kotlin.reflect.jvm.internal.impl.load.java.components.JavaRetentionAnnotationDescriptor
2946:             1             56  kotlin.reflect.jvm.internal.impl.load.java.components.JavaTargetAnnotationDescriptor
2947:             1             56  kotlin.reflect.jvm.internal.impl.name.CallableId
2948:             1             56  kotlinx.coroutines.DisposeOnCompletion
2949:             1             56  kotlinx.coroutines.TimeoutCoroutine
2950:             1             56  kotlinx.coroutines.scheduling.DefaultScheduler
2951:             1             56  org.glassfish.jersey.server.internal.inject.PrimitiveValueOfExtractor
2952:             1             56  org.glassfish.jersey.server.internal.inject.WebTargetValueParamProvider
2953:             1             56  org.glassfish.jersey.server.model.ResourceMethodInvoker$Builder
2954:             1             56  org.glassfish.jersey.server.model.internal.JavaResourceMethodDispatcherProvider$VoidOutInvoker
2955:             1             56  org.glassfish.jersey.servlet.WebComponent
2956:             1             56  org.glassfish.jersey.servlet.WebComponent$WebComponentBinder
2957:             1             56  org.jboss.threads.EnhancedQueueExecutor$SchedulerTask
2958:             1             56  org.jvnet.hk2.internal.PerLocatorUtilities
2959:             1             56  org.jvnet.mimepull.MIMEConfig
2960:             1             56  picocli.CommandLine$Help$Ansi$Text
2961:             1             56  sun.nio.cs.StandardCharsets$Aliases (java.base@21.0.6)
2962:             1             56  sun.nio.cs.StandardCharsets$Cache (java.base@21.0.6)
2963:             1             56  sun.nio.cs.UTF_8$Decoder (java.base@21.0.6)
2964:             1             56  sun.security.provider.DSAPublicKeyImpl (java.base@21.0.6)
2965:             1             56  sun.security.util.KnownOIDs$1 (java.base@21.0.6)
2966:             1             56  sun.security.util.KnownOIDs$10 (java.base@21.0.6)
2967:             1             56  sun.security.util.KnownOIDs$2 (java.base@21.0.6)
2968:             1             56  sun.security.util.KnownOIDs$3 (java.base@21.0.6)
2969:             1             56  sun.security.util.KnownOIDs$4 (java.base@21.0.6)
2970:             1             56  sun.security.util.KnownOIDs$5 (java.base@21.0.6)
2971:             1             56  sun.security.util.KnownOIDs$6 (java.base@21.0.6)
2972:             1             56  sun.security.util.KnownOIDs$7 (java.base@21.0.6)
2973:             1             56  sun.security.util.KnownOIDs$8 (java.base@21.0.6)
2974:             1             56  sun.security.util.KnownOIDs$9 (java.base@21.0.6)
2975:             1             56  sun.util.resources.Bundles$1 (java.base@21.0.6)
2976:             3             48  [Lch.qos.logback.core.filter.Filter;
2977:             1             48  [Lcom.aerospike.client.BatchRecord$Type;
2978:             1             48  [Lcom.aerospike.client.Log$Level;
2979:             1             48  [Lcom.aerospike.client.policy.AuthMode;
2980:             1             48  [Lcom.aerospike.client.policy.ReadModeSC;
2981:             1             48  [Lcom.aerospike.vector.cluster.JoinRequestResult;
2982:             1             48  [Lcom.aerospike.vector.cluster.events.StateChangeQualifier;
2983:             1             48  [Lcom.aerospike.vector.config.NodeRoleSet;
2984:             1             48  [Lcom.aerospike.vector.exchange.ExchangeState;
2985:             1             48  [Lcom.aerospike.vector.index.IndexLogEntry$OperationCase;
2986:             1             48  [Lcom.fasterxml.jackson.core.StreamReadCapability;
2987:             1             48  [Lcom.fasterxml.jackson.core.util.Separators$Spacing;
2988:             1             48  [Lcom.fasterxml.jackson.databind.cfg.ConstructorDetector$SingleArgConstructor;
2989:             1             48  [Lcom.google.common.collect.MapMakerInternalMap$Segment;
2990:             1             48  [Lcom.google.inject.internal.Initializer$InjectableReferenceState;
2991:             1             48  [Lcom.google.inject.internal.InternalFlags$CustomClassLoadingOption;
2992:             1             48  [Lcom.google.protobuf.Descriptors$FileDescriptor$Syntax;
2993:             2             48  [Lcom.sun.jmx.mbeanserver.ClassLoaderRepositorySupport$LoaderEntry; (java.management@21.0.6)
2994:             1             48  [Lio.grpc.ChannelLogger$ChannelLogLevel;
2995:             1             48  [Lio.grpc.InternalChannelz$ChannelTrace$Event$Severity;
2996:             1             48  [Lio.grpc.internal.ClientStreamListener$RpcProgress;
2997:             1             48  [Lio.netty.channel.DefaultChannelPipeline$AddStrategy;
2998:             1             48  [Lio.netty.util.ResourceLeakDetector$Level;
2999:             1             48  [Lio.undertow.security.impl.SecurityContextImpl$AuthenticationState;
3000:             2             48  [Lio.undertow.server.handlers.form.FormParserFactory$ParserDefinition;
3001:             1             48  [Lio.undertow.servlet.api.TransportGuaranteeType;
3002:             1             48  [Ljava.lang.ThreadGroup; (java.base@21.0.6)
3003:             1             48  [Ljava.lang.ThreadLocal; (java.base@21.0.6)
3004:             1             48  [Ljava.lang.module.ModuleDescriptor$Modifier; (java.base@21.0.6)
3005:             1             48  [Ljava.lang.module.ModuleDescriptor$Requires$Modifier; (java.base@21.0.6)
3006:             1             48  [Ljava.text.Normalizer$Form; (java.base@21.0.6)
3007:             1             48  [Ljava.time.format.DateTimeFormatterBuilder$SettingsParser; (java.base@21.0.6)
3008:             1             48  [Ljava.time.temporal.IsoFields$Field; (java.base@21.0.6)
3009:             1             48  [Ljava.util.regex.Pattern$Qtype; (java.base@21.0.6)
3010:             1             48  [Ljava.util.stream.StreamShape; (java.base@21.0.6)
3011:             1             48  [Ljdk.internal.logger.BootstrapLogger$LoggingBackend; (java.base@21.0.6)
3012:             1             48  [Lkotlin.reflect.jvm.internal.impl.builtins.functions.FunctionTypeKind;
3013:             1             48  [Lkotlin.reflect.jvm.internal.impl.descriptors.CallableMemberDescriptor$Kind;
3014:             1             48  [Lkotlin.reflect.jvm.internal.impl.descriptors.Modality;
3015:             1             48  [Lkotlin.reflect.jvm.internal.impl.load.java.SpecialGenericSignatures$TypeSafeBarrierDescription;
3016:             1             48  [Lkotlin.reflect.jvm.internal.impl.load.java.descriptors.JavaMethodDescriptor$ParameterNamesStatus;
3017:             1             48  [Lkotlin.reflect.jvm.internal.impl.metadata.ProtoBuf$Type$Argument$Projection;
3018:             1             48  [Lkotlin.reflect.jvm.internal.impl.serialization.deserialization.AnnotatedCallableKind;
3019:             1             48  [Lkotlinx.coroutines.CoroutineStart;
3020:             1             48  [Lnet.engio.mbassy.bus.MessagePublication$State;
3021:             1             48  [Lorg.bouncycastle.crypto.params.DHParameters;
3022:             1             48  [Lorg.bouncycastle.crypto.params.DSAParameters;
3023:             1             48  [Lorg.glassfish.jersey.uri.internal.TemplateVariable$Position;
3024:             1             48  [Lorg.yaml.snakeyaml.nodes.NodeId;
3025:             1             48  [Lpicocli.CommandLine$TraceLevel;
3026:             1             48  ch.qos.logback.classic.util.ContextInitializer
3027:             2             48  ch.qos.logback.core.pattern.FormatInfo
3028:             1             48  com.aerospike.client.async.NettyEventLoops
3029:             1             48  com.aerospike.client.policy.BatchDeletePolicy
3030:             1             48  com.aerospike.connect.metrics.manage.config.ManageServerConfig
3031:             1             48  com.aerospike.connect.metrics.manage.service.PrometheusExports
3032:             1             48  com.aerospike.vector.client.proto.AuthRequest
3033:             1             48  com.aerospike.vector.client.proto.ClusterNodeEndpointsRequest
3034:             1             48  com.aerospike.vector.client.proto.DeleteRequest
3035:             1             48  com.aerospike.vector.client.proto.ExistsRequest
3036:             1             48  com.aerospike.vector.client.proto.GrantRolesRequest
3037:             1             48  com.aerospike.vector.client.proto.IndexCreateRequest
3038:             1             48  com.aerospike.vector.client.proto.IndexDropRequest
3039:             1             48  com.aerospike.vector.client.proto.IndexGetRequest
3040:             1             48  com.aerospike.vector.client.proto.IndexStatusRequest
3041:             1             48  com.aerospike.vector.client.proto.RevokeRolesRequest
3042:             1             48  com.aerospike.vector.client.proto.ServerEndpoint
3043:             1             48  com.aerospike.vector.client.proto.UpdateCredentialsRequest
3044:             1             48  com.aerospike.vector.client.proto.User
3045:             1             48  com.aerospike.vector.cluster.Cluster$AcceptMessage
3046:             1             48  com.aerospike.vector.cluster.Cluster$JoinReject
3047:             1             48  com.aerospike.vector.cluster.Cluster$JoinRequest
3048:             1             48  com.aerospike.vector.cluster.Cluster$PrepareMessage
3049:             1             48  com.aerospike.vector.cluster.Cluster$ProposalId
3050:             2             48  com.aerospike.vector.cluster.ClusterId
3051:             2             48  com.aerospike.vector.cluster.QuantumIntervalGenerator$$Lambda/0x00007fea3c4f36c8
3052:             1             48  com.aerospike.vector.cluster.TickGenerator
3053:             1             48  com.aerospike.vector.exchange.ExchangeClusterStateService
3054:             1             48  com.aerospike.vector.heartbeat.Heartbeat$EndpointsQuery
3055:             2             48  com.aerospike.vector.heartbeat.HeartbeatServiceGrpc$HeartbeatServiceMethodDescriptorSupplier
3056:             2             48  com.aerospike.vector.heartbeat.HeartbeatServiceGrpc$MethodHandlers
3057:             1             48  com.aerospike.vector.index.BatchBucketStore
3058:             1             48  com.aerospike.vector.index.BatchIndexStatusResponse
3059:             1             48  com.aerospike.vector.index.EvictCachedVerticesRequest
3060:             1             48  com.aerospike.vector.index.ExistsProxyResponse
3061:             1             48  com.aerospike.vector.index.GetProxyResponse
3062:             3             48  com.aerospike.vector.index.IndexCatalog$$FastClassByGuice$$2643561
3063:             3             48  com.aerospike.vector.index.IndexLog$$FastClassByGuice$$2525e65
3064:             1             48  com.aerospike.vector.index.IsIndexedProxyResponse
3065:             1             48  com.aerospike.vector.index.MarkCachedVerticesInvalidRequest
3066:             1             48  com.aerospike.vector.index.VectorSearchProxyResponse
3067:             1             48  com.aerospike.vector.index.config.IndexCleanupConfig
3068:             1             48  com.aerospike.vector.index.merge.coordinator.config.IndexBatchMergeConfig
3069:             1             48  com.aerospike.vector.index.metrics.CacheMetricRefresher
3070:             3             48  com.aerospike.vector.index.metrics.IndexMetricsRegistry$$FastClassByGuice$$28be039
3071:             3             48  com.aerospike.vector.server.grpc.service.GrpcTransactService$$FastClassByGuice$$635cc14
3072:             1             48  com.aerospike.vector.storage.AerospikeStorageKvs
3073:             2             48  com.codahale.metrics.jvm.MemoryUsageGaugeSet$$Lambda/0x00007fea3c337280
3074:             2             48  com.fasterxml.jackson.databind.InjectableValues$Std
3075:             2             48  com.fasterxml.jackson.databind.ObjectMapper$1
3076:             1             48  com.fasterxml.jackson.databind.ObjectWriter$GeneratorSettings
3077:             2             48  com.fasterxml.jackson.databind.module.SimpleDeserializers
3078:             2             48  com.fasterxml.jackson.databind.ser.std.BooleanSerializer
3079:             1             48  com.fasterxml.jackson.databind.ser.std.CalendarSerializer
3080:             1             48  com.fasterxml.jackson.databind.ser.std.DateSerializer
3081:             1             48  com.fasterxml.jackson.databind.type.TypeFactory
3082:             2             48  com.fasterxml.jackson.module.kotlin.KotlinDeserializers
3083:             2             48  com.fasterxml.jackson.module.kotlin.KotlinInstantiators
3084:             1             48  com.github.benmanes.caffeine.cache.BoundedLocalCache$BoundedLocalLoadingCache
3085:             2             48  com.github.benmanes.caffeine.cache.BoundedLocalCache$EntrySetView
3086:             1             48  com.github.benmanes.caffeine.cache.NodeFactory$DeadWeakKey
3087:             1             48  com.github.benmanes.caffeine.cache.NodeFactory$RetiredWeakKey
3088:             2             48  com.github.benmanes.caffeine.cache.stats.GuardedStatsCounter
3089:             2             48  com.google.common.base.Joiner
3090:             2             48  com.google.inject.internal.Annotations$AnnotationChecker$1
3091:             1             48  com.google.protobuf.GeneratedMessageV3$FieldAccessorTable$RealOneofAccessor
3092:             1             48  com.google.protobuf.TextFormat$Parser
3093:             1             48  com.sun.management.internal.OperatingSystemImpl$ProcessCpuTicks (jdk.management@21.0.6)
3094:             1             48  com.sun.management.internal.OperatingSystemImpl$SystemCpuTicks (jdk.management@21.0.6)
3095:             2             48  com.sun.proxy.jdk.proxy1.$Proxy18 (jdk.proxy1)
3096:             2             48  io.grpc.DecompressorRegistry$DecompressorInfo
3097:             2             48  io.grpc.internal.ServerImpl$ServerListenerImpl
3098:             2             48  io.grpc.netty.NettyServer$SharedResourceReferenceCounter
3099:             2             48  io.netty.buffer.PooledByteBufAllocator$1
3100:             2             48  io.netty.buffer.PooledByteBufAllocatorMetric
3101:             2             48  io.netty.channel.group.DefaultChannelGroup$1
3102:             2             48  io.netty.channel.group.VoidChannelGroupFuture
3103:             1             48  io.netty.handler.codec.http.HttpStatusClass$1
3104:             2             48  io.netty.util.concurrent.ThreadPerTaskExecutor
3105:             2             48  io.undertow.server.DefaultByteBufferPool$ThreadLocalCache
3106:             2             48  io.undertow.server.handlers.form.FormEncodedDataDefinition
3107:             2             48  io.undertow.server.handlers.form.FormParserFactory
3108:             1             48  io.undertow.server.protocol.http.ServerFixedLengthStreamSinkConduit
3109:             1             48  io.undertow.servlet.core.DeploymentManagerImpl
3110:             2             48  io.undertow.servlet.core.ManagedServlet$DefaultInstanceStrategy$1
3111:             2             48  io.undertow.servlet.handlers.ServletHandler
3112:             1             48  io.undertow.servlet.handlers.security.CachedAuthenticatedSessionHandler
3113:             1             48  io.undertow.servlet.spec.SessionCookieConfigImpl
3114:             2             48  io.undertow.servlet.util.ConstructorInstanceFactory
3115:             1             48  io.undertow.util.PathMatcher
3116:             2             48  io.undertow.util.SubstringMap
3117:             1             48  jakarta.xml.bind.JAXBElement
3118:             2             48  java.io.FilePermissionCollection (java.base@21.0.6)
3119:             1             48  java.lang.Module$ArchivedData (java.base@21.0.6)
3120:             1             48  java.lang.invoke.VarHandleLongs$Array (java.base@21.0.6)
3121:             1             48  java.lang.module.ModuleDescriptor$Version (java.base@21.0.6)
3122:             2             48  java.nio.ByteOrder (java.base@21.0.6)
3123:             2             48  java.nio.channels.spi.AbstractSelector$1 (java.base@21.0.6)
3124:             2             48  java.nio.file.attribute.PosixFilePermissions$1 (java.base@21.0.6)
3125:             2             48  java.time.format.DateTimeFormatterBuilder$1 (java.base@21.0.6)
3126:             3             48  java.util.Base64$Decoder (java.base@21.0.6)
3127:             2             48  java.util.ResourceBundle$SingleFormatControl (java.base@21.0.6)
3128:             1             48  java.util.zip.ZipCoder$UTF8ZipCoder (java.base@21.0.6)
3129:             1             48  jdk.internal.jimage.ImageHeader (java.base@21.0.6)
3130:             2             48  jdk.internal.misc.Signal$NativeHandler (java.base@21.0.6)
3131:             1             48  jdk.internal.org.objectweb.asm.ConstantDynamic (java.base@21.0.6)
3132:             1             48  jdk.internal.org.objectweb.asm.Handle (java.base@21.0.6)
3133:             2             48  jdk.internal.reflect.ReflectionFactory$Config (java.base@21.0.6)
3134:             2             48  jdk.proxy2.$Proxy14 (jdk.proxy2)
3135:             2             48  jdk.proxy2.$Proxy25 (jdk.proxy2)
3136:             2             48  jdk.proxy2.$Proxy34 (jdk.proxy2)
3137:             2             48  jdk.proxy2.$Proxy5 (jdk.proxy2)
3138:             2             48  jdk.proxy2.$Proxy54 (jdk.proxy2)
3139:             2             48  jdk.proxy2.$Proxy65 (jdk.proxy2)
3140:             2             48  jdk.proxy2.$Proxy66 (jdk.proxy2)
3141:             2             48  kotlin.jvm.internal.Ref$ObjectRef
3142:             2             48  kotlin.reflect.jvm.internal.KProperty0Impl$$Lambda$0
3143:             2             48  kotlin.reflect.jvm.internal.KProperty0Impl$$Lambda$1
3144:             2             48  kotlin.reflect.jvm.internal.KPropertyImpl$Setter$$Lambda$0
3145:             2             48  kotlin.reflect.jvm.internal.impl.builtins.KotlinBuiltIns$1
3146:             2             48  kotlin.reflect.jvm.internal.impl.builtins.KotlinBuiltIns$2
3147:             2             48  kotlin.reflect.jvm.internal.impl.builtins.KotlinBuiltIns$3
3148:             2             48  kotlin.reflect.jvm.internal.impl.descriptors.NotFoundClasses$$Lambda$0
3149:             2             48  kotlin.reflect.jvm.internal.impl.descriptors.NotFoundClasses$$Lambda$1
3150:             2             48  kotlin.reflect.jvm.internal.impl.descriptors.annotations.BuiltInAnnotationDescriptor$$Lambda$0
3151:             2             48  kotlin.reflect.jvm.internal.impl.descriptors.impl.ModuleDescriptorImpl$$Lambda$0
3152:             2             48  kotlin.reflect.jvm.internal.impl.descriptors.runtime.components.ReflectAnnotationSource
3153:             1             48  kotlin.reflect.jvm.internal.impl.descriptors.runtime.structure.Java16SealedRecordLoader$Cache
3154:             1             48  kotlin.reflect.jvm.internal.impl.load.java.Jsr305Settings
3155:             2             48  kotlin.reflect.jvm.internal.impl.load.java.NullabilityAnnotationStatesImpl$$Lambda$0
3156:             2             48  kotlin.reflect.jvm.internal.impl.load.java.typeEnhancement.EnhancedTypeAnnotations
3157:             2             48  kotlin.reflect.jvm.internal.impl.resolve.constants.StringValue
3158:             2             48  kotlin.reflect.jvm.internal.impl.serialization.deserialization.DeserializedClassDataFinder
3159:             3             48  kotlin.reflect.jvm.internal.impl.serialization.deserialization.builtins.BuiltInsResourceLoader
3160:             2             48  kotlin.reflect.jvm.internal.impl.types.TypeUtils$SpecialType
3161:             1             48  kotlinx.coroutines.channels.ProducerCoroutine
3162:             2             48  kotlinx.coroutines.scheduling.GlobalQueue
3163:             1             48  net.engio.mbassy.common.StrongConcurrentSet
3164:             2             48  org.bouncycastle.math.field.PrimeField
3165:             3             48  org.bouncycastle.pqc.jcajce.provider.bike.BIKEKeyFactorySpi
3166:             3             48  org.bouncycastle.pqc.jcajce.provider.hqc.HQCKeyFactorySpi
3167:             1             48  org.glassfish.hk2.utilities.reflection.internal.ClassReflectionHelperImpl
3168:             1             48  org.glassfish.jersey.inject.hk2.ContextInjectionResolverImpl
3169:             1             48  org.glassfish.jersey.inject.hk2.Hk2BootstrapBinder
3170:             1             48  org.glassfish.jersey.inject.hk2.JerseyClassAnalyzer$Binder
3171:             1             48  org.glassfish.jersey.jackson.internal.jackson.jaxrs.json.JsonMapperConfigurator
3172:             1             48  org.glassfish.jersey.media.multipart.internal.FormDataParamInjectionFeature$1
3173:             1             48  org.glassfish.jersey.message.internal.QualitySourceMediaType
3174:             2             48  org.glassfish.jersey.spi.AbstractThreadPoolProvider$$Lambda/0x00007fea3c760c28
3175:             2             48  org.jboss.threads.DelegatingExecutorService
3176:             2             48  org.jboss.threads.EnhancedQueueExecutor$TerminateWaiterNode
3177:             2             48  org.jboss.threads.Messages_$logger
3178:             2             48  org.slf4j.helpers.ThreadLocalMapOfStacks
3179:             2             48  org.xnio.Option$9
3180:             1             48  org.xnio.conduits.ConduitStreamSinkChannel
3181:             1             48  org.xnio.conduits.ConduitStreamSourceChannel
3182:             1             48  org.xnio.nio.NioXnio
3183:             1             48  org.xnio.nio.NioXnioWorker$NioWorkerMetrics
3184:             1             48  org.xnio.nio.WorkerThread$TimeKey
3185:             2             48  sun.nio.ch.IOVecWrapper$Deallocator (java.base@21.0.6)
3186:             3             48  sun.nio.ch.SocketDispatcher (java.base@21.0.6)
3187:             2             48  sun.nio.ch.Util$2 (java.base@21.0.6)
3188:             1             48  sun.reflect.annotation.AnnotatedTypeFactory$AnnotatedTypeBaseImpl (java.base@21.0.6)
3189:             2             48  sun.security.jca.ProviderList$3 (java.base@21.0.6)
3190:             2             48  sun.security.provider.FileInputStreamPool$UnclosableInputStream (java.base@21.0.6)
3191:             1             48  sun.security.provider.PolicyFile$PolicyInfo (java.base@21.0.6)
3192:             1             48  sun.security.util.DisabledAlgorithmConstraints (java.base@21.0.6)
3193:             1             48  sun.security.util.DisabledAlgorithmConstraints$DenyAfterConstraint (java.base@21.0.6)
3194:             2             48  sun.util.resources.LocaleData (java.base@21.0.6)
3195:             1             40  [Lch.qos.logback.classic.spi.Configurator$ExecutionStatus;
3196:             2             40  [Lch.qos.logback.core.Appender;
3197:             1             40  [Lch.qos.logback.core.spi.FilterReply;
3198:             1             40  [Lcom.aerospike.client.policy.GenerationPolicy;
3199:             1             40  [Lcom.aerospike.vector.cluster.MonitorState;
3200:             1             40  [Lcom.aerospike.vector.cluster.PaxosAcceptorState;
3201:             1             40  [Lcom.aerospike.vector.cluster.PaxosProposerState;
3202:             1             40  [Lcom.fasterxml.jackson.core.Base64Variant$PaddingReadBehaviour;
3203:             1             40  [Lcom.fasterxml.jackson.databind.util.AccessPattern;
3204:             1             40  [Lcom.fasterxml.jackson.databind.util.internal.PrivateMaxEntriesMap$DrainStatus;
3205:             1             40  [Lcom.google.common.cache.LocalCache$Strength;
3206:             1             40  [Lcom.google.inject.Stage;
3207:             1             40  [Lcom.google.inject.internal.InjectorImpl$JitLimitation;
3208:             1             40  [Lcom.google.inject.internal.InternalFlags$ColorizeOption;
3209:             1             40  [Lcom.google.inject.internal.InternalFlags$NullableProvidesOption;
3210:             1             40  [Lcom.google.inject.spi.InjectionPoint$Position;
3211:             1             40  [Lcom.google.protobuf.Descriptors$DescriptorPool$SearchFilter;
3212:             1             40  [Lcom.google.protobuf.MapField$StorageMode;
3213:             1             40  [Lcom.google.protobuf.WireFormat$Utf8Validation;
3214:             1             40  [Lio.grpc.SecurityLevel;
3215:             1             40  [Lio.grpc.internal.ManagedChannelImpl$ResolutionState;
3216:             1             40  [Lio.grpc.netty.NegotiationType;
3217:             1             40  [Lio.netty.handler.codec.http2.HpackDecoder$HeaderType;
3218:             1             40  [Lio.netty.handler.codec.http2.HpackUtil$IndexType;
3219:             1             40  [Lio.netty.handler.codec.http2.Http2Exception$ShutdownHint;
3220:             1             40  [Lio.undertow.Undertow$ListenerType;
3221:             1             40  [Lio.undertow.security.api.AuthenticationMechanism$AuthenticationMechanismOutcome;
3222:             1             40  [Lio.undertow.servlet.api.DeploymentManager$State;
3223:             1             40  [Lio.undertow.servlet.api.ServletStackTraces;
3224:             1             40  [Lio.undertow.servlet.core.ApplicationListeners$ListenerState;
3225:             1             40  [Lio.undertow.servlet.handlers.ServletPathMatch$Type;
3226:             1             40  [Lio.undertow.servlet.spec.HttpServletResponseImpl$ResponseState;
3227:             1             40  [Ljakarta.servlet.SessionTrackingMode;
3228:             1             40  [Ljava.lang.ProcessImpl$LaunchMechanism; (java.base@21.0.6)
3229:             1             40  [Ljava.lang.invoke.MethodHandleImpl$ArrayAccess; (java.base@21.0.6)
3230:             1             40  [Ljava.net.Proxy$Type; (java.base@21.0.6)
3231:             1             40  [Ljava.net.StandardProtocolFamily; (java.base@21.0.6)
3232:             1             40  [Ljava.security.DrbgParameters$Capability; (java.base@21.0.6)
3233:             1             40  [Ljava.time.format.ResolverStyle; (java.base@21.0.6)
3234:             1             40  [Ljava.time.temporal.JulianFields$Field; (java.base@21.0.6)
3235:             1             40  [Ljava.util.stream.MatchOps$MatchKind; (java.base@21.0.6)
3236:             1             40  [Ljava.util.zip.ZipCoder$Comparison; (java.base@21.0.6)
3237:             1             40  [Ljdk.internal.icu.util.CodePointTrie$ValueWidth; (java.base@21.0.6)
3238:             1             40  [Ljdk.internal.module.ServicesCatalog; (java.base@21.0.6)
3239:             1             40  [Lkotlin.LazyThreadSafetyMode;
3240:             1             40  [Lkotlin.coroutines.intrinsics.CoroutineSingletons;
3241:             1             40  [Lkotlin.reflect.KParameter$Kind;
3242:             1             40  [Lkotlin.reflect.jvm.internal.impl.builtins.jvm.JvmBuiltIns$Kind;
3243:             1             40  [Lkotlin.reflect.jvm.internal.impl.load.java.ReportLevel;
3244:             1             40  [Lkotlin.reflect.jvm.internal.impl.load.java.lazy.types.JavaTypeFlexibility;
3245:             1             40  [Lkotlin.reflect.jvm.internal.impl.load.java.typeEnhancement.NullabilityQualifier;
3246:             1             40  [Lkotlin.reflect.jvm.internal.impl.load.java.typeEnhancement.TypeComponentPosition;
3247:             1             40  [Lkotlin.reflect.jvm.internal.impl.metadata.ProtoBuf$QualifiedNameTable$QualifiedName$Kind;
3248:             1             40  [Lkotlin.reflect.jvm.internal.impl.metadata.ProtoBuf$TypeParameter$Variance;
3249:             1             40  [Lkotlin.reflect.jvm.internal.impl.metadata.jvm.JvmProtoBuf$StringTableTypes$Record$Operation;
3250:             1             40  [Lkotlin.reflect.jvm.internal.impl.renderer.AnnotationArgumentsRenderingPolicy;
3251:             1             40  [Lkotlin.reflect.jvm.internal.impl.renderer.OverrideRenderingPolicy;
3252:             1             40  [Lkotlin.reflect.jvm.internal.impl.renderer.ParameterNameRenderingPolicy;
3253:             1             40  [Lkotlin.reflect.jvm.internal.impl.renderer.PropertyAccessorRenderingPolicy;
3254:             1             40  [Lkotlin.reflect.jvm.internal.impl.resolve.ExternalOverridabilityCondition$Contract;
3255:             1             40  [Lkotlin.reflect.jvm.internal.impl.resolve.ExternalOverridabilityCondition$Result;
3256:             1             40  [Lkotlin.reflect.jvm.internal.impl.resolve.OverridingUtil$OverrideCompatibilityInfo$Result;
3257:             1             40  [Lkotlin.reflect.jvm.internal.impl.storage.LockBasedStorageManager$NotValue;
3258:             1             40  [Lkotlin.reflect.jvm.internal.impl.types.TypeCheckerState$LowerCapturedTypePolicy;
3259:             1             40  [Lkotlin.reflect.jvm.internal.impl.types.TypeSubstitutor$VarianceConflictType;
3260:             1             40  [Lkotlin.reflect.jvm.internal.impl.types.Variance;
3261:             1             40  [Lkotlin.reflect.jvm.internal.impl.types.model.CaptureStatus;
3262:             1             40  [Lkotlin.reflect.jvm.internal.impl.types.model.TypeVariance;
3263:             1             40  [Lkotlinx.coroutines.channels.BufferOverflow;
3264:             1             40  [Lorg.apache.commons.io.StandardLineSeparator;
3265:             1             40  [Lorg.bouncycastle.asn1.ASN1ObjectIdentifier;
3266:             1             40  [Lorg.glassfish.hk2.api.InstanceLifecycleEventType;
3267:             1             40  [Lorg.glassfish.hk2.api.ServiceLocatorFactory$CreatePolicy;
3268:             1             40  [Lorg.glassfish.jersey.Severity;
3269:             1             40  [Lorg.glassfish.jersey.internal.inject.ParamConverters$OptionalProvider$Optionals;
3270:             1             40  [Lorg.glassfish.jersey.internal.inject.Providers$ProviderRuntime;
3271:             1             40  [Lorg.glassfish.jersey.message.internal.TracingLogger$Level;
3272:             1             40  [Lorg.glassfish.jersey.server.TracingConfig;
3273:             1             40  [Lorg.glassfish.jersey.server.model.ResourceMethod$JaxrsType;
3274:             1             40  [Lorg.glassfish.jersey.server.spi.internal.ValueParamProvider$Priority;
3275:             1             40  [Lorg.glassfish.jersey.uri.JerseyQueryParamStyle;
3276:             1             40  [Lorg.slf4j.helpers.Reporter$Level;
3277:             1             40  [Lorg.yaml.snakeyaml.DumperOptions$FlowStyle;
3278:             1             40  [Lpicocli.CommandLine$Help$Ansi;
3279:             1             40  [Lpicocli.CommandLine$LookBehind;
3280:             1             40  [Lpicocli.CommandLine$Model$InitialValueState;
3281:             1             40  [Lsun.security.provider.NativePRNG$Variant; (java.base@21.0.6)
3282:             1             40  ch.qos.logback.classic.spi.LogbackServiceProvider
3283:             1             40  ch.qos.logback.classic.spi.LoggerContextVO
3284:             1             40  ch.qos.logback.classic.util.LogbackMDCAdapter
3285:             1             40  ch.qos.logback.core.helpers.CyclicBuffer
3286:             1             40  com.aerospike.client.policy.BatchUDFPolicy
3287:             1             40  com.aerospike.connect.logging.inject.LoggingGuiceModule
3288:             1             40  com.aerospike.connect.metrics.ThreadStatesGaugeSet
3289:             1             40  com.aerospike.connect.serde.SerdeGuiceModule
3290:             1             40  com.aerospike.vector.client.proto.AuthResponse
3291:             1             40  com.aerospike.vector.client.proto.ClusterId
3292:             1             40  com.aerospike.vector.client.proto.ClusterNodeEndpoints
3293:             1             40  com.aerospike.vector.client.proto.DropUserRequest
3294:             1             40  com.aerospike.vector.client.proto.GetUserRequest
3295:             1             40  com.aerospike.vector.client.proto.IndexDefinitionList
3296:             1             40  com.aerospike.vector.client.proto.IndexListRequest
3297:             1             40  com.aerospike.vector.client.proto.ListRolesResponse
3298:             1             40  com.aerospike.vector.client.proto.ListUsersResponse
3299:             1             40  com.aerospike.vector.client.proto.ServerEndpointList
3300:             1             40  com.aerospike.vector.cluster.Cluster$ReClusterMessage
3301:             1             40  com.aerospike.vector.cluster.serde.ClientTlsConfigDeserializer
3302:             1             40  com.aerospike.vector.cluster.serde.ServerTlsConfigDeserializer
3303:             1             40  com.aerospike.vector.config.ClusterConfig
3304:             1             40  com.aerospike.vector.exchange.ExchangeLimits
3305:             1             40  com.aerospike.vector.heartbeat.Heartbeat$EndpointsResponse
3306:             1             40  com.aerospike.vector.hlc.HlcClock
3307:             1             40  com.aerospike.vector.index.CentroidMap
3308:             1             40  com.aerospike.vector.index.metrics.ClusterIndexMetricsCollector
3309:             1             40  com.aerospike.vector.inject.VectorDbGuiceModule
3310:             1             40  com.aerospike.vector.server.grpc.server.interceptor.InterconnectAuthorizationServerInterceptor
3311:             1             40  com.aerospike.vector.server.grpc.service.GrpcClusterInfoService
3312:             1             40  com.aerospike.vector.server.grpc.service.internal.GrpcIndexServiceInternal
3313:             1             40  com.aerospike.vector.server.grpc.service.internal.GrpcTransactServiceInternal
3314:             1             40  com.aerospike.vector.storage.index.AerospikeStorageIndexCleaner
3315:             1             40  com.codahale.metrics.json.MetricsModule$MeterSerializer
3316:             1             40  com.cronutils.model.definition.CronDefinition
3317:             1             40  com.cronutils.model.field.definition.DayOfWeekFieldDefinition
3318:             1             40  com.fasterxml.jackson.core.StreamReadConstraints
3319:             1             40  com.fasterxml.jackson.databind.ObjectWriter$Prefetch
3320:             1             40  com.fasterxml.jackson.databind.deser.impl.FailingDeserializer
3321:             1             40  com.fasterxml.jackson.databind.deser.std.JsonNodeDeserializer
3322:             1             40  com.fasterxml.jackson.databind.ser.std.NumberSerializers$FloatSerializer
3323:             1             40  com.fasterxml.jackson.databind.ser.std.NumberSerializers$IntLikeSerializer
3324:             1             40  com.fasterxml.jackson.databind.ser.std.NumberSerializers$ShortSerializer
3325:             1             40  com.google.common.base.Splitter
3326:             1             40  com.google.common.util.concurrent.AbstractFuture$Listener
3327:             1             40  com.google.inject.internal.SingleMethodInjector
3328:             1             40  com.google.protobuf.WireFormat$FieldType$1
3329:             1             40  com.google.protobuf.WireFormat$FieldType$2
3330:             1             40  com.google.protobuf.WireFormat$FieldType$3
3331:             1             40  com.google.protobuf.WireFormat$FieldType$4
3332:             1             40  com.sun.jmx.mbeanserver.ClassLoaderRepositorySupport (java.management@21.0.6)
3333:             1             40  com.sun.jmx.mbeanserver.DefaultMXBeanMappingFactory$MXBeanRefMapping (java.management@21.0.6)
3334:             1             40  com.sun.jmx.mbeanserver.MXBeanLookup (java.management@21.0.6)
3335:             1             40  com.sun.jmx.mbeanserver.Repository (java.management@21.0.6)
3336:             1             40  io.grpc.MetricInstrumentRegistry
3337:             1             40  io.grpc.internal.InstantTimeProvider
3338:             1             40  io.grpc.internal.ManagedChannelImpl$NameResolverListener
3339:             1             40  io.grpc.internal.ProxyDetectorImpl
3340:             1             40  io.grpc.internal.SharedResourceHolder
3341:             1             40  io.undertow.servlet.core.ErrorPages
3342:             1             40  io.undertow.servlet.core.ManagedFilters
3343:             1             40  io.undertow.servlet.core.ManagedServlets
3344:             1             40  io.undertow.servlet.core.SessionListenerBridge
3345:             1             40  io.undertow.servlet.handlers.ServletPathMatchesData
3346:             1             40  it.unimi.dsi.util.XoRoShiRo128PlusRandomGenerator
3347:             1             40  java.lang.ProcessEnvironment$StringEnvironment (java.base@21.0.6)
3348:             1             40  java.lang.invoke.VarHandleByteArrayAsChars$ArrayHandle (java.base@21.0.6)
3349:             1             40  java.lang.invoke.VarHandleByteArrayAsDoubles$ArrayHandle (java.base@21.0.6)
3350:             1             40  java.lang.invoke.VarHandleByteArrayAsFloats$ArrayHandle (java.base@21.0.6)
3351:             1             40  java.lang.invoke.VarHandleByteArrayAsShorts$ArrayHandle (java.base@21.0.6)
3352:             1             40  java.net.InetAddress$CachedLocalHost (java.base@21.0.6)
3353:             1             40  java.security.AlgorithmParameters (java.base@21.0.6)
3354:             1             40  java.text.DontCareFieldPosition (java.base@21.0.6)
3355:             1             40  java.util.concurrent.LinkedTransferQueue$DualNode (java.base@21.0.6)
3356:             1             40  java.util.logging.LogManager$LoggerContext (java.logging@21.0.6)
3357:             1             40  java.util.logging.LogManager$SystemLoggerContext (java.logging@21.0.6)
3358:             1             40  java.util.regex.Pattern$NotBehind (java.base@21.0.6)
3359:             1             40  javax.xml.namespace.QName (java.xml@21.0.6)
3360:             1             40  jdk.internal.event.ThreadSleepEvent (java.base@21.0.6)
3361:             1             40  jdk.internal.icu.impl.Norm2AllModes (java.base@21.0.6)
3362:             1             40  jdk.internal.platform.cgroupv1.CgroupV1MemorySubSystemController (java.base@21.0.6)
3363:             1             40  kotlin.random.XorWowRandom
3364:             1             40  kotlin.reflect.jvm.internal.impl.builtins.functions.FunctionTypeKind$Function
3365:             1             40  kotlin.reflect.jvm.internal.impl.builtins.functions.FunctionTypeKind$KFunction
3366:             1             40  kotlin.reflect.jvm.internal.impl.builtins.functions.FunctionTypeKind$KSuspendFunction
3367:             1             40  kotlin.reflect.jvm.internal.impl.builtins.functions.FunctionTypeKind$SuspendFunction
3368:             1             40  kotlin.reflect.jvm.internal.impl.builtins.jvm.JvmBuiltInClassDescriptorFactory
3369:             1             40  kotlin.reflect.jvm.internal.impl.descriptors.runtime.components.PackagePartScopeCache
3370:             1             40  kotlin.reflect.jvm.internal.impl.load.java.SpecialGenericSignatures$TypeSafeBarrierDescription$MAP_GET_OR_DEFAULT
3371:             1             40  kotlin.reflect.jvm.internal.impl.metadata.ProtoBuf$Contract
3372:             1             40  kotlin.reflect.jvm.internal.impl.metadata.ProtoBuf$VersionRequirementTable
3373:             1             40  kotlin.reflect.jvm.internal.impl.protobuf.WireFormat$FieldType$1
3374:             1             40  kotlin.reflect.jvm.internal.impl.protobuf.WireFormat$FieldType$2
3375:             1             40  kotlin.reflect.jvm.internal.impl.protobuf.WireFormat$FieldType$3
3376:             1             40  kotlin.reflect.jvm.internal.impl.protobuf.WireFormat$FieldType$4
3377:             1             40  kotlin.reflect.jvm.internal.impl.resolve.constants.TypedArrayValue
3378:             1             40  kotlin.reflect.jvm.internal.impl.storage.LockBasedStorageManager$1
3379:             1             40  kotlin.reflect.jvm.internal.impl.types.LazyWrappedType
3380:             1             40  kotlin.reflect.jvm.internal.impl.types.checker.NewKotlinTypeCheckerImpl
3381:             1             40  kotlin.reflect.jvm.internal.impl.util.ReturnsCheck$ReturnsBoolean
3382:             1             40  kotlin.reflect.jvm.internal.impl.util.ReturnsCheck$ReturnsInt
3383:             1             40  kotlin.reflect.jvm.internal.impl.util.ReturnsCheck$ReturnsUnit
3384:             1             40  kotlinx.coroutines.EventLoopImplBase$DelayedRunnableTask
3385:             1             40  org.glassfish.hk2.internal.ServiceLocatorFactoryImpl
3386:             1             40  org.glassfish.jersey.inject.hk2.ContextInjectionResolverImpl$Binder
3387:             1             40  org.glassfish.jersey.inject.hk2.JerseyErrorService$Binder
3388:             1             40  org.glassfish.jersey.inject.hk2.RequestContext$Binder
3389:             1             40  org.glassfish.jersey.internal.config.JerseySystemPropertiesConfigurationModel
3390:             1             40  org.glassfish.jersey.internal.inject.ParamConverters$OptionalProvider$Optionals$1
3391:             1             40  org.glassfish.jersey.internal.inject.ParamConverters$OptionalProvider$Optionals$2
3392:             1             40  org.glassfish.jersey.internal.inject.ParamConverters$OptionalProvider$Optionals$3
3393:             1             40  org.glassfish.jersey.jackson.internal.jackson.jaxrs.cfg.AnnotationBundleKey
3394:             1             40  org.glassfish.jersey.media.multipart.internal.MultiPartReaderServerSide
3395:             1             40  org.glassfish.jersey.message.internal.HttpHeaderReader$AcceptableLanguageTagListReader
3396:             1             40  org.glassfish.jersey.message.internal.HttpHeaderReader$AcceptableMediaTypeListReader
3397:             1             40  org.glassfish.jersey.message.internal.HttpHeaderReader$AcceptableTokenListReader
3398:             1             40  org.glassfish.jersey.message.internal.HttpHeaderReader$QualitySourceMediaTypeListReader
3399:             1             40  org.glassfish.jersey.server.ResourceBag
3400:             1             40  org.glassfish.jersey.server.ServerExecutorProvidersConfigurator$DefaultBackgroundSchedulerProvider
3401:             1             40  org.glassfish.jersey.server.ServerExecutorProvidersConfigurator$DefaultManagedAsyncExecutorProvider
3402:             1             40  org.glassfish.jersey.server.internal.RuntimeDelegateImpl
3403:             1             40  org.glassfish.jersey.server.internal.inject.BeanParamValueParamProvider
3404:             1             40  org.glassfish.jersey.server.internal.inject.DelegatedInjectionValueParamProvider
3405:             1             40  org.glassfish.jersey.server.internal.inject.FormParamValueParamProvider
3406:             1             40  org.glassfish.jersey.server.internal.inject.WebTargetValueParamProvider$BindingModel
3407:             1             40  org.glassfish.jersey.server.model.ResourceModel
3408:             1             40  org.jvnet.hk2.internal.PerLocatorUtilities$1
3409:             1             40  org.jvnet.hk2.internal.PerLocatorUtilities$2
3410:             1             40  org.jvnet.hk2.internal.PerLocatorUtilities$3
3411:             1             40  org.reflections.scanners.Scanners$1
3412:             1             40  org.reflections.scanners.Scanners$10
3413:             1             40  org.reflections.scanners.Scanners$11
3414:             1             40  org.reflections.scanners.Scanners$2
3415:             1             40  org.reflections.scanners.Scanners$3
3416:             1             40  org.reflections.scanners.Scanners$4
3417:             1             40  org.reflections.scanners.Scanners$5
3418:             1             40  org.reflections.scanners.Scanners$6
3419:             1             40  org.reflections.scanners.Scanners$7
3420:             1             40  org.reflections.scanners.Scanners$8
3421:             1             40  org.reflections.scanners.Scanners$9
3422:             1             40  org.slf4j.helpers.FormattingTuple
3423:             1             40  org.slf4j.helpers.NOP_FallbackServiceProvider
3424:             1             40  org.slf4j.helpers.SubstituteServiceProvider
3425:             1             40  org.xnio.XnioWorker$WorkerThreadFactory
3426:             1             40  picocli.CommandLine$Range
3427:             1             40  sun.management.MemoryImpl (java.management@21.0.6)
3428:             1             40  sun.nio.cs.ISO_8859_1 (java.base@21.0.6)
3429:             1             40  sun.nio.cs.StandardCharsets (java.base@21.0.6)
3430:             1             40  sun.nio.cs.US_ASCII (java.base@21.0.6)
3431:             1             40  sun.nio.cs.UTF_16 (java.base@21.0.6)
3432:             1             40  sun.nio.cs.UTF_16BE (java.base@21.0.6)
3433:             1             40  sun.nio.cs.UTF_16LE (java.base@21.0.6)
3434:             1             40  sun.nio.cs.UTF_8 (java.base@21.0.6)
3435:             1             40  sun.nio.fs.LinuxFileSystem (java.base@21.0.6)
3436:             1             40  sun.security.provider.DSAParameters (java.base@21.0.6)
3437:             1             40  sun.security.provider.PolicyFile (java.base@21.0.6)
3438:             1             32  [Lch.qos.logback.core.joran.spi.ConsoleTarget;
3439:             1             32  [Lcom.aerospike.client.Bin;
3440:             1             32  [Lcom.aerospike.client.Host;
3441:             1             32  [Lcom.aerospike.client.policy.CommitLevel;
3442:             1             32  [Lcom.aerospike.client.policy.ReadModeAP;
3443:             1             32  [Lcom.aerospike.vector.auth.StaticRoles;
3444:             1             32  [Lcom.aerospike.vector.client.proto.IndexDefinition$ParamsCase;
3445:             1             32  [Lcom.aerospike.vector.cluster.RegisterState;
3446:             1             32  [Lcom.aerospike.vector.index.IndexUpdateOperation$UpdateCase;
3447:             1             32  [Lcom.fasterxml.jackson.core.StreamWriteCapability;
3448:             1             32  [Lcom.fasterxml.jackson.databind.AnnotationIntrospector$ReferenceProperty$Type;
3449:             1             32  [Lcom.fasterxml.jackson.databind.cfg.EnumFeature;
3450:             1             32  [Lcom.fasterxml.jackson.dataformat.yaml.YAMLParser$Feature;
3451:             1             32  [Lcom.fasterxml.jackson.module.kotlin.SingletonSupport;
3452:             1             32  [Lcom.google.common.collect.MapMakerInternalMap$Strength;
3453:             1             32  [Lcom.google.inject.internal.InternalFlags$BytecodeGenOption;
3454:             1             32  [Lcom.google.inject.internal.InternalFlags$IncludeStackTraceOption;
3455:             1             32  [Lcom.google.inject.internal.InternalProviderInstanceBindingImpl$InitializationTiming;
3456:             1             32  [Lcom.google.protobuf.TextFormat$Parser$SingularOverwritePolicy;
3457:             1             32  [Lio.grpc.InternalKnownTransport;
3458:             2             32  [Lio.grpc.ServerInterceptor;
3459:             1             32  [Lio.grpc.internal.MessageDeframer$State;
3460:             1             32  [Lio.grpc.netty.Utils$EventLoopGroupType;
3461:             1             32  [Lio.netty.buffer.PoolArena$SizeClass;
3462:             1             32  [Lio.netty.handler.codec.http2.Http2FrameLogger$Direction;
3463:             1             32  [Lio.undertow.security.api.AuthenticationMode;
3464:             1             32  [Ljava.io.File$PathStatus; (java.base@21.0.6)
3465:             2             32  [Ljava.lang.Throwable; (java.base@21.0.6)
3466:             1             32  [Ljava.security.Provider$OPType; (java.base@21.0.6)
3467:             1             32  [Ljava.time.temporal.IsoFields$Unit; (java.base@21.0.6)
3468:             1             32  [Ljava.util.Locale$Category; (java.base@21.0.6)
3469:             1             32  [Ljdk.internal.icu.util.CodePointTrie$Type; (java.base@21.0.6)
3470:             1             32  [Lkotlin.reflect.jvm.internal.KDeclarationContainerImpl$MemberBelonginess;
3471:             1             32  [Lkotlin.reflect.jvm.internal.impl.descriptors.PackageFragmentProviderOptimized;
3472:             1             32  [Lkotlin.reflect.jvm.internal.impl.descriptors.deserialization.ClassDescriptorFactory;
3473:             1             32  [Lkotlin.reflect.jvm.internal.impl.load.java.structure.LightClassOriginKind;
3474:             1             32  [Lkotlin.reflect.jvm.internal.impl.load.java.typeEnhancement.MutabilityQualifier;
3475:             1             32  [Lkotlin.reflect.jvm.internal.impl.name.FqName;
3476:             1             32  [Lkotlin.reflect.jvm.internal.impl.name.Name;
3477:             1             32  [Lkotlin.reflect.jvm.internal.impl.renderer.RenderingFormat;
3478:             1             32  [Lkotlin.reflect.jvm.internal.impl.serialization.deserialization.descriptors.DeserializedContainerAbiStability;
3479:             1             32  [Lkotlin.reflect.jvm.internal.impl.types.TypeUsage;
3480:             1             32  [Lkotlinx.coroutines.channels.TickerMode;
3481:             1             32  [Lorg.glassfish.hk2.api.DescriptorType;
3482:             1             32  [Lorg.glassfish.hk2.api.ServiceLocatorState;
3483:             1             32  [Lorg.glassfish.jersey.inject.hk2.Hk2InjectionManagerFactory$Hk2InjectionManagerStrategy;
3484:             1             32  [Lorg.glassfish.jersey.internal.guava.LocalCache$Strength;
3485:             1             32  [Lorg.glassfish.jersey.model.internal.RankedComparator$Order;
3486:             1             32  [Lorg.glassfish.jersey.server.spi.internal.ResourceMethodDispatcher$Provider;
3487:             1             32  [Lorg.glassfish.jersey.servlet.WebConfig$ConfigType;
3488:             1             32  [Lorg.glassfish.jersey.uri.PathPattern$RightHandPath;
3489:             1             32  [Lorg.slf4j.helpers.Reporter$TargetChoice;
3490:             2             32  [Lsun.reflect.annotation.TypeAnnotation; (java.base@21.0.6)
3491:             1             32  [Lsun.security.rsa.RSAUtil$KeyType; (java.base@21.0.6)
3492:             1             32  ch.qos.logback.classic.BasicConfigurator
3493:             2             32  ch.qos.logback.classic.pattern.ClassNameOnlyAbbreviator
3494:             2             32  ch.qos.logback.classic.pattern.EnsureExceptionHandling
3495:             1             32  ch.qos.logback.classic.spi.TurboFilterList
3496:             1             32  ch.qos.logback.core.spi.ContextAwareImpl
3497:             2             32  ch.qos.logback.core.spi.LogbackLock
3498:             1             32  com.aerospike.client.Info
3499:             1             32  com.aerospike.connect.aerospike.config.AerospikeSeedsDeserializer
3500:             1             32  com.aerospike.connect.aerospike.config.AuthModeDeserializer
3501:             1             32  com.aerospike.connect.logging.LoggingConfigurator
3502:             1             32  com.aerospike.connect.metrics.ErrorRegistry
3503:             1             32  com.aerospike.connect.metrics.OperatingSystemGaugeSet
3504:             1             32  com.aerospike.connect.metrics.manage.service.PrometheusMetricsWebService
3505:             2             32  com.aerospike.vector.auth.InsecureAuthService
3506:             1             32  com.aerospike.vector.client.proto.AboutRequest
3507:             1             32  com.aerospike.vector.client.proto.Boolean
3508:             1             32  com.aerospike.vector.cluster.QuantumIntervalGenerator$$Lambda/0x00007fea3c4f6420
3509:             1             32  com.aerospike.vector.config.AdvertisedListener
3510:             1             32  com.aerospike.vector.config.HeartbeatConfig
3511:             1             32  com.aerospike.vector.config.NodeRoleSetDeserializer
3512:             1             32  com.aerospike.vector.config.PortRangeDeserializer
3513:             1             32  com.aerospike.vector.embedded.client.config.VectorDbEmbeddedClientConfig
3514:             1             32  com.aerospike.vector.embedded.client.inject.VectorDbEmbeddedClientGuiceModule
3515:             1             32  com.aerospike.vector.heartbeat.NetworkClique
3516:             1             32  com.aerospike.vector.index.DeleteProxyResponse
3517:             1             32  com.aerospike.vector.index.PutProxyResponse
3518:             1             32  com.aerospike.vector.index.StandaloneIndexBuildAbortResponse
3519:             1             32  com.aerospike.vector.index.StandaloneIndexBuildCompletedResponse
3520:             1             32  com.aerospike.vector.index.StandaloneIndexBuildStartResponse
3521:             1             32  com.aerospike.vector.index.StandaloneIndexMetricsRequest
3522:             1             32  com.aerospike.vector.index.config.BatchingConfig
3523:             1             32  com.aerospike.vector.index.inject.IndexGuiceModule
3524:             1             32  com.aerospike.vector.interconnect.InterconnectChannelProvider$special$$inlined$CoroutineExceptionHandler$1
3525:             1             32  com.aerospike.vector.interconnect.InterconnectService$special$$inlined$CoroutineExceptionHandler$1
3526:             1             32  com.aerospike.vector.node.NodeIdDeserializer
3527:             1             32  com.aerospike.vector.server.grpc.StaticGrpcNettySslContextFactory
3528:             1             32  com.aerospike.vector.server.grpc.service.GrpcAboutService
3529:             1             32  com.aerospike.vector.server.grpc.service.internal.GrpcCacheServiceInternal
3530:             1             32  com.aerospike.vector.server.grpc.service.internal.GrpcClusterService
3531:             1             32  com.aerospike.vector.server.grpc.service.internal.GrpcExchangeService
3532:             1             32  com.aerospike.vector.server.grpc.service.internal.GrpcHeartbeatService
3533:             2             32  com.aerospike.vector.server.grpc.service.internal.GrpcTransactServiceInternal$$FastClassByGuice$$6fd704e
3534:             1             32  com.aerospike.vector.server.grpc.service.internal.ServiceScopeLauncher
3535:             1             32  com.aerospike.vector.storage.StorageType
3536:             1             32  com.aerospike.vector.storage.index.AerospikeStorageVerticesCleaner
3537:             1             32  com.aerospike.vector.transact.metrics.TransactionMetrics
3538:             1             32  com.codahale.metrics.json.MetricsModule$MetricRegistrySerializer
3539:             1             32  com.codahale.metrics.jvm.MemoryUsageGaugeSet
3540:             1             32  com.cronutils.parser.CronParser
3541:             1             32  com.fasterxml.jackson.annotation.JsonSetter$Value
3542:             1             32  com.fasterxml.jackson.core.util.DefaultIndenter
3543:             1             32  com.fasterxml.jackson.core.util.MinimalPrettyPrinter
3544:             1             32  com.fasterxml.jackson.databind.AnnotationIntrospector$ReferenceProperty
3545:             1             32  com.fasterxml.jackson.databind.cfg.ContextAttributes$Impl
3546:             1             32  com.fasterxml.jackson.databind.cfg.DatatypeFeatures
3547:             1             32  com.fasterxml.jackson.databind.deser.std.NumberDeserializers$NumberDeserializer
3548:             1             32  com.fasterxml.jackson.databind.deser.std.StringDeserializer
3549:             1             32  com.fasterxml.jackson.databind.deser.std.UntypedObjectDeserializerNR
3550:             1             32  com.fasterxml.jackson.databind.ext.OptionalHandlerFactory
3551:             1             32  com.fasterxml.jackson.databind.ser.impl.FailingSerializer
3552:             2             32  com.fasterxml.jackson.databind.ser.impl.PropertySerializerMap$Empty
3553:             1             32  com.fasterxml.jackson.databind.ser.impl.ReadOnlyClassToSerializerMap
3554:             1             32  com.fasterxml.jackson.databind.ser.std.UUIDSerializer
3555:             1             32  com.fasterxml.jackson.databind.util.internal.PrivateMaxEntriesMap$DrainStatus$1
3556:             1             32  com.fasterxml.jackson.databind.util.internal.PrivateMaxEntriesMap$DrainStatus$2
3557:             1             32  com.fasterxml.jackson.databind.util.internal.PrivateMaxEntriesMap$DrainStatus$3
3558:             1             32  com.fasterxml.jackson.databind.util.internal.PrivateMaxEntriesMap$EntrySet
3559:             2             32  com.fasterxml.jackson.module.kotlin.KotlinKeySerializers
3560:             2             32  com.fasterxml.jackson.module.kotlin.KotlinSerializers
3561:             1             32  com.github.benmanes.caffeine.cache.DisabledBuffer
3562:             1             32  com.github.benmanes.caffeine.cache.DisabledScheduler
3563:             1             32  com.github.benmanes.caffeine.cache.RemovalCause$1
3564:             1             32  com.github.benmanes.caffeine.cache.RemovalCause$2
3565:             1             32  com.github.benmanes.caffeine.cache.RemovalCause$3
3566:             1             32  com.github.benmanes.caffeine.cache.RemovalCause$4
3567:             1             32  com.github.benmanes.caffeine.cache.RemovalCause$5
3568:             1             32  com.github.benmanes.caffeine.cache.SingletonWeigher
3569:             1             32  com.github.benmanes.caffeine.cache.SystemScheduler
3570:             1             32  com.github.benmanes.caffeine.cache.SystemTicker
3571:             1             32  com.github.benmanes.caffeine.cache.stats.DisabledStatsCounter
3572:             1             32  com.google.common.base.Joiner$MapJoiner
3573:             1             32  com.google.common.cache.CacheBuilder$NullListener
3574:             1             32  com.google.common.cache.CacheBuilder$OneWeigher
3575:             1             32  com.google.common.cache.LocalCache$EntryFactory$1
3576:             1             32  com.google.common.cache.LocalCache$EntryFactory$2
3577:             1             32  com.google.common.cache.LocalCache$EntryFactory$3
3578:             1             32  com.google.common.cache.LocalCache$EntryFactory$4
3579:             1             32  com.google.common.cache.LocalCache$EntryFactory$5
3580:             1             32  com.google.common.cache.LocalCache$EntryFactory$6
3581:             1             32  com.google.common.cache.LocalCache$EntryFactory$7
3582:             1             32  com.google.common.cache.LocalCache$EntryFactory$8
3583:             1             32  com.google.common.cache.LocalCache$Strength$1
3584:             1             32  com.google.common.cache.LocalCache$Strength$2
3585:             1             32  com.google.common.cache.LocalCache$Strength$3
3586:             1             32  com.google.common.cache.RemovalCause$1
3587:             1             32  com.google.common.cache.RemovalCause$2
3588:             1             32  com.google.common.cache.RemovalCause$3
3589:             1             32  com.google.common.cache.RemovalCause$4
3590:             1             32  com.google.common.cache.RemovalCause$5
3591:             1             32  com.google.common.collect.Iterators$ArrayItr
3592:             1             32  com.google.common.collect.Iterators$EmptyModifiableIterator
3593:             1             32  com.google.common.collect.MapMakerInternalMap$Strength$1
3594:             1             32  com.google.common.collect.MapMakerInternalMap$Strength$2
3595:             1             32  com.google.common.collect.RegularImmutableAsList
3596:             1             32  com.google.common.util.concurrent.AbstractFuture$Waiter
3597:             1             32  com.google.common.util.concurrent.DirectExecutor
3598:             1             32  com.google.inject.Key$NullAnnotationStrategy
3599:             1             32  com.google.inject.internal.BytecodeGen$1
3600:             2             32  com.google.inject.internal.CycleDetectingLock$CycleDetectingLockFactory
3601:             1             32  com.google.inject.internal.InternalFlags$ColorizeOption$1
3602:             1             32  com.google.inject.internal.InternalFlags$ColorizeOption$2
3603:             1             32  com.google.inject.internal.InternalFlags$ColorizeOption$3
3604:             1             32  com.google.inject.internal.ProvisionListenerStackCallback
3605:             1             32  com.google.protobuf.Empty
3606:             1             32  com.google.protobuf.GeneratedMessageV3$FieldAccessorTable$MapFieldAccessor
3607:             1             32  com.google.protobuf.IntArrayList
3608:             1             32  com.google.protobuf.ProtobufArrayList
3609:             1             32  com.google.protobuf.TextFormat$TextGenerator
3610:             1             32  com.google.protobuf.WireFormat$Utf8Validation$1
3611:             1             32  com.google.protobuf.WireFormat$Utf8Validation$2
3612:             1             32  com.google.protobuf.WireFormat$Utf8Validation$3
3613:             1             32  com.sun.jmx.remote.util.ClassLogger (java.management@21.0.6)
3614:             1             32  com.sun.management.internal.PlatformMBeanProviderImpl$2 (jdk.management@21.0.6)
3615:             1             32  com.sun.management.internal.PlatformMBeanProviderImpl$5 (jdk.management@21.0.6)
3616:             2             32  io.grpc.Codec$Gzip
3617:             1             32  io.grpc.DecompressorRegistry
3618:             1             32  io.grpc.LoadBalancerRegistry
3619:             1             32  io.grpc.NameResolver$ConfigOrError
3620:             1             32  io.grpc.internal.DnsNameResolver$JdkAddressResolver
3621:             2             32  io.grpc.internal.GrpcUtil$AcceptEncodingMarshaller
3622:             1             32  io.grpc.internal.ReadableBuffers$ByteArrayWrapper
3623:             1             32  io.grpc.internal.RetryingNameResolver$RetryingListener
3624:             1             32  io.grpc.internal.SharedResourceHolder$Instance
3625:             1             32  io.grpc.internal.StatsTraceContext
3626:             1             32  io.grpc.netty.ProtocolNegotiationEvent
3627:             1             32  io.netty.buffer.UnpooledByteBufAllocator
3628:             1             32  io.netty.buffer.UnpooledByteBufAllocator$UnpooledByteBufAllocatorMetric
3629:             1             32  io.netty.channel.ChannelOption$1
3630:             1             32  io.netty.handler.codec.http2.ReadOnlyHttp2Headers
3631:             1             32  io.netty.resolver.DefaultAddressResolverGroup
3632:             1             32  io.netty.util.ResourceLeakDetectorFactory$DefaultResourceLeakDetectorFactory
3633:             1             32  io.netty.util.concurrent.DefaultEventExecutorChooserFactory$GenericEventExecutorChooser
3634:             1             32  io.netty.util.concurrent.FailedFuture
3635:             1             32  io.netty.util.internal.ThreadExecutorMap$3
3636:             2             32  io.netty.util.internal.logging.Slf4JLoggerFactory
3637:             1             32  io.perfmark.Tag
3638:             1             32  io.undertow.conduits.ReadDataStreamSourceConduit
3639:             1             32  io.undertow.security.handlers.AuthenticationMechanismsHandler
3640:             1             32  io.undertow.server.AbstractServerConnection$CloseSetter
3641:             1             32  io.undertow.server.handlers.PathHandler
3642:             1             32  io.undertow.server.protocol.http.HttpOpenListener$1
3643:             1             32  io.undertow.server.protocol.http.HttpServerConnection$1
3644:             1             32  io.undertow.servlet.core.ServletContainerImpl
3645:             1             32  io.undertow.servlet.handlers.RedirectDirHandler
3646:             1             32  io.undertow.servlet.handlers.security.ServletConfidentialityConstraintHandler
3647:             1             32  io.undertow.servlet.spec.ServletConfigImpl
3648:             1             32  io.undertow.servlet.spec.ServletContextImpl$ServletContextSessionConfig
3649:             2             32  java.lang.Boolean (java.base@21.0.6)
3650:             1             32  java.lang.ProcessHandleImpl (java.base@21.0.6)
3651:             2             32  java.lang.Shutdown$Lock (java.base@21.0.6)
3652:             1             32  java.lang.invoke.MethodHandleImpl$ArrayAccessor$1 (java.base@21.0.6)
3653:             1             32  java.lang.invoke.MethodHandleImpl$BindCaller$1 (java.base@21.0.6)
3654:             2             32  java.lang.ref.NativeReferenceQueue$Lock (java.base@21.0.6)
3655:             1             32  java.lang.reflect.Proxy$1 (java.base@21.0.6)
3656:             1             32  java.math.MutableBigInteger (java.base@21.0.6)
3657:             1             32  java.net.Inet6AddressImpl (java.base@21.0.6)
3658:             1             32  java.net.Proxy (java.base@21.0.6)
3659:             1             32  java.net.Socket$SocketInputStream (java.base@21.0.6)
3660:             1             32  java.net.Socket$SocketOutputStream (java.base@21.0.6)
3661:             1             32  java.text.FieldPosition (java.base@21.0.6)
3662:             1             32  java.time.temporal.IsoFields$Field$1 (java.base@21.0.6)
3663:             1             32  java.time.temporal.IsoFields$Field$2 (java.base@21.0.6)
3664:             1             32  java.time.temporal.IsoFields$Field$3 (java.base@21.0.6)
3665:             1             32  java.time.temporal.IsoFields$Field$4 (java.base@21.0.6)
3666:             1             32  java.util.Collections$3 (java.base@21.0.6)
3667:             1             32  java.util.Collections$EmptyMap (java.base@21.0.6)
3668:             1             32  java.util.Collections$SynchronizedCollection (java.base@21.0.6)
3669:             1             32  java.util.Collections$SynchronizedSet (java.base@21.0.6)
3670:             1             32  java.util.Comparators$NaturalOrderComparator (java.base@21.0.6)
3671:             1             32  java.util.Locale$Cache (java.base@21.0.6)
3672:             1             32  java.util.ResourceBundle$Control$CandidateListCache (java.base@21.0.6)
3673:             1             32  java.util.ServiceLoader$2 (java.base@21.0.6)
3674:             1             32  java.util.concurrent.ConcurrentLinkedDeque (java.base@21.0.6)
3675:             1             32  java.util.concurrent.Executors$DelegatedScheduledExecutorService (java.base@21.0.6)
3676:             1             32  java.util.concurrent.ThreadLocalRandom (java.base@21.0.6)
3677:             2             32  java.util.concurrent.ThreadPoolExecutor$AbortPolicy (java.base@21.0.6)
3678:             1             32  javax.management.ObjectInstance (java.management@21.0.6)
3679:             1             32  jdk.internal.icu.impl.Norm2AllModes$Norm2AllModesSingleton (java.base@21.0.6)
3680:             1             32  jdk.internal.module.ModuleBootstrap$SafeModuleFinder (java.base@21.0.6)
3681:             1             32  jdk.internal.module.ModuleHashes (java.base@21.0.6)
3682:             1             32  jdk.internal.platform.CgroupV1MetricsImpl (java.base@21.0.6)
3683:             1             32  jdk.internal.ref.CleanerImpl (java.base@21.0.6)
3684:             1             32  jdk.internal.util.ReferencedKeyMap (java.base@21.0.6)
3685:             1             32  jdk.internal.vm.ThreadContainers$RootContainer$TrackingRootContainer (java.base@21.0.6)
3686:             1             32  jdk.jfr.internal.management.StreamManager (jdk.jfr@21.0.6)
3687:             1             32  jdk.management.jfr.internal.FlightRecorderMXBeanProvider$SingleMBeanComponent (jdk.management.jfr@21.0.6)
3688:             1             32  kotlin.reflect.jvm.internal.KPackageImpl
3689:             1             32  kotlin.reflect.jvm.internal.WeakClassLoaderBox
3690:             1             32  kotlin.reflect.jvm.internal.impl.builtins.functions.FunctionTypeKindExtractor
3691:             1             32  kotlin.reflect.jvm.internal.impl.builtins.jvm.JvmBuiltInClassDescriptorFactory$$Lambda$0
3692:             1             32  kotlin.reflect.jvm.internal.impl.builtins.jvm.JvmBuiltIns$$Lambda$0
3693:             1             32  kotlin.reflect.jvm.internal.impl.builtins.jvm.JvmBuiltInsCustomizer$$Lambda$0
3694:             1             32  kotlin.reflect.jvm.internal.impl.descriptors.runtime.components.RuntimeModuleData
3695:             1             32  kotlin.reflect.jvm.internal.impl.descriptors.runtime.structure.Java8ParameterNamesLoader$Cache
3696:             1             32  kotlin.reflect.jvm.internal.impl.descriptors.runtime.structure.ReflectJavaArrayAnnotationArgument
3697:             1             32  kotlin.reflect.jvm.internal.impl.descriptors.runtime.structure.ReflectJavaEnumValueAnnotationArgument
3698:             1             32  kotlin.reflect.jvm.internal.impl.load.java.AnnotationTypeQualifierResolver
3699:             1             32  kotlin.reflect.jvm.internal.impl.load.java.JavaTypeEnhancementState
3700:             1             32  kotlin.reflect.jvm.internal.impl.load.java.lazy.LazyJavaPackageFragmentProvider
3701:             1             32  kotlin.reflect.jvm.internal.impl.load.kotlin.JavaClassDataFinder
3702:             1             32  kotlin.reflect.jvm.internal.impl.renderer.RenderingFormat$HTML
3703:             1             32  kotlin.reflect.jvm.internal.impl.renderer.RenderingFormat$PLAIN
3704:             1             32  kotlin.reflect.jvm.internal.impl.resolve.OverridingUtil$OverrideCompatibilityInfo
3705:             1             32  kotlin.reflect.jvm.internal.impl.resolve.constants.ArrayValue
3706:             1             32  kotlin.reflect.jvm.internal.impl.resolve.jvm.JavaDescriptorResolver
3707:             1             32  kotlin.reflect.jvm.internal.impl.types.TypeAttributes$Companion
3708:             1             32  kotlin.reflect.jvm.internal.impl.utils.SmartList
3709:             1             32  kotlinx.coroutines.CoroutineDispatcher$Key
3710:             2             32  kotlinx.coroutines.Empty
3711:             1             32  kotlinx.coroutines.EventLoopImplBase$DelayedTaskQueue
3712:             1             32  kotlinx.coroutines.ExecutorCoroutineDispatcher$Key
3713:             1             32  net.engio.mbassy.bus.BusRuntime
3714:             1             32  org.bouncycastle.asn1.ASN1BitString$1
3715:             1             32  org.bouncycastle.asn1.ASN1Integer$1
3716:             1             32  org.bouncycastle.asn1.ASN1ObjectIdentifier$1
3717:             1             32  org.bouncycastle.asn1.ASN1OctetString$1
3718:             1             32  org.bouncycastle.asn1.ASN1RelativeOID$1
3719:             1             32  org.bouncycastle.asn1.ASN1Sequence$1
3720:             1             32  org.bouncycastle.asn1.ASN1Set$1
3721:             1             32  org.bouncycastle.asn1.DLSet
3722:             2             32  org.bouncycastle.jcajce.provider.asymmetric.dh.KeyFactorySpi
3723:             2             32  org.bouncycastle.jcajce.provider.asymmetric.dstu.KeyFactorySpi
3724:             2             32  org.bouncycastle.jcajce.provider.asymmetric.ecgost.KeyFactorySpi
3725:             1             32  org.bouncycastle.jcajce.provider.asymmetric.edec.KeyFactorySpi$Ed25519
3726:             1             32  org.bouncycastle.jcajce.provider.asymmetric.edec.KeyFactorySpi$Ed448
3727:             1             32  org.bouncycastle.jcajce.provider.asymmetric.edec.KeyFactorySpi$X25519
3728:             1             32  org.bouncycastle.jcajce.provider.asymmetric.edec.KeyFactorySpi$X448
3729:             1             32  org.bouncycastle.jcajce.provider.asymmetric.mldsa.MLDSAKeyFactorySpi$Hash
3730:             1             32  org.bouncycastle.jcajce.provider.asymmetric.slhdsa.SLHDSAKeyFactorySpi$Hash
3731:             2             32  org.bouncycastle.pqc.jcajce.provider.xmss.XMSSKeyFactorySpi
3732:             2             32  org.bouncycastle.pqc.jcajce.provider.xmss.XMSSMTKeyFactorySpi
3733:             1             32  org.bouncycastle.util.BigIntegers$Cache
3734:             1             32  org.bouncycastle.util.encoders.HexEncoder
3735:             1             32  org.glassfish.hk2.utilities.ServiceLocatorUtilities$ImmediateImpl
3736:             1             32  org.glassfish.hk2.utilities.ServiceLocatorUtilities$InheritableThreadImpl
3737:             1             32  org.glassfish.hk2.utilities.ServiceLocatorUtilities$PerLookupImpl
3738:             1             32  org.glassfish.hk2.utilities.ServiceLocatorUtilities$PerThreadImpl
3739:             1             32  org.glassfish.hk2.utilities.ServiceLocatorUtilities$SingletonImpl
3740:             1             32  org.glassfish.jersey.inject.hk2.Hk2InjectionManagerFactory$Hk2InjectionManagerStrategy$1
3741:             1             32  org.glassfish.jersey.inject.hk2.Hk2InjectionManagerFactory$Hk2InjectionManagerStrategy$2
3742:             1             32  org.glassfish.jersey.inject.hk2.JerseyClassAnalyzer
3743:             1             32  org.glassfish.jersey.internal.ContextResolverFactory
3744:             1             32  org.glassfish.jersey.internal.ExceptionMapperFactory$$Lambda/0x00007fea3c721da8
3745:             1             32  org.glassfish.jersey.internal.guava.LocalCache$EntryFactory$1
3746:             1             32  org.glassfish.jersey.internal.guava.LocalCache$EntryFactory$2
3747:             1             32  org.glassfish.jersey.internal.guava.LocalCache$EntryFactory$3
3748:             1             32  org.glassfish.jersey.internal.guava.LocalCache$EntryFactory$4
3749:             1             32  org.glassfish.jersey.internal.guava.LocalCache$EntryFactory$5
3750:             1             32  org.glassfish.jersey.internal.guava.LocalCache$EntryFactory$6
3751:             1             32  org.glassfish.jersey.internal.guava.LocalCache$EntryFactory$7
3752:             1             32  org.glassfish.jersey.internal.guava.LocalCache$EntryFactory$8
3753:             1             32  org.glassfish.jersey.internal.guava.LocalCache$NullEntry
3754:             1             32  org.glassfish.jersey.internal.guava.LocalCache$Strength$1
3755:             1             32  org.glassfish.jersey.internal.guava.LocalCache$Strength$2
3756:             1             32  org.glassfish.jersey.internal.guava.RemovalCause$1
3757:             1             32  org.glassfish.jersey.internal.guava.RemovalCause$2
3758:             1             32  org.glassfish.jersey.internal.guava.RemovalCause$3
3759:             1             32  org.glassfish.jersey.internal.guava.RemovalCause$4
3760:             1             32  org.glassfish.jersey.internal.guava.RemovalCause$5
3761:             1             32  org.glassfish.jersey.internal.inject.CustomAnnotationLiteral
3762:             1             32  org.glassfish.jersey.internal.inject.ForeignDescriptorImpl
3763:             2             32  org.glassfish.jersey.internal.inject.ReferencingFactory$EmptyReferenceFactory
3764:             1             32  org.glassfish.jersey.internal.routing.CombinedMediaType
3765:             1             32  org.glassfish.jersey.media.multipart.internal.EntityPartReader
3766:             1             32  org.glassfish.jersey.media.multipart.internal.EntityPartWriter
3767:             1             32  org.glassfish.jersey.media.multipart.internal.FormDataParamValueParamProvider
3768:             1             32  org.glassfish.jersey.media.multipart.internal.SingleEntityPartReader
3769:             1             32  org.glassfish.jersey.media.multipart.internal.SingleEntityPartWriter
3770:             1             32  org.glassfish.jersey.message.internal.HttpHeaderReader$MediaTypeListReader
3771:             1             32  org.glassfish.jersey.message.internal.HttpHeaderReader$StringListReader
3772:             1             32  org.glassfish.jersey.message.internal.SourceProvider$SourceWriter
3773:             1             32  org.glassfish.jersey.model.internal.ManagedObjectsFinalizer
3774:             1             32  org.glassfish.jersey.process.internal.Stages$LinkedStage
3775:             1             32  org.glassfish.jersey.server.BackgroundSchedulerLiteral
3776:             1             32  org.glassfish.jersey.server.internal.inject.CookieParamValueParamProvider
3777:             1             32  org.glassfish.jersey.server.internal.inject.DelegatedInjectionValueParamProvider$$Lambda/0x00007fea3c771aa0
3778:             1             32  org.glassfish.jersey.server.internal.inject.EntityParamValueParamProvider
3779:             1             32  org.glassfish.jersey.server.internal.inject.FormParamValueParamProvider$MultipartFormParamValueProvider
3780:             1             32  org.glassfish.jersey.server.internal.inject.HeaderParamValueParamProvider
3781:             1             32  org.glassfish.jersey.server.internal.inject.MatrixParamValueParamProvider
3782:             1             32  org.glassfish.jersey.server.internal.inject.PathParamValueParamProvider
3783:             1             32  org.glassfish.jersey.server.internal.inject.QueryParamValueParamProvider
3784:             1             32  org.glassfish.jersey.server.internal.inject.WebTargetValueParamProvider$1
3785:             1             32  org.glassfish.jersey.server.internal.monitoring.MonitoringContainerListener
3786:             1             32  org.glassfish.jersey.server.internal.process.ReferencesInitializer
3787:             1             32  org.glassfish.jersey.server.internal.routing.RoutingStage
3788:             1             32  org.glassfish.jersey.server.model.ResourceMethod$JaxrsType$1
3789:             1             32  org.glassfish.jersey.server.model.ResourceMethod$JaxrsType$2
3790:             1             32  org.glassfish.jersey.server.model.ResourceMethod$JaxrsType$3
3791:             1             32  org.jboss.threads.EnhancedQueueExecutor$TaskNode
3792:             1             32  org.jboss.threads.Waiter
3793:             2             32  org.jvnet.hk2.internal.DescriptorComparator
3794:             1             32  org.jvnet.hk2.internal.DynamicConfigurationServiceImpl
3795:             1             32  org.jvnet.hk2.internal.PopulatorImpl
3796:             1             32  org.jvnet.hk2.internal.SingletonContext
3797:             1             32  org.jvnet.hk2.internal.Utilities$AnnotationInformation
3798:             1             32  org.reflections.vfs.Vfs$DefaultUrlTypes$1
3799:             1             32  org.reflections.vfs.Vfs$DefaultUrlTypes$2
3800:             1             32  org.reflections.vfs.Vfs$DefaultUrlTypes$3
3801:             1             32  org.reflections.vfs.Vfs$DefaultUrlTypes$4
3802:             1             32  org.reflections.vfs.Vfs$DefaultUrlTypes$5
3803:             1             32  org.reflections.vfs.Vfs$DefaultUrlTypes$6
3804:             1             32  org.reflections.vfs.Vfs$DefaultUrlTypes$7
3805:             1             32  org.slf4j.helpers.BasicMDCAdapter
3806:             1             32  org.slf4j.helpers.SubstituteLoggerFactory
3807:             1             32  org.wildfly.common.context.ContextPermission
3808:             1             32  picocli.CommandLine$Tracer
3809:             1             32  sun.management.CompilationImpl (java.management@21.0.6)
3810:             1             32  sun.management.ManagementFactoryHelper$LoggingMXBeanAccess (java.management@21.0.6)
3811:             1             32  sun.management.ManagementFactoryHelper$PlatformLoggingImpl (java.management@21.0.6)
3812:             1             32  sun.management.RuntimeImpl (java.management@21.0.6)
3813:             1             32  sun.management.VMManagementImpl (java.management@21.0.6)
3814:             1             32  sun.net.sdp.SdpProvider (java.base@21.0.6)
3815:             2             32  sun.nio.ch.EventFD (java.base@21.0.6)
3816:             1             32  sun.security.provider.SeedGenerator$URLSeedGenerator (java.base@21.0.6)
3817:             1             32  sun.util.cldr.CLDRCalendarDataProviderImpl (java.base@21.0.6)
3818:             1             32  sun.util.cldr.CLDRTimeZoneNameProviderImpl (java.base@21.0.6)
3819:             1             32  sun.util.locale.BaseLocale$Cache (java.base@21.0.6)
3820:             1             32  sun.util.locale.provider.CalendarProviderImpl (java.base@21.0.6)
3821:             1             32  sun.util.locale.provider.DateFormatSymbolsProviderImpl (java.base@21.0.6)
3822:             1             32  sun.util.locale.provider.DecimalFormatSymbolsProviderImpl (java.base@21.0.6)
3823:             1             32  sun.util.locale.provider.NumberFormatProviderImpl (java.base@21.0.6)
3824:             1             32  sun.util.locale.provider.TimeZoneNameProviderImpl (java.base@21.0.6)
3825:             1             24  [Lcom.aerospike.client.cluster.Node;
3826:             1             24  [Lcom.aerospike.client.cluster.Pool;
3827:             1             24  [Lcom.aerospike.vector.storage.StorageType;
3828:             1             24  [Lcom.github.benmanes.caffeine.cache.Buffer;
3829:             1             24  [Lcom.github.benmanes.caffeine.cache.DisabledBuffer;
3830:             1             24  [Lcom.github.benmanes.caffeine.cache.DisabledScheduler;
3831:             1             24  [Lcom.github.benmanes.caffeine.cache.SingletonWeigher;
3832:             1             24  [Lcom.github.benmanes.caffeine.cache.SystemScheduler;
3833:             1             24  [Lcom.github.benmanes.caffeine.cache.SystemTicker;
3834:             1             24  [Lcom.github.benmanes.caffeine.cache.stats.DisabledStatsCounter;
3835:             1             24  [Lcom.google.common.cache.CacheBuilder$NullListener;
3836:             1             24  [Lcom.google.common.cache.CacheBuilder$OneWeigher;
3837:             1             24  [Lcom.google.common.collect.Iterators$EmptyModifiableIterator;
3838:             1             24  [Lcom.google.common.util.concurrent.DirectExecutor;
3839:             1             24  [Lcom.google.inject.Key$NullAnnotationStrategy;
3840:             1             24  [Lio.grpc.internal.DnsNameResolver$JdkAddressResolver;
3841:             1             24  [Lio.undertow.security.api.AuthenticationMechanism;
3842:             1             24  [Ljakarta.ws.rs.core.MediaType;
3843:             1             24  [Ljava.net.URL; (java.base@21.0.6)
3844:             1             24  [Ljava.time.ZoneOffset; (java.base@21.0.6)
3845:             1             24  [Ljava.util.Comparators$NaturalOrderComparator; (java.base@21.0.6)
3846:             1             24  [Ljava.util.jar.Manifest; (java.base@21.0.6)
3847:             1             24  [Ljdk.internal.access.JavaSecurityAccess$ProtectionDomainCache; (java.base@21.0.6)
3848:             1             24  [Lorg.glassfish.jersey.internal.guava.LocalCache$NullEntry;
3849:             1             24  [Lorg.xnio.nio.WorkerThread;
3850:             1             24  ch.qos.logback.classic.util.ContextInitializer$1
3851:             1             24  ch.qos.logback.core.LifeCycleManager
3852:             1             24  ch.qos.logback.core.spi.AppenderAttachableImpl
3853:             1             24  ch.qos.logback.core.util.StatusPrinter2
3854:             1             24  com.aerospike.client.Value$BytesValue
3855:             1             24  com.aerospike.client.Value$LongValue
3856:             1             24  com.aerospike.client.exp.Expression
3857:             1             24  com.aerospike.connect.aerospike.config.AerospikeClientSeedConfig
3858:             1             24  com.aerospike.connect.io.FilePathResolver
3859:             1             24  com.aerospike.connect.metrics.DebugLoggerProxy
3860:             1             24  com.aerospike.connect.metrics.ErrorLoggerProxy
3861:             1             24  com.aerospike.connect.metrics.ErrorRegistry$1
3862:             1             24  com.aerospike.connect.metrics.FileDescriptorGaugeSet
3863:             1             24  com.aerospike.connect.metrics.FileDescriptorGaugeSet$$Lambda/0x00007fea3c32b940
3864:             1             24  com.aerospike.connect.metrics.FileDescriptorGaugeSet$$Lambda/0x00007fea3c32bb58
3865:             1             24  com.aerospike.connect.metrics.InfoLoggerProxy
3866:             1             24  com.aerospike.connect.metrics.OffLoggerProxy
3867:             1             24  com.aerospike.connect.metrics.OperatingSystemGaugeSet$$Lambda/0x00007fea3c338c70
3868:             1             24  com.aerospike.connect.metrics.OperatingSystemGaugeSet$$Lambda/0x00007fea3c338e88
3869:             1             24  com.aerospike.connect.metrics.ThreadStatesGaugeSet$$Lambda/0x00007fea3c337cc8
3870:             1             24  com.aerospike.connect.metrics.ThreadStatesGaugeSet$$Lambda/0x00007fea3c338000
3871:             1             24  com.aerospike.connect.metrics.ThreadStatesGaugeSet$$Lambda/0x00007fea3c338218
3872:             1             24  com.aerospike.connect.metrics.ThreadStatesGaugeSet$$Lambda/0x00007fea3c338430
3873:             1             24  com.aerospike.connect.metrics.ThreadStatesGaugeSet$$Lambda/0x00007fea3c338648
3874:             1             24  com.aerospike.connect.metrics.TraceLoggerProxy
3875:             1             24  com.aerospike.connect.metrics.WarnLoggerProxy
3876:             1             24  com.aerospike.connect.metrics.manage.service.AboutServerWebService
3877:             1             24  com.aerospike.connect.serde.FileResolvingDeserializer
3878:             1             24  com.aerospike.connect.tls.TlsContextLoader
3879:             1             24  com.aerospike.connect.tls.reload.SSLContextFactory
3880:             1             24  com.aerospike.vector.client.proto.AboutServiceGrpc$AboutServiceMethodDescriptorSupplier
3881:             1             24  com.aerospike.vector.client.proto.AboutServiceGrpc$MethodHandlers
3882:             1             24  com.aerospike.vector.client.proto.AuthServiceGrpc$AuthServiceMethodDescriptorSupplier
3883:             1             24  com.aerospike.vector.client.proto.AuthServiceGrpc$MethodHandlers
3884:             1             24  com.aerospike.vector.cluster.QuantumIntervalGenerator$$Lambda/0x00007fea3c4f3ad8
3885:             1             24  com.aerospike.vector.cluster.QuantumIntervalGenerator$$Lambda/0x00007fea3c4f6000
3886:             1             24  com.aerospike.vector.cluster.QuantumIntervalGenerator$$Lambda/0x00007fea3c4f6a58
3887:             1             24  com.aerospike.vector.cluster.QuantumIntervalGenerator$$Lambda/0x00007fea3c4f6e80
3888:             1             24  com.aerospike.vector.cluster.QuantumIntervalGenerator$$Lambda/0x00007fea3c4f7288
3889:             1             24  com.aerospike.vector.config.ManageConfig
3890:             1             24  com.aerospike.vector.config.tls.TlsConfigRegistry
3891:             1             24  com.aerospike.vector.embedded.client.store.SingleInstanceClientStore
3892:             1             24  com.aerospike.vector.eventbus.inject.EventBusGuiceModule
3893:             1             24  com.aerospike.vector.eventbus.inject.EventBusGuiceModule$$Lambda/0x00007fea3c4a78c0
3894:             1             24  com.aerospike.vector.index.IndexCleaner$$Lambda/0x00007fea3c566000
3895:             1             24  com.aerospike.vector.index.IndexService$$Lambda/0x00007fea3c55a310
3896:             1             24  com.aerospike.vector.index.QueueSize
3897:             1             24  com.aerospike.vector.index.cache.LoadBalancedCacheFriendlyNodeSelector
3898:             1             24  com.aerospike.vector.index.hnsw.GraphVertexStorageAdaptor
3899:             1             24  com.aerospike.vector.index.merge.coordinator.IndexMergeCoordinator$currentPendingBatches$1
3900:             1             24  com.aerospike.vector.index.serde.IndexDefinitionSerializer
3901:             1             24  com.aerospike.vector.index.serde.IndexIdSerializer
3902:             1             24  com.aerospike.vector.index.serde.IndexLogEntryListSerializer
3903:             1             24  com.aerospike.vector.index.serde.InternalIndexIdSerializer
3904:             1             24  com.aerospike.vector.interconnect.BearerTokenCallCredentials
3905:             1             24  com.aerospike.vector.interconnect.InterconnectChannelProvider$$Lambda/0x00007fea3c4cb3e8
3906:             1             24  com.aerospike.vector.server.grpc.GrpcInterconnectServer$setupMetrics$1
3907:             1             24  com.aerospike.vector.server.grpc.GrpcNettySslContextFactory
3908:             1             24  com.aerospike.vector.server.grpc.GrpcVectorDbServer$setupMetrics$1
3909:             1             24  com.aerospike.vector.storage.index.AerospikeIndexMetaStore$storeIndexLogGeneric$2$1
3910:             1             24  com.aerospike.vector.storage.inject.AerospikeStorageGuiceModule
3911:             1             24  com.aerospike.vector.transact.inject.TransactGuiceModule
3912:             1             24  com.codahale.metrics.json.MetricsModule$CounterSerializer
3913:             1             24  com.codahale.metrics.json.MetricsModule$GaugeSerializer
3914:             1             24  com.codahale.metrics.json.MetricsModule$HistogramSerializer
3915:             1             24  com.codahale.metrics.jvm.ClassLoadingGaugeSet$$Lambda/0x00007fea3c32b2f8
3916:             1             24  com.codahale.metrics.jvm.ClassLoadingGaugeSet$$Lambda/0x00007fea3c32b510
3917:             1             24  com.codahale.metrics.jvm.JvmAttributeGaugeSet
3918:             1             24  com.codahale.metrics.jvm.JvmAttributeGaugeSet$$Lambda/0x00007fea3c32a000
3919:             1             24  com.codahale.metrics.jvm.JvmAttributeGaugeSet$$Lambda/0x00007fea3c32a218
3920:             1             24  com.codahale.metrics.jvm.JvmAttributeGaugeSet$$Lambda/0x00007fea3c32a430
3921:             1             24  com.codahale.metrics.jvm.MemoryUsageGaugeSet$$Lambda/0x00007fea3c334848
3922:             1             24  com.codahale.metrics.jvm.MemoryUsageGaugeSet$$Lambda/0x00007fea3c334a60
3923:             1             24  com.codahale.metrics.jvm.MemoryUsageGaugeSet$$Lambda/0x00007fea3c334c78
3924:             1             24  com.codahale.metrics.jvm.MemoryUsageGaugeSet$$Lambda/0x00007fea3c334e90
3925:             1             24  com.codahale.metrics.jvm.MemoryUsageGaugeSet$$Lambda/0x00007fea3c3350a8
3926:             1             24  com.codahale.metrics.jvm.MemoryUsageGaugeSet$$Lambda/0x00007fea3c3352c0
3927:             1             24  com.codahale.metrics.jvm.MemoryUsageGaugeSet$$Lambda/0x00007fea3c3354d8
3928:             1             24  com.codahale.metrics.jvm.MemoryUsageGaugeSet$$Lambda/0x00007fea3c3356f0
3929:             1             24  com.codahale.metrics.jvm.MemoryUsageGaugeSet$$Lambda/0x00007fea3c335d60
3930:             1             24  com.codahale.metrics.jvm.MemoryUsageGaugeSet$$Lambda/0x00007fea3c335f78
3931:             1             24  com.codahale.metrics.jvm.MemoryUsageGaugeSet$$Lambda/0x00007fea3c336190
3932:             1             24  com.codahale.metrics.jvm.MemoryUsageGaugeSet$$Lambda/0x00007fea3c3363a8
3933:             1             24  com.codahale.metrics.jvm.MemoryUsageGaugeSet$1
3934:             1             24  com.codahale.metrics.jvm.MemoryUsageGaugeSet$2
3935:             1             24  com.codahale.metrics.jvm.ThreadDeadlockDetector
3936:             1             24  com.cronutils.descriptor.CronDescriptor
3937:             1             24  com.cronutils.mapper.WeekDay
3938:             1             24  com.cronutils.model.definition.CronConstraintsFactory$2
3939:             1             24  com.fasterxml.jackson.annotation.JsonFormat$Features
3940:             1             24  com.fasterxml.jackson.annotation.JsonIgnoreProperties$Value
3941:             1             24  com.fasterxml.jackson.annotation.JsonIncludeProperties$Value
3942:             1             24  com.fasterxml.jackson.core.ErrorReportConfiguration
3943:             1             24  com.fasterxml.jackson.databind.cfg.DefaultCacheProvider
3944:             1             24  com.fasterxml.jackson.databind.deser.impl.JDKValueInstantiators$ArrayListInstantiator
3945:             1             24  com.fasterxml.jackson.databind.deser.impl.JDKValueInstantiators$HashSetInstantiator
3946:             1             24  com.fasterxml.jackson.databind.deser.impl.JDKValueInstantiators$LinkedHashMapInstantiator
3947:             1             24  com.fasterxml.jackson.databind.ext.Java7HandlersImpl
3948:             1             24  com.fasterxml.jackson.databind.ext.Java7SupportImpl
3949:             1             24  com.fasterxml.jackson.databind.introspect.AnnotationCollector$EmptyCollector
3950:             1             24  com.fasterxml.jackson.databind.introspect.JacksonAnnotationIntrospector
3951:             1             24  com.fasterxml.jackson.databind.jsontype.impl.SubTypeValidator
3952:             1             24  com.fasterxml.jackson.databind.module.SimpleKeyDeserializers
3953:             1             24  com.fasterxml.jackson.databind.node.TextNode
3954:             1             24  com.fasterxml.jackson.databind.ser.impl.UnknownSerializer
3955:             1             24  com.fasterxml.jackson.databind.ser.std.NullSerializer
3956:             1             24  com.fasterxml.jackson.databind.ser.std.StringSerializer
3957:             1             24  com.fasterxml.jackson.databind.type.TypeParser
3958:             1             24  com.fasterxml.jackson.module.kotlin.ReflectionCache$BooleanTriState$Empty
3959:             1             24  com.fasterxml.jackson.module.kotlin.ReflectionCache$BooleanTriState$False
3960:             1             24  com.fasterxml.jackson.module.kotlin.ReflectionCache$BooleanTriState$True
3961:             1             24  com.github.benmanes.caffeine.cache.LocalLoadingCache$$Lambda/0x00007fea3c55d440
3962:             1             24  com.google.common.base.CharMatcher$None
3963:             1             24  com.google.common.base.CharMatcher$Whitespace
3964:             1             24  com.google.common.base.Splitter$1
3965:             1             24  com.google.common.base.Suppliers$SupplierOfInstance
3966:             1             24  com.google.common.cache.CacheLoader$FunctionToCacheLoader
3967:             1             24  com.google.common.collect.AbstractMapBasedMultimap$AsMap$AsMapEntries
3968:             1             24  com.google.common.collect.AbstractMultimap$Values
3969:             1             24  com.google.common.collect.ImmutableSet$EmptySetBuilderImpl
3970:             1             24  com.google.common.collect.Maps$Values
3971:             1             24  com.google.inject.internal.$Proxy12
3972:             1             24  com.google.inject.internal.Messages$1
3973:             1             24  com.google.inject.internal.Messages$2
3974:             1             24  com.google.inject.internal.Messages$3
3975:             1             24  com.google.inject.internal.SingleMethodInjector$1
3976:             1             24  com.google.inject.internal.aop.GeneratedClassDefiner
3977:             1             24  com.google.inject.matcher.Matchers$SubclassesOf
3978:             1             24  com.google.protobuf.ExtensionRegistryLite
3979:             1             24  com.google.protobuf.TextFormat$Printer
3980:             1             24  com.google.protobuf.TypeRegistry
3981:             1             24  com.google.protobuf.UnknownFieldSet
3982:             1             24  com.google.protobuf.UnsafeUtil$JvmMemoryAccessor
3983:             1             24  com.sun.jmx.mbeanserver.DescriptorCache (java.management@21.0.6)
3984:             1             24  com.sun.jmx.mbeanserver.MBeanInstantiator (java.management@21.0.6)
3985:             1             24  com.sun.jmx.mbeanserver.MXBeanIntrospector (java.management@21.0.6)
3986:             1             24  com.sun.jmx.mbeanserver.SecureClassLoaderRepository (java.management@21.0.6)
3987:             1             24  com.sun.management.internal.HotSpotThreadImpl (jdk.management@21.0.6)
3988:             1             24  com.sun.management.internal.PlatformMBeanProviderImpl$1 (jdk.management@21.0.6)
3989:             1             24  com.sun.management.internal.PlatformMBeanProviderImpl$3 (jdk.management@21.0.6)
3990:             1             24  com.sun.management.internal.PlatformMBeanProviderImpl$4 (jdk.management@21.0.6)
3991:             1             24  com.sun.proxy.jdk.proxy1.$Proxy28 (jdk.proxy1)
3992:             1             24  io.grpc.CompressorRegistry
3993:             1             24  io.grpc.ConfiguratorRegistry
3994:             1             24  io.grpc.InternalMethodDescriptor
3995:             1             24  io.grpc.internal.TransportTracer$Factory
3996:             1             24  io.netty.channel.DefaultMessageSizeEstimator
3997:             1             24  io.netty.handler.codec.http.HttpMethod$EnumNameMap
3998:             1             24  io.netty.util.concurrent.DefaultPromise$CauseHolder
3999:             1             24  io.netty.util.concurrent.GlobalEventExecutor$1
4000:             1             24  io.netty.util.concurrent.GlobalEventExecutor$TaskRunner
4001:             1             24  io.perfmark.Link
4002:             1             24  io.undertow.security.impl.CachedAuthenticatedSessionMechanism
4003:             1             24  io.undertow.server.handlers.DisableCacheHandler
4004:             1             24  io.undertow.server.handlers.HttpContinueReadHandler
4005:             1             24  io.undertow.server.protocol.ParseTimeoutUpdater$1
4006:             1             24  io.undertow.server.session.PathParameterSessionConfig
4007:             1             24  io.undertow.server.session.SecureRandomSessionIdGenerator
4008:             1             24  io.undertow.server.session.SessionListeners
4009:             1             24  io.undertow.servlet.api.LoggingExceptionHandler
4010:             1             24  io.undertow.servlet.core.ContextClassLoaderSetupAction
4011:             1             24  io.undertow.servlet.core.InMemorySessionManagerFactory
4012:             1             24  io.undertow.servlet.core.SessionListenerBridge$1
4013:             1             24  io.undertow.servlet.handlers.SendErrorPageHandler
4014:             1             24  io.undertow.servlet.handlers.ServletInitialHandler$1
4015:             1             24  io.undertow.servlet.handlers.ServletInitialHandler$2
4016:             1             24  io.undertow.servlet.handlers.security.CachedAuthenticatedSessionHandler$SecurityNotificationReceiver
4017:             1             24  io.undertow.servlet.handlers.security.CachedAuthenticatedSessionHandler$ServletAuthenticatedSessionManager
4018:             1             24  io.undertow.servlet.handlers.security.SSLInformationAssociationHandler
4019:             1             24  io.undertow.servlet.handlers.security.ServletAuthenticationCallHandler
4020:             1             24  io.undertow.servlet.spec.ServletContextImpl$1
4021:             1             24  io.undertow.servlet.spec.ServletContextImpl$2
4022:             1             24  io.undertow.servlet.spec.ServletContextImpl$3
4023:             1             24  io.undertow.servlet.spec.ServletContextImpl$4
4024:             1             24  io.undertow.servlet.spec.ServletContextImpl$5
4025:             1             24  io.undertow.servlet.util.ImmediateInstanceHandle
4026:             1             24  io.undertow.util.HeaderTokenParser
4027:             1             24  io.undertow.util.MimeMappings
4028:             1             24  java.io.UnixFileSystem (java.base@21.0.6)
4029:             1             24  java.lang.ProcessHandleImpl$$Lambda/0x00007fea3c3fc350 (java.base@21.0.6)
4030:             1             24  java.lang.management.DefaultPlatformMBeanProvider$1 (java.management@21.0.6)
4031:             1             24  java.lang.management.DefaultPlatformMBeanProvider$10 (java.management@21.0.6)
4032:             1             24  java.lang.management.DefaultPlatformMBeanProvider$2 (java.management@21.0.6)
4033:             1             24  java.lang.management.DefaultPlatformMBeanProvider$3 (java.management@21.0.6)
4034:             1             24  java.lang.management.DefaultPlatformMBeanProvider$5 (java.management@21.0.6)
4035:             1             24  java.lang.management.DefaultPlatformMBeanProvider$6 (java.management@21.0.6)
4036:             1             24  java.lang.management.DefaultPlatformMBeanProvider$7 (java.management@21.0.6)
4037:             1             24  java.lang.management.DefaultPlatformMBeanProvider$9 (java.management@21.0.6)
4038:             1             24  java.lang.ref.Cleaner (java.base@21.0.6)
4039:             1             24  java.net.SocketPermissionCollection (java.base@21.0.6)
4040:             1             24  java.security.AllPermission (java.base@21.0.6)
4041:             1             24  java.security.Policy$PolicyInfo (java.base@21.0.6)
4042:             1             24  java.security.Policy$UnsupportedEmptyCollection (java.base@21.0.6)
4043:             1             24  java.security.ProtectionDomain$JavaSecurityAccessImpl$1 (java.base@21.0.6)
4044:             1             24  java.text.MessageFormat$Field (java.base@21.0.6)
4045:             1             24  java.time.Clock$SystemClock (java.base@21.0.6)
4046:             1             24  java.time.Period (java.base@21.0.6)
4047:             1             24  java.time.format.DecimalStyle (java.base@21.0.6)
4048:             1             24  java.util.Comparator$$Lambda/0x00007fea3c076560 (java.base@21.0.6)
4049:             1             24  java.util.EnumMap$Values (java.base@21.0.6)
4050:             1             24  java.util.IdentityHashMap$EntrySet (java.base@21.0.6)
4051:             1             24  java.util.IdentityHashMap$Values (java.base@21.0.6)
4052:             1             24  java.util.Locale$Builder (java.base@21.0.6)
4053:             1             24  java.util.PropertyPermissionCollection (java.base@21.0.6)
4054:             1             24  java.util.concurrent.CompletableFuture$AltResult (java.base@21.0.6)
4055:             1             24  java.util.concurrent.ConcurrentSkipListSet (java.base@21.0.6)
4056:             1             24  java.util.concurrent.CopyOnWriteArrayList$COWIterator (java.base@21.0.6)
4057:             1             24  java.util.logging.LogManager$VisitedLoggers (java.logging@21.0.6)
4058:             1             24  java.util.regex.CharPredicates$$Lambda/0x00007fea3c573e88 (java.base@21.0.6)
4059:             1             24  java.util.regex.Pattern$LastNode (java.base@21.0.6)
4060:             1             24  java.util.regex.Pattern$LookBehindEndNode (java.base@21.0.6)
4061:             1             24  java.util.regex.Pattern$Node (java.base@21.0.6)
4062:             1             24  jdk.internal.icu.impl.Norm2AllModes$ComposeNormalizer2 (java.base@21.0.6)
4063:             1             24  jdk.internal.icu.impl.Norm2AllModes$DecomposeNormalizer2 (java.base@21.0.6)
4064:             1             24  jdk.internal.icu.text.NormalizerBase$ModeImpl (java.base@21.0.6)
4065:             1             24  jdk.internal.icu.util.CodePointTrie$Data16 (java.base@21.0.6)
4066:             1             24  jdk.internal.jimage.ImageReader (java.base@21.0.6)
4067:             1             24  jdk.internal.jimage.ImageStringsReader (java.base@21.0.6)
4068:             1             24  jdk.internal.jimage.decompressor.Decompressor (java.base@21.0.6)
4069:             1             24  jdk.internal.logger.BootstrapLogger$RedirectedLoggers (java.base@21.0.6)
4070:             1             24  jdk.internal.logger.LazyLoggers$LazyLoggerFactories (java.base@21.0.6)
4071:             1             24  jdk.internal.misc.ThreadTracker (java.base@21.0.6)
4072:             1             24  jdk.internal.module.ModulePatcher (java.base@21.0.6)
4073:             1             24  jdk.internal.module.ModuleTarget (java.base@21.0.6)
4074:             1             24  jdk.internal.reflect.ReflectionFactory (java.base@21.0.6)
4075:             1             24  jdk.internal.util.ReferencedKeySet (java.base@21.0.6)
4076:             1             24  jdk.proxy2.$Proxy19 (jdk.proxy2)
4077:             1             24  jdk.proxy2.$Proxy20 (jdk.proxy2)
4078:             1             24  jdk.proxy2.$Proxy30 (jdk.proxy2)
4079:             1             24  jdk.proxy2.$Proxy31 (jdk.proxy2)
4080:             1             24  jdk.proxy2.$Proxy33 (jdk.proxy2)
4081:             1             24  jdk.proxy2.$Proxy35 (jdk.proxy2)
4082:             1             24  jdk.proxy2.$Proxy38 (jdk.proxy2)
4083:             1             24  jdk.proxy2.$Proxy39 (jdk.proxy2)
4084:             1             24  jdk.proxy2.$Proxy40 (jdk.proxy2)
4085:             1             24  jdk.proxy2.$Proxy42 (jdk.proxy2)
4086:             1             24  jdk.proxy2.$Proxy43 (jdk.proxy2)
4087:             1             24  jdk.proxy2.$Proxy44 (jdk.proxy2)
4088:             1             24  jdk.proxy2.$Proxy45 (jdk.proxy2)
4089:             1             24  jdk.proxy2.$Proxy46 (jdk.proxy2)
4090:             1             24  jdk.proxy2.$Proxy56 (jdk.proxy2)
4091:             1             24  jdk.proxy2.$Proxy60 (jdk.proxy2)
4092:             1             24  jdk.proxy2.$Proxy61 (jdk.proxy2)
4093:             1             24  jdk.proxy2.$Proxy62 (jdk.proxy2)
4094:             1             24  jdk.proxy2.$Proxy67 (jdk.proxy2)
4095:             1             24  jdk.proxy2.$Proxy68 (jdk.proxy2)
4096:             1             24  jdk.proxy2.$Proxy70 (jdk.proxy2)
4097:             1             24  jdk.proxy2.$Proxy71 (jdk.proxy2)
4098:             1             24  jdk.proxy2.$Proxy72 (jdk.proxy2)
4099:             1             24  kotlin.InitializedLazyImpl
4100:             1             24  kotlin.ranges.IntRange
4101:             1             24  kotlin.reflect.jvm.internal.KPackageImpl$$Lambda$0
4102:             1             24  kotlin.reflect.jvm.internal.impl.builtins.ReflectionTypes$$Lambda$0
4103:             1             24  kotlin.reflect.jvm.internal.impl.builtins.jvm.JvmBuiltIns$$Lambda$2
4104:             1             24  kotlin.reflect.jvm.internal.impl.builtins.jvm.JvmBuiltIns$Settings
4105:             1             24  kotlin.reflect.jvm.internal.impl.builtins.jvm.JvmBuiltInsCustomizer$$Lambda$1
4106:             1             24  kotlin.reflect.jvm.internal.impl.builtins.jvm.JvmBuiltInsCustomizer$$Lambda$2
4107:             1             24  kotlin.reflect.jvm.internal.impl.builtins.jvm.JvmBuiltInsCustomizer$$Lambda$3
4108:             1             24  kotlin.reflect.jvm.internal.impl.descriptors.DescriptorVisibilities$1
4109:             1             24  kotlin.reflect.jvm.internal.impl.descriptors.DescriptorVisibilities$2
4110:             1             24  kotlin.reflect.jvm.internal.impl.descriptors.DescriptorVisibilities$3
4111:             1             24  kotlin.reflect.jvm.internal.impl.descriptors.DescriptorVisibilities$4
4112:             1             24  kotlin.reflect.jvm.internal.impl.descriptors.DescriptorVisibilities$5
4113:             1             24  kotlin.reflect.jvm.internal.impl.descriptors.DescriptorVisibilities$6
4114:             1             24  kotlin.reflect.jvm.internal.impl.descriptors.DescriptorVisibilities$7
4115:             1             24  kotlin.reflect.jvm.internal.impl.descriptors.DescriptorVisibilities$8
4116:             1             24  kotlin.reflect.jvm.internal.impl.descriptors.DescriptorVisibilities$9
4117:             1             24  kotlin.reflect.jvm.internal.impl.descriptors.PackageFragmentProviderImpl
4118:             1             24  kotlin.reflect.jvm.internal.impl.descriptors.Visibilities$Inherited
4119:             1             24  kotlin.reflect.jvm.internal.impl.descriptors.Visibilities$Internal
4120:             1             24  kotlin.reflect.jvm.internal.impl.descriptors.Visibilities$InvisibleFake
4121:             1             24  kotlin.reflect.jvm.internal.impl.descriptors.Visibilities$Local
4122:             1             24  kotlin.reflect.jvm.internal.impl.descriptors.Visibilities$Private
4123:             1             24  kotlin.reflect.jvm.internal.impl.descriptors.Visibilities$PrivateToThis
4124:             1             24  kotlin.reflect.jvm.internal.impl.descriptors.Visibilities$Protected
4125:             1             24  kotlin.reflect.jvm.internal.impl.descriptors.Visibilities$Public
4126:             1             24  kotlin.reflect.jvm.internal.impl.descriptors.Visibilities$Unknown
4127:             1             24  kotlin.reflect.jvm.internal.impl.descriptors.annotations.AnnotationUtilKt$$Lambda$0
4128:             1             24  kotlin.reflect.jvm.internal.impl.descriptors.annotations.AnnotationsImpl
4129:             1             24  kotlin.reflect.jvm.internal.impl.descriptors.java.JavaVisibilities$PackageVisibility
4130:             1             24  kotlin.reflect.jvm.internal.impl.descriptors.java.JavaVisibilities$ProtectedAndPackage
4131:             1             24  kotlin.reflect.jvm.internal.impl.descriptors.java.JavaVisibilities$ProtectedStaticVisibility
4132:             1             24  kotlin.reflect.jvm.internal.impl.descriptors.runtime.components.ReflectJavaClassFinder
4133:             1             24  kotlin.reflect.jvm.internal.impl.load.java.JavaDescriptorVisibilities$1
4134:             1             24  kotlin.reflect.jvm.internal.impl.load.java.JavaDescriptorVisibilities$2
4135:             1             24  kotlin.reflect.jvm.internal.impl.load.java.JavaDescriptorVisibilities$3
4136:             1             24  kotlin.reflect.jvm.internal.impl.load.java.Jsr305Settings$$Lambda$0
4137:             1             24  kotlin.reflect.jvm.internal.impl.load.java.components.JavaRetentionAnnotationDescriptor$$Lambda$0
4138:             1             24  kotlin.reflect.jvm.internal.impl.load.java.components.JavaTargetAnnotationDescriptor$$Lambda$0
4139:             1             24  kotlin.reflect.jvm.internal.impl.load.java.lazy.SingleModuleClassResolver
4140:             1             24  kotlin.reflect.jvm.internal.impl.load.java.lazy.descriptors.LazyJavaAnnotationDescriptor$$Lambda$0
4141:             1             24  kotlin.reflect.jvm.internal.impl.load.java.lazy.descriptors.LazyJavaAnnotationDescriptor$$Lambda$1
4142:             1             24  kotlin.reflect.jvm.internal.impl.load.java.lazy.descriptors.LazyJavaAnnotationDescriptor$$Lambda$2
4143:             1             24  kotlin.reflect.jvm.internal.impl.load.java.typeEnhancement.JavaTypeEnhancement
4144:             1             24  kotlin.reflect.jvm.internal.impl.load.java.typeEnhancement.SignatureEnhancement
4145:             1             24  kotlin.reflect.jvm.internal.impl.load.kotlin.AbstractBinaryClassAnnotationAndConstantLoader$$Lambda$0
4146:             1             24  kotlin.reflect.jvm.internal.impl.load.kotlin.DeserializedDescriptorResolver
4147:             1             24  kotlin.reflect.jvm.internal.impl.metadata.deserialization.VersionRequirementTable
4148:             1             24  kotlin.reflect.jvm.internal.impl.resolve.constants.AnnotationValue
4149:             1             24  kotlin.reflect.jvm.internal.impl.resolve.constants.TypedArrayValue$$Lambda$0
4150:             1             24  kotlin.reflect.jvm.internal.impl.resolve.jvm.CompositeSyntheticJavaPartsProvider
4151:             1             24  kotlin.reflect.jvm.internal.impl.serialization.deserialization.AbstractDeserializedPackageFragmentProvider$$Lambda$0
4152:             1             24  kotlin.reflect.jvm.internal.impl.serialization.deserialization.builtins.BuiltInsLoaderImpl
4153:             1             24  kotlin.reflect.jvm.internal.impl.types.error.ErrorPropertyDescriptor
4154:             1             24  kotlin.reflect.jvm.internal.impl.util.MemberKindCheck$Member
4155:             1             24  kotlin.reflect.jvm.internal.impl.util.MemberKindCheck$MemberOrExtension
4156:             1             24  kotlin.reflect.jvm.internal.impl.util.ValueParameterCountCheck$Equals
4157:             1             24  kotlin.reflect.jvm.internal.impl.util.ValueParameterCountCheck$NoValueParameters
4158:             1             24  kotlin.reflect.jvm.internal.impl.util.ValueParameterCountCheck$SingleValueParameter
4159:             1             24  kotlinx.coroutines.Unconfined
4160:             1             24  kotlinx.coroutines.internal.ResizableAtomicArray
4161:             1             24  net.engio.mbassy.bus.AbstractSyncAsyncMessageBus$1
4162:             1             24  net.engio.mbassy.bus.config.Feature$AsynchronousHandlerInvocation$1
4163:             1             24  net.engio.mbassy.bus.config.Feature$AsynchronousMessageDispatch$1
4164:             1             24  net.engio.mbassy.listener.MetadataReader
4165:             1             24  org.apache.commons.collections4.queue.UnmodifiableQueue
4166:             1             24  org.bouncycastle.asn1.DLSequence
4167:             1             24  org.bouncycastle.crypto.CryptoServicesRegistrar$ThreadLocalSecureRandomProvider
4168:             1             24  org.bouncycastle.jcajce.provider.asymmetric.EXTERNAL$ExternalKeyInfoConverter
4169:             1             24  org.bouncycastle.jcajce.provider.drbg.EntropyDaemon
4170:             1             24  org.bouncycastle.jcajce.util.ProviderJcaJceHelper
4171:             1             24  org.glassfish.hk2.utilities.reflection.Logger
4172:             1             24  org.glassfish.hk2.utilities.reflection.internal.ClassReflectionHelperImpl$1
4173:             1             24  org.glassfish.hk2.utilities.reflection.internal.ClassReflectionHelperImpl$2
4174:             1             24  org.glassfish.hk2.utilities.reflection.internal.ClassReflectionHelperImpl$3
4175:             1             24  org.glassfish.hk2.utilities.reflection.internal.ClassReflectionHelperImpl$4
4176:             1             24  org.glassfish.jersey.inject.hk2.AbstractHk2InjectionManager$$Lambda/0x00007fea3c86d180
4177:             1             24  org.glassfish.jersey.inject.hk2.ContextInjectionResolverImpl$$Lambda/0x00007fea3c69cbc8
4178:             1             24  org.glassfish.jersey.inject.hk2.ContextInjectionResolverImpl$$Lambda/0x00007fea3c69d048
4179:             1             24  org.glassfish.jersey.inject.hk2.ContextInjectionResolverImpl$3
4180:             1             24  org.glassfish.jersey.inject.hk2.Hk2RequestScope
4181:             1             24  org.glassfish.jersey.inject.hk2.ImmediateHk2InjectionManager
4182:             1             24  org.glassfish.jersey.inject.hk2.JerseyClassAnalyzer$$Lambda/0x00007fea3c691788
4183:             1             24  org.glassfish.jersey.inject.hk2.JerseyClassAnalyzer$Binder$$Lambda/0x00007fea3c691338
4184:             1             24  org.glassfish.jersey.inject.hk2.RequestContext
4185:             1             24  org.glassfish.jersey.internal.ExceptionMapperFactory
4186:             1             24  org.glassfish.jersey.internal.config.SystemPropertiesConfigurationProvider
4187:             1             24  org.glassfish.jersey.internal.inject.ParamConverterFactory
4188:             1             24  org.glassfish.jersey.internal.inject.ParamConverters$AggregatedProvider
4189:             1             24  org.glassfish.jersey.internal.inject.ParamConverters$OptionalCustomProvider
4190:             1             24  org.glassfish.jersey.jackson.JacksonFeature
4191:             1             24  org.glassfish.jersey.media.multipart.internal.MultiPartWriter
4192:             1             24  org.glassfish.jersey.message.internal.FormMultivaluedMapProvider
4193:             1             24  org.glassfish.jersey.message.internal.SourceProvider$DomSourceReader
4194:             1             24  org.glassfish.jersey.message.internal.SourceProvider$SaxSourceReader
4195:             1             24  org.glassfish.jersey.model.Parameter$ParameterService$1
4196:             1             24  org.glassfish.jersey.model.Parameter$ParameterService$10
4197:             1             24  org.glassfish.jersey.model.Parameter$ParameterService$2
4198:             1             24  org.glassfish.jersey.model.Parameter$ParameterService$3
4199:             1             24  org.glassfish.jersey.model.Parameter$ParameterService$4
4200:             1             24  org.glassfish.jersey.model.Parameter$ParameterService$5
4201:             1             24  org.glassfish.jersey.model.Parameter$ParameterService$6
4202:             1             24  org.glassfish.jersey.model.Parameter$ParameterService$7
4203:             1             24  org.glassfish.jersey.model.Parameter$ParameterService$8
4204:             1             24  org.glassfish.jersey.model.Parameter$ParameterService$9
4205:             1             24  org.glassfish.jersey.model.internal.CommonConfig$$Lambda/0x00007fea3c6651d0
4206:             1             24  org.glassfish.jersey.model.internal.ComponentBag$$Lambda/0x00007fea3c6665a0
4207:             1             24  org.glassfish.jersey.model.internal.RankedComparator
4208:             1             24  org.glassfish.jersey.process.JerseyProcessingUncaughtExceptionHandler
4209:             1             24  org.glassfish.jersey.process.internal.AbstractExecutorProvidersConfigurator$$Lambda/0x00007fea3c760000
4210:             1             24  org.glassfish.jersey.process.internal.AbstractExecutorProvidersConfigurator$$Lambda/0x00007fea3c760238
4211:             1             24  org.glassfish.jersey.process.internal.ExecutorProviders$ExecutorServiceSupplier
4212:             1             24  org.glassfish.jersey.process.internal.ExecutorProviders$ScheduledExecutorServiceSupplier
4213:             1             24  org.glassfish.jersey.process.internal.Stages$1
4214:             1             24  org.glassfish.jersey.server.ApplicationHandler$$Lambda/0x00007fea3c77f598
4215:             1             24  org.glassfish.jersey.server.ComponentProviderConfigurator$$Lambda/0x00007fea3c706710
4216:             1             24  org.glassfish.jersey.server.JerseyResourceContextConfigurator$$Lambda/0x00007fea3c704f58
4217:             1             24  org.glassfish.jersey.server.JerseyResourceContextConfigurator$$Lambda/0x00007fea3c705378
4218:             1             24  org.glassfish.jersey.server.JerseyResourceContextConfigurator$$Lambda/0x00007fea3c705b00
4219:             1             24  org.glassfish.jersey.server.ModelProcessorConfigurator$$Lambda/0x00007fea3c759600
4220:             1             24  org.glassfish.jersey.server.ServerRuntime$$Lambda/0x00007fea3c77b540
4221:             1             24  org.glassfish.jersey.server.internal.JsonWithPaddingInterceptor
4222:             1             24  org.glassfish.jersey.server.internal.inject.AsyncResponseValueParamProvider
4223:             1             24  org.glassfish.jersey.server.internal.inject.DelegatedInjectionValueParamProvider$$Lambda/0x00007fea3c6b9800
4224:             1             24  org.glassfish.jersey.server.internal.inject.FormParamValueParamProvider$MultipartFormParamValueProvider$$Lambda/0x00007fea3c6be178
4225:             1             24  org.glassfish.jersey.server.internal.inject.HeaderParamValueParamProvider$HeaderParamValueProvider
4226:             1             24  org.glassfish.jersey.server.internal.inject.MultivaluedParameterExtractorFactory
4227:             1             24  org.glassfish.jersey.server.internal.inject.ParamExtractorConfigurator$$Lambda/0x00007fea3c6adc38
4228:             1             24  org.glassfish.jersey.server.internal.inject.PathParamValueParamProvider$PathParamValueProvider
4229:             1             24  org.glassfish.jersey.server.internal.inject.QueryParamValueParamProvider$QueryParamValueProvider
4230:             1             24  org.glassfish.jersey.server.internal.inject.ValueParamProviderConfigurator$$Lambda/0x00007fea3c6ae4c0
4231:             1             24  org.glassfish.jersey.server.internal.inject.ValueParamProviderConfigurator$$Lambda/0x00007fea3c6ae6d8
4232:             1             24  org.glassfish.jersey.server.internal.inject.ValueParamProviderConfigurator$$Lambda/0x00007fea3c6ae908
4233:             1             24  org.glassfish.jersey.server.internal.inject.ValueParamProviderConfigurator$$Lambda/0x00007fea3c6aeb20
4234:             1             24  org.glassfish.jersey.server.internal.inject.ValueParamProviderConfigurator$$Lambda/0x00007fea3c6ba000
4235:             1             24  org.glassfish.jersey.server.internal.inject.ValueParamProviderConfigurator$$Lambda/0x00007fea3c6bbdb0
4236:             1             24  org.glassfish.jersey.server.internal.inject.ValueParamProviderConfigurator$$Lambda/0x00007fea3c701dd8
4237:             1             24  org.glassfish.jersey.server.internal.routing.MatchResultInitializerRouter
4238:             1             24  org.glassfish.jersey.server.model.Parameter$ServerParameterService$1
4239:             1             24  org.glassfish.jersey.server.model.Parameter$ServerParameterService$2
4240:             1             24  org.glassfish.jersey.server.model.ResourceModel$1
4241:             1             24  org.glassfish.jersey.server.model.RuntimeResourceModel
4242:             1             24  org.glassfish.jersey.server.model.internal.JavaResourceMethodDispatcherProvider
4243:             1             24  org.glassfish.jersey.server.model.internal.ResourceMethodDispatcherFactory
4244:             1             24  org.glassfish.jersey.server.model.internal.ResourceMethodInvocationHandlerFactory
4245:             1             24  org.glassfish.jersey.server.model.internal.ResourceMethodInvocationHandlerFactory$$Lambda/0x00007fea3c76a1f0
4246:             1             24  org.glassfish.jersey.server.model.internal.ResourceMethodInvokerConfigurator$$Lambda/0x00007fea3c76a800
4247:             1             24  org.glassfish.jersey.server.model.internal.VoidVoidDispatcherProvider
4248:             1             24  org.glassfish.jersey.server.wadl.internal.generators.WadlGeneratorJAXBGrammarGenerator$1
4249:             1             24  org.glassfish.jersey.server.wadl.processor.OptionsMethodProcessor
4250:             1             24  org.glassfish.jersey.servlet.WebComponent$WebComponentBinder$$Lambda/0x00007fea3c6a1ed8
4251:             1             24  org.glassfish.jersey.servlet.WebComponent$WebComponentBinder$$Lambda/0x00007fea3c6a2510
4252:             1             24  org.glassfish.jersey.servlet.WebComponent$WebComponentBinder$$Lambda/0x00007fea3c6a2728
4253:             1             24  org.glassfish.jersey.servlet.WebServletConfig
4254:             1             24  org.jboss.logging.Slf4jLoggerProvider
4255:             1             24  org.jboss.threads.EnhancedQueueExecutor$MXBeanImpl
4256:             1             24  org.jboss.threads.EnhancedQueueExecutor$TreeSetQueue
4257:             1             24  org.jboss.threads.LoggingUncaughtExceptionHandler
4258:             1             24  org.jboss.threads.RejectingExecutor
4259:             1             24  org.jvnet.hk2.internal.DefaultClassAnalyzer
4260:             1             24  org.jvnet.hk2.internal.InstantiationServiceImpl
4261:             1             24  org.jvnet.hk2.internal.ServiceHandleComparator
4262:             1             24  org.jvnet.hk2.internal.ServiceLocatorImpl$10
4263:             1             24  org.jvnet.hk2.internal.ServiceLocatorImpl$3
4264:             1             24  org.jvnet.hk2.internal.ServiceLocatorImpl$4
4265:             1             24  org.jvnet.hk2.internal.ServiceLocatorImpl$8
4266:             1             24  org.jvnet.hk2.internal.ServiceLocatorRuntimeImpl
4267:             1             24  org.jvnet.hk2.internal.SingletonContext$1
4268:             1             24  org.jvnet.hk2.internal.SingletonContext$2
4269:             1             24  org.jvnet.hk2.internal.ThreeThirtyResolver
4270:             1             24  org.reflections.util.FilterBuilder
4271:             1             24  org.reflections.util.FilterBuilder$Exclude
4272:             1             24  org.slf4j.helpers.BasicMDCAdapter$1
4273:             1             24  org.wildfly.common.net.CidrAddressTable
4274:             1             24  org.xnio.IoUtils$1
4275:             1             24  org.xnio.IoUtils$2
4276:             1             24  org.xnio.IoUtils$3
4277:             1             24  org.xnio.LocalSocketAddress
4278:             1             24  org.xnio.XnioWorker$1
4279:             1             24  org.xnio.XnioWorker$EnhancedQueueExecutorTaskPool
4280:             1             24  org.xnio.conduits.ReadReadyHandler$ChannelListenerHandler
4281:             1             24  org.xnio.conduits.WriteReadyHandler$ChannelListenerHandler
4282:             1             24  org.xnio.nio.NioXnio$3
4283:             1             24  org.xnio.nio.NioXnio$4
4284:             1             24  org.xnio.nio.NioXnio$DefaultSelectorCreator
4285:             1             24  org.yaml.snakeyaml.external.com.google.gdata.util.common.base.PercentEscaper
4286:             1             24  sun.management.ClassLoadingImpl (java.management@21.0.6)
4287:             1             24  sun.nio.ch.NioSocketImpl$$Lambda/0x00007fea3c3e2978 (java.base@21.0.6)
4288:             1             24  sun.nio.ch.NioSocketImpl$1 (java.base@21.0.6)
4289:             1             24  sun.nio.ch.NioSocketImpl$2 (java.base@21.0.6)
4290:             1             24  sun.nio.fs.LinuxFileSystemProvider (java.base@21.0.6)
4291:             1             24  sun.reflect.annotation.TypeAnnotation$LocationInfo (java.base@21.0.6)
4292:             1             24  sun.reflect.generics.tree.ArrayTypeSignature (java.base@21.0.6)
4293:             1             24  sun.security.jca.ProviderConfig$ProviderLoader (java.base@21.0.6)
4294:             1             24  sun.security.provider.AbstractDrbg$SeederHolder$$Lambda/0x00007fea3c3d8348 (java.base@21.0.6)
4295:             1             24  sun.security.util.DisabledAlgorithmConstraints$Constraints (java.base@21.0.6)
4296:             1             24  sun.util.calendar.Gregorian (java.base@21.0.6)
4297:             1             16  [Lcom.fasterxml.jackson.databind.AbstractTypeResolver;
4298:             1             16  [Lcom.fasterxml.jackson.databind.deser.BeanDeserializerModifier;
4299:             1             16  [Lcom.fasterxml.jackson.databind.ser.BeanSerializerModifier;
4300:             1             16  [Lcom.fasterxml.jackson.databind.util.ClassUtil$Ctor;
4301:             1             16  [Lcom.google.inject.internal.util.StackTraceElements$InMemoryStackTraceElement;
4302:             1             16  [Lcom.google.inject.spi.ProvisionListener;
4303:             1             16  [Lio.grpc.StreamTracer;
4304:             1             16  [Lio.netty.util.DefaultAttributeMap$DefaultAttribute;
4305:             1             16  [Lio.undertow.servlet.core.ManagedListener;
4306:             1             16  [Ljava.io.File; (java.base@21.0.6)
4307:             1             16  [Ljava.lang.Thread; (java.base@21.0.6)
4308:             1             16  [Ljava.lang.management.LockInfo; (java.management@21.0.6)
4309:             1             16  [Ljava.lang.management.MonitorInfo; (java.management@21.0.6)
4310:             1             16  [Ljava.lang.reflect.AnnotatedType; (java.base@21.0.6)
4311:             1             16  [Ljava.nio.file.attribute.FileAttribute; (java.base@21.0.6)
4312:             1             16  [Ljava.security.Provider; (java.base@21.0.6)
4313:             1             16  [Ljava.security.cert.X509Certificate; (java.base@21.0.6)
4314:             1             16  [Ljava.text.FieldPosition; (java.base@21.0.6)
4315:             1             16  [Ljava.time.LocalDateTime; (java.base@21.0.6)
4316:             1             16  [Ljava.time.zone.ZoneOffsetTransitionRule; (java.base@21.0.6)
4317:             1             16  [Ljava.util.logging.Handler; (java.logging@21.0.6)
4318:             1             16  [Ljavax.security.cert.X509Certificate; (java.base@21.0.6)
4319:             1             16  [Lnet.engio.mbassy.listener.Filter;
4320:             1             16  [Lorg.bouncycastle.asn1.ASN1Encodable;
4321:             1             16  [Lorg.bouncycastle.math.ec.ECFieldElement;
4322:             1             16  [Lorg.bouncycastle.math.ec.ECPoint;
4323:             1             16  [Lorg.jboss.threads.EnhancedQueueExecutor$AbstractScheduledFuture;
4324:             1             16  [Lorg.wildfly.common.net.CidrAddressTable$Mapping;
4325:             1             16  [Lsun.reflect.annotation.TypeAnnotation$LocationInfo$Location; (java.base@21.0.6)
4326:             1             16  ch.qos.logback.classic.PatternLayout$$Lambda/0x00007fea3c089ec0
4327:             1             16  ch.qos.logback.classic.PatternLayout$$Lambda/0x00007fea3c08a0d0
4328:             1             16  ch.qos.logback.classic.PatternLayout$$Lambda/0x00007fea3c08a5f0
4329:             1             16  ch.qos.logback.classic.PatternLayout$$Lambda/0x00007fea3c08a800
4330:             1             16  ch.qos.logback.classic.PatternLayout$$Lambda/0x00007fea3c08ad28
4331:             1             16  ch.qos.logback.classic.PatternLayout$$Lambda/0x00007fea3c08af38
4332:             1             16  ch.qos.logback.classic.PatternLayout$$Lambda/0x00007fea3c08b458
4333:             1             16  ch.qos.logback.classic.PatternLayout$$Lambda/0x00007fea3c08b668
4334:             1             16  ch.qos.logback.classic.PatternLayout$$Lambda/0x00007fea3c08b878
4335:             1             16  ch.qos.logback.classic.PatternLayout$$Lambda/0x00007fea3c08bd98
4336:             1             16  ch.qos.logback.classic.PatternLayout$$Lambda/0x00007fea3c08bfa8
4337:             1             16  ch.qos.logback.classic.PatternLayout$$Lambda/0x00007fea3c08ca08
4338:             1             16  ch.qos.logback.classic.PatternLayout$$Lambda/0x00007fea3c08cc18
4339:             1             16  ch.qos.logback.classic.PatternLayout$$Lambda/0x00007fea3c08ce28
4340:             1             16  ch.qos.logback.classic.PatternLayout$$Lambda/0x00007fea3c08d348
4341:             1             16  ch.qos.logback.classic.PatternLayout$$Lambda/0x00007fea3c08d558
4342:             1             16  ch.qos.logback.classic.PatternLayout$$Lambda/0x00007fea3c08d768
4343:             1             16  ch.qos.logback.classic.PatternLayout$$Lambda/0x00007fea3c08dca8
4344:             1             16  ch.qos.logback.classic.PatternLayout$$Lambda/0x00007fea3c08deb8
4345:             1             16  ch.qos.logback.classic.PatternLayout$$Lambda/0x00007fea3c08e3d8
4346:             1             16  ch.qos.logback.classic.PatternLayout$$Lambda/0x00007fea3c08e5e8
4347:             1             16  ch.qos.logback.classic.PatternLayout$$Lambda/0x00007fea3c08eb08
4348:             1             16  ch.qos.logback.classic.PatternLayout$$Lambda/0x00007fea3c08ed18
4349:             1             16  ch.qos.logback.classic.PatternLayout$$Lambda/0x00007fea3c08f238
4350:             1             16  ch.qos.logback.classic.PatternLayout$$Lambda/0x00007fea3c08f448
4351:             1             16  ch.qos.logback.classic.PatternLayout$$Lambda/0x00007fea3c08f970
4352:             1             16  ch.qos.logback.classic.PatternLayout$$Lambda/0x00007fea3c08fb80
4353:             1             16  ch.qos.logback.classic.PatternLayout$$Lambda/0x00007fea3c08fd90
4354:             1             16  ch.qos.logback.classic.PatternLayout$$Lambda/0x00007fea3c090000
4355:             1             16  ch.qos.logback.classic.PatternLayout$$Lambda/0x00007fea3c090898
4356:             1             16  ch.qos.logback.classic.PatternLayout$$Lambda/0x00007fea3c090aa8
4357:             1             16  ch.qos.logback.classic.PatternLayout$$Lambda/0x00007fea3c090cb8
4358:             1             16  ch.qos.logback.classic.PatternLayout$$Lambda/0x00007fea3c090ec8
4359:             1             16  ch.qos.logback.classic.PatternLayout$$Lambda/0x00007fea3c0910d8
4360:             1             16  ch.qos.logback.classic.PatternLayout$$Lambda/0x00007fea3c0912e8
4361:             1             16  ch.qos.logback.classic.PatternLayout$$Lambda/0x00007fea3c091810
4362:             1             16  ch.qos.logback.classic.PatternLayout$$Lambda/0x00007fea3c091a20
4363:             1             16  ch.qos.logback.classic.PatternLayout$$Lambda/0x00007fea3c091f40
4364:             1             16  ch.qos.logback.classic.PatternLayout$$Lambda/0x00007fea3c092150
4365:             1             16  ch.qos.logback.classic.PatternLayout$$Lambda/0x00007fea3c092688
4366:             1             16  ch.qos.logback.classic.PatternLayout$$Lambda/0x00007fea3c092ba8
4367:             1             16  ch.qos.logback.classic.PatternLayout$$Lambda/0x00007fea3c0930c8
4368:             1             16  ch.qos.logback.classic.PatternLayout$$Lambda/0x00007fea3c0935f0
4369:             1             16  ch.qos.logback.classic.PatternLayout$$Lambda/0x00007fea3c093b08
4370:             1             16  ch.qos.logback.classic.PatternLayout$$Lambda/0x00007fea3c094028
4371:             1             16  ch.qos.logback.classic.PatternLayout$$Lambda/0x00007fea3c094888
4372:             1             16  ch.qos.logback.classic.PatternLayout$$Lambda/0x00007fea3c094dc0
4373:             1             16  ch.qos.logback.classic.PatternLayout$$Lambda/0x00007fea3c0952f8
4374:             1             16  ch.qos.logback.classic.PatternLayout$$Lambda/0x00007fea3c095830
4375:             1             16  ch.qos.logback.classic.PatternLayout$$Lambda/0x00007fea3c095d68
4376:             1             16  ch.qos.logback.classic.PatternLayout$$Lambda/0x00007fea3c0962a0
4377:             1             16  ch.qos.logback.classic.PatternLayout$$Lambda/0x00007fea3c0967d8
4378:             1             16  ch.qos.logback.classic.PatternLayout$$Lambda/0x00007fea3c096d10
4379:             1             16  ch.qos.logback.classic.PatternLayout$$Lambda/0x00007fea3c097248
4380:             1             16  ch.qos.logback.classic.PatternLayout$$Lambda/0x00007fea3c097780
4381:             1             16  ch.qos.logback.classic.PatternLayout$$Lambda/0x00007fea3c097cb8
4382:             1             16  ch.qos.logback.classic.PatternLayout$$Lambda/0x00007fea3c098328
4383:             1             16  ch.qos.logback.classic.PatternLayout$$Lambda/0x00007fea3c098860
4384:             1             16  ch.qos.logback.classic.PatternLayout$$Lambda/0x00007fea3c098d98
4385:             1             16  ch.qos.logback.classic.PatternLayout$$Lambda/0x00007fea3c0992d0
4386:             1             16  ch.qos.logback.classic.PatternLayout$$Lambda/0x00007fea3c099808
4387:             1             16  ch.qos.logback.classic.PatternLayout$$Lambda/0x00007fea3c099d48
4388:             1             16  ch.qos.logback.classic.PatternLayout$$Lambda/0x00007fea3c09a268
4389:             1             16  ch.qos.logback.classic.PatternLayout$$Lambda/0x00007fea3c09a788
4390:             1             16  ch.qos.logback.classic.PatternLayout$$Lambda/0x00007fea3c09a998
4391:             1             16  ch.qos.logback.classic.PatternLayout$$Lambda/0x00007fea3c09aed8
4392:             1             16  ch.qos.logback.core.joran.spi.ConsoleTarget$1
4393:             1             16  ch.qos.logback.core.joran.spi.ConsoleTarget$2
4394:             1             16  ch.qos.logback.core.pattern.parser.Parser$$Lambda/0x00007fea3c089470
4395:             1             16  ch.qos.logback.core.pattern.parser.Parser$$Lambda/0x00007fea3c0899a0
4396:             1             16  com.aerospike.client.Value$InfinityValue
4397:             1             16  com.aerospike.client.Value$NullValue
4398:             1             16  com.aerospike.client.Value$WildcardValue
4399:             1             16  com.aerospike.client.policy.InfoPolicy
4400:             1             16  com.aerospike.connect.feature.FeatureKey$Companion
4401:             1             16  com.aerospike.connect.io.FilePathResolver$$FastClassByGuice$$8ae8b
4402:             1             16  com.aerospike.connect.io.FilePathResolver$Companion
4403:             1             16  com.aerospike.connect.logging.AboutConnector
4404:             1             16  com.aerospike.connect.logging.LogFormat$Companion
4405:             1             16  com.aerospike.connect.logging.LogLevelExtensions
4406:             1             16  com.aerospike.connect.logging.LoggingConfig$Companion
4407:             1             16  com.aerospike.connect.logging.inject.LoggingGuiceModule$$FastClassByGuice$$1d37f4
4408:             1             16  com.aerospike.connect.metrics.AerospikeMetricFilter
4409:             1             16  com.aerospike.connect.metrics.AerospikeMetricRegistry$$Lambda/0x00007fea3c892a80
4410:             1             16  com.aerospike.connect.metrics.AerospikeMetricRegistry$$Lambda/0x00007fea3c894968
4411:             1             16  com.aerospike.connect.metrics.AerospikeMetricRegistry$Companion
4412:             1             16  com.aerospike.connect.metrics.ConnectionMetric$$FastClassByGuice$$479eefa
4413:             1             16  com.aerospike.connect.metrics.ErrorRegistry$$FastClassByGuice$$79e3db
4414:             1             16  com.aerospike.connect.metrics.ErrorRegistry$Companion
4415:             1             16  com.aerospike.connect.metrics.ErrorRegistry$Companion$log$1
4416:             1             16  com.aerospike.connect.metrics.GarbageCollectorMetricSet$Companion
4417:             1             16  com.aerospike.connect.metrics.OperatingSystemGaugeSet$Companion
4418:             1             16  com.aerospike.connect.metrics.ThreadStatesGaugeSet$Companion
4419:             1             16  com.aerospike.connect.metrics.Ticker$$FastClassByGuice$$5c37440
4420:             1             16  com.aerospike.connect.metrics.Ticker$Companion
4421:             1             16  com.aerospike.connect.metrics.Ticker$putMetrics$1$1
4422:             1             16  com.aerospike.connect.metrics.Ticker$report$2
4423:             1             16  com.aerospike.connect.metrics.Ticker$report$3$1
4424:             1             16  com.aerospike.connect.metrics.Ticker$reportMetrics$1$1
4425:             1             16  com.aerospike.connect.metrics.TickerPriority$Companion
4426:             1             16  com.aerospike.connect.metrics.inject.MetricsGuiceModule$Companion
4427:             1             16  com.aerospike.connect.metrics.manage.app.ManageApplication$Companion
4428:             1             16  com.aerospike.connect.metrics.manage.app.ManageJacksonFeature
4429:             1             16  com.aerospike.connect.metrics.manage.app.ManageJacksonFeature$Companion
4430:             1             16  com.aerospike.connect.metrics.manage.app.ManageServiceLister
4431:             1             16  com.aerospike.connect.metrics.manage.app.ManageServiceLister$$Lambda/0x00007fea3c605dd8
4432:             1             16  com.aerospike.connect.metrics.manage.app.ManageServiceLister$$Lambda/0x00007fea3c605fe8
4433:             1             16  com.aerospike.connect.metrics.manage.app.ManageServiceLister$$Lambda/0x00007fea3c633bf8
4434:             1             16  com.aerospike.connect.metrics.manage.server.Binding
4435:             1             16  com.aerospike.connect.metrics.manage.server.ManageServer$$FastClassByGuice$$7451fb1
4436:             1             16  com.aerospike.connect.metrics.manage.server.ManageServer$$Lambda/0x00007fea3c607818
4437:             1             16  com.aerospike.connect.metrics.manage.server.ManageServer$$Lambda/0x00007fea3c607c40
4438:             1             16  com.aerospike.connect.metrics.manage.server.ManageServer$Companion
4439:             1             16  com.aerospike.connect.metrics.manage.service.AboutServerWebService$$FastClassByGuice$$7695e76
4440:             1             16  com.aerospike.connect.metrics.manage.service.LoggingWebService$$FastClassByGuice$$796d248
4441:             1             16  com.aerospike.connect.metrics.manage.service.MetricsWebService$$FastClassByGuice$$7535620
4442:             1             16  com.aerospike.connect.metrics.manage.service.PrometheusExports$Companion
4443:             1             16  com.aerospike.connect.metrics.manage.service.PrometheusMetricsWebService$$FastClassByGuice$$78ddfb7
4444:             1             16  com.aerospike.connect.serde.SerdeGuiceModule$Companion
4445:             1             16  com.aerospike.connect.tls.TlsContextLoader$$FastClassByGuice$$cc2449
4446:             1             16  com.aerospike.connect.tls.TlsContextLoader$Companion
4447:             1             16  com.aerospike.connect.tls.inject.TlsGuiceModule$$Lambda/0x00007fea3c33f478
4448:             1             16  com.aerospike.connect.tls.inject.TlsGuiceModule$$Lambda/0x00007fea3c3b2778
4449:             1             16  com.aerospike.connect.tls.inject.TlsGuiceModule$Companion
4450:             1             16  com.aerospike.connect.tls.pem.BouncyCastlePemParser
4451:             1             16  com.aerospike.connect.tls.pem.BouncyCastlePemParser$$Lambda/0x00007fea3c387110
4452:             1             16  com.aerospike.connect.tls.pem.BouncyCastlePemParser$$Lambda/0x00007fea3c3b2568
4453:             1             16  com.aerospike.connect.tls.pem.BouncyCastlePemParser$Companion
4454:             1             16  com.aerospike.connect.tls.reload.SSLContextFactory$$FastClassByGuice$$7319c86
4455:             1             16  com.aerospike.connect.tls.reload.SSLContextFactory$$Lambda/0x00007fea3c607608
4456:             1             16  com.aerospike.connect.tls.reload.SSLContextFactory$Companion
4457:             1             16  com.aerospike.flow.CancellableFlow$$Lambda/0x00007fea3c4da198
4458:             1             16  com.aerospike.flow.CancellableFlow$Companion
4459:             1             16  com.aerospike.flow.CancellableFlow$job$1$1$$Lambda/0x00007fea3c8b17e0
4460:             1             16  com.aerospike.vector.VectorDbMain$$Lambda/0x00007fea3c568000
4461:             1             16  com.aerospike.vector.VectorDbMain$$Lambda/0x00007fea3c568210
4462:             1             16  com.aerospike.vector.VectorDbMain$Companion
4463:             1             16  com.aerospike.vector.VectorDbStatus
4464:             1             16  com.aerospike.vector.auth.InsecureAuthService$$FastClassByGuice$$332391a
4465:             1             16  com.aerospike.vector.auth.NoUserContext
4466:             1             16  com.aerospike.vector.client.proto.AboutRequest$1
4467:             1             16  com.aerospike.vector.client.proto.AboutResponse$1
4468:             1             16  com.aerospike.vector.client.proto.AboutResponse$2
4469:             1             16  com.aerospike.vector.client.proto.AboutServiceGrpc$AboutServiceFileDescriptorSupplier
4470:             1             16  com.aerospike.vector.client.proto.AddUserRequest$1
4471:             1             16  com.aerospike.vector.client.proto.AuthRequest$1
4472:             1             16  com.aerospike.vector.client.proto.AuthResponse$1
4473:             1             16  com.aerospike.vector.client.proto.AuthServiceGrpc$AuthServiceFileDescriptorSupplier
4474:             1             16  com.aerospike.vector.client.proto.Boolean$1
4475:             1             16  com.aerospike.vector.client.proto.ClusterId$1
4476:             1             16  com.aerospike.vector.client.proto.ClusterInfoServiceGrpc$ClusterInfoServiceFileDescriptorSupplier
4477:             1             16  com.aerospike.vector.client.proto.ClusterNodeEndpoints$1
4478:             1             16  com.aerospike.vector.client.proto.ClusterNodeEndpoints$Builder$EndpointsConverter
4479:             1             16  com.aerospike.vector.client.proto.ClusterNodeEndpointsRequest$1
4480:             1             16  com.aerospike.vector.client.proto.ClusteringState$1
4481:             1             16  com.aerospike.vector.client.proto.DeleteRequest$1
4482:             1             16  com.aerospike.vector.client.proto.DropUserRequest$1
4483:             1             16  com.aerospike.vector.client.proto.ExistsRequest$1
4484:             1             16  com.aerospike.vector.client.proto.FloatData$1
4485:             1             16  com.aerospike.vector.client.proto.GcInvalidVerticesRequest$1
4486:             1             16  com.aerospike.vector.client.proto.GetRequest$1
4487:             1             16  com.aerospike.vector.client.proto.GetUserRequest$1
4488:             1             16  com.aerospike.vector.client.proto.GrantRolesRequest$1
4489:             1             16  com.aerospike.vector.client.proto.HnswBatchingParams$1
4490:             1             16  com.aerospike.vector.client.proto.HnswCachingParams$1
4491:             1             16  com.aerospike.vector.client.proto.HnswHealerParams$1
4492:             1             16  com.aerospike.vector.client.proto.HnswIndexMergeParams$1
4493:             1             16  com.aerospike.vector.client.proto.HnswIndexUpdate$1
4494:             1             16  com.aerospike.vector.client.proto.HnswParams$1
4495:             1             16  com.aerospike.vector.client.proto.IndexCreateRequest$1
4496:             1             16  com.aerospike.vector.client.proto.IndexDefinition$1
4497:             1             16  com.aerospike.vector.client.proto.IndexDefinitionList$1
4498:             1             16  com.aerospike.vector.client.proto.IndexDropRequest$1
4499:             1             16  com.aerospike.vector.client.proto.IndexGetRequest$1
4500:             1             16  com.aerospike.vector.client.proto.IndexId$1
4501:             1             16  com.aerospike.vector.client.proto.IndexListRequest$1
4502:             1             16  com.aerospike.vector.client.proto.IndexMode$1
4503:             1             16  com.aerospike.vector.client.proto.IndexServiceGrpc$IndexServiceFileDescriptorSupplier
4504:             1             16  com.aerospike.vector.client.proto.IndexStatusRequest$1
4505:             1             16  com.aerospike.vector.client.proto.IndexStatusResponse$1
4506:             1             16  com.aerospike.vector.client.proto.IndexStorage$1
4507:             1             16  com.aerospike.vector.client.proto.IndexType$1
4508:             1             16  com.aerospike.vector.client.proto.IndexUpdateRequest$1
4509:             1             16  com.aerospike.vector.client.proto.IsIndexedRequest$1
4510:             1             16  com.aerospike.vector.client.proto.ListRolesResponse$1
4511:             1             16  com.aerospike.vector.client.proto.ListUsersResponse$1
4512:             1             16  com.aerospike.vector.client.proto.Neighbor$1
4513:             1             16  com.aerospike.vector.client.proto.NodeId$1
4514:             1             16  com.aerospike.vector.client.proto.NodeRole$1
4515:             1             16  com.aerospike.vector.client.proto.ProjectionFilter$1
4516:             1             16  com.aerospike.vector.client.proto.ProjectionSpec$1
4517:             1             16  com.aerospike.vector.client.proto.ProjectionType$1
4518:             1             16  com.aerospike.vector.client.proto.PutRequest$1
4519:             1             16  com.aerospike.vector.client.proto.Record$1
4520:             1             16  com.aerospike.vector.client.proto.RevokeRolesRequest$1
4521:             1             16  com.aerospike.vector.client.proto.ServerEndpoint$1
4522:             1             16  com.aerospike.vector.client.proto.ServerEndpointList$1
4523:             1             16  com.aerospike.vector.client.proto.StandaloneIndexMetrics$1
4524:             1             16  com.aerospike.vector.client.proto.StandaloneIndexParams$1
4525:             1             16  com.aerospike.vector.client.proto.StandaloneIndexState$1
4526:             1             16  com.aerospike.vector.client.proto.Status$1
4527:             1             16  com.aerospike.vector.client.proto.TransactServiceGrpc$TransactServiceFileDescriptorSupplier
4528:             1             16  com.aerospike.vector.client.proto.UpdateCredentialsRequest$1
4529:             1             16  com.aerospike.vector.client.proto.User$1
4530:             1             16  com.aerospike.vector.client.proto.UserAdminServiceGrpc$UserAdminServiceFileDescriptorSupplier
4531:             1             16  com.aerospike.vector.client.proto.Vector$1
4532:             1             16  com.aerospike.vector.client.proto.VectorDistanceMetric$1
4533:             1             16  com.aerospike.vector.client.proto.VectorSearchRequest$1
4534:             1             16  com.aerospike.vector.client.proto.WriteType$1
4535:             1             16  com.aerospike.vector.clock.SystemClock$Companion
4536:             1             16  com.aerospike.vector.cluster.Cluster$AcceptMessage$1
4537:             1             16  com.aerospike.vector.cluster.Cluster$ClusterEpoch$1
4538:             1             16  com.aerospike.vector.cluster.Cluster$ClusterState$1
4539:             1             16  com.aerospike.vector.cluster.Cluster$ClusterStateAppliedMessage$1
4540:             1             16  com.aerospike.vector.cluster.Cluster$JoinReject$1
4541:             1             16  com.aerospike.vector.cluster.Cluster$JoinRequest$1
4542:             1             16  com.aerospike.vector.cluster.Cluster$LearnMessage$1
4543:             1             16  com.aerospike.vector.cluster.Cluster$MergeMoveMessage$1
4544:             1             16  com.aerospike.vector.cluster.Cluster$PrepareMessage$1
4545:             1             16  com.aerospike.vector.cluster.Cluster$ProposalId$1
4546:             1             16  com.aerospike.vector.cluster.Cluster$ReClusterMessage$1
4547:             1             16  com.aerospike.vector.cluster.ClusterEpoch$Companion
4548:             1             16  com.aerospike.vector.cluster.ClusterId$Companion
4549:             1             16  com.aerospike.vector.cluster.ClusterLimits$$FastClassByGuice$$156bab1
4550:             1             16  com.aerospike.vector.cluster.ClusterLimits$Companion
4551:             1             16  com.aerospike.vector.cluster.ClusterLock
4552:             1             16  com.aerospike.vector.cluster.ClusterLock$$FastClassByGuice$$14279a5
4553:             1             16  com.aerospike.vector.cluster.ClusterMetaMonitor$$FastClassByGuice$$1fc351d
4554:             1             16  com.aerospike.vector.cluster.ClusterMetrics$$FastClassByGuice$$1ebdeed
4555:             1             16  com.aerospike.vector.cluster.ClusterMetrics$$Lambda/0x00007fea3c4d2f20
4556:             1             16  com.aerospike.vector.cluster.ClusterMetrics$$Lambda/0x00007fea3c4d7098
4557:             1             16  com.aerospike.vector.cluster.ClusterMetrics$$Lambda/0x00007fea3c4d72a8
4558:             1             16  com.aerospike.vector.cluster.ClusterMetrics$$Lambda/0x00007fea3c4d74b8
4559:             1             16  com.aerospike.vector.cluster.ClusterMetrics$$Lambda/0x00007fea3c4d76c8
4560:             1             16  com.aerospike.vector.cluster.ClusterMetrics$$Lambda/0x00007fea3c4d9038
4561:             1             16  com.aerospike.vector.cluster.ClusterMetrics$$Lambda/0x00007fea3c4d9798
4562:             1             16  com.aerospike.vector.cluster.ClusterMetrics$Companion
4563:             1             16  com.aerospike.vector.cluster.ClusterMonitor$$FastClassByGuice$$1c65f29
4564:             1             16  com.aerospike.vector.cluster.ClusterMonitor$$Lambda/0x00007fea3c4f7c68
4565:             1             16  com.aerospike.vector.cluster.ClusterMonitor$$Lambda/0x00007fea3c56e420
4566:             1             16  com.aerospike.vector.cluster.ClusterMonitor$$Lambda/0x00007fea3c56ead0
4567:             1             16  com.aerospike.vector.cluster.ClusterMonitor$$Lambda/0x00007fea3c56eec8
4568:             1             16  com.aerospike.vector.cluster.ClusterMonitor$$Lambda/0x00007fea3c7aed88
4569:             1             16  com.aerospike.vector.cluster.ClusterMonitor$$Lambda/0x00007fea3c852738
4570:             1             16  com.aerospike.vector.cluster.ClusterMonitor$$Lambda/0x00007fea3c852948
4571:             1             16  com.aerospike.vector.cluster.ClusterMonitor$$Lambda/0x00007fea3c852b58
4572:             1             16  com.aerospike.vector.cluster.ClusterMonitor$$Lambda/0x00007fea3c852f88
4573:             1             16  com.aerospike.vector.cluster.ClusterMonitor$$Lambda/0x00007fea3c85e000
4574:             1             16  com.aerospike.vector.cluster.ClusterMonitor$$Lambda/0x00007fea3c861978
4575:             1             16  com.aerospike.vector.cluster.ClusterMonitor$$Lambda/0x00007fea3c861b88
4576:             1             16  com.aerospike.vector.cluster.ClusterMonitor$Companion
4577:             1             16  com.aerospike.vector.cluster.ClusterRegister$$FastClassByGuice$$17d7e24
4578:             1             16  com.aerospike.vector.cluster.ClusterRegister$$Lambda/0x00007fea3c4f0000
4579:             1             16  com.aerospike.vector.cluster.ClusterRegister$$Lambda/0x00007fea3c803df0
4580:             1             16  com.aerospike.vector.cluster.ClusterRegister$$Lambda/0x00007fea3c85e640
4581:             1             16  com.aerospike.vector.cluster.ClusterRegister$Companion
4582:             1             16  com.aerospike.vector.cluster.ClusterService$$FastClassByGuice$$1d1cd82
4583:             1             16  com.aerospike.vector.cluster.ClusterServiceGrpc$ClusterServiceFileDescriptorSupplier
4584:             1             16  com.aerospike.vector.cluster.ClusterState$$FastClassByGuice$$1bdbf07
4585:             1             16  com.aerospike.vector.cluster.ClusterState$Companion
4586:             1             16  com.aerospike.vector.cluster.PaxosAcceptor$$FastClassByGuice$$1889d3f
4587:             1             16  com.aerospike.vector.cluster.PaxosAcceptor$$Lambda/0x00007fea3c4f0e38
4588:             1             16  com.aerospike.vector.cluster.PaxosAcceptor$$Lambda/0x00007fea3c7fd328
4589:             1             16  com.aerospike.vector.cluster.PaxosAcceptor$Companion
4590:             1             16  com.aerospike.vector.cluster.PaxosProposer$$FastClassByGuice$$16f4af5
4591:             1             16  com.aerospike.vector.cluster.PaxosProposer$$Lambda/0x00007fea3c4eec98
4592:             1             16  com.aerospike.vector.cluster.PaxosProposer$Companion
4593:             1             16  com.aerospike.vector.cluster.PaxosProposer$learnSendAsync$2$$Lambda/0x00007fea3c802a68
4594:             1             16  com.aerospike.vector.cluster.QuantumIntervalGenerator$$FastClassByGuice$$1a1620a
4595:             1             16  com.aerospike.vector.cluster.QuantumIntervalGenerator$$Lambda/0x00007fea3c4f2de8
4596:             1             16  com.aerospike.vector.cluster.QuantumIntervalGenerator$Companion
4597:             1             16  com.aerospike.vector.cluster.TickGenerator$$FastClassByGuice$$197f59b
4598:             1             16  com.aerospike.vector.config.InterconnectConfig$Companion
4599:             1             16  com.aerospike.vector.config.NodeRoleSet$Companion
4600:             1             16  com.aerospike.vector.config.PortRangeKeyDeserializer
4601:             1             16  com.aerospike.vector.config.ServiceConfig$Companion
4602:             1             16  com.aerospike.vector.distance.CosineVectorDistanceCpu
4603:             1             16  com.aerospike.vector.distance.CosineVectorDistanceCpu$$FastClassByGuice$$38bf79c
4604:             1             16  com.aerospike.vector.distance.DotProductVectorDistanceCpu
4605:             1             16  com.aerospike.vector.distance.DotProductVectorDistanceCpu$$FastClassByGuice$$39061d6
4606:             1             16  com.aerospike.vector.distance.HammingVectorDistanceCpu
4607:             1             16  com.aerospike.vector.distance.HammingVectorDistanceCpu$$FastClassByGuice$$3b1c90f
4608:             1             16  com.aerospike.vector.distance.ManhattanVectorDistanceCpu
4609:             1             16  com.aerospike.vector.distance.ManhattanVectorDistanceCpu$$FastClassByGuice$$3aee3a8
4610:             1             16  com.aerospike.vector.distance.SquaredEuclideanVectorDistanceCpu
4611:             1             16  com.aerospike.vector.distance.SquaredEuclideanVectorDistanceCpu$$FastClassByGuice$$378f7db
4612:             1             16  com.aerospike.vector.distance.VectorDistance$Companion
4613:             1             16  com.aerospike.vector.distance.VectorDistance$Companion$$Lambda/0x00007fea3c5078c0
4614:             1             16  com.aerospike.vector.distance.VectorDistance$Companion$$Lambda/0x00007fea3c507ad0
4615:             1             16  com.aerospike.vector.distance.VectorDistanceServiceCpu$$FastClassByGuice$$3c0cfac
4616:             1             16  com.aerospike.vector.distance.VectorDistanceServiceCpu$$Lambda/0x00007fea3c502218
4617:             1             16  com.aerospike.vector.distance.VectorDistanceServiceCpu$Companion
4618:             1             16  com.aerospike.vector.dns.AsyncDnsResolver$$FastClassByGuice$$d8c24b
4619:             1             16  com.aerospike.vector.embedded.client.inject.VectorDbEmbeddedClientGuiceModule$Companion
4620:             1             16  com.aerospike.vector.embedded.client.store.SingleInstanceClientStore$$FastClassByGuice$$357589f
4621:             1             16  com.aerospike.vector.eventbus.inject.EventBusGuiceModule$$FastClassByGuice$$207361
4622:             1             16  com.aerospike.vector.exchange.Exchange$ExchangeCommit$1
4623:             1             16  com.aerospike.vector.exchange.Exchange$ExchangePayload$1
4624:             1             16  com.aerospike.vector.exchange.Exchange$ExchangePayload$2
4625:             1             16  com.aerospike.vector.exchange.Exchange$ExchangePayload$Builder$AdvertisedListenersConverter
4626:             1             16  com.aerospike.vector.exchange.Exchange$ExchangeReadyToCommit$1
4627:             1             16  com.aerospike.vector.exchange.ExchangeClusterStateService$$FastClassByGuice$$208cd16
4628:             1             16  com.aerospike.vector.exchange.ExchangeClusterStateService$$Lambda/0x00007fea3c4a9330
4629:             1             16  com.aerospike.vector.exchange.ExchangeClusterStateService$Companion
4630:             1             16  com.aerospike.vector.exchange.ExchangeLimits$$FastClassByGuice$$6b8dc61
4631:             1             16  com.aerospike.vector.exchange.ExchangeLimits$Companion
4632:             1             16  com.aerospike.vector.exchange.ExchangeService$$FastClassByGuice$$6cf689e
4633:             1             16  com.aerospike.vector.exchange.ExchangeService$$Lambda/0x00007fea3c5efde8
4634:             1             16  com.aerospike.vector.exchange.ExchangeService$$Lambda/0x00007fea3c807618
4635:             1             16  com.aerospike.vector.exchange.ExchangeService$$Lambda/0x00007fea3c80fc20
4636:             1             16  com.aerospike.vector.exchange.ExchangeService$$Lambda/0x00007fea3c811c98
4637:             1             16  com.aerospike.vector.exchange.ExchangeService$$Lambda/0x00007fea3c85f7a0
4638:             1             16  com.aerospike.vector.exchange.ExchangeService$Companion
4639:             1             16  com.aerospike.vector.exchange.ExchangeServiceGrpc$ExchangeServiceFileDescriptorSupplier
4640:             1             16  com.aerospike.vector.heartbeat.AdjacencyMonitor$$FastClassByGuice$$10f7085
4641:             1             16  com.aerospike.vector.heartbeat.AdjacencyMonitor$$Lambda/0x00007fea3c4d99a8
4642:             1             16  com.aerospike.vector.heartbeat.AdjacencyMonitor$Companion
4643:             1             16  com.aerospike.vector.heartbeat.AdjacentNode$Companion
4644:             1             16  com.aerospike.vector.heartbeat.DiscoveryRegister$$FastClassByGuice$$11957bf
4645:             1             16  com.aerospike.vector.heartbeat.DiscoveryRegister$$Lambda/0x00007fea3c4e0420
4646:             1             16  com.aerospike.vector.heartbeat.DiscoveryRegister$$Lambda/0x00007fea3c5dea88
4647:             1             16  com.aerospike.vector.heartbeat.DiscoveryRegister$$Lambda/0x00007fea3c8570d8
4648:             1             16  com.aerospike.vector.heartbeat.DiscoveryRegister$Companion
4649:             1             16  com.aerospike.vector.heartbeat.Heartbeat$ClusterPayload$1
4650:             1             16  com.aerospike.vector.heartbeat.Heartbeat$EndpointsQuery$1
4651:             1             16  com.aerospike.vector.heartbeat.Heartbeat$EndpointsResponse$1
4652:             1             16  com.aerospike.vector.heartbeat.Heartbeat$EndpointsResponse$Builder$ResponseConverter
4653:             1             16  com.aerospike.vector.heartbeat.Heartbeat$HeartbeatMessage$1
4654:             1             16  com.aerospike.vector.heartbeat.Heartbeat$SocketEndpoint$1
4655:             1             16  com.aerospike.vector.heartbeat.Heartbeat$SocketEndpointList$1
4656:             1             16  com.aerospike.vector.heartbeat.HeartbeatService$$FastClassByGuice$$1350b0a
4657:             1             16  com.aerospike.vector.heartbeat.HeartbeatServiceGrpc$HeartbeatServiceFileDescriptorSupplier
4658:             1             16  com.aerospike.vector.heartbeat.HeartbeatTransmitter$$FastClassByGuice$$120a50d
4659:             1             16  com.aerospike.vector.heartbeat.HeartbeatTransmitter$$Lambda/0x00007fea3c4e1f58
4660:             1             16  com.aerospike.vector.heartbeat.HeartbeatTransmitter$Companion
4661:             1             16  com.aerospike.vector.heartbeat.NetworkClique$$Lambda/0x00007fea3c4ed208
4662:             1             16  com.aerospike.vector.heartbeat.NetworkClique$$Lambda/0x00007fea3c56f360
4663:             1             16  com.aerospike.vector.heartbeat.NetworkClique$Companion
4664:             1             16  com.aerospike.vector.heartbeat.SocketEndpointKt$Dsl$Companion
4665:             1             16  com.aerospike.vector.hlc.HlcClock$$FastClassByGuice$$a42e4b
4666:             1             16  com.aerospike.vector.hlc.HlcClock$Companion
4667:             1             16  com.aerospike.vector.hlc.HlcTimestamp$Companion
4668:             1             16  com.aerospike.vector.index.BatchBucketStore$$FastClassByGuice$$2465eb2
4669:             1             16  com.aerospike.vector.index.BatchBucketStore$$Lambda/0x00007fea3c503060
4670:             1             16  com.aerospike.vector.index.BatchBucketStore$Companion
4671:             1             16  com.aerospike.vector.index.BatchIndexMergeProxyRequest$1
4672:             1             16  com.aerospike.vector.index.BatchIndexMergeRequest$1
4673:             1             16  com.aerospike.vector.index.BatchIndexMetadata$Companion
4674:             1             16  com.aerospike.vector.index.BatchIndexStatusResponse$1
4675:             1             16  com.aerospike.vector.index.CacheServiceGrpc$CacheServiceFileDescriptorSupplier
4676:             1             16  com.aerospike.vector.index.CentroidMap$1
4677:             1             16  com.aerospike.vector.index.CentroidMapEntry$1
4678:             1             16  com.aerospike.vector.index.DeleteProxyRequest$1
4679:             1             16  com.aerospike.vector.index.DeleteProxyResponse$1
4680:             1             16  com.aerospike.vector.index.EvictCachedVerticesRequest$1
4681:             1             16  com.aerospike.vector.index.ExistsProxyRequest$1
4682:             1             16  com.aerospike.vector.index.ExistsProxyResponse$1
4683:             1             16  com.aerospike.vector.index.GetProxyRequest$1
4684:             1             16  com.aerospike.vector.index.GetProxyResponse$1
4685:             1             16  com.aerospike.vector.index.HealCycleCompleteRequest$1
4686:             1             16  com.aerospike.vector.index.HealCycleFinalizationRequest$1
4687:             1             16  com.aerospike.vector.index.HealCycleStartRequest$1
4688:             1             16  com.aerospike.vector.index.IndexCacheCentroidRequest$1
4689:             1             16  com.aerospike.vector.index.IndexCatalog$$Lambda/0x00007fea3c556e70
4690:             1             16  com.aerospike.vector.index.IndexCatalog$Companion
4691:             1             16  com.aerospike.vector.index.IndexCleaner$$FastClassByGuice$$2dd71c7
4692:             1             16  com.aerospike.vector.index.IndexCleaner$$Lambda/0x00007fea3c563d10
4693:             1             16  com.aerospike.vector.index.IndexCleaner$Companion
4694:             1             16  com.aerospike.vector.index.IndexCreateOperation$1
4695:             1             16  com.aerospike.vector.index.IndexLog$$Lambda/0x00007fea3c503658
4696:             1             16  com.aerospike.vector.index.IndexLog$Companion
4697:             1             16  com.aerospike.vector.index.IndexLog$Companion$$Lambda/0x00007fea3c7527d0
4698:             1             16  com.aerospike.vector.index.IndexLog$Companion$$Lambda/0x00007fea3c7529e0
4699:             1             16  com.aerospike.vector.index.IndexLog$Companion$$Lambda/0x00007fea3c880690
4700:             1             16  com.aerospike.vector.index.IndexLogEntry$1
4701:             1             16  com.aerospike.vector.index.IndexLogEntryList$1
4702:             1             16  com.aerospike.vector.index.IndexLogEntryListKt$Dsl$Companion
4703:             1             16  com.aerospike.vector.index.IndexMetrics$1
4704:             1             16  com.aerospike.vector.index.IndexMetricsResponse$1
4705:             1             16  com.aerospike.vector.index.IndexRequest$1
4706:             1             16  com.aerospike.vector.index.IndexService$$FastClassByGuice$$2ad4f05
4707:             1             16  com.aerospike.vector.index.IndexService$$Lambda/0x00007fea3c55a100
4708:             1             16  com.aerospike.vector.index.IndexService$Companion
4709:             1             16  com.aerospike.vector.index.IndexServiceInternalGrpc$IndexServiceInternalFileDescriptorSupplier
4710:             1             16  com.aerospike.vector.index.IndexUpdateOperation$1
4711:             1             16  com.aerospike.vector.index.Indexer$$FastClassByGuice$$27bed9d
4712:             1             16  com.aerospike.vector.index.Indexer$$Lambda/0x00007fea3c557338
4713:             1             16  com.aerospike.vector.index.Indexer$Companion
4714:             1             16  com.aerospike.vector.index.InternalIndexId$1
4715:             1             16  com.aerospike.vector.index.IsIndexedProxyRequest$1
4716:             1             16  com.aerospike.vector.index.IsIndexedProxyResponse$1
4717:             1             16  com.aerospike.vector.index.MarkCachedVerticesInvalidRequest$1
4718:             1             16  com.aerospike.vector.index.NodeBatchIndexMergeComplete$1
4719:             1             16  com.aerospike.vector.index.NodeCacheStatus$1
4720:             1             16  com.aerospike.vector.index.PutProxyRequest$1
4721:             1             16  com.aerospike.vector.index.PutProxyResponse$1
4722:             1             16  com.aerospike.vector.index.QueueSize$Companion
4723:             1             16  com.aerospike.vector.index.ReindexEnqueuer$$FastClassByGuice$$5aea1db
4724:             1             16  com.aerospike.vector.index.RequestPerformanceMetrics$1
4725:             1             16  com.aerospike.vector.index.StandaloneIndexBuildAbortRequest$1
4726:             1             16  com.aerospike.vector.index.StandaloneIndexBuildAbortResponse$1
4727:             1             16  com.aerospike.vector.index.StandaloneIndexBuildCompletedRequest$1
4728:             1             16  com.aerospike.vector.index.StandaloneIndexBuildCompletedResponse$1
4729:             1             16  com.aerospike.vector.index.StandaloneIndexBuildStartRequest$1
4730:             1             16  com.aerospike.vector.index.StandaloneIndexBuildStartResponse$1
4731:             1             16  com.aerospike.vector.index.StandaloneIndexCoordinator$$FastClassByGuice$$31d34c0
4732:             1             16  com.aerospike.vector.index.StandaloneIndexCoordinator$$Lambda/0x00007fea3c558b88
4733:             1             16  com.aerospike.vector.index.StandaloneIndexCoordinator$Companion
4734:             1             16  com.aerospike.vector.index.StandaloneIndexMetricsRequest$1
4735:             1             16  com.aerospike.vector.index.StandaloneIndexWorker$$FastClassByGuice$$2916219
4736:             1             16  com.aerospike.vector.index.StandaloneIndexWorker$$Lambda/0x00007fea3c5586c0
4737:             1             16  com.aerospike.vector.index.StandaloneIndexWorker$Companion
4738:             1             16  com.aerospike.vector.index.TransactServiceInternalGrpc$TransactServiceInternalFileDescriptorSupplier
4739:             1             16  com.aerospike.vector.index.VectorSearchProxyRequest$1
4740:             1             16  com.aerospike.vector.index.VectorSearchProxyResponse$1
4741:             1             16  com.aerospike.vector.index.cache.IndexCacheCoordinator$$FastClassByGuice$$22ce313
4742:             1             16  com.aerospike.vector.index.cache.IndexCacheCoordinator$$Lambda/0x00007fea3c55e9e8
4743:             1             16  com.aerospike.vector.index.cache.IndexCacheCoordinator$Companion
4744:             1             16  com.aerospike.vector.index.cache.LoadBalancedCacheFriendlyNodeSelector$$Lambda/0x00007fea3c55ad28
4745:             1             16  com.aerospike.vector.index.cache.LoadBalancedCacheFriendlyNodeSelector$Companion
4746:             1             16  com.aerospike.vector.index.config.CacheConfig$Companion
4747:             1             16  com.aerospike.vector.index.config.HealerConfig$Companion
4748:             1             16  com.aerospike.vector.index.healer.coordinator.IndexHealerCoordinator$$FastClassByGuice$$2ec8968
4749:             1             16  com.aerospike.vector.index.healer.coordinator.IndexHealerCoordinator$$Lambda/0x00007fea3c5674b0
4750:             1             16  com.aerospike.vector.index.healer.coordinator.IndexHealerCoordinator$Companion
4751:             1             16  com.aerospike.vector.index.healer.coordinator.job.IndexHealerCoordinatorJob$$FastClassByGuice$$52da44f
4752:             1             16  com.aerospike.vector.index.healer.worker.CurrentBatchIds$$FastClassByGuice$$54e913c
4753:             1             16  com.aerospike.vector.index.healer.worker.IndexHealerWorker$$FastClassByGuice$$2fd3a63
4754:             1             16  com.aerospike.vector.index.healer.worker.IndexHealerWorker$$Lambda/0x00007fea3c567d90
4755:             1             16  com.aerospike.vector.index.healer.worker.IndexHealerWorker$$Lambda/0x00007fea3c817648
4756:             1             16  com.aerospike.vector.index.healer.worker.IndexHealerWorker$Companion
4757:             1             16  com.aerospike.vector.index.healer.worker.VectorRecordScanProcessor$$FastClassByGuice$$558b543
4758:             1             16  com.aerospike.vector.index.healer.worker.VertexRecordScanProcessor$$FastClassByGuice$$5355b7e
4759:             1             16  com.aerospike.vector.index.healer.worker.job.IndexHealerWorkerAckJob$$FastClassByGuice$$57c3520
4760:             1             16  com.aerospike.vector.index.healer.worker.job.IndexHealerWorkerCycleFinalizationJob$$FastClassByGuice$$564cb0c
4761:             1             16  com.aerospike.vector.index.healer.worker.job.IndexHealerWorkerJob$$FastClassByGuice$$51468f0
4762:             1             16  com.aerospike.vector.index.healer.worker.job.IndexHealerWorkerMarkerJob$$FastClassByGuice$$58aa40b
4763:             1             16  com.aerospike.vector.index.healer.worker.job.IndexHealerWorkerScanJobs$$FastClassByGuice$$593e3ee
4764:             1             16  com.aerospike.vector.index.hnsw.GraphVertexStorageAdaptor$$FastClassByGuice$$237928a
4765:             1             16  com.aerospike.vector.index.hnsw.GraphVertexStorageAdaptor$Companion
4766:             1             16  com.aerospike.vector.index.hnsw.store.CachedHnswGraphStore$$FastClassByGuice$$4fc22ce
4767:             1             16  com.aerospike.vector.index.hnsw.store.InMemoryGraphStore$$FastClassByGuice$$4d7d449
4768:             1             16  com.aerospike.vector.index.hnsw.store.MemMapGraphStore$$FastClassByGuice$$5006260
4769:             1             16  com.aerospike.vector.index.hnsw.store.PersistentHnswGraphStore$$FastClassByGuice$$4ef6c5a
4770:             1             16  com.aerospike.vector.index.inject.IndexGuiceModule$$FastClassByGuice$$445821
4771:             1             16  com.aerospike.vector.index.inject.IndexGuiceModule$$Lambda/0x00007fea3c3bbc28
4772:             1             16  com.aerospike.vector.index.inject.IndexGuiceModule$Companion
4773:             1             16  com.aerospike.vector.index.merge.BatchJobLauncher$$FastClassByGuice$$490e381
4774:             1             16  com.aerospike.vector.index.merge.coordinator.CoordinatorBatchCleanJob$$FastClassByGuice$$4b5d194
4775:             1             16  com.aerospike.vector.index.merge.coordinator.CoordinatorBatchCopyJob$$FastClassByGuice$$489aac4
4776:             1             16  com.aerospike.vector.index.merge.coordinator.CoordinatorBatchMergeJob$$FastClassByGuice$$4abc391
4777:             1             16  com.aerospike.vector.index.merge.coordinator.IndexMergeCoordinator$$FastClassByGuice$$2bab3f2
4778:             1             16  com.aerospike.vector.index.merge.coordinator.IndexMergeCoordinator$$Lambda/0x00007fea3c55f5e0
4779:             1             16  com.aerospike.vector.index.merge.coordinator.IndexMergeCoordinator$Companion
4780:             1             16  com.aerospike.vector.index.merge.coordinator.IndexMergeCoordinator$fetchPendingBatchesMetadata$$inlined$sortBy$1
4781:             1             16  com.aerospike.vector.index.merge.worker.IndexMergeWorker$$FastClassByGuice$$2c1e25c
4782:             1             16  com.aerospike.vector.index.merge.worker.IndexMergeWorker$$Lambda/0x00007fea3c562e80
4783:             1             16  com.aerospike.vector.index.merge.worker.IndexMergeWorker$$Lambda/0x00007fea3c567938
4784:             1             16  com.aerospike.vector.index.merge.worker.IndexMergeWorker$Companion
4785:             1             16  com.aerospike.vector.index.merge.worker.WorkerBatchMergeJob$$FastClassByGuice$$4c80a97
4786:             1             16  com.aerospike.vector.index.metrics.CacheMetricRefresher$$FastClassByGuice$$3023038
4787:             1             16  com.aerospike.vector.index.metrics.CacheMetricRefresher$$Lambda/0x00007fea3c565788
4788:             1             16  com.aerospike.vector.index.metrics.CacheMetricRefresher$Companion
4789:             1             16  com.aerospike.vector.index.metrics.CacheMetrics$$Lambda/0x00007fea3c892870
4790:             1             16  com.aerospike.vector.index.metrics.ClusterIndexMetricsCollector$$FastClassByGuice$$3612b3e
4791:             1             16  com.aerospike.vector.index.metrics.IndexMetricsTracker$$FastClassByGuice$$21a0bea
4792:             1             16  com.aerospike.vector.index.metrics.IndexMetricsTracker$$Lambda/0x00007fea3c557cb8
4793:             1             16  com.aerospike.vector.index.metrics.IndexMetricsTracker$Companion
4794:             1             16  com.aerospike.vector.index.metrics.IndexMetricsTracker$refreshClusterMetricsFlow$1$$Lambda/0x00007fea3c8198d0
4795:             1             16  com.aerospike.vector.index.metrics.NodeFitnessCalculator
4796:             1             16  com.aerospike.vector.index.metrics.NodeFitnessCalculator$$Lambda/0x00007fea3c5581f8
4797:             1             16  com.aerospike.vector.index.metrics.NodeFitnessCalculator$$Lambda/0x00007fea3c8a4808
4798:             1             16  com.aerospike.vector.index.metrics.NodeFitnessCalculator$$Lambda/0x00007fea3c8a4e48
4799:             1             16  com.aerospike.vector.index.metrics.NodeFitnessCalculator$$Lambda/0x00007fea3c8a5290
4800:             1             16  com.aerospike.vector.index.metrics.NodeFitnessCalculator$$Lambda/0x00007fea3c8a56d8
4801:             1             16  com.aerospike.vector.index.metrics.NodeFitnessCalculator$$Lambda/0x00007fea3c8a5b20
4802:             1             16  com.aerospike.vector.index.metrics.NodeFitnessCalculator$$Lambda/0x00007fea3c8a5f68
4803:             1             16  com.aerospike.vector.index.metrics.NodeFitnessCalculator$$Lambda/0x00007fea3c8a65a8
4804:             1             16  com.aerospike.vector.index.metrics.NodeFitnessCalculator$$Lambda/0x00007fea3c8a69f0
4805:             1             16  com.aerospike.vector.index.metrics.NodeFitnessCalculator$Companion
4806:             1             16  com.aerospike.vector.index.metrics.PerIndexMetrics$$Lambda/0x00007fea3c885350
4807:             1             16  com.aerospike.vector.index.metrics.PerIndexMetrics$$Lambda/0x00007fea3c88bb90
4808:             1             16  com.aerospike.vector.index.metrics.PerIndexMetrics$$Lambda/0x00007fea3c897ab8
4809:             1             16  com.aerospike.vector.index.metrics.PerIndexMetrics$$Lambda/0x00007fea3c897cc8
4810:             1             16  com.aerospike.vector.index.metrics.PerIndexMetrics$$Lambda/0x00007fea3c8a13c8
4811:             1             16  com.aerospike.vector.index.metrics.PerIndexMetrics$$Lambda/0x00007fea3c8a15d8
4812:             1             16  com.aerospike.vector.index.metrics.PerIndexMetrics$$Lambda/0x00007fea3c8a2d80
4813:             1             16  com.aerospike.vector.index.metrics.PerIndexMetrics$$Lambda/0x00007fea3c8a2f90
4814:             1             16  com.aerospike.vector.index.metrics.PerIndexMetrics$Companion
4815:             1             16  com.aerospike.vector.index.metrics.PerIndexMetrics$Companion$$Lambda/0x00007fea3c8a3f10
4816:             1             16  com.aerospike.vector.index.metrics.UpdateCacheSize
4817:             1             16  com.aerospike.vector.index.scan.Scanner$$FastClassByGuice$$5b9eed7
4818:             1             16  com.aerospike.vector.inject.VectorDbGuiceModule$$Lambda/0x00007fea3c4acfe0
4819:             1             16  com.aerospike.vector.inject.VectorDbGuiceModule$Companion
4820:             1             16  com.aerospike.vector.interconnect.BearerTokenCallCredentials$Companion
4821:             1             16  com.aerospike.vector.interconnect.BlockingInterconnectListener$$Lambda/0x00007fea3c861570
4822:             1             16  com.aerospike.vector.interconnect.InterconnectChannelProvider$$FastClassByGuice$$e29467
4823:             1             16  com.aerospike.vector.interconnect.InterconnectChannelProvider$$Lambda/0x00007fea3c4cb1d8
4824:             1             16  com.aerospike.vector.interconnect.InterconnectChannelProvider$Companion
4825:             1             16  com.aerospike.vector.interconnect.InterconnectChannelProvider$MultiAddressNameResolverFactory$$Lambda/0x00007fea3c4d6410
4826:             1             16  com.aerospike.vector.interconnect.InterconnectChannelProvider$createChannelsAsync$1$$Lambda/0x00007fea3c4d2a70
4827:             1             16  com.aerospike.vector.interconnect.InterconnectChannelProvider$createChannelsAsync$1$$Lambda/0x00007fea3c4d37b8
4828:             1             16  com.aerospike.vector.interconnect.InterconnectDirectory$$FastClassByGuice$$b691e1
4829:             1             16  com.aerospike.vector.interconnect.InterconnectDirectory$$Lambda/0x00007fea3c4ad1f0
4830:             1             16  com.aerospike.vector.interconnect.InterconnectDirectory$Companion
4831:             1             16  com.aerospike.vector.interconnect.InterconnectService$$FastClassByGuice$$f51b3a
4832:             1             16  com.aerospike.vector.interconnect.InterconnectService$$Lambda/0x00007fea3c4d2860
4833:             1             16  com.aerospike.vector.interconnect.InterconnectService$Companion
4834:             1             16  com.aerospike.vector.metrics.VectorMetrics$$FastClassByGuice$$66dca15
4835:             1             16  com.aerospike.vector.metrics.VectorMetrics$Companion
4836:             1             16  com.aerospike.vector.metrics.manage.service.IndexWebService$$FastClassByGuice$$77facb0
4837:             1             16  com.aerospike.vector.network.NetworkUtil
4838:             1             16  com.aerospike.vector.network.NetworkUtil$$Lambda/0x00007fea3c4acbb8
4839:             1             16  com.aerospike.vector.node.NodeId$Companion
4840:             1             16  com.aerospike.vector.partitions.PartitionAssigner
4841:             1             16  com.aerospike.vector.partitions.PartitionAssigner$$FastClassByGuice$$813ef2
4842:             1             16  com.aerospike.vector.partitions.PartitionAssigner$Companion
4843:             1             16  com.aerospike.vector.partitions.PartitionService$$FastClassByGuice$$912556
4844:             1             16  com.aerospike.vector.partitions.PartitionService$$Lambda/0x00007fea3c4ac7b0
4845:             1             16  com.aerospike.vector.partitions.PartitionService$Companion
4846:             1             16  com.aerospike.vector.security.inject.GrpcSecurityGuiceModule$Companion
4847:             1             16  com.aerospike.vector.serde.SerdeModuleRegistry
4848:             1             16  com.aerospike.vector.server.grpc.GrpcInterconnectServer$$Lambda/0x00007fea3c6052f0
4849:             1             16  com.aerospike.vector.server.grpc.GrpcInterconnectServer$Companion
4850:             1             16  com.aerospike.vector.server.grpc.GrpcNettySslContextFactory$$FastClassByGuice$$65816b3
4851:             1             16  com.aerospike.vector.server.grpc.GrpcNettySslContextFactory$$Lambda/0x00007fea3c5ae088
4852:             1             16  com.aerospike.vector.server.grpc.GrpcNettySslContextFactory$Companion
4853:             1             16  com.aerospike.vector.server.grpc.GrpcVectorDbServer$$Lambda/0x00007fea3c5cdfa0
4854:             1             16  com.aerospike.vector.server.grpc.GrpcVectorDbServer$Companion
4855:             1             16  com.aerospike.vector.server.grpc.StaticGrpcNettySslContextFactory$$Lambda/0x00007fea3c5ae490
4856:             1             16  com.aerospike.vector.server.grpc.StaticGrpcNettySslContextFactory$Companion
4857:             1             16  com.aerospike.vector.server.grpc.server.interceptor.Constants
4858:             1             16  com.aerospike.vector.server.grpc.server.interceptor.InsecureAuthorizationServerInterceptor
4859:             1             16  com.aerospike.vector.server.grpc.server.interceptor.InsecureAuthorizationServerInterceptor$$FastClassByGuice$$3449058
4860:             1             16  com.aerospike.vector.server.grpc.server.interceptor.InterconnectAuthorizationServerInterceptor$$FastClassByGuice$$7164641
4861:             1             16  com.aerospike.vector.server.grpc.server.interceptor.InterconnectAuthorizationServerInterceptor$Companion
4862:             1             16  com.aerospike.vector.server.grpc.service.GrpcAboutService$$FastClassByGuice$$602e983
4863:             1             16  com.aerospike.vector.server.grpc.service.GrpcAuthService$$FastClassByGuice$$5eb3733
4864:             1             16  com.aerospike.vector.server.grpc.service.GrpcAuthService$Companion
4865:             1             16  com.aerospike.vector.server.grpc.service.GrpcClusterInfoService$$FastClassByGuice$$64308cc
4866:             1             16  com.aerospike.vector.server.grpc.service.GrpcIndexService$$FastClassByGuice$$61f9bde
4867:             1             16  com.aerospike.vector.server.grpc.service.GrpcUserAdminService$$FastClassByGuice$$5f8c13c
4868:             1             16  com.aerospike.vector.server.grpc.service.internal.GrpcCacheServiceInternal$$FastClassByGuice$$70ab672
4869:             1             16  com.aerospike.vector.server.grpc.service.internal.GrpcClusterService$$FastClassByGuice$$6a19337
4870:             1             16  com.aerospike.vector.server.grpc.service.internal.GrpcExchangeService$$FastClassByGuice$$6d469ca
4871:             1             16  com.aerospike.vector.server.grpc.service.internal.GrpcHeartbeatService$$FastClassByGuice$$69dab6d
4872:             1             16  com.aerospike.vector.server.grpc.service.internal.GrpcIndexServiceInternal$$FastClassByGuice$$6e98f7a
4873:             1             16  com.aerospike.vector.server.grpc.service.internal.ServiceScopeLauncher$$FastClassByGuice$$68008d1
4874:             1             16  com.aerospike.vector.server.security.AuthTokenManager$$FastClassByGuice$$5de6d07
4875:             1             16  com.aerospike.vector.storage.AerospikeStorageFactory$$FastClassByGuice$$45fafd1
4876:             1             16  com.aerospike.vector.storage.AerospikeStorageKvs$$FastClassByGuice$$3f05f2c
4877:             1             16  com.aerospike.vector.storage.AerospikeStorageKvs$Companion
4878:             1             16  com.aerospike.vector.storage.AerospikeStorageRecordGrpcConverter
4879:             1             16  com.aerospike.vector.storage.AerospikeStorageRecordGrpcConverter$$FastClassByGuice$$41fde05
4880:             1             16  com.aerospike.vector.storage.AerospikeStorageRecordIdLocalizer
4881:             1             16  com.aerospike.vector.storage.AerospikeStorageRecordIdLocalizer$$FastClassByGuice$$4248e10
4882:             1             16  com.aerospike.vector.storage.AerospikeStorageRecordIdSerde
4883:             1             16  com.aerospike.vector.storage.AerospikeStorageRecordIdSerde$$FastClassByGuice$$40323a0
4884:             1             16  com.aerospike.vector.storage.AsyncRecordListener$$Lambda/0x00007fea3c50cbc0
4885:             1             16  com.aerospike.vector.storage.AsyncRecordListener$Companion
4886:             1             16  com.aerospike.vector.storage.StorageOptions$Companion
4887:             1             16  com.aerospike.vector.storage.StorageType$Companion
4888:             1             16  com.aerospike.vector.storage.cluster.AerospikeClusterMetaStore$$FastClassByGuice$$3d8b900
4889:             1             16  com.aerospike.vector.storage.cluster.AerospikeClusterMetaStore$Companion
4890:             1             16  com.aerospike.vector.storage.cluster.AerospikeClusterMetaStore$getHlcClockGeneric$2$$Lambda/0x00007fea3c7adcc0
4891:             1             16  com.aerospike.vector.storage.index.AerospikeIndexMetaStore$$FastClassByGuice$$3e9f1b7
4892:             1             16  com.aerospike.vector.storage.index.AerospikeIndexMetaStore$Companion
4893:             1             16  com.aerospike.vector.storage.index.AerospikeIndexMetaStore$getIndexLogGeneric$2$$Lambda/0x00007fea3c50d038
4894:             1             16  com.aerospike.vector.storage.index.AerospikeStorageIndexCleaner$$FastClassByGuice$$439e968
4895:             1             16  com.aerospike.vector.storage.index.AerospikeStorageIndexCleaner$$Lambda/0x00007fea3c502820
4896:             1             16  com.aerospike.vector.storage.index.AerospikeStorageIndexCleaner$Companion
4897:             1             16  com.aerospike.vector.storage.index.AerospikeStorageVerticesCleaner$$FastClassByGuice$$44c9bb7
4898:             1             16  com.aerospike.vector.storage.index.AerospikeStorageVerticesCleaner$$Lambda/0x00007fea3c502c30
4899:             1             16  com.aerospike.vector.storage.index.AerospikeStorageVerticesCleaner$Companion
4900:             1             16  com.aerospike.vector.storage.inject.AerospikeStorageGuiceModule$$FastClassByGuice$$588110
4901:             1             16  com.aerospike.vector.storage.inject.AerospikeStorageGuiceModule$Companion
4902:             1             16  com.aerospike.vector.transact.KvsTransactService$$FastClassByGuice$$329f025
4903:             1             16  com.aerospike.vector.transact.KvsTransactService$$Lambda/0x00007fea3c564c00
4904:             1             16  com.aerospike.vector.transact.KvsTransactService$Companion
4905:             1             16  com.aerospike.vector.transact.inject.TransactGuiceModule$Companion
4906:             1             16  com.aerospike.vector.transact.metrics.TransactionMetrics$$FastClassByGuice$$627b749
4907:             1             16  com.aerospike.vector.transact.metrics.TransactionMetrics$Companion
4908:             1             16  com.codahale.metrics.Clock$UserTimeClock
4909:             1             16  com.codahale.metrics.MetricFilter$$Lambda/0x00007fea3c4d6858
4910:             1             16  com.codahale.metrics.WeightedSnapshot$$Lambda/0x00007fea3c898000
4911:             1             16  com.cronutils.model.field.definition.FieldDefinition$$Lambda/0x00007fea3c320828
4912:             1             16  com.cronutils.model.field.expression.Always
4913:             1             16  com.cronutils.model.field.expression.QuestionMark
4914:             1             16  com.cronutils.model.time.SingleExecutionTime$$Lambda/0x00007fea3c326f78
4915:             1             16  com.cronutils.model.time.SingleExecutionTime$$Lambda/0x00007fea3c3273b0
4916:             1             16  com.cronutils.parser.CronParser$$Lambda/0x00007fea3c322c10
4917:             1             16  com.cronutils.parser.CronParserField$$Lambda/0x00007fea3c3214d8
4918:             1             16  com.fasterxml.jackson.core.StreamWriteConstraints
4919:             1             16  com.fasterxml.jackson.core.io.JsonStringEncoder
4920:             1             16  com.fasterxml.jackson.core.util.DefaultPrettyPrinter$FixedSpaceIndenter
4921:             1             16  com.fasterxml.jackson.core.util.DefaultPrettyPrinter$NopIndenter
4922:             1             16  com.fasterxml.jackson.core.util.JsonRecyclerPools$ThreadLocalPool
4923:             1             16  com.fasterxml.jackson.databind.deser.std.StdKeyDeserializers
4924:             1             16  com.fasterxml.jackson.databind.introspect.AnnotationCollector$NoAnnotations
4925:             1             16  com.fasterxml.jackson.databind.introspect.NopAnnotationIntrospector$1
4926:             1             16  com.fasterxml.jackson.databind.jsontype.impl.LaissezFaireSubTypeValidator
4927:             1             16  com.fasterxml.jackson.databind.node.JsonNodeFactory
4928:             1             16  com.fasterxml.jackson.dataformat.yaml.util.StringQuotingChecker$Default
4929:             1             16  com.fasterxml.jackson.module.kotlin.BucketGenerator$Companion
4930:             1             16  com.fasterxml.jackson.module.kotlin.InternalCommonsKt$defaultConstructorMarker$2
4931:             1             16  com.fasterxml.jackson.module.kotlin.KotlinAnnotationIntrospector$Companion
4932:             1             16  com.fasterxml.jackson.module.kotlin.KotlinAnnotationIntrospector$Companion$UNIT_TYPE$2
4933:             1             16  com.fasterxml.jackson.module.kotlin.KotlinFeature$Companion
4934:             1             16  com.fasterxml.jackson.module.kotlin.KotlinKeyDeserializers
4935:             1             16  com.fasterxml.jackson.module.kotlin.KotlinModule$Builder$Companion
4936:             1             16  com.fasterxml.jackson.module.kotlin.KotlinModule$Companion
4937:             1             16  com.fasterxml.jackson.module.kotlin.ReflectionCache$BooleanTriState$Companion
4938:             1             16  com.fasterxml.jackson.module.kotlin.ReflectionCache$Companion
4939:             1             16  com.github.benmanes.caffeine.cache.BoundedLocalCache$$Lambda/0x00007fea3c4bef18
4940:             1             16  com.github.benmanes.caffeine.cache.Caffeine$$Lambda/0x00007fea3c4b59e8
4941:             1             16  com.github.benmanes.caffeine.cache.LocalCacheFactory$$Lambda/0x00007fea3c4b7d60
4942:             1             16  com.github.benmanes.caffeine.cache.NodeFactory$$Lambda/0x00007fea3c4bb9d8
4943:             1             16  com.github.benmanes.caffeine.cache.NodeFactory$DeadStrongKey
4944:             1             16  com.github.benmanes.caffeine.cache.NodeFactory$RetiredStrongKey
4945:             1             16  com.github.benmanes.caffeine.cache.SS$$Lambda/0x00007fea3c4b9d98
4946:             1             16  com.github.benmanes.caffeine.cache.SSL$$Lambda/0x00007fea3c4cc9e8
4947:             1             16  com.github.benmanes.caffeine.cache.SSLA$$Lambda/0x00007fea3c4ccbf8
4948:             1             16  com.github.benmanes.caffeine.cache.SSS$$Lambda/0x00007fea3c889c30
4949:             1             16  com.github.benmanes.caffeine.cache.SSSMS$$Lambda/0x00007fea3c891de8
4950:             1             16  com.github.benmanes.caffeine.cache.SSSMSA$$Lambda/0x00007fea3c891ff8
4951:             1             16  com.github.benmanes.caffeine.cache.SSW$$Lambda/0x00007fea3c4b9fa8
4952:             1             16  com.google.common.base.CharMatcher$Is
4953:             1             16  com.google.common.base.Equivalence$Equals
4954:             1             16  com.google.common.base.Equivalence$Identity
4955:             1             16  com.google.common.base.Platform$JdkPatternCompiler
4956:             1             16  com.google.common.base.Ticker$1
4957:             1             16  com.google.common.cache.CacheBuilder$1
4958:             1             16  com.google.common.cache.CacheBuilder$2
4959:             1             16  com.google.common.cache.CacheBuilder$3
4960:             1             16  com.google.common.cache.LocalCache$1
4961:             1             16  com.google.common.cache.LocalCache$2
4962:             1             16  com.google.common.collect.MapMakerInternalMap$1
4963:             1             16  com.google.common.collect.MapMakerInternalMap$WeakKeyStrongValueEntry$Helper
4964:             1             16  com.google.common.util.concurrent.AbstractFuture$UnsafeAtomicHelper
4965:             1             16  com.google.inject.Scopes$1
4966:             1             16  com.google.inject.Scopes$2
4967:             1             16  com.google.inject.assistedinject.FactoryProvider2$$FastClassByGuice$$463f314
4968:             1             16  com.google.inject.assistedinject.FactoryProvider2$1
4969:             1             16  com.google.inject.internal.Annotations$1
4970:             1             16  com.google.inject.internal.Annotations$AnnotationToStringConfig
4971:             1             16  com.google.inject.internal.BytecodeGen$$Lambda/0x00007fea3c0f39f0
4972:             1             16  com.google.inject.internal.ChildBindingAlreadySetError$$Lambda/0x00007fea3c41bb78
4973:             1             16  com.google.inject.internal.ConstructorInjectorStore$$Lambda/0x00007fea3c10e8a0
4974:             1             16  com.google.inject.internal.DeclaredMembers$$Lambda/0x00007fea3c0d9470
4975:             1             16  com.google.inject.internal.DeclaredMembers$$Lambda/0x00007fea3c0d96a0
4976:             1             16  com.google.inject.internal.DeclaredMembers$$Lambda/0x00007fea3c0d98d0
4977:             1             16  com.google.inject.internal.DeclaredMembers$$Lambda/0x00007fea3c0d9b00
4978:             1             16  com.google.inject.internal.DeclaredMembers$$Lambda/0x00007fea3c0d9d30
4979:             1             16  com.google.inject.internal.DeclaredMembers$$Lambda/0x00007fea3c0dbd70
4980:             1             16  com.google.inject.internal.DeclaredMembers$$Lambda/0x00007fea3c0fcb30
4981:             1             16  com.google.inject.internal.DeclaredMembers$$Lambda/0x00007fea3c0fcd60
4982:             1             16  com.google.inject.internal.DeclaredMembers$$Lambda/0x00007fea3c0fcf90
4983:             1             16  com.google.inject.internal.DeclaredMembers$$Lambda/0x00007fea3c0fd1c0
4984:             1             16  com.google.inject.internal.GuiceInternal
4985:             1             16  com.google.inject.internal.KotlinSupport$KotlinUnsupported
4986:             1             16  com.google.inject.internal.KotlinSupport$KotlinUnsupported$$Lambda/0x00007fea3c0e6268
4987:             1             16  com.google.inject.internal.ProvidesMethodScanner
4988:             1             16  com.google.inject.internal.Scoping$1
4989:             1             16  com.google.inject.internal.Scoping$2
4990:             1             16  com.google.inject.internal.Scoping$3
4991:             1             16  com.google.inject.internal.Scoping$4
4992:             1             16  com.google.inject.internal.Scoping$5
4993:             1             16  com.google.inject.internal.SingletonScope
4994:             1             16  com.google.inject.internal.TypeConverterBindingProcessor$1
4995:             1             16  com.google.inject.internal.TypeConverterBindingProcessor$2
4996:             1             16  com.google.inject.internal.TypeConverterBindingProcessor$3
4997:             1             16  com.google.inject.internal.TypeConverterBindingProcessor$4
4998:             1             16  com.google.inject.internal.UniqueAnnotations$1
4999:             1             16  com.google.inject.internal.WeakKeySet$$Lambda/0x00007fea3c415f38
5000:             1             16  com.google.inject.internal.aop.AbstractGlueGenerator$$Lambda/0x00007fea3c112bf8
5001:             1             16  com.google.inject.internal.aop.HiddenClassDefiner
5002:             1             16  com.google.inject.internal.aop.UnsafeClassDefiner
5003:             1             16  com.google.inject.internal.aop.UnsafeClassDefiner$$Lambda/0x00007fea3c0f6a00
5004:             1             16  com.google.inject.internal.aop.UnsafeClassDefiner$$Lambda/0x00007fea3c0f7018
5005:             1             16  com.google.inject.internal.aop.UnsafeClassDefiner$ClassLoaderDefineClassHolder$$Lambda/0x00007fea3c113620
5006:             1             16  com.google.inject.internal.util.NewThrowableFinder
5007:             1             16  com.google.inject.internal.util.StackTraceElements$1
5008:             1             16  com.google.inject.matcher.Matchers$Any
5009:             1             16  com.google.inject.spi.BindingSourceRestriction$$Lambda/0x00007fea3c0d1678
5010:             1             16  com.google.inject.spi.BindingSourceRestriction$$Lambda/0x00007fea3c0d18a8
5011:             1             16  com.google.inject.spi.BindingSourceRestriction$$Lambda/0x00007fea3c0ff860
5012:             1             16  com.google.inject.spi.Elements$1
5013:             1             16  com.google.inject.spi.InjectionPoint$$Lambda/0x00007fea3c10b088
5014:             1             16  com.google.inject.spi.InjectionPoint$$Lambda/0x00007fea3c10b2c8
5015:             1             16  com.google.inject.spi.InjectionPoint$$Lambda/0x00007fea3c10b508
5016:             1             16  com.google.inject.util.Modules$EmptyModule
5017:             1             16  com.google.protobuf.ByteString$2
5018:             1             16  com.google.protobuf.ByteString$ArraysByteArrayCopier
5019:             1             16  com.google.protobuf.DescriptorProtos$DescriptorProto$1
5020:             1             16  com.google.protobuf.DescriptorProtos$EnumDescriptorProto$1
5021:             1             16  com.google.protobuf.DescriptorProtos$EnumValueDescriptorProto$1
5022:             1             16  com.google.protobuf.DescriptorProtos$EnumValueOptions$1
5023:             1             16  com.google.protobuf.DescriptorProtos$FieldDescriptorProto$1
5024:             1             16  com.google.protobuf.DescriptorProtos$FieldDescriptorProto$Label$1
5025:             1             16  com.google.protobuf.DescriptorProtos$FieldDescriptorProto$Type$1
5026:             1             16  com.google.protobuf.DescriptorProtos$FieldOptions$1
5027:             1             16  com.google.protobuf.DescriptorProtos$FieldOptions$2
5028:             1             16  com.google.protobuf.DescriptorProtos$FileDescriptorProto$1
5029:             1             16  com.google.protobuf.DescriptorProtos$FileOptions$1
5030:             1             16  com.google.protobuf.DescriptorProtos$MessageOptions$1
5031:             1             16  com.google.protobuf.DescriptorProtos$MethodDescriptorProto$1
5032:             1             16  com.google.protobuf.DescriptorProtos$MethodOptions$1
5033:             1             16  com.google.protobuf.DescriptorProtos$OneofDescriptorProto$1
5034:             1             16  com.google.protobuf.DescriptorProtos$ServiceDescriptorProto$1
5035:             1             16  com.google.protobuf.Descriptors$EnumValueDescriptor$1
5036:             1             16  com.google.protobuf.Descriptors$EnumValueDescriptor$2
5037:             1             16  com.google.protobuf.Descriptors$FieldDescriptor$1
5038:             1             16  com.google.protobuf.Empty$1
5039:             1             16  com.google.protobuf.SmallSortedMap$EmptySet$1
5040:             1             16  com.google.protobuf.SmallSortedMap$EmptySet$2
5041:             1             16  com.google.protobuf.UnknownFieldSet$Parser
5042:             1             16  com.google.protobuf.Utf8$UnsafeProcessor
5043:             1             16  com.sun.jmx.interceptor.DefaultMBeanServerInterceptor$ResourceContext$1 (java.management@21.0.6)
5044:             1             16  com.sun.jmx.mbeanserver.DefaultMXBeanMappingFactory (java.management@21.0.6)
5045:             1             16  com.sun.jmx.mbeanserver.MBeanAnalyzer$MethodOrder (java.management@21.0.6)
5046:             1             16  com.sun.management.internal.HotSpotDiagnostic (jdk.management@21.0.6)
5047:             1             16  com.sun.management.internal.PlatformMBeanProviderImpl$$Lambda/0x00007fea3c2e6520 (jdk.management@21.0.6)
5048:             1             16  io.grpc.ClientInterceptors$2
5049:             1             16  io.grpc.Codec$Identity
5050:             1             16  io.grpc.Deadline$SystemTicker
5051:             1             16  io.grpc.LoadBalancer$1
5052:             1             16  io.grpc.LoadBalancerProvider$UnknownConfig
5053:             1             16  io.grpc.Metadata$1
5054:             1             16  io.grpc.Metadata$2
5055:             1             16  io.grpc.Status$StatusCodeMarshaller
5056:             1             16  io.grpc.Status$StatusMessageMarshaller
5057:             1             16  io.grpc.ThreadLocalContextStorage
5058:             1             16  io.grpc.internal.CallTracer$1
5059:             1             16  io.grpc.internal.CompositeReadableBuffer$1
5060:             1             16  io.grpc.internal.CompositeReadableBuffer$2
5061:             1             16  io.grpc.internal.CompositeReadableBuffer$3
5062:             1             16  io.grpc.internal.CompositeReadableBuffer$4
5063:             1             16  io.grpc.internal.CompositeReadableBuffer$5
5064:             1             16  io.grpc.internal.DelayedClientCall$8
5065:             1             16  io.grpc.internal.DnsNameResolverProvider
5066:             1             16  io.grpc.internal.GrpcUtil$1
5067:             1             16  io.grpc.internal.GrpcUtil$2
5068:             1             16  io.grpc.internal.GrpcUtil$3
5069:             1             16  io.grpc.internal.GrpcUtil$4
5070:             1             16  io.grpc.internal.GrpcUtil$5
5071:             1             16  io.grpc.internal.GrpcUtil$TimeoutMarshaller
5072:             1             16  io.grpc.internal.Http2ClientStreamTransportState$1
5073:             1             16  io.grpc.internal.JndiResourceResolverFactory
5074:             1             16  io.grpc.internal.KeepAliveEnforcer$SystemTicker
5075:             1             16  io.grpc.internal.ManagedChannelImpl$1
5076:             1             16  io.grpc.internal.ManagedChannelImpl$2
5077:             1             16  io.grpc.internal.ManagedChannelImpl$5
5078:             1             16  io.grpc.internal.NoopClientStream
5079:             1             16  io.grpc.internal.PickFirstLoadBalancerProvider
5080:             1             16  io.grpc.internal.ProxyDetectorImpl$1
5081:             1             16  io.grpc.internal.ProxyDetectorImpl$2
5082:             1             16  io.grpc.internal.ServerImpl$NoopListener
5083:             1             16  io.grpc.internal.ServerImplBuilder$DefaultFallbackRegistry
5084:             1             16  io.grpc.internal.SharedResourceHolder$1
5085:             1             16  io.grpc.netty.NettyAdaptiveCumulator
5086:             1             16  io.grpc.netty.UdsNameResolverProvider
5087:             1             16  io.grpc.util.OutlierDetectionLoadBalancerProvider
5088:             1             16  io.grpc.util.SecretRoundRobinLoadBalancerProvider$Provider
5089:             1             16  io.netty.bootstrap.ChannelInitializerExtensions$EmptyExtensions
5090:             1             16  io.netty.buffer.AbstractReferenceCountedByteBuf$1
5091:             1             16  io.netty.buffer.ByteBufUtil$1
5092:             1             16  io.netty.buffer.ByteBufUtil$2
5093:             1             16  io.netty.buffer.PoolThreadCache$MemoryRegionCache$1
5094:             1             16  io.netty.buffer.PooledSlicedByteBuf$1
5095:             1             16  io.netty.buffer.PooledUnsafeDirectByteBuf$1
5096:             1             16  io.netty.channel.AbstractChannelHandlerContext$WriteTask$1
5097:             1             16  io.netty.channel.ChannelFutureListener$1
5098:             1             16  io.netty.channel.ChannelFutureListener$2
5099:             1             16  io.netty.channel.ChannelFutureListener$3
5100:             1             16  io.netty.channel.ChannelHandlerMask$1
5101:             1             16  io.netty.channel.ChannelOutboundBuffer$1
5102:             1             16  io.netty.channel.ChannelOutboundBuffer$Entry$1
5103:             1             16  io.netty.channel.DefaultChannelPipeline$1
5104:             1             16  io.netty.channel.DefaultMessageSizeEstimator$HandleImpl
5105:             1             16  io.netty.channel.DefaultSelectStrategy
5106:             1             16  io.netty.channel.DefaultSelectStrategyFactory
5107:             1             16  io.netty.handler.codec.ByteToMessageDecoder$1
5108:             1             16  io.netty.handler.codec.ByteToMessageDecoder$2
5109:             1             16  io.netty.handler.codec.CodecOutputList$1
5110:             1             16  io.netty.handler.codec.CodecOutputList$2
5111:             1             16  io.netty.handler.codec.http2.DefaultHttp2LocalFlowController$2
5112:             1             16  io.netty.handler.codec.http2.Http2ConnectionPrefaceAndSettingsFrameWrittenEvent
5113:             1             16  io.netty.handler.codec.http2.Http2HeadersEncoder$1
5114:             1             16  io.netty.handler.codec.http2.Http2HeadersEncoder$2
5115:             1             16  io.netty.handler.codec.http2.Http2PromisedRequestVerifier$1
5116:             1             16  io.netty.handler.codec.http2.WeightedFairQueueByteDistributor$StateOnlyComparator
5117:             1             16  io.netty.handler.codec.http2.WeightedFairQueueByteDistributor$StatePseudoTimeComparator
5118:             1             16  io.netty.util.AbstractReferenceCounted$1
5119:             1             16  io.netty.util.AsciiString$1
5120:             1             16  io.netty.util.AsciiString$2
5121:             1             16  io.netty.util.NettyRuntime$AvailableProcessorsHolder
5122:             1             16  io.netty.util.Recycler$1
5123:             1             16  io.netty.util.collection.IntCollections$EmptyMap
5124:             1             16  io.netty.util.concurrent.AbstractScheduledEventExecutor$1
5125:             1             16  io.netty.util.concurrent.AbstractScheduledEventExecutor$2
5126:             1             16  io.netty.util.concurrent.DefaultEventExecutorChooserFactory
5127:             1             16  io.netty.util.concurrent.FastThreadLocal
5128:             1             16  io.netty.util.concurrent.RejectedExecutionHandlers$1
5129:             1             16  io.netty.util.concurrent.SingleThreadEventExecutor$1
5130:             1             16  io.netty.util.internal.CleanerJava9
5131:             1             16  io.netty.util.internal.PlatformDependent$1
5132:             1             16  io.netty.util.internal.PlatformDependent$2
5133:             1             16  io.netty.util.internal.TypeParameterMatcher$1
5134:             1             16  io.perfmark.Impl
5135:             1             16  io.perfmark.TaskCloseable
5136:             1             16  io.prometheus.client.SampleNameFilter$AllowAll
5137:             1             16  io.prometheus.client.dropwizard.samplebuilder.DefaultSampleBuilder
5138:             1             16  io.undertow.predicate.AuthenticationRequiredPredicate
5139:             1             16  io.undertow.security.impl.BasicAuthenticationMechanism$Factory
5140:             1             16  io.undertow.security.impl.ClientCertAuthenticationMechanism$Factory
5141:             1             16  io.undertow.security.impl.DigestAuthenticationMechanism$Factory
5142:             1             16  io.undertow.security.impl.ExternalAuthenticationMechanism$Factory
5143:             1             16  io.undertow.security.impl.GenericHeaderAuthenticationMechanism$Factory
5144:             1             16  io.undertow.security.impl.SecurityContextFactoryImpl
5145:             1             16  io.undertow.server.handlers.HttpContinueReadHandler$1
5146:             1             16  io.undertow.server.handlers.resource.ResourceManager$1
5147:             1             16  io.undertow.servlet.core.ApplicationListeners$1
5148:             1             16  io.undertow.servlet.core.DefaultAuthorizationManager
5149:             1             16  io.undertow.servlet.core.ServletRequestContextThreadSetupAction
5150:             1             16  io.undertow.servlet.handlers.ServletDispatchingHandler
5151:             1             16  io.undertow.servlet.handlers.security.ServletFormAuthenticationMechanism$1
5152:             1             16  io.undertow.servlet.handlers.security.ServletFormAuthenticationMechanism$Factory
5153:             1             16  io.undertow.servlet.util.DefaultClassIntrospector
5154:             1             16  io.undertow.util.DateUtils$1
5155:             1             16  io.undertow.util.DateUtils$2
5156:             1             16  io.undertow.util.DateUtils$3
5157:             1             16  io.undertow.util.DateUtils$4
5158:             1             16  io.undertow.util.URLUtils$1
5159:             1             16  io.undertow.util.URLUtils$2
5160:             1             16  jakarta.xml.bind.ContextFinder$1
5161:             1             16  java.io.FileDescriptor$1 (java.base@21.0.6)
5162:             1             16  java.io.FilePermission$1 (java.base@21.0.6)
5163:             1             16  java.io.FilePermissionCollection$$Lambda/0x00007fea3c057150 (java.base@21.0.6)
5164:             1             16  java.io.PrintStream$1 (java.base@21.0.6)
5165:             1             16  java.io.PrintWriter$1 (java.base@21.0.6)
5166:             1             16  java.io.RandomAccessFile$2 (java.base@21.0.6)
5167:             1             16  java.lang.ApplicationShutdownHooks$1 (java.base@21.0.6)
5168:             1             16  java.lang.CharacterData00 (java.base@21.0.6)
5169:             1             16  java.lang.CharacterDataLatin1 (java.base@21.0.6)
5170:             1             16  java.lang.Class$$Lambda/0x00007fea3c07a6a8 (java.base@21.0.6)
5171:             1             16  java.lang.ClassLoader$$DefineAccessByGuice$$/0x00007fea3c116400 (java.base@21.0.6)
5172:             1             16  java.lang.InheritableThreadLocal (java.base@21.0.6)
5173:             1             16  java.lang.Module$$Lambda/0x00007fea3c0415c8 (java.base@21.0.6)
5174:             1             16  java.lang.ProcessHandleImpl$$Lambda/0x00007fea3c3fc140 (java.base@21.0.6)
5175:             1             16  java.lang.Runtime (java.base@21.0.6)
5176:             1             16  java.lang.String$CaseInsensitiveComparator (java.base@21.0.6)
5177:             1             16  java.lang.System$2 (java.base@21.0.6)
5178:             1             16  java.lang.System$LoggerFinder$$Lambda/0x00007fea3c2f10a8 (java.base@21.0.6)
5179:             1             16  java.lang.Terminator$1 (java.base@21.0.6)
5180:             1             16  java.lang.invoke.ClassSpecializer$1 (java.base@21.0.6)
5181:             1             16  java.lang.invoke.MemberName$Factory (java.base@21.0.6)
5182:             1             16  java.lang.invoke.MethodHandleImpl$1 (java.base@21.0.6)
5183:             1             16  java.lang.management.DefaultPlatformMBeanProvider$5$$Lambda/0x00007fea3c3477e8 (java.management@21.0.6)
5184:             1             16  java.lang.management.ManagementFactory$$Lambda/0x00007fea3c2e5710 (java.management@21.0.6)
5185:             1             16  java.lang.management.ManagementFactory$$Lambda/0x00007fea3c2f73a0 (java.management@21.0.6)
5186:             1             16  java.lang.management.ManagementFactory$$Lambda/0x00007fea3c2f75e0 (java.management@21.0.6)
5187:             1             16  java.lang.management.ManagementFactory$$Lambda/0x00007fea3c2f7810 (java.management@21.0.6)
5188:             1             16  java.lang.module.ModuleDescriptor$1 (java.base@21.0.6)
5189:             1             16  java.lang.module.ModuleDescriptor$Builder$$Lambda/0x800000002 (java.base@21.0.6)
5190:             1             16  java.lang.ref.Cleaner$1 (java.base@21.0.6)
5191:             1             16  java.lang.ref.Reference$1 (java.base@21.0.6)
5192:             1             16  java.lang.reflect.AccessFlag$1 (java.base@21.0.6)
5193:             1             16  java.lang.reflect.AccessFlag$10 (java.base@21.0.6)
5194:             1             16  java.lang.reflect.AccessFlag$11 (java.base@21.0.6)
5195:             1             16  java.lang.reflect.AccessFlag$12 (java.base@21.0.6)
5196:             1             16  java.lang.reflect.AccessFlag$13 (java.base@21.0.6)
5197:             1             16  java.lang.reflect.AccessFlag$14 (java.base@21.0.6)
5198:             1             16  java.lang.reflect.AccessFlag$15 (java.base@21.0.6)
5199:             1             16  java.lang.reflect.AccessFlag$16 (java.base@21.0.6)
5200:             1             16  java.lang.reflect.AccessFlag$17 (java.base@21.0.6)
5201:             1             16  java.lang.reflect.AccessFlag$18 (java.base@21.0.6)
5202:             1             16  java.lang.reflect.AccessFlag$2 (java.base@21.0.6)
5203:             1             16  java.lang.reflect.AccessFlag$3 (java.base@21.0.6)
5204:             1             16  java.lang.reflect.AccessFlag$4 (java.base@21.0.6)
5205:             1             16  java.lang.reflect.AccessFlag$5 (java.base@21.0.6)
5206:             1             16  java.lang.reflect.AccessFlag$6 (java.base@21.0.6)
5207:             1             16  java.lang.reflect.AccessFlag$7 (java.base@21.0.6)
5208:             1             16  java.lang.reflect.AccessFlag$8 (java.base@21.0.6)
5209:             1             16  java.lang.reflect.AccessFlag$9 (java.base@21.0.6)
5210:             1             16  java.lang.reflect.Proxy$$Lambda/0x00007fea3c068438 (java.base@21.0.6)
5211:             1             16  java.lang.reflect.Proxy$ProxyBuilder$$Lambda/0x00007fea3c0696a8 (java.base@21.0.6)
5212:             1             16  java.lang.reflect.ProxyGenerator$$Lambda/0x00007fea3c06a1f0 (java.base@21.0.6)
5213:             1             16  java.lang.reflect.ProxyGenerator$$Lambda/0x00007fea3c06a420 (java.base@21.0.6)
5214:             1             16  java.lang.reflect.ReflectAccess (java.base@21.0.6)
5215:             1             16  java.net.InetAddress$$Lambda/0x00007fea3c3dd538 (java.base@21.0.6)
5216:             1             16  java.net.InetAddress$$Lambda/0x00007fea3c3dd768 (java.base@21.0.6)
5217:             1             16  java.net.InetAddress$1 (java.base@21.0.6)
5218:             1             16  java.net.InetAddress$PlatformResolver (java.base@21.0.6)
5219:             1             16  java.net.URI$1 (java.base@21.0.6)
5220:             1             16  java.net.URL$3 (java.base@21.0.6)
5221:             1             16  java.net.URL$DefaultFactory (java.base@21.0.6)
5222:             1             16  java.net.spi.InetAddressResolver$LookupPolicy (java.base@21.0.6)
5223:             1             16  java.nio.Bits$1 (java.base@21.0.6)
5224:             1             16  java.nio.Buffer$1 (java.base@21.0.6)
5225:             1             16  java.nio.Buffer$2 (java.base@21.0.6)
5226:             1             16  java.nio.channels.spi.SelectorProvider$Holder$$Lambda/0x00007fea3c3d1cb0 (java.base@21.0.6)
5227:             1             16  java.nio.file.Files$AcceptAllFilter (java.base@21.0.6)
5228:             1             16  java.security.AllPermissionCollection (java.base@21.0.6)
5229:             1             16  java.security.ProtectionDomain$JavaSecurityAccessImpl (java.base@21.0.6)
5230:             1             16  java.security.Security$$Lambda/0x80000000b (java.base@21.0.6)
5231:             1             16  java.security.Security$1 (java.base@21.0.6)
5232:             1             16  java.security.Security$2 (java.base@21.0.6)
5233:             1             16  java.security.Signature$1 (java.base@21.0.6)
5234:             1             16  java.security.spec.EncodedKeySpec$$Lambda/0x00007fea3c36eb28 (java.base@21.0.6)
5235:             1             16  java.text.DontCareFieldPosition$1 (java.base@21.0.6)
5236:             1             16  java.time.ZoneOffset$$Lambda/0x80000000c (java.base@21.0.6)
5237:             1             16  java.time.chrono.IsoChronology (java.base@21.0.6)
5238:             1             16  java.time.format.DateTimeFormatter$$Lambda/0x80000000d (java.base@21.0.6)
5239:             1             16  java.time.format.DateTimeFormatter$$Lambda/0x80000000e (java.base@21.0.6)
5240:             1             16  java.time.format.DateTimeFormatterBuilder$$Lambda/0x80000000f (java.base@21.0.6)
5241:             1             16  java.time.format.DateTimeFormatterBuilder$InstantPrinterParser (java.base@21.0.6)
5242:             1             16  java.time.format.DateTimeTextProvider (java.base@21.0.6)
5243:             1             16  java.time.format.DateTimeTextProvider$1 (java.base@21.0.6)
5244:             1             16  java.time.temporal.TemporalQueries$1 (java.base@21.0.6)
5245:             1             16  java.time.temporal.TemporalQueries$2 (java.base@21.0.6)
5246:             1             16  java.time.temporal.TemporalQueries$3 (java.base@21.0.6)
5247:             1             16  java.time.temporal.TemporalQueries$4 (java.base@21.0.6)
5248:             1             16  java.time.temporal.TemporalQueries$5 (java.base@21.0.6)
5249:             1             16  java.time.temporal.TemporalQueries$6 (java.base@21.0.6)
5250:             1             16  java.time.temporal.TemporalQueries$7 (java.base@21.0.6)
5251:             1             16  java.util.Collections$EmptyEnumeration (java.base@21.0.6)
5252:             1             16  java.util.Collections$EmptyIterator (java.base@21.0.6)
5253:             1             16  java.util.Collections$EmptyList (java.base@21.0.6)
5254:             1             16  java.util.Collections$EmptySet (java.base@21.0.6)
5255:             1             16  java.util.Collections$ReverseComparator (java.base@21.0.6)
5256:             1             16  java.util.EnumMap$1 (java.base@21.0.6)
5257:             1             16  java.util.ImmutableCollections$Access$1 (java.base@21.0.6)
5258:             1             16  java.util.ResourceBundle$1 (java.base@21.0.6)
5259:             1             16  java.util.ResourceBundle$Control (java.base@21.0.6)
5260:             1             16  java.util.ResourceBundle$ResourceBundleControlProviderHolder$$Lambda/0x00007fea3c571a20 (java.base@21.0.6)
5261:             1             16  java.util.ResourceBundle$ResourceBundleControlProviderHolder$$Lambda/0x00007fea3c5720b0 (java.base@21.0.6)
5262:             1             16  java.util.Spliterators$EmptySpliterator$OfDouble (java.base@21.0.6)
5263:             1             16  java.util.Spliterators$EmptySpliterator$OfInt (java.base@21.0.6)
5264:             1             16  java.util.Spliterators$EmptySpliterator$OfLong (java.base@21.0.6)
5265:             1             16  java.util.Spliterators$EmptySpliterator$OfRef (java.base@21.0.6)
5266:             1             16  java.util.concurrent.CompletableFuture$Delayer$DaemonThreadFactory (java.base@21.0.6)
5267:             1             16  java.util.concurrent.ForkJoinPool$2 (java.base@21.0.6)
5268:             1             16  java.util.concurrent.ForkJoinPool$DefaultForkJoinWorkerThreadFactory (java.base@21.0.6)
5269:             1             16  java.util.concurrent.ThreadPoolExecutor$CallerRunsPolicy (java.base@21.0.6)
5270:             1             16  java.util.concurrent.ThreadPoolExecutor$DiscardOldestPolicy (java.base@21.0.6)
5271:             1             16  java.util.concurrent.ThreadPoolExecutor$DiscardPolicy (java.base@21.0.6)
5272:             1             16  java.util.function.Function$$Lambda/0x00007fea3c347a18 (java.base@21.0.6)
5273:             1             16  java.util.jar.JavaUtilJarAccessImpl (java.base@21.0.6)
5274:             1             16  java.util.logging.ErrorManager (java.logging@21.0.6)
5275:             1             16  java.util.logging.Level$$Lambda/0x800000011 (java.logging@21.0.6)
5276:             1             16  java.util.logging.Level$KnownLevel$$Lambda/0x800000021 (java.logging@21.0.6)
5277:             1             16  java.util.logging.Level$KnownLevel$$Lambda/0x800000022 (java.logging@21.0.6)
5278:             1             16  java.util.logging.Level$KnownLevel$$Lambda/0x800000023 (java.logging@21.0.6)
5279:             1             16  java.util.logging.LogManager$LoggingProviderAccess (java.logging@21.0.6)
5280:             1             16  java.util.logging.Logging (java.logging@21.0.6)
5281:             1             16  java.util.regex.CharPredicates$$Lambda/0x00007fea3c062200 (java.base@21.0.6)
5282:             1             16  java.util.regex.CharPredicates$$Lambda/0x800000025 (java.base@21.0.6)
5283:             1             16  java.util.regex.CharPredicates$$Lambda/0x800000026 (java.base@21.0.6)
5284:             1             16  java.util.regex.Pattern$$Lambda/0x00007fea3c178000 (java.base@21.0.6)
5285:             1             16  java.util.regex.Pattern$$Lambda/0x00007fea3c576008 (java.base@21.0.6)
5286:             1             16  java.util.stream.Collectors$$Lambda/0x00007fea3c075ef8 (java.base@21.0.6)
5287:             1             16  java.util.stream.Collectors$$Lambda/0x00007fea3c076108 (java.base@21.0.6)
5288:             1             16  java.util.stream.Collectors$$Lambda/0x00007fea3c076328 (java.base@21.0.6)
5289:             1             16  java.util.stream.Collectors$$Lambda/0x00007fea3c347c48 (java.base@21.0.6)
5290:             1             16  java.util.stream.Collectors$$Lambda/0x00007fea3c348080 (java.base@21.0.6)
5291:             1             16  java.util.stream.Collectors$$Lambda/0x00007fea3c57e540 (java.base@21.0.6)
5292:             1             16  java.util.stream.Collectors$$Lambda/0x00007fea3c57e760 (java.base@21.0.6)
5293:             1             16  java.util.stream.Collectors$$Lambda/0x800000039 (java.base@21.0.6)
5294:             1             16  java.util.stream.Collectors$$Lambda/0x80000003e (java.base@21.0.6)
5295:             1             16  java.util.stream.Collectors$$Lambda/0x800000040 (java.base@21.0.6)
5296:             1             16  java.util.stream.Collectors$$Lambda/0x800000041 (java.base@21.0.6)
5297:             1             16  java.util.stream.Collectors$$Lambda/0x800000042 (java.base@21.0.6)
5298:             1             16  java.util.stream.Collectors$$Lambda/0x800000043 (java.base@21.0.6)
5299:             1             16  java.util.stream.Collectors$$Lambda/0x800000045 (java.base@21.0.6)
5300:             1             16  java.util.stream.FindOps$FindSink$OfRef$$Lambda/0x800000048 (java.base@21.0.6)
5301:             1             16  java.util.stream.FindOps$FindSink$OfRef$$Lambda/0x800000049 (java.base@21.0.6)
5302:             1             16  java.util.stream.FindOps$FindSink$OfRef$$Lambda/0x80000004a (java.base@21.0.6)
5303:             1             16  java.util.stream.FindOps$FindSink$OfRef$$Lambda/0x80000004b (java.base@21.0.6)
5304:             1             16  java.util.stream.LongPipeline$$Lambda/0x00007fea3c57d148 (java.base@21.0.6)
5305:             1             16  java.util.stream.LongPipeline$$Lambda/0x00007fea3c6d1ad8 (java.base@21.0.6)
5306:             1             16  java.util.stream.Nodes$EmptyNode$OfDouble (java.base@21.0.6)
5307:             1             16  java.util.stream.Nodes$EmptyNode$OfInt (java.base@21.0.6)
5308:             1             16  java.util.stream.Nodes$EmptyNode$OfLong (java.base@21.0.6)
5309:             1             16  java.util.stream.Nodes$EmptyNode$OfRef (java.base@21.0.6)
5310:             1             16  java.util.stream.ReferencePipeline$$Lambda/0x00007fea3c34eb20 (java.base@21.0.6)
5311:             1             16  java.util.zip.ZipFile$1 (java.base@21.0.6)
5312:             1             16  javax.management.JMX (java.management@21.0.6)
5313:             1             16  javax.management.MBeanServerBuilder (java.management@21.0.6)
5314:             1             16  javax.management.NotificationBroadcasterSupport$1 (java.management@21.0.6)
5315:             1             16  jdk.incubator.vector.FloatVector$$Lambda/0x00007fea3c3f7e78 (jdk.incubator.vector@21.0.6)
5316:             1             16  jdk.incubator.vector.FloatVector$$Lambda/0x00007fea3c3f8a28 (jdk.incubator.vector@21.0.6)
5317:             1             16  jdk.incubator.vector.FloatVector$$Lambda/0x00007fea3c3f95d8 (jdk.incubator.vector@21.0.6)
5318:             1             16  jdk.incubator.vector.FloatVector$$Lambda/0x00007fea3c3fa188 (jdk.incubator.vector@21.0.6)
5319:             1             16  jdk.incubator.vector.FloatVector$$Lambda/0x00007fea3c3fad38 (jdk.incubator.vector@21.0.6)
5320:             1             16  jdk.incubator.vector.IntVector$$Lambda/0x00007fea3c3f3838 (jdk.incubator.vector@21.0.6)
5321:             1             16  jdk.incubator.vector.IntVector$$Lambda/0x00007fea3c3f43f8 (jdk.incubator.vector@21.0.6)
5322:             1             16  jdk.incubator.vector.IntVector$$Lambda/0x00007fea3c3f4fb8 (jdk.incubator.vector@21.0.6)
5323:             1             16  jdk.incubator.vector.IntVector$$Lambda/0x00007fea3c3f6328 (jdk.incubator.vector@21.0.6)
5324:             1             16  jdk.incubator.vector.IntVector$$Lambda/0x00007fea3c3f6ee8 (jdk.incubator.vector@21.0.6)
5325:             1             16  jdk.internal.icu.impl.Norm2AllModes$NoopNormalizer2 (java.base@21.0.6)
5326:             1             16  jdk.internal.icu.impl.NormalizerImpl$IsAcceptable (java.base@21.0.6)
5327:             1             16  jdk.internal.icu.text.NormalizerBase$NFCMode (java.base@21.0.6)
5328:             1             16  jdk.internal.icu.text.NormalizerBase$NFDMode (java.base@21.0.6)
5329:             1             16  jdk.internal.icu.text.NormalizerBase$NFKCMode (java.base@21.0.6)
5330:             1             16  jdk.internal.icu.text.NormalizerBase$NFKDMode (java.base@21.0.6)
5331:             1             16  jdk.internal.icu.text.NormalizerBase$NONEMode (java.base@21.0.6)
5332:             1             16  jdk.internal.icu.util.VersionInfo (java.base@21.0.6)
5333:             1             16  jdk.internal.jimage.ImageReaderFactory$1 (java.base@21.0.6)
5334:             1             16  jdk.internal.logger.LazyLoggers$1 (java.base@21.0.6)
5335:             1             16  jdk.internal.math.FloatingDecimal$1 (java.base@21.0.6)
5336:             1             16  jdk.internal.misc.CarrierThreadLocal (java.base@21.0.6)
5337:             1             16  jdk.internal.misc.ScopedMemoryAccess (java.base@21.0.6)
5338:             1             16  jdk.internal.misc.TerminatingThreadLocal$1 (java.base@21.0.6)
5339:             1             16  jdk.internal.misc.Unsafe (java.base@21.0.6)
5340:             1             16  jdk.internal.module.DefaultRoots$$Lambda/0x80000004e (java.base@21.0.6)
5341:             1             16  jdk.internal.module.DefaultRoots$$Lambda/0x80000004f (java.base@21.0.6)
5342:             1             16  jdk.internal.module.DefaultRoots$$Lambda/0x800000050 (java.base@21.0.6)
5343:             1             16  jdk.internal.module.DefaultRoots$$Lambda/0x800000051 (java.base@21.0.6)
5344:             1             16  jdk.internal.module.ModuleBootstrap$$Lambda/0x00007fea3c041398 (java.base@21.0.6)
5345:             1             16  jdk.internal.module.ModuleResolution (java.base@21.0.6)
5346:             1             16  jdk.internal.perf.Perf (java.base@21.0.6)
5347:             1             16  jdk.internal.platform.CgroupSubsystemFactory$$Lambda/0x00007fea3c344048 (java.base@21.0.6)
5348:             1             16  jdk.internal.platform.cgroupv1.CgroupV1Subsystem$$Lambda/0x00007fea3c345348 (java.base@21.0.6)
5349:             1             16  jdk.internal.util.Preconditions$1 (java.base@21.0.6)
5350:             1             16  jdk.internal.util.Preconditions$2 (java.base@21.0.6)
5351:             1             16  jdk.internal.util.Preconditions$3 (java.base@21.0.6)
5352:             1             16  jdk.jfr.internal.SecuritySupport$$Lambda/0x00007fea3c3523a0 (jdk.jfr@21.0.6)
5353:             1             16  jdk.jfr.internal.SecuritySupport$Privileged (jdk.jfr@21.0.6)
5354:             1             16  jdk.jfr.internal.consumer.FileAccess$UnPrivileged (jdk.jfr@21.0.6)
5355:             1             16  jdk.jfr.internal.dcmd.DCmdCheck$$Lambda/0x00007fea3c35a9c8 (jdk.jfr@21.0.6)
5356:             1             16  jdk.jfr.internal.dcmd.DCmdDump$$Lambda/0x00007fea3c35a7b8 (jdk.jfr@21.0.6)
5357:             1             16  jdk.jfr.internal.dcmd.DCmdStart$$Lambda/0x00007fea3c353ee8 (jdk.jfr@21.0.6)
5358:             1             16  jdk.jfr.internal.dcmd.DCmdStart$$Lambda/0x00007fea3c35a5a8 (jdk.jfr@21.0.6)
5359:             1             16  jdk.jfr.internal.dcmd.DCmdStop$$Lambda/0x00007fea3c350620 (jdk.jfr@21.0.6)
5360:             1             16  jdk.jfr.internal.dcmd.DCmdView$$Lambda/0x00007fea3c350410 (jdk.jfr@21.0.6)
5361:             1             16  jdk.jfr.internal.jfc.model.JFCModel$$Lambda/0x00007fea3c35a158 (jdk.jfr@21.0.6)
5362:             1             16  jdk.jfr.internal.jfc.model.JFCModel$$Lambda/0x00007fea3c35a378 (jdk.jfr@21.0.6)
5363:             1             16  jdk.management.jfr.SettingDescriptorInfo$1 (jdk.management.jfr@21.0.6)
5364:             1             16  jdk.net.LinuxSocketOptions (jdk.net@21.0.6)
5365:             1             16  kotlin.KotlinVersion$Companion
5366:             1             16  kotlin.KotlinVersionCurrentValue
5367:             1             16  kotlin.Result$Companion
5368:             1             16  kotlin.SafePublicationLazyImpl$Companion
5369:             1             16  kotlin.UInt$Companion
5370:             1             16  kotlin.ULong$Companion
5371:             1             16  kotlin.UNINITIALIZED_VALUE
5372:             1             16  kotlin.Unit
5373:             1             16  kotlin._Assertions
5374:             1             16  kotlin.collections.AbstractList$Companion
5375:             1             16  kotlin.collections.EmptyIterator
5376:             1             16  kotlin.collections.EmptyList
5377:             1             16  kotlin.collections.EmptyMap
5378:             1             16  kotlin.collections.EmptySet
5379:             1             16  kotlin.collections.builders.MapBuilder$Companion
5380:             1             16  kotlin.coroutines.ContinuationInterceptor$Key
5381:             1             16  kotlin.coroutines.CoroutineContext$DefaultImpls$$Lambda/0x00007fea3c4b23c0
5382:             1             16  kotlin.coroutines.EmptyCoroutineContext
5383:             1             16  kotlin.coroutines.jvm.internal.CompletedContinuation
5384:             1             16  kotlin.internal.jdk8.JDK8PlatformImplementations
5385:             1             16  kotlin.internal.jdk8.JDK8PlatformImplementations$ReflectSdkVersion
5386:             1             16  kotlin.jvm.internal.CallableReference$NoReceiver
5387:             1             16  kotlin.jvm.internal.StringCompanionObject
5388:             1             16  kotlin.properties.Delegates
5389:             1             16  kotlin.random.Random$Default
5390:             1             16  kotlin.random.XorWowRandom$Companion
5391:             1             16  kotlin.random.jdk8.PlatformThreadLocalRandom
5392:             1             16  kotlin.ranges.IntProgression$Companion
5393:             1             16  kotlin.ranges.IntRange$Companion
5394:             1             16  kotlin.reflect.jvm.internal.CachesKt$$Lambda$0
5395:             1             16  kotlin.reflect.jvm.internal.CachesKt$$Lambda$1
5396:             1             16  kotlin.reflect.jvm.internal.CachesKt$$Lambda$2
5397:             1             16  kotlin.reflect.jvm.internal.CachesKt$$Lambda$3
5398:             1             16  kotlin.reflect.jvm.internal.CachesKt$$Lambda$4
5399:             1             16  kotlin.reflect.jvm.internal.KDeclarationContainerImpl$Companion
5400:             1             16  kotlin.reflect.jvm.internal.KPropertyImpl$Companion
5401:             1             16  kotlin.reflect.jvm.internal.ReflectProperties$Val$1
5402:             1             16  kotlin.reflect.jvm.internal.ReflectionFactoryImpl
5403:             1             16  kotlin.reflect.jvm.internal.RuntimeTypeMapper
5404:             1             16  kotlin.reflect.jvm.internal.RuntimeTypeMapperKt$$Lambda$0
5405:             1             16  kotlin.reflect.jvm.internal.calls.CallerImpl$Companion
5406:             1             16  kotlin.reflect.jvm.internal.impl.SpecialJvmAnnotations
5407:             1             16  kotlin.reflect.jvm.internal.impl.builtins.BuiltInsLoader$Companion
5408:             1             16  kotlin.reflect.jvm.internal.impl.builtins.BuiltInsLoader$Companion$$Lambda$0
5409:             1             16  kotlin.reflect.jvm.internal.impl.builtins.CompanionObjectMapping
5410:             1             16  kotlin.reflect.jvm.internal.impl.builtins.PrimitiveType$Companion
5411:             1             16  kotlin.reflect.jvm.internal.impl.builtins.ReflectionTypes$Companion
5412:             1             16  kotlin.reflect.jvm.internal.impl.builtins.StandardNames
5413:             1             16  kotlin.reflect.jvm.internal.impl.builtins.StandardNames$FqNames
5414:             1             16  kotlin.reflect.jvm.internal.impl.builtins.functions.FunctionTypeKindExtractor$Companion
5415:             1             16  kotlin.reflect.jvm.internal.impl.builtins.jvm.CloneableClassScope$Companion
5416:             1             16  kotlin.reflect.jvm.internal.impl.builtins.jvm.FallbackBuiltIns$Companion
5417:             1             16  kotlin.reflect.jvm.internal.impl.builtins.jvm.JavaToKotlinClassMap
5418:             1             16  kotlin.reflect.jvm.internal.impl.builtins.jvm.JavaToKotlinClassMapper
5419:             1             16  kotlin.reflect.jvm.internal.impl.builtins.jvm.JvmBuiltInClassDescriptorFactory$$Lambda$1
5420:             1             16  kotlin.reflect.jvm.internal.impl.builtins.jvm.JvmBuiltInClassDescriptorFactory$Companion
5421:             1             16  kotlin.reflect.jvm.internal.impl.builtins.jvm.JvmBuiltInsCustomizer$$Lambda$6
5422:             1             16  kotlin.reflect.jvm.internal.impl.builtins.jvm.JvmBuiltInsPackageFragmentProvider$Companion
5423:             1             16  kotlin.reflect.jvm.internal.impl.builtins.jvm.JvmBuiltInsSignatures
5424:             1             16  kotlin.reflect.jvm.internal.impl.descriptors.DescriptorVisibilities$10
5425:             1             16  kotlin.reflect.jvm.internal.impl.descriptors.DescriptorVisibilities$11
5426:             1             16  kotlin.reflect.jvm.internal.impl.descriptors.DescriptorVisibilities$12
5427:             1             16  kotlin.reflect.jvm.internal.impl.descriptors.Modality$Companion
5428:             1             16  kotlin.reflect.jvm.internal.impl.descriptors.ScopesHolderForClass$Companion
5429:             1             16  kotlin.reflect.jvm.internal.impl.descriptors.SourceElement$1
5430:             1             16  kotlin.reflect.jvm.internal.impl.descriptors.SupertypeLoopChecker$EMPTY
5431:             1             16  kotlin.reflect.jvm.internal.impl.descriptors.Visibilities
5432:             1             16  kotlin.reflect.jvm.internal.impl.descriptors.annotations.Annotations$Companion
5433:             1             16  kotlin.reflect.jvm.internal.impl.descriptors.annotations.Annotations$Companion$EMPTY$1
5434:             1             16  kotlin.reflect.jvm.internal.impl.descriptors.deserialization.AdditionalClassPartsProvider$None
5435:             1             16  kotlin.reflect.jvm.internal.impl.descriptors.deserialization.PlatformDependentDeclarationFilter$All
5436:             1             16  kotlin.reflect.jvm.internal.impl.descriptors.impl.ModuleAwareClassDescriptor$Companion
5437:             1             16  kotlin.reflect.jvm.internal.impl.descriptors.impl.PackageViewDescriptorFactory$Companion
5438:             1             16  kotlin.reflect.jvm.internal.impl.descriptors.impl.PackageViewDescriptorFactory$Default
5439:             1             16  kotlin.reflect.jvm.internal.impl.descriptors.impl.ValueParameterDescriptorImpl$Companion
5440:             1             16  kotlin.reflect.jvm.internal.impl.descriptors.runtime.components.ReflectClassStructure
5441:             1             16  kotlin.reflect.jvm.internal.impl.descriptors.runtime.components.ReflectKotlinClass$Factory
5442:             1             16  kotlin.reflect.jvm.internal.impl.descriptors.runtime.components.RuntimeErrorReporter
5443:             1             16  kotlin.reflect.jvm.internal.impl.descriptors.runtime.components.RuntimeModuleData$Companion
5444:             1             16  kotlin.reflect.jvm.internal.impl.descriptors.runtime.components.RuntimeSourceElementFactory
5445:             1             16  kotlin.reflect.jvm.internal.impl.descriptors.runtime.structure.Java16SealedRecordLoader
5446:             1             16  kotlin.reflect.jvm.internal.impl.descriptors.runtime.structure.Java8ParameterNamesLoader
5447:             1             16  kotlin.reflect.jvm.internal.impl.descriptors.runtime.structure.ReflectClassUtilKt$$Lambda$0
5448:             1             16  kotlin.reflect.jvm.internal.impl.descriptors.runtime.structure.ReflectClassUtilKt$$Lambda$1
5449:             1             16  kotlin.reflect.jvm.internal.impl.descriptors.runtime.structure.ReflectJavaAnnotationArgument$Factory
5450:             1             16  kotlin.reflect.jvm.internal.impl.descriptors.runtime.structure.ReflectJavaClass$$Lambda$0
5451:             1             16  kotlin.reflect.jvm.internal.impl.descriptors.runtime.structure.ReflectJavaClass$$Lambda$1
5452:             1             16  kotlin.reflect.jvm.internal.impl.descriptors.runtime.structure.ReflectJavaType$Factory
5453:             1             16  kotlin.reflect.jvm.internal.impl.incremental.components.LookupTracker$DO_NOTHING
5454:             1             16  kotlin.reflect.jvm.internal.impl.load.java.AbstractAnnotationTypeQualifierResolver$Companion
5455:             1             16  kotlin.reflect.jvm.internal.impl.load.java.BuiltinMethodsWithSpecialGenericSignature
5456:             1             16  kotlin.reflect.jvm.internal.impl.load.java.BuiltinSpecialProperties
5457:             1             16  kotlin.reflect.jvm.internal.impl.load.java.ClassicBuiltinSpecialProperties
5458:             1             16  kotlin.reflect.jvm.internal.impl.load.java.ClassicBuiltinSpecialProperties$$Lambda$0
5459:             1             16  kotlin.reflect.jvm.internal.impl.load.java.ErasedOverridabilityCondition
5460:             1             16  kotlin.reflect.jvm.internal.impl.load.java.FakePureImplementationsProvider
5461:             1             16  kotlin.reflect.jvm.internal.impl.load.java.FieldOverridabilityCondition
5462:             1             16  kotlin.reflect.jvm.internal.impl.load.java.JavaClassesTracker$Default
5463:             1             16  kotlin.reflect.jvm.internal.impl.load.java.JavaIncompatibilityRulesOverridabilityCondition
5464:             1             16  kotlin.reflect.jvm.internal.impl.load.java.JavaIncompatibilityRulesOverridabilityCondition$Companion
5465:             1             16  kotlin.reflect.jvm.internal.impl.load.java.JavaNullabilityAnnotationsStatus$Companion
5466:             1             16  kotlin.reflect.jvm.internal.impl.load.java.JavaTypeEnhancementState$Companion
5467:             1             16  kotlin.reflect.jvm.internal.impl.load.java.JvmAbi
5468:             1             16  kotlin.reflect.jvm.internal.impl.load.java.NullabilityAnnotationStates$Companion
5469:             1             16  kotlin.reflect.jvm.internal.impl.load.java.ReportLevel$Companion
5470:             1             16  kotlin.reflect.jvm.internal.impl.load.java.SpecialBuiltinMembers$$Lambda$0
5471:             1             16  kotlin.reflect.jvm.internal.impl.load.java.SpecialGenericSignatures$Companion
5472:             1             16  kotlin.reflect.jvm.internal.impl.load.java.components.JavaAnnotationMapper
5473:             1             16  kotlin.reflect.jvm.internal.impl.load.java.components.JavaDeprecatedAnnotationDescriptor$$Lambda$0
5474:             1             16  kotlin.reflect.jvm.internal.impl.load.java.components.JavaPropertyInitializerEvaluator$DoNothing
5475:             1             16  kotlin.reflect.jvm.internal.impl.load.java.components.JavaResolverCache$1
5476:             1             16  kotlin.reflect.jvm.internal.impl.load.java.components.SignaturePropagator$1
5477:             1             16  kotlin.reflect.jvm.internal.impl.load.java.descriptors.JavaMethodDescriptor$1
5478:             1             16  kotlin.reflect.jvm.internal.impl.load.java.descriptors.JavaMethodDescriptor$2
5479:             1             16  kotlin.reflect.jvm.internal.impl.load.java.lazy.JavaResolverSettings$Default
5480:             1             16  kotlin.reflect.jvm.internal.impl.load.java.lazy.TypeParameterResolver$EMPTY
5481:             1             16  kotlin.reflect.jvm.internal.impl.load.java.lazy.descriptors.LazyJavaClassDescriptor$Companion
5482:             1             16  kotlin.reflect.jvm.internal.impl.load.java.lazy.descriptors.LazyJavaClassMemberScope$$Lambda$5
5483:             1             16  kotlin.reflect.jvm.internal.impl.load.java.lazy.descriptors.LazyJavaPackageScope$KotlinClassLookupResult$NotFound
5484:             1             16  kotlin.reflect.jvm.internal.impl.load.java.typeEnhancement.JavaTypeQualifiers$Companion
5485:             1             16  kotlin.reflect.jvm.internal.impl.load.java.typeEnhancement.SignatureEnhancement$$Lambda$2
5486:             1             16  kotlin.reflect.jvm.internal.impl.load.java.typeEnhancement.SignatureEnhancement$$Lambda$3
5487:             1             16  kotlin.reflect.jvm.internal.impl.load.java.typeEnhancement.SignatureEnhancement$$Lambda$4
5488:             1             16  kotlin.reflect.jvm.internal.impl.load.kotlin.AbstractBinaryClassAnnotationLoader$Companion
5489:             1             16  kotlin.reflect.jvm.internal.impl.load.kotlin.DeserializationComponentsForJava$Companion
5490:             1             16  kotlin.reflect.jvm.internal.impl.load.kotlin.DeserializationComponentsForJavaKt$makeLazyJavaPackageFragmentProvider$javaResolverComponents$1
5491:             1             16  kotlin.reflect.jvm.internal.impl.load.kotlin.DeserializedDescriptorResolver$Companion
5492:             1             16  kotlin.reflect.jvm.internal.impl.load.kotlin.JavaFlexibleTypeDeserializer
5493:             1             16  kotlin.reflect.jvm.internal.impl.load.kotlin.JvmType$Companion
5494:             1             16  kotlin.reflect.jvm.internal.impl.load.kotlin.JvmTypeFactoryImpl
5495:             1             16  kotlin.reflect.jvm.internal.impl.load.kotlin.PackagePartProvider$Empty
5496:             1             16  kotlin.reflect.jvm.internal.impl.load.kotlin.SignatureBuildingComponents
5497:             1             16  kotlin.reflect.jvm.internal.impl.load.kotlin.SignatureBuildingComponents$$Lambda$0
5498:             1             16  kotlin.reflect.jvm.internal.impl.load.kotlin.TypeMappingConfigurationImpl
5499:             1             16  kotlin.reflect.jvm.internal.impl.load.kotlin.TypeMappingMode$Companion
5500:             1             16  kotlin.reflect.jvm.internal.impl.load.kotlin.header.KotlinClassHeader$Kind$Companion
5501:             1             16  kotlin.reflect.jvm.internal.impl.metadata.ProtoBuf$Annotation$1
5502:             1             16  kotlin.reflect.jvm.internal.impl.metadata.ProtoBuf$Annotation$Argument$1
5503:             1             16  kotlin.reflect.jvm.internal.impl.metadata.ProtoBuf$Annotation$Argument$Value$1
5504:             1             16  kotlin.reflect.jvm.internal.impl.metadata.ProtoBuf$Annotation$Argument$Value$Type$1
5505:             1             16  kotlin.reflect.jvm.internal.impl.metadata.ProtoBuf$Class$1
5506:             1             16  kotlin.reflect.jvm.internal.impl.metadata.ProtoBuf$Class$Kind$1
5507:             1             16  kotlin.reflect.jvm.internal.impl.metadata.ProtoBuf$Constructor$1
5508:             1             16  kotlin.reflect.jvm.internal.impl.metadata.ProtoBuf$Contract$1
5509:             1             16  kotlin.reflect.jvm.internal.impl.metadata.ProtoBuf$EnumEntry$1
5510:             1             16  kotlin.reflect.jvm.internal.impl.metadata.ProtoBuf$Function$1
5511:             1             16  kotlin.reflect.jvm.internal.impl.metadata.ProtoBuf$MemberKind$1
5512:             1             16  kotlin.reflect.jvm.internal.impl.metadata.ProtoBuf$Modality$1
5513:             1             16  kotlin.reflect.jvm.internal.impl.metadata.ProtoBuf$Package$1
5514:             1             16  kotlin.reflect.jvm.internal.impl.metadata.ProtoBuf$PackageFragment$1
5515:             1             16  kotlin.reflect.jvm.internal.impl.metadata.ProtoBuf$Property$1
5516:             1             16  kotlin.reflect.jvm.internal.impl.metadata.ProtoBuf$QualifiedNameTable$1
5517:             1             16  kotlin.reflect.jvm.internal.impl.metadata.ProtoBuf$QualifiedNameTable$QualifiedName$1
5518:             1             16  kotlin.reflect.jvm.internal.impl.metadata.ProtoBuf$QualifiedNameTable$QualifiedName$Kind$1
5519:             1             16  kotlin.reflect.jvm.internal.impl.metadata.ProtoBuf$StringTable$1
5520:             1             16  kotlin.reflect.jvm.internal.impl.metadata.ProtoBuf$Type$1
5521:             1             16  kotlin.reflect.jvm.internal.impl.metadata.ProtoBuf$Type$Argument$1
5522:             1             16  kotlin.reflect.jvm.internal.impl.metadata.ProtoBuf$Type$Argument$Projection$1
5523:             1             16  kotlin.reflect.jvm.internal.impl.metadata.ProtoBuf$TypeParameter$1
5524:             1             16  kotlin.reflect.jvm.internal.impl.metadata.ProtoBuf$TypeParameter$Variance$1
5525:             1             16  kotlin.reflect.jvm.internal.impl.metadata.ProtoBuf$TypeTable$1
5526:             1             16  kotlin.reflect.jvm.internal.impl.metadata.ProtoBuf$ValueParameter$1
5527:             1             16  kotlin.reflect.jvm.internal.impl.metadata.ProtoBuf$VersionRequirementTable$1
5528:             1             16  kotlin.reflect.jvm.internal.impl.metadata.ProtoBuf$Visibility$1
5529:             1             16  kotlin.reflect.jvm.internal.impl.metadata.builtins.BuiltInsBinaryVersion$Companion
5530:             1             16  kotlin.reflect.jvm.internal.impl.metadata.deserialization.BinaryVersion$Companion
5531:             1             16  kotlin.reflect.jvm.internal.impl.metadata.deserialization.VersionRequirementTable$Companion
5532:             1             16  kotlin.reflect.jvm.internal.impl.metadata.jvm.JvmProtoBuf$JvmFieldSignature$1
5533:             1             16  kotlin.reflect.jvm.internal.impl.metadata.jvm.JvmProtoBuf$JvmMethodSignature$1
5534:             1             16  kotlin.reflect.jvm.internal.impl.metadata.jvm.JvmProtoBuf$JvmPropertySignature$1
5535:             1             16  kotlin.reflect.jvm.internal.impl.metadata.jvm.JvmProtoBuf$StringTableTypes$1
5536:             1             16  kotlin.reflect.jvm.internal.impl.metadata.jvm.JvmProtoBuf$StringTableTypes$Record$1
5537:             1             16  kotlin.reflect.jvm.internal.impl.metadata.jvm.JvmProtoBuf$StringTableTypes$Record$Operation$1
5538:             1             16  kotlin.reflect.jvm.internal.impl.metadata.jvm.deserialization.ClassMapperLite
5539:             1             16  kotlin.reflect.jvm.internal.impl.metadata.jvm.deserialization.JvmFlags
5540:             1             16  kotlin.reflect.jvm.internal.impl.metadata.jvm.deserialization.JvmMetadataVersion$Companion
5541:             1             16  kotlin.reflect.jvm.internal.impl.metadata.jvm.deserialization.JvmNameResolverBase$Companion
5542:             1             16  kotlin.reflect.jvm.internal.impl.metadata.jvm.deserialization.JvmProtoBufUtil
5543:             1             16  kotlin.reflect.jvm.internal.impl.name.CallableId$Companion
5544:             1             16  kotlin.reflect.jvm.internal.impl.name.ClassId$Companion
5545:             1             16  kotlin.reflect.jvm.internal.impl.name.FqName$Companion
5546:             1             16  kotlin.reflect.jvm.internal.impl.name.FqNameUnsafe$Companion
5547:             1             16  kotlin.reflect.jvm.internal.impl.name.SpecialNames
5548:             1             16  kotlin.reflect.jvm.internal.impl.name.StandardClassIds
5549:             1             16  kotlin.reflect.jvm.internal.impl.protobuf.SmallSortedMap$EmptySet$1
5550:             1             16  kotlin.reflect.jvm.internal.impl.protobuf.SmallSortedMap$EmptySet$2
5551:             1             16  kotlin.reflect.jvm.internal.impl.renderer.ClassifierNamePolicy$FULLY_QUALIFIED
5552:             1             16  kotlin.reflect.jvm.internal.impl.renderer.ClassifierNamePolicy$SHORT
5553:             1             16  kotlin.reflect.jvm.internal.impl.renderer.ClassifierNamePolicy$SOURCE_CODE_QUALIFIED
5554:             1             16  kotlin.reflect.jvm.internal.impl.renderer.DescriptorRenderer$$Lambda$0
5555:             1             16  kotlin.reflect.jvm.internal.impl.renderer.DescriptorRenderer$$Lambda$1
5556:             1             16  kotlin.reflect.jvm.internal.impl.renderer.DescriptorRenderer$$Lambda$10
5557:             1             16  kotlin.reflect.jvm.internal.impl.renderer.DescriptorRenderer$$Lambda$2
5558:             1             16  kotlin.reflect.jvm.internal.impl.renderer.DescriptorRenderer$$Lambda$3
5559:             1             16  kotlin.reflect.jvm.internal.impl.renderer.DescriptorRenderer$$Lambda$4
5560:             1             16  kotlin.reflect.jvm.internal.impl.renderer.DescriptorRenderer$$Lambda$5
5561:             1             16  kotlin.reflect.jvm.internal.impl.renderer.DescriptorRenderer$$Lambda$6
5562:             1             16  kotlin.reflect.jvm.internal.impl.renderer.DescriptorRenderer$$Lambda$7
5563:             1             16  kotlin.reflect.jvm.internal.impl.renderer.DescriptorRenderer$$Lambda$8
5564:             1             16  kotlin.reflect.jvm.internal.impl.renderer.DescriptorRenderer$$Lambda$9
5565:             1             16  kotlin.reflect.jvm.internal.impl.renderer.DescriptorRenderer$Companion
5566:             1             16  kotlin.reflect.jvm.internal.impl.renderer.DescriptorRenderer$ValueParametersHandler$DEFAULT
5567:             1             16  kotlin.reflect.jvm.internal.impl.renderer.DescriptorRendererModifier$Companion
5568:             1             16  kotlin.reflect.jvm.internal.impl.renderer.DescriptorRendererOptionsImpl$$Lambda$0
5569:             1             16  kotlin.reflect.jvm.internal.impl.renderer.DescriptorRendererOptionsImpl$$Lambda$1
5570:             1             16  kotlin.reflect.jvm.internal.impl.renderer.ExcludedTypeAnnotations
5571:             1             16  kotlin.reflect.jvm.internal.impl.resolve.CliStdlibClassFinderImpl
5572:             1             16  kotlin.reflect.jvm.internal.impl.resolve.MemberComparator$NameAndTypeMemberComparator
5573:             1             16  kotlin.reflect.jvm.internal.impl.resolve.OverridingUtil$1
5574:             1             16  kotlin.reflect.jvm.internal.impl.resolve.constants.ConstantValueFactory
5575:             1             16  kotlin.reflect.jvm.internal.impl.resolve.descriptorUtil.DescriptorUtilsKt$$Lambda$0
5576:             1             16  kotlin.reflect.jvm.internal.impl.resolve.jvm.SyntheticJavaPartsProvider$Companion
5577:             1             16  kotlin.reflect.jvm.internal.impl.resolve.scopes.ChainedMemberScope$Companion
5578:             1             16  kotlin.reflect.jvm.internal.impl.resolve.scopes.DescriptorKindFilter$Companion
5579:             1             16  kotlin.reflect.jvm.internal.impl.resolve.scopes.MemberScope$Companion
5580:             1             16  kotlin.reflect.jvm.internal.impl.resolve.scopes.MemberScope$Companion$$Lambda$0
5581:             1             16  kotlin.reflect.jvm.internal.impl.resolve.scopes.MemberScope$Empty
5582:             1             16  kotlin.reflect.jvm.internal.impl.serialization.deserialization.ClassDeserializer$Companion
5583:             1             16  kotlin.reflect.jvm.internal.impl.serialization.deserialization.ContractDeserializer$Companion
5584:             1             16  kotlin.reflect.jvm.internal.impl.serialization.deserialization.ContractDeserializer$Companion$DEFAULT$1
5585:             1             16  kotlin.reflect.jvm.internal.impl.serialization.deserialization.DeserializationConfiguration$Default
5586:             1             16  kotlin.reflect.jvm.internal.impl.serialization.deserialization.EnumEntriesDeserializationSupport$Default
5587:             1             16  kotlin.reflect.jvm.internal.impl.serialization.deserialization.ErrorReporter$1
5588:             1             16  kotlin.reflect.jvm.internal.impl.serialization.deserialization.FlexibleTypeDeserializer$ThrowException
5589:             1             16  kotlin.reflect.jvm.internal.impl.serialization.deserialization.JvmEnumEntriesDeserializationSupport
5590:             1             16  kotlin.reflect.jvm.internal.impl.serialization.deserialization.LocalClassifierTypeSettings$Default
5591:             1             16  kotlin.reflect.jvm.internal.impl.serialization.deserialization.ProtoEnumFlags
5592:             1             16  kotlin.reflect.jvm.internal.impl.serialization.deserialization.builtins.BuiltInsPackageFragmentImpl$Companion
5593:             1             16  kotlin.reflect.jvm.internal.impl.storage.EmptySimpleLock
5594:             1             16  kotlin.reflect.jvm.internal.impl.storage.LockBasedStorageManager$ExceptionHandlingStrategy$1
5595:             1             16  kotlin.reflect.jvm.internal.impl.storage.SimpleLock$Companion
5596:             1             16  kotlin.reflect.jvm.internal.impl.types.AbstractNullabilityChecker
5597:             1             16  kotlin.reflect.jvm.internal.impl.types.AbstractStrictEqualityTypeChecker
5598:             1             16  kotlin.reflect.jvm.internal.impl.types.AbstractTypeChecker
5599:             1             16  kotlin.reflect.jvm.internal.impl.types.AbstractTypeConstructor$$Lambda$1
5600:             1             16  kotlin.reflect.jvm.internal.impl.types.DefaultTypeAttributeTranslator
5601:             1             16  kotlin.reflect.jvm.internal.impl.types.DisjointKeysUnionTypeSubstitution$Companion
5602:             1             16  kotlin.reflect.jvm.internal.impl.types.FlexibleTypeImpl$Companion
5603:             1             16  kotlin.reflect.jvm.internal.impl.types.KotlinTypeFactory
5604:             1             16  kotlin.reflect.jvm.internal.impl.types.KotlinTypeFactory$EMPTY_REFINED_TYPE_FACTORY$1
5605:             1             16  kotlin.reflect.jvm.internal.impl.types.TypeCheckerState$SupertypesPolicy$LowerIfFlexible
5606:             1             16  kotlin.reflect.jvm.internal.impl.types.TypeCheckerState$SupertypesPolicy$None
5607:             1             16  kotlin.reflect.jvm.internal.impl.types.TypeConstructorSubstitution$Companion
5608:             1             16  kotlin.reflect.jvm.internal.impl.types.TypeParameterUpperBoundEraser$Companion
5609:             1             16  kotlin.reflect.jvm.internal.impl.types.TypeSubstitution$Companion
5610:             1             16  kotlin.reflect.jvm.internal.impl.types.TypeSubstitution$Companion$EMPTY$1
5611:             1             16  kotlin.reflect.jvm.internal.impl.types.checker.KotlinTypePreparator$Default
5612:             1             16  kotlin.reflect.jvm.internal.impl.types.checker.KotlinTypeRefiner$Default
5613:             1             16  kotlin.reflect.jvm.internal.impl.types.checker.NewKotlinTypeChecker$Companion
5614:             1             16  kotlin.reflect.jvm.internal.impl.types.checker.SimpleClassicTypeSystemContext
5615:             1             16  kotlin.reflect.jvm.internal.impl.types.checker.StrictEqualityTypeChecker
5616:             1             16  kotlin.reflect.jvm.internal.impl.types.error.ErrorModuleDescriptor
5617:             1             16  kotlin.reflect.jvm.internal.impl.types.error.ErrorModuleDescriptor$$Lambda$0
5618:             1             16  kotlin.reflect.jvm.internal.impl.types.error.ErrorUtils
5619:             1             16  kotlin.reflect.jvm.internal.impl.types.typesApproximation.CapturedTypeApproximationKt$$Lambda$1
5620:             1             16  kotlin.reflect.jvm.internal.impl.util.CheckResult$IllegalFunctionName
5621:             1             16  kotlin.reflect.jvm.internal.impl.util.CheckResult$SuccessCheck
5622:             1             16  kotlin.reflect.jvm.internal.impl.util.Checks$2
5623:             1             16  kotlin.reflect.jvm.internal.impl.util.Checks$3
5624:             1             16  kotlin.reflect.jvm.internal.impl.util.Checks$4
5625:             1             16  kotlin.reflect.jvm.internal.impl.util.EmptyArrayMap
5626:             1             16  kotlin.reflect.jvm.internal.impl.util.IsKPropertyCheck
5627:             1             16  kotlin.reflect.jvm.internal.impl.util.ModuleVisibilityHelper$EMPTY
5628:             1             16  kotlin.reflect.jvm.internal.impl.util.NoDefaultAndVarargsCheck
5629:             1             16  kotlin.reflect.jvm.internal.impl.util.NullableArrayMapAccessor
5630:             1             16  kotlin.reflect.jvm.internal.impl.util.OperatorChecks
5631:             1             16  kotlin.reflect.jvm.internal.impl.util.OperatorChecks$$Lambda$0
5632:             1             16  kotlin.reflect.jvm.internal.impl.util.OperatorChecks$$Lambda$1
5633:             1             16  kotlin.reflect.jvm.internal.impl.util.OperatorChecks$$Lambda$2
5634:             1             16  kotlin.reflect.jvm.internal.impl.util.OperatorNameConventions
5635:             1             16  kotlin.reflect.jvm.internal.impl.util.ReturnsCheck$ReturnsBoolean$$Lambda$0
5636:             1             16  kotlin.reflect.jvm.internal.impl.util.ReturnsCheck$ReturnsInt$$Lambda$0
5637:             1             16  kotlin.reflect.jvm.internal.impl.util.ReturnsCheck$ReturnsUnit$$Lambda$0
5638:             1             16  kotlin.reflect.jvm.internal.impl.utils.FunctionsKt$$Lambda$3
5639:             1             16  kotlin.reflect.jvm.internal.impl.utils.FunctionsKt$$Lambda$4
5640:             1             16  kotlin.reflect.jvm.internal.impl.utils.FunctionsKt$$Lambda$5
5641:             1             16  kotlin.reflect.jvm.internal.impl.utils.FunctionsKt$$Lambda$6
5642:             1             16  kotlin.reflect.jvm.internal.impl.utils.FunctionsKt$$Lambda$7
5643:             1             16  kotlin.reflect.jvm.internal.impl.utils.FunctionsKt$ALWAYS_NULL$1
5644:             1             16  kotlin.reflect.jvm.internal.impl.utils.SmartSet$Companion
5645:             1             16  kotlin.reflect.jvm.internal.impl.utils.WrappedValues$1
5646:             1             16  kotlin.sequences.EmptySequence
5647:             1             16  kotlin.sequences.SequencesKt__SequencesKt$$Lambda/0x00007fea3c271b50
5648:             1             16  kotlin.sequences.SequencesKt__SequencesKt$$Lambda/0x00007fea3c271f78
5649:             1             16  kotlin.sequences.SequencesKt__SequencesKt$$Lambda/0x00007fea3c7525c0
5650:             1             16  kotlin.sequences.SequencesKt___SequencesKt$$Lambda/0x00007fea3c260648
5651:             1             16  kotlin.text.Charsets
5652:             1             16  kotlin.text.LinesIterator$State
5653:             1             16  kotlin.text.Regex$Companion
5654:             1             16  kotlin.time.Duration$Companion
5655:             1             16  kotlinx.coroutines.Active
5656:             1             16  kotlinx.coroutines.CoroutineContextKt$$Lambda/0x00007fea3c4c4130
5657:             1             16  kotlinx.coroutines.CoroutineDispatcher$Key$$Lambda/0x00007fea3c4ae318
5658:             1             16  kotlinx.coroutines.CoroutineExceptionHandler$Key
5659:             1             16  kotlinx.coroutines.Dispatchers
5660:             1             16  kotlinx.coroutines.ExecutorCoroutineDispatcher$Key$$Lambda/0x00007fea3c4ae728
5661:             1             16  kotlinx.coroutines.GlobalScope
5662:             1             16  kotlinx.coroutines.Job$Key
5663:             1             16  kotlinx.coroutines.NonDisposableHandle
5664:             1             16  kotlinx.coroutines.ThreadLocalEventLoop
5665:             1             16  kotlinx.coroutines.channels.ChannelResult$Companion
5666:             1             16  kotlinx.coroutines.channels.ChannelResult$Failed
5667:             1             16  kotlinx.coroutines.flow.internal.NoOpContinuation
5668:             1             16  kotlinx.coroutines.flow.internal.SafeCollector$$Lambda/0x00007fea3c4e3d70
5669:             1             16  kotlinx.coroutines.internal.LockFreeTaskQueueCore$Companion
5670:             1             16  kotlinx.coroutines.internal.ThreadContextKt$$Lambda/0x00007fea3c4c83f0
5671:             1             16  kotlinx.coroutines.internal.ThreadContextKt$$Lambda/0x00007fea3c4c8600
5672:             1             16  kotlinx.coroutines.internal.ThreadContextKt$$Lambda/0x00007fea3c4c8a10
5673:             1             16  kotlinx.coroutines.scheduling.CoroutineScheduler$Companion
5674:             1             16  kotlinx.coroutines.scheduling.NanoTimeSource
5675:             1             16  mu.KMarkerFactory
5676:             1             16  mu.KotlinLogging
5677:             1             16  mu.internal.KLoggerFactory
5678:             1             16  mu.internal.KLoggerNameResolver
5679:             1             16  net.engio.mbassy.bus.MessagePublication$Factory
5680:             1             16  net.engio.mbassy.listener.MetadataReader$1
5681:             1             16  net.engio.mbassy.subscription.Subscription$1
5682:             1             16  net.engio.mbassy.subscription.SubscriptionFactory
5683:             1             16  org.apache.commons.io.IOUtils$$Lambda/0x00007fea3c03f710
5684:             1             16  org.apache.commons.io.IOUtils$$Lambda/0x00007fea3c03f920
5685:             1             16  org.apache.commons.io.IOUtils$$Lambda/0x00007fea3c03fb30
5686:             1             16  org.bouncycastle.crypto.CryptoServicesRegistrar$1
5687:             1             16  org.bouncycastle.crypto.signers.StandardDSAEncoding
5688:             1             16  org.bouncycastle.crypto.util.DigestFactory$1
5689:             1             16  org.bouncycastle.crypto.util.DigestFactory$10
5690:             1             16  org.bouncycastle.crypto.util.DigestFactory$11
5691:             1             16  org.bouncycastle.crypto.util.DigestFactory$12
5692:             1             16  org.bouncycastle.crypto.util.DigestFactory$2
5693:             1             16  org.bouncycastle.crypto.util.DigestFactory$3
5694:             1             16  org.bouncycastle.crypto.util.DigestFactory$4
5695:             1             16  org.bouncycastle.crypto.util.DigestFactory$5
5696:             1             16  org.bouncycastle.crypto.util.DigestFactory$6
5697:             1             16  org.bouncycastle.crypto.util.DigestFactory$7
5698:             1             16  org.bouncycastle.crypto.util.DigestFactory$8
5699:             1             16  org.bouncycastle.crypto.util.DigestFactory$9
5700:             1             16  org.bouncycastle.jcajce.provider.asymmetric.dsa.KeyFactorySpi
5701:             1             16  org.bouncycastle.jcajce.provider.asymmetric.elgamal.KeyFactorySpi
5702:             1             16  org.bouncycastle.jcajce.provider.asymmetric.gost.KeyFactorySpi
5703:             1             16  org.bouncycastle.jcajce.provider.asymmetric.rsa.KeyFactorySpi
5704:             1             16  org.bouncycastle.pqc.jcajce.provider.lms.LMSKeyFactorySpi
5705:             1             16  org.bouncycastle.pqc.jcajce.provider.newhope.NHKeyFactorySpi
5706:             1             16  org.bouncycastle.pqc.jcajce.provider.picnic.PicnicKeyFactorySpi
5707:             1             16  org.bouncycastle.pqc.jcajce.provider.sphincs.Sphincs256KeyFactorySpi
5708:             1             16  org.glassfish.hk2.internal.StarFilter
5709:             1             16  org.glassfish.hk2.utilities.cache.Cache$1
5710:             1             16  org.glassfish.hk2.utilities.cache.LRUHybridCache$1
5711:             1             16  org.glassfish.hk2.utilities.cache.LRUHybridCache$CacheEntryImplComparator
5712:             1             16  org.glassfish.jersey.inject.hk2.AbstractHk2InjectionManager$$Lambda/0x00007fea3c766ae8
5713:             1             16  org.glassfish.jersey.inject.hk2.JerseyClassAnalyzer$$Lambda/0x00007fea3c7325b8
5714:             1             16  org.glassfish.jersey.inject.hk2.JerseyClassAnalyzer$$Lambda/0x00007fea3c7327f8
5715:             1             16  org.glassfish.jersey.inject.hk2.JerseyErrorService
5716:             1             16  org.glassfish.jersey.internal.AbstractRuntimeDelegate$$Lambda/0x00007fea3c740da8
5717:             1             16  org.glassfish.jersey.internal.ContextResolverFactory$NullContextResolverAdapter
5718:             1             16  org.glassfish.jersey.internal.LocalizationMessages$BundleSupplier
5719:             1             16  org.glassfish.jersey.internal.ServiceFinder$DefaultServiceIteratorProvider
5720:             1             16  org.glassfish.jersey.internal.config.SystemPropertiesConfigurationModel$$Lambda/0x00007fea3c7198c0
5721:             1             16  org.glassfish.jersey.internal.config.SystemPropertiesConfigurationModel$$Lambda/0x00007fea3c719af0
5722:             1             16  org.glassfish.jersey.internal.config.SystemPropertiesConfigurationModel$$Lambda/0x00007fea3c719f38
5723:             1             16  org.glassfish.jersey.internal.config.SystemPropertiesConfigurationModel$$Lambda/0x00007fea3c71a440
5724:             1             16  org.glassfish.jersey.internal.guava.CacheBuilder$1
5725:             1             16  org.glassfish.jersey.internal.guava.Equivalence$Equals
5726:             1             16  org.glassfish.jersey.internal.guava.Iterators$1
5727:             1             16  org.glassfish.jersey.internal.guava.Iterators$2
5728:             1             16  org.glassfish.jersey.internal.guava.LocalCache$1
5729:             1             16  org.glassfish.jersey.internal.guava.LocalCache$2
5730:             1             16  org.glassfish.jersey.internal.guava.Ticker$1
5731:             1             16  org.glassfish.jersey.internal.inject.AbstractBinder$$Lambda/0x00007fea3c6a0000
5732:             1             16  org.glassfish.jersey.internal.inject.ForeignDescriptorImpl$$Lambda/0x00007fea3c83a900
5733:             1             16  org.glassfish.jersey.internal.inject.Injections$$Lambda/0x00007fea3c670d20
5734:             1             16  org.glassfish.jersey.internal.inject.ParamConverters$CharacterProvider
5735:             1             16  org.glassfish.jersey.internal.inject.ParamConverters$DateProvider
5736:             1             16  org.glassfish.jersey.internal.inject.ParamConverters$InputStreamProvider
5737:             1             16  org.glassfish.jersey.internal.inject.ParamConverters$OptionalProvider
5738:             1             16  org.glassfish.jersey.internal.inject.ParamConverters$StringConstructor
5739:             1             16  org.glassfish.jersey.internal.inject.ParamConverters$TypeFromString
5740:             1             16  org.glassfish.jersey.internal.inject.ParamConverters$TypeFromStringEnum
5741:             1             16  org.glassfish.jersey.internal.inject.ParamConverters$TypeValueOf
5742:             1             16  org.glassfish.jersey.internal.inject.Providers$$Lambda/0x00007fea3c7635d0
5743:             1             16  org.glassfish.jersey.internal.inject.Providers$$Lambda/0x00007fea3c767738
5744:             1             16  org.glassfish.jersey.internal.inject.Providers$$Lambda/0x00007fea3c767968
5745:             1             16  org.glassfish.jersey.internal.inject.Providers$$Lambda/0x00007fea3c76b868
5746:             1             16  org.glassfish.jersey.internal.inject.Providers$$Lambda/0x00007fea3c76bd08
5747:             1             16  org.glassfish.jersey.internal.inject.Providers$$Lambda/0x00007fea3c83da10
5748:             1             16  org.glassfish.jersey.internal.inject.Providers$$Lambda/0x00007fea3c83de70
5749:             1             16  org.glassfish.jersey.internal.routing.CombinedMediaType$1
5750:             1             16  org.glassfish.jersey.internal.util.ReflectionHelper$$Lambda/0x00007fea3c663cb8
5751:             1             16  org.glassfish.jersey.internal.util.ReflectionHelper$1
5752:             1             16  org.glassfish.jersey.internal.util.ReflectionHelper$11
5753:             1             16  org.glassfish.jersey.internal.util.collection.Cache$$Lambda/0x00007fea3c69c9b8
5754:             1             16  org.glassfish.jersey.internal.util.collection.ImmutableCollectors$$Lambda/0x00007fea3c732c20
5755:             1             16  org.glassfish.jersey.internal.util.collection.ImmutableCollectors$$Lambda/0x00007fea3c732e30
5756:             1             16  org.glassfish.jersey.internal.util.collection.ImmutableCollectors$$Lambda/0x00007fea3c733050
5757:             1             16  org.glassfish.jersey.internal.util.collection.ImmutableCollectors$$Lambda/0x00007fea3c733288
5758:             1             16  org.glassfish.jersey.internal.util.collection.StringIgnoreCaseKeyComparator
5759:             1             16  org.glassfish.jersey.internal.util.collection.Values$1
5760:             1             16  org.glassfish.jersey.internal.util.collection.Values$2
5761:             1             16  org.glassfish.jersey.jackson.internal.JacksonAutoDiscoverable
5762:             1             16  org.glassfish.jersey.logging.LoggingFeatureAutoDiscoverable
5763:             1             16  org.glassfish.jersey.media.multipart.MultiPartFeature
5764:             1             16  org.glassfish.jersey.media.multipart.MultiPartFeatureAutodiscoverable
5765:             1             16  org.glassfish.jersey.media.multipart.internal.FormDataParamInjectionFeature
5766:             1             16  org.glassfish.jersey.message.internal.AcceptableMediaType$1
5767:             1             16  org.glassfish.jersey.message.internal.BasicTypesMessageProvider
5768:             1             16  org.glassfish.jersey.message.internal.ByteArrayProvider
5769:             1             16  org.glassfish.jersey.message.internal.CacheControlProvider
5770:             1             16  org.glassfish.jersey.message.internal.CommittingOutputStream$$Lambda/0x00007fea3c8405c0
5771:             1             16  org.glassfish.jersey.message.internal.CookieProvider
5772:             1             16  org.glassfish.jersey.message.internal.DataSourceProvider
5773:             1             16  org.glassfish.jersey.message.internal.DateProvider
5774:             1             16  org.glassfish.jersey.message.internal.EntityTagProvider
5775:             1             16  org.glassfish.jersey.message.internal.EnumMessageProvider
5776:             1             16  org.glassfish.jersey.message.internal.FileProvider
5777:             1             16  org.glassfish.jersey.message.internal.FormProvider
5778:             1             16  org.glassfish.jersey.message.internal.HttpHeaderReader$1
5779:             1             16  org.glassfish.jersey.message.internal.HttpHeaderReader$AcceptableLanguageTagListReader$1
5780:             1             16  org.glassfish.jersey.message.internal.HttpHeaderReader$AcceptableMediaTypeListReader$1
5781:             1             16  org.glassfish.jersey.message.internal.HttpHeaderReader$AcceptableTokenListReader$1
5782:             1             16  org.glassfish.jersey.message.internal.HttpHeaderReader$MediaTypeListReader$1
5783:             1             16  org.glassfish.jersey.message.internal.HttpHeaderReader$QualitySourceMediaTypeListReader$1
5784:             1             16  org.glassfish.jersey.message.internal.HttpHeaderReader$StringListReader$1
5785:             1             16  org.glassfish.jersey.message.internal.InboundMessageContext$1
5786:             1             16  org.glassfish.jersey.message.internal.InputStreamProvider
5787:             1             16  org.glassfish.jersey.message.internal.LinkProvider
5788:             1             16  org.glassfish.jersey.message.internal.LocaleProvider
5789:             1             16  org.glassfish.jersey.message.internal.MediaTypeProvider
5790:             1             16  org.glassfish.jersey.message.internal.MediaTypes$$Lambda/0x00007fea3c767d70
5791:             1             16  org.glassfish.jersey.message.internal.MediaTypes$$Lambda/0x00007fea3c867a88
5792:             1             16  org.glassfish.jersey.message.internal.MediaTypes$$Lambda/0x00007fea3c867cc8
5793:             1             16  org.glassfish.jersey.message.internal.MediaTypes$$Lambda/0x00007fea3c86c000
5794:             1             16  org.glassfish.jersey.message.internal.MediaTypes$1
5795:             1             16  org.glassfish.jersey.message.internal.MediaTypes$2
5796:             1             16  org.glassfish.jersey.message.internal.MessageBodyFactory$$Lambda/0x00007fea3c716c00
5797:             1             16  org.glassfish.jersey.message.internal.MessageBodyFactory$$Lambda/0x00007fea3c71f8f0
5798:             1             16  org.glassfish.jersey.message.internal.MessageBodyFactory$$Lambda/0x00007fea3c71fd08
5799:             1             16  org.glassfish.jersey.message.internal.MessageBodyFactory$1
5800:             1             16  org.glassfish.jersey.message.internal.MessageBodyFactory$2
5801:             1             16  org.glassfish.jersey.message.internal.NewCookieProvider
5802:             1             16  org.glassfish.jersey.message.internal.Quality$1
5803:             1             16  org.glassfish.jersey.message.internal.Quality$2
5804:             1             16  org.glassfish.jersey.message.internal.QualitySourceMediaType$1
5805:             1             16  org.glassfish.jersey.message.internal.ReaderProvider
5806:             1             16  org.glassfish.jersey.message.internal.RenderedImageProvider
5807:             1             16  org.glassfish.jersey.message.internal.SourceProvider$StreamSourceReader
5808:             1             16  org.glassfish.jersey.message.internal.StreamingOutputProvider
5809:             1             16  org.glassfish.jersey.message.internal.StringHeaderProvider
5810:             1             16  org.glassfish.jersey.message.internal.StringMessageProvider
5811:             1             16  org.glassfish.jersey.message.internal.TracingLogger$1
5812:             1             16  org.glassfish.jersey.message.internal.UriProvider
5813:             1             16  org.glassfish.jersey.model.ContractProvider$Builder$$Lambda/0x00007fea3c66e000
5814:             1             16  org.glassfish.jersey.model.Parameter$$Lambda/0x00007fea3c6b37c0
5815:             1             16  org.glassfish.jersey.model.Parameter$$Lambda/0x00007fea3c6b4150
5816:             1             16  org.glassfish.jersey.model.Parameter$$Lambda/0x00007fea3c6b4598
5817:             1             16  org.glassfish.jersey.model.Parameter$$Lambda/0x00007fea3c6b47a8
5818:             1             16  org.glassfish.jersey.model.Parameter$$Lambda/0x00007fea3c6b49c8
5819:             1             16  org.glassfish.jersey.model.Parameter$ParameterService
5820:             1             16  org.glassfish.jersey.model.internal.CommonConfig$$Lambda/0x00007fea3c728000
5821:             1             16  org.glassfish.jersey.model.internal.CommonConfig$$Lambda/0x00007fea3c72ab20
5822:             1             16  org.glassfish.jersey.model.internal.ComponentBag$$Lambda/0x00007fea3c666360
5823:             1             16  org.glassfish.jersey.model.internal.ComponentBag$$Lambda/0x00007fea3c6669c8
5824:             1             16  org.glassfish.jersey.model.internal.ComponentBag$$Lambda/0x00007fea3c666c08
5825:             1             16  org.glassfish.jersey.model.internal.ComponentBag$$Lambda/0x00007fea3c666e48
5826:             1             16  org.glassfish.jersey.model.internal.ComponentBag$$Lambda/0x00007fea3c667088
5827:             1             16  org.glassfish.jersey.model.internal.ComponentBag$$Lambda/0x00007fea3c6672c8
5828:             1             16  org.glassfish.jersey.model.internal.ComponentBag$$Lambda/0x00007fea3c667508
5829:             1             16  org.glassfish.jersey.model.internal.ComponentBag$$Lambda/0x00007fea3c667b38
5830:             1             16  org.glassfish.jersey.model.internal.ComponentBag$$Lambda/0x00007fea3c729bb8
5831:             1             16  org.glassfish.jersey.model.internal.ComponentBag$$Lambda/0x00007fea3c72a910
5832:             1             16  org.glassfish.jersey.server.ApplicationHandler$1
5833:             1             16  org.glassfish.jersey.server.ChunkedResponseWriter
5834:             1             16  org.glassfish.jersey.server.ComponentProviderConfigurator$$Lambda/0x00007fea3c708520
5835:             1             16  org.glassfish.jersey.server.ComponentProviderConfigurator$$Lambda/0x00007fea3c708940
5836:             1             16  org.glassfish.jersey.server.ComponentProviderConfigurator$$Lambda/0x00007fea3c7633b0
5837:             1             16  org.glassfish.jersey.server.DefaultExceptionMapper
5838:             1             16  org.glassfish.jersey.server.ExternalRequestScopeConfigurator$1
5839:             1             16  org.glassfish.jersey.server.ModelProcessorConfigurator$$Lambda/0x00007fea3c759838
5840:             1             16  org.glassfish.jersey.server.ModelProcessorConfigurator$$Lambda/0x00007fea3c759a78
5841:             1             16  org.glassfish.jersey.server.ResourceModelConfigurator$$Lambda/0x00007fea3c75d768
5842:             1             16  org.glassfish.jersey.server.ServerRuntime$Responder$$Lambda/0x00007fea3c84d488
5843:             1             16  org.glassfish.jersey.server.ServerRuntime$Responder$$Lambda/0x00007fea3c84d908
5844:             1             16  org.glassfish.jersey.server.filter.internal.ServerFiltersAutoDiscoverable
5845:             1             16  org.glassfish.jersey.server.internal.LocalizationMessages$BundleSupplier
5846:             1             16  org.glassfish.jersey.server.internal.MappableExceptionWrapperInterceptor
5847:             1             16  org.glassfish.jersey.server.internal.monitoring.EmptyRequestEventBuilder
5848:             1             16  org.glassfish.jersey.server.internal.routing.AbstractMethodSelectingRouter$1
5849:             1             16  org.glassfish.jersey.server.internal.routing.MatchedEndpointExtractorStage
5850:             1             16  org.glassfish.jersey.server.internal.routing.PushMatchedUriRouter
5851:             1             16  org.glassfish.jersey.server.internal.routing.Routers$1
5852:             1             16  org.glassfish.jersey.server.internal.routing.UriRoutingContext$$Lambda/0x00007fea3c8338f8
5853:             1             16  org.glassfish.jersey.server.model.Parameter$ServerParameterService
5854:             1             16  org.glassfish.jersey.server.model.ResourceMethod$Builder$$Lambda/0x00007fea3c74bef0
5855:             1             16  org.glassfish.jersey.server.model.ResourceMethodValidator$$Lambda/0x00007fea3c771cd8
5856:             1             16  org.glassfish.jersey.server.model.RuntimeResource$$Lambda/0x00007fea3c75fab8
5857:             1             16  org.glassfish.jersey.server.model.RuntimeResource$1
5858:             1             16  org.glassfish.jersey.server.model.internal.ModelErrors$$Lambda/0x00007fea3c7747e8
5859:             1             16  org.glassfish.jersey.server.model.internal.ResourceMethodInvocationHandlerFactory$$Lambda/0x00007fea3c769fe0
5860:             1             16  org.glassfish.jersey.server.spi.internal.ParameterValueHelper$$Lambda/0x00007fea3c76f3a8
5861:             1             16  org.glassfish.jersey.server.wadl.WadlFeature
5862:             1             16  org.glassfish.jersey.servlet.WebComponent$$Lambda/0x00007fea3c6629a0
5863:             1             16  org.glassfish.jersey.servlet.WebComponent$$Lambda/0x00007fea3c778800
5864:             1             16  org.glassfish.jersey.servlet.WebComponent$3
5865:             1             16  org.glassfish.jersey.spi.AbstractThreadPoolProvider$$Lambda/0x00007fea3c77b330
5866:             1             16  org.glassfish.jersey.uri.PathPattern$1
5867:             1             16  org.glassfish.jersey.uri.PatternWithGroups$EmptyStringMatchResult
5868:             1             16  org.glassfish.jersey.uri.UriTemplate$$Lambda/0x00007fea3c83d3b8
5869:             1             16  org.glassfish.jersey.uri.UriTemplate$1
5870:             1             16  org.jboss.threads.ContextHandler$1
5871:             1             16  org.jboss.threads.DiscardingExecutor
5872:             1             16  org.jboss.threads.JBossExecutors$3
5873:             1             16  org.jboss.threads.Version$$Lambda/0x00007fea3c798418
5874:             1             16  org.jvnet.hk2.external.generator.ServiceLocatorGeneratorImpl
5875:             1             16  org.jvnet.hk2.internal.PerLookupContext
5876:             1             16  org.jvnet.hk2.internal.Utilities$4
5877:             1             16  org.reflections.ReflectionUtils$$Lambda/0x00007fea3c62a000
5878:             1             16  org.reflections.ReflectionUtils$$Lambda/0x00007fea3c62b698
5879:             1             16  org.reflections.ReflectionUtils$$Lambda/0x00007fea3c62db80
5880:             1             16  org.reflections.ReflectionUtils$$Lambda/0x00007fea3c62dfb0
5881:             1             16  org.reflections.ReflectionUtils$$Lambda/0x00007fea3c62e1f0
5882:             1             16  org.reflections.ReflectionUtils$$Lambda/0x00007fea3c62ead8
5883:             1             16  org.reflections.ReflectionUtils$$Lambda/0x00007fea3c62ed18
5884:             1             16  org.reflections.ReflectionUtils$$Lambda/0x00007fea3c62ef58
5885:             1             16  org.reflections.ReflectionUtils$$Lambda/0x00007fea3c62f198
5886:             1             16  org.reflections.ReflectionUtils$$Lambda/0x00007fea3c62fbd8
5887:             1             16  org.reflections.ReflectionUtils$1
5888:             1             16  org.reflections.ReflectionUtils$2
5889:             1             16  org.reflections.ReflectionUtils$2$$Lambda/0x00007fea3c62a648
5890:             1             16  org.reflections.ReflectionUtils$3
5891:             1             16  org.reflections.Reflections$$Lambda/0x00007fea3c616888
5892:             1             16  org.reflections.Reflections$$Lambda/0x00007fea3c616ab8
5893:             1             16  org.reflections.Reflections$$Lambda/0x00007fea3c616ce8
5894:             1             16  org.reflections.Reflections$$Lambda/0x00007fea3c629ba0
5895:             1             16  org.reflections.Reflections$$Lambda/0x00007fea3c62c450
5896:             1             16  org.reflections.Reflections$$Lambda/0x00007fea3c62c680
5897:             1             16  org.reflections.Reflections$$Lambda/0x00007fea3c62c8b0
5898:             1             16  org.reflections.Reflections$$Lambda/0x00007fea3c62caf0
5899:             1             16  org.reflections.Reflections$$Lambda/0x00007fea3c62cd20
5900:             1             16  org.reflections.Reflections$$Lambda/0x00007fea3c62cf30
5901:             1             16  org.reflections.Reflections$$Lambda/0x00007fea3c62d160
5902:             1             16  org.reflections.Reflections$$Lambda/0x00007fea3c62d370
5903:             1             16  org.reflections.Reflections$$Lambda/0x00007fea3c630000
5904:             1             16  org.reflections.scanners.Scanners$$Lambda/0x00007fea3c6154d0
5905:             1             16  org.reflections.util.ConfigurationBuilder$$Lambda/0x00007fea3c615e48
5906:             1             16  org.reflections.util.JavassistHelper$$Lambda/0x00007fea3c623f38
5907:             1             16  org.reflections.util.JavassistHelper$$Lambda/0x00007fea3c624168
5908:             1             16  org.reflections.util.JavassistHelper$$Lambda/0x00007fea3c627348
5909:             1             16  org.reflections.util.NameHelper$$Lambda/0x00007fea3c631650
5910:             1             16  org.reflections.util.NameHelper$$Lambda/0x00007fea3c6331a8
5911:             1             16  org.reflections.util.NameHelper$$Lambda/0x00007fea3c6333e8
5912:             1             16  org.reflections.util.QueryFunction$$Lambda/0x00007fea3c62a858
5913:             1             16  org.reflections.util.QueryFunction$$Lambda/0x00007fea3c62b8a8
5914:             1             16  org.reflections.util.QueryFunction$$Lambda/0x00007fea3c62bad8
5915:             1             16  org.reflections.util.QueryFunction$$Lambda/0x00007fea3c631ed8
5916:             1             16  org.reflections.vfs.ZipDir$$Lambda/0x00007fea3c6195c8
5917:             1             16  org.slf4j.helpers.NOPLoggerFactory
5918:             1             16  org.slf4j.helpers.NOPMDCAdapter
5919:             1             16  org.wildfly.common.context.ContextManager$$Lambda/0x00007fea3c790000
5920:             1             16  org.xnio.Buffers$5
5921:             1             16  org.xnio.ChannelListeners$1
5922:             1             16  org.xnio.ChannelListeners$2
5923:             1             16  org.xnio.ChannelListeners$23
5924:             1             16  org.xnio.ChannelListeners$3
5925:             1             16  org.xnio.IoUtils$10
5926:             1             16  org.xnio.IoUtils$4
5927:             1             16  org.xnio.IoUtils$5
5928:             1             16  org.xnio.IoUtils$6
5929:             1             16  org.xnio.IoUtils$8
5930:             1             16  org.xnio.IoUtils$ManagerNotifier
5931:             1             16  org.xnio.IoUtils$ResultNotifier
5932:             1             16  org.xnio.Option$1
5933:             1             16  org.xnio.Option$2
5934:             1             16  org.xnio.Option$3
5935:             1             16  org.xnio.Option$4
5936:             1             16  org.xnio.Option$5
5937:             1             16  org.xnio.Option$6
5938:             1             16  org.xnio.Option$7
5939:             1             16  org.xnio.Option$8
5940:             1             16  org.xnio.StreamConnection$$Lambda/0x00007fea3c81e490
5941:             1             16  org.xnio.Xnio$1
5942:             1             16  org.xnio.XnioWorker$$Lambda/0x00007fea3c7879d8
5943:             1             16  org.xnio.XnioWorker$$Lambda/0x00007fea3c790440
5944:             1             16  org.xnio.XnioWorker$$Lambda/0x00007fea3c790650
5945:             1             16  org.xnio.XnioWorker$5
5946:             1             16  org.xnio.XnioWorker$6
5947:             1             16  org.xnio.channels.Configurable$1
5948:             1             16  org.yaml.snakeyaml.external.com.google.gdata.util.common.base.UnicodeEscaper$2
5949:             1             16  picocli.CommandLine$Help$ColorScheme$1
5950:             1             16  sun.management.ManagementFactoryHelper$$Lambda/0x00007fea3c35c418 (java.management@21.0.6)
5951:             1             16  sun.management.ThreadImpl$$Lambda/0x00007fea3c6d18c8 (java.management@21.0.6)
5952:             1             16  sun.misc.Unsafe (jdk.unsupported@21.0.6)
5953:             1             16  sun.net.spi.DefaultProxySelector (java.base@21.0.6)
5954:             1             16  sun.net.www.protocol.file.Handler (java.base@21.0.6)
5955:             1             16  sun.net.www.protocol.jar.Handler (java.base@21.0.6)
5956:             1             16  sun.net.www.protocol.jar.JarFileFactory (java.base@21.0.6)
5957:             1             16  sun.net.www.protocol.jrt.Handler (java.base@21.0.6)
5958:             1             16  sun.nio.ch.DefaultSelectorProvider$$Lambda/0x00007fea3c3d2548 (java.base@21.0.6)
5959:             1             16  sun.nio.ch.EPollSelectorProvider (java.base@21.0.6)
5960:             1             16  sun.nio.ch.ExtendedSocketOption$1 (java.base@21.0.6)
5961:             1             16  sun.nio.ch.FileChannelImpl$2 (java.base@21.0.6)
5962:             1             16  sun.nio.ch.FileChannelImpl$3 (java.base@21.0.6)
5963:             1             16  sun.nio.ch.FileDispatcherImpl (java.base@21.0.6)
5964:             1             16  sun.nio.ch.Net$1 (java.base@21.0.6)
5965:             1             16  sun.nio.ch.Util$1 (java.base@21.0.6)
5966:             1             16  sun.nio.fs.NativeBuffers$1 (java.base@21.0.6)
5967:             1             16  sun.reflect.generics.tree.BooleanSignature (java.base@21.0.6)
5968:             1             16  sun.reflect.generics.tree.BottomSignature (java.base@21.0.6)
5969:             1             16  sun.reflect.generics.tree.ByteSignature (java.base@21.0.6)
5970:             1             16  sun.reflect.generics.tree.IntSignature (java.base@21.0.6)
5971:             1             16  sun.reflect.generics.tree.LongSignature (java.base@21.0.6)
5972:             1             16  sun.reflect.generics.tree.VoidDescriptor (java.base@21.0.6)
5973:             1             16  sun.security.pkcs11.SunPKCS11$$Lambda/0x00007fea3c3b6c98 (jdk.crypto.cryptoki@21.0.6)
5974:             1             16  sun.security.provider.AbstractDrbg$$Lambda/0x00007fea3c3d5fd8 (java.base@21.0.6)
5975:             1             16  sun.security.provider.DRBG$$Lambda/0x00007fea3c3d4b18 (java.base@21.0.6)
5976:             1             16  sun.security.util.AlgorithmDecomposer (java.base@21.0.6)
5977:             1             16  sun.security.util.ByteArrayLexOrder (java.base@21.0.6)
5978:             1             16  sun.security.util.ByteArrayTagOrder (java.base@21.0.6)
5979:             1             16  sun.security.util.ManifestDigester$$Lambda/0x00007fea3c360470 (java.base@21.0.6)
5980:             1             16  sun.security.x509.X500Name$$Lambda/0x00007fea3c36c918 (java.base@21.0.6)
5981:             1             16  sun.util.cldr.CLDRBaseLocaleDataMetaInfo (java.base@21.0.6)
5982:             1             16  sun.util.cldr.CLDRLocaleProviderAdapter$$Lambda/0x80000005f (java.base@21.0.6)
5983:             1             16  sun.util.cldr.CLDRLocaleProviderAdapter$$Lambda/0x800000061 (java.base@21.0.6)
5984:             1             16  sun.util.locale.InternalLocaleBuilder$CaseInsensitiveChar (java.base@21.0.6)
5985:             1             16  sun.util.locale.provider.CalendarDataUtility$CalendarWeekParameterGetter (java.base@21.0.6)
5986:             1             16  sun.util.locale.provider.LocaleProviderAdapter$$Lambda/0x800000068 (java.base@21.0.6)
5987:             1             16  sun.util.locale.provider.LocaleProviderAdapter$$Lambda/0x800000069 (java.base@21.0.6)
5988:             1             16  sun.util.locale.provider.TimeZoneNameUtility$TimeZoneNameGetter (java.base@21.0.6)
5989:             1             16  sun.util.logging.internal.LoggingProviderImpl (java.logging@21.0.6)
5990:             1             16  sun.util.resources.LocaleData$LocaleDataStrategy (java.base@21.0.6)
5991:             1             16  sun.util.resources.cldr.provider.CLDRLocaleDataMetaInfo (jdk.localedata@21.0.6)
Total        788831       57796272
