9:
 num     #instances         #bytes  class name (module)
-------------------------------------------------------
   1:        577675      107099088  [Ljava.lang.Object; (java.base@21.0.6)
   2:        343253       25183192  [B (java.base@21.0.6)
   3:         24024       24984424  [Lio.netty.handler.codec.http2.HpackHeaderField;
   4:         77094       20703064  [J (java.base@21.0.6)
   5:        130783       16346208  [I (java.base@21.0.6)
   6:        243202        7782464  java.lang.String (java.base@21.0.6)
   7:         24006        6337584  io.grpc.netty.NettyClientHandler
   8:         75710        6056672  [S (java.base@21.0.6)
   9:        177145        5668640  java.util.ArrayList (java.base@21.0.6)
  10:         10905        5408880  io.grpc.internal.ManagedChannelImpl
  11:         24045        5386080  io.netty.channel.epoll.EpollSocketChannel
  12:         48134        5199072  [Lio.netty.util.internal.PriorityQueueNode;
  13:         24006        5185296  io.grpc.netty.NettyClientTransport
  14:         37453        4730288  [Ljava.util.HashMap$Node; (java.base@21.0.6)
  15:         49497        4355736  java.util.LinkedHashMap (java.base@21.0.6)
  16:         48058        4229104  io.netty.channel.DefaultChannelHandlerContext
  17:         70414        3943184  java.util.IdentityHashMap (java.base@21.0.6)
  18:         44697        3575760  java.lang.StackTraceElement (java.base@21.0.6)
  19:         48198        3470256  io.netty.util.collection.IntObjectHashMap
  20:         24023        3465840  [Lio.netty.handler.codec.http2.HpackEncoder$NameEntry;
  21:         24023        3465840  [Lio.netty.handler.codec.http2.HpackEncoder$NameValueEntry;
  22:         48046        3459312  io.netty.handler.codec.http2.DefaultHttp2Connection$DefaultEndpoint
  23:         96907        3101024  java.util.ArrayDeque (java.base@21.0.6)
  24:         15480        3005224  java.lang.Class (java.base@21.0.6)
  25:         46196        2956544  java.util.HashMap (java.base@21.0.6)
  26:         90889        2908448  java.util.concurrent.atomic.LongAdder (java.base@21.0.6)
  27:        120115        2882760  io.netty.handler.codec.http2.DefaultHttp2Connection$DefaultPropertyKey
  28:         24023        2690576  io.grpc.internal.TransportTracer
  29:         67097        2683880  java.util.HashMap$Node (java.base@21.0.6)
  30:         65911        2636440  java.net.InetAddress$InetAddressHolder (java.base@21.0.6)
  31:         11206        2599792  io.grpc.internal.InternalSubchannel
  32:         24193        2516072  io.netty.handler.codec.http2.WeightedFairQueueByteDistributor$State
  33:         24069        2310624  io.netty.channel.DefaultChannelPipeline$HeadContext
  34:         57067        2282680  io.grpc.InternalLogId
  35:         68464        2190848  java.util.Collections$UnmodifiableRandomAccessList (java.base@21.0.6)
  36:         90362        2168688  io.grpc.internal.ReflectionLongAdderCounter
  37:         24069        2118072  io.netty.channel.ChannelOutboundBuffer
  38:         24069        2118072  io.netty.channel.DefaultChannelPipeline$TailContext
  39:         24023        2114024  io.netty.handler.codec.http2.DefaultHttp2ConnectionDecoder
  40:         24023        2114024  io.netty.handler.codec.http2.HpackEncoder
  41:         49981        1999240  java.util.concurrent.ConcurrentHashMap$Node (java.base@21.0.6)
  42:         49861        1994440  io.netty.util.AsciiString
  43:         24092        1927360  java.util.TreeMap (java.base@21.0.6)
  44:         24069        1925520  io.netty.channel.DefaultChannelPipeline
  45:         24045        1923600  io.netty.channel.epoll.EpollSocketChannel$EpollSocketChannelUnsafe
  46:         24045        1923600  io.netty.channel.epoll.EpollSocketChannelConfig
  47:         24023        1921840  io.netty.handler.codec.http2.DefaultHttp2Connection
  48:         24006        1920480  io.grpc.internal.CallCredentialsApplyingTransportFactory$CallCredentialsApplyingTransport
  49:         24023        1729656  io.grpc.netty.AbstractNettyHandler$FlowControlPinger
  50:         24023        1729656  io.netty.handler.codec.http2.Http2Settings
  51:         23989        1727208  io.grpc.StatusException
  52:         10984        1581696  java.net.URI (java.base@21.0.6)
  53:         48303        1545696  io.netty.util.internal.DefaultPriorityQueue
  54:         24069        1540416  io.netty.channel.AbstractChannel$CloseFuture
  55:         48138        1540416  io.netty.channel.VoidChannelPromise
  56:         24023        1537472  io.netty.handler.codec.http2.DefaultHttp2Connection$ConnectionStream
  57:         24023        1537472  io.netty.handler.codec.http2.DefaultHttp2LocalFlowController$AutoRefillState
  58:         24023        1537472  io.netty.handler.codec.http2.DefaultHttp2RemoteFlowController
  59:         24023        1537472  io.netty.handler.codec.http2.WeightedFairQueueByteDistributor
  60:         46554        1489728  java.util.Collections$SetFromMap (java.base@21.0.6)
  61:         11838        1420560  java.lang.reflect.Constructor (java.base@21.0.6)
  62:         43891        1404512  java.net.InetSocketAddress$InetSocketAddressHolder (java.base@21.0.6)
  63:         43889        1404448  java.net.Inet4Address (java.base@21.0.6)
  64:         43702        1398464  io.grpc.EquivalentAddressGroup
  65:         24686        1382416  io.netty.handler.codec.http2.HpackEncoder$NameValueEntry
  66:         24023        1345288  io.netty.handler.codec.http2.DefaultHttp2ConnectionEncoder
  67:         24023        1345288  io.netty.handler.codec.http2.DefaultHttp2FrameReader
  68:         24023        1345288  io.netty.handler.codec.http2.DefaultHttp2LocalFlowController
  69:         24023        1345288  io.netty.handler.codec.http2.DefaultHttp2RemoteFlowController$FlowState
  70:         24023        1345288  io.netty.handler.codec.http2.HpackDecoder
  71:         24006        1344336  io.netty.handler.codec.http2.StreamBufferingEncoder
  72:         23989        1343384  java.nio.channels.UnresolvedAddressException (java.base@21.0.6)
  73:         41548        1329536  java.util.concurrent.ConcurrentLinkedQueue$Node (java.base@21.0.6)
  74:         10905        1308600  io.grpc.netty.NettyChannelBuilder$NettyTransportFactory
  75:         24426        1296656  [C (java.base@21.0.6)
  76:         22113        1238328  io.grpc.internal.CallTracer
  77:         76676        1226816  java.lang.Object (java.base@21.0.6)
  78:         48426        1162224  java.lang.Long (java.base@21.0.6)
  79:         48198        1156752  io.netty.util.collection.IntObjectHashMap$1
  80:         48198        1156752  io.netty.util.collection.IntObjectHashMap$EntrySet
  81:         48198        1156752  io.netty.util.collection.IntObjectHashMap$KeySet
  82:         24023        1153104  io.grpc.netty.WriteQueue
  83:         24023        1153104  io.netty.handler.codec.http2.DefaultHttp2Connection$ActiveStreams
  84:         24023        1153104  io.netty.handler.codec.http2.HpackDynamicTable
  85:         24023        1153104  io.netty.handler.codec.http2.HpackHuffmanEncoder
  86:         23989        1151472  io.grpc.netty.ProtocolNegotiators$WaitUntilActiveHandler
  87:         20373        1140888  java.util.LinkedHashMap$Entry (java.base@21.0.6)
  88:         46963        1127112  java.util.LinkedHashSet (java.base@21.0.6)
  89:         35000        1120000  java.util.concurrent.ConcurrentLinkedQueue (java.base@21.0.6)
  90:         46339        1112136  java.util.IdentityHashMap$KeySet (java.base@21.0.6)
  91:         27740        1109600  io.grpc.Status
  92:         22111        1061328  io.grpc.internal.ChannelTracer
  93:         43891        1053384  java.net.InetSocketAddress (java.base@21.0.6)
  94:         10905        1046880  io.grpc.internal.DelayedClientTransport
  95:         24069         962760  io.netty.channel.DefaultChannelId
  96:         24046         961840  io.netty.channel.AdaptiveRecvByteBufAllocator
  97:         24023         960920  io.grpc.netty.Utils$FlowControlReader
  98:         24023         960920  io.netty.handler.codec.http2.DefaultHttp2HeadersEncoder
  99:         24023         960920  io.netty.handler.codec.http2.HpackHuffmanEncoder$EncodeProcessor
 100:         24006         960240  io.grpc.netty.ClientTransportLifecycleManager
 101:         24006         960240  io.grpc.netty.GrpcHttp2HeadersUtils$GrpcHttp2ClientHeadersDecoder
 102:         10905         959640  io.grpc.NameResolver$Args
 103:         23989         959560  io.grpc.netty.WriteBufferingAndExceptionHandler
 104:         11206         896480  io.grpc.internal.ManagedChannelImpl$SubchannelImpl
 105:         22130         885200  com.google.common.base.Stopwatch
 106:         22022         880880  java.net.Inet6Address (java.base@21.0.6)
 107:         22022         880880  java.net.Inet6Address$Inet6AddressHolder (java.base@21.0.6)
 108:         10906         872480  com.google.common.collect.SingletonImmutableBiMap
 109:         21810         872400  io.grpc.internal.CallCredentialsApplyingTransportFactory
 110:           508         855664  [Ljava.util.concurrent.ConcurrentHashMap$Node; (java.base@21.0.6)
 111:         33473         803352  java.util.HashSet (java.base@21.0.6)
 112:         10994         791568  java.net.NetworkInterface (java.base@21.0.6)
 113:         24103         771296  io.netty.channel.SucceededChannelFuture
 114:         24069         770208  io.netty.util.internal.logging.LocationAwareSlf4JLogger
 115:         24023         768736  io.netty.handler.codec.http2.DefaultHttp2Connection$DefaultStream$PropertyMap
 116:         24023         768736  io.netty.handler.codec.http2.DefaultHttp2Connection$PropertyKeyRegistry
 117:         24023         768736  io.netty.handler.codec.http2.DefaultHttp2RemoteFlowController$WritabilityMonitor
 118:         24023         768736  io.netty.handler.codec.http2.HpackHuffmanDecoder
 119:         24023         768736  io.netty.handler.codec.http2.HpackHuffmanEncoder$EncodedLengthProcessor
 120:         24023         768736  io.netty.handler.codec.http2.Http2FrameLogger
 121:         24023         768736  io.netty.handler.codec.http2.Http2InboundFrameLogger
 122:         24023         768736  io.netty.handler.codec.http2.Http2OutboundFrameLogger
 123:         24006         768192  io.grpc.internal.AtomicBackoff$State
 124:         24006         768192  io.grpc.internal.InternalSubchannel$CallTracingTransport
 125:         24006         768192  io.grpc.internal.InternalSubchannel$TransportListener
 126:         24006         768192  io.grpc.netty.NettyChannelBuilder$NettyTransportFactory$1
 127:         24006         768192  io.grpc.netty.NettyClientHandler$1
 128:         24006         768192  io.grpc.netty.NettyClientHandler$2
 129:         22111         707552  io.grpc.internal.ChannelLoggerImpl
 130:         21987         703584  java.net.InterfaceAddress (java.base@21.0.6)
 131:         21810         697920  io.grpc.internal.ManagedChannelImpl$ExecutorHolder
 132:         10905         697920  io.grpc.internal.Rescheduler
 133:         42108         673728  java.util.concurrent.atomic.AtomicBoolean (java.base@21.0.6)
 134:         37634         602144  java.lang.Integer (java.base@21.0.6)
 135:          6178         593088  io.netty.buffer.PoolSubpage
 136:         24480         587520  java.util.concurrent.atomic.AtomicLong (java.base@21.0.6)
 137:         24069         577656  io.netty.channel.VoidChannelPromise$1
 138:         24069         577656  io.netty.channel.epoll.AbstractEpollChannel$AbstractEpollUnsafe$1
 139:         24069         577656  io.netty.channel.epoll.LinuxSocket
 140:         24045         577080  io.netty.channel.epoll.AbstractEpollStreamChannel$1
 141:         24024         576576  io.grpc.Attributes
 142:         24023         576552  io.grpc.netty.WriteQueue$1
 143:         24023         576552  io.netty.handler.codec.http2.DefaultHttp2FrameWriter
 144:         24023         576552  io.netty.handler.codec.http2.DefaultHttp2LocalFlowController$1
 145:         24023         576552  io.netty.handler.codec.http2.DefaultHttp2RemoteFlowController$1
 146:         24023         576552  io.netty.handler.codec.http2.WeightedFairQueueByteDistributor$1
 147:         24023         576552  io.netty.util.collection.CharObjectHashMap$1
 148:         24023         576552  io.netty.util.collection.CharObjectHashMap$EntrySet
 149:         24023         576552  io.netty.util.collection.CharObjectHashMap$KeySet
 150:         24006         576144  io.grpc.internal.CallCredentialsApplyingTransportFactory$CallCredentialsApplyingTransport$1
 151:         24006         576144  io.grpc.internal.InternalSubchannel$TransportLogger
 152:         24006         576144  io.grpc.netty.NettyClientHandler$FrameListener
 153:         24006         576144  io.grpc.netty.NettyClientHandler$PingCountingFrameWriter
 154:         24006         576144  io.netty.handler.codec.http2.StreamBufferingEncoder$1
 155:         23989         575736  io.grpc.netty.ProtocolNegotiators$GrpcNegotiationHandler
 156:         23989         575736  io.netty.handler.codec.http2.DefaultHttp2ConnectionDecoder$PrefaceFrameListener
 157:          3975         572400  java.lang.reflect.Method (java.base@21.0.6)
 158:         11617         557616  java.lang.ref.WeakReference (java.base@21.0.6)
 159:         11207         537936  io.grpc.internal.AutoConfiguredLoadBalancerFactory$AutoConfiguredLoadBalancer
 160:         22010         528240  java.util.HashMap$KeySet (java.base@21.0.6)
 161:         21949         526776  java.util.concurrent.atomic.AtomicReference (java.base@21.0.6)
 162:         21818         523632  io.grpc.internal.FixedObjectPool
 163:         10905         523440  io.grpc.internal.ManagedChannelImpl$RealChannel
 164:         10905         523440  io.grpc.internal.ManagedChannelImpl$UncommittedRetriableStreamsRegistry
 165:         10904         523392  io.grpc.NameResolverRegistry
 166:         11207         448280  io.grpc.internal.PickFirstLoadBalancer
 167:         11206         448240  io.grpc.LoadBalancer$CreateSubchannelArgs
 168:         11023         440920  java.util.concurrent.CountDownLatch$Sync (java.base@21.0.6)
 169:         10905         436200  io.grpc.SynchronizationContext
 170:          3736         416952  [Ljava.lang.StackTraceElement; (java.base@21.0.6)
 171:          3546         397152  java.security.Provider$Service (java.base@21.0.6)
 172:         24793         396688  java.util.concurrent.atomic.AtomicInteger (java.base@21.0.6)
 173:          6880         385280  io.netty.util.internal.shaded.org.jctools.queues.unpadded.MpscUnpaddedArrayQueue
 174:         11207         358624  io.grpc.internal.ManagedChannelImpl$LbHelperImpl
 175:         11206         358592  io.grpc.ConnectivityStateInfo
 176:         11206         358592  io.grpc.internal.InternalSubchannel$1
 177:         11206         358592  io.grpc.internal.InternalSubchannel$Index
 178:         11206         358592  io.grpc.internal.ManagedChannelImpl$SubchannelImpl$1ManagedInternalSubchannelCallback
 179:         11206         358592  io.grpc.internal.PickFirstLoadBalancer$1
 180:         10995         351824  [Ljava.net.InetAddress; (java.base@21.0.6)
 181:         10994         351800  [Ljava.net.InterfaceAddress; (java.base@21.0.6)
 182:         10905         348960  io.grpc.internal.AtomicBackoff
 183:         10905         348960  io.grpc.internal.AutoConfiguredLoadBalancerFactory
 184:         10905         348960  io.grpc.internal.ConnectivityStateManager
 185:         10905         348960  io.grpc.internal.DelayedClientTransport$1
 186:         10905         348960  io.grpc.internal.DelayedClientTransport$2
 187:         10905         348960  io.grpc.internal.DelayedClientTransport$PickerState
 188:         10905         348960  io.grpc.internal.ManagedChannelImpl$1ChannelCallTracerFactory
 189:         10905         348960  io.grpc.internal.ManagedChannelImpl$ChannelStreamProvider
 190:         10905         348960  io.grpc.internal.ManagedChannelImpl$IdleModeStateAggregator
 191:         10905         348960  io.grpc.internal.MetricRecorderImpl
 192:         10905         348960  io.grpc.internal.ScParser
 193:          7951         318040  java.security.Provider$ServiceKey (java.base@21.0.6)
 194:           493         291856  io.netty.util.internal.shaded.org.jctools.queues.MpscChunkedArrayQueue
 195:          7009         280360  java.util.concurrent.locks.ReentrantLock$NonfairSync (java.base@21.0.6)
 196:          6946         277840  io.grpc.internal.PickFirstLoadBalancer$RequestConnectionPicker
 197:         11485         275640  java.util.LinkedHashMap$LinkedKeySet (java.base@21.0.6)
 198:          4247         271808  java.lang.invoke.MemberName (java.base@21.0.6)
 199:          6708         268320  io.netty.buffer.PoolThreadCache$SubPageMemoryRegionCache
 200:         11178         268272  java.util.HashMap$EntrySet (java.base@21.0.6)
 201:          6643         265720  java.util.Hashtable$Entry (java.base@21.0.6)
 202:         11023         264552  java.util.concurrent.CountDownLatch (java.base@21.0.6)
 203:         10910         261840  io.grpc.internal.SharedResourcePool
 204:         10909         261816  io.netty.channel.ReflectiveChannelFactory
 205:         10908         261792  io.netty.channel.WriteBufferWaterMark
 206:         10905         261720  io.grpc.internal.ManagedChannelImpl$3
 207:         10905         261720  io.grpc.internal.ManagedChannelImpl$DelayedTransportListener
 208:         10905         261720  io.grpc.internal.ManagedChannelImpl$IdleModeTimer
 209:         10905         261720  io.grpc.internal.ManagedChannelImpl$RealChannel$1
 210:         10905         261720  io.grpc.internal.ManagedChannelImpl$RestrictedScheduledExecutor
 211:         10905         261720  io.grpc.internal.RetriableStream$ChannelBufferMeter
 212:         10904         261696  io.grpc.NameResolverRegistry$NameResolverFactory
 213:         10903         261672  com.aerospike.vector.interconnect.InterconnectChannelProvider$MultiAddressNameResolverFactory
 214:         10903         261672  io.grpc.internal.NameResolverFactoryToProviderFacade
 215:          3715         208040  io.netty.channel.AbstractChannel$AnnotatedConnectException
 216:          3715         208040  java.net.ConnectException (java.base@21.0.6)
 217:           182         198496  [Lio.netty.buffer.PoolSubpage;
 218:          2941         188224  java.lang.invoke.MethodType (java.base@21.0.6)
 219:          3275         183400  java.lang.ref.SoftReference (java.base@21.0.6)
 220:          1718         183320  [Ljava.lang.String; (java.base@21.0.6)
 221:          5632         180224  com.aerospike.client.async.HashedWheelTimer$HashedWheelBucket
 222:         11208         179392  [[Ljava.lang.Object; (java.base@21.0.6)
 223:          3734         179232  io.grpc.LoadBalancer$PickResult
 224:         10994         175904  [Ljava.net.NetworkInterface; (java.base@21.0.6)
 225:         10925         174800  io.grpc.internal.ExponentialBackoffPolicy$Provider
 226:         10907         174512  io.grpc.netty.ProtocolNegotiators$PlaintextProtocolNegotiator
 227:         10905         174480  io.grpc.netty.NettyChannelBuilder$LocalSocketPicker
 228:          6593         158232  java.util.concurrent.locks.ReentrantLock (java.base@21.0.6)
 229:          2311         147904  io.grpc.internal.ExponentialBackoffPolicy
 230:          4450         142400  io.netty.util.Recycler$DefaultHandle
 231:          2942         141216  jdk.internal.util.WeakReferenceKey (java.base@21.0.6)
 232:          3747         139280  [Ljava.lang.Class; (java.base@21.0.6)
 233:           236         137824  io.netty.util.internal.shaded.org.jctools.queues.MpscUnboundedArrayQueue
 234:          2856         137088  io.netty.buffer.PoolThreadCache$MemoryRegionCache$Entry
 235:           887         135920  [Ljava.util.WeakHashMap$Entry; (java.base@21.0.6)
 236:          2092         133888  sun.util.locale.LocaleObjectCache$CacheEntry (java.base@21.0.6)
 237:          2079         133056  kotlin.reflect.jvm.internal.impl.protobuf.SmallSortedMap$1
 238:          3106         124240  java.util.concurrent.locks.AbstractQueuedSynchronizer$SharedNode (java.base@21.0.6)
 239:            10         117360  [Ljava.util.Hashtable$Entry; (java.base@21.0.6)
 240:          1778         113792  java.util.WeakHashMap$Entry (java.base@21.0.6)
 241:           796         105072  [Ljava.lang.ref.SoftReference; (java.base@21.0.6)
 242:           883          98896  io.netty.buffer.PooledUnsafeDirectByteBuf
 243:          3001          96032  java.lang.invoke.ResolvedMethodName (java.base@21.0.6)
 244:          1914          91872  java.lang.invoke.LambdaForm$Name (java.base@21.0.6)
 245:          3736          89664  io.grpc.internal.PickFirstLoadBalancer$Picker
 246:           578          83232  kotlin.reflect.jvm.internal.impl.metadata.ProtoBuf$Function
 247:          1104          79488  java.lang.invoke.DirectMethodHandle$Constructor (java.base@21.0.6)
 248:           426          74976  java.lang.Thread (java.base@21.0.6)
 249:          2314          74048  java.util.Random (java.base@21.0.6)
 250:           714          68544  java.util.concurrent.ConcurrentHashMap (java.base@21.0.6)
 251:          1161          65016  java.lang.invoke.DirectMethodHandle (java.base@21.0.6)
 252:           573          64176  kotlin.reflect.jvm.internal.impl.metadata.ProtoBuf$Type
 253:           344          60544  [Lio.netty.buffer.PoolThreadCache$MemoryRegionCache;
 254:          1424          56960  com.google.inject.Key
 255:           644          56672  io.netty.util.concurrent.ScheduledFutureTask
 256:           501          56112  java.lang.reflect.Field (java.base@21.0.6)
 257:          1725          55200  java.security.Provider$UString (java.base@21.0.6)
 258:           984          55104  java.lang.ThreadLocal$ThreadLocalMap$Entry (java.base@21.0.6)
 259:           201          54424  [Ljava.lang.ClassValue$Entry; (java.base@21.0.6)
 260:          1113          53424  kotlin.reflect.jvm.internal.impl.name.FqNameUnsafe
 261:           826          52864  java.lang.invoke.BoundMethodHandle$Species_LL (java.base@21.0.6)
 262:           596          52448  io.netty.channel.ChannelOutboundBuffer$Entry
 263:          1310          52400  sun.reflect.annotation.AnnotationInvocationHandler (java.base@21.0.6)
 264:           142          52392  [Ljava.lang.invoke.MethodHandle; (java.base@21.0.6)
 265:          1595          51040  sun.reflect.generics.tree.SimpleClassTypeSignature (java.base@21.0.6)
 266:          1063          51024  sun.util.locale.BaseLocale (java.base@21.0.6)
 267:          1046          50208  java.lang.ref.ReferenceQueue (java.base@21.0.6)
 268:          2079          49896  kotlin.reflect.jvm.internal.impl.protobuf.FieldSet
 269:           684          49248  java.util.WeakHashMap (java.base@21.0.6)
 270:           768          49152  io.netty.buffer.PoolChunkList
 271:          1024          49152  io.netty.handler.codec.CodecOutputList
 272:           428          47936  java.net.URL (java.base@21.0.6)
 273:          1196          47840  java.util.concurrent.locks.AbstractQueuedSynchronizer$ConditionObject (java.base@21.0.6)
 274:           550          47632  [Ljava.lang.invoke.LambdaForm$Name; (java.base@21.0.6)
 275:          1187          47480  com.google.inject.spi.Dependency
 276:           388          46560  com.google.common.cache.LocalCache$Segment
 277:          1439          46048  com.google.inject.TypeLiteral
 278:           315          45488  [Ljava.lang.ThreadLocal$ThreadLocalMap$Entry; (java.base@21.0.6)
 279:            22          45408  [Lcom.aerospike.client.async.HashedWheelTimer$HashedWheelBucket;
 280:          1338          42816  kotlin.reflect.jvm.internal.ReflectProperties$LazySoftVal
 281:           657          42048  java.lang.reflect.Parameter (java.base@21.0.6)
 282:          1044          41760  sun.util.locale.BaseLocale$Key (java.base@21.0.6)
 283:           400          41600  kotlin.reflect.jvm.internal.impl.metadata.ProtoBuf$Annotation$Argument$Value
 284:           545          39240  java.lang.invoke.LambdaForm (java.base@21.0.6)
 285:           488          39040  kotlin.reflect.jvm.internal.impl.metadata.ProtoBuf$ValueParameter
 286:          1600          38400  io.netty.buffer.IntPriorityQueue
 287:          1593          38232  sun.reflect.generics.tree.ClassTypeSignature (java.base@21.0.6)
 288:          1134          36288  kotlin.reflect.jvm.internal.impl.name.FqName
 289:          1095          35040  org.bouncycastle.asn1.ASN1ObjectIdentifier
 290:           196          34496  io.netty.util.internal.InternalThreadLocalMap
 291:           418          33440  jdk.internal.ref.CleanerImpl$PhantomCleanableRef (java.base@21.0.6)
 292:           825          33000  java.lang.invoke.LambdaForm$NamedFunction (java.base@21.0.6)
 293:             8          32992  [Ljava.nio.ByteBuffer; (java.base@21.0.6)
 294:            59          31152  [Ljava.util.concurrent.ForkJoinTask; (java.base@21.0.6)
 295:           630          30240  java.lang.Package (java.base@21.0.6)
 296:           126          30240  kotlin.reflect.jvm.internal.impl.metadata.ProtoBuf$Class
 297:           198          30096  java.util.jar.JarFile$JarFileEntry (java.base@21.0.6)
 298:           178          29904  org.jvnet.hk2.internal.SystemDescriptor
 299:           735          29400  java.util.LinkedList (java.base@21.0.6)
 300:          1595          29320  [Lsun.reflect.generics.tree.TypeArgument; (java.base@21.0.6)
 301:           118          29264  io.netty.channel.epoll.EpollEventLoop
 302:           261          29232  com.google.protobuf.Descriptors$FieldDescriptor
 303:           403          29016  java.util.concurrent.ThreadPoolExecutor$Worker (java.base@21.0.6)
 304:           906          28992  io.netty.handler.codec.http2.HpackHeaderField
 305:           507          28392  java.lang.invoke.BoundMethodHandle$Species_L (java.base@21.0.6)
 306:           321          28248  java.nio.DirectByteBuffer (java.base@21.0.6)
 307:           703          28120  kotlin.SafePublicationLazyImpl
 308:           886          27544  [Ljava.lang.reflect.Type; (java.base@21.0.6)
 309:            98          27440  java.util.concurrent.atomic.Striped64$Cell (java.base@21.0.6)
 310:           262          27248  com.google.protobuf.DescriptorProtos$FieldDescriptorProto
 311:           174          26448  sun.nio.fs.UnixFileAttributes (java.base@21.0.6)
 312:           550          26400  kotlin.reflect.jvm.internal.impl.metadata.ProtoBuf$Annotation
 313:           651          26040  com.google.inject.internal.SingleParameterInjector
 314:           122          25592  [Z (java.base@21.0.6)
 315:           637          25480  java.util.LinkedList$Node (java.base@21.0.6)
 316:           398          25472  com.fasterxml.jackson.databind.introspect.AnnotatedMethod
 317:           528          25344  java.lang.Thread$FieldHolder (java.base@21.0.6)
 318:           599          23960  kotlin.SynchronizedLazyImpl
 319:           238          23832  [Ljava.security.ProtectionDomain; (java.base@21.0.6)
 320:           493          23664  io.netty.util.Recycler$LocalPool
 321:           483          23184  java.lang.invoke.MethodTypeForm (java.base@21.0.6)
 322:            94          21056  org.glassfish.hk2.internal.ConstantActiveDescriptor
 323:           174          20880  java.util.zip.ZipFile$Source (java.base@21.0.6)
 324:           434          20832  java.util.concurrent.locks.AbstractQueuedSynchronizer$ConditionNode (java.base@21.0.6)
 325:           517          20680  com.google.common.cache.LocalCache$StrongEntry
 326:           424          20352  com.fasterxml.jackson.databind.util.internal.PrivateMaxEntriesMap$Node
 327:           141          20304  com.fasterxml.jackson.databind.deser.CreatorProperty
 328:           153          19584  org.glassfish.hk2.utilities.DescriptorImpl
 329:           601          19200  [Ljava.security.cert.Certificate; (java.base@21.0.6)
 330:           140          19040  kotlin.reflect.jvm.internal.impl.metadata.ProtoBuf$Property
 331:            59          18880  java.util.concurrent.ForkJoinPool$WorkQueue (java.base@21.0.6)
 332:           471          18840  java.math.BigInteger (java.base@21.0.6)
 333:           292          18688  com.google.inject.internal.ChildBindingAlreadySetError
 334:            97          18624  com.google.common.cache.LocalCache
 335:           582          18624  java.lang.Class$AnnotationData (java.base@21.0.6)
 336:           253          18216  java.util.concurrent.locks.ReentrantReadWriteLock$NonfairSync (java.base@21.0.6)
 337:           568          18176  io.netty.util.internal.LongAdderCounter
 338:           250          18000  jdk.internal.ref.Cleaner (java.base@21.0.6)
 339:           248          17856  java.util.logging.LogManager$LoggerWeakRef (java.logging@21.0.6)
 340:           130          17680  com.fasterxml.jackson.databind.deser.impl.FieldProperty
 341:           200          17600  java.lang.ClassValue$ClassValueMap (java.base@21.0.6)
 342:           550          17600  kotlin.reflect.jvm.internal.impl.renderer.DescriptorRendererOptionsImpl$property$$inlined$vetoable$1
 343:           244          17568  java.lang.Package$VersionInfo (java.base@21.0.6)
 344:           439          17560  kotlin.reflect.jvm.internal.impl.protobuf.SmallSortedMap$Entry
 345:           730          17520  com.fasterxml.jackson.databind.introspect.AnnotationMap
 346:           194          17072  io.netty.buffer.PoolThreadCache
 347:           526          16832  io.grpc.SynchronizationContext$ScheduledHandle
 348:           258          16512  java.security.AccessControlContext (java.base@21.0.6)
 349:             1          16400  [Lkotlinx.coroutines.internal.ThreadSafeHeapNode;
 350:           653          15672  java.util.LinkedHashMap$LinkedValues (java.base@21.0.6)
 351:           174          15312  java.util.jar.JarFile (java.base@21.0.6)
 352:           638          15312  kotlin.reflect.jvm.internal.impl.name.Name
 353:           318          15264  java.util.concurrent.FutureTask (java.base@21.0.6)
 354:           210          15120  ch.qos.logback.classic.Logger
 355:           376          15040  java.lang.module.ModuleDescriptor$Exports (java.base@21.0.6)
 356:           264          14784  sun.security.util.KnownOIDs (java.base@21.0.6)
 357:           184          14720  com.google.inject.internal.ProviderInstanceBindingImpl
 358:           202          14544  java.util.zip.Inflater (java.base@21.0.6)
 359:           361          14440  sun.reflect.generics.reflectiveObjects.ParameterizedTypeImpl (java.base@21.0.6)
 360:           178          14240  java.io.FileCleanable (java.base@21.0.6)
 361:           584          14016  com.google.common.cache.LocalCache$StrongValueReference
 362:           219          14016  java.lang.ref.Finalizer (java.base@21.0.6)
 363:            54          13664  [Lio.netty.buffer.IntPriorityQueue;
 364:           280          13440  com.fasterxml.jackson.databind.introspect.AnnotatedParameter
 365:           559          13416  io.grpc.internal.LogExceptionRunnable
 366:           104          13312  java.util.regex.Pattern (java.base@21.0.6)
 367:           208          13312  sun.security.pkcs11.SunPKCS11$Descriptor (jdk.crypto.cryptoki@21.0.6)
 368:           398          12736  kotlin.reflect.jvm.internal.impl.name.ClassId
 369:           530          12720  java.util.concurrent.atomic.AtomicReferenceArray (java.base@21.0.6)
 370:           526          12624  io.grpc.SynchronizationContext$ManagedRunnable
 371:           525          12600  io.grpc.internal.ManagedChannelImpl$SubchannelImpl$1ShutdownSubchannel
 372:           174          12528  jdk.internal.loader.URLClassPath$JarLoader (java.base@21.0.6)
 373:           104          12480  com.google.protobuf.DescriptorProtos$DescriptorProto
 374:           221          12376  kotlin.reflect.jvm.internal.impl.metadata.ProtoBuf$QualifiedNameTable$QualifiedName
 375:           103          12360  com.google.protobuf.Descriptors$Descriptor
 376:           384          12288  com.fasterxml.jackson.databind.introspect.MemberKey
 377:           219          12264  java.util.TreeMap$Entry (java.base@21.0.6)
 378:           255          12240  com.google.common.collect.LinkedHashMultiset
 379:           382          12224  java.util.concurrent.CopyOnWriteArrayList (java.base@21.0.6)
 380:           507          12168  com.google.common.collect.SingletonImmutableList
 381:           251          12048  kotlin.reflect.jvm.internal.impl.metadata.ProtoBuf$Annotation$Argument
 382:           210          11760  java.lang.ClassValue$Entry (java.base@21.0.6)
 383:           118          11328  java.util.logging.Logger (java.logging@21.0.6)
 384:            64          11264  io.netty.buffer.PoolArena$HeapArena
 385:           198          11088  org.glassfish.hk2.utilities.cache.LRUHybridCache$OriginThreadAwareFuture
 386:           195          10920  java.io.FileDescriptor (java.base@21.0.6)
 387:            64          10752  io.netty.buffer.PoolArena$DirectArena
 388:           168          10752  io.netty.buffer.PooledSlicedByteBuf
 389:           221          10608  sun.security.util.ObjectIdentifier (java.base@21.0.6)
 390:           331          10592  com.google.inject.internal.WeakKeySet$KeyAndSource
 391:           330          10560  com.github.benmanes.caffeine.cache.TimerWheel$Sentinel
 392:           430          10320  org.glassfish.hk2.utilities.reflection.internal.MethodWrapperImpl
 393:           426          10224  org.glassfish.jersey.internal.routing.CombinedMediaType$EffectiveMediaType
 394:           424          10176  com.fasterxml.jackson.databind.util.internal.PrivateMaxEntriesMap$WeightedValue
 395:           254          10160  java.util.concurrent.locks.ReentrantReadWriteLock (java.base@21.0.6)
 396:           141          10152  com.aerospike.connect.metrics.AerospikeCounter
 397:           315          10080  java.lang.ThreadLocal$ThreadLocalMap (java.base@21.0.6)
 398:           210          10080  java.util.logging.LogManager$LogNode (java.logging@21.0.6)
 399:           314          10048  sun.reflect.generics.factory.CoreReflectionFactory (java.base@21.0.6)
 400:            54           9936  io.netty.util.concurrent.FastThreadLocalThread
 401:           155           9920  java.security.CodeSource (java.base@21.0.6)
 402:           137           9864  java.lang.invoke.BoundMethodHandle$Species_LLL (java.base@21.0.6)
 403:           307           9824  javax.management.ImmutableDescriptor (java.management@21.0.6)
 404:           177           9800  [Lsun.reflect.generics.tree.TypeSignature; (java.base@21.0.6)
 405:           174           9744  java.io.RandomAccessFile (java.base@21.0.6)
 406:           199           9552  java.util.zip.ZipFile$CleanableResource (java.base@21.0.6)
 407:           118           9440  com.google.inject.internal.ConstructorBindingImpl
 408:           292           9344  com.google.inject.spi.Message
 409:            64           9216  [Lio.netty.handler.codec.CodecOutputList;
 410:           228           9120  com.google.inject.spi.InjectionPoint
 411:           126           9072  java.lang.invoke.DirectMethodHandle$Accessor (java.base@21.0.6)
 412:           224           8960  com.fasterxml.jackson.databind.PropertyName
 413:           139           8896  com.google.inject.internal.SingletonScope$1
 414:           250           8776  [Lcom.google.protobuf.Descriptors$FieldDescriptor;
 415:           213           8520  org.glassfish.jersey.server.internal.routing.WildcardMethodSelectingRouter$ConsumesProducesAcceptor
 416:           354           8496  io.netty.channel.unix.FileDescriptor
 417:           177           8496  sun.reflect.generics.tree.MethodTypeSignature (java.base@21.0.6)
 418:           208           8320  com.sun.jmx.mbeanserver.ConvertingMethod (java.management@21.0.6)
 419:           173           8304  java.lang.module.ModuleDescriptor$Requires (java.base@21.0.6)
 420:           170           8160  com.google.inject.spi.ElementSource
 421:           254           8128  java.util.ImmutableCollections$List12 (java.base@21.0.6)
 422:           169           8112  com.fasterxml.jackson.databind.introspect.AnnotatedField
 423:            63           8064  kotlin.reflect.jvm.internal.KProperty1Impl
 424:           200           8000  io.undertow.util.HttpString
 425:           250           8000  java.nio.DirectByteBuffer$Deallocator (java.base@21.0.6)
 426:            71           7952  java.lang.module.ModuleDescriptor (java.base@21.0.6)
 427:           330           7920  java.util.LinkedHashMap$LinkedEntrySet (java.base@21.0.6)
 428:           198           7920  org.glassfish.hk2.utilities.cache.LRUHybridCache$HybridCacheEntryImpl
 429:           329           7896  com.google.common.collect.RegularImmutableList
 430:           123           7872  com.google.inject.internal.MembersInjectorImpl
 431:           328           7872  java.lang.Character$UnicodeBlock (java.base@21.0.6)
 432:           325           7800  kotlin.reflect.jvm.internal.impl.protobuf.LiteralByteString
 433:           139           7784  kotlin.reflect.jvm.internal.impl.metadata.ProtoBuf$Type$Argument
 434:           320           7680  com.google.inject.Key$AnnotationInstanceStrategy
 435:           238           7616  java.util.ImmutableCollections$Set12 (java.base@21.0.6)
 436:            39           7488  java.util.concurrent.ForkJoinWorkerThread (java.base@21.0.6)
 437:           115           7360  com.aerospike.connect.metrics.AerospikeGauge
 438:           184           7360  java.io.File (java.base@21.0.6)
 439:            54           7344  io.netty.buffer.PoolChunk
 440:           228           7296  com.google.inject.internal.ProvisionListenerCallbackStore$KeyBinding
 441:           130           7280  java.security.ProtectionDomain (java.base@21.0.6)
 442:           123           7176  [Lcom.google.inject.internal.SingleParameterInjector;
 443:           128           7168  sun.reflect.generics.repository.ClassRepository (java.base@21.0.6)
 444:           223           7136  java.util.regex.Pattern$BmpCharProperty (java.base@21.0.6)
 445:            89           7120  net.engio.mbassy.listener.MessageHandler
 446:           177           7080  jdk.internal.reflect.DirectMethodHandleAccessor (java.base@21.0.6)
 447:           145           6960  com.google.inject.internal.CycleDetectingLock$CycleDetectingLockFactory$ReentrantCycleDetectingLock
 448:           172           6880  com.google.inject.internal.MoreTypes$ParameterizedTypeImpl
 449:           172           6880  io.netty.buffer.PoolThreadCache$NormalMemoryRegionCache
 450:            50           6800  kotlin.reflect.jvm.internal.KMutableProperty1Impl
 451:            96           6792  [Ljava.lang.reflect.Parameter; (java.base@21.0.6)
 452:           119           6664  java.util.logging.Logger$ConfigurationData (java.logging@21.0.6)
 453:            69           6624  jdk.internal.module.ModuleReferenceImpl (java.base@21.0.6)
 454:           202           6464  java.util.zip.Inflater$InflaterZStreamRef (java.base@21.0.6)
 455:           100           6400  kotlin.reflect.jvm.internal.impl.metadata.ProtoBuf$Constructor
 456:           266           6384  java.util.Collections$UnmodifiableSet (java.base@21.0.6)
 457:            72           6336  java.lang.Module (java.base@21.0.6)
 458:            85           6120  java.lang.invoke.MethodHandleImpl$AsVarargsCollector (java.base@21.0.6)
 459:           109           6104  sun.reflect.generics.repository.ConstructorRepository (java.base@21.0.6)
 460:           254           6096  java.util.concurrent.locks.ReentrantReadWriteLock$ReadLock (java.base@21.0.6)
 461:           254           6096  java.util.concurrent.locks.ReentrantReadWriteLock$WriteLock (java.base@21.0.6)
 462:           190           6080  jdk.internal.module.ServicesCatalog$ServiceProvider (java.base@21.0.6)
 463:           126           6048  com.codahale.metrics.EWMA
 464:            75           6000  com.fasterxml.jackson.databind.type.SimpleType
 465:           125           6000  kotlin.reflect.jvm.internal.impl.metadata.ProtoBuf$TypeTable
 466:           187           5984  java.lang.RuntimePermission (java.base@21.0.6)
 467:           249           5976  jdk.proxy2.$Proxy3 (jdk.proxy2)
 468:           124           5952  io.netty.util.concurrent.DefaultPromise
 469:            57           5928  javax.management.openmbean.OpenMBeanAttributeInfoSupport (java.management@21.0.6)
 470:             1           5896  [Lio.undertow.util.StatusCodes$Entry;
 471:           245           5880  jdk.internal.reflect.DirectConstructorHandleAccessor (java.base@21.0.6)
 472:           122           5856  com.google.inject.internal.ConstructorInjector
 473:           122           5856  org.xnio.SingleOption
 474:            17           5848  io.grpc.netty.NettyServerHandler
 475:            66           5720  [Ljavax.management.MBeanAttributeInfo; (java.management@21.0.6)
 476:           119           5712  java.util.Collections$UnmodifiableMap (java.base@21.0.6)
 477:           174           5568  java.util.zip.ZipFile$Source$Key (java.base@21.0.6)
 478:           305           5520  [Lsun.reflect.generics.tree.FormalTypeParameter; (java.base@21.0.6)
 479:            98           5488  java.lang.invoke.VarHandle$AccessDescriptor (java.base@21.0.6)
 480:            85           5440  java.io.ObjectStreamField (java.base@21.0.6)
 481:            56           5376  io.netty.channel.AdaptiveRecvByteBufAllocator$HandleImpl
 482:           331           5296  com.google.common.collect.Count
 483:            93           5208  com.sun.management.internal.DiagnosticCommandArgumentInfo (jdk.management@21.0.6)
 484:           276           5200  [Lsun.reflect.generics.tree.FieldTypeSignature; (java.base@21.0.6)
 485:            65           5200  javax.management.MBeanInfo (java.management@21.0.6)
 486:             9           5184  com.aerospike.vector.index.metrics.PerIndexMetrics
 487:            64           5120  io.netty.buffer.UnpooledUnsafeDirectByteBuf
 488:           128           5120  sun.reflect.generics.tree.ClassSignature (java.base@21.0.6)
 489:            58           5104  java.lang.invoke.BoundMethodHandle$Species_LLLLL (java.base@21.0.6)
 490:           208           4992  com.aerospike.connect.metrics.TickerPriority
 491:            89           4984  net.engio.mbassy.subscription.Subscription
 492:           103           4944  com.google.protobuf.GeneratedMessageV3$FieldAccessorTable
 493:            68           4896  io.grpc.MethodDescriptor
 494:           122           4880  com.google.inject.internal.ConstructorBindingImpl$Factory
 495:           122           4880  com.google.inject.internal.DefaultConstructionProxyFactory$FastClassProxy
 496:           101           4848  javax.management.MBeanAttributeInfo (java.management@21.0.6)
 497:           201           4824  java.util.WeakHashMap$KeySet (java.base@21.0.6)
 498:            26           4784  kotlin.reflect.jvm.internal.KClassImpl$Data
 499:            46           4784  org.jvnet.hk2.internal.ClazzCreator
 500:            18           4752  [Ljava.lang.invoke.MemberName; (java.base@21.0.6)
 501:           219           4672  [Lcom.sun.jmx.mbeanserver.MXBeanMapping; (java.management@21.0.6)
 502:           146           4672  jdk.internal.loader.AbstractClassLoaderValue$Sub (java.base@21.0.6)
 503:            97           4656  [Lcom.google.common.cache.LocalCache$Segment;
 504:            71           4576  [Lcom.fasterxml.jackson.databind.deser.SettableBeanProperty;
 505:            11           4576  kotlin.reflect.jvm.internal.impl.renderer.DescriptorRendererOptionsImpl
 506:            57           4560  mu.internal.LocationAwareKLogger
 507:            80           4480  com.aerospike.vector.index.InternalIndexId
 508:             8           4480  com.github.benmanes.caffeine.cache.MpscGrowableArrayQueue
 509:           112           4480  kotlin.reflect.jvm.internal.impl.storage.LockBasedStorageManager$LockBasedNotNullLazyValue
 510:           139           4448  com.google.inject.internal.ConstructionContext
 511:           139           4448  com.google.inject.internal.InternalFactoryToProviderAdapter
 512:           139           4448  com.google.inject.internal.ProviderToInternalFactoryAdapter
 513:            24           4416  io.netty.channel.epoll.EpollServerSocketChannel
 514:           138           4416  sun.reflect.generics.scope.ClassScope (java.base@21.0.6)
 515:            25           4400  com.fasterxml.jackson.databind.deser.BeanDeserializer
 516:            39           4368  java.util.concurrent.ThreadPoolExecutor (java.base@21.0.6)
 517:           136           4352  io.grpc.protobuf.lite.ProtoLiteUtils$MessageMarshaller
 518:            68           4352  sun.reflect.generics.repository.MethodRepository (java.base@21.0.6)
 519:           157           4336  [Lcom.fasterxml.jackson.databind.JavaType;
 520:            67           4288  com.google.common.cache.LocalCache$WeakEntry
 521:            89           4272  net.engio.mbassy.common.WeakConcurrentSet
 522:            66           4224  java.lang.invoke.DirectMethodHandle$Special (java.base@21.0.6)
 523:            58           4176  java.lang.invoke.LambdaFormEditor$Transform (java.base@21.0.6)
 524:           174           4176  sun.nio.fs.UnixFileAttributes$UnixAsBasicFileAttributes (java.base@21.0.6)
 525:             1           4112  [Lio.netty.handler.codec.http2.HpackStaticTable$HeaderNameIndex;
 526:           256           4096  java.lang.Byte (java.base@21.0.6)
 527:           256           4096  java.lang.Short (java.base@21.0.6)
 528:           102           4080  io.netty.handler.codec.http2.HpackEncoder$NameEntry
 529:           102           4080  net.engio.mbassy.common.WeakConcurrentSet$WeakEntry
 530:           127           4064  java.security.Permissions (java.base@21.0.6)
 531:           254           4064  java.util.concurrent.locks.ReentrantReadWriteLock$Sync$ThreadLocalHoldCounter (java.base@21.0.6)
 532:            33           3960  com.fasterxml.jackson.databind.introspect.AnnotatedClass
 533:           123           3936  sun.security.util.LazyCodeSourcePermissionCollection (java.base@21.0.6)
 534:           122           3904  com.google.inject.internal.aop.AbstractGlueGenerator$$Lambda/0x00007a5708117000
 535:            61           3904  java.lang.invoke.DirectMethodHandle$Interface (java.base@21.0.6)
 536:            54           3888  kotlinx.coroutines.internal.DispatchedContinuation
 537:            23           3864  com.fasterxml.jackson.module.kotlin.KotlinValueInstantiator
 538:           161           3864  jdk.proxy2.$Proxy10 (jdk.proxy2)
 539:            60           3840  org.jvnet.hk2.internal.ServiceLocatorImpl$IgdCacheKey
 540:            43           3784  java.util.concurrent.ConcurrentSkipListMap (java.base@21.0.6)
 541:           118           3776  io.netty.channel.epoll.EpollEventArray
 542:           118           3776  io.netty.util.internal.ThreadExecutorMap$1
 543:           157           3768  java.util.Collections$SingletonSet (java.base@21.0.6)
 544:            52           3744  java.util.concurrent.LinkedBlockingQueue (java.base@21.0.6)
 545:           156           3744  kotlin.reflect.jvm.internal.impl.protobuf.SmallSortedMap$EntrySet
 546:           103           3736  [Lcom.google.protobuf.GeneratedMessageV3$FieldAccessorTable$FieldAccessor;
 547:           116           3712  java.security.BasicPermissionCollection (java.base@21.0.6)
 548:           154           3696  java.util.ImmutableCollections$SetN (java.base@21.0.6)
 549:            77           3696  sun.reflect.generics.reflectiveObjects.TypeVariableImpl (java.base@21.0.6)
 550:            32           3584  kotlin.reflect.jvm.internal.KFunctionImpl
 551:            89           3560  net.engio.mbassy.dispatch.FilteredMessageDispatcher
 552:            89           3560  net.engio.mbassy.subscription.SubscriptionContext
 553:           105           3552  [Ljavax.management.ObjectName$Property; (java.management@21.0.6)
 554:            55           3520  com.google.protobuf.Descriptors$OneofDescriptor
 555:            44           3520  com.google.protobuf.GeneratedMessageV3$FieldAccessorTable$SingularFieldAccessor$ReflectionInvoker
 556:            44           3520  kotlin.reflect.jvm.internal.impl.metadata.ProtoBuf$TypeParameter
 557:           109           3488  sun.reflect.generics.scope.ConstructorScope (java.base@21.0.6)
 558:           145           3480  kotlin.reflect.jvm.internal.KCallableImpl$$Lambda$0
 559:           145           3480  kotlin.reflect.jvm.internal.KCallableImpl$$Lambda$1
 560:           145           3480  kotlin.reflect.jvm.internal.KCallableImpl$$Lambda$2
 561:           145           3480  kotlin.reflect.jvm.internal.KCallableImpl$$Lambda$3
 562:           145           3480  kotlin.reflect.jvm.internal.KCallableImpl$$Lambda$4
 563:            36           3456  com.fasterxml.jackson.databind.type.MapType
 564:            92           3448  [Ljava.lang.reflect.Method; (java.base@21.0.6)
 565:            53           3392  sun.security.util.NamedCurve (java.base@21.0.6)
 566:           141           3384  com.codahale.metrics.Counter
 567:            47           3384  com.sun.management.internal.DiagnosticCommandInfo (jdk.management@21.0.6)
 568:            84           3360  kotlin.reflect.jvm.internal.impl.types.error.ErrorTypeKind
 569:            60           3360  org.glassfish.hk2.utilities.general.internal.DoubleNode
 570:            60           3360  org.jvnet.hk2.internal.CacheKey
 571:            38           3344  com.google.inject.internal.InternalProviderInstanceBindingImpl
 572:            32           3328  java.lang.Class$ReflectionData (java.base@21.0.6)
 573:            23           3312  com.fasterxml.jackson.databind.util.internal.PrivateMaxEntriesMap
 574:           138           3312  jdk.proxy2.$Proxy11 (jdk.proxy2)
 575:            46           3312  org.jvnet.hk2.internal.ServiceHandleImpl
 576:           103           3296  [[C (java.base@21.0.6)
 577:            68           3264  java.lang.invoke.LambdaForm$Kind (java.base@21.0.6)
 578:            37           3256  com.fasterxml.jackson.databind.type.CollectionType
 579:            58           3248  com.aerospike.vector.client.proto.HnswCachingParams
 580:            14           3248  org.glassfish.hk2.internal.ActiveDescriptorBuilderImpl$BuiltActiveDescriptor
 581:            45           3240  com.google.protobuf.DescriptorProtos$MethodDescriptorProto
 582:            81           3240  org.glassfish.hk2.utilities.cache.Cache$OriginThreadAwareFuture
 583:           134           3216  kotlin.reflect.jvm.internal.KCallableImpl$$Lambda$5
 584:            67           3216  sun.reflect.annotation.AnnotationType (java.base@21.0.6)
 585:           100           3200  java.util.concurrent.ConcurrentHashMap$KeySetView (java.base@21.0.6)
 586:            66           3168  com.aerospike.vector.client.proto.IndexId
 587:            28           3136  com.aerospike.vector.client.proto.IndexDefinition
 588:            56           3136  com.google.protobuf.DescriptorProtos$OneofDescriptorProto
 589:            39           3120  com.google.inject.internal.InstanceBindingImpl
 590:           130           3120  java.util.Arrays$ArrayList (java.base@21.0.6)
 591:            77           3080  com.fasterxml.jackson.databind.type.TypeBindings
 592:            64           3072  io.netty.channel.AbstractChannelHandlerContext$WriteTask
 593:            64           3072  io.netty.channel.unix.IovArray
 594:           128           3072  jdk.proxy2.$Proxy32 (jdk.proxy2)
 595:             1           3040  [Ljava.lang.Character$UnicodeBlock; (java.base@21.0.6)
 596:           128           3000  [Lsun.reflect.generics.tree.ClassTypeSignature; (java.base@21.0.6)
 597:            25           3000  sun.net.www.protocol.jar.URLJarFile (java.base@21.0.6)
 598:            62           2976  com.google.inject.internal.Errors
 599:           124           2976  java.security.SecureClassLoader$CodeSourceKey (java.base@21.0.6)
 600:            62           2976  jdk.internal.loader.BuiltinClassLoader$LoadedModule (java.base@21.0.6)
 601:           123           2952  org.jvnet.hk2.internal.IndexedListData
 602:            46           2944  com.aerospike.flow.CancellableFlow$tickerFlow$1
 603:            23           2944  com.google.inject.internal.InjectorBindingData
 604:            92           2944  org.glassfish.hk2.utilities.reflection.internal.ClassReflectionHelperImpl$LifecycleKey
 605:           122           2928  com.google.inject.internal.aop.ImmutableStringTrie
 606:             2           2912  [[B (java.base@21.0.6)
 607:            91           2912  java.util.Collections$UnmodifiableList (java.base@21.0.6)
 608:            40           2880  com.codahale.metrics.ExponentiallyDecayingReservoir
 609:            45           2880  com.google.protobuf.DescriptorProtos$MethodOptions
 610:            60           2880  kotlin.reflect.jvm.internal.impl.load.java.typeEnhancement.PredefinedFunctionEnhancementInfo
 611:            90           2880  org.glassfish.hk2.utilities.reflection.ParameterizedTypeImpl
 612:            60           2880  org.jvnet.hk2.internal.ServiceLocatorImpl$IgdValue
 613:            17           2856  io.grpc.netty.NettyServerTransport
 614:            89           2848  java.util.UUID (java.base@21.0.6)
 615:            89           2848  java.util.regex.Pattern$GroupHead (java.base@21.0.6)
 616:            89           2848  java.util.regex.Pattern$GroupTail (java.base@21.0.6)
 617:            89           2848  net.engio.mbassy.dispatch.MessageDispatcher
 618:           118           2832  io.netty.channel.epoll.EpollEventLoop$1
 619:            44           2816  com.google.protobuf.Descriptors$MethodDescriptor
 620:            88           2816  io.netty.util.internal.ThreadExecutorMap$2
 621:            39           2808  java.lang.invoke.BoundMethodHandle$Species_LLJ (java.base@21.0.6)
 622:           117           2808  javax.management.ObjectName$Property (java.management@21.0.6)
 623:            27           2808  org.glassfish.jersey.server.model.ResourceMethodInvoker
 624:            10           2800  [Lcom.github.benmanes.caffeine.cache.Node;
 625:            10           2800  java.util.concurrent.ConcurrentHashMap$CounterCell (java.base@21.0.6)
 626:            12           2784  org.jvnet.hk2.internal.ConstantActiveDescriptor
 627:            69           2760  com.google.inject.internal.InternalFactoryToInitializableAdapter
 628:            86           2752  java.lang.invoke.Invokers (java.base@21.0.6)
 629:           114           2736  com.google.inject.name.NamedImpl
 630:            57           2736  io.netty.handler.codec.http.HttpResponseStatus
 631:           113           2712  kotlin.reflect.jvm.internal.KProperty1Impl$$Lambda$0
 632:           113           2712  kotlin.reflect.jvm.internal.KProperty1Impl$$Lambda$1
 633:           113           2712  kotlin.reflect.jvm.internal.KPropertyImpl$$Lambda$0
 634:           113           2712  kotlin.reflect.jvm.internal.KPropertyImpl$$Lambda$1
 635:            13           2704  kotlin.reflect.jvm.internal.impl.serialization.deserialization.descriptors.DeserializedSimpleFunctionDescriptor
 636:            24           2688  org.glassfish.jersey.internal.guava.LocalCache$Segment
 637:            24           2688  sun.security.ec.SunEC$ProviderServiceA (jdk.crypto.ec@21.0.6)
 638:            47           2632  com.sun.management.internal.DiagnosticCommandImpl$Wrapper (jdk.management@21.0.6)
 639:            47           2632  jdk.internal.vm.SharedThreadContainer (java.base@21.0.6)
 640:            41           2624  javax.management.MBeanOperationInfo (java.management@21.0.6)
 641:            54           2592  io.netty.buffer.LongLongHashMap
 642:            23           2576  com.google.inject.internal.ProviderMethod$FastClassProviderMethod
 643:            80           2560  [Lio.netty.util.concurrent.GenericFutureListener;
 644:            40           2560  com.aerospike.vector.client.proto.HnswHealerParams
 645:            40           2560  com.sun.jmx.mbeanserver.MXBeanSupport (java.management@21.0.6)
 646:            80           2560  io.netty.util.concurrent.DefaultFutureListeners
 647:            80           2560  sun.reflect.generics.tree.FormalTypeParameter (java.base@21.0.6)
 648:            17           2552  [Ljava.lang.Byte; (java.base@21.0.6)
 649:            53           2544  java.security.spec.EllipticCurve (java.base@21.0.6)
 650:            53           2544  javax.management.ObjectName (java.management@21.0.6)
 651:            45           2520  com.fasterxml.jackson.databind.introspect.AnnotatedConstructor
 652:            52           2496  com.aerospike.vector.heartbeat.Heartbeat$SocketEndpoint
 653:            78           2496  java.util.regex.Pattern$Slice (java.base@21.0.6)
 654:            61           2440  java.util.regex.Pattern$Branch (java.base@21.0.6)
 655:            76           2432  com.fasterxml.jackson.databind.type.TypeBindings$AsKey
 656:            61           2400  [Ljava.util.regex.Pattern$Node; (java.base@21.0.6)
 657:            60           2400  org.jvnet.hk2.internal.NarrowResults
 658:            60           2400  org.jvnet.hk2.internal.ServiceLocatorImpl$UnqualifiedIndexedFilter
 659:            33           2376  org.glassfish.hk2.utilities.InjecteeImpl
 660:            42           2352  com.codahale.metrics.ExponentialMovingAverages
 661:            97           2328  java.util.Collections$UnmodifiableCollection (java.base@21.0.6)
 662:            36           2304  java.lang.invoke.VarHandleReferences$FieldInstanceReadWrite (java.base@21.0.6)
 663:            96           2304  java.lang.reflect.Executable$ParameterData (java.base@21.0.6)
 664:            94           2256  com.google.inject.internal.Initializables$1
 665:            94           2256  jdk.proxy2.$Proxy22 (jdk.proxy2)
 666:            40           2240  com.aerospike.vector.index.IndexLogEntry
 667:            56           2240  io.netty.channel.epoll.EpollRecvByteAllocatorStreamingHandle
 668:            56           2240  java.util.concurrent.locks.AbstractQueuedSynchronizer$ExclusiveNode (java.base@21.0.6)
 669:            40           2240  jdk.incubator.vector.VectorOperators$ConversionImpl (jdk.incubator.vector@21.0.6)
 670:            28           2240  org.jvnet.hk2.internal.SystemInjecteeImpl
 671:            31           2232  com.aerospike.vector.index.IndexUpdateOperation
 672:             1           2208  [Lsun.security.util.KnownOIDs; (java.base@21.0.6)
 673:            23           2208  com.google.inject.internal.InjectorImpl
 674:            69           2208  jdk.internal.module.SystemModuleFinders$2 (java.base@21.0.6)
 675:            68           2176  io.grpc.ServerMethodDefinition
 676:            68           2176  sun.reflect.generics.scope.MethodScope (java.base@21.0.6)
 677:            30           2160  java.time.temporal.ChronoField (java.base@21.0.6)
 678:            90           2160  java.util.regex.Pattern$$Lambda/0x80000002a (java.base@21.0.6)
 679:            45           2160  java.util.regex.Pattern$BnM (java.base@21.0.6)
 680:            90           2160  kotlin.reflect.jvm.internal.impl.load.java.typeEnhancement.TypeEnhancementInfo
 681:            54           2160  kotlin.reflect.jvm.internal.impl.storage.LockBasedStorageManager$MapBasedMemoizedFunction
 682:            27           2160  org.glassfish.jersey.server.model.Invocable
 683:            27           2160  org.glassfish.jersey.server.model.ResourceMethod$Data
 684:            89           2136  jdk.proxy2.$Proxy37 (jdk.proxy2)
 685:            89           2136  net.engio.mbassy.dispatch.ReflectiveHandlerInvocation
 686:            22           2112  com.aerospike.vector.client.proto.HnswParams
 687:            24           2112  io.netty.channel.epoll.EpollServerSocketChannelConfig
 688:            88           2112  io.netty.util.concurrent.SingleThreadEventExecutor$4
 689:           103           2088  [Lcom.google.protobuf.GeneratedMessageV3$FieldAccessorTable$OneofAccessor;
 690:            29           2088  org.glassfish.jersey.uri.PathTemplate
 691:             2           2080  [Ljava.lang.Integer; (java.base@21.0.6)
 692:             2           2080  [Ljava.lang.Long; (java.base@21.0.6)
 693:             2           2080  [Ljava.lang.Short; (java.base@21.0.6)
 694:           130           2080  [Ljava.security.Principal; (java.base@21.0.6)
 695:           130           2080  java.security.ProtectionDomain$Key (java.base@21.0.6)
 696:            86           2064  io.netty.buffer.PoolThreadCache$FreeOnFinalize
 697:            43           2064  jakarta.ws.rs.core.Response$Status
 698:            43           2064  java.util.PropertyPermission (java.base@21.0.6)
 699:            16           2048  com.fasterxml.jackson.databind.deser.std.MapDeserializer
 700:            64           2048  io.netty.handler.codec.CodecOutputList$CodecOutputLists
 701:           128           2048  java.lang.Character (java.base@21.0.6)
 702:            42           2016  com.codahale.metrics.Meter
 703:            63           2016  java.lang.module.ModuleDescriptor$Provides (java.base@21.0.6)
 704:            63           2016  java.lang.module.ResolvedModule (java.base@21.0.6)
 705:            84           2016  java.util.Collections$SingletonList (java.base@21.0.6)
 706:            42           2016  javax.management.MBeanParameterInfo (java.management@21.0.6)
 707:            18           2016  sun.security.ec.SunEC$ProviderService (jdk.crypto.ec@21.0.6)
 708:           103           1992  [Ljava.lang.annotation.Annotation; (java.base@21.0.6)
 709:            83           1992  java.util.jar.Attributes$Name (java.base@21.0.6)
 710:            62           1984  kotlin.coroutines.CombinedContext
 711:            41           1968  com.sun.jmx.mbeanserver.WeakIdentityHashMap$IdentityWeakReference (java.management@21.0.6)
 712:             5           1960  java.util.concurrent.ForkJoinPool (java.base@21.0.6)
 713:            61           1952  jdk.internal.module.ModuleReferenceImpl$CachedHash (java.base@21.0.6)
 714:            61           1952  kotlin.reflect.jvm.internal.KClassImpl
 715:            81           1944  sun.reflect.generics.tree.TypeVariableSignature (java.base@21.0.6)
 716:            60           1920  com.google.inject.internal.ErrorId
 717:            24           1920  io.netty.channel.epoll.AbstractEpollServerChannel$EpollServerSocketUnsafe
 718:            60           1920  org.glassfish.hk2.utilities.ContextualInput
 719:            60           1920  org.jvnet.hk2.internal.ImmediateResults
 720:            51           1912  [Ljavax.management.MBeanOperationInfo; (java.management@21.0.6)
 721:            75           1904  [Ljava.lang.reflect.TypeVariable; (java.base@21.0.6)
 722:            47           1880  com.google.inject.internal.InjectorImpl$1
 723:            21           1848  com.aerospike.connect.metrics.AerospikeTimer
 724:            77           1848  java.util.regex.Pattern$BitClass (java.base@21.0.6)
 725:            25           1800  com.fasterxml.jackson.databind.deser.impl.BeanPropertyMap
 726:            45           1800  java.util.concurrent.ConcurrentSkipListMap$Node (java.base@21.0.6)
 727:            48           1776  [Ljava.lang.annotation.ElementType; (java.base@21.0.6)
 728:            74           1776  com.google.common.cache.LocalCache$LocalLoadingCache
 729:            33           1768  [Lcom.fasterxml.jackson.databind.introspect.AnnotationMap;
 730:            44           1760  com.google.inject.spi.ModuleSource
 731:            20           1760  io.grpc.internal.ManagedChannelOrphanWrapper$ManagedChannelReference
 732:            44           1760  net.engio.mbassy.listener.MessageListener
 733:            54           1728  com.codahale.metrics.Histogram
 734:            54           1728  java.security.spec.ECPoint (java.base@21.0.6)
 735:            36           1728  kotlin.reflect.jvm.internal.calls.CallerImpl$Constructor
 736:            27           1728  kotlinx.coroutines.CancellableContinuationImpl
 737:            24           1728  org.glassfish.jersey.server.model.Parameter
 738:            12           1728  sun.nio.ch.ServerSocketChannelImpl (java.base@21.0.6)
 739:            13           1720  [F (java.base@21.0.6)
 740:            34           1712  [Ljava.time.format.DateTimeFormatterBuilder$DateTimePrinterParser; (java.base@21.0.6)
 741:            30           1712  [Ljava.util.Map$Entry; (java.base@21.0.6)
 742:            40           1704  [Ljava.math.BigInteger; (java.base@21.0.6)
 743:            53           1696  java.util.regex.Pattern$BmpCharPropertyGreedy (java.base@21.0.6)
 744:            70           1680  com.google.common.collect.AbstractMultiset$ElementSet
 745:            70           1680  com.google.common.collect.AbstractMultiset$EntrySet
 746:            42           1680  java.time.format.DateTimeFormatterBuilder$NumberPrinterParser (java.base@21.0.6)
 747:            19           1672  java.lang.invoke.BoundMethodHandle$SpeciesData (java.base@21.0.6)
 748:            19           1672  kotlin.reflect.jvm.internal.impl.serialization.deserialization.DeserializationContext
 749:            52           1664  io.netty.handler.codec.http2.HpackStaticTable$HeaderNameIndex
 750:            52           1664  java.util.concurrent.LinkedBlockingQueue$Node (java.base@21.0.6)
 751:            16           1664  javax.management.openmbean.OpenMBeanParameterInfoSupport (java.management@21.0.6)
 752:            26           1664  kotlin.reflect.jvm.internal.impl.protobuf.GeneratedMessageLite$GeneratedExtension
 753:            23           1656  com.google.common.collect.ArrayListMultimap
 754:            23           1656  kotlinx.coroutines.flow.internal.SafeCollector
 755:            17           1632  io.grpc.internal.KeepAliveManager
 756:            68           1632  io.grpc.stub.ServerCalls$UnaryServerCallHandler
 757:            34           1632  java.util.concurrent.atomic.AtomicReferenceFieldUpdater$AtomicReferenceFieldUpdaterImpl (java.base@21.0.6)
 758:           102           1632  java.util.regex.Pattern$$Lambda/0x800000029 (java.base@21.0.6)
 759:            50           1600  io.netty.channel.ChannelOption
 760:            40           1600  java.util.concurrent.atomic.AtomicIntegerFieldUpdater$AtomicIntegerFieldUpdaterImpl (java.base@21.0.6)
 761:            20           1600  javax.management.openmbean.ArrayType (java.management@21.0.6)
 762:            22           1584  com.aerospike.client.async.NettyEventLoop
 763:            22           1584  java.time.format.DateTimeFormatter (java.base@21.0.6)
 764:            33           1584  java.time.temporal.ValueRange (java.base@21.0.6)
 765:            49           1568  [Ljava.util.concurrent.atomic.Striped64$Cell; (java.base@21.0.6)
 766:            15           1560  com.google.inject.internal.ProviderMethod$ReflectionProviderMethod
 767:            39           1560  jakarta.ws.rs.core.MediaType
 768:            39           1560  java.util.concurrent.Executors$DefaultThreadFactory (java.base@21.0.6)
 769:            65           1560  jdk.internal.module.SystemModuleFinders$3 (java.base@21.0.6)
 770:            39           1560  org.glassfish.jersey.internal.util.collection.Cache$OriginThreadAwareFuture
 771:            24           1536  io.netty.bootstrap.ServerBootstrap$ServerBootstrapAcceptor
 772:            32           1536  java.math.BigDecimal (java.base@21.0.6)
 773:            64           1536  java.util.ImmutableCollections$ListN (java.base@21.0.6)
 774:            48           1536  org.jvnet.hk2.internal.ClazzCreator$ResolutionInfo
 775:            19           1520  com.aerospike.vector.client.proto.HnswIndexUpdate
 776:            19           1520  com.google.inject.assistedinject.FactoryProvider2$AssistData
 777:            21           1512  [Ljdk.incubator.vector.VectorOperators$ConversionImpl; (jdk.incubator.vector@21.0.6)
 778:             7           1512  java.text.DecimalFormat (java.base@21.0.6)
 779:            63           1512  jdk.internal.module.SystemModuleFinders$SystemModuleReader (java.base@21.0.6)
 780:            27           1512  kotlinx.coroutines.ChildContinuation
 781:            47           1496  [Lcom.sun.management.internal.DiagnosticCommandArgumentInfo; (jdk.management@21.0.6)
 782:            31           1488  com.aerospike.vector.client.proto.HnswIndexMergeParams
 783:            31           1488  java.lang.invoke.VarHandle$AccessMode (java.base@21.0.6)
 784:             5           1480  com.github.benmanes.caffeine.cache.SSW
 785:            23           1472  com.aerospike.flow.CancellableFlow$job$1
 786:            23           1472  kotlinx.coroutines.flow.AbstractFlow$collect$1
 787:            61           1464  io.netty.channel.DefaultMaxMessagesRecvByteBufAllocator$MaxMessageHandle$1
 788:            61           1464  io.netty.channel.epoll.EpollRecvByteAllocatorHandle$1
 789:            61           1464  io.netty.channel.unix.PreferredDirectByteBufAllocator
 790:            61           1464  java.util.regex.Pattern$BranchConn (java.base@21.0.6)
 791:            26           1456  com.google.protobuf.DescriptorProtos$EnumValueDescriptorProto
 792:            26           1456  java.util.ResourceBundle$KeyElementReference (java.base@21.0.6)
 793:            13           1456  org.jcp.xml.dsig.internal.dom.XMLDSigRI$ProviderService (java.xml.crypto@21.0.6)
 794:            60           1440  org.glassfish.hk2.utilities.cache.internal.WeakCARCacheImpl$CarValue
 795:            30           1440  org.glassfish.jersey.model.ContractProvider
 796:            18           1440  org.glassfish.jersey.server.model.Resource$Data
 797:            30           1440  org.glassfish.jersey.uri.PathPattern
 798:            89           1424  [Lnet.engio.mbassy.listener.IMessageFilter;
 799:            44           1416  [Lnet.engio.mbassy.subscription.Subscription;
 800:            22           1408  com.aerospike.client.async.HashedWheelTimer
 801:            44           1408  com.sun.jmx.mbeanserver.PerInterface$MethodAndSig (java.management@21.0.6)
 802:            44           1408  java.util.regex.Pattern$CharPropertyGreedy (java.base@21.0.6)
 803:            25           1400  ch.qos.logback.core.status.InfoStatus
 804:            25           1400  kotlinx.coroutines.ChildHandleNode
 805:            43           1376  java.lang.management.ManagementPermission (java.management@21.0.6)
 806:            23           1368  [Ljava.lang.invoke.MethodType; (java.base@21.0.6)
 807:             9           1368  com.google.protobuf.DescriptorProtos$FileOptions
 808:            19           1368  kotlin.reflect.jvm.internal.impl.serialization.deserialization.TypeDeserializer
 809:             5           1360  [Ljava.util.concurrent.ForkJoinPool$WorkQueue; (java.base@21.0.6)
 810:            34           1360  com.fasterxml.jackson.databind.MapperFeature
 811:            28           1352  [Lkotlin.reflect.KProperty;
 812:            13           1352  java.util.ResourceBundle$CacheKey (java.base@21.0.6)
 813:            21           1344  com.aerospike.vector.index.BatchIndexMetadata
 814:            42           1344  com.sun.jmx.mbeanserver.NamedObject (java.management@21.0.6)
 815:            56           1344  io.undertow.util.StatusCodes$Entry
 816:            12           1344  org.xnio.nio.NioTcpServer
 817:            33           1320  java.util.concurrent.ConcurrentSkipListMap$Index (java.base@21.0.6)
 818:            33           1320  sun.security.util.DerInputStream (java.base@21.0.6)
 819:            33           1320  sun.security.util.DerValue (java.base@21.0.6)
 820:            33           1320  sun.security.x509.RDN (java.base@21.0.6)
 821:            41           1312  java.util.regex.Pattern$$Lambda/0x800000032 (java.base@21.0.6)
 822:            54           1296  io.netty.util.concurrent.FastThreadLocalRunnable
 823:            54           1296  kotlin.enums.EnumEntriesList
 824:            27           1296  kotlin.reflect.jvm.internal.impl.metadata.ProtoBuf$EnumEntry
 825:            54           1296  org.bouncycastle.asn1.ASN1ObjectIdentifier$OidHandle
 826:            23           1288  com.google.inject.internal.InjectorJitBindingData
 827:            23           1288  java.lang.reflect.AccessFlag (java.base@21.0.6)
 828:            23           1288  java.util.Collections$SynchronizedMap (java.base@21.0.6)
 829:            32           1280  com.sun.jmx.mbeanserver.DefaultMXBeanMappingFactory$IdentityMapping (java.management@21.0.6)
 830:            32           1280  org.glassfish.jersey.internal.util.collection.Values$LazyValueImpl
 831:            52           1248  jdk.proxy1.$Proxy0 (jdk.proxy1)
 832:             6           1248  kotlin.reflect.jvm.internal.impl.serialization.deserialization.descriptors.DeserializedClassDescriptor
 833:            31           1240  kotlin.reflect.jvm.internal.impl.storage.LockBasedStorageManager$LockBasedLazyValue
 834:             9           1224  com.google.protobuf.DescriptorProtos$FileDescriptorProto
 835:             3           1200  [Ljava.lang.invoke.LambdaForm; (java.base@21.0.6)
 836:            25           1200  com.google.common.collect.RegularImmutableSet
 837:            15           1200  java.lang.invoke.BoundMethodHandle$Species_LLLL (java.base@21.0.6)
 838:            50           1200  kotlin.reflect.jvm.internal.KMutableProperty1Impl$$Lambda$0
 839:            30           1200  kotlin.reflect.jvm.internal.impl.storage.LockBasedStorageManager$MapBasedMemoizedFunctionToNotNull
 840:            30           1200  org.glassfish.jersey.uri.PatternWithGroups
 841:            21           1176  kotlin.reflect.jvm.internal.impl.load.java.SpecialGenericSignatures$Companion$NameAndSignature
 842:            21           1176  org.glassfish.jersey.server.internal.ServerTraceEvent
 843:            29           1160  com.fasterxml.jackson.databind.DeserializationFeature
 844:            29           1160  com.fasterxml.jackson.databind.introspect.AnnotatedClass$Creators
 845:            29           1160  java.util.Locale (java.base@21.0.6)
 846:            29           1160  java.util.regex.Pattern$Ques (java.base@21.0.6)
 847:            18           1152  com.aerospike.vector.index.InternalIndexDefinition
 848:            48           1152  java.util.Optional (java.base@21.0.6)
 849:            48           1152  java.util.TreeMap$EntrySet (java.base@21.0.6)
 850:            24           1152  java.util.regex.Pattern$Curly (java.base@21.0.6)
 851:            18           1152  org.glassfish.jersey.server.model.Resource
 852:            36           1152  org.glassfish.jersey.server.model.ResourceMethod
 853:            36           1152  sun.nio.fs.UnixFileKey (java.base@21.0.6)
 854:            24           1152  sun.security.x509.OIDMap$OIDInfo (java.base@21.0.6)
 855:            13           1144  javax.management.openmbean.CompositeType (java.management@21.0.6)
 856:            13           1144  kotlin.reflect.jvm.internal.impl.serialization.deserialization.descriptors.DeserializedMemberScope$OptimizedImplementation
 857:            20           1120  io.grpc.internal.BackoffPolicyRetryScheduler
 858:             2           1120  io.undertow.servlet.api.DeploymentInfo
 859:            35           1120  kotlinx.coroutines.ExecutorCoroutineDispatcherImpl
 860:            35           1120  kotlinx.coroutines.SupervisorJobImpl
 861:            27           1112  [Ljava.io.ObjectStreamField; (java.base@21.0.6)
 862:            23           1104  com.aerospike.flow.CancellableFlow
 863:            46           1104  com.google.inject.internal.FailableCache$1
 864:            46           1104  java.util.concurrent.atomic.AtomicLongArray (java.base@21.0.6)
 865:            46           1104  jdk.proxy1.$Proxy7 (jdk.proxy1)
 866:            23           1104  kotlinx.coroutines.EventLoopImplBase$DelayedResumeTask
 867:             4           1088  [Lio.netty.buffer.PoolArena;
 868:            17           1088  com.sun.jmx.mbeanserver.PerInterface (java.management@21.0.6)
 869:            17           1088  io.netty.channel.DefaultChannelPromise
 870:            34           1088  io.netty.handler.codec.http2.Http2ConnectionHandler$FrameDecoder
 871:            34           1088  java.util.concurrent.ForkJoinTask$RunnableExecuteAction (java.base@21.0.6)
 872:            27           1080  [Lorg.glassfish.jersey.server.internal.routing.Router;
 873:             9           1080  org.glassfish.hk2.utilities.binding.AbstractBindingBuilder$ClassBasedBindingBuilder
 874:            27           1080  org.glassfish.jersey.server.model.MethodHandler$ClassBasedMethodHandler
 875:            27           1080  sun.security.provider.PolicyFile$PolicyEntry (java.base@21.0.6)
 876:            38           1072  [Ljavax.management.MBeanParameterInfo; (java.management@21.0.6)
 877:            15           1064  [Lcom.google.protobuf.Descriptors$Descriptor;
 878:            19           1064  [Ljava.lang.invoke.BoundMethodHandle$SpeciesData; (java.base@21.0.6)
 879:            19           1064  com.aerospike.vector.client.proto.IndexStorage
 880:            19           1064  kotlin.reflect.jvm.internal.impl.util.Checks
 881:            19           1064  org.glassfish.jersey.server.model.internal.JavaResourceMethodDispatcherProvider$ResponseOutInvoker
 882:             2           1056  [Ljava.lang.Character; (java.base@21.0.6)
 883:            22           1056  com.aerospike.client.cluster.Node$AsyncPool
 884:            33           1056  io.grpc.ServerInterceptors$InterceptCallHandler
 885:            33           1056  sun.security.x509.AVA (java.base@21.0.6)
 886:             6           1040  [Lio.netty.util.concurrent.EventExecutor;
 887:            26           1040  com.fasterxml.jackson.databind.SerializationFeature
 888:            26           1040  com.google.protobuf.Descriptors$DescriptorPool$PackageDescriptor
 889:            13           1040  java.util.concurrent.ConcurrentHashMap$TreeNode (java.base@21.0.6)
 890:            26           1040  kotlin.reflect.jvm.internal.impl.protobuf.GeneratedMessageLite$ExtensionDescriptor
 891:            26           1040  kotlinx.coroutines.StandaloneCoroutine
 892:            43           1032  com.google.protobuf.ByteString$LiteralByteString
 893:             8           1024  java.text.DecimalFormatSymbols (java.base@21.0.6)
 894:            32           1024  kotlin.reflect.jvm.internal.KFunctionImpl$$Lambda$0
 895:            63           1008  com.google.inject.assistedinject.FactoryProvider2$ThreadLocalProvider
 896:            21           1008  com.google.protobuf.MapField
 897:            21           1008  org.glassfish.jersey.inject.hk2.Hk2Helper$1
 898:             6           1008  org.glassfish.jersey.internal.guava.LocalCache
 899:            25           1000  com.google.protobuf.Descriptors$EnumValueDescriptor
 900:            31            992  java.lang.ProcessEnvironment$Value (java.base@21.0.6)
 901:            31            992  java.lang.ProcessEnvironment$Variable (java.base@21.0.6)
 902:            31            992  java.security.Provider$EngineDescription (java.base@21.0.6)
 903:            41            984  kotlin.reflect.jvm.internal.impl.metadata.deserialization.Flags$BooleanFlagField
 904:            12            960  com.aerospike.connect.metrics.AerospikeHistogram
 905:            20            960  io.grpc.internal.RetryingNameResolver
 906:            12            960  io.undertow.Undertow$ListenerConfig
 907:            15            960  java.util.EnumMap (java.base@21.0.6)
 908:            40            960  java.util.HashMap$Values (java.base@21.0.6)
 909:            24            960  org.glassfish.jersey.internal.guava.LocalCache$AccessQueue$1
 910:            20            960  sun.nio.fs.UnixPath (java.base@21.0.6)
 911:            17            952  io.grpc.internal.KeepAliveEnforcer
 912:            17            952  io.grpc.netty.Http2ControlFrameLimitEncoder
 913:            23            920  com.fasterxml.jackson.databind.deser.impl.PropertyBasedCreator
 914:            23            920  com.google.inject.internal.ConstructorInjectorStore$1
 915:            23            920  com.google.inject.internal.MembersInjectorStore
 916:            23            920  com.google.inject.internal.MembersInjectorStore$1
 917:            23            920  com.google.inject.internal.WeakKeySet
 918:            23            920  org.yaml.snakeyaml.tokens.Token$ID
 919:            23            920  picocli.CommandLine$Help$Ansi$Style
 920:            38            912  jdk.proxy2.$Proxy8 (jdk.proxy2)
 921:            38            912  org.bouncycastle.jce.provider.BouncyCastleProvider$JcaCryptoService
 922:            38            912  org.glassfish.jersey.inject.hk2.ContextInjectionResolverImpl$CacheKey
 923:             9            896  [D (java.base@21.0.6)
 924:            28            896  [Ljava.security.spec.AlgorithmParameterSpec; (java.base@21.0.6)
 925:            28            896  [Lorg.bouncycastle.asn1.x509.AlgorithmIdentifier;
 926:            16            896  com.aerospike.vector.client.proto.HnswBatchingParams
 927:            14            896  com.codahale.metrics.SlidingTimeWindowArrayReservoir
 928:             8            896  com.sun.security.sasl.Provider$ProviderService (java.security.sasl@21.0.6)
 929:            14            896  java.lang.invoke.BoundMethodHandle$Species_LJ (java.base@21.0.6)
 930:            14            896  javax.management.openmbean.SimpleType (java.management@21.0.6)
 931:            16            896  org.glassfish.jersey.message.internal.MsgTraceEvent
 932:            28            896  org.jboss.logging.Slf4jLocationAwareLogger
 933:            13            888  [Lkotlin.reflect.KParameter;
 934:            22            880  com.aerospike.client.async.EventState
 935:            22            880  com.google.protobuf.GeneratedMessageV3$FieldAccessorTable$SingularFieldAccessor
 936:            22            880  io.netty.resolver.AddressResolverGroup$1
 937:            22            880  io.netty.resolver.InetSocketAddressResolver
 938:            10            880  sun.invoke.util.Wrapper (java.base@21.0.6)
 939:            10            880  sun.security.x509.X500Name (java.base@21.0.6)
 940:            12            864  com.google.inject.internal.LinkedBindingImpl
 941:            12            864  io.undertow.server.protocol.http.HttpOpenListener
 942:             9            864  java.lang.invoke.BoundMethodHandle$Species_LLLLLL (java.base@21.0.6)
 943:            18            864  java.lang.invoke.VarForm (java.base@21.0.6)
 944:            36            864  kotlinx.coroutines.internal.Symbol
 945:            27            864  org.glassfish.jersey.server.internal.routing.MethodRouting
 946:            27            864  org.glassfish.jersey.server.internal.routing.PushMethodHandlerRouter
 947:            12            864  org.xnio.nio.NioTcpServerHandle
 948:            26            856  [Lcom.google.protobuf.Descriptors$OneofDescriptor;
 949:             2            848  com.github.benmanes.caffeine.cache.SSSMSA
 950:             1            840  [[[C (java.base@21.0.6)
 951:             7            840  com.aerospike.client.policy.WritePolicy
 952:            21            840  com.codahale.metrics.Timer
 953:             7            840  com.fasterxml.jackson.databind.cfg.BaseSettings
 954:            35            840  java.util.regex.Pattern$Start (java.base@21.0.6)
 955:            35            840  jdk.proxy1.$Proxy13 (jdk.proxy1)
 956:            35            840  kotlin.reflect.jvm.internal.KClassImpl$$Lambda$0
 957:             7            840  kotlin.reflect.jvm.internal.impl.serialization.deserialization.builtins.BuiltInsPackageFragmentImpl
 958:            35            840  kotlinx.coroutines.internal.ContextScope
 959:            13            832  com.fasterxml.jackson.core.JsonToken
 960:            26            832  com.fasterxml.jackson.databind.introspect.AnnotationCollector$OneAnnotation
 961:            26            832  java.security.spec.ECFieldF2m (java.base@21.0.6)
 962:            13            832  java.util.ResourceBundle$BundleReference (java.base@21.0.6)
 963:            26            832  kotlin.reflect.jvm.internal.KClassImpl$Data$$Lambda$2
 964:            26            832  kotlin.reflect.jvm.internal.KClassImpl$Data$$Lambda$6
 965:            26            832  kotlin.reflect.jvm.internal.KClassImpl$Data$$Lambda$7
 966:            26            832  kotlin.reflect.jvm.internal.KClassImpl$Data$$Lambda$8
 967:            26            832  org.glassfish.hk2.utilities.binding.AbstractBinder$2
 968:            13            832  sun.nio.ch.SelectionKeyImpl (java.base@21.0.6)
 969:             1            816  [Lcom.aerospike.client.cluster.Connection;
 970:             3            816  [Lcom.fasterxml.jackson.core.sym.CharsToNameCanonicalizer$Bucket;
 971:            17            816  io.grpc.internal.ServerImpl$ServerTransportListenerImpl
 972:            17            816  io.grpc.netty.NettyServerHandler$1
 973:            34            816  io.netty.handler.codec.http2.DefaultHttp2ConnectionDecoder$FrameReadListener
 974:            34            816  java.time.format.DateTimeFormatterBuilder$CompositePrinterParser (java.base@21.0.6)
 975:            10            800  java.lang.invoke.BoundMethodHandle$Species_LLLJ (java.base@21.0.6)
 976:            25            800  jdk.incubator.vector.VectorOperators$UnaryImpl (jdk.incubator.vector@21.0.6)
 977:            10            800  sun.util.calendar.ZoneInfo (java.base@21.0.6)
 978:            33            792  [Lsun.security.x509.AVA; (java.base@21.0.6)
 979:             9            792  com.fasterxml.jackson.databind.deser.std.CollectionDeserializer
 980:            11            792  com.sun.jmx.mbeanserver.DefaultMXBeanMappingFactory$CompositeMapping (java.management@21.0.6)
 981:             7            784  org.glassfish.jersey.internal.inject.SupplierClassBinding
 982:            24            768  io.grpc.netty.NettyServer$3
 983:            24            768  io.grpc.netty.NettyServer$ListenSocket
 984:            24            768  io.netty.bootstrap.ServerBootstrap$ServerBootstrapAcceptor$1
 985:            16            768  java.time.temporal.ChronoUnit (java.base@21.0.6)
 986:            32            768  jdk.proxy2.$Proxy23 (jdk.proxy2)
 987:            24            768  kotlin.reflect.jvm.internal.impl.load.java.typeEnhancement.JavaTypeQualifiers
 988:            12            768  org.xnio.nio.QueuedNioTcpServer2
 989:            19            760  com.fasterxml.jackson.core.JsonParser$Feature
 990:             5            760  sun.security.provider.HashDrbg (java.base@21.0.6)
 991:            31            744  com.google.inject.internal.ConstantFactory
 992:            23            736  com.aerospike.flow.CancellableFlow$job$1$1
 993:            23            736  com.fasterxml.jackson.databind.util.LRUMap
 994:            23            736  com.fasterxml.jackson.databind.util.internal.LinkedDeque
 995:            23            736  com.google.inject.internal.ConstructorInjectorStore
 996:            23            736  com.google.inject.internal.ProvisionListenerCallbackStore
 997:            23            736  kotlin.reflect.jvm.internal.impl.incremental.components.NoLookupLocation
 998:            23            736  org.glassfish.jersey.server.spi.internal.ParamValueFactoryWithSource
 999:            13            728  kotlin.reflect.jvm.internal.impl.types.SimpleTypeImpl
1000:             7            728  org.glassfish.jersey.internal.inject.SupplierInstanceBinding
1001:            18            720  com.aerospike.client.Operation$Type
1002:            30            720  com.aerospike.connect.metrics.DefaultSettableGauge
1003:            18            720  com.google.protobuf.Descriptors$FieldDescriptor$Type
1004:            45            720  org.bouncycastle.pqc.jcajce.provider.sphincsplus.SPHINCSPlusKeyFactorySpi
1005:            18            720  org.glassfish.jersey.message.ReaderModel
1006:            18            720  org.glassfish.jersey.message.WriterModel
1007:            19            712  [Lkotlin.reflect.jvm.internal.impl.util.Check;
1008:            15            704  [Ljava.nio.channels.SelectionKey; (java.base@21.0.6)
1009:            22            704  com.aerospike.client.async.NettyCommand$InboundHandler
1010:            22            704  com.aerospike.client.async.NettyConnection
1011:            22            704  com.aerospike.client.async.ScheduleTask
1012:            22            704  io.netty.resolver.DefaultNameResolver
1013:            22            704  java.lang.reflect.ClassFileFormatVersion (java.base@21.0.6)
1014:            22            704  java.util.AbstractMap$SimpleImmutableEntry (java.base@21.0.6)
1015:            11            704  org.glassfish.jersey.internal.guava.LocalCache$StrongAccessEntry
1016:            29            696  com.google.common.collect.SingletonImmutableSet
1017:            29            696  jdk.proxy2.$Proxy53 (jdk.proxy2)
1018:            29            696  org.bouncycastle.jcajce.provider.asymmetric.compositesignatures.KeyFactorySpi
1019:            29            696  org.glassfish.jersey.uri.internal.UriPart
1020:             1            688  [Lkotlin.reflect.jvm.internal.impl.types.error.ErrorTypeKind;
1021:            17            680  io.grpc.Status$Code
1022:            17            680  io.grpc.netty.GrpcHttp2HeadersUtils$GrpcHttp2ServerHeadersDecoder
1023:             5            680  sun.security.x509.X509CertImpl (java.base@21.0.6)
1024:            28            672  com.fasterxml.jackson.databind.introspect.AnnotatedMethodMap
1025:            12            672  com.google.inject.internal.FactoryProxy
1026:            28            672  com.google.protobuf.GeneratedMessageV3$FieldAccessorTable$SyntheticOneofAccessor
1027:            21            672  com.google.protobuf.MapField$MutabilityAwareMap
1028:            12            672  io.undertow.Undertow$ListenerInfo
1029:            12            672  java.lang.OutOfMemoryError (java.base@21.0.6)
1030:            12            672  java.lang.WeakPairMap$Pair$Weak (java.base@21.0.6)
1031:            12            672  java.lang.WeakPairMap$Pair$Weak$1 (java.base@21.0.6)
1032:            14            672  java.lang.invoke.SimpleMethodHandle (java.base@21.0.6)
1033:            12            672  sun.nio.ch.ServerSocketAdaptor (java.base@21.0.6)
1034:            21            672  sun.security.x509.AVAKeyword (java.base@21.0.6)
1035:             9            648  io.netty.handler.codec.http2.Http2Exception$StacklessHttp2Exception
1036:             9            648  java.lang.invoke.MethodHandleImpl$IntrinsicMethodHandle (java.base@21.0.6)
1037:            27            648  java.security.spec.ECFieldFp (java.base@21.0.6)
1038:            27            648  java.time.LocalTime (java.base@21.0.6)
1039:             9            648  kotlin.reflect.jvm.internal.impl.storage.LockBasedStorageManager$5
1040:            27            648  org.glassfish.jersey.server.internal.routing.PushMatchedMethodRouter
1041:            27            648  org.glassfish.jersey.server.internal.routing.Routers$EndpointRouter
1042:             9            648  org.glassfish.jersey.server.model.RuntimeResource
1043:            10            640  com.aerospike.vector.cluster.Cluster$ClusterEpoch
1044:             8            640  com.google.protobuf.DescriptorProtos$EnumDescriptorProto
1045:             8            640  com.google.protobuf.Descriptors$FileDescriptor
1046:            20            640  io.grpc.internal.DelayedClientTransport$3
1047:            20            640  io.grpc.internal.ManagedChannelOrphanWrapper
1048:            20            640  java.security.SecurityPermission (java.base@21.0.6)
1049:            10            640  java.util.Hashtable (java.base@21.0.6)
1050:            20            640  kotlin.reflect.jvm.internal.impl.serialization.deserialization.AnnotationDeserializer
1051:            14            624  [Lcom.google.protobuf.Descriptors$EnumValueDescriptor;
1052:            13            624  com.aerospike.vector.index.RequestPerformanceMetrics
1053:            39            624  java.time.format.DateTimeFormatterBuilder$CharLiteralPrinterParser (java.base@21.0.6)
1054:            13            624  javax.management.MBeanNotificationInfo (java.management@21.0.6)
1055:             6            624  jdk.incubator.vector.LaneType (jdk.incubator.vector@21.0.6)
1056:            26            624  kotlin.reflect.jvm.internal.KClassImpl$Data$$Lambda$0
1057:            26            624  kotlin.reflect.jvm.internal.KClassImpl$Data$$Lambda$1
1058:            26            624  kotlin.reflect.jvm.internal.KClassImpl$Data$$Lambda$10
1059:            26            624  kotlin.reflect.jvm.internal.KClassImpl$Data$$Lambda$11
1060:            26            624  kotlin.reflect.jvm.internal.KClassImpl$Data$$Lambda$12
1061:            26            624  kotlin.reflect.jvm.internal.KClassImpl$Data$$Lambda$13
1062:            26            624  kotlin.reflect.jvm.internal.KClassImpl$Data$$Lambda$14
1063:            26            624  kotlin.reflect.jvm.internal.KClassImpl$Data$$Lambda$15
1064:            26            624  kotlin.reflect.jvm.internal.KClassImpl$Data$$Lambda$16
1065:            26            624  kotlin.reflect.jvm.internal.KClassImpl$Data$$Lambda$17
1066:            26            624  kotlin.reflect.jvm.internal.KClassImpl$Data$$Lambda$3
1067:            26            624  kotlin.reflect.jvm.internal.KClassImpl$Data$$Lambda$4
1068:            26            624  kotlin.reflect.jvm.internal.KClassImpl$Data$$Lambda$5
1069:            26            624  kotlin.reflect.jvm.internal.KClassImpl$Data$$Lambda$9
1070:            26            624  kotlin.reflect.jvm.internal.KDeclarationContainerImpl$Data$$Lambda$0
1071:            26            624  kotlin.reflect.jvm.internal.impl.protobuf.ExtensionRegistryLite$ObjectIntPair
1072:            13            624  sun.security.jca.ProviderConfig (java.base@21.0.6)
1073:             7            616  com.aerospike.vector.index.IndexMetrics
1074:             7            616  com.google.protobuf.Descriptors$EnumDescriptor
1075:             7            616  java.util.concurrent.TimeUnit (java.base@21.0.6)
1076:            12            608  [Ljava.lang.invoke.LambdaFormEditor$Transform; (java.base@21.0.6)
1077:            19            608  com.aerospike.vector.storage.AerospikeStorageId
1078:             4            608  java.util.GregorianCalendar (java.base@21.0.6)
1079:            19            608  kotlin.reflect.jvm.internal.impl.serialization.deserialization.MemberDeserializer
1080:            15            600  sun.security.x509.AlgorithmId (java.base@21.0.6)
1081:             5            592  [Lsun.invoke.util.Wrapper; (java.base@21.0.6)
1082:            26            584  [Ljavax.management.MBeanNotificationInfo; (java.management@21.0.6)
1083:            18            576  com.google.protobuf.DescriptorProtos$FieldDescriptorProto$Type
1084:            24            576  io.netty.channel.ServerChannelRecvByteBufAllocator
1085:             8            576  java.lang.reflect.ProxyGenerator$PrimitiveTypeInfo (java.base@21.0.6)
1086:            24            576  java.time.Duration (java.base@21.0.6)
1087:             8            576  java.util.Collections$SingletonMap (java.base@21.0.6)
1088:            24            576  org.glassfish.jersey.internal.guava.LocalCache$AccessQueue
1089:            18            576  org.glassfish.jersey.server.model.Resource$1
1090:            18            576  org.jvnet.hk2.internal.SoftAnnotatedElementAnnotationInfo
1091:            24            576  org.xnio.ChannelListener$SimpleSetter
1092:             9            576  sun.util.resources.Bundles$BundleReference (java.base@21.0.6)
1093:             1            560  [Ljava.lang.invoke.LambdaForm$Kind; (java.base@21.0.6)
1094:            10            560  com.google.protobuf.GeneratedMessageV3$FieldAccessorTable$SingularMessageFieldAccessor
1095:            14            560  com.google.protobuf.WireFormat$FieldType
1096:            14            560  io.grpc.internal.GrpcUtil$Http2Error
1097:            14            560  io.netty.handler.codec.http2.Http2Error
1098:            10            560  java.lang.invoke.VarHandleLongs$FieldInstanceReadWrite (java.base@21.0.6)
1099:             5            560  jdk.incubator.vector.ByteVector$ByteSpecies (jdk.incubator.vector@21.0.6)
1100:             5            560  jdk.incubator.vector.FloatVector$FloatSpecies (jdk.incubator.vector@21.0.6)
1101:             5            560  jdk.incubator.vector.IntVector$IntSpecies (jdk.incubator.vector@21.0.6)
1102:            14            560  jdk.incubator.vector.VectorOperators$ImplCache (jdk.incubator.vector@21.0.6)
1103:            14            560  kotlin.reflect.jvm.internal.impl.protobuf.WireFormat$FieldType
1104:            10            560  org.jvnet.hk2.internal.IterableProviderImpl
1105:            23            552  com.google.common.cache.LocalCache$LocalManualCache
1106:            23            552  com.google.inject.internal.InjectorImpl$InjectorOptions
1107:            23            552  com.google.inject.internal.InjectorShell$InjectorFactory
1108:            23            552  com.google.inject.internal.ProvisionListenerCallbackStore$1
1109:            23            552  com.google.inject.internal.WeakKeySet$$Lambda/0x00007a57080c4e20
1110:            23            552  com.google.inject.spi.BindingSourceRestriction$PermitMapConstruction$PermitMapImpl
1111:            23            552  kotlinx.coroutines.DisposeOnCancel
1112:            23            552  kotlinx.coroutines.flow.SafeFlow
1113:            17            544  com.fasterxml.jackson.databind.type.ClassKey
1114:            17            544  com.google.common.collect.ImmutableMapEntry
1115:            17            544  io.grpc.netty.NettyServerHandler$KeepAlivePinger
1116:            17            544  io.grpc.netty.NettyServerHandler$WriteMonitoringFrameWriter
1117:            34            544  io.netty.handler.codec.http2.Http2Flags
1118:            17            544  javax.management.StandardMBean (java.management@21.0.6)
1119:            17            544  sun.nio.ch.SocketOptionRegistry$RegistryKey (java.base@21.0.6)
1120:             1            528  [Lio.netty.handler.codec.http2.HpackStaticTable$HeaderIndex;
1121:             6            528  com.google.inject.internal.Initializer$InjectableReference
1122:            22            528  io.netty.util.internal.TypeParameterMatcher$ReflectiveMatcher
1123:            22            528  jdk.proxy2.$Proxy9 (jdk.proxy2)
1124:            13            520  com.fasterxml.jackson.core.JsonGenerator$Feature
1125:            13            520  sun.nio.ch.DummySocketImpl (java.base@21.0.6)
1126:             5            520  sun.security.x509.X509CertInfo (java.base@21.0.6)
1127:             8            512  com.google.protobuf.DescriptorProtos$ServiceDescriptorProto
1128:             8            512  java.io.FilePermission (java.base@21.0.6)
1129:             8            512  java.nio.HeapByteBuffer (java.base@21.0.6)
1130:             8            512  kotlin.reflect.jvm.internal.impl.builtins.PrimitiveType
1131:             8            512  kotlin.reflect.jvm.internal.impl.resolve.jvm.JvmPrimitiveType
1132:             3            504  com.aerospike.vector.index.IndexCatalog
1133:             9            504  com.github.benmanes.caffeine.cache.PSW
1134:             9            504  com.google.protobuf.GeneratedMessageV3$FieldAccessorTable$SingularStringFieldAccessor
1135:            21            504  com.google.protobuf.MapField$ImmutableMessageConverter
1136:             9            504  io.grpc.Metadata$AsciiKey
1137:             9            504  java.lang.invoke.VarHandleInts$FieldInstanceReadWrite (java.base@21.0.6)
1138:             9            504  java.util.logging.Level$KnownLevel (java.logging@21.0.6)
1139:             7            504  kotlin.reflect.jvm.internal.impl.serialization.deserialization.descriptors.DeserializedPackageMemberScope
1140:             7            504  sun.management.MemoryPoolImpl (java.management@21.0.6)
1141:             2            496  [Lcom.fasterxml.jackson.databind.DeserializationFeature;
1142:             1            496  [Lcom.google.inject.internal.ErrorId;
1143:             8            496  [Lkotlin.annotation.AnnotationTarget;
1144:             2            496  io.grpc.netty.NettyServer
1145:             2            496  kotlinx.coroutines.scheduling.CoroutineScheduler$Worker
1146:             5            488  [Ljdk.incubator.vector.LaneType; (jdk.incubator.vector@21.0.6)
1147:            10            480  com.aerospike.vector.client.proto.StandaloneIndexParams
1148:            10            480  com.aerospike.vector.cluster.Cluster$ClusterState
1149:            10            480  com.aerospike.vector.index.IndexCreateOperation
1150:             3            480  com.fasterxml.jackson.databind.deser.std.StdValueInstantiator
1151:            12            480  com.fasterxml.jackson.dataformat.yaml.YAMLGenerator$Feature
1152:             6            480  com.google.protobuf.SmallSortedMap$1
1153:            12            480  io.grpc.ServiceDescriptor
1154:            12            480  io.undertow.server.protocol.http.HttpRequestParser$$generated
1155:            20            480  io.undertow.util.SimpleAttachmentKey
1156:            15            480  java.util.Date (java.base@21.0.6)
1157:            20            480  java.util.concurrent.ConcurrentSkipListMap$KeySet (java.base@21.0.6)
1158:            12            480  java.util.concurrent.atomic.AtomicLongFieldUpdater$CASUpdater (java.base@21.0.6)
1159:            20            480  jdk.proxy2.$Proxy55 (jdk.proxy2)
1160:            15            480  kotlin.annotation.AnnotationTarget
1161:             6            480  kotlin.reflect.jvm.internal.impl.descriptors.impl.ValueParameterDescriptorImpl
1162:             6            480  kotlin.reflect.jvm.internal.impl.serialization.deserialization.descriptors.DeserializedClassDescriptor$DeserializedClassMemberScope
1163:            12            480  kotlinx.coroutines.NodeList
1164:             6            480  kotlinx.coroutines.sync.MutexImpl
1165:            12            480  org.glassfish.jersey.server.internal.routing.Route
1166:            12            480  org.xnio.nio.NioTcpServer$1
1167:            12            480  org.xnio.nio.NioXnioWorker$NioWorkerMetrics$$Lambda/0x00007a570878f300
1168:             7            464  [Lcom.google.protobuf.Descriptors$MethodDescriptor;
1169:            29            464  java.lang.ThreadLocal (java.base@21.0.6)
1170:             7            456  [Lcom.google.common.collect.ImmutableMapEntry;
1171:            19            456  java.util.concurrent.ConcurrentSkipListMap$Values (java.base@21.0.6)
1172:            19            456  kotlin.reflect.jvm.internal.KFunctionImpl$$Lambda$2
1173:            19            456  kotlin.reflect.jvm.internal.impl.metadata.deserialization.TypeTable
1174:            19            456  kotlin.reflect.jvm.internal.impl.serialization.deserialization.TypeDeserializer$$Lambda$0
1175:            19            456  kotlin.reflect.jvm.internal.impl.serialization.deserialization.TypeDeserializer$$Lambda$1
1176:            19            456  org.glassfish.jersey.server.internal.inject.EntityParamValueParamProvider$EntityValueSupplier
1177:             1            456  org.jboss.threads.EnhancedQueueExecutor
1178:             2            448  [Lcom.fasterxml.jackson.databind.SerializationFeature;
1179:             7            448  [Ljdk.incubator.vector.AbstractSpecies; (jdk.incubator.vector@21.0.6)
1180:            14            448  com.codahale.metrics.ChunkedAssociativeLongArray
1181:             7            448  com.google.protobuf.DescriptorProtos$MessageOptions
1182:            14            448  io.netty.handler.codec.http2.HpackStaticTable$HeaderIndex
1183:            14            448  kotlin.reflect.jvm.internal.impl.renderer.DescriptorRendererModifier
1184:             2            448  kotlin.reflect.jvm.internal.impl.serialization.deserialization.descriptors.DeserializedPropertyDescriptor
1185:             7            448  org.glassfish.jersey.server.model.internal.JavaResourceMethodDispatcherProvider$TypeOutInvoker
1186:            14            448  org.glassfish.jersey.server.monitoring.RequestEvent$Type
1187:             2            448  org.xnio.nio.WorkerThread
1188:             4            448  sun.util.calendar.Gregorian$Date (java.base@21.0.6)
1189:             5            440  com.aerospike.client.policy.Policy
1190:            11            440  io.undertow.security.impl.DigestAuthorizationToken
1191:             5            440  java.net.SocketPermission (java.base@21.0.6)
1192:             3            432  [Ljava.util.concurrent.RunnableScheduledFuture; (java.base@21.0.6)
1193:            18            432  com.aerospike.vector.interconnect.InterconnectChannelProvider$MultiAddressNameResolverFactory$newNameResolver$1
1194:             3            432  com.fasterxml.jackson.databind.DeserializationConfig
1195:            18            432  io.grpc.internal.Rescheduler$FutureRunnable
1196:             6            432  java.nio.DirectLongBufferU (java.base@21.0.6)
1197:            18            432  java.text.DateFormat$Field (java.base@21.0.6)
1198:             9            432  java.util.logging.Level (java.logging@21.0.6)
1199:             9            432  jdk.internal.loader.NativeLibraries$NativeLibraryImpl (java.base@21.0.6)
1200:             9            432  kotlin.reflect.jvm.internal.impl.load.kotlin.TypeMappingMode
1201:             6            432  kotlin.reflect.jvm.internal.impl.serialization.deserialization.ProtoContainer$Class
1202:             9            432  org.glassfish.jersey.inject.hk2.SupplierFactoryBridge
1203:            18            432  org.xnio.OptionMap
1204:             9            432  sun.security.x509.URIName (java.base@21.0.6)
1205:             9            432  sun.util.resources.Bundles$CacheKey (java.base@21.0.6)
1206:            23            424  [Ljavax.management.MBeanConstructorInfo; (java.management@21.0.6)
1207:            10            424  [Lsun.security.x509.RDN; (java.base@21.0.6)
1208:            13            416  ch.qos.logback.core.spi.ContextAwareBase
1209:            13            416  com.fasterxml.jackson.databind.type.LogicalType
1210:            13            416  com.fasterxml.jackson.module.kotlin.BucketGenerator
1211:            13            416  com.fasterxml.jackson.module.kotlin.ConstructorValueCreator
1212:             4            416  java.lang.invoke.BoundMethodHandle$Species_LLLLLLL (java.base@21.0.6)
1213:            13            416  jdk.incubator.vector.VectorOperators$BinaryImpl (jdk.incubator.vector@21.0.6)
1214:            13            416  kotlin.reflect.jvm.internal.impl.metadata.ProtoBuf$Annotation$Argument$Value$Type
1215:            13            416  kotlin.reflect.jvm.internal.impl.serialization.deserialization.descriptors.DeserializedMemberScope$OptimizedImplementation$$Lambda$3
1216:            13            416  kotlin.reflect.jvm.internal.impl.serialization.deserialization.descriptors.DeserializedMemberScope$OptimizedImplementation$$Lambda$4
1217:            13            416  org.glassfish.jersey.uri.UriComponent$Type
1218:            17            408  com.aerospike.vector.hlc.HlcTimestamp
1219:            17            408  io.grpc.internal.KeepAliveManager$1
1220:            17            408  io.grpc.internal.KeepAliveManager$2
1221:            17            408  io.grpc.netty.Http2ControlFrameLimitEncoder$1
1222:            17            408  io.grpc.netty.NettyServer$1$1LoopReleaser
1223:            17            408  io.grpc.netty.NettyServerHandler$FrameListener
1224:            17            408  io.grpc.netty.NettyServerTransport$1TerminationNotifier
1225:            17            408  io.netty.channel.$Proxy47
1226:            17            408  sun.nio.ch.OptionKey (java.base@21.0.6)
1227:             5            400  com.fasterxml.jackson.databind.introspect.BasicBeanDescription
1228:            10            400  com.google.common.collect.ImmutableMapEntry$NonTerminalImmutableMapEntry
1229:            10            400  com.google.inject.spi.TypeConverterBinding
1230:            10            400  io.undertow.util.FastConcurrentDirectDeque$Node
1231:             5            400  java.net.URLPermission (java.base@21.0.6)
1232:             5            400  java.util.Properties (java.base@21.0.6)
1233:            10            400  kotlin.reflect.jvm.internal.impl.types.error.ErrorScopeKind
1234:            10            400  org.glassfish.jersey.server.internal.inject.ParamInjectionResolver
1235:            10            400  sun.reflect.generics.repository.FieldRepository (java.base@21.0.6)
1236:            16            392  [Lcom.google.protobuf.Descriptors$FileDescriptor;
1237:             7            392  com.cronutils.model.field.constraint.FieldConstraints
1238:             7            392  com.sun.jmx.mbeanserver.DefaultMXBeanMappingFactory$CollectionMapping (java.management@21.0.6)
1239:             7            392  java.text.DigitList (java.base@21.0.6)
1240:             7            392  sun.management.MemoryPoolImpl$CollectionSensor (java.management@21.0.6)
1241:             5            384  [Ljava.lang.invoke.LambdaForm$NamedFunction; (java.base@21.0.6)
1242:            16            384  com.aerospike.vector.index.IndexServiceInternalGrpc$IndexServiceInternalMethodDescriptorSupplier
1243:            16            384  com.aerospike.vector.index.IndexServiceInternalGrpc$MethodHandlers
1244:             3            384  com.fasterxml.jackson.databind.ObjectMapper
1245:             3            384  com.fasterxml.jackson.databind.SerializationConfig
1246:             3            384  com.fasterxml.jackson.databind.deser.DefaultDeserializationContext$Impl
1247:             3            384  com.fasterxml.jackson.databind.ser.DefaultSerializerProvider$Impl
1248:             6            384  com.google.common.collect.RegularImmutableMap
1249:             6            384  com.google.inject.assistedinject.FactoryProvider2
1250:            12            384  com.google.protobuf.LongArrayList
1251:             6            384  com.google.protobuf.MapEntry$Metadata
1252:            12            384  io.grpc.ServerServiceDefinition
1253:            12            384  io.undertow.server.ConnectorStatisticsImpl
1254:            12            384  io.undertow.server.protocol.http2.Http2UpgradeHandler
1255:            12            384  java.lang.NamedPackage (java.base@21.0.6)
1256:            12            384  java.lang.annotation.ElementType (java.base@21.0.6)
1257:            12            384  java.net.StandardSocketOptions$StdSocketOption (java.base@21.0.6)
1258:             4            384  java.security.SecureRandom (java.base@21.0.6)
1259:            12            384  java.security.spec.RSAKeyGenParameterSpec (java.base@21.0.6)
1260:             4            384  java.text.DateFormatSymbols (java.base@21.0.6)
1261:             6            384  java.util.PropertyResourceBundle (java.base@21.0.6)
1262:            16            384  java.util.regex.Pattern$$Lambda/0x800000031 (java.base@21.0.6)
1263:             6            384  kotlin.reflect.jvm.internal.impl.serialization.deserialization.descriptors.DeserializedClassDescriptor$memberScopeHolder$1
1264:            12            384  org.glassfish.jersey.model.Parameter$Source
1265:             8            384  org.xnio.SequenceOption
1266:            12            384  sun.reflect.annotation.TypeAnnotation$TypeAnnotationTarget (java.base@21.0.6)
1267:             6            384  sun.util.locale.provider.LocaleResources$ResourceReference (java.base@21.0.6)
1268:            23            368  com.google.inject.internal.InjectorShell$LoggerFactory
1269:             2            368  io.grpc.internal.ServerImpl
1270:             1            360  [Ljakarta.ws.rs.core.Response$Status;
1271:             5            360  com.google.inject.internal.InjectorImpl$SyntheticProviderBindingImpl
1272:             9            360  com.google.protobuf.Descriptors$FieldDescriptor$JavaType
1273:             9            360  com.google.protobuf.WireFormat$JavaType
1274:             5            360  io.netty.channel.ServerChannelRecvByteBufAllocator$1
1275:             3            360  io.undertow.servlet.api.ServletInfo
1276:             9            360  java.util.RegularEnumSet (java.base@21.0.6)
1277:             9            360  kotlin.reflect.jvm.internal.impl.metadata.builtins.BuiltInsBinaryVersion
1278:             9            360  kotlin.reflect.jvm.internal.impl.protobuf.WireFormat$JavaType
1279:             5            360  kotlin.reflect.jvm.internal.impl.types.error.ErrorType
1280:             3            360  org.glassfish.jersey.server.ResourceConfig$ImmutableState
1281:             9            360  org.glassfish.jersey.server.internal.routing.WildcardMethodSelectingRouter
1282:            15            360  org.yaml.snakeyaml.nodes.Tag
1283:            15            360  sun.invoke.util.ValueConversions$WrapperCache (java.base@21.0.6)
1284:             5            360  sun.security.util.MemoryCache$SoftCacheEntry (java.base@21.0.6)
1285:             2            352  [Ljava.text.DateFormat$Field; (java.base@21.0.6)
1286:             4            352  com.aerospike.vector.exchange.Exchange$ExchangePayload
1287:            11            352  com.fasterxml.jackson.annotation.JsonFormat$Feature
1288:            11            352  com.fasterxml.jackson.annotation.JsonFormat$Shape
1289:            11            352  java.lang.invoke.MethodHandleImpl$Intrinsic (java.base@21.0.6)
1290:            11            352  kotlin.reflect.jvm.internal.impl.renderer.DescriptorRendererImpl
1291:            11            352  org.bouncycastle.asn1.x509.AlgorithmIdentifier
1292:            11            352  org.bouncycastle.jcajce.provider.asymmetric.ec.KeyFactorySpi$EC
1293:            11            352  org.yaml.snakeyaml.events.Event$ID
1294:             4            352  sun.security.provider.SHA2$SHA256 (java.base@21.0.6)
1295:             4            336  [Lcom.fasterxml.jackson.databind.cfg.CoercionAction;
1296:             7            336  com.aerospike.vector.client.proto.Vector
1297:             6            336  com.fasterxml.jackson.core.io.SerializedString
1298:             7            336  com.google.protobuf.Descriptors$ServiceDescriptor
1299:             6            336  io.netty.channel.epoll.EpollEventLoopGroup
1300:             7            336  java.nio.file.attribute.FileTime (java.base@21.0.6)
1301:             3            336  java.util.concurrent.ScheduledThreadPoolExecutor (java.base@21.0.6)
1302:             6            336  java.util.stream.StreamOpFlag (java.base@21.0.6)
1303:             7            336  javax.management.StandardEmitterMBean (java.management@21.0.6)
1304:             7            336  kotlin.reflect.jvm.internal.calls.CallerImpl$Method$Instance
1305:             7            336  kotlin.reflect.jvm.internal.impl.serialization.deserialization.ProtoBasedClassDataFinder
1306:             2            336  org.bouncycastle.jce.provider.BouncyCastleProvider
1307:             7            336  org.glassfish.jersey.message.internal.AcceptableMediaType
1308:             7            336  sun.management.MemoryPoolImpl$PoolSensor (java.management@21.0.6)
1309:             3            336  sun.security.provider.NativePRNG$RandomIO (java.base@21.0.6)
1310:             2            320  [Lcom.google.protobuf.DescriptorProtos$FieldDescriptorProto$Type;
1311:             2            320  [Lcom.google.protobuf.Descriptors$FieldDescriptor$Type;
1312:             2            320  [Lcom.google.protobuf.WireFormat$FieldType;
1313:             1            320  [Lorg.bouncycastle.crypto.CryptoServiceProperties;
1314:             1            320  com.aerospike.client.cluster.Cluster
1315:            10            320  com.aerospike.client.exp.Exp$Type
1316:            10            320  com.fasterxml.jackson.databind.cfg.CoercionInputShape
1317:             2            320  com.fasterxml.jackson.databind.ser.BeanPropertyWriter
1318:             1            320  com.github.benmanes.caffeine.cache.SSLA
1319:             5            320  com.google.common.io.BaseEncoding$Alphabet
1320:            10            320  com.google.inject.internal.asm.$Type
1321:            10            320  java.nio.file.StandardOpenOption (java.base@21.0.6)
1322:             8            320  java.util.jar.Manifest (java.base@21.0.6)
1323:            10            320  jdk.incubator.vector.VectorOperators$ComparisonImpl (jdk.incubator.vector@21.0.6)
1324:             8            320  kotlin.reflect.jvm.internal.impl.builtins.jvm.JavaToKotlinClassMap$PlatformMutabilityMapping
1325:             8            320  kotlin.reflect.jvm.internal.impl.metadata.ProtoBuf$QualifiedNameTable
1326:             8            320  kotlin.reflect.jvm.internal.impl.metadata.ProtoBuf$StringTable
1327:            10            320  org.bouncycastle.crypto.CryptoServicePurpose
1328:             8            320  sun.reflect.generics.reflectiveObjects.WildcardTypeImpl (java.base@21.0.6)
1329:             2            320  sun.security.provider.Sun (java.base@21.0.6)
1330:             4            320  sun.security.rsa.RSAPublicKeyImpl (java.base@21.0.6)
1331:             3            312  [[Ljava.lang.String; (java.base@21.0.6)
1332:             1            312  [[Ljava.math.BigInteger; (java.base@21.0.6)
1333:             3            312  ch.qos.logback.core.ConsoleAppender
1334:             3            312  java.text.SimpleDateFormat (java.base@21.0.6)
1335:            13            312  java.util.concurrent.ConcurrentHashMap$ValuesView (java.base@21.0.6)
1336:            13            312  java.util.regex.Pattern$StartS (java.base@21.0.6)
1337:            13            312  kotlin.reflect.jvm.internal.impl.serialization.deserialization.descriptors.DeserializedMemberScope$$Lambda$0
1338:            13            312  kotlin.reflect.jvm.internal.impl.serialization.deserialization.descriptors.DeserializedMemberScope$$Lambda$1
1339:            13            312  kotlin.reflect.jvm.internal.impl.serialization.deserialization.descriptors.DeserializedMemberScope$OptimizedImplementation$$Lambda$0
1340:            13            312  kotlin.reflect.jvm.internal.impl.serialization.deserialization.descriptors.DeserializedMemberScope$OptimizedImplementation$$Lambda$1
1341:            13            312  kotlin.reflect.jvm.internal.impl.serialization.deserialization.descriptors.DeserializedMemberScope$OptimizedImplementation$$Lambda$2
1342:            13            312  org.xnio.Xnio$MBeanCloseable
1343:            13            312  sun.util.logging.internal.LoggingProviderImpl$JULWrapper (java.logging@21.0.6)
1344:             2            304  [Lio.grpc.Status$Code;
1345:             1            288  [Lcom.fasterxml.jackson.databind.MapperFeature;
1346:             6            288  [Lorg.glassfish.jersey.internal.guava.LocalCache$Segment;
1347:             2            288  [Lorg.glassfish.jersey.internal.util.collection.KeyComparatorHashMap$Entry;
1348:            12            288  [Lorg.xnio.nio.NioTcpServerHandle;
1349:             6            288  com.aerospike.vector.client.proto.FloatData
1350:             3            288  com.aerospike.vector.index.IndexLog
1351:            12            288  com.aerospike.vector.index.metrics.Fitness
1352:            12            288  com.aerospike.vector.node.NodeId
1353:             6            288  com.fasterxml.jackson.core.json.JsonWriteFeature
1354:             9            288  com.fasterxml.jackson.databind.node.JsonNodeType
1355:             6            288  com.google.protobuf.MapEntry
1356:             4            288  com.sun.management.internal.GarbageCollectorExtImpl (jdk.management@21.0.6)
1357:             4            288  io.netty.buffer.SizeClasses
1358:             9            288  io.netty.handler.codec.http.HttpMethod$EnumNameMap$Node
1359:             6            288  io.netty.util.internal.ObjectPool$RecyclerObjectPool$1
1360:             4            288  io.undertow.servlet.handlers.ServletChain
1361:             9            288  java.lang.ClassValue$Version (java.base@21.0.6)
1362:             6            288  java.lang.invoke.LambdaForm$BasicType (java.base@21.0.6)
1363:             9            288  java.lang.reflect.AccessFlag$Location (java.base@21.0.6)
1364:             9            288  java.net.NetPermission (java.base@21.0.6)
1365:             9            288  java.nio.file.attribute.PosixFilePermission (java.base@21.0.6)
1366:             9            288  java.util.concurrent.Executors$AutoShutdownDelegatedExecutorService (java.base@21.0.6)
1367:             3            288  java.util.concurrent.ScheduledThreadPoolExecutor$ScheduledFutureTask (java.base@21.0.6)
1368:             9            288  jdk.incubator.vector.VectorOperators$AssociativeImpl (jdk.incubator.vector@21.0.6)
1369:             9            288  jdk.internal.org.objectweb.asm.Type (java.base@21.0.6)
1370:             6            288  kotlin.reflect.jvm.internal.impl.descriptors.ScopesHolderForClass
1371:             6            288  kotlin.reflect.jvm.internal.impl.metadata.jvm.deserialization.JvmMetadataVersion
1372:             6            288  kotlin.reflect.jvm.internal.impl.serialization.deserialization.descriptors.DeserializedClassDescriptor$DeserializedClassTypeConstructor
1373:             6            288  kotlinx.coroutines.sync.SemaphoreSegment
1374:             6            288  org.bouncycastle.jcajce.provider.config.ProviderConfigurationPermission
1375:            12            288  org.glassfish.jersey.inject.hk2.Hk2Helper$$Lambda/0x00007a57086a1ad8
1376:             9            288  org.glassfish.jersey.inject.hk2.Hk2Helper$$Lambda/0x00007a57086a3550
1377:            12            288  org.glassfish.jersey.inject.hk2.InstanceSupplierFactoryBridge
1378:             9            288  org.glassfish.jersey.server.internal.routing.PushMatchedTemplateRouter
1379:             9            288  org.glassfish.jersey.server.model.HandlerConstructor
1380:            12            288  org.xnio.ChannelListeners$10
1381:            12            288  org.xnio.nio.NioTcpServerHandle$1
1382:            12            288  org.xnio.nio.QueuedNioTcpServer2$$Lambda/0x00007a570878f530
1383:            12            288  org.xnio.nio.QueuedNioTcpServer2$$Lambda/0x00007a570878f748
1384:            12            288  org.xnio.nio.QueuedNioTcpServer2$$Lambda/0x00007a570878fb80
1385:             4            288  sun.nio.cs.UTF_8$Encoder (java.base@21.0.6)
1386:             9            288  sun.reflect.generics.tree.Wildcard (java.base@21.0.6)
1387:             4            288  sun.security.provider.MoreDrbgParameters (java.base@21.0.6)
1388:             4            288  sun.util.locale.provider.LocaleResources (java.base@21.0.6)
1389:             5            280  com.aerospike.vector.index.CentroidMapEntry
1390:             7            280  com.aerospike.vector.index.IndexLogEntryList
1391:             7            280  com.cronutils.parser.CronParserField
1392:             7            280  com.fasterxml.jackson.module.kotlin.KotlinFeature
1393:             1            280  com.github.benmanes.caffeine.cache.BoundedBuffer$RingBuffer
1394:             5            280  io.grpc.Metadata$TrustedAsciiKey
1395:             7            280  java.lang.invoke.MethodHandles$Lookup (java.base@21.0.6)
1396:             7            280  kotlin.reflect.jvm.internal.impl.load.java.JavaNullabilityAnnotationsStatus
1397:             7            280  kotlin.reflect.jvm.internal.impl.types.error.ErrorEntity
1398:             7            280  kotlin.time.DurationUnit
1399:             5            280  kotlinx.coroutines.channels.ChannelSegment
1400:             5            280  sun.security.x509.AuthorityKeyIdentifierExtension (java.base@21.0.6)
1401:             5            280  sun.util.locale.provider.LocaleProviderAdapter$Type (java.base@21.0.6)
1402:             2            272  com.fasterxml.jackson.databind.deser.impl.MethodProperty
1403:            17            272  io.grpc.netty.AbstractNettyHandler$AllowPingLimiter
1404:            17            272  io.grpc.netty.NettyServerHandler$ServerChannelLogger
1405:             2            272  sun.nio.ch.EPollSelectorImpl (java.base@21.0.6)
1406:             1            264  [Ljava.lang.invoke.VarHandle$AccessMode; (java.base@21.0.6)
1407:             3            264  com.aerospike.vector.heartbeat.Heartbeat$HeartbeatMessage
1408:            11            264  com.aerospike.vector.index.metrics.SizeProvider
1409:             3            264  com.fasterxml.jackson.core.sym.ByteQuadsCanonicalizer
1410:             3            264  com.fasterxml.jackson.core.sym.CharsToNameCanonicalizer
1411:             3            264  com.google.protobuf.GeneratedMessageV3$FieldAccessorTable$SingularEnumFieldAccessor
1412:            11            264  io.grpc.Attributes$Key
1413:             3            264  java.nio.DirectByteBufferR (java.base@21.0.6)
1414:            11            264  java.util.regex.Pattern$Begin (java.base@21.0.6)
1415:             3            264  javax.management.openmbean.OpenMBeanOperationInfoSupport (java.management@21.0.6)
1416:            11            264  jdk.internal.misc.InternalLock (java.base@21.0.6)
1417:            11            264  jdk.proxy1.$Proxy1 (jdk.proxy1)
1418:            11            264  kotlin.reflect.jvm.internal.impl.renderer.DescriptorRendererImpl$$Lambda$0
1419:            11            264  kotlin.reflect.jvm.internal.impl.utils.SmartSet
1420:            11            264  org.glassfish.jersey.internal.guava.LocalCache$StrongValueReference
1421:             3            264  sun.nio.cs.StreamEncoder (java.base@21.0.6)
1422:             2            256  [Lio.grpc.internal.GrpcUtil$Http2Error;
1423:             2            256  [Lio.netty.handler.codec.http2.Http2Error;
1424:             1            256  [Ljava.time.temporal.ChronoField; (java.base@21.0.6)
1425:             8            256  com.aerospike.vector.client.proto.StandaloneIndexState
1426:             8            256  com.aerospike.vector.cluster.QuantumFaultType
1427:             2            256  com.aerospike.vector.server.grpc.service.GrpcTransactService
1428:             8            256  com.cronutils.model.definition.CronNicknames
1429:             8            256  com.cronutils.model.field.CronFieldName
1430:             4            256  com.fasterxml.jackson.core.Base64Variant
1431:             2            256  com.fasterxml.jackson.databind.MappingJsonFactory
1432:             8            256  com.fasterxml.jackson.databind.introspect.AnnotationIntrospectorPair
1433:             8            256  com.github.benmanes.caffeine.cache.BoundedLocalCache$PerformCleanupTask
1434:             4            256  com.google.common.collect.MapMakerInternalMap$WeakKeyStrongValueSegment
1435:             8            256  com.google.protobuf.Descriptors$DescriptorPool
1436:             2            256  io.grpc.internal.DnsNameResolver
1437:             8            256  io.prometheus.client.Collector$Type
1438:             8            256  java.math.RoundingMode (java.base@21.0.6)
1439:             8            256  java.util.BitSet (java.base@21.0.6)
1440:             4            256  org.bouncycastle.crypto.params.DHParameters
1441:             4            256  org.glassfish.hk2.utilities.general.internal.WeakHashClockImpl
1442:             2            248  [Ljava.math.BigDecimal; (java.base@21.0.6)
1443:             3            248  [Ljava.util.logging.Level; (java.logging@21.0.6)
1444:             2            248  [[J (java.base@21.0.6)
1445:             1            248  org.jvnet.hk2.internal.AutoActiveDescriptor
1446:             1            248  org.jvnet.hk2.internal.ServiceLocatorImpl
1447:             5            240  com.aerospike.vector.client.proto.ProjectionFilter
1448:            10            240  com.aerospike.vector.cluster.ClusterServiceGrpc$ClusterServiceMethodDescriptorSupplier
1449:            10            240  com.aerospike.vector.cluster.ClusterServiceGrpc$MethodHandlers
1450:            15            240  com.aerospike.vector.inject.VectorDbGuiceModule$$FastClassByGuice$$6865bd
1451:             6            240  com.codahale.metrics.jvm.JmxAttributeGauge
1452:             5            240  com.fasterxml.jackson.core.JsonEncoding
1453:             5            240  io.netty.handler.codec.http.HttpStatusClass
1454:             6            240  io.netty.handler.codec.http2.Http2Headers$PseudoHeaderName
1455:            10            240  io.undertow.UndertowLogger_$logger
1456:             5            240  io.undertow.server.handlers.cache.LRUCache$CacheEntry
1457:            10            240  java.nio.charset.CoderResult (java.base@21.0.6)
1458:             5            240  java.time.format.DateTimeFormatterBuilder$NanosPrinterParser (java.base@21.0.6)
1459:             6            240  java.time.format.TextStyle (java.base@21.0.6)
1460:            10            240  java.util.regex.Pattern$Dollar (java.base@21.0.6)
1461:            10            240  javax.security.auth.x500.X500Principal (java.base@21.0.6)
1462:            10            240  jdk.proxy2.$Proxy52 (jdk.proxy2)
1463:             6            240  kotlin.reflect.jvm.internal.impl.descriptors.ClassKind
1464:             6            240  kotlin.reflect.jvm.internal.impl.load.java.AnnotationQualifierApplicabilityType
1465:            10            240  kotlin.reflect.jvm.internal.impl.resolve.scopes.DescriptorKindFilter
1466:            10            240  kotlin.reflect.jvm.internal.impl.resolve.scopes.DescriptorKindFilter$Companion$MaskToName
1467:             2            240  kotlinx.coroutines.channels.ConflatedBufferedChannel
1468:            10            240  org.bouncycastle.jce.spec.ECNamedCurveGenParameterSpec
1469:            10            240  org.glassfish.jersey.inject.hk2.InjectionResolverWrapper
1470:             6            240  org.glassfish.jersey.internal.JaxrsProviders
1471:             6            240  org.glassfish.jersey.message.internal.MessagingBinders$EnabledProvidersBinder$Provider
1472:            10            240  sun.security.x509.KeyIdentifier (java.base@21.0.6)
1473:             7            224  com.aerospike.vector.client.proto.NodeRole
1474:             7            224  com.aerospike.vector.cluster.QuantumFault
1475:             2            224  com.aerospike.vector.index.metrics.CacheMetrics
1476:             7            224  com.codahale.metrics.jvm.MemoryUsageGaugeSet$3
1477:             7            224  com.fasterxml.jackson.annotation.JsonInclude$Include
1478:             7            224  com.fasterxml.jackson.annotation.PropertyAccessor
1479:             7            224  com.github.benmanes.caffeine.cache.AccessOrderDeque
1480:             7            224  com.github.benmanes.caffeine.cache.BoundedLocalCache$BoundedLocalManualCache
1481:             7            224  com.google.inject.internal.TypeConverterBindingProcessor$5
1482:             7            224  com.google.protobuf.LazyStringArrayList
1483:             2            224  com.sun.security.sasl.gsskerb.JdkSASL$ProviderService (jdk.security.jgss@21.0.6)
1484:             7            224  io.netty.handler.codec.http2.Http2Stream$State
1485:             7            224  io.undertow.servlet.core.ContextClassLoaderSetupAction$1
1486:             7            224  io.undertow.servlet.core.ServletRequestContextThreadSetupAction$1
1487:             4            224  java.lang.RuntimeException (java.base@21.0.6)
1488:             7            224  java.lang.System$Logger$Level (java.base@21.0.6)
1489:             2            224  java.lang.invoke.BoundMethodHandle$Species_LLLLLLLL (java.base@21.0.6)
1490:             7            224  java.util.regex.Pattern$SliceI (java.base@21.0.6)
1491:             7            224  jdk.net.ExtendedSocketOptions$ExtSocketOption (jdk.net@21.0.6)
1492:             7            224  kotlin.reflect.jvm.internal.impl.metadata.ProtoBuf$Class$Kind
1493:             7            224  kotlin.reflect.jvm.internal.impl.metadata.deserialization.NameResolverImpl
1494:             2            224  kotlin.reflect.jvm.internal.impl.serialization.deserialization.descriptors.DeserializedTypeParameterDescriptor
1495:             4            224  org.glassfish.hk2.utilities.general.Hk2ThreadLocal$Key
1496:             4            224  org.glassfish.hk2.utilities.general.internal.WeakHashLRUImpl
1497:             7            224  org.glassfish.jersey.jackson.internal.jackson.jaxrs.util.ClassKey
1498:             7            224  org.glassfish.jersey.uri.internal.UriTemplateParser$Variables$State
1499:             7            224  org.yaml.snakeyaml.scanner.Constant
1500:             2            224  sun.security.jgss.SunProvider$ProviderService (java.security.jgss@21.0.6)
1501:             1            224  sun.security.pkcs11.SunPKCS11 (jdk.crypto.cryptoki@21.0.6)
1502:             3            216  [[Ljdk.incubator.vector.VectorOperators$ConversionImpl; (jdk.incubator.vector@21.0.6)
1503:             3            216  ch.qos.logback.classic.pattern.ThrowableProxyConverter
1504:             9            216  com.aerospike.vector.index.metrics.PerIndexMetrics$$Lambda/0x00007a5708886f50
1505:             9            216  com.aerospike.vector.index.metrics.PerIndexMetrics$$Lambda/0x00007a5708887168
1506:             9            216  com.aerospike.vector.index.metrics.PerIndexMetrics$$Lambda/0x00007a5708889a18
1507:             9            216  com.aerospike.vector.index.metrics.PerIndexMetrics$$Lambda/0x00007a570888a218
1508:             9            216  com.aerospike.vector.index.metrics.PerIndexMetrics$$Lambda/0x00007a570888a430
1509:             9            216  com.aerospike.vector.index.metrics.PerIndexMetrics$$Lambda/0x00007a570888a648
1510:             9            216  com.aerospike.vector.index.metrics.PerIndexMetrics$$Lambda/0x00007a570888a860
1511:             9            216  com.aerospike.vector.index.metrics.PerIndexMetrics$$Lambda/0x00007a570888aa78
1512:             9            216  com.aerospike.vector.index.metrics.PerIndexMetrics$$Lambda/0x00007a570888aea8
1513:             9            216  com.aerospike.vector.index.metrics.PerIndexMetrics$$Lambda/0x00007a570888b4f0
1514:             9            216  com.aerospike.vector.index.metrics.PerIndexMetrics$$Lambda/0x00007a570888b708
1515:             9            216  com.aerospike.vector.index.metrics.PerIndexMetrics$$Lambda/0x00007a570888b920
1516:             9            216  com.aerospike.vector.index.metrics.PerIndexMetrics$$Lambda/0x00007a570888bb38
1517:             9            216  com.aerospike.vector.index.metrics.PerIndexMetrics$$Lambda/0x00007a570888bd50
1518:             9            216  com.aerospike.vector.index.metrics.PerIndexMetrics$$Lambda/0x00007a570888c000
1519:             9            216  com.aerospike.vector.index.metrics.PerIndexMetrics$$Lambda/0x00007a570888c430
1520:             9            216  com.aerospike.vector.index.metrics.PerIndexMetrics$$Lambda/0x00007a570888c860
1521:             9            216  com.aerospike.vector.index.metrics.PerIndexMetrics$$Lambda/0x00007a570888ca78
1522:             9            216  com.aerospike.vector.index.metrics.PerIndexMetrics$$Lambda/0x00007a570888cc90
1523:             9            216  com.aerospike.vector.index.metrics.PerIndexMetrics$$Lambda/0x00007a570888cea8
1524:             9            216  com.aerospike.vector.index.metrics.PerIndexMetrics$$Lambda/0x00007a570888d0c0
1525:             9            216  com.aerospike.vector.index.metrics.PerIndexMetrics$$Lambda/0x00007a570888d2d8
1526:             9            216  com.aerospike.vector.index.metrics.PerIndexMetrics$$Lambda/0x00007a570888d4f0
1527:             9            216  com.aerospike.vector.index.metrics.PerIndexMetrics$$Lambda/0x00007a570888d708
1528:             9            216  com.aerospike.vector.index.metrics.PerIndexMetrics$$Lambda/0x00007a570888dd50
1529:             9            216  com.aerospike.vector.index.metrics.PerIndexMetrics$$Lambda/0x00007a570888df68
1530:             9            216  com.aerospike.vector.index.metrics.PerIndexMetrics$$Lambda/0x00007a570888e180
1531:             9            216  com.aerospike.vector.index.metrics.PerIndexMetrics$$Lambda/0x00007a570888e398
1532:             9            216  com.aerospike.vector.index.metrics.PerIndexMetrics$$Lambda/0x00007a570888e9e0
1533:             9            216  com.aerospike.vector.index.metrics.PerIndexMetrics$$Lambda/0x00007a570888ebf8
1534:             9            216  com.aerospike.vector.index.metrics.PerIndexMetrics$$Lambda/0x00007a570888ee10
1535:             9            216  com.aerospike.vector.index.metrics.PerIndexMetrics$$Lambda/0x00007a570888f028
1536:             9            216  com.aerospike.vector.index.metrics.PerIndexMetrics$$Lambda/0x00007a570888f240
1537:             9            216  com.aerospike.vector.index.metrics.PerIndexMetrics$$Lambda/0x00007a570888f458
1538:             9            216  com.aerospike.vector.index.metrics.PerIndexMetrics$$Lambda/0x00007a570888f888
1539:             9            216  com.aerospike.vector.index.metrics.PerIndexMetrics$$Lambda/0x00007a570888faa0
1540:             9            216  com.aerospike.vector.index.metrics.PerIndexMetrics$$Lambda/0x00007a570888fcb8
1541:             9            216  com.aerospike.vector.index.metrics.PerIndexMetrics$$Lambda/0x00007a5708890000
1542:             3            216  com.fasterxml.jackson.databind.PropertyMetadata
1543:             9            216  com.google.inject.internal.TypeConverterBindingProcessor$6
1544:             9            216  io.netty.handler.codec.http.HttpMethod
1545:             3            216  java.lang.reflect.ProxyGenerator$ProxyMethod (java.base@21.0.6)
1546:             3            216  java.time.temporal.JulianFields$Field (java.base@21.0.6)
1547:             9            216  java.util.concurrent.Executors$AutoShutdownDelegatedExecutorService$$Lambda/0x00007a57083e83a8 (java.base@21.0.6)
1548:             9            216  jdk.proxy2.$Proxy51 (jdk.proxy2)
1549:             9            216  jdk.proxy2.$Proxy57 (jdk.proxy2)
1550:             9            216  jdk.proxy2.$Proxy64 (jdk.proxy2)
1551:             9            216  kotlin.reflect.jvm.internal.impl.types.AbstractTypeConstructor$$Lambda$0
1552:             9            216  kotlin.reflect.jvm.internal.impl.types.AbstractTypeConstructor$$Lambda$2
1553:             9            216  kotlinx.coroutines.internal.Removed
1554:             9            216  org.glassfish.jersey.internal.util.collection.Values$InstanceValue
1555:             3            216  org.glassfish.jersey.model.internal.ComponentBag
1556:             9            216  org.glassfish.jersey.server.internal.routing.AbstractMethodSelectingRouter$4
1557:             9            216  org.glassfish.jersey.server.internal.routing.PushMatchedRuntimeResourceRouter
1558:             9            216  org.jvnet.hk2.component.MultiMap
1559:             9            216  sun.security.x509.DNSName (java.base@21.0.6)
1560:             9            216  sun.security.x509.GeneralName (java.base@21.0.6)
1561:             2            208  [Lio.undertow.security.impl.DigestAuthorizationToken;
1562:             1            208  [Ljava.time.LocalTime; (java.base@21.0.6)
1563:             2            208  ch.qos.logback.classic.PatternLayout
1564:             2            208  ch.qos.logback.classic.pattern.NamedConverter$NameCache
1565:             2            208  java.util.jar.JarVerifier (java.base@21.0.6)
1566:             2            208  kotlin.reflect.jvm.internal.impl.descriptors.impl.PropertyGetterDescriptorImpl
1567:             2            208  kotlinx.coroutines.channels.BufferedChannel
1568:             2            208  org.jboss.threads.EnhancedQueueExecutor$PoolThreadNode
1569:             2            208  sun.nio.ch.FileChannelImpl (java.base@21.0.6)
1570:             1            200  [Ljava.lang.reflect.AccessFlag; (java.base@21.0.6)
1571:             1            200  [Lkotlin.reflect.jvm.internal.impl.incremental.components.NoLookupLocation;
1572:             1            200  [Lorg.yaml.snakeyaml.tokens.Token$ID;
1573:             1            200  [Lpicocli.CommandLine$Help$Ansi$Style;
1574:             5            200  [Lsun.nio.fs.NativeBuffer; (java.base@21.0.6)
1575:             1            200  ch.qos.logback.classic.LoggerContext
1576:             1            200  com.aerospike.vector.cluster.ClusterMonitor
1577:             5            200  com.aerospike.vector.config.NodeRoleSet
1578:             5            200  com.fasterxml.jackson.databind.cfg.JsonNodeFeature
1579:             5            200  io.netty.channel.epoll.EpollRecvByteAllocatorHandle
1580:             5            200  io.netty.handler.logging.LogLevel
1581:             5            200  java.lang.invoke.VarHandle$AccessType (java.base@21.0.6)
1582:             5            200  java.net.HostPortrange (java.base@21.0.6)
1583:             5            200  java.util.ImmutableCollections$MapN (java.base@21.0.6)
1584:             5            200  jdk.incubator.vector.VectorShape (jdk.incubator.vector@21.0.6)
1585:             5            200  jdk.internal.loader.NativeLibraries (java.base@21.0.6)
1586:             5            200  kotlin.reflect.jvm.internal.ComputableClassValue
1587:             5            200  kotlin.reflect.jvm.internal.impl.types.KotlinTypeFactory$$Lambda$0
1588:             5            200  kotlin.reflect.jvm.internal.impl.types.error.ErrorTypeConstructor
1589:             5            200  org.yaml.snakeyaml.DumperOptions$ScalarStyle
1590:             5            200  sun.nio.fs.NativeBuffer (java.base@21.0.6)
1591:             5            200  sun.security.x509.KeyUsageExtension (java.base@21.0.6)
1592:             5            200  sun.security.x509.SubjectKeyIdentifierExtension (java.base@21.0.6)
1593:             1            192  [Lcom.aerospike.client.async.EventState;
1594:             1            192  [Lcom.aerospike.client.async.NettyEventLoop;
1595:             1            192  [Lcom.aerospike.client.cluster.Node$AsyncPool;
1596:             1            192  [Ljava.lang.reflect.ClassFileFormatVersion; (java.base@21.0.6)
1597:             6            192  ch.qos.logback.core.pattern.LiteralConverter
1598:             4            192  ch.qos.logback.core.util.COWArrayList
1599:             4            192  com.aerospike.client.Key
1600:             2            192  com.aerospike.client.policy.BatchPolicy
1601:             6            192  com.aerospike.connect.metrics.ThreadStatesGaugeSet$$Lambda/0x00007a5708337ab0
1602:             1            192  com.aerospike.vector.VectorDbMain$addShutdownHook$1
1603:             8            192  com.aerospike.vector.client.proto.IndexServiceGrpc$IndexServiceMethodDescriptorSupplier
1604:             8            192  com.aerospike.vector.client.proto.IndexServiceGrpc$MethodHandlers
1605:             8            192  com.aerospike.vector.client.proto.UserAdminServiceGrpc$MethodHandlers
1606:             8            192  com.aerospike.vector.client.proto.UserAdminServiceGrpc$UserAdminServiceMethodDescriptorSupplier
1607:             6            192  com.aerospike.vector.client.proto.VectorDistanceMetric
1608:             6            192  com.aerospike.vector.client.proto.WriteType
1609:             1            192  com.aerospike.vector.cluster.ClusterRegister
1610:             3            192  com.aerospike.vector.heartbeat.Heartbeat$ClusterPayload
1611:             6            192  com.aerospike.vector.index.metrics.NodeFitnessProbabilities
1612:             8            192  com.aerospike.vector.index.metrics.PerIndexMetrics$$Lambda/0x00007a5708886908
1613:             8            192  com.aerospike.vector.index.metrics.PerIndexMetrics$$Lambda/0x00007a5708886b20
1614:             8            192  com.aerospike.vector.index.metrics.PerIndexMetrics$$Lambda/0x00007a5708886d38
1615:             8            192  com.aerospike.vector.index.metrics.PerIndexMetrics$$Lambda/0x00007a57088877b0
1616:             8            192  com.aerospike.vector.index.metrics.PerIndexMetrics$$Lambda/0x00007a57088879c8
1617:             8            192  com.aerospike.vector.index.metrics.PerIndexMetrics$$Lambda/0x00007a5708887be0
1618:             6            192  com.cronutils.model.field.definition.FieldDefinition
1619:             6            192  com.cronutils.model.field.value.SpecialChar
1620:             6            192  com.fasterxml.jackson.annotation.JsonAutoDetect$Visibility
1621:             6            192  com.fasterxml.jackson.core.JsonParser$NumberType
1622:             4            192  com.fasterxml.jackson.core.util.Separators$Spacing
1623:             3            192  com.fasterxml.jackson.databind.cfg.ConfigOverrides
1624:            12            192  com.fasterxml.jackson.databind.node.IntNode
1625:             4            192  com.fasterxml.jackson.databind.ser.impl.ReadOnlyClassToSerializerMap$Bucket
1626:             8            192  com.google.inject.matcher.Matchers$IdenticalTo
1627:             6            192  com.google.protobuf.FloatArrayList
1628:             4            192  com.sun.jmx.mbeanserver.DefaultMXBeanMappingFactory$ArrayMapping (java.management@21.0.6)
1629:             4            192  com.sun.jmx.mbeanserver.DefaultMXBeanMappingFactory$EnumMapping (java.management@21.0.6)
1630:             6            192  io.grpc.internal.KeepAliveManager$State
1631:             2            192  io.netty.buffer.PooledByteBufAllocator
1632:            12            192  io.undertow.server.ConnectorStatisticsImpl$BytesReceivedAccumulator
1633:            12            192  io.undertow.server.ConnectorStatisticsImpl$BytesSentAccumulator
1634:             8            192  jakarta.ws.rs.core.MultivaluedHashMap
1635:             6            192  jakarta.ws.rs.core.Response$Status$Family
1636:             4            192  java.io.FileOutputStream (java.base@21.0.6)
1637:             6            192  java.lang.StringBuilder (java.base@21.0.6)
1638:             6            192  java.lang.Thread$State (java.base@21.0.6)
1639:             3            192  java.lang.ThreadGroup (java.base@21.0.6)
1640:             3            192  java.lang.invoke.BoundMethodHandle$Species_LI (java.base@21.0.6)
1641:             3            192  java.lang.invoke.VarHandleReferences$Array (java.base@21.0.6)
1642:             4            192  java.security.MessageDigest$Delegate$CloneableDelegate (java.base@21.0.6)
1643:             8            192  java.util.jar.Attributes (java.base@21.0.6)
1644:             3            192  jdk.internal.foreign.layout.ValueLayouts$OfFloatImpl (java.base@21.0.6)
1645:             3            192  jdk.internal.foreign.layout.ValueLayouts$OfIntImpl (java.base@21.0.6)
1646:             6            192  jdk.internal.perf.PerfCounter (java.base@21.0.6)
1647:             2            192  kotlin.collections.builders.MapBuilder
1648:             8            192  kotlin.reflect.jvm.internal.impl.builtins.PrimitiveType$$Lambda$0
1649:             8            192  kotlin.reflect.jvm.internal.impl.builtins.PrimitiveType$$Lambda$1
1650:             8            192  kotlin.reflect.jvm.internal.impl.load.kotlin.JvmType$Primitive
1651:             6            192  kotlin.reflect.jvm.internal.impl.load.kotlin.header.KotlinClassHeader$Kind
1652:             6            192  kotlin.reflect.jvm.internal.impl.metadata.ProtoBuf$Visibility
1653:             8            192  kotlin.reflect.jvm.internal.impl.protobuf.LazyStringArrayList
1654:             8            192  kotlin.reflect.jvm.internal.impl.protobuf.UnmodifiableLazyStringList
1655:             6            192  kotlin.reflect.jvm.internal.impl.serialization.deserialization.ClassDeserializer$ClassKey
1656:             6            192  kotlin.reflect.jvm.internal.impl.types.IndexedParametersSubstitution
1657:             4            192  org.bouncycastle.crypto.params.DSAParameters
1658:             6            192  org.bouncycastle.pqc.jcajce.provider.dilithium.DilithiumKeyFactorySpi
1659:             4            192  org.glassfish.hk2.utilities.cache.LRUHybridCache
1660:             6            192  org.glassfish.jersey.jackson.internal.jackson.jaxrs.cfg.JaxRSFeature
1661:             6            192  org.jboss.logging.Logger$Level
1662:             4            192  org.jvnet.hk2.internal.FactoryCreator
1663:             6            192  sun.security.util.DisabledAlgorithmConstraints$Constraint$Operator (java.base@21.0.6)
1664:             6            192  sun.security.x509.AccessDescription (java.base@21.0.6)
1665:             3            184  [Ljava.lang.invoke.LambdaForm$BasicType; (java.base@21.0.6)
1666:             1            184  [Lorg.glassfish.jersey.server.internal.ServerTraceEvent;
1667:             1            184  com.aerospike.client.cluster.Node
1668:             1            184  com.aerospike.vector.index.IndexService
1669:             1            184  com.aerospike.vector.index.StandaloneIndexWorker
1670:             1            184  io.undertow.server.protocol.http.HttpServerConnection
1671:             1            184  java.util.logging.LogManager$Cleaner (java.logging@21.0.6)
1672:             1            184  jdk.internal.loader.ClassLoaders$AppClassLoader (java.base@21.0.6)
1673:             1            184  jdk.internal.loader.ClassLoaders$BootClassLoader (java.base@21.0.6)
1674:             1            184  jdk.internal.loader.ClassLoaders$PlatformClassLoader (java.base@21.0.6)
1675:             1            184  kotlin.reflect.jvm.internal.impl.descriptors.impl.PropertyDescriptorImpl
1676:             1            184  kotlin.reflect.jvm.internal.impl.serialization.deserialization.DeserializationComponents
1677:             2            176  [Ljava.nio.file.attribute.PosixFilePermission; (java.base@21.0.6)
1678:             2            176  com.aerospike.vector.exchange.ClusterServiceState
1679:             2            176  io.grpc.InternalChannelz$ServerSocketMap
1680:             1            176  io.undertow.servlet.core.DeploymentImpl
1681:             1            176  java.lang.ref.Finalizer$FinalizerThread (java.base@21.0.6)
1682:             1            176  java.lang.ref.Reference$ReferenceHandler (java.base@21.0.6)
1683:             1            176  jdk.internal.misc.InnocuousThread (java.base@21.0.6)
1684:             1            176  kotlin.reflect.jvm.internal.impl.descriptors.impl.ClassConstructorDescriptorImpl
1685:             2            176  org.glassfish.jersey.jackson.internal.jackson.jaxrs.util.LRUMap
1686:             1            168  [Lcom.fasterxml.jackson.core.JsonParser$Feature;
1687:             6            168  [Lcom.fasterxml.jackson.databind.ser.Serializers;
1688:             3            168  [Lcom.github.benmanes.caffeine.cache.RemovalCause;
1689:             7            168  [Lcom.google.protobuf.Descriptors$ServiceDescriptor;
1690:             1            168  [Lkotlin.reflect.jvm.internal.impl.util.Checks;
1691:             3            168  [Lsun.invoke.util.ValueConversions$WrapperCache; (java.base@21.0.6)
1692:             1            168  [Lsun.security.util.ObjectIdentifier; (java.base@21.0.6)
1693:             1            168  [Lsun.util.locale.BaseLocale; (java.base@21.0.6)
1694:             1            168  [[Ljava.lang.Byte; (java.base@21.0.6)
1695:             7            168  ch.qos.logback.classic.Level
1696:             3            168  com.aerospike.vector.client.proto.ProjectionSpec
1697:             1            168  com.aerospike.vector.exchange.ExchangeService
1698:             3            168  com.aerospike.vector.index.IndexCatalog$cancellableFlow$1
1699:             3            168  com.aerospike.vector.index.IndexLog$cancellableFlow$1
1700:             1            168  com.aerospike.vector.index.Indexer
1701:             7            168  com.aerospike.vector.index.metrics.PerIndexMetrics$$Lambda/0x00007a5708890428
1702:             7            168  com.codahale.metrics.jvm.MemoryUsageGaugeSet$$Lambda/0x00007a5708336a20
1703:             7            168  com.codahale.metrics.jvm.MemoryUsageGaugeSet$$Lambda/0x00007a5708336c38
1704:             7            168  com.codahale.metrics.jvm.MemoryUsageGaugeSet$$Lambda/0x00007a5708336e50
1705:             7            168  com.codahale.metrics.jvm.MemoryUsageGaugeSet$$Lambda/0x00007a5708337068
1706:             7            168  com.cronutils.parser.FieldParser
1707:             3            168  com.fasterxml.jackson.databind.cfg.DeserializerFactoryConfig
1708:             1            168  com.fasterxml.jackson.dataformat.yaml.YAMLFactory
1709:             3            168  com.github.benmanes.caffeine.cache.PSA
1710:             3            168  com.google.common.io.BaseEncoding$Base64Encoding
1711:             3            168  java.io.BufferedWriter (java.base@21.0.6)
1712:             3            168  java.lang.invoke.VarHandleBooleans$FieldInstanceReadWrite (java.base@21.0.6)
1713:             7            168  java.util.Collections$UnmodifiableMap$UnmodifiableEntrySet (java.base@21.0.6)
1714:             7            168  java.util.concurrent.ConcurrentHashMap$EntrySetView (java.base@21.0.6)
1715:             7            168  java.util.regex.Pattern$$Lambda/0x00007a5708060ec0 (java.base@21.0.6)
1716:             1            168  jdk.internal.jimage.ImageReader$SharedImageReader (java.base@21.0.6)
1717:             7            168  jdk.proxy1.$Proxy49 (jdk.proxy1)
1718:             7            168  jdk.proxy2.$Proxy59 (jdk.proxy2)
1719:             7            168  kotlin.reflect.jvm.internal.impl.descriptors.impl.AbstractClassDescriptor$1
1720:             7            168  kotlin.reflect.jvm.internal.impl.descriptors.impl.AbstractClassDescriptor$2
1721:             7            168  kotlin.reflect.jvm.internal.impl.descriptors.impl.AbstractClassDescriptor$3
1722:             3            168  kotlin.reflect.jvm.internal.impl.resolve.scopes.SubstitutingScope
1723:             7            168  kotlin.reflect.jvm.internal.impl.serialization.deserialization.DeserializedPackageFragmentImpl$$Lambda$0
1724:             7            168  kotlin.reflect.jvm.internal.impl.serialization.deserialization.DeserializedPackageFragmentImpl$$Lambda$1
1725:             7            168  kotlin.reflect.jvm.internal.impl.types.TypeSubstitutor
1726:             7            168  org.bouncycastle.asn1.ASN1Tag
1727:             1            168  sun.nio.ch.SocketChannelImpl (java.base@21.0.6)
1728:             1            160  [Lcom.aerospike.client.Operation$Type;
1729:             2            160  [Lcom.aerospike.vector.client.proto.StandaloneIndexState;
1730:             5            160  [Lcom.aerospike.vector.config.InterconnectChannelType;
1731:             2            160  [Lcom.cronutils.model.field.CronFieldName;
1732:             2            160  [Lcom.google.common.cache.LocalCache$EntryFactory;
1733:             5            160  [Ljava.util.concurrent.ConcurrentHashMap$CounterCell; (java.base@21.0.6)
1734:             2            160  [Lkotlin.reflect.jvm.internal.impl.builtins.PrimitiveType;
1735:             1            160  [Lkotlin.reflect.jvm.internal.impl.protobuf.WireFormat$FieldType;
1736:             2            160  [Lorg.glassfish.jersey.internal.guava.LocalCache$EntryFactory;
1737:             2            160  ch.qos.logback.classic.encoder.PatternLayoutEncoder
1738:             5            160  ch.qos.logback.core.pattern.parser.TokenStream$TokenizerState
1739:             4            160  ch.qos.logback.core.util.CachingDateFormatter
1740:             5            160  com.aerospike.client.async.EventLoopType
1741:             5            160  com.aerospike.client.policy.RecordExistsAction
1742:             5            160  com.aerospike.client.policy.Replica
1743:             4            160  com.aerospike.vector.heartbeat.Heartbeat$SocketEndpointList
1744:             2            160  com.aerospike.vector.metrics.ConnectionMetrics
1745:             4            160  com.codahale.metrics.ChunkedAssociativeLongArray$Chunk
1746:             5            160  com.fasterxml.jackson.annotation.Nulls
1747:             5            160  com.fasterxml.jackson.core.JsonFactory$Feature
1748:             4            160  com.fasterxml.jackson.core.StreamReadCapability
1749:             4            160  com.fasterxml.jackson.databind.cfg.SerializerFactoryConfig
1750:             2            160  com.fasterxml.jackson.databind.deser.std.StringCollectionDeserializer
1751:             4            160  com.fasterxml.jackson.databind.util.TypeKey
1752:             5            160  com.github.benmanes.caffeine.cache.WriteOrderDeque
1753:             4            160  com.google.protobuf.Descriptors$FileDescriptor$Syntax
1754:             1            160  com.sun.crypto.provider.SunJCE (java.base@21.0.6)
1755:             1            160  com.sun.security.sasl.Provider (java.security.sasl@21.0.6)
1756:             1            160  com.sun.security.sasl.gsskerb.JdkSASL (jdk.security.jgss@21.0.6)
1757:             5            160  io.grpc.ConnectivityState
1758:             5            160  io.grpc.MethodDescriptor$MethodType
1759:             2            160  io.netty.buffer.UnpooledByteBufAllocator$InstrumentedUnpooledUnsafeDirectByteBuf
1760:             5            160  io.netty.util.concurrent.DefaultEventExecutorChooserFactory$PowerOfTwoEventExecutorChooser
1761:             5            160  io.netty.util.internal.logging.InternalLogLevel
1762:             2            160  io.undertow.server.DefaultByteBufferPool
1763:             5            160  jakarta.servlet.DispatcherType
1764:             5            160  jakarta.servlet.http.MappingMatch
1765:             1            160  java.lang.invoke.BoundMethodHandle$Species_LLLLLLLLLLLLLL (java.base@21.0.6)
1766:             4            160  java.lang.module.ModuleDescriptor$Opens (java.base@21.0.6)
1767:             5            160  java.time.format.SignStyle (java.base@21.0.6)
1768:             5            160  java.util.regex.Pattern$CharProperty (java.base@21.0.6)
1769:             5            160  java.util.stream.StreamOpFlag$Type (java.base@21.0.6)
1770:             2            160  javax.management.openmbean.TabularType (java.management@21.0.6)
1771:             5            160  jdk.incubator.vector.VectorOperators$TestImpl (jdk.incubator.vector@21.0.6)
1772:             4            160  jdk.internal.reflect.MethodHandleObjectFieldAccessorImpl (java.base@21.0.6)
1773:             5            160  kotlin.KotlinVersion
1774:             5            160  kotlin.reflect.jvm.internal.impl.builtins.jvm.JvmBuiltInsCustomizer$JDKMemberStatus
1775:             5            160  kotlin.reflect.jvm.internal.impl.load.java.JavaDefaultQualifiers
1776:             5            160  kotlin.reflect.jvm.internal.impl.types.AbstractTypeConstructor$Supertypes
1777:             5            160  kotlin.reflect.jvm.internal.impl.types.TypeProjectionImpl
1778:             5            160  kotlin.reflect.jvm.internal.impl.types.error.ErrorScope
1779:             5            160  kotlinx.coroutines.scheduling.CoroutineScheduler$WorkerState
1780:             5            160  org.bouncycastle.jcajce.provider.asymmetric.ec.KeyFactorySpi$ECMQV
1781:             2            160  org.glassfish.hk2.utilities.cache.internal.WeakCARCacheImpl
1782:             5            160  org.glassfish.jersey.internal.util.ExtendedLogger
1783:             5            160  org.glassfish.jersey.message.internal.HttpHeaderReader$Event
1784:             1            160  org.glassfish.jersey.server.ServerBootstrapBag
1785:             1            160  org.glassfish.jersey.server.internal.ProcessingProviders
1786:             1            160  org.jcp.xml.dsig.internal.dom.XMLDSigRI (java.xml.crypto@21.0.6)
1787:             5            160  picocli.CommandLine$ParseResult$GroupValidationResult$Type
1788:             1            160  sun.security.ec.SunEC (jdk.crypto.ec@21.0.6)
1789:             1            160  sun.security.jca.ProviderList$1 (java.base@21.0.6)
1790:             5            160  sun.security.jca.ServiceId (java.base@21.0.6)
1791:             1            160  sun.security.jgss.SunProvider (java.security.jgss@21.0.6)
1792:             1            160  sun.security.provider.certpath.ldap.JdkLDAP (java.naming@21.0.6)
1793:             1            160  sun.security.rsa.SunRsaSign (java.base@21.0.6)
1794:             1            160  sun.security.smartcardio.SunPCSC (java.smartcardio@21.0.6)
1795:             1            160  sun.security.ssl.SunJSSE (java.base@21.0.6)
1796:             4            160  sun.security.x509.BasicConstraintsExtension (java.base@21.0.6)
1797:             5            160  sun.security.x509.CertificateExtensions (java.base@21.0.6)
1798:             5            160  sun.security.x509.CertificateValidity (java.base@21.0.6)
1799:             5            160  sun.security.x509.PolicyInformation (java.base@21.0.6)
1800:             1            152  com.aerospike.vector.cluster.PaxosProposer
1801:             1            152  com.aerospike.vector.heartbeat.AdjacencyMonitor
1802:             1            152  com.aerospike.vector.index.cache.IndexCacheCoordinator
1803:             1            152  io.undertow.servlet.spec.ServletContextImpl
1804:             1            152  kotlin.reflect.jvm.internal.impl.serialization.deserialization.builtins.BuiltInSerializerProtocol
1805:             1            152  sun.util.cldr.CLDRLocaleProviderAdapter (java.base@21.0.6)
1806:             2            144  [Lcom.aerospike.vector.client.proto.NodeRole;
1807:             1            144  [Lio.netty.handler.codec.http.HttpMethod$EnumNameMap$Node;
1808:             1            144  [Ljava.time.temporal.ChronoUnit; (java.base@21.0.6)
1809:             2            144  [Lkotlin.reflect.jvm.internal.impl.metadata.ProtoBuf$Class$Kind;
1810:             6            144  [Lkotlin.reflect.jvm.internal.impl.types.TypeProjection;
1811:             1            144  [Lorg.glassfish.jersey.message.internal.MsgTraceEvent;
1812:             2            144  ch.qos.logback.classic.pattern.LoggerConverter
1813:             6            144  com.aerospike.vector.client.proto.TransactServiceGrpc$MethodHandlers
1814:             6            144  com.aerospike.vector.client.proto.TransactServiceGrpc$TransactServiceMethodDescriptorSupplier
1815:             1            144  com.aerospike.vector.embedded.client.config.ClientPolicyConfig
1816:             1            144  com.aerospike.vector.index.IndexCleaner
1817:             6            144  com.aerospike.vector.index.TransactServiceInternalGrpc$MethodHandlers
1818:             6            144  com.aerospike.vector.index.TransactServiceInternalGrpc$TransactServiceInternalMethodDescriptorSupplier
1819:             1            144  com.aerospike.vector.index.merge.coordinator.IndexMergeCoordinator
1820:             3            144  com.aerospike.vector.index.metrics.IndexMetricsRegistry
1821:             6            144  com.aerospike.vector.index.metrics.PerIndexMetrics$$Lambda/0x00007a57088864d8
1822:             6            144  com.aerospike.vector.index.metrics.PerIndexMetrics$$Lambda/0x00007a57088866f0
1823:             6            144  com.aerospike.vector.index.metrics.PerIndexMetrics$$Lambda/0x00007a5708887380
1824:             6            144  com.aerospike.vector.index.metrics.PerIndexMetrics$$Lambda/0x00007a5708887598
1825:             6            144  com.aerospike.vector.index.metrics.PerIndexMetrics$$Lambda/0x00007a5708889800
1826:             6            144  com.aerospike.vector.index.metrics.PerIndexMetrics$$Lambda/0x00007a570888a000
1827:             6            144  com.aerospike.vector.index.metrics.PerIndexMetrics$$Lambda/0x00007a570888ac90
1828:             6            144  com.aerospike.vector.index.metrics.PerIndexMetrics$$Lambda/0x00007a570888b0c0
1829:             6            144  com.aerospike.vector.index.metrics.PerIndexMetrics$$Lambda/0x00007a570888b2d8
1830:             6            144  com.aerospike.vector.index.metrics.PerIndexMetrics$$Lambda/0x00007a570888c218
1831:             6            144  com.aerospike.vector.index.metrics.PerIndexMetrics$$Lambda/0x00007a570888c648
1832:             6            144  com.aerospike.vector.index.metrics.PerIndexMetrics$$Lambda/0x00007a570888d920
1833:             6            144  com.aerospike.vector.index.metrics.PerIndexMetrics$$Lambda/0x00007a570888db38
1834:             6            144  com.aerospike.vector.index.metrics.PerIndexMetrics$$Lambda/0x00007a570888e5b0
1835:             6            144  com.aerospike.vector.index.metrics.PerIndexMetrics$$Lambda/0x00007a570888e7c8
1836:             6            144  com.aerospike.vector.index.metrics.PerIndexMetrics$$Lambda/0x00007a570888f670
1837:             1            144  com.aerospike.vector.server.grpc.GrpcInterconnectServer
1838:             3            144  com.fasterxml.jackson.core.Version
1839:             3            144  com.fasterxml.jackson.core.sym.ByteQuadsCanonicalizer$TableInfo
1840:             2            144  com.fasterxml.jackson.core.util.Separators
1841:             3            144  com.fasterxml.jackson.databind.cfg.CoercionConfigs
1842:             6            144  com.fasterxml.jackson.databind.ser.std.ToStringSerializer
1843:             3            144  com.fasterxml.jackson.databind.util.EnumResolver
1844:             6            144  com.google.inject.assistedinject.BindingCollector
1845:             6            144  com.google.protobuf.FieldSet
1846:             6            144  com.google.protobuf.MapEntry$Metadata$1
1847:             3            144  io.netty.buffer.EmptyByteBuf
1848:             6            144  io.netty.util.Recycler$2
1849:             3            144  io.netty.util.concurrent.DefaultThreadFactory
1850:             6            144  io.netty.util.concurrent.MultithreadEventExecutorGroup$1
1851:             6            144  io.netty.util.internal.ObjectPool$RecyclerObjectPool
1852:             2            144  io.undertow.servlet.core.ManagedServlet
1853:             2            144  io.undertow.servlet.core.ManagedServlet$DefaultInstanceStrategy
1854:             3            144  java.io.FileInputStream (java.base@21.0.6)
1855:             2            144  java.io.PrintStream (java.base@21.0.6)
1856:             9            144  java.lang.ClassValue$Identity (java.base@21.0.6)
1857:             3            144  java.lang.Runtime$Version (java.base@21.0.6)
1858:             2            144  java.lang.invoke.MethodHandleImpl$WrappedMember (java.base@21.0.6)
1859:             2            144  java.nio.DirectIntBufferRU (java.base@21.0.6)
1860:             3            144  java.util.HexFormat (java.base@21.0.6)
1861:             2            144  java.util.Locale$Category (java.base@21.0.6)
1862:             3            144  java.util.concurrent.ScheduledThreadPoolExecutor$DelayedWorkQueue (java.base@21.0.6)
1863:             6            144  java.util.regex.Pattern$$Lambda/0x00007a5708061140 (java.base@21.0.6)
1864:             3            144  javax.management.MBeanConstructorInfo (java.management@21.0.6)
1865:             2            144  jdk.internal.foreign.layout.ValueLayouts$OfAddressImpl (java.base@21.0.6)
1866:             6            144  jdk.proxy2.$Proxy21 (jdk.proxy2)
1867:             6            144  jdk.proxy2.$Proxy24 (jdk.proxy2)
1868:             6            144  jdk.proxy2.$Proxy6 (jdk.proxy2)
1869:             6            144  kotlin.reflect.jvm.internal.impl.descriptors.ScopesHolderForClass$$Lambda$0
1870:             6            144  kotlin.reflect.jvm.internal.impl.descriptors.impl.AbstractClassDescriptor$1$1
1871:             3            144  kotlin.reflect.jvm.internal.impl.descriptors.impl.LazyClassReceiverParameterDescriptor
1872:             6            144  kotlin.reflect.jvm.internal.impl.serialization.deserialization.descriptors.DeserializedClassDescriptor$$Lambda$0
1873:             6            144  kotlin.reflect.jvm.internal.impl.serialization.deserialization.descriptors.DeserializedClassDescriptor$$Lambda$1
1874:             6            144  kotlin.reflect.jvm.internal.impl.serialization.deserialization.descriptors.DeserializedClassDescriptor$$Lambda$2
1875:             6            144  kotlin.reflect.jvm.internal.impl.serialization.deserialization.descriptors.DeserializedClassDescriptor$$Lambda$3
1876:             6            144  kotlin.reflect.jvm.internal.impl.serialization.deserialization.descriptors.DeserializedClassDescriptor$$Lambda$4
1877:             6            144  kotlin.reflect.jvm.internal.impl.serialization.deserialization.descriptors.DeserializedClassDescriptor$DeserializedClassMemberScope$$Lambda$0
1878:             6            144  kotlin.reflect.jvm.internal.impl.serialization.deserialization.descriptors.DeserializedClassDescriptor$DeserializedClassMemberScope$$Lambda$1
1879:             6            144  kotlin.reflect.jvm.internal.impl.serialization.deserialization.descriptors.DeserializedClassDescriptor$DeserializedClassMemberScope$$Lambda$2
1880:             6            144  kotlin.reflect.jvm.internal.impl.serialization.deserialization.descriptors.DeserializedClassDescriptor$DeserializedClassTypeConstructor$$Lambda$0
1881:             3            144  kotlin.reflect.jvm.internal.impl.types.Variance
1882:             3            144  kotlinx.coroutines.internal.LockFreeTaskQueueCore
1883:             6            144  kotlinx.coroutines.sync.MutexImpl$$Lambda/0x00007a570855de40
1884:             6            144  kotlinx.coroutines.sync.SemaphoreAndMutexImpl$$Lambda/0x00007a570855da38
1885:             6            144  org.glassfish.jersey.internal.guava.LocalCache$LocalManualCache
1886:             2            144  org.glassfish.jersey.internal.util.collection.KeyComparatorHashMap
1887:             6            144  org.glassfish.jersey.internal.util.collection.LRU$LRUFactory$1
1888:             6            144  org.xnio.nio.Log_$logger
1889:             3            144  sun.net.spi.DefaultProxySelector$NonProxyInfo (java.base@21.0.6)
1890:             1            144  sun.reflect.misc.MethodUtil (java.base@21.0.6)
1891:             3            144  sun.security.x509.CRLDistributionPointsExtension (java.base@21.0.6)
1892:             3            144  sun.security.x509.DistributionPoint (java.base@21.0.6)
1893:             1            144  sun.util.locale.provider.JRELocaleProviderAdapter (java.base@21.0.6)
1894:             2            136  [Lsun.security.jca.ProviderConfig; (java.base@21.0.6)
1895:             1            136  com.aerospike.vector.heartbeat.HeartbeatTransmitter
1896:             1            136  com.aerospike.vector.interconnect.InterconnectChannelProvider
1897:             1            136  com.aerospike.vector.server.grpc.GrpcVectorDbServer
1898:             1            136  java.lang.invoke.BoundMethodHandle$Species_LLLLLLLLLLL (java.base@21.0.6)
1899:             2            128  [Lcom.aerospike.vector.client.proto.VectorDistanceMetric;
1900:             2            128  [Lcom.aerospike.vector.client.proto.WriteType;
1901:             2            128  [Lio.netty.handler.codec.http.HttpStatusClass;
1902:             2            128  [Ljava.lang.OutOfMemoryError; (java.base@21.0.6)
1903:             1            128  [Ljavax.management.openmbean.SimpleType; (java.management@21.0.6)
1904:             2            128  [Lkotlin.reflect.jvm.internal.impl.metadata.ProtoBuf$Visibility;
1905:             1            128  [Lkotlin.reflect.jvm.internal.impl.renderer.DescriptorRendererModifier;
1906:             1            128  [Lorg.glassfish.jersey.server.monitoring.RequestEvent$Type;
1907:             2            128  [[Ljava.lang.invoke.MethodHandle; (java.base@21.0.6)
1908:             4            128  ch.qos.logback.core.pattern.parser.Token
1909:             4            128  ch.qos.logback.core.util.CachingDateFormatter$CacheTuple
1910:             1            128  com.aerospike.client.AerospikeClient
1911:             4            128  com.aerospike.client.BatchRecord$Type
1912:             4            128  com.aerospike.client.Log$Level
1913:             4            128  com.aerospike.client.cluster.Partitions
1914:             4            128  com.aerospike.client.policy.AuthMode
1915:             4            128  com.aerospike.client.policy.ReadModeSC
1916:             2            128  com.aerospike.vector.client.proto.AboutResponse
1917:             4            128  com.aerospike.vector.client.proto.ProjectionType
1918:             4            128  com.aerospike.vector.cluster.JoinRequestResult
1919:             4            128  com.aerospike.vector.cluster.events.StateChangeQualifier
1920:             4            128  com.aerospike.vector.exchange.ExchangeState
1921:             4            128  com.aerospike.vector.index.IndexLogEntry$OperationCase
1922:             1            128  com.aerospike.vector.index.StandaloneIndexCoordinator
1923:             4            128  com.aerospike.vector.index.config.CacheConfig
1924:             4            128  com.fasterxml.jackson.annotation.JsonCreator$Mode
1925:             4            128  com.fasterxml.jackson.annotation.JsonProperty$Access
1926:             4            128  com.fasterxml.jackson.databind.cfg.CoercionAction
1927:             4            128  com.fasterxml.jackson.databind.cfg.ConstructorDetector$SingleArgConstructor
1928:             1            128  com.fasterxml.jackson.databind.deser.impl.SetterlessProperty
1929:             2            128  com.fasterxml.jackson.module.kotlin.ReflectionCache
1930:             4            128  com.google.inject.internal.Initializer$InjectableReferenceState
1931:             4            128  com.google.inject.internal.InternalFlags$CustomClassLoadingOption
1932:             2            128  com.google.protobuf.DescriptorProtos$EnumValueOptions
1933:             4            128  io.grpc.CallOptions$Key
1934:             4            128  io.grpc.ChannelLogger$ChannelLogLevel
1935:             4            128  io.grpc.InternalChannelz$ChannelTrace$Event$Severity
1936:             4            128  io.grpc.internal.ClientStreamListener$RpcProgress
1937:             4            128  io.grpc.netty.Utils$DefaultEventLoopGroupResource
1938:             4            128  io.netty.channel.DefaultChannelPipeline$AddStrategy
1939:             2            128  io.netty.channel.group.DefaultChannelGroup
1940:             4            128  io.netty.util.ResourceLeakDetector$Level
1941:             4            128  io.undertow.security.impl.SecurityContextImpl$AuthenticationState
1942:             1            128  io.undertow.server.session.InMemorySessionManager
1943:             4            128  io.undertow.servlet.api.TransportGuaranteeType
1944:             4            128  io.undertow.servlet.handlers.ServletChain$1
1945:             4            128  io.undertow.servlet.handlers.security.ServletSecurityRoleHandler
1946:             8            128  java.lang.Float (java.base@21.0.6)
1947:             2            128  java.lang.ModuleLayer (java.base@21.0.6)
1948:             2            128  java.lang.module.Configuration (java.base@21.0.6)
1949:             4            128  java.lang.module.ModuleDescriptor$Modifier (java.base@21.0.6)
1950:             4            128  java.lang.module.ModuleDescriptor$Requires$Modifier (java.base@21.0.6)
1951:             4            128  java.text.Normalizer$Form (java.base@21.0.6)
1952:             4            128  java.time.LocalDateTime (java.base@21.0.6)
1953:             4            128  java.time.format.DateTimeFormatterBuilder$OffsetIdPrinterParser (java.base@21.0.6)
1954:             4            128  java.time.format.DateTimeFormatterBuilder$SettingsParser (java.base@21.0.6)
1955:             2            128  java.time.format.DateTimeFormatterBuilder$ZoneTextPrinterParser (java.base@21.0.6)
1956:             4            128  java.util.concurrent.Executors$RunnableAdapter (java.base@21.0.6)
1957:             4            128  java.util.regex.Pattern$Qtype (java.base@21.0.6)
1958:             4            128  java.util.stream.StreamShape (java.base@21.0.6)
1959:             2            128  jdk.internal.foreign.layout.ValueLayouts$OfByteImpl (java.base@21.0.6)
1960:             2            128  jdk.internal.foreign.layout.ValueLayouts$OfCharImpl (java.base@21.0.6)
1961:             2            128  jdk.internal.foreign.layout.ValueLayouts$OfDoubleImpl (java.base@21.0.6)
1962:             2            128  jdk.internal.foreign.layout.ValueLayouts$OfLongImpl (java.base@21.0.6)
1963:             2            128  jdk.internal.foreign.layout.ValueLayouts$OfShortImpl (java.base@21.0.6)
1964:             4            128  jdk.internal.logger.BootstrapLogger$LoggingBackend (java.base@21.0.6)
1965:             4            128  jdk.internal.util.OperatingSystem (java.base@21.0.6)
1966:             4            128  jdk.jfr.internal.SecuritySupport$SafePath (jdk.jfr@21.0.6)
1967:             4            128  kotlin.reflect.jvm.internal.impl.descriptors.CallableMemberDescriptor$Kind
1968:             4            128  kotlin.reflect.jvm.internal.impl.descriptors.Modality
1969:             4            128  kotlin.reflect.jvm.internal.impl.descriptors.impl.FieldDescriptorImpl
1970:             4            128  kotlin.reflect.jvm.internal.impl.load.java.descriptors.JavaMethodDescriptor$ParameterNamesStatus
1971:             4            128  kotlin.reflect.jvm.internal.impl.metadata.ProtoBuf$MemberKind
1972:             4            128  kotlin.reflect.jvm.internal.impl.metadata.ProtoBuf$Modality
1973:             4            128  kotlin.reflect.jvm.internal.impl.metadata.ProtoBuf$Type$Argument$Projection
1974:             4            128  kotlin.reflect.jvm.internal.impl.metadata.deserialization.Flags$EnumLiteFlagField
1975:             4            128  kotlin.reflect.jvm.internal.impl.serialization.deserialization.AnnotatedCallableKind
1976:             4            128  kotlinx.coroutines.CoroutineStart
1977:             4            128  net.engio.mbassy.bus.MessagePublication$State
1978:             4            128  org.bouncycastle.crypto.CryptoServicesPermission
1979:             4            128  org.bouncycastle.crypto.params.DSAValidationParameters
1980:             2            128  org.glassfish.jersey.internal.ServiceFinderBinder
1981:             2            128  org.glassfish.jersey.server.model.internal.ModelProcessorUtil$Method
1982:             4            128  org.glassfish.jersey.uri.internal.TemplateVariable$Position
1983:             4            128  org.slf4j.helpers.BasicMarker
1984:             4            128  org.yaml.snakeyaml.nodes.NodeId
1985:             4            128  picocli.CommandLine$TraceLevel
1986:             4            128  sun.nio.ch.Util$BufferCache (java.base@21.0.6)
1987:             4            128  sun.security.provider.DRBG (java.base@21.0.6)
1988:             4            128  sun.security.provider.certpath.X509CertPath (java.base@21.0.6)
1989:             1            120  [Lcom.fasterxml.jackson.core.JsonGenerator$Feature;
1990:             1            120  [Lcom.fasterxml.jackson.core.JsonToken;
1991:             1            120  [Lcom.fasterxml.jackson.databind.type.LogicalType;
1992:             4            120  [Lcom.google.protobuf.Descriptors$EnumDescriptor;
1993:             2            120  [Lkotlin.reflect.jvm.internal.impl.load.java.AnnotationQualifierApplicabilityType;
1994:             1            120  [Lkotlin.reflect.jvm.internal.impl.metadata.ProtoBuf$Annotation$Argument$Value$Type;
1995:             1            120  [Lorg.glassfish.jersey.uri.UriComponent$Type;
1996:             1            120  [[Z (java.base@21.0.6)
1997:             1            120  com.aerospike.client.policy.QueryPolicy
1998:             3            120  com.aerospike.vector.config.PortConfig
1999:             3            120  com.aerospike.vector.embedded.client.EventLoopProvider
2000:             1            120  com.aerospike.vector.index.healer.coordinator.IndexHealerCoordinator
2001:             1            120  com.aerospike.vector.index.healer.worker.IndexHealerWorker
2002:             1            120  com.aerospike.vector.index.merge.worker.IndexMergeWorker
2003:             3            120  com.fasterxml.jackson.core.sym.CharsToNameCanonicalizer$TableInfo
2004:             3            120  com.fasterxml.jackson.databind.deser.DeserializerCache
2005:             1            120  com.fasterxml.jackson.databind.module.SimpleModule
2006:             3            120  com.google.common.collect.ImmutableMapEntrySet$RegularEntrySet
2007:             5            120  com.google.inject.internal.InjectorImpl$SyntheticProviderBindingImpl$1
2008:             3            120  com.google.inject.spi.ScopeBinding
2009:             5            120  com.sun.proxy.jdk.proxy1.$Proxy2 (jdk.proxy1)
2010:             3            120  io.netty.buffer.ReadOnlyByteBuf
2011:             1            120  io.undertow.Undertow
2012:             3            120  io.undertow.server.handlers.PredicateHandler
2013:             3            120  io.undertow.server.handlers.cache.LRUCache
2014:             3            120  io.undertow.servlet.api.ServletStackTraces
2015:             5            120  io.undertow.servlet.predicate.DispatcherTypePredicate
2016:             3            120  io.undertow.servlet.spec.ContentTypeInfo
2017:             3            120  it.unimi.dsi.util.SplitMix64Random
2018:             3            120  java.io.OutputStreamWriter (java.base@21.0.6)
2019:             5            120  java.lang.Double (java.base@21.0.6)
2020:             3            120  java.lang.invoke.MethodHandleImpl$BindCaller$InjectedInvokerHolder (java.base@21.0.6)
2021:             5            120  java.net.URLPermission$Authority (java.base@21.0.6)
2022:             5            120  java.time.LocalDate (java.base@21.0.6)
2023:             3            120  java.util.concurrent.ConcurrentLinkedDeque$Node (java.base@21.0.6)
2024:             5            120  jdk.internal.math.FloatingDecimal$PreparedASCIIToBinaryBuffer (java.base@21.0.6)
2025:             3            120  jdk.internal.util.ClassFileDumper (java.base@21.0.6)
2026:             5            120  jdk.proxy2.$Proxy48 (jdk.proxy2)
2027:             5            120  jdk.proxy2.$Proxy63 (jdk.proxy2)
2028:             5            120  kotlin.ULong
2029:             5            120  kotlin.reflect.jvm.internal.ClassValueCache
2030:             3            120  kotlin.reflect.jvm.internal.impl.load.java.ReportLevel
2031:             3            120  kotlin.reflect.jvm.internal.impl.load.java.SpecialGenericSignatures$TypeSafeBarrierDescription
2032:             5            120  kotlin.reflect.jvm.internal.impl.load.java.typeEnhancement.NullabilityQualifierWithMigrationStatus
2033:             3            120  kotlin.reflect.jvm.internal.impl.resolve.scopes.receivers.ImplicitClassReceiver
2034:             3            120  kotlin.reflect.jvm.internal.impl.storage.LockBasedStorageManager
2035:             3            120  kotlin.reflect.jvm.internal.impl.types.model.TypeVariance
2036:             3            120  kotlinx.coroutines.channels.BufferedChannel$BufferedChannelIterator
2037:             3            120  org.apache.commons.io.StandardLineSeparator
2038:             3            120  org.glassfish.hk2.utilities.NamedImpl
2039:             3            120  org.glassfish.hk2.utilities.cache.Cache
2040:             3            120  org.glassfish.jersey.internal.inject.Providers$ProviderRuntime
2041:             3            120  org.glassfish.jersey.internal.util.collection.Cache
2042:             3            120  org.glassfish.jersey.uri.internal.TemplateVariable$PathTemplateVariable
2043:             5            120  org.xnio.Option$10
2044:             5            120  org.xnio._private.Messages_$logger
2045:             3            120  org.yaml.snakeyaml.DumperOptions$FlowStyle
2046:             5            120  sun.nio.fs.NativeBuffer$Deallocator (java.base@21.0.6)
2047:             5            120  sun.security.util.BitArray (java.base@21.0.6)
2048:             5            120  sun.security.util.Cache$EqualByteArray (java.base@21.0.6)
2049:             3            120  sun.security.x509.AuthorityInfoAccessExtension (java.base@21.0.6)
2050:             5            120  sun.security.x509.CertificateAlgorithmId (java.base@21.0.6)
2051:             3            120  sun.security.x509.CertificatePoliciesExtension (java.base@21.0.6)
2052:             5            120  sun.security.x509.CertificatePolicyId (java.base@21.0.6)
2053:             5            120  sun.security.x509.CertificateSerialNumber (java.base@21.0.6)
2054:             5            120  sun.security.x509.CertificateX509Key (java.base@21.0.6)
2055:             3            120  sun.security.x509.ExtendedKeyUsageExtension (java.base@21.0.6)
2056:             5            120  sun.security.x509.SerialNumber (java.base@21.0.6)
2057:             1            112  [Lcom.fasterxml.jackson.databind.node.IntNode;
2058:             1            112  [Lcom.fasterxml.jackson.dataformat.yaml.YAMLGenerator$Feature;
2059:             2            112  [Ljakarta.servlet.DispatcherType;
2060:             2            112  [Ljava.util.stream.StreamOpFlag$Type; (java.base@21.0.6)
2061:             1            112  [Lorg.glassfish.jersey.model.Parameter$Source;
2062:             1            112  [Lsun.reflect.annotation.TypeAnnotation$TypeAnnotationTarget; (java.base@21.0.6)
2063:             2            112  [[Lcom.github.benmanes.caffeine.cache.Node;
2064:             2            112  ch.qos.logback.classic.pattern.DateConverter
2065:             1            112  com.aerospike.vector.cluster.QuantumIntervalGenerator
2066:             2            112  com.fasterxml.jackson.databind.deser.std.NumberDeserializers$BooleanDeserializer
2067:             2            112  com.fasterxml.jackson.databind.deser.std.NumberDeserializers$FloatDeserializer
2068:             2            112  com.fasterxml.jackson.databind.deser.std.NumberDeserializers$IntegerDeserializer
2069:             2            112  com.fasterxml.jackson.databind.deser.std.NumberDeserializers$LongDeserializer
2070:             2            112  com.fasterxml.jackson.databind.introspect.VisibilityChecker$Std
2071:             2            112  com.google.common.io.BaseEncoding$StandardBaseEncoding
2072:             2            112  com.sun.jmx.mbeanserver.DefaultMXBeanMappingFactory$TabularMapping (java.management@21.0.6)
2073:             1            112  io.undertow.server.protocol.http.HttpResponseConduit
2074:             2            112  io.undertow.servlet.handlers.ServletPathMatch
2075:             2            112  java.io.BufferedOutputStream (java.base@21.0.6)
2076:             2            112  java.lang.ref.NativeReferenceQueue (java.base@21.0.6)
2077:             2            112  jdk.jfr.internal.jfc.JFC$KnownConfiguration (jdk.jfr@21.0.6)
2078:             1            112  kotlin.reflect.jvm.internal.impl.descriptors.impl.ModuleDescriptorImpl
2079:             1            112  kotlin.reflect.jvm.internal.impl.types.error.ErrorClassDescriptor
2080:             1            112  org.glassfish.jersey.message.internal.MessageBodyFactory
2081:             1            112  org.glassfish.jersey.server.ServerRuntime
2082:             2            112  sun.management.MemoryManagerImpl (java.management@21.0.6)
2083:             2            112  sun.security.provider.FileInputStreamPool$StreamRef (java.base@21.0.6)
2084:             1            112  sun.security.provider.certpath.ldap.JdkLDAP$ProviderService (java.naming@21.0.6)
2085:             2            112  sun.security.rsa.RSAUtil$KeyType (java.base@21.0.6)
2086:             1            112  sun.security.smartcardio.SunPCSC$ProviderService (java.smartcardio@21.0.6)
2087:             2            104  [Lcom.cronutils.model.field.value.SpecialChar;
2088:             1            104  [Lcom.fasterxml.jackson.annotation.JsonFormat$Feature;
2089:             1            104  [Lcom.fasterxml.jackson.annotation.JsonFormat$Shape;
2090:             4            104  [Lcom.fasterxml.jackson.databind.deser.Deserializers;
2091:             3            104  [Lcom.fasterxml.jackson.databind.deser.KeyDeserializers;
2092:             1            104  [Ljava.lang.invoke.MethodHandleImpl$Intrinsic; (java.base@21.0.6)
2093:             1            104  [Lorg.reflections.scanners.Scanners;
2094:             1            104  [Lorg.yaml.snakeyaml.events.Event$ID;
2095:             1            104  com.aerospike.client.policy.ScanPolicy
2096:             1            104  com.aerospike.vector.cluster.ClusterMetrics
2097:             1            104  com.aerospike.vector.config.VectorDbConfig
2098:             1            104  com.aerospike.vector.heartbeat.DiscoveryRegister
2099:             1            104  com.aerospike.vector.storage.index.AerospikeIndexMetaStore
2100:             1            104  com.fasterxml.jackson.core.util.InternCache
2101:             1            104  io.grpc.CallOptions
2102:             1            104  io.netty.util.concurrent.GlobalEventExecutor
2103:             1            104  java.util.logging.LogManager$RootLogger (java.logging@21.0.6)
2104:             1            104  jdk.internal.icu.impl.NormalizerImpl (java.base@21.0.6)
2105:             1            104  org.glassfish.jersey.internal.inject.InjectionResolverBinding
2106:             1            104  org.glassfish.jersey.internal.inject.InstanceBinding
2107:             1            104  org.xnio.nio.NioXnioWorker
2108:             1            104  sun.nio.ch.NioSocketImpl (java.base@21.0.6)
2109:             1             96  [Lcom.aerospike.client.exp.Exp$Type;
2110:             2             96  [Lcom.aerospike.vector.client.proto.ProjectionType;
2111:             2             96  [Lcom.fasterxml.jackson.annotation.JsonCreator$Mode;
2112:             2             96  [Lcom.fasterxml.jackson.annotation.JsonProperty$Access;
2113:             1             96  [Lcom.fasterxml.jackson.databind.cfg.CoercionInputShape;
2114:             1             96  [Ljava.lang.Runnable; (java.base@21.0.6)
2115:             2             96  [Ljava.nio.charset.CoderResult; (java.base@21.0.6)
2116:             1             96  [Ljava.nio.file.StandardOpenOption; (java.base@21.0.6)
2117:             4             96  [Ljava.security.CodeSigner; (java.base@21.0.6)
2118:             4             96  [Ljava.util.concurrent.atomic.AtomicReferenceArray; (java.base@21.0.6)
2119:             2             96  [Ljdk.internal.util.OperatingSystem; (java.base@21.0.6)
2120:             2             96  [Lkotlin.reflect.KClass;
2121:             2             96  [Lkotlin.reflect.jvm.internal.impl.metadata.ProtoBuf$MemberKind;
2122:             2             96  [Lkotlin.reflect.jvm.internal.impl.metadata.ProtoBuf$Modality;
2123:             1             96  [Lkotlin.reflect.jvm.internal.impl.types.error.ErrorScopeKind;
2124:             1             96  [Lorg.bouncycastle.crypto.CryptoServicePurpose;
2125:             1             96  [[I (java.base@21.0.6)
2126:             2             96  ch.qos.logback.classic.pattern.LevelConverter
2127:             2             96  ch.qos.logback.classic.pattern.LineSeparatorConverter
2128:             2             96  ch.qos.logback.classic.pattern.MessageConverter
2129:             3             96  ch.qos.logback.classic.spi.Configurator$ExecutionStatus
2130:             2             96  ch.qos.logback.core.joran.spi.ConsoleTarget
2131:             3             96  ch.qos.logback.core.spi.FilterReply
2132:             4             96  com.aerospike.client.Value$StringValue
2133:             3             96  com.aerospike.client.policy.GenerationPolicy
2134:             1             96  com.aerospike.client.policy.TxnRollPolicy
2135:             1             96  com.aerospike.client.policy.TxnVerifyPolicy
2136:             4             96  com.aerospike.connect.metrics.GarbageCollectorMetricSet$$Lambda/0x00007a57083341f8
2137:             4             96  com.aerospike.connect.metrics.GarbageCollectorMetricSet$$Lambda/0x00007a5708334410
2138:             2             96  com.aerospike.vector.client.proto.BoolData
2139:             4             96  com.aerospike.vector.client.proto.ClusterInfoServiceGrpc$ClusterInfoServiceMethodDescriptorSupplier
2140:             4             96  com.aerospike.vector.client.proto.ClusterInfoServiceGrpc$MethodHandlers
2141:             3             96  com.aerospike.vector.client.proto.IndexMode
2142:             3             96  com.aerospike.vector.client.proto.Status
2143:             2             96  com.aerospike.vector.cluster.ClusterEpoch
2144:             3             96  com.aerospike.vector.cluster.MonitorState
2145:             3             96  com.aerospike.vector.cluster.PaxosAcceptorState
2146:             3             96  com.aerospike.vector.cluster.PaxosProposerState
2147:             3             96  com.aerospike.vector.cluster.messages.proposer.ProposalId
2148:             2             96  com.aerospike.vector.config.FlowControlConfig
2149:             3             96  com.aerospike.vector.index.StandaloneIngestCompletionStatus
2150:             1             96  com.aerospike.vector.index.config.HealerConfig
2151:             2             96  com.aerospike.vector.partitions.PartitionServiceState
2152:             2             96  com.fasterxml.jackson.annotation.JsonInclude$Value
2153:             3             96  com.fasterxml.jackson.core.Base64Variant$PaddingReadBehaviour
2154:             1             96  com.fasterxml.jackson.core.util.DefaultPrettyPrinter
2155:             4             96  com.fasterxml.jackson.databind.cfg.ConstructorDetector
2156:             3             96  com.fasterxml.jackson.databind.cfg.MutableCoercionConfig
2157:             3             96  com.fasterxml.jackson.databind.introspect.SimpleMixInResolver
2158:             4             96  com.fasterxml.jackson.databind.ser.BeanSerializerFactory
2159:             3             96  com.fasterxml.jackson.databind.ser.SerializerCache
2160:             3             96  com.fasterxml.jackson.databind.util.AccessPattern
2161:             3             96  com.google.common.collect.ImmutableEntry
2162:             4             96  com.google.common.util.concurrent.UncaughtExceptionHandlers$Exiter
2163:             3             96  com.google.inject.Stage
2164:             3             96  com.google.inject.internal.InjectorImpl$JitLimitation
2165:             3             96  com.google.inject.internal.InternalFlags$NullableProvidesOption
2166:             3             96  com.google.inject.internal.MoreTypes$WildcardTypeImpl
2167:             3             96  com.google.inject.spi.InjectionPoint$Position
2168:             3             96  com.google.protobuf.DescriptorProtos$FieldDescriptorProto$Label
2169:             1             96  com.google.protobuf.DescriptorProtos$FieldOptions
2170:             3             96  com.google.protobuf.Descriptors$DescriptorPool$SearchFilter
2171:             3             96  com.google.protobuf.MapField$StorageMode
2172:             4             96  com.sun.proxy.jdk.proxy1.$Proxy27 (jdk.proxy1)
2173:             3             96  io.grpc.Context
2174:             3             96  io.grpc.Context$Key
2175:             3             96  io.grpc.SecurityLevel
2176:             3             96  io.grpc.TlsChannelCredentials$Feature
2177:             3             96  io.grpc.TlsServerCredentials$Feature
2178:             3             96  io.grpc.internal.ManagedChannelImpl$ResolutionState
2179:             3             96  io.grpc.netty.NegotiationType
2180:             3             96  io.netty.buffer.UnreleasableByteBuf
2181:             3             96  io.netty.handler.codec.http2.HpackDecoder$HeaderType
2182:             3             96  io.netty.handler.codec.http2.HpackUtil$IndexType
2183:             3             96  io.netty.handler.codec.http2.Http2Exception$ShutdownHint
2184:             3             96  io.undertow.Undertow$ListenerType
2185:             3             96  io.undertow.security.api.AuthenticationMechanism$AuthenticationMechanismOutcome
2186:             6             96  io.undertow.server.handlers.ResponseCodeHandler
2187:             1             96  io.undertow.server.protocol.http.ParseState
2188:             3             96  io.undertow.servlet.api.DeploymentManager$State
2189:             3             96  io.undertow.servlet.core.ApplicationListeners$ListenerState
2190:             3             96  io.undertow.servlet.handlers.ServletPathMatch$Type
2191:             3             96  io.undertow.servlet.spec.HttpServletResponseImpl$ResponseState
2192:             3             96  io.undertow.util.FastConcurrentDirectDeque
2193:             3             96  io.undertow.util.SubstringMap$SubstringMatch
2194:             3             96  jakarta.servlet.SessionTrackingMode
2195:             3             96  java.lang.ProcessImpl$LaunchMechanism (java.base@21.0.6)
2196:             3             96  java.lang.WeakPairMap (java.base@21.0.6)
2197:             3             96  java.lang.annotation.RetentionPolicy (java.base@21.0.6)
2198:             1             96  java.lang.invoke.BoundMethodHandle$Specializer (java.base@21.0.6)
2199:             3             96  java.lang.invoke.MethodHandleImpl$ArrayAccess (java.base@21.0.6)
2200:             2             96  java.lang.ref.ReferenceQueue$Null (java.base@21.0.6)
2201:             3             96  java.net.Proxy$Type (java.base@21.0.6)
2202:             1             96  java.net.SocksSocketImpl (java.base@21.0.6)
2203:             3             96  java.net.StandardProtocolFamily (java.base@21.0.6)
2204:             3             96  java.security.DrbgParameters$Capability (java.base@21.0.6)
2205:             4             96  java.time.Instant (java.base@21.0.6)
2206:             3             96  java.time.ZoneOffset (java.base@21.0.6)
2207:             2             96  java.time.format.DateTimeFormatterBuilder$TextPrinterParser (java.base@21.0.6)
2208:             3             96  java.time.format.ResolverStyle (java.base@21.0.6)
2209:             2             96  java.time.temporal.IsoFields$Unit (java.base@21.0.6)
2210:             3             96  java.util.Base64$Encoder (java.base@21.0.6)
2211:             1             96  java.util.ServiceLoader (java.base@21.0.6)
2212:             3             96  java.util.Vector (java.base@21.0.6)
2213:             2             96  java.util.concurrent.SynchronousQueue (java.base@21.0.6)
2214:             4             96  java.util.concurrent.locks.ReentrantReadWriteLock$Sync$HoldCounter (java.base@21.0.6)
2215:             1             96  java.util.logging.LogManager (java.logging@21.0.6)
2216:             2             96  java.util.regex.Pattern$Loop (java.base@21.0.6)
2217:             3             96  java.util.stream.Collector$Characteristics (java.base@21.0.6)
2218:             2             96  java.util.stream.FindOps$FindOp (java.base@21.0.6)
2219:             3             96  java.util.stream.MatchOps$MatchKind (java.base@21.0.6)
2220:             3             96  java.util.zip.ZipCoder$Comparison (java.base@21.0.6)
2221:             1             96  jdk.internal.event.X509CertificateEvent (java.base@21.0.6)
2222:             3             96  jdk.internal.icu.util.CodePointTrie$ValueWidth (java.base@21.0.6)
2223:             6             96  jdk.internal.loader.ClassLoaderValue (java.base@21.0.6)
2224:             2             96  jdk.internal.math.FloatingDecimal$BinaryToASCIIBuffer (java.base@21.0.6)
2225:             4             96  jdk.internal.module.ServicesCatalog (java.base@21.0.6)
2226:             4             96  jdk.internal.util.Preconditions$4 (java.base@21.0.6)
2227:             4             96  jdk.proxy1.$Proxy36 (jdk.proxy1)
2228:             4             96  jdk.proxy2.$Proxy26 (jdk.proxy2)
2229:             4             96  jdk.proxy2.$Proxy50 (jdk.proxy2)
2230:             4             96  jdk.proxy2.$Proxy58 (jdk.proxy2)
2231:             3             96  kotlin.LazyThreadSafetyMode
2232:             3             96  kotlin.annotation.AnnotationRetention
2233:             3             96  kotlin.coroutines.intrinsics.CoroutineSingletons
2234:             3             96  kotlin.reflect.KParameter$Kind
2235:             2             96  kotlin.reflect.jvm.internal.calls.CallerImpl$Method$Static
2236:             3             96  kotlin.reflect.jvm.internal.impl.builtins.jvm.JvmBuiltIns$Kind
2237:             4             96  kotlin.reflect.jvm.internal.impl.descriptors.ModuleCapability
2238:             2             96  kotlin.reflect.jvm.internal.impl.descriptors.impl.AbstractTypeParameterDescriptor$TypeParameterTypeConstructor
2239:             3             96  kotlin.reflect.jvm.internal.impl.load.java.lazy.types.JavaTypeFlexibility
2240:             3             96  kotlin.reflect.jvm.internal.impl.load.java.typeEnhancement.NullabilityQualifier
2241:             3             96  kotlin.reflect.jvm.internal.impl.load.java.typeEnhancement.TypeComponentPosition
2242:             3             96  kotlin.reflect.jvm.internal.impl.metadata.ProtoBuf$QualifiedNameTable$QualifiedName$Kind
2243:             3             96  kotlin.reflect.jvm.internal.impl.metadata.ProtoBuf$TypeParameter$Variance
2244:             3             96  kotlin.reflect.jvm.internal.impl.metadata.jvm.JvmProtoBuf$StringTableTypes$Record$Operation
2245:             3             96  kotlin.reflect.jvm.internal.impl.renderer.AnnotationArgumentsRenderingPolicy
2246:             3             96  kotlin.reflect.jvm.internal.impl.renderer.OverrideRenderingPolicy
2247:             3             96  kotlin.reflect.jvm.internal.impl.renderer.ParameterNameRenderingPolicy
2248:             3             96  kotlin.reflect.jvm.internal.impl.renderer.PropertyAccessorRenderingPolicy
2249:             3             96  kotlin.reflect.jvm.internal.impl.resolve.ExternalOverridabilityCondition$Contract
2250:             3             96  kotlin.reflect.jvm.internal.impl.resolve.ExternalOverridabilityCondition$Result
2251:             2             96  kotlin.reflect.jvm.internal.impl.resolve.OverridingUtil
2252:             3             96  kotlin.reflect.jvm.internal.impl.resolve.OverridingUtil$OverrideCompatibilityInfo$Result
2253:             3             96  kotlin.reflect.jvm.internal.impl.storage.LockBasedStorageManager$NotValue
2254:             2             96  kotlin.reflect.jvm.internal.impl.types.KotlinTypeFactory$$Lambda$1
2255:             3             96  kotlin.reflect.jvm.internal.impl.types.TypeCheckerState$LowerCapturedTypePolicy
2256:             3             96  kotlin.reflect.jvm.internal.impl.types.TypeSubstitutor$VarianceConflictType
2257:             3             96  kotlin.reflect.jvm.internal.impl.types.model.CaptureStatus
2258:             4             96  kotlin.reflect.jvm.internal.impl.util.ValueParameterCountCheck$AtLeast
2259:             3             96  kotlinx.coroutines.channels.BufferOverflow
2260:             4             96  org.bouncycastle.asn1.x9.X962Parameters
2261:             3             96  org.bouncycastle.crypto.CryptoServicesRegistrar$Property
2262:             4             96  org.bouncycastle.crypto.params.DHValidationParameters
2263:             3             96  org.bouncycastle.jcajce.provider.asymmetric.mlkem.MLKEMKeyFactorySpi
2264:             3             96  org.bouncycastle.pqc.jcajce.provider.kyber.KyberKeyFactorySpi
2265:             3             96  org.glassfish.hk2.api.InstanceLifecycleEventType
2266:             3             96  org.glassfish.hk2.api.ServiceLocatorFactory$CreatePolicy
2267:             3             96  org.glassfish.jersey.Severity
2268:             1             96  org.glassfish.jersey.jackson.internal.jackson.jaxrs.json.JsonEndpointConfig
2269:             3             96  org.glassfish.jersey.message.internal.MessageBodyFactory$ModelLookupKey
2270:             3             96  org.glassfish.jersey.message.internal.TracingLogger$Level
2271:             3             96  org.glassfish.jersey.model.internal.RankedProvider
2272:             3             96  org.glassfish.jersey.server.TracingConfig
2273:             2             96  org.glassfish.jersey.server.internal.inject.SingleValueExtractor
2274:             4             96  org.glassfish.jersey.server.internal.routing.PathMatchingRouter
2275:             3             96  org.glassfish.jersey.server.spi.internal.ValueParamProvider$Priority
2276:             3             96  org.glassfish.jersey.uri.JerseyQueryParamStyle
2277:             3             96  org.slf4j.helpers.Reporter$Level
2278:             3             96  org.xnio.FileAccess
2279:             2             96  org.xnio.TypeSequenceOption
2280:             3             96  picocli.CommandLine$Help$Ansi
2281:             3             96  picocli.CommandLine$Help$Visibility
2282:             3             96  picocli.CommandLine$LookBehind
2283:             3             96  picocli.CommandLine$Model$InitialValueState
2284:             3             96  sun.management.ManagementFactoryHelper$1 (java.management@21.0.6)
2285:             3             96  sun.security.provider.NativePRNG$Variant (java.base@21.0.6)
2286:             2             96  sun.security.util.MemoryCache (java.base@21.0.6)
2287:             1             88  [Lcom.fasterxml.jackson.databind.node.JsonNodeType;
2288:             1             88  [Lcom.google.protobuf.Descriptors$FieldDescriptor$JavaType;
2289:             1             88  [Lcom.google.protobuf.WireFormat$JavaType;
2290:             1             88  [Ljakarta.ws.rs.ext.ParamConverterProvider;
2291:             3             88  [Ljava.lang.invoke.MethodHandles$Lookup$ClassOption; (java.base@21.0.6)
2292:             1             88  [Ljava.lang.reflect.AccessFlag$Location; (java.base@21.0.6)
2293:             1             88  [Lkotlin.reflect.jvm.internal.impl.protobuf.WireFormat$JavaType;
2294:             3             88  [Lorg.glassfish.jersey.jackson.internal.jackson.jaxrs.cfg.Annotations;
2295:             1             88  ch.qos.logback.classic.layout.TTLLLayout
2296:             1             88  com.aerospike.vector.cluster.ClusterMetaMonitor
2297:             1             88  com.aerospike.vector.cluster.PaxosAcceptor
2298:             1             88  com.aerospike.vector.index.metrics.IndexMetricsTracker
2299:             1             88  com.aerospike.vector.storage.StorageOptions
2300:             1             88  com.fasterxml.jackson.databind.ser.BeanSerializer
2301:             1             88  com.google.common.collect.MapMakerInternalMap
2302:             1             88  com.google.inject.internal.asm.$Label
2303:             1             88  com.google.protobuf.MapFieldLite
2304:             1             88  io.undertow.server.protocol.http.CacheMap
2305:             1             88  io.undertow.server.protocol.http.HttpReadListener
2306:             1             88  io.undertow.servlet.core.ApplicationListeners
2307:             1             88  jdk.internal.org.objectweb.asm.Label (java.base@21.0.6)
2308:             1             88  jdk.management.jfr.FlightRecorderMXBeanImpl (jdk.management.jfr@21.0.6)
2309:             1             88  kotlin.reflect.jvm.internal.impl.metadata.ProtoBuf$Package
2310:             1             88  kotlin.reflect.jvm.internal.impl.metadata.jvm.JvmProtoBuf$StringTableTypes$Record
2311:             1             88  org.glassfish.jersey.jackson.internal.jackson.jaxrs.json.JacksonJaxbJsonProvider
2312:             1             88  org.xnio.nio.NioSocketConduit
2313:             2             80  [Lcom.aerospike.vector.client.proto.IndexMode;
2314:             2             80  [Lcom.aerospike.vector.client.proto.Status;
2315:             1             80  [Lcom.aerospike.vector.cluster.QuantumFaultType;
2316:             2             80  [Lcom.aerospike.vector.index.StandaloneIngestCompletionStatus;
2317:             1             80  [Lcom.cronutils.model.definition.CronNicknames;
2318:             1             80  [Lcom.fasterxml.jackson.databind.ser.impl.ReadOnlyClassToSerializerMap$Bucket;
2319:             2             80  [Lcom.google.protobuf.DescriptorProtos$FieldDescriptorProto$Label;
2320:             2             80  [Lio.grpc.TlsChannelCredentials$Feature;
2321:             2             80  [Lio.grpc.TlsServerCredentials$Feature;
2322:             4             80  [Lio.netty.util.AsciiString;
2323:             1             80  [Lio.prometheus.client.Collector$Type;
2324:             2             80  [Ljava.lang.annotation.RetentionPolicy; (java.base@21.0.6)
2325:             1             80  [Ljava.lang.reflect.ProxyGenerator$PrimitiveTypeInfo; (java.base@21.0.6)
2326:             1             80  [Ljava.math.RoundingMode; (java.base@21.0.6)
2327:             2             80  [Ljava.util.stream.Collector$Characteristics; (java.base@21.0.6)
2328:             2             80  [Lkotlin.annotation.AnnotationRetention;
2329:             1             80  [Lkotlin.reflect.jvm.internal.impl.builtins.jvm.JavaToKotlinClassMap$PlatformMutabilityMapping;
2330:             1             80  [Lkotlin.reflect.jvm.internal.impl.resolve.jvm.JvmPrimitiveType;
2331:             2             80  [Lorg.xnio.FileAccess;
2332:             2             80  [Lpicocli.CommandLine$Help$Visibility;
2333:             2             80  com.aerospike.vector.client.proto.NodeId
2334:             1             80  com.aerospike.vector.client.proto.VectorSearchRequest
2335:             1             80  com.aerospike.vector.cluster.ClusterLimits
2336:             1             80  com.aerospike.vector.cluster.ClusterService
2337:             2             80  com.aerospike.vector.config.HeartbeatSeed
2338:             1             80  com.aerospike.vector.index.BatchIndexMergeRequest
2339:             1             80  com.aerospike.vector.index.HealCycleFinalizationRequest
2340:             1             80  com.aerospike.vector.index.IndexCacheCentroidRequest
2341:             1             80  com.aerospike.vector.index.IndexRequest
2342:             1             80  com.aerospike.vector.index.config.HnswConfig
2343:             1             80  com.aerospike.vector.metrics.VectorMetrics
2344:             1             80  com.aerospike.vector.storage.cluster.AerospikeClusterMetaStore
2345:             2             80  com.aerospike.vector.transact.KvsTransactService$VectorRecordCache
2346:             2             80  com.fasterxml.jackson.core.StreamWriteCapability
2347:             2             80  com.fasterxml.jackson.core.io.ContentReference
2348:             1             80  com.fasterxml.jackson.databind.cfg.ConfigOverride$Empty
2349:             2             80  com.fasterxml.jackson.databind.cfg.EnumFeature
2350:             1             80  com.fasterxml.jackson.databind.deser.std.FactoryBasedEnumDeserializer
2351:             1             80  com.fasterxml.jackson.databind.deser.std.StdKeyDeserializer$EnumKD
2352:             1             80  com.fasterxml.jackson.databind.deser.std.UntypedObjectDeserializer
2353:             2             80  com.fasterxml.jackson.databind.ser.std.NumberSerializers$DoubleSerializer
2354:             2             80  com.fasterxml.jackson.databind.ser.std.NumberSerializers$IntegerSerializer
2355:             2             80  com.fasterxml.jackson.databind.ser.std.NumberSerializers$LongSerializer
2356:             2             80  com.fasterxml.jackson.dataformat.yaml.YAMLParser$Feature
2357:             2             80  com.github.benmanes.caffeine.cache.Pacer
2358:             1             80  com.google.common.collect.LinkedHashMultimap
2359:             2             80  com.google.common.util.concurrent.LazyLogger
2360:             2             80  com.google.inject.internal.Annotations$AnnotationChecker
2361:             1             80  io.netty.util.ResourceLeakDetector$TraceRecord$1
2362:             2             80  io.prometheus.client.CollectorRegistry
2363:             2             80  java.lang.invoke.VarHandleByteArrayAsInts$ArrayHandle (java.base@21.0.6)
2364:             2             80  java.lang.invoke.VarHandleByteArrayAsLongs$ArrayHandle (java.base@21.0.6)
2365:             2             80  java.time.ZonedDateTime (java.base@21.0.6)
2366:             2             80  java.util.concurrent.CompletableFuture$AsyncRun (java.base@21.0.6)
2367:             2             80  javax.management.NotificationBroadcasterSupport (java.management@21.0.6)
2368:             2             80  kotlin.reflect.jvm.internal.impl.descriptors.impl.AbstractTypeParameterDescriptor$1
2369:             2             80  kotlin.reflect.jvm.internal.impl.load.java.NullabilityAnnotationStatesImpl
2370:             1             80  kotlin.reflect.jvm.internal.impl.metadata.ProtoBuf$PackageFragment
2371:             1             80  kotlin.reflect.jvm.internal.impl.metadata.jvm.JvmProtoBuf$JvmPropertySignature
2372:             1             80  kotlinx.coroutines.channels.TickerChannelsKt$ticker$3
2373:             1             80  kotlinx.coroutines.scheduling.CoroutineScheduler
2374:             2             80  kotlinx.coroutines.scheduling.WorkQueue
2375:             2             80  org.apache.commons.collections4.queue.CircularFifoQueue
2376:             5             80  org.bouncycastle.pqc.jcajce.provider.cmce.CMCEKeyFactorySpi
2377:             5             80  org.bouncycastle.pqc.jcajce.provider.ntru.NTRUKeyFactorySpi
2378:             1             80  org.glassfish.jersey.inject.hk2.ContextInjectionResolverImpl$1
2379:             2             80  org.glassfish.jersey.internal.inject.ParamConverters$StringConstructor$1
2380:             2             80  org.glassfish.jersey.internal.inject.ServiceHolderImpl
2381:             2             80  org.glassfish.jersey.model.internal.CommonConfig$FeatureRegistration
2382:             2             80  org.glassfish.jersey.server.ContainerFilteringStage
2383:             1             80  org.glassfish.jersey.server.ResourceConfig$WrappingResourceConfig
2384:             1             80  org.glassfish.jersey.servlet.ServletContainer
2385:             2             80  org.glassfish.jersey.uri.PathPattern$RightHandPath
2386:             5             80  org.jboss.threads.NullRunnable
2387:             1             80  picocli.CommandLine$Help$ColorScheme
2388:             2             80  sun.security.util.DisabledAlgorithmConstraints$KeySizeConstraint (java.base@21.0.6)
2389:             5             80  sun.security.x509.CertificateVersion (java.base@21.0.6)
2390:             2             80  sun.util.locale.provider.LocaleServiceProviderPool (java.base@21.0.6)
2391:             1             72  [Lcom.aerospike.vector.cluster.QuantumFault;
2392:             1             72  [Lcom.fasterxml.jackson.annotation.JsonInclude$Include;
2393:             1             72  [Lcom.fasterxml.jackson.annotation.PropertyAccessor;
2394:             1             72  [Lcom.fasterxml.jackson.module.kotlin.KotlinFeature;
2395:             1             72  [Lio.netty.handler.codec.http2.Http2Stream$State;
2396:             1             72  [Ljava.lang.System$Logger$Level; (java.base@21.0.6)
2397:             1             72  [Ljava.lang.management.MemoryPoolMXBean; (java.management@21.0.6)
2398:             1             72  [Ljava.util.concurrent.TimeUnit; (java.base@21.0.6)
2399:             1             72  [Lkotlin.jvm.functions.Function1;
2400:             3             72  [Lkotlin.reflect.jvm.internal.impl.descriptors.TypeParameterDescriptor;
2401:             1             72  [Lkotlin.reflect.jvm.internal.impl.types.error.ErrorEntity;
2402:             1             72  [Lkotlin.time.DurationUnit;
2403:             1             72  [Lorg.glassfish.jersey.uri.internal.UriTemplateParser$Variables$State;
2404:             1             72  [Lorg.reflections.vfs.Vfs$DefaultUrlTypes;
2405:             1             72  [[Ljdk.incubator.vector.AbstractSpecies; (jdk.incubator.vector@21.0.6)
2406:             1             72  ch.qos.logback.core.encoder.LayoutWrappingEncoder
2407:             3             72  ch.qos.logback.core.spi.FilterAttachableImpl
2408:             1             72  com.aerospike.connect.logging.LoggingConfig
2409:             1             72  com.aerospike.vector.client.proto.IndexStatusResponse
2410:             1             72  com.aerospike.vector.client.proto.IndexUpdateRequest
2411:             1             72  com.aerospike.vector.cluster.Cluster$MergeMoveMessage
2412:             1             72  com.aerospike.vector.config.InterconnectConfig
2413:             3             72  com.aerospike.vector.config.PortRange
2414:             1             72  com.aerospike.vector.config.ServiceConfig
2415:             1             72  com.aerospike.vector.dns.AsyncDnsResolver$bestEffortDnsResolver$1
2416:             1             72  com.aerospike.vector.dns.AsyncDnsResolver$guaranteedDnsResolver$1
2417:             3             72  com.aerospike.vector.exchange.ExchangeServiceGrpc$ExchangeServiceMethodDescriptorSupplier
2418:             3             72  com.aerospike.vector.exchange.ExchangeServiceGrpc$MethodHandlers
2419:             1             72  com.aerospike.vector.heartbeat.AdjacentNode
2420:             1             72  com.aerospike.vector.heartbeat.DiscoveryRegister$queryEndpointsContinuously$1
2421:             1             72  com.aerospike.vector.heartbeat.HeartbeatService
2422:             1             72  com.aerospike.vector.index.BatchIndexMergeProxyRequest
2423:             3             72  com.aerospike.vector.index.CacheServiceGrpc$CacheServiceMethodDescriptorSupplier
2424:             3             72  com.aerospike.vector.index.CacheServiceGrpc$MethodHandlers
2425:             1             72  com.aerospike.vector.index.NodeCacheStatus
2426:             1             72  com.aerospike.vector.server.grpc.service.GrpcAuthService
2427:             1             72  com.aerospike.vector.transact.KvsTransactService
2428:             1             72  com.fasterxml.jackson.annotation.JsonFormat$Value
2429:             3             72  com.fasterxml.jackson.databind.deser.BeanDeserializerFactory
2430:             3             72  com.fasterxml.jackson.databind.jsontype.impl.StdSubtypeResolver
2431:             3             72  com.fasterxml.jackson.databind.ser.std.NumberSerializer
2432:             3             72  com.fasterxml.jackson.databind.util.RootNameLookup
2433:             1             72  com.fasterxml.jackson.databind.util.StdDateFormat
2434:             3             72  com.github.benmanes.caffeine.cache.BoundedBuffer
2435:             3             72  com.github.benmanes.caffeine.cache.BoundedLocalCache$$Lambda/0x00007a57084ce840
2436:             1             72  com.github.benmanes.caffeine.cache.BoundedLocalCache$BoundedPolicy
2437:             1             72  com.github.benmanes.caffeine.cache.PSWMS
2438:             1             72  com.google.common.collect.AbstractMapBasedMultimap$AsMap
2439:             1             72  com.google.common.collect.EmptyImmutableListMultimap
2440:             1             72  com.google.common.collect.LinkedHashMultimap$ValueEntry
2441:             1             72  com.google.protobuf.CodedInputStream$ArrayDecoder
2442:             1             72  com.sun.jmx.interceptor.DefaultMBeanServerInterceptor (java.management@21.0.6)
2443:             1             72  com.sun.jmx.mbeanserver.DefaultMXBeanMappingFactory$Mappings (java.management@21.0.6)
2444:             1             72  com.sun.jmx.mbeanserver.MBeanIntrospector$MBeanInfoMap (java.management@21.0.6)
2445:             1             72  com.sun.jmx.mbeanserver.MBeanIntrospector$PerInterfaceMap (java.management@21.0.6)
2446:             3             72  io.netty.channel.ChannelMetadata
2447:             3             72  io.netty.util.concurrent.PromiseTask$SentinelRunnable
2448:             1             72  io.undertow.servlet.handlers.ServletInitialHandler
2449:             3             72  io.undertow.util.CopyOnWriteMap
2450:             1             72  java.lang.NullPointerException (java.base@21.0.6)
2451:             3             72  java.lang.ThreadLocal$SuppliedThreadLocal (java.base@21.0.6)
2452:             1             72  java.lang.invoke.BoundMethodHandle$Specializer$Factory (java.base@21.0.6)
2453:             1             72  java.lang.invoke.VarHandleReferences$FieldStaticReadWrite (java.base@21.0.6)
2454:             3             72  java.nio.charset.CodingErrorAction (java.base@21.0.6)
2455:             3             72  java.text.AttributedCharacterIterator$Attribute (java.base@21.0.6)
2456:             3             72  java.time.format.DateTimeFormatterBuilder$StringLiteralPrinterParser (java.base@21.0.6)
2457:             1             72  java.time.zone.ZoneRules (java.base@21.0.6)
2458:             3             72  java.util.ResourceBundle$NoFallbackControl (java.base@21.0.6)
2459:             3             72  java.util.TreeMap$KeySet (java.base@21.0.6)
2460:             3             72  java.util.TreeSet (java.base@21.0.6)
2461:             1             72  java.util.concurrent.ConcurrentHashMap$TreeBin (java.base@21.0.6)
2462:             1             72  java.util.concurrent.locks.ReentrantReadWriteLock$FairSync (java.base@21.0.6)
2463:             3             72  jdk.incubator.vector.Float512Vector (jdk.incubator.vector@21.0.6)
2464:             3             72  jdk.internal.math.FloatingDecimal$ExceptionalBinaryToASCIIBuffer (java.base@21.0.6)
2465:             3             72  jdk.internal.misc.Signal (java.base@21.0.6)
2466:             1             72  jdk.internal.ref.CleanerImpl$CleanerCleanable (java.base@21.0.6)
2467:             3             72  jdk.proxy2.$Proxy15 (jdk.proxy2)
2468:             3             72  jdk.proxy2.$Proxy16 (jdk.proxy2)
2469:             3             72  jdk.proxy2.$Proxy17 (jdk.proxy2)
2470:             3             72  jdk.proxy2.$Proxy29 (jdk.proxy2)
2471:             1             72  kotlin.reflect.jvm.internal.impl.descriptors.impl.LazyPackageViewDescriptorImpl
2472:             3             72  kotlin.reflect.jvm.internal.impl.protobuf.ExtensionRegistryLite
2473:             3             72  kotlin.reflect.jvm.internal.impl.resolve.scopes.LazyScopeAdapter
2474:             3             72  kotlin.reflect.jvm.internal.impl.resolve.scopes.LazyScopeAdapter$$Lambda$0
2475:             3             72  kotlin.reflect.jvm.internal.impl.resolve.scopes.SubstitutingScope$$Lambda$0
2476:             3             72  kotlin.reflect.jvm.internal.impl.resolve.scopes.SubstitutingScope$$Lambda$1
2477:             3             72  kotlin.reflect.jvm.internal.impl.serialization.deserialization.descriptors.NonEmptyDeserializedAnnotations
2478:             3             72  kotlin.reflect.jvm.internal.impl.storage.DefaultSimpleLock
2479:             1             72  kotlinx.coroutines.channels.TickerChannelsKt$fixedPeriodTicker$1
2480:             1             72  net.engio.mbassy.bus.MBassador
2481:             1             72  net.engio.mbassy.subscription.SubscriptionManager
2482:             1             72  org.glassfish.jersey.internal.inject.InjecteeImpl
2483:             1             72  org.glassfish.jersey.server.ApplicationHandler
2484:             1             72  org.glassfish.jersey.server.ResourceConfig$RuntimeConfig
2485:             1             72  org.glassfish.jersey.uri.UriTemplate
2486:             1             72  org.slf4j.bridge.SLF4JBridgeHandler
2487:             3             72  org.slf4j.helpers.BasicMarkerFactory
2488:             1             72  sun.nio.ch.SocketAdaptor (java.base@21.0.6)
2489:             3             72  sun.security.x509.GeneralNames (java.base@21.0.6)
2490:             1             72  sun.util.locale.InternalLocaleBuilder (java.base@21.0.6)
2491:             2             64  [Lcom.aerospike.connect.logging.LogFormat;
2492:             2             64  [Lcom.aerospike.vector.client.proto.IndexType;
2493:             1             64  [Lcom.fasterxml.jackson.annotation.JsonAutoDetect$Visibility;
2494:             1             64  [Lcom.fasterxml.jackson.core.JsonParser$NumberType;
2495:             1             64  [Lcom.fasterxml.jackson.core.json.JsonWriteFeature;
2496:             3             64  [Lcom.fasterxml.jackson.databind.deser.ValueInstantiators;
2497:             3             64  [Lcom.fasterxml.jackson.databind.ser.BeanPropertyWriter;
2498:             1             64  [Lio.grpc.internal.KeepAliveManager$State;
2499:             1             64  [Lio.netty.handler.codec.http2.Http2Headers$PseudoHeaderName;
2500:             2             64  [Ljakarta.ws.rs.RuntimeType;
2501:             1             64  [Ljakarta.ws.rs.core.Response$Status$Family;
2502:             1             64  [Ljava.lang.Thread$State; (java.base@21.0.6)
2503:             1             64  [Ljava.lang.management.MemoryManagerMXBean; (java.management@21.0.6)
2504:             4             64  [Ljava.lang.reflect.Field; (java.base@21.0.6)
2505:             1             64  [Ljava.nio.charset.Charset; (java.base@21.0.6)
2506:             1             64  [Ljava.time.format.TextStyle; (java.base@21.0.6)
2507:             1             64  [Ljava.util.stream.StreamOpFlag; (java.base@21.0.6)
2508:             1             64  [Lkotlin.reflect.jvm.internal.impl.descriptors.ClassKind;
2509:             1             64  [Lkotlin.reflect.jvm.internal.impl.load.kotlin.header.KotlinClassHeader$Kind;
2510:             2             64  [Lnet.engio.mbassy.listener.Invoke;
2511:             2             64  [Lorg.glassfish.hk2.api.DescriptorVisibility;
2512:             1             64  [Lorg.glassfish.jersey.jackson.internal.jackson.jaxrs.cfg.JaxRSFeature;
2513:             1             64  [Lorg.glassfish.jersey.message.internal.MessagingBinders$EnabledProvidersBinder$Provider;
2514:             1             64  [Lorg.jboss.logging.Logger$Level;
2515:             2             64  [Lpicocli.CommandLine$ScopeType;
2516:             1             64  [Lsun.security.util.DisabledAlgorithmConstraints$Constraint$Operator; (java.base@21.0.6)
2517:             2             64  ch.qos.logback.classic.pattern.NamedConverter$CacheMissCalculator
2518:             1             64  ch.qos.logback.core.BasicStatusManager
2519:             2             64  com.aerospike.client.Host
2520:             2             64  com.aerospike.client.policy.CommitLevel
2521:             2             64  com.aerospike.client.policy.ReadModeAP
2522:             2             64  com.aerospike.connect.logging.LogFormat
2523:             2             64  com.aerospike.connect.metrics.AerospikeMetricRegistry
2524:             1             64  com.aerospike.vector.SerializedAerospikeStorageRecordId
2525:             1             64  com.aerospike.vector.VectorDbMain
2526:             2             64  com.aerospike.vector.auth.StaticRoles
2527:             2             64  com.aerospike.vector.client.proto.IndexDefinition$ParamsCase
2528:             2             64  com.aerospike.vector.client.proto.IndexType
2529:             1             64  com.aerospike.vector.client.proto.Key
2530:             1             64  com.aerospike.vector.client.proto.StandaloneIndexMetrics
2531:             1             64  com.aerospike.vector.cluster.Cluster$ClusterStateAppliedMessage
2532:             2             64  com.aerospike.vector.cluster.ClusterState
2533:             2             64  com.aerospike.vector.cluster.RegisterState
2534:             2             64  com.aerospike.vector.config.InterconnectChannelType
2535:             1             64  com.aerospike.vector.dns.AsyncDnsResolver
2536:             4             64  com.aerospike.vector.embedded.client.inject.VectorDbEmbeddedClientGuiceModule$$FastClassByGuice$$3c7012
2537:             1             64  com.aerospike.vector.index.HealCycleCompleteRequest
2538:             1             64  com.aerospike.vector.index.HealCycleStartRequest
2539:             2             64  com.aerospike.vector.index.IndexUpdateOperation$UpdateCase
2540:             2             64  com.aerospike.vector.index.cache.FuzzyExpiry
2541:             1             64  com.aerospike.vector.index.merge.coordinator.IndexMergeCoordinator$1
2542:             1             64  com.aerospike.vector.index.metrics.NodeFitnessCalculator$computeFitnessProbabilities$queryProbabilities$1
2543:             1             64  com.aerospike.vector.index.metrics.NodeFitnessCalculator$computeFitnessProbabilities$updateProbabilities$1
2544:             1             64  com.aerospike.vector.interconnect.InterconnectService
2545:             1             64  com.aerospike.vector.interconnect.InterconnectService$invokeOnNode$1$grpcCall$1
2546:             1             64  com.aerospike.vector.interconnect.InterconnectService$invokeOnNode$1$grpcCall$2
2547:             1             64  com.aerospike.vector.partitions.PartitionService
2548:             2             64  com.aerospike.vector.server.grpc.GrpcInterconnectServer$getAsyncExecutor$1
2549:             2             64  com.aerospike.vector.server.grpc.GrpcVectorDbServer$getAsyncExecutor$1
2550:             1             64  com.aerospike.vector.server.grpc.service.GrpcUserAdminService
2551:             2             64  com.codahale.metrics.MetricRegistry
2552:             4             64  com.fasterxml.jackson.core.util.JacksonFeatureSet
2553:             2             64  com.fasterxml.jackson.databind.AnnotationIntrospector$ReferenceProperty$Type
2554:             1             64  com.fasterxml.jackson.databind.ObjectWriter
2555:             2             64  com.fasterxml.jackson.databind.deser.impl.NullsConstantProvider
2556:             2             64  com.fasterxml.jackson.databind.deser.std.StdKeyDeserializer$StringKD
2557:             4             64  com.fasterxml.jackson.databind.introspect.BasicClassIntrospector
2558:             2             64  com.fasterxml.jackson.databind.module.SimpleSerializers
2559:             2             64  com.fasterxml.jackson.module.kotlin.KotlinAnnotationIntrospector
2560:             2             64  com.fasterxml.jackson.module.kotlin.KotlinNamesAnnotationIntrospector
2561:             2             64  com.fasterxml.jackson.module.kotlin.SingletonSupport
2562:             2             64  com.github.benmanes.caffeine.cache.FrequencySketch
2563:             2             64  com.github.benmanes.caffeine.cache.TimerWheel
2564:             1             64  com.google.common.cache.CacheStats
2565:             1             64  com.google.common.io.BaseEncoding$Base16Encoding
2566:             1             64  com.google.common.util.concurrent.ThreadFactoryBuilder$1
2567:             2             64  com.google.inject.internal.InternalFlags$BytecodeGenOption
2568:             2             64  com.google.inject.internal.InternalFlags$IncludeStackTraceOption
2569:             2             64  com.google.inject.internal.InternalProviderInstanceBindingImpl$InitializationTiming
2570:             2             64  com.google.inject.internal.util.SourceProvider
2571:             2             64  com.google.protobuf.BooleanArrayList
2572:             2             64  com.google.protobuf.TextFormat$Parser$SingularOverwritePolicy
2573:             2             64  com.sun.jmx.mbeanserver.ClassLoaderRepositorySupport$LoaderEntry (java.management@21.0.6)
2574:             2             64  com.sun.jmx.mbeanserver.WeakIdentityHashMap (java.management@21.0.6)
2575:             2             64  io.grpc.InternalKnownTransport
2576:             2             64  io.grpc.LoadBalancer$CreateSubchannelArgs$Key
2577:             2             64  io.grpc.internal.InternalHandlerRegistry
2578:             1             64  io.grpc.internal.ManagedChannelServiceConfig
2579:             2             64  io.grpc.internal.MessageDeframer$State
2580:             2             64  io.grpc.netty.CancelServerStreamCommand$PeerNotify
2581:             2             64  io.grpc.netty.NettyServer$1
2582:             2             64  io.grpc.netty.Utils$EventLoopGroupType
2583:             2             64  io.netty.buffer.PoolArena$SizeClass
2584:             2             64  io.netty.buffer.PooledByteBufAllocator$PoolThreadLocalCache
2585:             1             64  io.netty.buffer.UnpooledHeapByteBuf
2586:             2             64  io.netty.handler.codec.http2.Http2FrameLogger$Direction
2587:             2             64  io.undertow.security.api.AuthenticationMode
2588:             2             64  io.undertow.server.DefaultByteBufferPool$ThreadLocalData
2589:             1             64  io.undertow.server.protocol.ParseTimeoutUpdater
2590:             1             64  io.undertow.servlet.handlers.ServletPathMatches
2591:             2             64  io.undertow.servlet.handlers.ServletPathMatchesData$PathMatch
2592:             2             64  jakarta.ws.rs.RuntimeType
2593:             2             64  java.io.File$PathStatus (java.base@21.0.6)
2594:             2             64  java.lang.invoke.MethodHandles$Lookup$ClassOption (java.base@21.0.6)
2595:             2             64  java.lang.reflect.ReflectPermission (java.base@21.0.6)
2596:             2             64  java.security.CodeSigner (java.base@21.0.6)
2597:             2             64  java.security.Provider$OPType (java.base@21.0.6)
2598:             2             64  java.security.Timestamp (java.base@21.0.6)
2599:             2             64  java.sql.SQLPermission (java.sql@21.0.6)
2600:             2             64  java.time.OffsetDateTime (java.base@21.0.6)
2601:             2             64  java.time.OffsetTime (java.base@21.0.6)
2602:             2             64  java.time.ZoneRegion (java.base@21.0.6)
2603:             2             64  java.time.format.DateTimeFormatterBuilder$ZoneIdPrinterParser (java.base@21.0.6)
2604:             2             64  java.time.format.DateTimeTextProvider$LocaleStore (java.base@21.0.6)
2605:             1             64  java.util.ServiceLoader$LazyClassPathLookupIterator (java.base@21.0.6)
2606:             2             64  java.util.concurrent.CompletableFuture (java.base@21.0.6)
2607:             2             64  java.util.concurrent.CompletableFuture$TaskSubmitter (java.base@21.0.6)
2608:             2             64  java.util.concurrent.SynchronousQueue$Transferer (java.base@21.0.6)
2609:             2             64  java.util.logging.Logger$LoggerBundle (java.logging@21.0.6)
2610:             2             64  java.util.logging.LoggingPermission (java.logging@21.0.6)
2611:             2             64  java.util.regex.Pattern$Prolog (java.base@21.0.6)
2612:             2             64  jdk.incubator.vector.VectorOperators$TernaryImpl (jdk.incubator.vector@21.0.6)
2613:             1             64  jdk.internal.foreign.layout.ValueLayouts$OfBooleanImpl (java.base@21.0.6)
2614:             1             64  jdk.internal.icu.util.CodePointTrie$Fast16 (java.base@21.0.6)
2615:             2             64  jdk.internal.icu.util.CodePointTrie$Type (java.base@21.0.6)
2616:             1             64  jdk.internal.loader.URLClassPath (java.base@21.0.6)
2617:             2             64  kotlin.Pair
2618:             2             64  kotlin.reflect.jvm.internal.KDeclarationContainerImpl$MemberBelonginess
2619:             1             64  kotlin.reflect.jvm.internal.impl.builtins.jvm.FallbackBuiltIns
2620:             2             64  kotlin.reflect.jvm.internal.impl.descriptors.impl.AbstractTypeParameterDescriptor$2
2621:             1             64  kotlin.reflect.jvm.internal.impl.descriptors.runtime.structure.ReflectJavaClass$fields$1
2622:             1             64  kotlin.reflect.jvm.internal.impl.descriptors.runtime.structure.ReflectJavaClass$fields$2
2623:             1             64  kotlin.reflect.jvm.internal.impl.descriptors.runtime.structure.ReflectJavaClass$methods$2
2624:             1             64  kotlin.reflect.jvm.internal.impl.load.java.JavaTypeEnhancementState$Companion$DEFAULT$1
2625:             2             64  kotlin.reflect.jvm.internal.impl.load.java.structure.LightClassOriginKind
2626:             2             64  kotlin.reflect.jvm.internal.impl.load.java.typeEnhancement.MutabilityQualifier
2627:             1             64  kotlin.reflect.jvm.internal.impl.resolve.descriptorUtil.DescriptorUtilsKt$declaresOrInheritsDefaultValue$2
2628:             2             64  kotlin.reflect.jvm.internal.impl.serialization.deserialization.MemberDeserializer$$Lambda$3
2629:             2             64  kotlin.reflect.jvm.internal.impl.serialization.deserialization.descriptors.DeserializedContainerAbiStability
2630:             2             64  kotlin.reflect.jvm.internal.impl.types.TypeUsage
2631:             1             64  kotlin.sequences.SequencesKt___SequencesKt$flatMap$2
2632:             2             64  kotlin.text.Regex
2633:             1             64  kotlinx.coroutines.DefaultExecutor
2634:             1             64  kotlinx.coroutines.channels.BufferedChannelKt$createSegmentFunction$1
2635:             2             64  kotlinx.coroutines.channels.TickerMode
2636:             1             64  kotlinx.coroutines.flow.internal.SafeCollectorKt$emitFun$1
2637:             2             64  net.engio.mbassy.listener.Invoke
2638:             2             64  org.apache.commons.collections4.queue.SynchronizedQueue
2639:             4             64  org.bouncycastle.jcajce.provider.asymmetric.ecgost12.KeyFactorySpi
2640:             1             64  org.bouncycastle.jce.provider.BouncyCastleProviderConfiguration
2641:             2             64  org.bouncycastle.pqc.jcajce.provider.falcon.FalconKeyFactorySpi
2642:             2             64  org.glassfish.hk2.api.DescriptorType
2643:             2             64  org.glassfish.hk2.api.DescriptorVisibility
2644:             2             64  org.glassfish.hk2.api.ServiceLocatorState
2645:             2             64  org.glassfish.jersey.internal.ExceptionMapperFactory$ExceptionMapperType
2646:             1             64  org.glassfish.jersey.internal.guava.ThreadFactoryBuilder$1
2647:             2             64  org.glassfish.jersey.internal.inject.AbstractBinder$$Lambda/0x00007a570871ce98
2648:             2             64  org.glassfish.jersey.internal.l10n.LocalizableMessageFactory
2649:             2             64  org.glassfish.jersey.internal.l10n.Localizer
2650:             2             64  org.glassfish.jersey.jackson.internal.jackson.jaxrs.cfg.Annotations
2651:             1             64  org.glassfish.jersey.message.internal.MediaTypes$3
2652:             2             64  org.glassfish.jersey.model.internal.RankedComparator$Order
2653:             1             64  org.glassfish.jersey.server.internal.JerseyResourceContext
2654:             2             64  org.glassfish.jersey.server.monitoring.RequestEvent$ExceptionCause
2655:             2             64  org.glassfish.jersey.servlet.WebConfig$ConfigType
2656:             2             64  org.slf4j.helpers.Reporter$TargetChoice
2657:             1             64  org.wildfly.common.context.ContextManager
2658:             2             64  org.xnio.XnioWorker$WorkerThreadFactory$1
2659:             1             64  org.xnio.nio.NioSocketStreamConnection
2660:             2             64  picocli.CommandLine$ParseResult$GroupValidationResult
2661:             2             64  picocli.CommandLine$ScopeType
2662:             1             64  sun.nio.ch.IOVecWrapper (java.base@21.0.6)
2663:             2             64  sun.nio.ch.NativeThreadSet (java.base@21.0.6)
2664:             2             64  sun.security.jca.ProviderList (java.base@21.0.6)
2665:             2             64  sun.security.util.DisabledAlgorithmConstraints$DisabledConstraint (java.base@21.0.6)
2666:             1             56  [Lch.qos.logback.core.pattern.parser.TokenStream$TokenizerState;
2667:             1             56  [Lcom.aerospike.client.async.EventLoopType;
2668:             1             56  [Lcom.aerospike.client.policy.RecordExistsAction;
2669:             1             56  [Lcom.aerospike.client.policy.Replica;
2670:             1             56  [Lcom.fasterxml.jackson.annotation.Nulls;
2671:             1             56  [Lcom.fasterxml.jackson.core.JsonEncoding;
2672:             1             56  [Lcom.fasterxml.jackson.core.JsonFactory$Feature;
2673:             1             56  [Lcom.fasterxml.jackson.databind.cfg.JsonNodeFeature;
2674:             1             56  [Lcom.google.common.cache.RemovalCause;
2675:             1             56  [Lio.grpc.ConnectivityState;
2676:             1             56  [Lio.grpc.MethodDescriptor$MethodType;
2677:             1             56  [Lio.grpc.MetricInstrument;
2678:             1             56  [Lio.netty.handler.logging.LogLevel;
2679:             1             56  [Lio.netty.util.internal.logging.InternalLogLevel;
2680:             1             56  [Ljakarta.servlet.http.MappingMatch;
2681:             1             56  [Ljava.lang.invoke.VarHandle$AccessType; (java.base@21.0.6)
2682:             1             56  [Ljava.time.format.SignStyle; (java.base@21.0.6)
2683:             1             56  [Ljdk.incubator.vector.VectorShape; (jdk.incubator.vector@21.0.6)
2684:             1             56  [Lkotlin.reflect.jvm.internal.impl.builtins.jvm.JvmBuiltInsCustomizer$JDKMemberStatus;
2685:             1             56  [Lkotlinx.coroutines.scheduling.CoroutineScheduler$WorkerState;
2686:             1             56  [Lorg.glassfish.jersey.internal.guava.RemovalCause;
2687:             1             56  [Lorg.glassfish.jersey.message.internal.HttpHeaderReader$Event;
2688:             1             56  [Lorg.yaml.snakeyaml.DumperOptions$ScalarStyle;
2689:             1             56  [Lpicocli.CommandLine$ParseResult$GroupValidationResult$Type;
2690:             1             56  [Lsun.util.locale.provider.LocaleProviderAdapter$Type; (java.base@21.0.6)
2691:             1             56  [[Ljava.lang.invoke.LambdaForm$Name; (java.base@21.0.6)
2692:             1             56  com.aerospike.client.cluster.Connection
2693:             1             56  com.aerospike.client.cluster.Pool
2694:             1             56  com.aerospike.client.policy.BatchWritePolicy
2695:             1             56  com.aerospike.connect.metrics.Ticker
2696:             1             56  com.aerospike.connect.metrics.manage.app.ManageApplication
2697:             1             56  com.aerospike.connect.metrics.manage.server.ManageServer
2698:             1             56  com.aerospike.vector.client.proto.AddUserRequest
2699:             1             56  com.aerospike.vector.client.proto.ClusteringState
2700:             1             56  com.aerospike.vector.client.proto.Field
2701:             1             56  com.aerospike.vector.client.proto.GcInvalidVerticesRequest
2702:             1             56  com.aerospike.vector.client.proto.GetRequest
2703:             1             56  com.aerospike.vector.client.proto.IsIndexedRequest
2704:             1             56  com.aerospike.vector.client.proto.Neighbor
2705:             1             56  com.aerospike.vector.client.proto.PutRequest
2706:             1             56  com.aerospike.vector.client.proto.Record
2707:             1             56  com.aerospike.vector.cluster.Cluster$LearnMessage
2708:             1             56  com.aerospike.vector.cluster.ClusterMetaMonitor$cancellableFlow$1
2709:             1             56  com.aerospike.vector.cluster.TickGenerator$cancellableFlow$1
2710:             1             56  com.aerospike.vector.distance.VectorDistanceServiceCpu
2711:             1             56  com.aerospike.vector.dns.AsyncDnsResolver$1
2712:             1             56  com.aerospike.vector.dns.AsyncDnsResolver$2
2713:             1             56  com.aerospike.vector.exchange.Exchange$ExchangeCommit
2714:             1             56  com.aerospike.vector.exchange.Exchange$ExchangeReadyToCommit
2715:             1             56  com.aerospike.vector.exchange.ExchangeService$1
2716:             1             56  com.aerospike.vector.heartbeat.AdjacencyMonitor$cancellableFlow$1
2717:             1             56  com.aerospike.vector.heartbeat.DiscoveryRegister$1
2718:             1             56  com.aerospike.vector.heartbeat.HeartbeatTransmitter$1
2719:             1             56  com.aerospike.vector.index.DeleteProxyRequest
2720:             1             56  com.aerospike.vector.index.ExistsProxyRequest
2721:             1             56  com.aerospike.vector.index.GetProxyRequest
2722:             1             56  com.aerospike.vector.index.IndexMetricsResponse
2723:             1             56  com.aerospike.vector.index.Indexer$batchProcessingCancellableFlow$1
2724:             1             56  com.aerospike.vector.index.Indexer$indexMaintainerCancellableFlow$1
2725:             1             56  com.aerospike.vector.index.IsIndexedProxyRequest
2726:             1             56  com.aerospike.vector.index.NodeBatchIndexMergeComplete
2727:             1             56  com.aerospike.vector.index.PutProxyRequest
2728:             1             56  com.aerospike.vector.index.StandaloneIndexBuildAbortRequest
2729:             1             56  com.aerospike.vector.index.StandaloneIndexBuildCompletedRequest
2730:             1             56  com.aerospike.vector.index.StandaloneIndexBuildStartRequest
2731:             1             56  com.aerospike.vector.index.StandaloneIndexCoordinator$cancellableFlow$1
2732:             1             56  com.aerospike.vector.index.StandaloneIndexWorker$cancellableFlow$1
2733:             1             56  com.aerospike.vector.index.VectorSearchProxyRequest
2734:             1             56  com.aerospike.vector.index.cache.IndexCacheCoordinator$1
2735:             1             56  com.aerospike.vector.index.cache.IndexCacheCoordinator$2
2736:             1             56  com.aerospike.vector.index.healer.coordinator.IndexHealerCoordinator$cancellableFlow$1
2737:             1             56  com.aerospike.vector.index.healer.worker.IndexHealerWorker$cancellableFlow$1
2738:             1             56  com.aerospike.vector.index.merge.worker.IndexMergeWorker$1
2739:             1             56  com.aerospike.vector.index.metrics.CacheMetricRefresher$cancellableFlow$1
2740:             1             56  com.aerospike.vector.index.metrics.IndexMetricsTracker$refreshClusterMetricsFlow$1
2741:             1             56  com.aerospike.vector.interconnect.InterconnectDirectory
2742:             1             56  com.aerospike.vector.server.grpc.service.GrpcIndexService
2743:             1             56  com.aerospike.vector.storage.AerospikeStorageFactory
2744:             1             56  com.codahale.metrics.json.MetricsModule$TimerSerializer
2745:             1             56  com.fasterxml.jackson.databind.introspect.DefaultAccessorNamingStrategy$Provider
2746:             1             56  com.google.protobuf.ExtensionRegistry
2747:             1             56  com.sun.jmx.mbeanserver.JmxMBeanServer (java.management@21.0.6)
2748:             1             56  com.sun.jmx.mbeanserver.MBeanServerDelegateImpl (java.management@21.0.6)
2749:             1             56  com.sun.management.internal.DiagnosticCommandImpl (jdk.management@21.0.6)
2750:             1             56  com.sun.management.internal.OperatingSystemImpl (jdk.management@21.0.6)
2751:             1             56  io.grpc.InternalChannelz
2752:             1             56  io.netty.util.ResourceLeakDetector
2753:             1             56  io.netty.util.concurrent.DefaultPromise$StacklessCancellationException
2754:             1             56  io.undertow.security.handlers.SecurityInitialHandler
2755:             1             56  io.undertow.server.session.SessionCookieConfig
2756:             1             56  java.io.BufferedInputStream (java.base@21.0.6)
2757:             1             56  java.io.PrintWriter (java.base@21.0.6)
2758:             1             56  java.lang.ArithmeticException (java.base@21.0.6)
2759:             1             56  java.lang.ArrayStoreException (java.base@21.0.6)
2760:             1             56  java.lang.ClassCastException (java.base@21.0.6)
2761:             1             56  java.lang.ExceptionInInitializerError (java.base@21.0.6)
2762:             1             56  java.lang.ThreadBuilders$VirtualThreadFactory (java.base@21.0.6)
2763:             1             56  java.lang.UnsupportedOperationException (java.base@21.0.6)
2764:             1             56  java.lang.VirtualMachineError (java.base@21.0.6)
2765:             1             56  java.net.Socket (java.base@21.0.6)
2766:             1             56  java.net.UnknownHostException (java.base@21.0.6)
2767:             1             56  java.security.UnresolvedPermission (java.base@21.0.6)
2768:             1             56  java.util.Collections$UnmodifiableSortedMap (java.base@21.0.6)
2769:             1             56  java.util.ResourceBundle$2 (java.base@21.0.6)
2770:             1             56  java.util.ServiceLoader$ModuleServicesLookupIterator (java.base@21.0.6)
2771:             1             56  jdk.internal.event.SecurityProviderServiceEvent (java.base@21.0.6)
2772:             1             56  jdk.internal.loader.ArchivedClassLoaders (java.base@21.0.6)
2773:             1             56  jdk.net.ExtendedSocketOptions$1 (jdk.net@21.0.6)
2774:             1             56  kotlin.reflect.jvm.internal.impl.metadata.jvm.JvmProtoBuf$StringTableTypes
2775:             1             56  kotlin.reflect.jvm.internal.impl.name.CallableId
2776:             1             56  kotlin.reflect.jvm.internal.impl.types.ClassTypeConstructorImpl
2777:             1             56  kotlinx.coroutines.scheduling.DefaultScheduler
2778:             1             56  org.glassfish.jersey.server.internal.inject.PrimitiveValueOfExtractor
2779:             1             56  org.glassfish.jersey.server.internal.inject.WebTargetValueParamProvider
2780:             1             56  org.glassfish.jersey.server.model.ResourceMethodInvoker$Builder
2781:             1             56  org.glassfish.jersey.server.model.internal.JavaResourceMethodDispatcherProvider$VoidOutInvoker
2782:             1             56  org.glassfish.jersey.servlet.WebComponent
2783:             1             56  org.glassfish.jersey.servlet.WebComponent$WebComponentBinder
2784:             1             56  org.jboss.threads.EnhancedQueueExecutor$SchedulerTask
2785:             1             56  org.jvnet.hk2.internal.PerLocatorUtilities
2786:             1             56  org.jvnet.mimepull.MIMEConfig
2787:             1             56  picocli.CommandLine$Help$Ansi$Text
2788:             1             56  sun.nio.cs.StandardCharsets$Aliases (java.base@21.0.6)
2789:             1             56  sun.nio.cs.StandardCharsets$Cache (java.base@21.0.6)
2790:             1             56  sun.nio.cs.UTF_8$Decoder (java.base@21.0.6)
2791:             1             56  sun.security.provider.DSAPublicKeyImpl (java.base@21.0.6)
2792:             1             56  sun.security.util.KnownOIDs$1 (java.base@21.0.6)
2793:             1             56  sun.security.util.KnownOIDs$10 (java.base@21.0.6)
2794:             1             56  sun.security.util.KnownOIDs$2 (java.base@21.0.6)
2795:             1             56  sun.security.util.KnownOIDs$3 (java.base@21.0.6)
2796:             1             56  sun.security.util.KnownOIDs$4 (java.base@21.0.6)
2797:             1             56  sun.security.util.KnownOIDs$5 (java.base@21.0.6)
2798:             1             56  sun.security.util.KnownOIDs$6 (java.base@21.0.6)
2799:             1             56  sun.security.util.KnownOIDs$7 (java.base@21.0.6)
2800:             1             56  sun.security.util.KnownOIDs$8 (java.base@21.0.6)
2801:             1             56  sun.security.util.KnownOIDs$9 (java.base@21.0.6)
2802:             1             56  sun.util.resources.Bundles$1 (java.base@21.0.6)
2803:             3             48  [Lch.qos.logback.core.filter.Filter;
2804:             1             48  [Lcom.aerospike.client.BatchRecord$Type;
2805:             1             48  [Lcom.aerospike.client.Log$Level;
2806:             1             48  [Lcom.aerospike.client.policy.AuthMode;
2807:             1             48  [Lcom.aerospike.client.policy.ReadModeSC;
2808:             1             48  [Lcom.aerospike.vector.cluster.JoinRequestResult;
2809:             1             48  [Lcom.aerospike.vector.cluster.events.StateChangeQualifier;
2810:             1             48  [Lcom.aerospike.vector.config.NodeRoleSet;
2811:             1             48  [Lcom.aerospike.vector.exchange.ExchangeState;
2812:             1             48  [Lcom.aerospike.vector.index.IndexLogEntry$OperationCase;
2813:             1             48  [Lcom.fasterxml.jackson.core.StreamReadCapability;
2814:             1             48  [Lcom.fasterxml.jackson.core.util.Separators$Spacing;
2815:             1             48  [Lcom.fasterxml.jackson.databind.cfg.ConstructorDetector$SingleArgConstructor;
2816:             1             48  [Lcom.google.common.collect.MapMakerInternalMap$Segment;
2817:             1             48  [Lcom.google.inject.internal.Initializer$InjectableReferenceState;
2818:             1             48  [Lcom.google.inject.internal.InternalFlags$CustomClassLoadingOption;
2819:             1             48  [Lcom.google.protobuf.Descriptors$FileDescriptor$Syntax;
2820:             2             48  [Lcom.sun.jmx.mbeanserver.ClassLoaderRepositorySupport$LoaderEntry; (java.management@21.0.6)
2821:             1             48  [Lio.grpc.ChannelLogger$ChannelLogLevel;
2822:             1             48  [Lio.grpc.InternalChannelz$ChannelTrace$Event$Severity;
2823:             1             48  [Lio.grpc.internal.ClientStreamListener$RpcProgress;
2824:             1             48  [Lio.netty.channel.DefaultChannelPipeline$AddStrategy;
2825:             1             48  [Lio.netty.util.ResourceLeakDetector$Level;
2826:             1             48  [Lio.undertow.security.impl.SecurityContextImpl$AuthenticationState;
2827:             2             48  [Lio.undertow.server.handlers.form.FormParserFactory$ParserDefinition;
2828:             1             48  [Lio.undertow.servlet.api.TransportGuaranteeType;
2829:             1             48  [Ljava.lang.ThreadGroup; (java.base@21.0.6)
2830:             1             48  [Ljava.lang.ThreadLocal; (java.base@21.0.6)
2831:             3             48  [Ljava.lang.Throwable; (java.base@21.0.6)
2832:             1             48  [Ljava.lang.module.ModuleDescriptor$Modifier; (java.base@21.0.6)
2833:             1             48  [Ljava.lang.module.ModuleDescriptor$Requires$Modifier; (java.base@21.0.6)
2834:             1             48  [Ljava.text.Normalizer$Form; (java.base@21.0.6)
2835:             1             48  [Ljava.time.format.DateTimeFormatterBuilder$SettingsParser; (java.base@21.0.6)
2836:             1             48  [Ljava.time.temporal.IsoFields$Field; (java.base@21.0.6)
2837:             1             48  [Ljava.util.regex.Pattern$Qtype; (java.base@21.0.6)
2838:             1             48  [Ljava.util.stream.StreamShape; (java.base@21.0.6)
2839:             1             48  [Ljdk.internal.logger.BootstrapLogger$LoggingBackend; (java.base@21.0.6)
2840:             1             48  [Lkotlin.reflect.jvm.internal.impl.builtins.functions.FunctionTypeKind;
2841:             1             48  [Lkotlin.reflect.jvm.internal.impl.descriptors.CallableMemberDescriptor$Kind;
2842:             1             48  [Lkotlin.reflect.jvm.internal.impl.descriptors.Modality;
2843:             1             48  [Lkotlin.reflect.jvm.internal.impl.load.java.SpecialGenericSignatures$TypeSafeBarrierDescription;
2844:             1             48  [Lkotlin.reflect.jvm.internal.impl.load.java.descriptors.JavaMethodDescriptor$ParameterNamesStatus;
2845:             1             48  [Lkotlin.reflect.jvm.internal.impl.metadata.ProtoBuf$Type$Argument$Projection;
2846:             1             48  [Lkotlin.reflect.jvm.internal.impl.serialization.deserialization.AnnotatedCallableKind;
2847:             1             48  [Lkotlinx.coroutines.CoroutineStart;
2848:             1             48  [Lnet.engio.mbassy.bus.MessagePublication$State;
2849:             1             48  [Lorg.bouncycastle.crypto.params.DHParameters;
2850:             1             48  [Lorg.bouncycastle.crypto.params.DSAParameters;
2851:             1             48  [Lorg.glassfish.jersey.uri.internal.TemplateVariable$Position;
2852:             1             48  [Lorg.yaml.snakeyaml.nodes.NodeId;
2853:             1             48  [Lpicocli.CommandLine$TraceLevel;
2854:             1             48  ch.qos.logback.classic.util.ContextInitializer
2855:             2             48  ch.qos.logback.core.pattern.FormatInfo
2856:             1             48  com.aerospike.client.async.NettyEventLoops
2857:             1             48  com.aerospike.client.policy.BatchDeletePolicy
2858:             1             48  com.aerospike.connect.metrics.manage.config.ManageServerConfig
2859:             1             48  com.aerospike.connect.metrics.manage.service.PrometheusExports
2860:             1             48  com.aerospike.vector.client.proto.AuthRequest
2861:             1             48  com.aerospike.vector.client.proto.ClusterNodeEndpointsRequest
2862:             1             48  com.aerospike.vector.client.proto.DeleteRequest
2863:             1             48  com.aerospike.vector.client.proto.ExistsRequest
2864:             1             48  com.aerospike.vector.client.proto.GrantRolesRequest
2865:             1             48  com.aerospike.vector.client.proto.IndexCreateRequest
2866:             1             48  com.aerospike.vector.client.proto.IndexDropRequest
2867:             1             48  com.aerospike.vector.client.proto.IndexGetRequest
2868:             1             48  com.aerospike.vector.client.proto.IndexStatusRequest
2869:             1             48  com.aerospike.vector.client.proto.RevokeRolesRequest
2870:             1             48  com.aerospike.vector.client.proto.ServerEndpoint
2871:             1             48  com.aerospike.vector.client.proto.UpdateCredentialsRequest
2872:             1             48  com.aerospike.vector.client.proto.User
2873:             1             48  com.aerospike.vector.client.proto.Value
2874:             1             48  com.aerospike.vector.cluster.Cluster$AcceptMessage
2875:             1             48  com.aerospike.vector.cluster.Cluster$JoinReject
2876:             1             48  com.aerospike.vector.cluster.Cluster$JoinRequest
2877:             1             48  com.aerospike.vector.cluster.Cluster$PrepareMessage
2878:             1             48  com.aerospike.vector.cluster.Cluster$ProposalId
2879:             2             48  com.aerospike.vector.cluster.ClusterId
2880:             2             48  com.aerospike.vector.cluster.QuantumIntervalGenerator$$Lambda/0x00007a57084efae8
2881:             1             48  com.aerospike.vector.cluster.TickGenerator
2882:             1             48  com.aerospike.vector.exchange.ExchangeClusterStateService
2883:             2             48  com.aerospike.vector.exchange.NodeState
2884:             1             48  com.aerospike.vector.heartbeat.Heartbeat$EndpointsQuery
2885:             2             48  com.aerospike.vector.heartbeat.HeartbeatServiceGrpc$HeartbeatServiceMethodDescriptorSupplier
2886:             2             48  com.aerospike.vector.heartbeat.HeartbeatServiceGrpc$MethodHandlers
2887:             1             48  com.aerospike.vector.index.BatchBucketStore
2888:             1             48  com.aerospike.vector.index.BatchIndexStatusResponse
2889:             1             48  com.aerospike.vector.index.EvictCachedVerticesRequest
2890:             1             48  com.aerospike.vector.index.ExistsProxyResponse
2891:             1             48  com.aerospike.vector.index.GetProxyResponse
2892:             3             48  com.aerospike.vector.index.IndexCatalog$$FastClassByGuice$$267928a
2893:             3             48  com.aerospike.vector.index.IndexLog$$FastClassByGuice$$2524f93
2894:             1             48  com.aerospike.vector.index.IsIndexedProxyResponse
2895:             1             48  com.aerospike.vector.index.MarkCachedVerticesInvalidRequest
2896:             1             48  com.aerospike.vector.index.VectorSearchProxyResponse
2897:             1             48  com.aerospike.vector.index.config.IndexCleanupConfig
2898:             1             48  com.aerospike.vector.index.merge.coordinator.config.IndexBatchMergeConfig
2899:             1             48  com.aerospike.vector.index.metrics.CacheMetricRefresher
2900:             3             48  com.aerospike.vector.index.metrics.IndexMetricsRegistry$$FastClassByGuice$$288658a
2901:             3             48  com.aerospike.vector.server.grpc.service.GrpcTransactService$$FastClassByGuice$$63f4376
2902:             1             48  com.aerospike.vector.storage.AerospikeStorageKvs
2903:             2             48  com.codahale.metrics.jvm.MemoryUsageGaugeSet$$Lambda/0x00007a5708337280
2904:             2             48  com.fasterxml.jackson.databind.InjectableValues$Std
2905:             2             48  com.fasterxml.jackson.databind.ObjectMapper$1
2906:             1             48  com.fasterxml.jackson.databind.ObjectWriter$GeneratorSettings
2907:             2             48  com.fasterxml.jackson.databind.module.SimpleDeserializers
2908:             2             48  com.fasterxml.jackson.databind.ser.std.BooleanSerializer
2909:             1             48  com.fasterxml.jackson.databind.ser.std.CalendarSerializer
2910:             1             48  com.fasterxml.jackson.databind.ser.std.DateSerializer
2911:             1             48  com.fasterxml.jackson.databind.type.TypeFactory
2912:             2             48  com.fasterxml.jackson.module.kotlin.KotlinDeserializers
2913:             2             48  com.fasterxml.jackson.module.kotlin.KotlinInstantiators
2914:             1             48  com.github.benmanes.caffeine.cache.BoundedLocalCache$BoundedLocalLoadingCache
2915:             2             48  com.github.benmanes.caffeine.cache.BoundedLocalCache$EntrySetView
2916:             1             48  com.github.benmanes.caffeine.cache.NodeFactory$DeadWeakKey
2917:             1             48  com.github.benmanes.caffeine.cache.NodeFactory$RetiredWeakKey
2918:             2             48  com.github.benmanes.caffeine.cache.stats.GuardedStatsCounter
2919:             2             48  com.google.common.base.Joiner
2920:             2             48  com.google.inject.internal.Annotations$AnnotationChecker$1
2921:             1             48  com.google.protobuf.GeneratedMessageV3$FieldAccessorTable$RealOneofAccessor
2922:             1             48  com.google.protobuf.TextFormat$Parser
2923:             1             48  com.sun.management.internal.OperatingSystemImpl$ProcessCpuTicks (jdk.management@21.0.6)
2924:             1             48  com.sun.management.internal.OperatingSystemImpl$SystemCpuTicks (jdk.management@21.0.6)
2925:             2             48  io.grpc.DecompressorRegistry$DecompressorInfo
2926:             2             48  io.grpc.internal.ServerImpl$ServerListenerImpl
2927:             2             48  io.grpc.netty.NettyServer$SharedResourceReferenceCounter
2928:             2             48  io.netty.buffer.PooledByteBufAllocator$1
2929:             2             48  io.netty.buffer.PooledByteBufAllocatorMetric
2930:             2             48  io.netty.channel.group.DefaultChannelGroup$1
2931:             2             48  io.netty.channel.group.VoidChannelGroupFuture
2932:             1             48  io.netty.handler.codec.http.HttpStatusClass$1
2933:             2             48  io.netty.util.concurrent.ThreadPerTaskExecutor
2934:             2             48  io.undertow.server.DefaultByteBufferPool$ThreadLocalCache
2935:             2             48  io.undertow.server.handlers.form.FormEncodedDataDefinition
2936:             2             48  io.undertow.server.handlers.form.FormParserFactory
2937:             1             48  io.undertow.server.protocol.http.ServerFixedLengthStreamSinkConduit
2938:             1             48  io.undertow.servlet.core.DeploymentManagerImpl
2939:             2             48  io.undertow.servlet.core.ManagedServlet$DefaultInstanceStrategy$1
2940:             2             48  io.undertow.servlet.handlers.ServletHandler
2941:             1             48  io.undertow.servlet.handlers.security.CachedAuthenticatedSessionHandler
2942:             1             48  io.undertow.servlet.spec.SessionCookieConfigImpl
2943:             2             48  io.undertow.servlet.util.ConstructorInstanceFactory
2944:             1             48  io.undertow.util.PathMatcher
2945:             2             48  io.undertow.util.SubstringMap
2946:             1             48  jakarta.xml.bind.JAXBElement
2947:             2             48  java.io.FilePermissionCollection (java.base@21.0.6)
2948:             1             48  java.lang.Module$ArchivedData (java.base@21.0.6)
2949:             1             48  java.lang.invoke.VarHandleLongs$Array (java.base@21.0.6)
2950:             1             48  java.lang.module.ModuleDescriptor$Version (java.base@21.0.6)
2951:             1             48  java.net.InetAddress$CachedLookup (java.base@21.0.6)
2952:             2             48  java.nio.ByteOrder (java.base@21.0.6)
2953:             2             48  java.nio.channels.spi.AbstractSelector$1 (java.base@21.0.6)
2954:             2             48  java.nio.file.attribute.PosixFilePermissions$1 (java.base@21.0.6)
2955:             2             48  java.time.format.DateTimeFormatterBuilder$1 (java.base@21.0.6)
2956:             3             48  java.util.Base64$Decoder (java.base@21.0.6)
2957:             2             48  java.util.ResourceBundle$SingleFormatControl (java.base@21.0.6)
2958:             1             48  java.util.zip.ZipCoder$UTF8ZipCoder (java.base@21.0.6)
2959:             1             48  jdk.internal.jimage.ImageHeader (java.base@21.0.6)
2960:             2             48  jdk.internal.misc.Signal$NativeHandler (java.base@21.0.6)
2961:             1             48  jdk.internal.org.objectweb.asm.ConstantDynamic (java.base@21.0.6)
2962:             1             48  jdk.internal.org.objectweb.asm.Handle (java.base@21.0.6)
2963:             2             48  jdk.internal.reflect.ReflectionFactory$Config (java.base@21.0.6)
2964:             2             48  jdk.proxy2.$Proxy14 (jdk.proxy2)
2965:             2             48  jdk.proxy2.$Proxy25 (jdk.proxy2)
2966:             2             48  jdk.proxy2.$Proxy34 (jdk.proxy2)
2967:             2             48  jdk.proxy2.$Proxy5 (jdk.proxy2)
2968:             2             48  jdk.proxy2.$Proxy65 (jdk.proxy2)
2969:             2             48  jdk.proxy2.$Proxy66 (jdk.proxy2)
2970:             2             48  jdk.proxy2.$Proxy68 (jdk.proxy2)
2971:             2             48  kotlin.jvm.internal.Ref$ObjectRef
2972:             1             48  kotlin.reflect.jvm.internal.impl.descriptors.NotFoundClasses
2973:             2             48  kotlin.reflect.jvm.internal.impl.descriptors.impl.AbstractTypeParameterDescriptor$2$1
2974:             1             48  kotlin.reflect.jvm.internal.impl.descriptors.impl.ModuleDependenciesImpl
2975:             1             48  kotlin.reflect.jvm.internal.impl.descriptors.impl.ReceiverParameterDescriptorImpl
2976:             1             48  kotlin.reflect.jvm.internal.impl.descriptors.runtime.structure.Java16SealedRecordLoader$Cache
2977:             1             48  kotlin.reflect.jvm.internal.impl.load.java.Jsr305Settings
2978:             2             48  kotlin.reflect.jvm.internal.impl.load.java.NullabilityAnnotationStatesImpl$$Lambda$0
2979:             2             48  kotlin.reflect.jvm.internal.impl.load.java.typeEnhancement.EnhancedTypeAnnotations
2980:             1             48  kotlin.reflect.jvm.internal.impl.metadata.jvm.JvmProtoBuf$JvmFieldSignature
2981:             1             48  kotlin.reflect.jvm.internal.impl.metadata.jvm.JvmProtoBuf$JvmMethodSignature
2982:             2             48  kotlin.reflect.jvm.internal.impl.serialization.deserialization.descriptors.DeserializedAnnotations
2983:             2             48  kotlin.reflect.jvm.internal.impl.serialization.deserialization.descriptors.DeserializedTypeParameterDescriptor$$Lambda$0
2984:             2             48  kotlin.reflect.jvm.internal.impl.types.TypeUtils$SpecialType
2985:             1             48  kotlinx.coroutines.channels.ProducerCoroutine
2986:             2             48  kotlinx.coroutines.scheduling.GlobalQueue
2987:             1             48  net.engio.mbassy.common.StrongConcurrentSet
2988:             2             48  org.bouncycastle.math.field.PrimeField
2989:             3             48  org.bouncycastle.pqc.jcajce.provider.bike.BIKEKeyFactorySpi
2990:             3             48  org.bouncycastle.pqc.jcajce.provider.hqc.HQCKeyFactorySpi
2991:             1             48  org.glassfish.hk2.utilities.reflection.internal.ClassReflectionHelperImpl
2992:             1             48  org.glassfish.jersey.inject.hk2.ContextInjectionResolverImpl
2993:             1             48  org.glassfish.jersey.inject.hk2.Hk2BootstrapBinder
2994:             1             48  org.glassfish.jersey.inject.hk2.JerseyClassAnalyzer$Binder
2995:             1             48  org.glassfish.jersey.jackson.internal.jackson.jaxrs.json.JsonMapperConfigurator
2996:             1             48  org.glassfish.jersey.media.multipart.internal.FormDataParamInjectionFeature$1
2997:             1             48  org.glassfish.jersey.message.internal.QualitySourceMediaType
2998:             2             48  org.glassfish.jersey.spi.AbstractThreadPoolProvider$$Lambda/0x00007a5708747180
2999:             2             48  org.jboss.threads.DelegatingExecutorService
3000:             2             48  org.jboss.threads.EnhancedQueueExecutor$TerminateWaiterNode
3001:             2             48  org.jboss.threads.Messages_$logger
3002:             2             48  org.slf4j.helpers.ThreadLocalMapOfStacks
3003:             2             48  org.xnio.Option$9
3004:             2             48  org.xnio.XnioWorker$WorkerThreadFactory$1$1
3005:             1             48  org.xnio.conduits.ConduitStreamSinkChannel
3006:             1             48  org.xnio.conduits.ConduitStreamSourceChannel
3007:             1             48  org.xnio.nio.NioXnio
3008:             1             48  org.xnio.nio.NioXnioWorker$NioWorkerMetrics
3009:             1             48  org.xnio.nio.WorkerThread$TimeKey
3010:             3             48  sun.nio.ch.SocketDispatcher (java.base@21.0.6)
3011:             2             48  sun.nio.ch.Util$2 (java.base@21.0.6)
3012:             1             48  sun.reflect.annotation.AnnotatedTypeFactory$AnnotatedTypeBaseImpl (java.base@21.0.6)
3013:             2             48  sun.security.jca.ProviderList$3 (java.base@21.0.6)
3014:             2             48  sun.security.provider.FileInputStreamPool$UnclosableInputStream (java.base@21.0.6)
3015:             1             48  sun.security.provider.PolicyFile$PolicyInfo (java.base@21.0.6)
3016:             1             48  sun.security.util.DisabledAlgorithmConstraints (java.base@21.0.6)
3017:             1             48  sun.security.util.DisabledAlgorithmConstraints$DenyAfterConstraint (java.base@21.0.6)
3018:             2             48  sun.util.resources.LocaleData (java.base@21.0.6)
3019:             1             40  [Lch.qos.logback.classic.spi.Configurator$ExecutionStatus;
3020:             2             40  [Lch.qos.logback.core.Appender;
3021:             1             40  [Lch.qos.logback.core.spi.FilterReply;
3022:             1             40  [Lcom.aerospike.client.policy.GenerationPolicy;
3023:             1             40  [Lcom.aerospike.vector.cluster.MonitorState;
3024:             1             40  [Lcom.aerospike.vector.cluster.PaxosAcceptorState;
3025:             1             40  [Lcom.aerospike.vector.cluster.PaxosProposerState;
3026:             1             40  [Lcom.fasterxml.jackson.core.Base64Variant$PaddingReadBehaviour;
3027:             1             40  [Lcom.fasterxml.jackson.databind.util.AccessPattern;
3028:             1             40  [Lcom.fasterxml.jackson.databind.util.internal.PrivateMaxEntriesMap$DrainStatus;
3029:             1             40  [Lcom.google.common.cache.LocalCache$Strength;
3030:             1             40  [Lcom.google.inject.Stage;
3031:             1             40  [Lcom.google.inject.internal.InjectorImpl$JitLimitation;
3032:             1             40  [Lcom.google.inject.internal.InternalFlags$ColorizeOption;
3033:             1             40  [Lcom.google.inject.internal.InternalFlags$NullableProvidesOption;
3034:             1             40  [Lcom.google.inject.spi.InjectionPoint$Position;
3035:             1             40  [Lcom.google.protobuf.Descriptors$DescriptorPool$SearchFilter;
3036:             1             40  [Lcom.google.protobuf.MapField$StorageMode;
3037:             1             40  [Lcom.google.protobuf.WireFormat$Utf8Validation;
3038:             1             40  [Lio.grpc.SecurityLevel;
3039:             1             40  [Lio.grpc.internal.ManagedChannelImpl$ResolutionState;
3040:             1             40  [Lio.grpc.netty.NegotiationType;
3041:             1             40  [Lio.netty.handler.codec.http2.HpackDecoder$HeaderType;
3042:             1             40  [Lio.netty.handler.codec.http2.HpackUtil$IndexType;
3043:             1             40  [Lio.netty.handler.codec.http2.Http2Exception$ShutdownHint;
3044:             1             40  [Lio.undertow.Undertow$ListenerType;
3045:             1             40  [Lio.undertow.security.api.AuthenticationMechanism$AuthenticationMechanismOutcome;
3046:             1             40  [Lio.undertow.servlet.api.DeploymentManager$State;
3047:             1             40  [Lio.undertow.servlet.api.ServletStackTraces;
3048:             1             40  [Lio.undertow.servlet.core.ApplicationListeners$ListenerState;
3049:             1             40  [Lio.undertow.servlet.handlers.ServletPathMatch$Type;
3050:             1             40  [Lio.undertow.servlet.spec.HttpServletResponseImpl$ResponseState;
3051:             1             40  [Ljakarta.servlet.SessionTrackingMode;
3052:             1             40  [Ljava.lang.ProcessImpl$LaunchMechanism; (java.base@21.0.6)
3053:             1             40  [Ljava.lang.invoke.MethodHandleImpl$ArrayAccess; (java.base@21.0.6)
3054:             1             40  [Ljava.lang.reflect.Constructor; (java.base@21.0.6)
3055:             1             40  [Ljava.net.Proxy$Type; (java.base@21.0.6)
3056:             1             40  [Ljava.net.StandardProtocolFamily; (java.base@21.0.6)
3057:             1             40  [Ljava.security.DrbgParameters$Capability; (java.base@21.0.6)
3058:             1             40  [Ljava.time.format.ResolverStyle; (java.base@21.0.6)
3059:             1             40  [Ljava.time.temporal.JulianFields$Field; (java.base@21.0.6)
3060:             1             40  [Ljava.util.stream.MatchOps$MatchKind; (java.base@21.0.6)
3061:             1             40  [Ljava.util.zip.ZipCoder$Comparison; (java.base@21.0.6)
3062:             1             40  [Ljdk.internal.icu.util.CodePointTrie$ValueWidth; (java.base@21.0.6)
3063:             1             40  [Ljdk.internal.module.ServicesCatalog; (java.base@21.0.6)
3064:             1             40  [Lkotlin.LazyThreadSafetyMode;
3065:             1             40  [Lkotlin.coroutines.intrinsics.CoroutineSingletons;
3066:             1             40  [Lkotlin.reflect.KParameter$Kind;
3067:             1             40  [Lkotlin.reflect.jvm.internal.impl.builtins.jvm.JvmBuiltIns$Kind;
3068:             1             40  [Lkotlin.reflect.jvm.internal.impl.load.java.ReportLevel;
3069:             1             40  [Lkotlin.reflect.jvm.internal.impl.load.java.lazy.types.JavaTypeFlexibility;
3070:             1             40  [Lkotlin.reflect.jvm.internal.impl.load.java.typeEnhancement.NullabilityQualifier;
3071:             1             40  [Lkotlin.reflect.jvm.internal.impl.load.java.typeEnhancement.TypeComponentPosition;
3072:             1             40  [Lkotlin.reflect.jvm.internal.impl.metadata.ProtoBuf$QualifiedNameTable$QualifiedName$Kind;
3073:             1             40  [Lkotlin.reflect.jvm.internal.impl.metadata.ProtoBuf$TypeParameter$Variance;
3074:             1             40  [Lkotlin.reflect.jvm.internal.impl.metadata.jvm.JvmProtoBuf$StringTableTypes$Record$Operation;
3075:             1             40  [Lkotlin.reflect.jvm.internal.impl.renderer.AnnotationArgumentsRenderingPolicy;
3076:             1             40  [Lkotlin.reflect.jvm.internal.impl.renderer.OverrideRenderingPolicy;
3077:             1             40  [Lkotlin.reflect.jvm.internal.impl.renderer.ParameterNameRenderingPolicy;
3078:             1             40  [Lkotlin.reflect.jvm.internal.impl.renderer.PropertyAccessorRenderingPolicy;
3079:             1             40  [Lkotlin.reflect.jvm.internal.impl.resolve.ExternalOverridabilityCondition$Contract;
3080:             1             40  [Lkotlin.reflect.jvm.internal.impl.resolve.ExternalOverridabilityCondition$Result;
3081:             1             40  [Lkotlin.reflect.jvm.internal.impl.resolve.OverridingUtil$OverrideCompatibilityInfo$Result;
3082:             1             40  [Lkotlin.reflect.jvm.internal.impl.storage.LockBasedStorageManager$NotValue;
3083:             1             40  [Lkotlin.reflect.jvm.internal.impl.types.TypeCheckerState$LowerCapturedTypePolicy;
3084:             1             40  [Lkotlin.reflect.jvm.internal.impl.types.TypeSubstitutor$VarianceConflictType;
3085:             1             40  [Lkotlin.reflect.jvm.internal.impl.types.Variance;
3086:             1             40  [Lkotlin.reflect.jvm.internal.impl.types.model.CaptureStatus;
3087:             1             40  [Lkotlin.reflect.jvm.internal.impl.types.model.TypeVariance;
3088:             1             40  [Lkotlinx.coroutines.channels.BufferOverflow;
3089:             1             40  [Lorg.apache.commons.io.StandardLineSeparator;
3090:             1             40  [Lorg.bouncycastle.asn1.ASN1ObjectIdentifier;
3091:             1             40  [Lorg.glassfish.hk2.api.InstanceLifecycleEventType;
3092:             1             40  [Lorg.glassfish.hk2.api.ServiceLocatorFactory$CreatePolicy;
3093:             1             40  [Lorg.glassfish.jersey.Severity;
3094:             1             40  [Lorg.glassfish.jersey.internal.inject.ParamConverters$OptionalProvider$Optionals;
3095:             1             40  [Lorg.glassfish.jersey.internal.inject.Providers$ProviderRuntime;
3096:             1             40  [Lorg.glassfish.jersey.message.internal.TracingLogger$Level;
3097:             1             40  [Lorg.glassfish.jersey.server.TracingConfig;
3098:             1             40  [Lorg.glassfish.jersey.server.model.ResourceMethod$JaxrsType;
3099:             1             40  [Lorg.glassfish.jersey.server.spi.internal.ValueParamProvider$Priority;
3100:             1             40  [Lorg.glassfish.jersey.uri.JerseyQueryParamStyle;
3101:             1             40  [Lorg.slf4j.helpers.Reporter$Level;
3102:             1             40  [Lorg.yaml.snakeyaml.DumperOptions$FlowStyle;
3103:             1             40  [Lpicocli.CommandLine$Help$Ansi;
3104:             1             40  [Lpicocli.CommandLine$LookBehind;
3105:             1             40  [Lpicocli.CommandLine$Model$InitialValueState;
3106:             1             40  [Lsun.security.provider.NativePRNG$Variant; (java.base@21.0.6)
3107:             1             40  [[[Ljdk.incubator.vector.VectorOperators$ConversionImpl; (jdk.incubator.vector@21.0.6)
3108:             1             40  ch.qos.logback.classic.spi.LogbackServiceProvider
3109:             1             40  ch.qos.logback.classic.spi.LoggerContextVO
3110:             1             40  ch.qos.logback.classic.util.LogbackMDCAdapter
3111:             1             40  ch.qos.logback.core.helpers.CyclicBuffer
3112:             1             40  com.aerospike.client.policy.BatchUDFPolicy
3113:             1             40  com.aerospike.connect.logging.inject.LoggingGuiceModule
3114:             1             40  com.aerospike.connect.metrics.ThreadStatesGaugeSet
3115:             1             40  com.aerospike.connect.serde.SerdeGuiceModule
3116:             1             40  com.aerospike.vector.client.proto.AuthResponse
3117:             1             40  com.aerospike.vector.client.proto.ClusterId
3118:             1             40  com.aerospike.vector.client.proto.ClusterNodeEndpoints
3119:             1             40  com.aerospike.vector.client.proto.DropUserRequest
3120:             1             40  com.aerospike.vector.client.proto.GetUserRequest
3121:             1             40  com.aerospike.vector.client.proto.HnswSearchParams
3122:             1             40  com.aerospike.vector.client.proto.IndexDefinitionList
3123:             1             40  com.aerospike.vector.client.proto.IndexListRequest
3124:             1             40  com.aerospike.vector.client.proto.ListRolesResponse
3125:             1             40  com.aerospike.vector.client.proto.ListUsersResponse
3126:             1             40  com.aerospike.vector.client.proto.ServerEndpointList
3127:             1             40  com.aerospike.vector.cluster.Cluster$ReClusterMessage
3128:             1             40  com.aerospike.vector.cluster.serde.ClientTlsConfigDeserializer
3129:             1             40  com.aerospike.vector.cluster.serde.ServerTlsConfigDeserializer
3130:             1             40  com.aerospike.vector.config.ClusterConfig
3131:             1             40  com.aerospike.vector.exchange.ExchangeLimits
3132:             1             40  com.aerospike.vector.heartbeat.Heartbeat$EndpointsResponse
3133:             1             40  com.aerospike.vector.hlc.HlcClock
3134:             1             40  com.aerospike.vector.index.CentroidMap
3135:             1             40  com.aerospike.vector.index.metrics.ClusterIndexMetricsCollector
3136:             1             40  com.aerospike.vector.inject.VectorDbGuiceModule
3137:             1             40  com.aerospike.vector.server.grpc.server.interceptor.InterconnectAuthorizationServerInterceptor
3138:             1             40  com.aerospike.vector.server.grpc.service.GrpcClusterInfoService
3139:             1             40  com.aerospike.vector.server.grpc.service.internal.GrpcIndexServiceInternal
3140:             1             40  com.aerospike.vector.server.grpc.service.internal.GrpcTransactServiceInternal
3141:             1             40  com.aerospike.vector.storage.index.AerospikeStorageIndexCleaner
3142:             1             40  com.codahale.metrics.json.MetricsModule$MeterSerializer
3143:             1             40  com.cronutils.model.definition.CronDefinition
3144:             1             40  com.cronutils.model.field.definition.DayOfWeekFieldDefinition
3145:             1             40  com.fasterxml.jackson.core.StreamReadConstraints
3146:             1             40  com.fasterxml.jackson.core.util.BufferRecycler
3147:             1             40  com.fasterxml.jackson.databind.ObjectWriter$Prefetch
3148:             1             40  com.fasterxml.jackson.databind.deser.impl.FailingDeserializer
3149:             1             40  com.fasterxml.jackson.databind.deser.std.JsonNodeDeserializer
3150:             1             40  com.fasterxml.jackson.databind.ser.std.NumberSerializers$FloatSerializer
3151:             1             40  com.fasterxml.jackson.databind.ser.std.NumberSerializers$IntLikeSerializer
3152:             1             40  com.fasterxml.jackson.databind.ser.std.NumberSerializers$ShortSerializer
3153:             1             40  com.google.common.base.Splitter
3154:             1             40  com.google.common.util.concurrent.AbstractFuture$Listener
3155:             1             40  com.google.inject.internal.SingleMethodInjector
3156:             1             40  com.google.protobuf.WireFormat$FieldType$1
3157:             1             40  com.google.protobuf.WireFormat$FieldType$2
3158:             1             40  com.google.protobuf.WireFormat$FieldType$3
3159:             1             40  com.google.protobuf.WireFormat$FieldType$4
3160:             1             40  com.sun.jmx.mbeanserver.ClassLoaderRepositorySupport (java.management@21.0.6)
3161:             1             40  com.sun.jmx.mbeanserver.DefaultMXBeanMappingFactory$MXBeanRefMapping (java.management@21.0.6)
3162:             1             40  com.sun.jmx.mbeanserver.MXBeanLookup (java.management@21.0.6)
3163:             1             40  com.sun.jmx.mbeanserver.Repository (java.management@21.0.6)
3164:             1             40  io.grpc.MetricInstrumentRegistry
3165:             1             40  io.grpc.SynchronizationContext$1
3166:             1             40  io.grpc.internal.InstantTimeProvider
3167:             1             40  io.grpc.internal.ManagedChannelImpl$NameResolverListener
3168:             1             40  io.grpc.internal.ProxyDetectorImpl
3169:             1             40  io.grpc.internal.SharedResourceHolder
3170:             1             40  io.netty.util.internal.RecyclableArrayList
3171:             1             40  io.undertow.servlet.core.ErrorPages
3172:             1             40  io.undertow.servlet.core.ManagedFilters
3173:             1             40  io.undertow.servlet.core.ManagedServlets
3174:             1             40  io.undertow.servlet.core.SessionListenerBridge
3175:             1             40  io.undertow.servlet.handlers.ServletPathMatchesData
3176:             1             40  it.unimi.dsi.util.XoRoShiRo128PlusRandomGenerator
3177:             1             40  java.lang.ProcessEnvironment$StringEnvironment (java.base@21.0.6)
3178:             1             40  java.lang.invoke.VarHandleByteArrayAsChars$ArrayHandle (java.base@21.0.6)
3179:             1             40  java.lang.invoke.VarHandleByteArrayAsDoubles$ArrayHandle (java.base@21.0.6)
3180:             1             40  java.lang.invoke.VarHandleByteArrayAsFloats$ArrayHandle (java.base@21.0.6)
3181:             1             40  java.lang.invoke.VarHandleByteArrayAsShorts$ArrayHandle (java.base@21.0.6)
3182:             1             40  java.net.InetAddress$CachedLocalHost (java.base@21.0.6)
3183:             1             40  java.security.AlgorithmParameters (java.base@21.0.6)
3184:             1             40  java.text.DontCareFieldPosition (java.base@21.0.6)
3185:             1             40  java.util.concurrent.LinkedTransferQueue$DualNode (java.base@21.0.6)
3186:             1             40  java.util.logging.LogManager$LoggerContext (java.logging@21.0.6)
3187:             1             40  java.util.logging.LogManager$SystemLoggerContext (java.logging@21.0.6)
3188:             1             40  java.util.regex.Pattern$NotBehind (java.base@21.0.6)
3189:             1             40  javax.xml.namespace.QName (java.xml@21.0.6)
3190:             1             40  jdk.internal.event.ThreadSleepEvent (java.base@21.0.6)
3191:             1             40  jdk.internal.icu.impl.Norm2AllModes (java.base@21.0.6)
3192:             1             40  jdk.internal.reflect.MethodHandleIntegerFieldAccessorImpl (java.base@21.0.6)
3193:             1             40  kotlin.random.XorWowRandom
3194:             1             40  kotlin.reflect.jvm.internal.impl.builtins.functions.FunctionTypeKind$Function
3195:             1             40  kotlin.reflect.jvm.internal.impl.builtins.functions.FunctionTypeKind$KFunction
3196:             1             40  kotlin.reflect.jvm.internal.impl.builtins.functions.FunctionTypeKind$KSuspendFunction
3197:             1             40  kotlin.reflect.jvm.internal.impl.builtins.functions.FunctionTypeKind$SuspendFunction
3198:             1             40  kotlin.reflect.jvm.internal.impl.load.java.SpecialGenericSignatures$TypeSafeBarrierDescription$MAP_GET_OR_DEFAULT
3199:             1             40  kotlin.reflect.jvm.internal.impl.metadata.ProtoBuf$Contract
3200:             1             40  kotlin.reflect.jvm.internal.impl.metadata.ProtoBuf$VersionRequirementTable
3201:             1             40  kotlin.reflect.jvm.internal.impl.protobuf.WireFormat$FieldType$1
3202:             1             40  kotlin.reflect.jvm.internal.impl.protobuf.WireFormat$FieldType$2
3203:             1             40  kotlin.reflect.jvm.internal.impl.protobuf.WireFormat$FieldType$3
3204:             1             40  kotlin.reflect.jvm.internal.impl.protobuf.WireFormat$FieldType$4
3205:             1             40  kotlin.reflect.jvm.internal.impl.serialization.deserialization.MemberDeserializer$$Lambda$2
3206:             1             40  kotlin.reflect.jvm.internal.impl.storage.LockBasedStorageManager$1
3207:             1             40  kotlin.reflect.jvm.internal.impl.storage.LockBasedStorageManager$CacheWithNullableValuesBasedOnMemoizedFunction
3208:             1             40  kotlin.reflect.jvm.internal.impl.types.checker.NewKotlinTypeCheckerImpl
3209:             1             40  kotlin.reflect.jvm.internal.impl.util.ReturnsCheck$ReturnsBoolean
3210:             1             40  kotlin.reflect.jvm.internal.impl.util.ReturnsCheck$ReturnsInt
3211:             1             40  kotlin.reflect.jvm.internal.impl.util.ReturnsCheck$ReturnsUnit
3212:             1             40  org.glassfish.hk2.internal.ServiceLocatorFactoryImpl
3213:             1             40  org.glassfish.jersey.inject.hk2.ContextInjectionResolverImpl$Binder
3214:             1             40  org.glassfish.jersey.inject.hk2.JerseyErrorService$Binder
3215:             1             40  org.glassfish.jersey.inject.hk2.RequestContext$Binder
3216:             1             40  org.glassfish.jersey.internal.config.JerseySystemPropertiesConfigurationModel
3217:             1             40  org.glassfish.jersey.internal.inject.ParamConverters$OptionalProvider$Optionals$1
3218:             1             40  org.glassfish.jersey.internal.inject.ParamConverters$OptionalProvider$Optionals$2
3219:             1             40  org.glassfish.jersey.internal.inject.ParamConverters$OptionalProvider$Optionals$3
3220:             1             40  org.glassfish.jersey.jackson.internal.jackson.jaxrs.cfg.AnnotationBundleKey
3221:             1             40  org.glassfish.jersey.media.multipart.internal.MultiPartReaderServerSide
3222:             1             40  org.glassfish.jersey.message.internal.HttpHeaderReader$AcceptableLanguageTagListReader
3223:             1             40  org.glassfish.jersey.message.internal.HttpHeaderReader$AcceptableMediaTypeListReader
3224:             1             40  org.glassfish.jersey.message.internal.HttpHeaderReader$AcceptableTokenListReader
3225:             1             40  org.glassfish.jersey.message.internal.HttpHeaderReader$QualitySourceMediaTypeListReader
3226:             1             40  org.glassfish.jersey.server.ResourceBag
3227:             1             40  org.glassfish.jersey.server.ServerExecutorProvidersConfigurator$DefaultBackgroundSchedulerProvider
3228:             1             40  org.glassfish.jersey.server.ServerExecutorProvidersConfigurator$DefaultManagedAsyncExecutorProvider
3229:             1             40  org.glassfish.jersey.server.internal.RuntimeDelegateImpl
3230:             1             40  org.glassfish.jersey.server.internal.inject.BeanParamValueParamProvider
3231:             1             40  org.glassfish.jersey.server.internal.inject.DelegatedInjectionValueParamProvider
3232:             1             40  org.glassfish.jersey.server.internal.inject.FormParamValueParamProvider
3233:             1             40  org.glassfish.jersey.server.internal.inject.WebTargetValueParamProvider$BindingModel
3234:             1             40  org.glassfish.jersey.server.model.ResourceModel
3235:             1             40  org.jvnet.hk2.internal.PerLocatorUtilities$1
3236:             1             40  org.jvnet.hk2.internal.PerLocatorUtilities$2
3237:             1             40  org.jvnet.hk2.internal.PerLocatorUtilities$3
3238:             1             40  org.reflections.scanners.Scanners$1
3239:             1             40  org.reflections.scanners.Scanners$10
3240:             1             40  org.reflections.scanners.Scanners$11
3241:             1             40  org.reflections.scanners.Scanners$2
3242:             1             40  org.reflections.scanners.Scanners$3
3243:             1             40  org.reflections.scanners.Scanners$4
3244:             1             40  org.reflections.scanners.Scanners$5
3245:             1             40  org.reflections.scanners.Scanners$6
3246:             1             40  org.reflections.scanners.Scanners$7
3247:             1             40  org.reflections.scanners.Scanners$8
3248:             1             40  org.reflections.scanners.Scanners$9
3249:             1             40  org.slf4j.helpers.FormattingTuple
3250:             1             40  org.slf4j.helpers.NOP_FallbackServiceProvider
3251:             1             40  org.slf4j.helpers.SubstituteServiceProvider
3252:             1             40  org.xnio.XnioWorker$WorkerThreadFactory
3253:             1             40  picocli.CommandLine$Range
3254:             1             40  sun.management.MemoryImpl (java.management@21.0.6)
3255:             1             40  sun.nio.cs.ISO_8859_1 (java.base@21.0.6)
3256:             1             40  sun.nio.cs.StandardCharsets (java.base@21.0.6)
3257:             1             40  sun.nio.cs.US_ASCII (java.base@21.0.6)
3258:             1             40  sun.nio.cs.UTF_16 (java.base@21.0.6)
3259:             1             40  sun.nio.cs.UTF_16BE (java.base@21.0.6)
3260:             1             40  sun.nio.cs.UTF_16LE (java.base@21.0.6)
3261:             1             40  sun.nio.cs.UTF_8 (java.base@21.0.6)
3262:             1             40  sun.nio.fs.LinuxFileSystem (java.base@21.0.6)
3263:             1             40  sun.security.provider.DSAParameters (java.base@21.0.6)
3264:             1             40  sun.security.provider.PolicyFile (java.base@21.0.6)
3265:             1             32  [Lch.qos.logback.core.joran.spi.ConsoleTarget;
3266:             1             32  [Lcom.aerospike.client.Host;
3267:             1             32  [Lcom.aerospike.client.policy.CommitLevel;
3268:             1             32  [Lcom.aerospike.client.policy.ReadModeAP;
3269:             1             32  [Lcom.aerospike.vector.auth.StaticRoles;
3270:             1             32  [Lcom.aerospike.vector.client.proto.IndexDefinition$ParamsCase;
3271:             1             32  [Lcom.aerospike.vector.cluster.RegisterState;
3272:             1             32  [Lcom.aerospike.vector.index.IndexUpdateOperation$UpdateCase;
3273:             1             32  [Lcom.fasterxml.jackson.core.StreamWriteCapability;
3274:             1             32  [Lcom.fasterxml.jackson.databind.AnnotationIntrospector$ReferenceProperty$Type;
3275:             1             32  [Lcom.fasterxml.jackson.databind.cfg.EnumFeature;
3276:             1             32  [Lcom.fasterxml.jackson.dataformat.yaml.YAMLParser$Feature;
3277:             1             32  [Lcom.fasterxml.jackson.module.kotlin.SingletonSupport;
3278:             1             32  [Lcom.google.common.collect.MapMakerInternalMap$Strength;
3279:             1             32  [Lcom.google.inject.internal.InternalFlags$BytecodeGenOption;
3280:             1             32  [Lcom.google.inject.internal.InternalFlags$IncludeStackTraceOption;
3281:             1             32  [Lcom.google.inject.internal.InternalProviderInstanceBindingImpl$InitializationTiming;
3282:             1             32  [Lcom.google.protobuf.TextFormat$Parser$SingularOverwritePolicy;
3283:             1             32  [Lio.grpc.InternalKnownTransport;
3284:             2             32  [Lio.grpc.ServerInterceptor;
3285:             1             32  [Lio.grpc.internal.MessageDeframer$State;
3286:             1             32  [Lio.grpc.netty.CancelServerStreamCommand$PeerNotify;
3287:             1             32  [Lio.grpc.netty.Utils$EventLoopGroupType;
3288:             1             32  [Lio.netty.buffer.PoolArena$SizeClass;
3289:             1             32  [Lio.netty.handler.codec.http2.Http2FrameLogger$Direction;
3290:             1             32  [Lio.undertow.security.api.AuthenticationMode;
3291:             1             32  [Ljava.io.File$PathStatus; (java.base@21.0.6)
3292:             1             32  [Ljava.security.Provider$OPType; (java.base@21.0.6)
3293:             1             32  [Ljava.time.temporal.IsoFields$Unit; (java.base@21.0.6)
3294:             1             32  [Ljava.util.Locale$Category; (java.base@21.0.6)
3295:             1             32  [Ljdk.internal.icu.util.CodePointTrie$Type; (java.base@21.0.6)
3296:             1             32  [Lkotlin.reflect.jvm.internal.KDeclarationContainerImpl$MemberBelonginess;
3297:             1             32  [Lkotlin.reflect.jvm.internal.impl.load.java.structure.LightClassOriginKind;
3298:             1             32  [Lkotlin.reflect.jvm.internal.impl.load.java.typeEnhancement.MutabilityQualifier;
3299:             1             32  [Lkotlin.reflect.jvm.internal.impl.name.FqName;
3300:             1             32  [Lkotlin.reflect.jvm.internal.impl.name.Name;
3301:             1             32  [Lkotlin.reflect.jvm.internal.impl.renderer.RenderingFormat;
3302:             1             32  [Lkotlin.reflect.jvm.internal.impl.resolve.scopes.MemberScope;
3303:             1             32  [Lkotlin.reflect.jvm.internal.impl.serialization.deserialization.descriptors.DeserializedContainerAbiStability;
3304:             1             32  [Lkotlin.reflect.jvm.internal.impl.types.TypeUsage;
3305:             1             32  [Lkotlinx.coroutines.channels.TickerMode;
3306:             1             32  [Lorg.glassfish.hk2.api.DescriptorType;
3307:             1             32  [Lorg.glassfish.hk2.api.ServiceLocatorState;
3308:             1             32  [Lorg.glassfish.jersey.inject.hk2.Hk2InjectionManagerFactory$Hk2InjectionManagerStrategy;
3309:             1             32  [Lorg.glassfish.jersey.internal.guava.LocalCache$Strength;
3310:             1             32  [Lorg.glassfish.jersey.model.internal.RankedComparator$Order;
3311:             1             32  [Lorg.glassfish.jersey.server.monitoring.RequestEvent$ExceptionCause;
3312:             1             32  [Lorg.glassfish.jersey.server.spi.internal.ResourceMethodDispatcher$Provider;
3313:             1             32  [Lorg.glassfish.jersey.servlet.WebConfig$ConfigType;
3314:             1             32  [Lorg.glassfish.jersey.uri.PathPattern$RightHandPath;
3315:             1             32  [Lorg.slf4j.helpers.Reporter$TargetChoice;
3316:             2             32  [Lsun.reflect.annotation.TypeAnnotation; (java.base@21.0.6)
3317:             1             32  [Lsun.security.rsa.RSAUtil$KeyType; (java.base@21.0.6)
3318:             1             32  ch.qos.logback.classic.BasicConfigurator
3319:             2             32  ch.qos.logback.classic.pattern.ClassNameOnlyAbbreviator
3320:             2             32  ch.qos.logback.classic.pattern.EnsureExceptionHandling
3321:             1             32  ch.qos.logback.classic.spi.TurboFilterList
3322:             1             32  ch.qos.logback.core.spi.ContextAwareImpl
3323:             2             32  ch.qos.logback.core.spi.LogbackLock
3324:             1             32  com.aerospike.connect.aerospike.config.AerospikeSeedsDeserializer
3325:             1             32  com.aerospike.connect.aerospike.config.AuthModeDeserializer
3326:             1             32  com.aerospike.connect.logging.LoggingConfigurator
3327:             1             32  com.aerospike.connect.metrics.ErrorRegistry
3328:             1             32  com.aerospike.connect.metrics.OperatingSystemGaugeSet
3329:             1             32  com.aerospike.connect.metrics.manage.service.PrometheusMetricsWebService
3330:             2             32  com.aerospike.vector.auth.InsecureAuthService
3331:             1             32  com.aerospike.vector.client.proto.AboutRequest
3332:             1             32  com.aerospike.vector.client.proto.Boolean
3333:             1             32  com.aerospike.vector.cluster.QuantumIntervalGenerator$$Lambda/0x00007a57084f1078
3334:             1             32  com.aerospike.vector.config.AdvertisedListener
3335:             1             32  com.aerospike.vector.config.HeartbeatConfig
3336:             1             32  com.aerospike.vector.config.NodeRoleSetDeserializer
3337:             1             32  com.aerospike.vector.config.PortRangeDeserializer
3338:             1             32  com.aerospike.vector.embedded.client.config.VectorDbEmbeddedClientConfig
3339:             1             32  com.aerospike.vector.embedded.client.inject.VectorDbEmbeddedClientGuiceModule
3340:             1             32  com.aerospike.vector.heartbeat.NetworkClique
3341:             1             32  com.aerospike.vector.index.DeleteProxyResponse
3342:             1             32  com.aerospike.vector.index.PutProxyResponse
3343:             1             32  com.aerospike.vector.index.StandaloneIndexBuildAbortResponse
3344:             1             32  com.aerospike.vector.index.StandaloneIndexBuildCompletedResponse
3345:             1             32  com.aerospike.vector.index.StandaloneIndexBuildStartResponse
3346:             1             32  com.aerospike.vector.index.StandaloneIndexMetricsRequest
3347:             1             32  com.aerospike.vector.index.config.BatchingConfig
3348:             1             32  com.aerospike.vector.index.inject.IndexGuiceModule
3349:             1             32  com.aerospike.vector.interconnect.InterconnectChannelProvider$special$$inlined$CoroutineExceptionHandler$1
3350:             1             32  com.aerospike.vector.interconnect.InterconnectService$special$$inlined$CoroutineExceptionHandler$1
3351:             1             32  com.aerospike.vector.node.NodeIdDeserializer
3352:             1             32  com.aerospike.vector.server.grpc.StaticGrpcNettySslContextFactory
3353:             1             32  com.aerospike.vector.server.grpc.service.GrpcAboutService
3354:             1             32  com.aerospike.vector.server.grpc.service.internal.GrpcCacheServiceInternal
3355:             1             32  com.aerospike.vector.server.grpc.service.internal.GrpcClusterService
3356:             1             32  com.aerospike.vector.server.grpc.service.internal.GrpcExchangeService
3357:             1             32  com.aerospike.vector.server.grpc.service.internal.GrpcHeartbeatService
3358:             2             32  com.aerospike.vector.server.grpc.service.internal.GrpcTransactServiceInternal$$FastClassByGuice$$6f04b85
3359:             1             32  com.aerospike.vector.server.grpc.service.internal.ServiceScopeLauncher
3360:             1             32  com.aerospike.vector.storage.StorageType
3361:             1             32  com.aerospike.vector.storage.index.AerospikeStorageVerticesCleaner
3362:             1             32  com.aerospike.vector.transact.metrics.TransactionMetrics
3363:             1             32  com.codahale.metrics.json.MetricsModule$MetricRegistrySerializer
3364:             1             32  com.codahale.metrics.jvm.MemoryUsageGaugeSet
3365:             1             32  com.cronutils.parser.CronParser
3366:             1             32  com.fasterxml.jackson.annotation.JsonSetter$Value
3367:             1             32  com.fasterxml.jackson.core.util.DefaultIndenter
3368:             1             32  com.fasterxml.jackson.core.util.MinimalPrettyPrinter
3369:             1             32  com.fasterxml.jackson.databind.AnnotationIntrospector$ReferenceProperty
3370:             1             32  com.fasterxml.jackson.databind.cfg.ContextAttributes$Impl
3371:             1             32  com.fasterxml.jackson.databind.cfg.DatatypeFeatures
3372:             1             32  com.fasterxml.jackson.databind.deser.std.NumberDeserializers$NumberDeserializer
3373:             1             32  com.fasterxml.jackson.databind.deser.std.StringDeserializer
3374:             1             32  com.fasterxml.jackson.databind.deser.std.UntypedObjectDeserializerNR
3375:             1             32  com.fasterxml.jackson.databind.ext.OptionalHandlerFactory
3376:             1             32  com.fasterxml.jackson.databind.ser.impl.FailingSerializer
3377:             2             32  com.fasterxml.jackson.databind.ser.impl.PropertySerializerMap$Empty
3378:             1             32  com.fasterxml.jackson.databind.ser.impl.ReadOnlyClassToSerializerMap
3379:             1             32  com.fasterxml.jackson.databind.ser.std.UUIDSerializer
3380:             1             32  com.fasterxml.jackson.databind.util.internal.PrivateMaxEntriesMap$DrainStatus$1
3381:             1             32  com.fasterxml.jackson.databind.util.internal.PrivateMaxEntriesMap$DrainStatus$2
3382:             1             32  com.fasterxml.jackson.databind.util.internal.PrivateMaxEntriesMap$DrainStatus$3
3383:             1             32  com.fasterxml.jackson.databind.util.internal.PrivateMaxEntriesMap$EntrySet
3384:             2             32  com.fasterxml.jackson.module.kotlin.KotlinKeySerializers
3385:             2             32  com.fasterxml.jackson.module.kotlin.KotlinSerializers
3386:             1             32  com.github.benmanes.caffeine.cache.DisabledBuffer
3387:             1             32  com.github.benmanes.caffeine.cache.DisabledScheduler
3388:             1             32  com.github.benmanes.caffeine.cache.RemovalCause$1
3389:             1             32  com.github.benmanes.caffeine.cache.RemovalCause$2
3390:             1             32  com.github.benmanes.caffeine.cache.RemovalCause$3
3391:             1             32  com.github.benmanes.caffeine.cache.RemovalCause$4
3392:             1             32  com.github.benmanes.caffeine.cache.RemovalCause$5
3393:             1             32  com.github.benmanes.caffeine.cache.SingletonWeigher
3394:             1             32  com.github.benmanes.caffeine.cache.SystemScheduler
3395:             1             32  com.github.benmanes.caffeine.cache.SystemTicker
3396:             1             32  com.github.benmanes.caffeine.cache.stats.DisabledStatsCounter
3397:             1             32  com.google.common.base.Joiner$MapJoiner
3398:             1             32  com.google.common.cache.CacheBuilder$NullListener
3399:             1             32  com.google.common.cache.CacheBuilder$OneWeigher
3400:             1             32  com.google.common.cache.LocalCache$EntryFactory$1
3401:             1             32  com.google.common.cache.LocalCache$EntryFactory$2
3402:             1             32  com.google.common.cache.LocalCache$EntryFactory$3
3403:             1             32  com.google.common.cache.LocalCache$EntryFactory$4
3404:             1             32  com.google.common.cache.LocalCache$EntryFactory$5
3405:             1             32  com.google.common.cache.LocalCache$EntryFactory$6
3406:             1             32  com.google.common.cache.LocalCache$EntryFactory$7
3407:             1             32  com.google.common.cache.LocalCache$EntryFactory$8
3408:             1             32  com.google.common.cache.LocalCache$Strength$1
3409:             1             32  com.google.common.cache.LocalCache$Strength$2
3410:             1             32  com.google.common.cache.LocalCache$Strength$3
3411:             1             32  com.google.common.cache.RemovalCause$1
3412:             1             32  com.google.common.cache.RemovalCause$2
3413:             1             32  com.google.common.cache.RemovalCause$3
3414:             1             32  com.google.common.cache.RemovalCause$4
3415:             1             32  com.google.common.cache.RemovalCause$5
3416:             1             32  com.google.common.collect.Iterators$ArrayItr
3417:             1             32  com.google.common.collect.Iterators$EmptyModifiableIterator
3418:             1             32  com.google.common.collect.MapMakerInternalMap$Strength$1
3419:             1             32  com.google.common.collect.MapMakerInternalMap$Strength$2
3420:             1             32  com.google.common.collect.RegularImmutableAsList
3421:             1             32  com.google.common.util.concurrent.AbstractFuture$Waiter
3422:             1             32  com.google.common.util.concurrent.DirectExecutor
3423:             1             32  com.google.inject.Key$NullAnnotationStrategy
3424:             1             32  com.google.inject.internal.BytecodeGen$1
3425:             2             32  com.google.inject.internal.CycleDetectingLock$CycleDetectingLockFactory
3426:             1             32  com.google.inject.internal.InternalFlags$ColorizeOption$1
3427:             1             32  com.google.inject.internal.InternalFlags$ColorizeOption$2
3428:             1             32  com.google.inject.internal.InternalFlags$ColorizeOption$3
3429:             1             32  com.google.inject.internal.ProvisionListenerStackCallback
3430:             1             32  com.google.protobuf.Empty
3431:             1             32  com.google.protobuf.GeneratedMessageV3$FieldAccessorTable$MapFieldAccessor
3432:             1             32  com.google.protobuf.IntArrayList
3433:             1             32  com.google.protobuf.ProtobufArrayList
3434:             1             32  com.google.protobuf.WireFormat$Utf8Validation$1
3435:             1             32  com.google.protobuf.WireFormat$Utf8Validation$2
3436:             1             32  com.google.protobuf.WireFormat$Utf8Validation$3
3437:             1             32  com.sun.jmx.remote.util.ClassLogger (java.management@21.0.6)
3438:             1             32  com.sun.management.internal.PlatformMBeanProviderImpl$2 (jdk.management@21.0.6)
3439:             1             32  com.sun.management.internal.PlatformMBeanProviderImpl$5 (jdk.management@21.0.6)
3440:             2             32  io.grpc.Codec$Gzip
3441:             1             32  io.grpc.DecompressorRegistry
3442:             1             32  io.grpc.LoadBalancerRegistry
3443:             1             32  io.grpc.NameResolver$ConfigOrError
3444:             1             32  io.grpc.internal.DnsNameResolver$JdkAddressResolver
3445:             2             32  io.grpc.internal.GrpcUtil$AcceptEncodingMarshaller
3446:             1             32  io.grpc.internal.ReadableBuffers$ByteArrayWrapper
3447:             1             32  io.grpc.internal.RetryingNameResolver$RetryingListener
3448:             1             32  io.grpc.internal.SharedResourceHolder$Instance
3449:             1             32  io.grpc.internal.StatsTraceContext
3450:             1             32  io.grpc.netty.ProtocolNegotiationEvent
3451:             1             32  io.netty.buffer.UnpooledByteBufAllocator
3452:             1             32  io.netty.buffer.UnpooledByteBufAllocator$UnpooledByteBufAllocatorMetric
3453:             1             32  io.netty.channel.ChannelOption$1
3454:             1             32  io.netty.handler.codec.http2.ReadOnlyHttp2Headers
3455:             1             32  io.netty.resolver.DefaultAddressResolverGroup
3456:             1             32  io.netty.util.ResourceLeakDetectorFactory$DefaultResourceLeakDetectorFactory
3457:             1             32  io.netty.util.concurrent.DefaultEventExecutorChooserFactory$GenericEventExecutorChooser
3458:             1             32  io.netty.util.concurrent.FailedFuture
3459:             1             32  io.netty.util.internal.ThreadExecutorMap$3
3460:             2             32  io.netty.util.internal.logging.Slf4JLoggerFactory
3461:             1             32  io.perfmark.Tag
3462:             1             32  io.undertow.conduits.ReadDataStreamSourceConduit
3463:             1             32  io.undertow.security.handlers.AuthenticationMechanismsHandler
3464:             1             32  io.undertow.server.AbstractServerConnection$CloseSetter
3465:             1             32  io.undertow.server.handlers.PathHandler
3466:             1             32  io.undertow.server.protocol.http.HttpOpenListener$1
3467:             1             32  io.undertow.server.protocol.http.HttpServerConnection$1
3468:             1             32  io.undertow.servlet.core.ServletContainerImpl
3469:             1             32  io.undertow.servlet.handlers.RedirectDirHandler
3470:             1             32  io.undertow.servlet.handlers.security.ServletConfidentialityConstraintHandler
3471:             1             32  io.undertow.servlet.spec.ServletConfigImpl
3472:             1             32  io.undertow.servlet.spec.ServletContextImpl$ServletContextSessionConfig
3473:             2             32  java.lang.Boolean (java.base@21.0.6)
3474:             1             32  java.lang.ProcessHandleImpl (java.base@21.0.6)
3475:             2             32  java.lang.Shutdown$Lock (java.base@21.0.6)
3476:             1             32  java.lang.invoke.MethodHandleImpl$ArrayAccessor$1 (java.base@21.0.6)
3477:             1             32  java.lang.invoke.MethodHandleImpl$BindCaller$1 (java.base@21.0.6)
3478:             2             32  java.lang.ref.NativeReferenceQueue$Lock (java.base@21.0.6)
3479:             1             32  java.lang.reflect.Proxy$1 (java.base@21.0.6)
3480:             1             32  java.math.MutableBigInteger (java.base@21.0.6)
3481:             1             32  java.net.Inet6AddressImpl (java.base@21.0.6)
3482:             1             32  java.net.Proxy (java.base@21.0.6)
3483:             1             32  java.net.Socket$SocketInputStream (java.base@21.0.6)
3484:             1             32  java.net.Socket$SocketOutputStream (java.base@21.0.6)
3485:             1             32  java.text.FieldPosition (java.base@21.0.6)
3486:             1             32  java.time.temporal.IsoFields$Field$1 (java.base@21.0.6)
3487:             1             32  java.time.temporal.IsoFields$Field$2 (java.base@21.0.6)
3488:             1             32  java.time.temporal.IsoFields$Field$3 (java.base@21.0.6)
3489:             1             32  java.time.temporal.IsoFields$Field$4 (java.base@21.0.6)
3490:             1             32  java.util.Collections$3 (java.base@21.0.6)
3491:             1             32  java.util.Collections$EmptyMap (java.base@21.0.6)
3492:             1             32  java.util.Collections$SynchronizedCollection (java.base@21.0.6)
3493:             1             32  java.util.Collections$SynchronizedSet (java.base@21.0.6)
3494:             1             32  java.util.Comparators$NaturalOrderComparator (java.base@21.0.6)
3495:             1             32  java.util.Locale$Cache (java.base@21.0.6)
3496:             1             32  java.util.ResourceBundle$Control$CandidateListCache (java.base@21.0.6)
3497:             1             32  java.util.ServiceLoader$2 (java.base@21.0.6)
3498:             1             32  java.util.concurrent.ConcurrentLinkedDeque (java.base@21.0.6)
3499:             1             32  java.util.concurrent.Executors$DelegatedScheduledExecutorService (java.base@21.0.6)
3500:             1             32  java.util.concurrent.ThreadLocalRandom (java.base@21.0.6)
3501:             2             32  java.util.concurrent.ThreadPoolExecutor$AbortPolicy (java.base@21.0.6)
3502:             1             32  javax.management.ObjectInstance (java.management@21.0.6)
3503:             1             32  jdk.internal.icu.impl.Norm2AllModes$Norm2AllModesSingleton (java.base@21.0.6)
3504:             1             32  jdk.internal.module.ModuleBootstrap$SafeModuleFinder (java.base@21.0.6)
3505:             1             32  jdk.internal.module.ModuleHashes (java.base@21.0.6)
3506:             1             32  jdk.internal.ref.CleanerImpl (java.base@21.0.6)
3507:             1             32  jdk.internal.util.ReferencedKeyMap (java.base@21.0.6)
3508:             1             32  jdk.internal.vm.ThreadContainers$RootContainer$TrackingRootContainer (java.base@21.0.6)
3509:             1             32  jdk.jfr.internal.management.StreamManager (jdk.jfr@21.0.6)
3510:             1             32  jdk.management.jfr.internal.FlightRecorderMXBeanProvider$SingleMBeanComponent (jdk.management.jfr@21.0.6)
3511:             1             32  kotlin.reflect.jvm.internal.KPackageImpl
3512:             1             32  kotlin.reflect.jvm.internal.WeakClassLoaderBox
3513:             1             32  kotlin.reflect.jvm.internal.impl.builtins.functions.BuiltInFictitiousFunctionClassFactory
3514:             1             32  kotlin.reflect.jvm.internal.impl.builtins.functions.FunctionTypeKindExtractor
3515:             1             32  kotlin.reflect.jvm.internal.impl.descriptors.impl.CompositePackageFragmentProvider
3516:             1             32  kotlin.reflect.jvm.internal.impl.descriptors.impl.SubpackagesScope
3517:             1             32  kotlin.reflect.jvm.internal.impl.descriptors.runtime.structure.Java8ParameterNamesLoader$Cache
3518:             1             32  kotlin.reflect.jvm.internal.impl.load.java.JavaTypeEnhancementState
3519:             1             32  kotlin.reflect.jvm.internal.impl.renderer.RenderingFormat$HTML
3520:             1             32  kotlin.reflect.jvm.internal.impl.renderer.RenderingFormat$PLAIN
3521:             1             32  kotlin.reflect.jvm.internal.impl.resolve.OverridingUtil$OverrideCompatibilityInfo
3522:             1             32  kotlin.reflect.jvm.internal.impl.resolve.sam.SamConversionResolverImpl
3523:             1             32  kotlin.reflect.jvm.internal.impl.resolve.scopes.ChainedMemberScope
3524:             1             32  kotlin.reflect.jvm.internal.impl.resolve.scopes.receivers.TransientReceiver
3525:             1             32  kotlin.reflect.jvm.internal.impl.serialization.deserialization.AnnotationAndConstantLoaderImpl
3526:             1             32  kotlin.reflect.jvm.internal.impl.serialization.deserialization.ClassDeserializer
3527:             1             32  kotlin.reflect.jvm.internal.impl.types.TypeAttributes$Companion
3528:             1             32  kotlinx.coroutines.CoroutineDispatcher$Key
3529:             2             32  kotlinx.coroutines.Empty
3530:             1             32  kotlinx.coroutines.EventLoopImplBase$DelayedTaskQueue
3531:             1             32  kotlinx.coroutines.ExecutorCoroutineDispatcher$Key
3532:             1             32  net.engio.mbassy.bus.BusRuntime
3533:             1             32  org.bouncycastle.asn1.ASN1BitString$1
3534:             1             32  org.bouncycastle.asn1.ASN1Integer$1
3535:             1             32  org.bouncycastle.asn1.ASN1ObjectIdentifier$1
3536:             1             32  org.bouncycastle.asn1.ASN1OctetString$1
3537:             1             32  org.bouncycastle.asn1.ASN1RelativeOID$1
3538:             1             32  org.bouncycastle.asn1.ASN1Sequence$1
3539:             1             32  org.bouncycastle.asn1.ASN1Set$1
3540:             1             32  org.bouncycastle.asn1.DLSet
3541:             2             32  org.bouncycastle.jcajce.provider.asymmetric.dh.KeyFactorySpi
3542:             2             32  org.bouncycastle.jcajce.provider.asymmetric.dstu.KeyFactorySpi
3543:             2             32  org.bouncycastle.jcajce.provider.asymmetric.ecgost.KeyFactorySpi
3544:             1             32  org.bouncycastle.jcajce.provider.asymmetric.edec.KeyFactorySpi$Ed25519
3545:             1             32  org.bouncycastle.jcajce.provider.asymmetric.edec.KeyFactorySpi$Ed448
3546:             1             32  org.bouncycastle.jcajce.provider.asymmetric.edec.KeyFactorySpi$X25519
3547:             1             32  org.bouncycastle.jcajce.provider.asymmetric.edec.KeyFactorySpi$X448
3548:             1             32  org.bouncycastle.jcajce.provider.asymmetric.mldsa.MLDSAKeyFactorySpi$Hash
3549:             1             32  org.bouncycastle.jcajce.provider.asymmetric.slhdsa.SLHDSAKeyFactorySpi$Hash
3550:             2             32  org.bouncycastle.pqc.jcajce.provider.xmss.XMSSKeyFactorySpi
3551:             2             32  org.bouncycastle.pqc.jcajce.provider.xmss.XMSSMTKeyFactorySpi
3552:             1             32  org.bouncycastle.util.BigIntegers$Cache
3553:             1             32  org.bouncycastle.util.encoders.HexEncoder
3554:             1             32  org.glassfish.hk2.utilities.ServiceLocatorUtilities$ImmediateImpl
3555:             1             32  org.glassfish.hk2.utilities.ServiceLocatorUtilities$InheritableThreadImpl
3556:             1             32  org.glassfish.hk2.utilities.ServiceLocatorUtilities$PerLookupImpl
3557:             1             32  org.glassfish.hk2.utilities.ServiceLocatorUtilities$PerThreadImpl
3558:             1             32  org.glassfish.hk2.utilities.ServiceLocatorUtilities$SingletonImpl
3559:             1             32  org.glassfish.jersey.inject.hk2.Hk2InjectionManagerFactory$Hk2InjectionManagerStrategy$1
3560:             1             32  org.glassfish.jersey.inject.hk2.Hk2InjectionManagerFactory$Hk2InjectionManagerStrategy$2
3561:             1             32  org.glassfish.jersey.inject.hk2.JerseyClassAnalyzer
3562:             1             32  org.glassfish.jersey.internal.ContextResolverFactory
3563:             1             32  org.glassfish.jersey.internal.ExceptionMapperFactory$$Lambda/0x00007a57087037f0
3564:             1             32  org.glassfish.jersey.internal.guava.LocalCache$EntryFactory$1
3565:             1             32  org.glassfish.jersey.internal.guava.LocalCache$EntryFactory$2
3566:             1             32  org.glassfish.jersey.internal.guava.LocalCache$EntryFactory$3
3567:             1             32  org.glassfish.jersey.internal.guava.LocalCache$EntryFactory$4
3568:             1             32  org.glassfish.jersey.internal.guava.LocalCache$EntryFactory$5
3569:             1             32  org.glassfish.jersey.internal.guava.LocalCache$EntryFactory$6
3570:             1             32  org.glassfish.jersey.internal.guava.LocalCache$EntryFactory$7
3571:             1             32  org.glassfish.jersey.internal.guava.LocalCache$EntryFactory$8
3572:             1             32  org.glassfish.jersey.internal.guava.LocalCache$NullEntry
3573:             1             32  org.glassfish.jersey.internal.guava.LocalCache$Strength$1
3574:             1             32  org.glassfish.jersey.internal.guava.LocalCache$Strength$2
3575:             1             32  org.glassfish.jersey.internal.guava.RemovalCause$1
3576:             1             32  org.glassfish.jersey.internal.guava.RemovalCause$2
3577:             1             32  org.glassfish.jersey.internal.guava.RemovalCause$3
3578:             1             32  org.glassfish.jersey.internal.guava.RemovalCause$4
3579:             1             32  org.glassfish.jersey.internal.guava.RemovalCause$5
3580:             1             32  org.glassfish.jersey.internal.inject.CustomAnnotationLiteral
3581:             1             32  org.glassfish.jersey.internal.inject.ForeignDescriptorImpl
3582:             2             32  org.glassfish.jersey.internal.inject.ReferencingFactory$EmptyReferenceFactory
3583:             1             32  org.glassfish.jersey.internal.routing.CombinedMediaType
3584:             1             32  org.glassfish.jersey.media.multipart.internal.EntityPartReader
3585:             1             32  org.glassfish.jersey.media.multipart.internal.EntityPartWriter
3586:             1             32  org.glassfish.jersey.media.multipart.internal.FormDataParamValueParamProvider
3587:             1             32  org.glassfish.jersey.media.multipart.internal.SingleEntityPartReader
3588:             1             32  org.glassfish.jersey.media.multipart.internal.SingleEntityPartWriter
3589:             1             32  org.glassfish.jersey.message.internal.HttpHeaderReader$MediaTypeListReader
3590:             1             32  org.glassfish.jersey.message.internal.HttpHeaderReader$StringListReader
3591:             1             32  org.glassfish.jersey.message.internal.SourceProvider$SourceWriter
3592:             1             32  org.glassfish.jersey.model.internal.ManagedObjectsFinalizer
3593:             1             32  org.glassfish.jersey.process.internal.Stages$LinkedStage
3594:             1             32  org.glassfish.jersey.server.BackgroundSchedulerLiteral
3595:             2             32  org.glassfish.jersey.server.DefaultExceptionMapper
3596:             1             32  org.glassfish.jersey.server.internal.inject.CookieParamValueParamProvider
3597:             1             32  org.glassfish.jersey.server.internal.inject.DelegatedInjectionValueParamProvider$$Lambda/0x00007a57087542a0
3598:             1             32  org.glassfish.jersey.server.internal.inject.EntityParamValueParamProvider
3599:             1             32  org.glassfish.jersey.server.internal.inject.FormParamValueParamProvider$MultipartFormParamValueProvider
3600:             1             32  org.glassfish.jersey.server.internal.inject.HeaderParamValueParamProvider
3601:             1             32  org.glassfish.jersey.server.internal.inject.MatrixParamValueParamProvider
3602:             1             32  org.glassfish.jersey.server.internal.inject.PathParamValueParamProvider
3603:             1             32  org.glassfish.jersey.server.internal.inject.QueryParamValueParamProvider
3604:             1             32  org.glassfish.jersey.server.internal.inject.WebTargetValueParamProvider$1
3605:             1             32  org.glassfish.jersey.server.internal.monitoring.MonitoringContainerListener
3606:             1             32  org.glassfish.jersey.server.internal.process.ReferencesInitializer
3607:             1             32  org.glassfish.jersey.server.internal.routing.RoutingStage
3608:             1             32  org.glassfish.jersey.server.model.ResourceMethod$JaxrsType$1
3609:             1             32  org.glassfish.jersey.server.model.ResourceMethod$JaxrsType$2
3610:             1             32  org.glassfish.jersey.server.model.ResourceMethod$JaxrsType$3
3611:             1             32  org.jboss.threads.EnhancedQueueExecutor$TaskNode
3612:             1             32  org.jboss.threads.EnhancedQueueExecutor$ThreadBody
3613:             1             32  org.jboss.threads.Waiter
3614:             2             32  org.jvnet.hk2.internal.DescriptorComparator
3615:             1             32  org.jvnet.hk2.internal.DynamicConfigurationServiceImpl
3616:             1             32  org.jvnet.hk2.internal.PopulatorImpl
3617:             1             32  org.jvnet.hk2.internal.SingletonContext
3618:             1             32  org.jvnet.hk2.internal.Utilities$AnnotationInformation
3619:             1             32  org.reflections.vfs.Vfs$DefaultUrlTypes$1
3620:             1             32  org.reflections.vfs.Vfs$DefaultUrlTypes$2
3621:             1             32  org.reflections.vfs.Vfs$DefaultUrlTypes$3
3622:             1             32  org.reflections.vfs.Vfs$DefaultUrlTypes$4
3623:             1             32  org.reflections.vfs.Vfs$DefaultUrlTypes$5
3624:             1             32  org.reflections.vfs.Vfs$DefaultUrlTypes$6
3625:             1             32  org.reflections.vfs.Vfs$DefaultUrlTypes$7
3626:             1             32  org.slf4j.helpers.BasicMDCAdapter
3627:             1             32  org.slf4j.helpers.SubstituteLoggerFactory
3628:             1             32  org.wildfly.common.context.ContextPermission
3629:             1             32  picocli.CommandLine$Tracer
3630:             1             32  sun.management.CompilationImpl (java.management@21.0.6)
3631:             1             32  sun.management.ManagementFactoryHelper$LoggingMXBeanAccess (java.management@21.0.6)
3632:             1             32  sun.management.ManagementFactoryHelper$PlatformLoggingImpl (java.management@21.0.6)
3633:             1             32  sun.management.RuntimeImpl (java.management@21.0.6)
3634:             1             32  sun.management.VMManagementImpl (java.management@21.0.6)
3635:             1             32  sun.net.sdp.SdpProvider (java.base@21.0.6)
3636:             1             32  sun.nio.ch.AllocatedNativeObject (java.base@21.0.6)
3637:             2             32  sun.nio.ch.EventFD (java.base@21.0.6)
3638:             1             32  sun.security.provider.SeedGenerator$URLSeedGenerator (java.base@21.0.6)
3639:             1             32  sun.util.cldr.CLDRCalendarDataProviderImpl (java.base@21.0.6)
3640:             1             32  sun.util.cldr.CLDRTimeZoneNameProviderImpl (java.base@21.0.6)
3641:             1             32  sun.util.locale.BaseLocale$Cache (java.base@21.0.6)
3642:             1             32  sun.util.locale.provider.CalendarProviderImpl (java.base@21.0.6)
3643:             1             32  sun.util.locale.provider.DateFormatSymbolsProviderImpl (java.base@21.0.6)
3644:             1             32  sun.util.locale.provider.DecimalFormatSymbolsProviderImpl (java.base@21.0.6)
3645:             1             32  sun.util.locale.provider.NumberFormatProviderImpl (java.base@21.0.6)
3646:             1             32  sun.util.locale.provider.TimeZoneNameProviderImpl (java.base@21.0.6)
3647:             1             24  [Lcom.aerospike.client.cluster.Node;
3648:             1             24  [Lcom.aerospike.client.cluster.Pool;
3649:             1             24  [Lcom.aerospike.vector.storage.StorageType;
3650:             1             24  [Lcom.github.benmanes.caffeine.cache.Buffer;
3651:             1             24  [Lcom.github.benmanes.caffeine.cache.DisabledBuffer;
3652:             1             24  [Lcom.github.benmanes.caffeine.cache.DisabledScheduler;
3653:             1             24  [Lcom.github.benmanes.caffeine.cache.SingletonWeigher;
3654:             1             24  [Lcom.github.benmanes.caffeine.cache.SystemScheduler;
3655:             1             24  [Lcom.github.benmanes.caffeine.cache.SystemTicker;
3656:             1             24  [Lcom.github.benmanes.caffeine.cache.stats.DisabledStatsCounter;
3657:             1             24  [Lcom.google.common.cache.CacheBuilder$NullListener;
3658:             1             24  [Lcom.google.common.cache.CacheBuilder$OneWeigher;
3659:             1             24  [Lcom.google.common.collect.Iterators$EmptyModifiableIterator;
3660:             1             24  [Lcom.google.common.util.concurrent.DirectExecutor;
3661:             1             24  [Lcom.google.inject.Key$NullAnnotationStrategy;
3662:             1             24  [Lio.grpc.internal.DnsNameResolver$JdkAddressResolver;
3663:             1             24  [Lio.undertow.security.api.AuthenticationMechanism;
3664:             1             24  [Ljakarta.ws.rs.core.MediaType;
3665:             1             24  [Ljava.net.URL; (java.base@21.0.6)
3666:             1             24  [Ljava.time.ZoneOffset; (java.base@21.0.6)
3667:             1             24  [Ljava.util.Comparators$NaturalOrderComparator; (java.base@21.0.6)
3668:             1             24  [Ljava.util.jar.Manifest; (java.base@21.0.6)
3669:             1             24  [Ljdk.internal.access.JavaSecurityAccess$ProtectionDomainCache; (java.base@21.0.6)
3670:             1             24  [Lorg.glassfish.jersey.internal.guava.LocalCache$NullEntry;
3671:             1             24  [Lorg.xnio.nio.WorkerThread;
3672:             1             24  ch.qos.logback.classic.util.ContextInitializer$1
3673:             1             24  ch.qos.logback.core.LifeCycleManager
3674:             1             24  ch.qos.logback.core.spi.AppenderAttachableImpl
3675:             1             24  ch.qos.logback.core.util.StatusPrinter2
3676:             1             24  com.aerospike.connect.aerospike.config.AerospikeClientSeedConfig
3677:             1             24  com.aerospike.connect.io.FilePathResolver
3678:             1             24  com.aerospike.connect.metrics.DebugLoggerProxy
3679:             1             24  com.aerospike.connect.metrics.ErrorLoggerProxy
3680:             1             24  com.aerospike.connect.metrics.ErrorRegistry$1
3681:             1             24  com.aerospike.connect.metrics.FileDescriptorGaugeSet
3682:             1             24  com.aerospike.connect.metrics.FileDescriptorGaugeSet$$Lambda/0x00007a570832b940
3683:             1             24  com.aerospike.connect.metrics.FileDescriptorGaugeSet$$Lambda/0x00007a570832bb58
3684:             1             24  com.aerospike.connect.metrics.InfoLoggerProxy
3685:             1             24  com.aerospike.connect.metrics.OffLoggerProxy
3686:             1             24  com.aerospike.connect.metrics.OperatingSystemGaugeSet$$Lambda/0x00007a5708338a58
3687:             1             24  com.aerospike.connect.metrics.OperatingSystemGaugeSet$$Lambda/0x00007a5708338c70
3688:             1             24  com.aerospike.connect.metrics.ThreadStatesGaugeSet$$Lambda/0x00007a5708333c00
3689:             1             24  com.aerospike.connect.metrics.ThreadStatesGaugeSet$$Lambda/0x00007a5708337cc8
3690:             1             24  com.aerospike.connect.metrics.ThreadStatesGaugeSet$$Lambda/0x00007a5708338000
3691:             1             24  com.aerospike.connect.metrics.ThreadStatesGaugeSet$$Lambda/0x00007a5708338218
3692:             1             24  com.aerospike.connect.metrics.ThreadStatesGaugeSet$$Lambda/0x00007a5708338430
3693:             1             24  com.aerospike.connect.metrics.TraceLoggerProxy
3694:             1             24  com.aerospike.connect.metrics.WarnLoggerProxy
3695:             1             24  com.aerospike.connect.metrics.manage.service.AboutServerWebService
3696:             1             24  com.aerospike.connect.serde.FileResolvingDeserializer
3697:             1             24  com.aerospike.connect.tls.TlsContextLoader
3698:             1             24  com.aerospike.connect.tls.reload.SSLContextFactory
3699:             1             24  com.aerospike.vector.client.proto.AboutServiceGrpc$AboutServiceMethodDescriptorSupplier
3700:             1             24  com.aerospike.vector.client.proto.AboutServiceGrpc$MethodHandlers
3701:             1             24  com.aerospike.vector.client.proto.AuthServiceGrpc$AuthServiceMethodDescriptorSupplier
3702:             1             24  com.aerospike.vector.client.proto.AuthServiceGrpc$MethodHandlers
3703:             1             24  com.aerospike.vector.cluster.QuantumIntervalGenerator$$Lambda/0x00007a57084f0438
3704:             1             24  com.aerospike.vector.cluster.QuantumIntervalGenerator$$Lambda/0x00007a57084f0b20
3705:             1             24  com.aerospike.vector.cluster.QuantumIntervalGenerator$$Lambda/0x00007a57084f1290
3706:             1             24  com.aerospike.vector.cluster.QuantumIntervalGenerator$$Lambda/0x00007a57084f17e8
3707:             1             24  com.aerospike.vector.cluster.QuantumIntervalGenerator$$Lambda/0x00007a57084f1a00
3708:             1             24  com.aerospike.vector.config.ManageConfig
3709:             1             24  com.aerospike.vector.config.tls.TlsConfigRegistry
3710:             1             24  com.aerospike.vector.embedded.client.store.SingleInstanceClientStore
3711:             1             24  com.aerospike.vector.eventbus.inject.EventBusGuiceModule
3712:             1             24  com.aerospike.vector.eventbus.inject.EventBusGuiceModule$$Lambda/0x00007a57084a7d08
3713:             1             24  com.aerospike.vector.index.IndexCleaner$$Lambda/0x00007a5708565248
3714:             1             24  com.aerospike.vector.index.IndexService$$Lambda/0x00007a570855e520
3715:             1             24  com.aerospike.vector.index.QueueSize
3716:             1             24  com.aerospike.vector.index.cache.LoadBalancedCacheFriendlyNodeSelector
3717:             1             24  com.aerospike.vector.index.hnsw.GraphVertexStorageAdaptor
3718:             1             24  com.aerospike.vector.index.merge.coordinator.IndexMergeCoordinator$currentPendingBatches$1
3719:             1             24  com.aerospike.vector.index.serde.IndexDefinitionSerializer
3720:             1             24  com.aerospike.vector.index.serde.IndexIdSerializer
3721:             1             24  com.aerospike.vector.index.serde.IndexLogEntryListSerializer
3722:             1             24  com.aerospike.vector.index.serde.InternalIndexIdSerializer
3723:             1             24  com.aerospike.vector.interconnect.BearerTokenCallCredentials
3724:             1             24  com.aerospike.vector.interconnect.InterconnectChannelProvider$$Lambda/0x00007a57084cb940
3725:             1             24  com.aerospike.vector.server.grpc.GrpcInterconnectServer$setupMetrics$1
3726:             1             24  com.aerospike.vector.server.grpc.GrpcNettySslContextFactory
3727:             1             24  com.aerospike.vector.server.grpc.GrpcVectorDbServer$setupMetrics$1
3728:             1             24  com.aerospike.vector.storage.inject.AerospikeStorageGuiceModule
3729:             1             24  com.aerospike.vector.transact.inject.TransactGuiceModule
3730:             1             24  com.codahale.metrics.json.MetricsModule$CounterSerializer
3731:             1             24  com.codahale.metrics.json.MetricsModule$GaugeSerializer
3732:             1             24  com.codahale.metrics.json.MetricsModule$HistogramSerializer
3733:             1             24  com.codahale.metrics.jvm.ClassLoadingGaugeSet$$Lambda/0x00007a570832b2f8
3734:             1             24  com.codahale.metrics.jvm.ClassLoadingGaugeSet$$Lambda/0x00007a570832b510
3735:             1             24  com.codahale.metrics.jvm.JvmAttributeGaugeSet
3736:             1             24  com.codahale.metrics.jvm.JvmAttributeGaugeSet$$Lambda/0x00007a570832a000
3737:             1             24  com.codahale.metrics.jvm.JvmAttributeGaugeSet$$Lambda/0x00007a570832a218
3738:             1             24  com.codahale.metrics.jvm.JvmAttributeGaugeSet$$Lambda/0x00007a570832a430
3739:             1             24  com.codahale.metrics.jvm.MemoryUsageGaugeSet$$Lambda/0x00007a5708334848
3740:             1             24  com.codahale.metrics.jvm.MemoryUsageGaugeSet$$Lambda/0x00007a5708334a60
3741:             1             24  com.codahale.metrics.jvm.MemoryUsageGaugeSet$$Lambda/0x00007a5708334c78
3742:             1             24  com.codahale.metrics.jvm.MemoryUsageGaugeSet$$Lambda/0x00007a5708334e90
3743:             1             24  com.codahale.metrics.jvm.MemoryUsageGaugeSet$$Lambda/0x00007a57083350a8
3744:             1             24  com.codahale.metrics.jvm.MemoryUsageGaugeSet$$Lambda/0x00007a57083352c0
3745:             1             24  com.codahale.metrics.jvm.MemoryUsageGaugeSet$$Lambda/0x00007a57083354d8
3746:             1             24  com.codahale.metrics.jvm.MemoryUsageGaugeSet$$Lambda/0x00007a57083356f0
3747:             1             24  com.codahale.metrics.jvm.MemoryUsageGaugeSet$$Lambda/0x00007a5708335d60
3748:             1             24  com.codahale.metrics.jvm.MemoryUsageGaugeSet$$Lambda/0x00007a5708335f78
3749:             1             24  com.codahale.metrics.jvm.MemoryUsageGaugeSet$$Lambda/0x00007a5708336190
3750:             1             24  com.codahale.metrics.jvm.MemoryUsageGaugeSet$$Lambda/0x00007a57083363a8
3751:             1             24  com.codahale.metrics.jvm.MemoryUsageGaugeSet$1
3752:             1             24  com.codahale.metrics.jvm.MemoryUsageGaugeSet$2
3753:             1             24  com.codahale.metrics.jvm.ThreadDeadlockDetector
3754:             1             24  com.cronutils.descriptor.CronDescriptor
3755:             1             24  com.cronutils.mapper.WeekDay
3756:             1             24  com.cronutils.model.definition.CronConstraintsFactory$2
3757:             1             24  com.fasterxml.jackson.annotation.JsonFormat$Features
3758:             1             24  com.fasterxml.jackson.annotation.JsonIgnoreProperties$Value
3759:             1             24  com.fasterxml.jackson.annotation.JsonIncludeProperties$Value
3760:             1             24  com.fasterxml.jackson.core.ErrorReportConfiguration
3761:             1             24  com.fasterxml.jackson.databind.cfg.DefaultCacheProvider
3762:             1             24  com.fasterxml.jackson.databind.deser.impl.JDKValueInstantiators$ArrayListInstantiator
3763:             1             24  com.fasterxml.jackson.databind.deser.impl.JDKValueInstantiators$HashSetInstantiator
3764:             1             24  com.fasterxml.jackson.databind.deser.impl.JDKValueInstantiators$LinkedHashMapInstantiator
3765:             1             24  com.fasterxml.jackson.databind.ext.Java7HandlersImpl
3766:             1             24  com.fasterxml.jackson.databind.ext.Java7SupportImpl
3767:             1             24  com.fasterxml.jackson.databind.introspect.AnnotationCollector$EmptyCollector
3768:             1             24  com.fasterxml.jackson.databind.introspect.JacksonAnnotationIntrospector
3769:             1             24  com.fasterxml.jackson.databind.jsontype.impl.SubTypeValidator
3770:             1             24  com.fasterxml.jackson.databind.module.SimpleKeyDeserializers
3771:             1             24  com.fasterxml.jackson.databind.node.TextNode
3772:             1             24  com.fasterxml.jackson.databind.ser.impl.UnknownSerializer
3773:             1             24  com.fasterxml.jackson.databind.ser.std.NullSerializer
3774:             1             24  com.fasterxml.jackson.databind.ser.std.StringSerializer
3775:             1             24  com.fasterxml.jackson.databind.type.TypeParser
3776:             1             24  com.fasterxml.jackson.module.kotlin.ReflectionCache$BooleanTriState$Empty
3777:             1             24  com.fasterxml.jackson.module.kotlin.ReflectionCache$BooleanTriState$False
3778:             1             24  com.fasterxml.jackson.module.kotlin.ReflectionCache$BooleanTriState$True
3779:             1             24  com.github.benmanes.caffeine.cache.BoundedLocalCache$BoundedPolicy$BoundedEviction
3780:             1             24  com.github.benmanes.caffeine.cache.BoundedLocalCache$KeySetView
3781:             1             24  com.github.benmanes.caffeine.cache.LocalLoadingCache$$Lambda/0x00007a5708559400
3782:             1             24  com.google.common.base.CharMatcher$None
3783:             1             24  com.google.common.base.CharMatcher$Whitespace
3784:             1             24  com.google.common.base.Splitter$1
3785:             1             24  com.google.common.base.Suppliers$SupplierOfInstance
3786:             1             24  com.google.common.cache.CacheLoader$FunctionToCacheLoader
3787:             1             24  com.google.common.collect.AbstractMapBasedMultimap$AsMap$AsMapEntries
3788:             1             24  com.google.common.collect.AbstractMultimap$Values
3789:             1             24  com.google.common.collect.ImmutableSet$EmptySetBuilderImpl
3790:             1             24  com.google.common.collect.Maps$Values
3791:             1             24  com.google.inject.internal.Messages$1
3792:             1             24  com.google.inject.internal.Messages$2
3793:             1             24  com.google.inject.internal.Messages$3
3794:             1             24  com.google.inject.internal.SingleMethodInjector$1
3795:             1             24  com.google.inject.internal.aop.GeneratedClassDefiner
3796:             1             24  com.google.inject.matcher.Matchers$SubclassesOf
3797:             1             24  com.google.protobuf.ExtensionRegistryLite
3798:             1             24  com.google.protobuf.TextFormat$Printer
3799:             1             24  com.google.protobuf.TypeRegistry
3800:             1             24  com.google.protobuf.UnknownFieldSet
3801:             1             24  com.google.protobuf.UnsafeUtil$JvmMemoryAccessor
3802:             1             24  com.sun.jmx.mbeanserver.DescriptorCache (java.management@21.0.6)
3803:             1             24  com.sun.jmx.mbeanserver.MBeanInstantiator (java.management@21.0.6)
3804:             1             24  com.sun.jmx.mbeanserver.MXBeanIntrospector (java.management@21.0.6)
3805:             1             24  com.sun.jmx.mbeanserver.SecureClassLoaderRepository (java.management@21.0.6)
3806:             1             24  com.sun.management.internal.HotSpotThreadImpl (jdk.management@21.0.6)
3807:             1             24  com.sun.management.internal.PlatformMBeanProviderImpl$1 (jdk.management@21.0.6)
3808:             1             24  com.sun.management.internal.PlatformMBeanProviderImpl$3 (jdk.management@21.0.6)
3809:             1             24  com.sun.management.internal.PlatformMBeanProviderImpl$4 (jdk.management@21.0.6)
3810:             1             24  com.sun.proxy.jdk.proxy1.$Proxy28 (jdk.proxy1)
3811:             1             24  io.grpc.CompressorRegistry
3812:             1             24  io.grpc.ConfiguratorRegistry
3813:             1             24  io.grpc.InternalMethodDescriptor
3814:             1             24  io.grpc.internal.RetryingNameResolver$DelayedNameResolverRefresh
3815:             1             24  io.grpc.internal.TransportTracer$Factory
3816:             1             24  io.netty.channel.DefaultMessageSizeEstimator
3817:             1             24  io.netty.handler.codec.http.HttpMethod$EnumNameMap
3818:             1             24  io.netty.util.concurrent.DefaultPromise$CauseHolder
3819:             1             24  io.netty.util.concurrent.GlobalEventExecutor$1
3820:             1             24  io.netty.util.concurrent.GlobalEventExecutor$TaskRunner
3821:             1             24  io.perfmark.Link
3822:             1             24  io.undertow.security.impl.CachedAuthenticatedSessionMechanism
3823:             1             24  io.undertow.server.handlers.DisableCacheHandler
3824:             1             24  io.undertow.server.handlers.HttpContinueReadHandler
3825:             1             24  io.undertow.server.protocol.ParseTimeoutUpdater$1
3826:             1             24  io.undertow.server.session.PathParameterSessionConfig
3827:             1             24  io.undertow.server.session.SecureRandomSessionIdGenerator
3828:             1             24  io.undertow.server.session.SessionListeners
3829:             1             24  io.undertow.servlet.api.LoggingExceptionHandler
3830:             1             24  io.undertow.servlet.core.ContextClassLoaderSetupAction
3831:             1             24  io.undertow.servlet.core.InMemorySessionManagerFactory
3832:             1             24  io.undertow.servlet.core.SessionListenerBridge$1
3833:             1             24  io.undertow.servlet.handlers.SendErrorPageHandler
3834:             1             24  io.undertow.servlet.handlers.ServletInitialHandler$1
3835:             1             24  io.undertow.servlet.handlers.ServletInitialHandler$2
3836:             1             24  io.undertow.servlet.handlers.security.CachedAuthenticatedSessionHandler$SecurityNotificationReceiver
3837:             1             24  io.undertow.servlet.handlers.security.CachedAuthenticatedSessionHandler$ServletAuthenticatedSessionManager
3838:             1             24  io.undertow.servlet.handlers.security.SSLInformationAssociationHandler
3839:             1             24  io.undertow.servlet.handlers.security.ServletAuthenticationCallHandler
3840:             1             24  io.undertow.servlet.spec.ServletContextImpl$1
3841:             1             24  io.undertow.servlet.spec.ServletContextImpl$2
3842:             1             24  io.undertow.servlet.spec.ServletContextImpl$3
3843:             1             24  io.undertow.servlet.spec.ServletContextImpl$4
3844:             1             24  io.undertow.servlet.spec.ServletContextImpl$5
3845:             1             24  io.undertow.servlet.util.ImmediateInstanceHandle
3846:             1             24  io.undertow.util.HeaderTokenParser
3847:             1             24  io.undertow.util.MimeMappings
3848:             1             24  java.io.UnixFileSystem (java.base@21.0.6)
3849:             1             24  java.lang.ProcessHandleImpl$$Lambda/0x00007a57083fb908 (java.base@21.0.6)
3850:             1             24  java.lang.management.DefaultPlatformMBeanProvider$1 (java.management@21.0.6)
3851:             1             24  java.lang.management.DefaultPlatformMBeanProvider$10 (java.management@21.0.6)
3852:             1             24  java.lang.management.DefaultPlatformMBeanProvider$2 (java.management@21.0.6)
3853:             1             24  java.lang.management.DefaultPlatformMBeanProvider$3 (java.management@21.0.6)
3854:             1             24  java.lang.management.DefaultPlatformMBeanProvider$5 (java.management@21.0.6)
3855:             1             24  java.lang.management.DefaultPlatformMBeanProvider$6 (java.management@21.0.6)
3856:             1             24  java.lang.management.DefaultPlatformMBeanProvider$7 (java.management@21.0.6)
3857:             1             24  java.lang.management.DefaultPlatformMBeanProvider$9 (java.management@21.0.6)
3858:             1             24  java.lang.ref.Cleaner (java.base@21.0.6)
3859:             1             24  java.net.SocketPermissionCollection (java.base@21.0.6)
3860:             1             24  java.security.AllPermission (java.base@21.0.6)
3861:             1             24  java.security.Policy$PolicyInfo (java.base@21.0.6)
3862:             1             24  java.security.Policy$UnsupportedEmptyCollection (java.base@21.0.6)
3863:             1             24  java.security.ProtectionDomain$JavaSecurityAccessImpl$1 (java.base@21.0.6)
3864:             1             24  java.text.MessageFormat$Field (java.base@21.0.6)
3865:             1             24  java.time.Clock$SystemClock (java.base@21.0.6)
3866:             1             24  java.time.Period (java.base@21.0.6)
3867:             1             24  java.time.format.DecimalStyle (java.base@21.0.6)
3868:             1             24  java.util.Comparator$$Lambda/0x00007a5708076930 (java.base@21.0.6)
3869:             1             24  java.util.EnumMap$Values (java.base@21.0.6)
3870:             1             24  java.util.IdentityHashMap$EntrySet (java.base@21.0.6)
3871:             1             24  java.util.IdentityHashMap$Values (java.base@21.0.6)
3872:             1             24  java.util.Locale$Builder (java.base@21.0.6)
3873:             1             24  java.util.PropertyPermissionCollection (java.base@21.0.6)
3874:             1             24  java.util.concurrent.CompletableFuture$AltResult (java.base@21.0.6)
3875:             1             24  java.util.concurrent.ConcurrentSkipListSet (java.base@21.0.6)
3876:             1             24  java.util.concurrent.CopyOnWriteArrayList$COWIterator (java.base@21.0.6)
3877:             1             24  java.util.logging.LogManager$VisitedLoggers (java.logging@21.0.6)
3878:             1             24  java.util.regex.CharPredicates$$Lambda/0x00007a5708573530 (java.base@21.0.6)
3879:             1             24  java.util.regex.Pattern$LastNode (java.base@21.0.6)
3880:             1             24  java.util.regex.Pattern$LookBehindEndNode (java.base@21.0.6)
3881:             1             24  java.util.regex.Pattern$Node (java.base@21.0.6)
3882:             1             24  jdk.internal.icu.impl.Norm2AllModes$ComposeNormalizer2 (java.base@21.0.6)
3883:             1             24  jdk.internal.icu.impl.Norm2AllModes$DecomposeNormalizer2 (java.base@21.0.6)
3884:             1             24  jdk.internal.icu.text.NormalizerBase$ModeImpl (java.base@21.0.6)
3885:             1             24  jdk.internal.icu.util.CodePointTrie$Data16 (java.base@21.0.6)
3886:             1             24  jdk.internal.jimage.ImageReader (java.base@21.0.6)
3887:             1             24  jdk.internal.jimage.ImageStringsReader (java.base@21.0.6)
3888:             1             24  jdk.internal.jimage.decompressor.Decompressor (java.base@21.0.6)
3889:             1             24  jdk.internal.logger.BootstrapLogger$RedirectedLoggers (java.base@21.0.6)
3890:             1             24  jdk.internal.logger.LazyLoggers$LazyLoggerFactories (java.base@21.0.6)
3891:             1             24  jdk.internal.misc.ThreadTracker (java.base@21.0.6)
3892:             1             24  jdk.internal.module.ModulePatcher (java.base@21.0.6)
3893:             1             24  jdk.internal.module.ModuleTarget (java.base@21.0.6)
3894:             1             24  jdk.internal.platform.CgroupMetrics (java.base@21.0.6)
3895:             1             24  jdk.internal.platform.cgroupv2.CgroupV2Subsystem (java.base@21.0.6)
3896:             1             24  jdk.internal.platform.cgroupv2.CgroupV2SubsystemController (java.base@21.0.6)
3897:             1             24  jdk.internal.reflect.ReflectionFactory (java.base@21.0.6)
3898:             1             24  jdk.internal.util.ReferencedKeySet (java.base@21.0.6)
3899:             1             24  jdk.proxy2.$Proxy19 (jdk.proxy2)
3900:             1             24  jdk.proxy2.$Proxy20 (jdk.proxy2)
3901:             1             24  jdk.proxy2.$Proxy30 (jdk.proxy2)
3902:             1             24  jdk.proxy2.$Proxy31 (jdk.proxy2)
3903:             1             24  jdk.proxy2.$Proxy33 (jdk.proxy2)
3904:             1             24  jdk.proxy2.$Proxy35 (jdk.proxy2)
3905:             1             24  jdk.proxy2.$Proxy38 (jdk.proxy2)
3906:             1             24  jdk.proxy2.$Proxy39 (jdk.proxy2)
3907:             1             24  jdk.proxy2.$Proxy40 (jdk.proxy2)
3908:             1             24  jdk.proxy2.$Proxy42 (jdk.proxy2)
3909:             1             24  jdk.proxy2.$Proxy43 (jdk.proxy2)
3910:             1             24  jdk.proxy2.$Proxy44 (jdk.proxy2)
3911:             1             24  jdk.proxy2.$Proxy45 (jdk.proxy2)
3912:             1             24  jdk.proxy2.$Proxy46 (jdk.proxy2)
3913:             1             24  jdk.proxy2.$Proxy54 (jdk.proxy2)
3914:             1             24  jdk.proxy2.$Proxy56 (jdk.proxy2)
3915:             1             24  jdk.proxy2.$Proxy60 (jdk.proxy2)
3916:             1             24  jdk.proxy2.$Proxy61 (jdk.proxy2)
3917:             1             24  jdk.proxy2.$Proxy62 (jdk.proxy2)
3918:             1             24  jdk.proxy2.$Proxy67 (jdk.proxy2)
3919:             1             24  jdk.proxy2.$Proxy69 (jdk.proxy2)
3920:             1             24  jdk.proxy2.$Proxy70 (jdk.proxy2)
3921:             1             24  jdk.proxy2.$Proxy71 (jdk.proxy2)
3922:             1             24  jdk.proxy2.$Proxy72 (jdk.proxy2)
3923:             1             24  kotlin.ranges.IntRange
3924:             1             24  kotlin.reflect.jvm.internal.KPackageImpl$$Lambda$0
3925:             1             24  kotlin.reflect.jvm.internal.impl.builtins.KotlinBuiltIns$1
3926:             1             24  kotlin.reflect.jvm.internal.impl.builtins.KotlinBuiltIns$2
3927:             1             24  kotlin.reflect.jvm.internal.impl.builtins.KotlinBuiltIns$3
3928:             1             24  kotlin.reflect.jvm.internal.impl.descriptors.DescriptorVisibilities$1
3929:             1             24  kotlin.reflect.jvm.internal.impl.descriptors.DescriptorVisibilities$2
3930:             1             24  kotlin.reflect.jvm.internal.impl.descriptors.DescriptorVisibilities$3
3931:             1             24  kotlin.reflect.jvm.internal.impl.descriptors.DescriptorVisibilities$4
3932:             1             24  kotlin.reflect.jvm.internal.impl.descriptors.DescriptorVisibilities$5
3933:             1             24  kotlin.reflect.jvm.internal.impl.descriptors.DescriptorVisibilities$6
3934:             1             24  kotlin.reflect.jvm.internal.impl.descriptors.DescriptorVisibilities$7
3935:             1             24  kotlin.reflect.jvm.internal.impl.descriptors.DescriptorVisibilities$8
3936:             1             24  kotlin.reflect.jvm.internal.impl.descriptors.DescriptorVisibilities$9
3937:             1             24  kotlin.reflect.jvm.internal.impl.descriptors.NotFoundClasses$$Lambda$0
3938:             1             24  kotlin.reflect.jvm.internal.impl.descriptors.NotFoundClasses$$Lambda$1
3939:             1             24  kotlin.reflect.jvm.internal.impl.descriptors.PackageFragmentProviderImpl
3940:             1             24  kotlin.reflect.jvm.internal.impl.descriptors.Visibilities$Inherited
3941:             1             24  kotlin.reflect.jvm.internal.impl.descriptors.Visibilities$Internal
3942:             1             24  kotlin.reflect.jvm.internal.impl.descriptors.Visibilities$InvisibleFake
3943:             1             24  kotlin.reflect.jvm.internal.impl.descriptors.Visibilities$Local
3944:             1             24  kotlin.reflect.jvm.internal.impl.descriptors.Visibilities$Private
3945:             1             24  kotlin.reflect.jvm.internal.impl.descriptors.Visibilities$PrivateToThis
3946:             1             24  kotlin.reflect.jvm.internal.impl.descriptors.Visibilities$Protected
3947:             1             24  kotlin.reflect.jvm.internal.impl.descriptors.Visibilities$Public
3948:             1             24  kotlin.reflect.jvm.internal.impl.descriptors.Visibilities$Unknown
3949:             1             24  kotlin.reflect.jvm.internal.impl.descriptors.impl.LazyPackageViewDescriptorImpl$$Lambda$0
3950:             1             24  kotlin.reflect.jvm.internal.impl.descriptors.impl.LazyPackageViewDescriptorImpl$$Lambda$1
3951:             1             24  kotlin.reflect.jvm.internal.impl.descriptors.impl.LazyPackageViewDescriptorImpl$$Lambda$2
3952:             1             24  kotlin.reflect.jvm.internal.impl.descriptors.impl.ModuleDescriptorImpl$$Lambda$0
3953:             1             24  kotlin.reflect.jvm.internal.impl.descriptors.java.JavaVisibilities$PackageVisibility
3954:             1             24  kotlin.reflect.jvm.internal.impl.descriptors.java.JavaVisibilities$ProtectedAndPackage
3955:             1             24  kotlin.reflect.jvm.internal.impl.descriptors.java.JavaVisibilities$ProtectedStaticVisibility
3956:             1             24  kotlin.reflect.jvm.internal.impl.load.java.JavaDescriptorVisibilities$1
3957:             1             24  kotlin.reflect.jvm.internal.impl.load.java.JavaDescriptorVisibilities$2
3958:             1             24  kotlin.reflect.jvm.internal.impl.load.java.JavaDescriptorVisibilities$3
3959:             1             24  kotlin.reflect.jvm.internal.impl.load.java.Jsr305Settings$$Lambda$0
3960:             1             24  kotlin.reflect.jvm.internal.impl.metadata.deserialization.VersionRequirementTable
3961:             1             24  kotlin.reflect.jvm.internal.impl.resolve.jvm.CompositeSyntheticJavaPartsProvider
3962:             1             24  kotlin.reflect.jvm.internal.impl.serialization.deserialization.ClassDeserializer$$Lambda$0
3963:             1             24  kotlin.reflect.jvm.internal.impl.serialization.deserialization.DeserializedClassDataFinder
3964:             1             24  kotlin.reflect.jvm.internal.impl.serialization.deserialization.builtins.BuiltInsLoaderImpl
3965:             1             24  kotlin.reflect.jvm.internal.impl.types.NullableSimpleType
3966:             1             24  kotlin.reflect.jvm.internal.impl.types.TypeAttributes
3967:             1             24  kotlin.reflect.jvm.internal.impl.types.error.ErrorPropertyDescriptor
3968:             1             24  kotlin.reflect.jvm.internal.impl.util.MemberKindCheck$Member
3969:             1             24  kotlin.reflect.jvm.internal.impl.util.MemberKindCheck$MemberOrExtension
3970:             1             24  kotlin.reflect.jvm.internal.impl.util.ValueParameterCountCheck$Equals
3971:             1             24  kotlin.reflect.jvm.internal.impl.util.ValueParameterCountCheck$NoValueParameters
3972:             1             24  kotlin.reflect.jvm.internal.impl.util.ValueParameterCountCheck$SingleValueParameter
3973:             1             24  kotlinx.coroutines.Unconfined
3974:             1             24  kotlinx.coroutines.internal.ResizableAtomicArray
3975:             1             24  net.engio.mbassy.bus.AbstractSyncAsyncMessageBus$1
3976:             1             24  net.engio.mbassy.bus.config.Feature$AsynchronousHandlerInvocation$1
3977:             1             24  net.engio.mbassy.bus.config.Feature$AsynchronousMessageDispatch$1
3978:             1             24  net.engio.mbassy.listener.MetadataReader
3979:             1             24  org.apache.commons.collections4.queue.UnmodifiableQueue
3980:             1             24  org.bouncycastle.asn1.DLSequence
3981:             1             24  org.bouncycastle.crypto.CryptoServicesRegistrar$ThreadLocalSecureRandomProvider
3982:             1             24  org.bouncycastle.jcajce.provider.asymmetric.EXTERNAL$ExternalKeyInfoConverter
3983:             1             24  org.bouncycastle.jcajce.provider.drbg.EntropyDaemon
3984:             1             24  org.bouncycastle.jcajce.util.ProviderJcaJceHelper
3985:             1             24  org.glassfish.hk2.utilities.reflection.Logger
3986:             1             24  org.glassfish.hk2.utilities.reflection.internal.ClassReflectionHelperImpl$1
3987:             1             24  org.glassfish.hk2.utilities.reflection.internal.ClassReflectionHelperImpl$2
3988:             1             24  org.glassfish.hk2.utilities.reflection.internal.ClassReflectionHelperImpl$3
3989:             1             24  org.glassfish.hk2.utilities.reflection.internal.ClassReflectionHelperImpl$4
3990:             1             24  org.glassfish.jersey.inject.hk2.AbstractHk2InjectionManager$$Lambda/0x00007a5708866a28
3991:             1             24  org.glassfish.jersey.inject.hk2.ContextInjectionResolverImpl$$Lambda/0x00007a570869e390
3992:             1             24  org.glassfish.jersey.inject.hk2.ContextInjectionResolverImpl$$Lambda/0x00007a570869e810
3993:             1             24  org.glassfish.jersey.inject.hk2.ContextInjectionResolverImpl$3
3994:             1             24  org.glassfish.jersey.inject.hk2.Hk2RequestScope
3995:             1             24  org.glassfish.jersey.inject.hk2.ImmediateHk2InjectionManager
3996:             1             24  org.glassfish.jersey.inject.hk2.JerseyClassAnalyzer$$Lambda/0x00007a57086989b0
3997:             1             24  org.glassfish.jersey.inject.hk2.JerseyClassAnalyzer$Binder$$Lambda/0x00007a5708698560
3998:             1             24  org.glassfish.jersey.inject.hk2.RequestContext
3999:             1             24  org.glassfish.jersey.internal.ExceptionMapperFactory
4000:             1             24  org.glassfish.jersey.internal.config.SystemPropertiesConfigurationProvider
4001:             1             24  org.glassfish.jersey.internal.inject.ParamConverterFactory
4002:             1             24  org.glassfish.jersey.internal.inject.ParamConverters$AggregatedProvider
4003:             1             24  org.glassfish.jersey.internal.inject.ParamConverters$OptionalCustomProvider
4004:             1             24  org.glassfish.jersey.jackson.JacksonFeature
4005:             1             24  org.glassfish.jersey.media.multipart.internal.MultiPartWriter
4006:             1             24  org.glassfish.jersey.message.internal.FormMultivaluedMapProvider
4007:             1             24  org.glassfish.jersey.message.internal.SourceProvider$DomSourceReader
4008:             1             24  org.glassfish.jersey.message.internal.SourceProvider$SaxSourceReader
4009:             1             24  org.glassfish.jersey.model.Parameter$ParameterService$1
4010:             1             24  org.glassfish.jersey.model.Parameter$ParameterService$10
4011:             1             24  org.glassfish.jersey.model.Parameter$ParameterService$2
4012:             1             24  org.glassfish.jersey.model.Parameter$ParameterService$3
4013:             1             24  org.glassfish.jersey.model.Parameter$ParameterService$4
4014:             1             24  org.glassfish.jersey.model.Parameter$ParameterService$5
4015:             1             24  org.glassfish.jersey.model.Parameter$ParameterService$6
4016:             1             24  org.glassfish.jersey.model.Parameter$ParameterService$7
4017:             1             24  org.glassfish.jersey.model.Parameter$ParameterService$8
4018:             1             24  org.glassfish.jersey.model.Parameter$ParameterService$9
4019:             1             24  org.glassfish.jersey.model.internal.CommonConfig$$Lambda/0x00007a57086668e8
4020:             1             24  org.glassfish.jersey.model.internal.ComponentBag$$Lambda/0x00007a5708667cb8
4021:             1             24  org.glassfish.jersey.model.internal.RankedComparator
4022:             1             24  org.glassfish.jersey.process.JerseyProcessingUncaughtExceptionHandler
4023:             1             24  org.glassfish.jersey.process.internal.AbstractExecutorProvidersConfigurator$$Lambda/0x00007a5708746558
4024:             1             24  org.glassfish.jersey.process.internal.AbstractExecutorProvidersConfigurator$$Lambda/0x00007a5708746790
4025:             1             24  org.glassfish.jersey.process.internal.ExecutorProviders$ExecutorServiceSupplier
4026:             1             24  org.glassfish.jersey.process.internal.ExecutorProviders$ScheduledExecutorServiceSupplier
4027:             1             24  org.glassfish.jersey.process.internal.Stages$1
4028:             1             24  org.glassfish.jersey.server.ApplicationHandler$$Lambda/0x00007a570875fda0
4029:             1             24  org.glassfish.jersey.server.ComponentProviderConfigurator$$Lambda/0x00007a57086bc7c8
4030:             1             24  org.glassfish.jersey.server.JerseyResourceContextConfigurator$$Lambda/0x00007a57086bbcd8
4031:             1             24  org.glassfish.jersey.server.JerseyResourceContextConfigurator$$Lambda/0x00007a57086bbf00
4032:             1             24  org.glassfish.jersey.server.JerseyResourceContextConfigurator$$Lambda/0x00007a57086bc138
4033:             1             24  org.glassfish.jersey.server.ModelProcessorConfigurator$$Lambda/0x00007a570873deb8
4034:             1             24  org.glassfish.jersey.server.ServerRuntime$$Lambda/0x00007a5708760650
4035:             1             24  org.glassfish.jersey.server.internal.JsonWithPaddingInterceptor
4036:             1             24  org.glassfish.jersey.server.internal.inject.AsyncResponseValueParamProvider
4037:             1             24  org.glassfish.jersey.server.internal.inject.DelegatedInjectionValueParamProvider$$Lambda/0x00007a57086baf70
4038:             1             24  org.glassfish.jersey.server.internal.inject.FormParamValueParamProvider$MultipartFormParamValueProvider$$Lambda/0x00007a57086b8e78
4039:             1             24  org.glassfish.jersey.server.internal.inject.HeaderParamValueParamProvider$HeaderParamValueProvider
4040:             1             24  org.glassfish.jersey.server.internal.inject.MultivaluedParameterExtractorFactory
4041:             1             24  org.glassfish.jersey.server.internal.inject.ParamExtractorConfigurator$$Lambda/0x00007a57086af780
4042:             1             24  org.glassfish.jersey.server.internal.inject.PathParamValueParamProvider$PathParamValueProvider
4043:             1             24  org.glassfish.jersey.server.internal.inject.QueryParamValueParamProvider$QueryParamValueProvider
4044:             1             24  org.glassfish.jersey.server.internal.inject.ValueParamProviderConfigurator$$Lambda/0x00007a57086b01f0
4045:             1             24  org.glassfish.jersey.server.internal.inject.ValueParamProviderConfigurator$$Lambda/0x00007a57086b0408
4046:             1             24  org.glassfish.jersey.server.internal.inject.ValueParamProviderConfigurator$$Lambda/0x00007a57086b0638
4047:             1             24  org.glassfish.jersey.server.internal.inject.ValueParamProviderConfigurator$$Lambda/0x00007a57086b0850
4048:             1             24  org.glassfish.jersey.server.internal.inject.ValueParamProviderConfigurator$$Lambda/0x00007a57086b9dc8
4049:             1             24  org.glassfish.jersey.server.internal.inject.ValueParamProviderConfigurator$$Lambda/0x00007a57086bad38
4050:             1             24  org.glassfish.jersey.server.internal.inject.ValueParamProviderConfigurator$$Lambda/0x00007a57086bb630
4051:             1             24  org.glassfish.jersey.server.internal.routing.MatchResultInitializerRouter
4052:             1             24  org.glassfish.jersey.server.model.Parameter$ServerParameterService$1
4053:             1             24  org.glassfish.jersey.server.model.Parameter$ServerParameterService$2
4054:             1             24  org.glassfish.jersey.server.model.ResourceModel$1
4055:             1             24  org.glassfish.jersey.server.model.RuntimeResourceModel
4056:             1             24  org.glassfish.jersey.server.model.internal.JavaResourceMethodDispatcherProvider
4057:             1             24  org.glassfish.jersey.server.model.internal.ResourceMethodDispatcherFactory
4058:             1             24  org.glassfish.jersey.server.model.internal.ResourceMethodInvocationHandlerFactory
4059:             1             24  org.glassfish.jersey.server.model.internal.ResourceMethodInvocationHandlerFactory$$Lambda/0x00007a570874e210
4060:             1             24  org.glassfish.jersey.server.model.internal.ResourceMethodInvokerConfigurator$$Lambda/0x00007a570874e820
4061:             1             24  org.glassfish.jersey.server.model.internal.VoidVoidDispatcherProvider
4062:             1             24  org.glassfish.jersey.server.wadl.internal.generators.WadlGeneratorJAXBGrammarGenerator$1
4063:             1             24  org.glassfish.jersey.server.wadl.processor.OptionsMethodProcessor
4064:             1             24  org.glassfish.jersey.servlet.WebComponent$WebComponentBinder$$Lambda/0x00007a57086a2000
4065:             1             24  org.glassfish.jersey.servlet.WebComponent$WebComponentBinder$$Lambda/0x00007a57086a75e8
4066:             1             24  org.glassfish.jersey.servlet.WebComponent$WebComponentBinder$$Lambda/0x00007a57086a7c20
4067:             1             24  org.glassfish.jersey.servlet.WebServletConfig
4068:             1             24  org.jboss.logging.Slf4jLoggerProvider
4069:             1             24  org.jboss.threads.EnhancedQueueExecutor$MXBeanImpl
4070:             1             24  org.jboss.threads.EnhancedQueueExecutor$TreeSetQueue
4071:             1             24  org.jboss.threads.LoggingUncaughtExceptionHandler
4072:             1             24  org.jboss.threads.RejectingExecutor
4073:             1             24  org.jvnet.hk2.internal.DefaultClassAnalyzer
4074:             1             24  org.jvnet.hk2.internal.InstantiationServiceImpl
4075:             1             24  org.jvnet.hk2.internal.ServiceHandleComparator
4076:             1             24  org.jvnet.hk2.internal.ServiceLocatorImpl$10
4077:             1             24  org.jvnet.hk2.internal.ServiceLocatorImpl$3
4078:             1             24  org.jvnet.hk2.internal.ServiceLocatorImpl$4
4079:             1             24  org.jvnet.hk2.internal.ServiceLocatorImpl$8
4080:             1             24  org.jvnet.hk2.internal.ServiceLocatorRuntimeImpl
4081:             1             24  org.jvnet.hk2.internal.SingletonContext$1
4082:             1             24  org.jvnet.hk2.internal.SingletonContext$2
4083:             1             24  org.jvnet.hk2.internal.ThreeThirtyResolver
4084:             1             24  org.reflections.util.FilterBuilder
4085:             1             24  org.reflections.util.FilterBuilder$Exclude
4086:             1             24  org.slf4j.helpers.BasicMDCAdapter$1
4087:             1             24  org.wildfly.common.net.CidrAddressTable
4088:             1             24  org.xnio.IoUtils$1
4089:             1             24  org.xnio.IoUtils$2
4090:             1             24  org.xnio.IoUtils$3
4091:             1             24  org.xnio.LocalSocketAddress
4092:             1             24  org.xnio.XnioWorker$1
4093:             1             24  org.xnio.XnioWorker$EnhancedQueueExecutorTaskPool
4094:             1             24  org.xnio.conduits.ReadReadyHandler$ChannelListenerHandler
4095:             1             24  org.xnio.conduits.WriteReadyHandler$ChannelListenerHandler
4096:             1             24  org.xnio.nio.NioXnio$3
4097:             1             24  org.xnio.nio.NioXnio$4
4098:             1             24  org.xnio.nio.NioXnio$DefaultSelectorCreator
4099:             1             24  org.yaml.snakeyaml.external.com.google.gdata.util.common.base.PercentEscaper
4100:             1             24  sun.management.ClassLoadingImpl (java.management@21.0.6)
4101:             1             24  sun.nio.ch.IOVecWrapper$Deallocator (java.base@21.0.6)
4102:             1             24  sun.nio.ch.NioSocketImpl$$Lambda/0x00007a57083e1f30 (java.base@21.0.6)
4103:             1             24  sun.nio.ch.NioSocketImpl$1 (java.base@21.0.6)
4104:             1             24  sun.nio.ch.NioSocketImpl$2 (java.base@21.0.6)
4105:             1             24  sun.nio.fs.LinuxFileSystemProvider (java.base@21.0.6)
4106:             1             24  sun.reflect.annotation.TypeAnnotation$LocationInfo (java.base@21.0.6)
4107:             1             24  sun.reflect.generics.tree.ArrayTypeSignature (java.base@21.0.6)
4108:             1             24  sun.security.jca.ProviderConfig$ProviderLoader (java.base@21.0.6)
4109:             1             24  sun.security.provider.AbstractDrbg$SeederHolder$$Lambda/0x00007a57083d7900 (java.base@21.0.6)
4110:             1             24  sun.security.util.DisabledAlgorithmConstraints$Constraints (java.base@21.0.6)
4111:             1             24  sun.util.calendar.Gregorian (java.base@21.0.6)
4112:             1             16  [Lch.qos.logback.classic.spi.StackTraceElementProxy;
4113:             1             16  [Lch.qos.logback.classic.spi.ThrowableProxy;
4114:             1             16  [Lcom.fasterxml.jackson.databind.AbstractTypeResolver;
4115:             1             16  [Lcom.fasterxml.jackson.databind.deser.BeanDeserializerModifier;
4116:             1             16  [Lcom.fasterxml.jackson.databind.ser.BeanSerializerModifier;
4117:             1             16  [Lcom.fasterxml.jackson.databind.util.ClassUtil$Ctor;
4118:             1             16  [Lcom.google.inject.internal.util.StackTraceElements$InMemoryStackTraceElement;
4119:             1             16  [Lcom.google.inject.spi.ProvisionListener;
4120:             1             16  [Lio.grpc.StreamTracer;
4121:             1             16  [Lio.netty.util.DefaultAttributeMap$DefaultAttribute;
4122:             1             16  [Lio.undertow.servlet.core.ManagedListener;
4123:             1             16  [Ljava.io.File; (java.base@21.0.6)
4124:             1             16  [Ljava.lang.Boolean; (java.base@21.0.6)
4125:             1             16  [Ljava.lang.Double; (java.base@21.0.6)
4126:             1             16  [Ljava.lang.Float; (java.base@21.0.6)
4127:             1             16  [Ljava.lang.Thread; (java.base@21.0.6)
4128:             1             16  [Ljava.lang.management.LockInfo; (java.management@21.0.6)
4129:             1             16  [Ljava.lang.management.MonitorInfo; (java.management@21.0.6)
4130:             1             16  [Ljava.lang.reflect.AnnotatedType; (java.base@21.0.6)
4131:             1             16  [Ljava.nio.file.attribute.FileAttribute; (java.base@21.0.6)
4132:             1             16  [Ljava.security.Provider; (java.base@21.0.6)
4133:             1             16  [Ljava.security.cert.X509Certificate; (java.base@21.0.6)
4134:             1             16  [Ljava.text.FieldPosition; (java.base@21.0.6)
4135:             1             16  [Ljava.time.LocalDateTime; (java.base@21.0.6)
4136:             1             16  [Ljava.time.zone.ZoneOffsetTransitionRule; (java.base@21.0.6)
4137:             1             16  [Ljava.util.logging.Handler; (java.logging@21.0.6)
4138:             1             16  [Ljavax.security.cert.X509Certificate; (java.base@21.0.6)
4139:             1             16  [Lnet.engio.mbassy.listener.Filter;
4140:             1             16  [Lorg.bouncycastle.asn1.ASN1Encodable;
4141:             1             16  [Lorg.bouncycastle.math.ec.ECFieldElement;
4142:             1             16  [Lorg.bouncycastle.math.ec.ECPoint;
4143:             1             16  [Lorg.jboss.threads.EnhancedQueueExecutor$AbstractScheduledFuture;
4144:             1             16  [Lorg.wildfly.common.net.CidrAddressTable$Mapping;
4145:             1             16  [Lsun.reflect.annotation.TypeAnnotation$LocationInfo$Location; (java.base@21.0.6)
4146:             1             16  ch.qos.logback.classic.PatternLayout$$Lambda/0x00007a5708089ec0
4147:             1             16  ch.qos.logback.classic.PatternLayout$$Lambda/0x00007a570808a0d0
4148:             1             16  ch.qos.logback.classic.PatternLayout$$Lambda/0x00007a570808a5f0
4149:             1             16  ch.qos.logback.classic.PatternLayout$$Lambda/0x00007a570808a800
4150:             1             16  ch.qos.logback.classic.PatternLayout$$Lambda/0x00007a570808ad28
4151:             1             16  ch.qos.logback.classic.PatternLayout$$Lambda/0x00007a570808af38
4152:             1             16  ch.qos.logback.classic.PatternLayout$$Lambda/0x00007a570808b458
4153:             1             16  ch.qos.logback.classic.PatternLayout$$Lambda/0x00007a570808b668
4154:             1             16  ch.qos.logback.classic.PatternLayout$$Lambda/0x00007a570808b878
4155:             1             16  ch.qos.logback.classic.PatternLayout$$Lambda/0x00007a570808bd98
4156:             1             16  ch.qos.logback.classic.PatternLayout$$Lambda/0x00007a570808bfa8
4157:             1             16  ch.qos.logback.classic.PatternLayout$$Lambda/0x00007a570808ca08
4158:             1             16  ch.qos.logback.classic.PatternLayout$$Lambda/0x00007a570808cc18
4159:             1             16  ch.qos.logback.classic.PatternLayout$$Lambda/0x00007a570808ce28
4160:             1             16  ch.qos.logback.classic.PatternLayout$$Lambda/0x00007a570808d348
4161:             1             16  ch.qos.logback.classic.PatternLayout$$Lambda/0x00007a570808d558
4162:             1             16  ch.qos.logback.classic.PatternLayout$$Lambda/0x00007a570808d768
4163:             1             16  ch.qos.logback.classic.PatternLayout$$Lambda/0x00007a570808dca8
4164:             1             16  ch.qos.logback.classic.PatternLayout$$Lambda/0x00007a570808deb8
4165:             1             16  ch.qos.logback.classic.PatternLayout$$Lambda/0x00007a570808e3d8
4166:             1             16  ch.qos.logback.classic.PatternLayout$$Lambda/0x00007a570808e5e8
4167:             1             16  ch.qos.logback.classic.PatternLayout$$Lambda/0x00007a570808eb08
4168:             1             16  ch.qos.logback.classic.PatternLayout$$Lambda/0x00007a570808ed18
4169:             1             16  ch.qos.logback.classic.PatternLayout$$Lambda/0x00007a570808f238
4170:             1             16  ch.qos.logback.classic.PatternLayout$$Lambda/0x00007a570808f448
4171:             1             16  ch.qos.logback.classic.PatternLayout$$Lambda/0x00007a570808f970
4172:             1             16  ch.qos.logback.classic.PatternLayout$$Lambda/0x00007a570808fb80
4173:             1             16  ch.qos.logback.classic.PatternLayout$$Lambda/0x00007a570808fd90
4174:             1             16  ch.qos.logback.classic.PatternLayout$$Lambda/0x00007a5708090000
4175:             1             16  ch.qos.logback.classic.PatternLayout$$Lambda/0x00007a5708090898
4176:             1             16  ch.qos.logback.classic.PatternLayout$$Lambda/0x00007a5708090aa8
4177:             1             16  ch.qos.logback.classic.PatternLayout$$Lambda/0x00007a5708090cb8
4178:             1             16  ch.qos.logback.classic.PatternLayout$$Lambda/0x00007a5708090ec8
4179:             1             16  ch.qos.logback.classic.PatternLayout$$Lambda/0x00007a57080910d8
4180:             1             16  ch.qos.logback.classic.PatternLayout$$Lambda/0x00007a57080912e8
4181:             1             16  ch.qos.logback.classic.PatternLayout$$Lambda/0x00007a5708091810
4182:             1             16  ch.qos.logback.classic.PatternLayout$$Lambda/0x00007a5708091a20
4183:             1             16  ch.qos.logback.classic.PatternLayout$$Lambda/0x00007a5708091f40
4184:             1             16  ch.qos.logback.classic.PatternLayout$$Lambda/0x00007a5708092150
4185:             1             16  ch.qos.logback.classic.PatternLayout$$Lambda/0x00007a5708092688
4186:             1             16  ch.qos.logback.classic.PatternLayout$$Lambda/0x00007a5708092ba8
4187:             1             16  ch.qos.logback.classic.PatternLayout$$Lambda/0x00007a57080930c8
4188:             1             16  ch.qos.logback.classic.PatternLayout$$Lambda/0x00007a57080935f0
4189:             1             16  ch.qos.logback.classic.PatternLayout$$Lambda/0x00007a5708093b08
4190:             1             16  ch.qos.logback.classic.PatternLayout$$Lambda/0x00007a5708094028
4191:             1             16  ch.qos.logback.classic.PatternLayout$$Lambda/0x00007a5708094888
4192:             1             16  ch.qos.logback.classic.PatternLayout$$Lambda/0x00007a5708094dc0
4193:             1             16  ch.qos.logback.classic.PatternLayout$$Lambda/0x00007a57080952f8
4194:             1             16  ch.qos.logback.classic.PatternLayout$$Lambda/0x00007a5708095830
4195:             1             16  ch.qos.logback.classic.PatternLayout$$Lambda/0x00007a5708095d68
4196:             1             16  ch.qos.logback.classic.PatternLayout$$Lambda/0x00007a57080962a0
4197:             1             16  ch.qos.logback.classic.PatternLayout$$Lambda/0x00007a57080967d8
4198:             1             16  ch.qos.logback.classic.PatternLayout$$Lambda/0x00007a5708096d10
4199:             1             16  ch.qos.logback.classic.PatternLayout$$Lambda/0x00007a5708097248
4200:             1             16  ch.qos.logback.classic.PatternLayout$$Lambda/0x00007a5708097780
4201:             1             16  ch.qos.logback.classic.PatternLayout$$Lambda/0x00007a5708097cb8
4202:             1             16  ch.qos.logback.classic.PatternLayout$$Lambda/0x00007a5708098328
4203:             1             16  ch.qos.logback.classic.PatternLayout$$Lambda/0x00007a5708098860
4204:             1             16  ch.qos.logback.classic.PatternLayout$$Lambda/0x00007a5708098d98
4205:             1             16  ch.qos.logback.classic.PatternLayout$$Lambda/0x00007a57080992d0
4206:             1             16  ch.qos.logback.classic.PatternLayout$$Lambda/0x00007a5708099808
4207:             1             16  ch.qos.logback.classic.PatternLayout$$Lambda/0x00007a5708099d48
4208:             1             16  ch.qos.logback.classic.PatternLayout$$Lambda/0x00007a570809a268
4209:             1             16  ch.qos.logback.classic.PatternLayout$$Lambda/0x00007a570809a788
4210:             1             16  ch.qos.logback.classic.PatternLayout$$Lambda/0x00007a570809a998
4211:             1             16  ch.qos.logback.classic.PatternLayout$$Lambda/0x00007a570809aed8
4212:             1             16  ch.qos.logback.core.joran.spi.ConsoleTarget$1
4213:             1             16  ch.qos.logback.core.joran.spi.ConsoleTarget$2
4214:             1             16  ch.qos.logback.core.pattern.parser.Parser$$Lambda/0x00007a5708089470
4215:             1             16  ch.qos.logback.core.pattern.parser.Parser$$Lambda/0x00007a57080899a0
4216:             1             16  com.aerospike.client.Value$InfinityValue
4217:             1             16  com.aerospike.client.Value$NullValue
4218:             1             16  com.aerospike.client.Value$WildcardValue
4219:             1             16  com.aerospike.client.policy.InfoPolicy
4220:             1             16  com.aerospike.connect.feature.FeatureKey$Companion
4221:             1             16  com.aerospike.connect.io.FilePathResolver$$FastClassByGuice$$8ae8b
4222:             1             16  com.aerospike.connect.io.FilePathResolver$Companion
4223:             1             16  com.aerospike.connect.logging.AboutConnector
4224:             1             16  com.aerospike.connect.logging.LogFormat$Companion
4225:             1             16  com.aerospike.connect.logging.LogLevelExtensions
4226:             1             16  com.aerospike.connect.logging.LoggingConfig$Companion
4227:             1             16  com.aerospike.connect.logging.inject.LoggingGuiceModule$$FastClassByGuice$$1e0fbb
4228:             1             16  com.aerospike.connect.metrics.AerospikeMetricFilter
4229:             1             16  com.aerospike.connect.metrics.AerospikeMetricRegistry$$Lambda/0x00007a57088b8270
4230:             1             16  com.aerospike.connect.metrics.AerospikeMetricRegistry$$Lambda/0x00007a57088be958
4231:             1             16  com.aerospike.connect.metrics.AerospikeMetricRegistry$Companion
4232:             1             16  com.aerospike.connect.metrics.ConnectionMetric$$FastClassByGuice$$47e3679
4233:             1             16  com.aerospike.connect.metrics.ErrorRegistry$$FastClassByGuice$$717704
4234:             1             16  com.aerospike.connect.metrics.ErrorRegistry$Companion
4235:             1             16  com.aerospike.connect.metrics.ErrorRegistry$Companion$log$1
4236:             1             16  com.aerospike.connect.metrics.GarbageCollectorMetricSet$Companion
4237:             1             16  com.aerospike.connect.metrics.OperatingSystemGaugeSet$Companion
4238:             1             16  com.aerospike.connect.metrics.ThreadStatesGaugeSet$Companion
4239:             1             16  com.aerospike.connect.metrics.Ticker$$FastClassByGuice$$5cb0719
4240:             1             16  com.aerospike.connect.metrics.Ticker$1$1
4241:             1             16  com.aerospike.connect.metrics.Ticker$Companion
4242:             1             16  com.aerospike.connect.metrics.Ticker$putMetrics$1$1
4243:             1             16  com.aerospike.connect.metrics.Ticker$report$2
4244:             1             16  com.aerospike.connect.metrics.Ticker$report$3$1
4245:             1             16  com.aerospike.connect.metrics.Ticker$reportMetrics$1$1
4246:             1             16  com.aerospike.connect.metrics.TickerPriority$Companion
4247:             1             16  com.aerospike.connect.metrics.inject.MetricsGuiceModule$Companion
4248:             1             16  com.aerospike.connect.metrics.manage.app.ManageApplication$Companion
4249:             1             16  com.aerospike.connect.metrics.manage.app.ManageExceptionMapper
4250:             1             16  com.aerospike.connect.metrics.manage.app.ManageExceptionMapper$$Lambda/0x00007a57088cae90
4251:             1             16  com.aerospike.connect.metrics.manage.app.ManageExceptionMapper$Companion
4252:             1             16  com.aerospike.connect.metrics.manage.app.ManageJacksonFeature
4253:             1             16  com.aerospike.connect.metrics.manage.app.ManageJacksonFeature$Companion
4254:             1             16  com.aerospike.connect.metrics.manage.app.ManageServiceLister
4255:             1             16  com.aerospike.connect.metrics.manage.app.ManageServiceLister$$Lambda/0x00007a57085fa118
4256:             1             16  com.aerospike.connect.metrics.manage.app.ManageServiceLister$$Lambda/0x00007a57085fa328
4257:             1             16  com.aerospike.connect.metrics.manage.app.ManageServiceLister$$Lambda/0x00007a5708637270
4258:             1             16  com.aerospike.connect.metrics.manage.server.Binding
4259:             1             16  com.aerospike.connect.metrics.manage.server.ManageServer$$FastClassByGuice$$74edbbd
4260:             1             16  com.aerospike.connect.metrics.manage.server.ManageServer$$Lambda/0x00007a57085fbb58
4261:             1             16  com.aerospike.connect.metrics.manage.server.ManageServer$$Lambda/0x00007a57085fbf80
4262:             1             16  com.aerospike.connect.metrics.manage.server.ManageServer$Companion
4263:             1             16  com.aerospike.connect.metrics.manage.service.AboutServerWebService$$FastClassByGuice$$762e453
4264:             1             16  com.aerospike.connect.metrics.manage.service.LoggingWebService$$FastClassByGuice$$79021c1
4265:             1             16  com.aerospike.connect.metrics.manage.service.MetricsWebService$$FastClassByGuice$$75f86d6
4266:             1             16  com.aerospike.connect.metrics.manage.service.PrometheusExports$Companion
4267:             1             16  com.aerospike.connect.metrics.manage.service.PrometheusMetricsWebService$$FastClassByGuice$$786da3d
4268:             1             16  com.aerospike.connect.serde.SerdeGuiceModule$Companion
4269:             1             16  com.aerospike.connect.tls.TlsContextLoader$$FastClassByGuice$$c222ae
4270:             1             16  com.aerospike.connect.tls.TlsContextLoader$Companion
4271:             1             16  com.aerospike.connect.tls.inject.TlsGuiceModule$$Lambda/0x00007a570833f078
4272:             1             16  com.aerospike.connect.tls.inject.TlsGuiceModule$$Lambda/0x00007a57083b2550
4273:             1             16  com.aerospike.connect.tls.inject.TlsGuiceModule$Companion
4274:             1             16  com.aerospike.connect.tls.pem.BouncyCastlePemParser
4275:             1             16  com.aerospike.connect.tls.pem.BouncyCastlePemParser$$Lambda/0x00007a5708386d30
4276:             1             16  com.aerospike.connect.tls.pem.BouncyCastlePemParser$$Lambda/0x00007a57083b2340
4277:             1             16  com.aerospike.connect.tls.pem.BouncyCastlePemParser$Companion
4278:             1             16  com.aerospike.connect.tls.reload.SSLContextFactory$$FastClassByGuice$$7390cc1
4279:             1             16  com.aerospike.connect.tls.reload.SSLContextFactory$$Lambda/0x00007a57085fb948
4280:             1             16  com.aerospike.connect.tls.reload.SSLContextFactory$Companion
4281:             1             16  com.aerospike.flow.CancellableFlow$$Lambda/0x00007a57084de578
4282:             1             16  com.aerospike.flow.CancellableFlow$Companion
4283:             1             16  com.aerospike.flow.CancellableFlow$job$1$1$$Lambda/0x00007a57088c2dc0
4284:             1             16  com.aerospike.vector.SerializedAerospikeStorageRecordId$1
4285:             1             16  com.aerospike.vector.VectorDbMain$$Lambda/0x00007a5708568410
4286:             1             16  com.aerospike.vector.VectorDbMain$$Lambda/0x00007a5708568620
4287:             1             16  com.aerospike.vector.VectorDbMain$Companion
4288:             1             16  com.aerospike.vector.VectorDbStatus
4289:             1             16  com.aerospike.vector.VectorExtensions
4290:             1             16  com.aerospike.vector.auth.InsecureAuthService$$FastClassByGuice$$339f025
4291:             1             16  com.aerospike.vector.auth.NoUserContext
4292:             1             16  com.aerospike.vector.client.proto.AboutRequest$1
4293:             1             16  com.aerospike.vector.client.proto.AboutResponse$1
4294:             1             16  com.aerospike.vector.client.proto.AboutResponse$2
4295:             1             16  com.aerospike.vector.client.proto.AboutServiceGrpc$AboutServiceFileDescriptorSupplier
4296:             1             16  com.aerospike.vector.client.proto.AddUserRequest$1
4297:             1             16  com.aerospike.vector.client.proto.AuthRequest$1
4298:             1             16  com.aerospike.vector.client.proto.AuthResponse$1
4299:             1             16  com.aerospike.vector.client.proto.AuthServiceGrpc$AuthServiceFileDescriptorSupplier
4300:             1             16  com.aerospike.vector.client.proto.BoolData$1
4301:             1             16  com.aerospike.vector.client.proto.Boolean$1
4302:             1             16  com.aerospike.vector.client.proto.ClusterId$1
4303:             1             16  com.aerospike.vector.client.proto.ClusterInfoServiceGrpc$ClusterInfoServiceFileDescriptorSupplier
4304:             1             16  com.aerospike.vector.client.proto.ClusterNodeEndpoints$1
4305:             1             16  com.aerospike.vector.client.proto.ClusterNodeEndpoints$Builder$EndpointsConverter
4306:             1             16  com.aerospike.vector.client.proto.ClusterNodeEndpointsRequest$1
4307:             1             16  com.aerospike.vector.client.proto.ClusteringState$1
4308:             1             16  com.aerospike.vector.client.proto.DeleteRequest$1
4309:             1             16  com.aerospike.vector.client.proto.DropUserRequest$1
4310:             1             16  com.aerospike.vector.client.proto.ExistsRequest$1
4311:             1             16  com.aerospike.vector.client.proto.Field$1
4312:             1             16  com.aerospike.vector.client.proto.FloatData$1
4313:             1             16  com.aerospike.vector.client.proto.GcInvalidVerticesRequest$1
4314:             1             16  com.aerospike.vector.client.proto.GetRequest$1
4315:             1             16  com.aerospike.vector.client.proto.GetUserRequest$1
4316:             1             16  com.aerospike.vector.client.proto.GrantRolesRequest$1
4317:             1             16  com.aerospike.vector.client.proto.HnswBatchingParams$1
4318:             1             16  com.aerospike.vector.client.proto.HnswCachingParams$1
4319:             1             16  com.aerospike.vector.client.proto.HnswHealerParams$1
4320:             1             16  com.aerospike.vector.client.proto.HnswIndexMergeParams$1
4321:             1             16  com.aerospike.vector.client.proto.HnswIndexUpdate$1
4322:             1             16  com.aerospike.vector.client.proto.HnswParams$1
4323:             1             16  com.aerospike.vector.client.proto.HnswSearchParams$1
4324:             1             16  com.aerospike.vector.client.proto.IndexCreateRequest$1
4325:             1             16  com.aerospike.vector.client.proto.IndexDefinition$1
4326:             1             16  com.aerospike.vector.client.proto.IndexDefinitionList$1
4327:             1             16  com.aerospike.vector.client.proto.IndexDropRequest$1
4328:             1             16  com.aerospike.vector.client.proto.IndexGetRequest$1
4329:             1             16  com.aerospike.vector.client.proto.IndexId$1
4330:             1             16  com.aerospike.vector.client.proto.IndexListRequest$1
4331:             1             16  com.aerospike.vector.client.proto.IndexMode$1
4332:             1             16  com.aerospike.vector.client.proto.IndexServiceGrpc$IndexServiceFileDescriptorSupplier
4333:             1             16  com.aerospike.vector.client.proto.IndexStatusRequest$1
4334:             1             16  com.aerospike.vector.client.proto.IndexStatusResponse$1
4335:             1             16  com.aerospike.vector.client.proto.IndexStorage$1
4336:             1             16  com.aerospike.vector.client.proto.IndexType$1
4337:             1             16  com.aerospike.vector.client.proto.IndexUpdateRequest$1
4338:             1             16  com.aerospike.vector.client.proto.IsIndexedRequest$1
4339:             1             16  com.aerospike.vector.client.proto.Key$1
4340:             1             16  com.aerospike.vector.client.proto.ListRolesResponse$1
4341:             1             16  com.aerospike.vector.client.proto.ListUsersResponse$1
4342:             1             16  com.aerospike.vector.client.proto.Neighbor$1
4343:             1             16  com.aerospike.vector.client.proto.NodeId$1
4344:             1             16  com.aerospike.vector.client.proto.NodeRole$1
4345:             1             16  com.aerospike.vector.client.proto.ProjectionFilter$1
4346:             1             16  com.aerospike.vector.client.proto.ProjectionSpec$1
4347:             1             16  com.aerospike.vector.client.proto.ProjectionType$1
4348:             1             16  com.aerospike.vector.client.proto.PutRequest$1
4349:             1             16  com.aerospike.vector.client.proto.Record$1
4350:             1             16  com.aerospike.vector.client.proto.RevokeRolesRequest$1
4351:             1             16  com.aerospike.vector.client.proto.ServerEndpoint$1
4352:             1             16  com.aerospike.vector.client.proto.ServerEndpointList$1
4353:             1             16  com.aerospike.vector.client.proto.StandaloneIndexMetrics$1
4354:             1             16  com.aerospike.vector.client.proto.StandaloneIndexParams$1
4355:             1             16  com.aerospike.vector.client.proto.StandaloneIndexState$1
4356:             1             16  com.aerospike.vector.client.proto.Status$1
4357:             1             16  com.aerospike.vector.client.proto.TransactServiceGrpc$TransactServiceFileDescriptorSupplier
4358:             1             16  com.aerospike.vector.client.proto.UpdateCredentialsRequest$1
4359:             1             16  com.aerospike.vector.client.proto.User$1
4360:             1             16  com.aerospike.vector.client.proto.UserAdminServiceGrpc$UserAdminServiceFileDescriptorSupplier
4361:             1             16  com.aerospike.vector.client.proto.Value$1
4362:             1             16  com.aerospike.vector.client.proto.Vector$1
4363:             1             16  com.aerospike.vector.client.proto.VectorDistanceMetric$1
4364:             1             16  com.aerospike.vector.client.proto.VectorSearchRequest$1
4365:             1             16  com.aerospike.vector.client.proto.WriteType$1
4366:             1             16  com.aerospike.vector.clock.SystemClock$Companion
4367:             1             16  com.aerospike.vector.cluster.Cluster$AcceptMessage$1
4368:             1             16  com.aerospike.vector.cluster.Cluster$ClusterEpoch$1
4369:             1             16  com.aerospike.vector.cluster.Cluster$ClusterState$1
4370:             1             16  com.aerospike.vector.cluster.Cluster$ClusterStateAppliedMessage$1
4371:             1             16  com.aerospike.vector.cluster.Cluster$JoinReject$1
4372:             1             16  com.aerospike.vector.cluster.Cluster$JoinRequest$1
4373:             1             16  com.aerospike.vector.cluster.Cluster$LearnMessage$1
4374:             1             16  com.aerospike.vector.cluster.Cluster$MergeMoveMessage$1
4375:             1             16  com.aerospike.vector.cluster.Cluster$PrepareMessage$1
4376:             1             16  com.aerospike.vector.cluster.Cluster$ProposalId$1
4377:             1             16  com.aerospike.vector.cluster.Cluster$ReClusterMessage$1
4378:             1             16  com.aerospike.vector.cluster.ClusterEpoch$Companion
4379:             1             16  com.aerospike.vector.cluster.ClusterId$Companion
4380:             1             16  com.aerospike.vector.cluster.ClusterLimits$$FastClassByGuice$$152f7ad
4381:             1             16  com.aerospike.vector.cluster.ClusterLimits$Companion
4382:             1             16  com.aerospike.vector.cluster.ClusterLock
4383:             1             16  com.aerospike.vector.cluster.ClusterLock$$FastClassByGuice$$14a6ff5
4384:             1             16  com.aerospike.vector.cluster.ClusterMetaMonitor$$FastClassByGuice$$1f1cd82
4385:             1             16  com.aerospike.vector.cluster.ClusterMetrics$$FastClassByGuice$$1e65f29
4386:             1             16  com.aerospike.vector.cluster.ClusterMetrics$$Lambda/0x00007a57084d3920
4387:             1             16  com.aerospike.vector.cluster.ClusterMetrics$$Lambda/0x00007a57084d72a0
4388:             1             16  com.aerospike.vector.cluster.ClusterMetrics$$Lambda/0x00007a57084d74b0
4389:             1             16  com.aerospike.vector.cluster.ClusterMetrics$$Lambda/0x00007a57084d76c0
4390:             1             16  com.aerospike.vector.cluster.ClusterMetrics$$Lambda/0x00007a57084d78d0
4391:             1             16  com.aerospike.vector.cluster.ClusterMetrics$$Lambda/0x00007a57084dd588
4392:             1             16  com.aerospike.vector.cluster.ClusterMetrics$$Lambda/0x00007a57084ddb80
4393:             1             16  com.aerospike.vector.cluster.ClusterMetrics$Companion
4394:             1             16  com.aerospike.vector.cluster.ClusterMonitor$$FastClassByGuice$$1c6c045
4395:             1             16  com.aerospike.vector.cluster.ClusterMonitor$$Lambda/0x00007a57084f2c60
4396:             1             16  com.aerospike.vector.cluster.ClusterMonitor$$Lambda/0x00007a5708598d98
4397:             1             16  com.aerospike.vector.cluster.ClusterMonitor$$Lambda/0x00007a5708599728
4398:             1             16  com.aerospike.vector.cluster.ClusterMonitor$$Lambda/0x00007a5708599b20
4399:             1             16  com.aerospike.vector.cluster.ClusterMonitor$$Lambda/0x00007a57087aa4b0
4400:             1             16  com.aerospike.vector.cluster.ClusterMonitor$$Lambda/0x00007a5708842408
4401:             1             16  com.aerospike.vector.cluster.ClusterMonitor$$Lambda/0x00007a5708847180
4402:             1             16  com.aerospike.vector.cluster.ClusterMonitor$$Lambda/0x00007a57088477d8
4403:             1             16  com.aerospike.vector.cluster.ClusterMonitor$$Lambda/0x00007a5708847c78
4404:             1             16  com.aerospike.vector.cluster.ClusterMonitor$$Lambda/0x00007a570885eb38
4405:             1             16  com.aerospike.vector.cluster.ClusterMonitor$$Lambda/0x00007a570885fbf8
4406:             1             16  com.aerospike.vector.cluster.ClusterMonitor$$Lambda/0x00007a5708860420
4407:             1             16  com.aerospike.vector.cluster.ClusterMonitor$$Lambda/0x00007a5708860630
4408:             1             16  com.aerospike.vector.cluster.ClusterMonitor$$Lambda/0x00007a57088b4b08
4409:             1             16  com.aerospike.vector.cluster.ClusterMonitor$Companion
4410:             1             16  com.aerospike.vector.cluster.ClusterRegister$$FastClassByGuice$$1743966
4411:             1             16  com.aerospike.vector.cluster.ClusterRegister$$Lambda/0x00007a57084eb170
4412:             1             16  com.aerospike.vector.cluster.ClusterRegister$$Lambda/0x00007a5708802ca8
4413:             1             16  com.aerospike.vector.cluster.ClusterRegister$$Lambda/0x00007a570885f178
4414:             1             16  com.aerospike.vector.cluster.ClusterRegister$Companion
4415:             1             16  com.aerospike.vector.cluster.ClusterService$$FastClassByGuice$$1d2dcc5
4416:             1             16  com.aerospike.vector.cluster.ClusterServiceGrpc$ClusterServiceFileDescriptorSupplier
4417:             1             16  com.aerospike.vector.cluster.ClusterState$$FastClassByGuice$$1b18c66
4418:             1             16  com.aerospike.vector.cluster.ClusterState$Companion
4419:             1             16  com.aerospike.vector.cluster.PaxosAcceptor$$FastClassByGuice$$183a45f
4420:             1             16  com.aerospike.vector.cluster.PaxosAcceptor$$Lambda/0x00007a57084ebd80
4421:             1             16  com.aerospike.vector.cluster.PaxosAcceptor$$Lambda/0x00007a57087fc1b8
4422:             1             16  com.aerospike.vector.cluster.PaxosAcceptor$$Lambda/0x00007a57088c8a68
4423:             1             16  com.aerospike.vector.cluster.PaxosAcceptor$Companion
4424:             1             16  com.aerospike.vector.cluster.PaxosProposer$$FastClassByGuice$$165c21b
4425:             1             16  com.aerospike.vector.cluster.PaxosProposer$$Lambda/0x00007a57084ea758
4426:             1             16  com.aerospike.vector.cluster.PaxosProposer$Companion
4427:             1             16  com.aerospike.vector.cluster.PaxosProposer$learnSendAsync$2$$Lambda/0x00007a5708801920
4428:             1             16  com.aerospike.vector.cluster.QuantumIntervalGenerator$$FastClassByGuice$$1a88cca
4429:             1             16  com.aerospike.vector.cluster.QuantumIntervalGenerator$$Lambda/0x00007a57084ee7e8
4430:             1             16  com.aerospike.vector.cluster.QuantumIntervalGenerator$Companion
4431:             1             16  com.aerospike.vector.cluster.TickGenerator$$FastClassByGuice$$19f6090
4432:             1             16  com.aerospike.vector.config.InterconnectConfig$Companion
4433:             1             16  com.aerospike.vector.config.NodeRoleSet$Companion
4434:             1             16  com.aerospike.vector.config.PortRangeKeyDeserializer
4435:             1             16  com.aerospike.vector.config.ServiceConfig$Companion
4436:             1             16  com.aerospike.vector.distance.CosineVectorDistanceCpu
4437:             1             16  com.aerospike.vector.distance.CosineVectorDistanceCpu$$FastClassByGuice$$38ced4e
4438:             1             16  com.aerospike.vector.distance.DotProductVectorDistanceCpu
4439:             1             16  com.aerospike.vector.distance.DotProductVectorDistanceCpu$$FastClassByGuice$$39bb6f0
4440:             1             16  com.aerospike.vector.distance.HammingVectorDistanceCpu
4441:             1             16  com.aerospike.vector.distance.HammingVectorDistanceCpu$$FastClassByGuice$$3bbf79c
4442:             1             16  com.aerospike.vector.distance.ManhattanVectorDistanceCpu
4443:             1             16  com.aerospike.vector.distance.ManhattanVectorDistanceCpu$$FastClassByGuice$$3a8f7db
4444:             1             16  com.aerospike.vector.distance.SquaredEuclideanVectorDistanceCpu
4445:             1             16  com.aerospike.vector.distance.SquaredEuclideanVectorDistanceCpu$$FastClassByGuice$$371fbda
4446:             1             16  com.aerospike.vector.distance.VectorDistance$Companion
4447:             1             16  com.aerospike.vector.distance.VectorDistance$Companion$$Lambda/0x00007a5708504ef0
4448:             1             16  com.aerospike.vector.distance.VectorDistance$Companion$$Lambda/0x00007a5708505328
4449:             1             16  com.aerospike.vector.distance.VectorDistanceServiceCpu$$FastClassByGuice$$3cee3a8
4450:             1             16  com.aerospike.vector.distance.VectorDistanceServiceCpu$$Lambda/0x00007a5708505978
4451:             1             16  com.aerospike.vector.distance.VectorDistanceServiceCpu$Companion
4452:             1             16  com.aerospike.vector.dns.AsyncDnsResolver$$FastClassByGuice$$d848f9
4453:             1             16  com.aerospike.vector.embedded.client.inject.VectorDbEmbeddedClientGuiceModule$Companion
4454:             1             16  com.aerospike.vector.embedded.client.store.SingleInstanceClientStore$$FastClassByGuice$$3549058
4455:             1             16  com.aerospike.vector.eventbus.inject.EventBusGuiceModule$$FastClassByGuice$$26b031
4456:             1             16  com.aerospike.vector.exchange.Exchange$ExchangeCommit$1
4457:             1             16  com.aerospike.vector.exchange.Exchange$ExchangePayload$1
4458:             1             16  com.aerospike.vector.exchange.Exchange$ExchangePayload$2
4459:             1             16  com.aerospike.vector.exchange.Exchange$ExchangePayload$Builder$AdvertisedListenersConverter
4460:             1             16  com.aerospike.vector.exchange.Exchange$ExchangeReadyToCommit$1
4461:             1             16  com.aerospike.vector.exchange.ExchangeClusterStateService$$FastClassByGuice$$20c351d
4462:             1             16  com.aerospike.vector.exchange.ExchangeClusterStateService$$Lambda/0x00007a57084a97d8
4463:             1             16  com.aerospike.vector.exchange.ExchangeClusterStateService$Companion
4464:             1             16  com.aerospike.vector.exchange.ExchangeLimits$$FastClassByGuice$$6b99b0e
4465:             1             16  com.aerospike.vector.exchange.ExchangeLimits$Companion
4466:             1             16  com.aerospike.vector.exchange.ExchangeService$$FastClassByGuice$$6ce1759
4467:             1             16  com.aerospike.vector.exchange.ExchangeService$$Lambda/0x00007a57085e3328
4468:             1             16  com.aerospike.vector.exchange.ExchangeService$$Lambda/0x00007a57088034d0
4469:             1             16  com.aerospike.vector.exchange.ExchangeService$$Lambda/0x00007a570880f320
4470:             1             16  com.aerospike.vector.exchange.ExchangeService$$Lambda/0x00007a5708810910
4471:             1             16  com.aerospike.vector.exchange.ExchangeService$$Lambda/0x00007a570885a8f8
4472:             1             16  com.aerospike.vector.exchange.ExchangeService$Companion
4473:             1             16  com.aerospike.vector.exchange.ExchangeServiceGrpc$ExchangeServiceFileDescriptorSupplier
4474:             1             16  com.aerospike.vector.heartbeat.AdjacencyMonitor$$FastClassByGuice$$108c24b
4475:             1             16  com.aerospike.vector.heartbeat.AdjacencyMonitor$$Lambda/0x00007a57084ddd90
4476:             1             16  com.aerospike.vector.heartbeat.AdjacencyMonitor$Companion
4477:             1             16  com.aerospike.vector.heartbeat.AdjacentNode$Companion
4478:             1             16  com.aerospike.vector.heartbeat.DiscoveryRegister$$FastClassByGuice$$1129467
4479:             1             16  com.aerospike.vector.heartbeat.DiscoveryRegister$$Lambda/0x00007a57084df410
4480:             1             16  com.aerospike.vector.heartbeat.DiscoveryRegister$$Lambda/0x00007a5708620ed0
4481:             1             16  com.aerospike.vector.heartbeat.DiscoveryRegister$$Lambda/0x00007a570885b138
4482:             1             16  com.aerospike.vector.heartbeat.DiscoveryRegister$Companion
4483:             1             16  com.aerospike.vector.heartbeat.Heartbeat$ClusterPayload$1
4484:             1             16  com.aerospike.vector.heartbeat.Heartbeat$EndpointsQuery$1
4485:             1             16  com.aerospike.vector.heartbeat.Heartbeat$EndpointsResponse$1
4486:             1             16  com.aerospike.vector.heartbeat.Heartbeat$EndpointsResponse$Builder$ResponseConverter
4487:             1             16  com.aerospike.vector.heartbeat.Heartbeat$HeartbeatMessage$1
4488:             1             16  com.aerospike.vector.heartbeat.Heartbeat$SocketEndpoint$1
4489:             1             16  com.aerospike.vector.heartbeat.Heartbeat$SocketEndpointList$1
4490:             1             16  com.aerospike.vector.heartbeat.HeartbeatService$$FastClassByGuice$$13957bf
4491:             1             16  com.aerospike.vector.heartbeat.HeartbeatServiceGrpc$HeartbeatServiceFileDescriptorSupplier
4492:             1             16  com.aerospike.vector.heartbeat.HeartbeatTransmitter$$FastClassByGuice$$1251b3a
4493:             1             16  com.aerospike.vector.heartbeat.HeartbeatTransmitter$$Lambda/0x00007a57084da4b0
4494:             1             16  com.aerospike.vector.heartbeat.HeartbeatTransmitter$Companion
4495:             1             16  com.aerospike.vector.heartbeat.NetworkClique$$Lambda/0x00007a57084e8b80
4496:             1             16  com.aerospike.vector.heartbeat.NetworkClique$$Lambda/0x00007a570859a3e8
4497:             1             16  com.aerospike.vector.heartbeat.NetworkClique$Companion
4498:             1             16  com.aerospike.vector.heartbeat.SocketEndpointKt$Dsl$Companion
4499:             1             16  com.aerospike.vector.hlc.HlcClock$$FastClassByGuice$$a14c61
4500:             1             16  com.aerospike.vector.hlc.HlcClock$Companion
4501:             1             16  com.aerospike.vector.hlc.HlcTimestamp$Companion
4502:             1             16  com.aerospike.vector.index.BatchBucketStore$$FastClassByGuice$$24ac487
4503:             1             16  com.aerospike.vector.index.BatchBucketStore$$Lambda/0x00007a5708506440
4504:             1             16  com.aerospike.vector.index.BatchBucketStore$Companion
4505:             1             16  com.aerospike.vector.index.BatchIndexMergeProxyRequest$1
4506:             1             16  com.aerospike.vector.index.BatchIndexMergeRequest$1
4507:             1             16  com.aerospike.vector.index.BatchIndexMetadata$Companion
4508:             1             16  com.aerospike.vector.index.BatchIndexStatusResponse$1
4509:             1             16  com.aerospike.vector.index.CacheServiceGrpc$CacheServiceFileDescriptorSupplier
4510:             1             16  com.aerospike.vector.index.CentroidMap$1
4511:             1             16  com.aerospike.vector.index.CentroidMapEntry$1
4512:             1             16  com.aerospike.vector.index.DeleteProxyRequest$1
4513:             1             16  com.aerospike.vector.index.DeleteProxyResponse$1
4514:             1             16  com.aerospike.vector.index.EvictCachedVerticesRequest$1
4515:             1             16  com.aerospike.vector.index.ExistsProxyRequest$1
4516:             1             16  com.aerospike.vector.index.ExistsProxyResponse$1
4517:             1             16  com.aerospike.vector.index.GetProxyRequest$1
4518:             1             16  com.aerospike.vector.index.GetProxyResponse$1
4519:             1             16  com.aerospike.vector.index.HealCycleCompleteRequest$1
4520:             1             16  com.aerospike.vector.index.HealCycleFinalizationRequest$1
4521:             1             16  com.aerospike.vector.index.HealCycleStartRequest$1
4522:             1             16  com.aerospike.vector.index.IndexCacheCentroidRequest$1
4523:             1             16  com.aerospike.vector.index.IndexCatalog$$Lambda/0x00007a5708557080
4524:             1             16  com.aerospike.vector.index.IndexCatalog$Companion
4525:             1             16  com.aerospike.vector.index.IndexCleaner$$FastClassByGuice$$2dbb5be
4526:             1             16  com.aerospike.vector.index.IndexCleaner$$Lambda/0x00007a57085670b0
4527:             1             16  com.aerospike.vector.index.IndexCleaner$Companion
4528:             1             16  com.aerospike.vector.index.IndexCreateOperation$1
4529:             1             16  com.aerospike.vector.index.IndexLog$$Lambda/0x00007a5708506c68
4530:             1             16  com.aerospike.vector.index.IndexLog$Companion
4531:             1             16  com.aerospike.vector.index.IndexLog$Companion$$Lambda/0x00007a57087a6608
4532:             1             16  com.aerospike.vector.index.IndexLog$Companion$$Lambda/0x00007a57087a6818
4533:             1             16  com.aerospike.vector.index.IndexLog$Companion$$Lambda/0x00007a570887e638
4534:             1             16  com.aerospike.vector.index.IndexLogEntry$1
4535:             1             16  com.aerospike.vector.index.IndexLogEntryList$1
4536:             1             16  com.aerospike.vector.index.IndexLogEntryListKt$Dsl$Companion
4537:             1             16  com.aerospike.vector.index.IndexMetrics$1
4538:             1             16  com.aerospike.vector.index.IndexMetricsResponse$1
4539:             1             16  com.aerospike.vector.index.IndexRequest$1
4540:             1             16  com.aerospike.vector.index.IndexService$$FastClassByGuice$$2ac840d
4541:             1             16  com.aerospike.vector.index.IndexService$$Lambda/0x00007a570855e310
4542:             1             16  com.aerospike.vector.index.IndexService$Companion
4543:             1             16  com.aerospike.vector.index.IndexServiceInternalGrpc$IndexServiceInternalFileDescriptorSupplier
4544:             1             16  com.aerospike.vector.index.IndexUpdateOperation$1
4545:             1             16  com.aerospike.vector.index.Indexer$$FastClassByGuice$$27f58d2
4546:             1             16  com.aerospike.vector.index.Indexer$$Lambda/0x00007a5708557548
4547:             1             16  com.aerospike.vector.index.Indexer$Companion
4548:             1             16  com.aerospike.vector.index.InternalIndexId$1
4549:             1             16  com.aerospike.vector.index.IsIndexedProxyRequest$1
4550:             1             16  com.aerospike.vector.index.IsIndexedProxyResponse$1
4551:             1             16  com.aerospike.vector.index.MarkCachedVerticesInvalidRequest$1
4552:             1             16  com.aerospike.vector.index.NodeBatchIndexMergeComplete$1
4553:             1             16  com.aerospike.vector.index.NodeCacheStatus$1
4554:             1             16  com.aerospike.vector.index.PutProxyRequest$1
4555:             1             16  com.aerospike.vector.index.PutProxyResponse$1
4556:             1             16  com.aerospike.vector.index.QueueSize$Companion
4557:             1             16  com.aerospike.vector.index.ReindexEnqueuer$$FastClassByGuice$$5ae2fa9
4558:             1             16  com.aerospike.vector.index.ReindexEnqueuer$Companion
4559:             1             16  com.aerospike.vector.index.RequestPerformanceMetrics$1
4560:             1             16  com.aerospike.vector.index.StandaloneIndexBuildAbortRequest$1
4561:             1             16  com.aerospike.vector.index.StandaloneIndexBuildAbortResponse$1
4562:             1             16  com.aerospike.vector.index.StandaloneIndexBuildCompletedRequest$1
4563:             1             16  com.aerospike.vector.index.StandaloneIndexBuildCompletedResponse$1
4564:             1             16  com.aerospike.vector.index.StandaloneIndexBuildStartRequest$1
4565:             1             16  com.aerospike.vector.index.StandaloneIndexBuildStartResponse$1
4566:             1             16  com.aerospike.vector.index.StandaloneIndexCoordinator$$FastClassByGuice$$31d58ed
4567:             1             16  com.aerospike.vector.index.StandaloneIndexCoordinator$$Lambda/0x00007a570855cd98
4568:             1             16  com.aerospike.vector.index.StandaloneIndexCoordinator$Companion
4569:             1             16  com.aerospike.vector.index.StandaloneIndexMetricsRequest$1
4570:             1             16  com.aerospike.vector.index.StandaloneIndexWorker$$FastClassByGuice$$291ac91
4571:             1             16  com.aerospike.vector.index.StandaloneIndexWorker$$Lambda/0x00007a570855c8d0
4572:             1             16  com.aerospike.vector.index.StandaloneIndexWorker$$Lambda/0x00007a57088a0c00
4573:             1             16  com.aerospike.vector.index.StandaloneIndexWorker$Companion
4574:             1             16  com.aerospike.vector.index.StandaloneIndexWorker$StandaloneWorkerState$Companion
4575:             1             16  com.aerospike.vector.index.StandaloneIngestCompletionStatus$1
4576:             1             16  com.aerospike.vector.index.TransactServiceInternalGrpc$TransactServiceInternalFileDescriptorSupplier
4577:             1             16  com.aerospike.vector.index.VectorSearchProxyRequest$1
4578:             1             16  com.aerospike.vector.index.VectorSearchProxyResponse$1
4579:             1             16  com.aerospike.vector.index.cache.IndexCacheCoordinator$$FastClassByGuice$$22c93c2
4580:             1             16  com.aerospike.vector.index.cache.IndexCacheCoordinator$$Lambda/0x00007a570855ac60
4581:             1             16  com.aerospike.vector.index.cache.IndexCacheCoordinator$Companion
4582:             1             16  com.aerospike.vector.index.cache.LoadBalancedCacheFriendlyNodeSelector$$Lambda/0x00007a570855ef38
4583:             1             16  com.aerospike.vector.index.cache.LoadBalancedCacheFriendlyNodeSelector$Companion
4584:             1             16  com.aerospike.vector.index.config.CacheConfig$Companion
4585:             1             16  com.aerospike.vector.index.config.HealerConfig$Companion
4586:             1             16  com.aerospike.vector.index.healer.coordinator.IndexHealerCoordinator$$FastClassByGuice$$2ed71c7
4587:             1             16  com.aerospike.vector.index.healer.coordinator.IndexHealerCoordinator$$Lambda/0x00007a5708565660
4588:             1             16  com.aerospike.vector.index.healer.coordinator.IndexHealerCoordinator$Companion
4589:             1             16  com.aerospike.vector.index.healer.coordinator.job.IndexHealerCoordinatorJob$$FastClassByGuice$$526d9db
4590:             1             16  com.aerospike.vector.index.healer.worker.CurrentBatchIds$$FastClassByGuice$$5455b7e
4591:             1             16  com.aerospike.vector.index.healer.worker.IndexHealerWorker$$FastClassByGuice$$2fc21b4
4592:             1             16  com.aerospike.vector.index.healer.worker.IndexHealerWorker$$Lambda/0x00007a5708565b28
4593:             1             16  com.aerospike.vector.index.healer.worker.IndexHealerWorker$$Lambda/0x00007a57088121b0
4594:             1             16  com.aerospike.vector.index.healer.worker.IndexHealerWorker$Companion
4595:             1             16  com.aerospike.vector.index.healer.worker.VectorRecordScanProcessor$$FastClassByGuice$$55070c7
4596:             1             16  com.aerospike.vector.index.healer.worker.VertexRecordScanProcessor$$FastClassByGuice$$53a0b6a
4597:             1             16  com.aerospike.vector.index.healer.worker.job.IndexHealerWorkerAckJob$$FastClassByGuice$$57ce583
4598:             1             16  com.aerospike.vector.index.healer.worker.job.IndexHealerWorkerCycleFinalizationJob$$FastClassByGuice$$562c74d
4599:             1             16  com.aerospike.vector.index.healer.worker.job.IndexHealerWorkerJob$$FastClassByGuice$$51f9916
4600:             1             16  com.aerospike.vector.index.healer.worker.job.IndexHealerWorkerMarkerJob$$FastClassByGuice$$58cd86c
4601:             1             16  com.aerospike.vector.index.healer.worker.job.IndexHealerWorkerScanJobs$$FastClassByGuice$$59d6443
4602:             1             16  com.aerospike.vector.index.hnsw.GraphVertex$Companion
4603:             1             16  com.aerospike.vector.index.hnsw.GraphVertexStorageAdaptor$$FastClassByGuice$$238b629
4604:             1             16  com.aerospike.vector.index.hnsw.GraphVertexStorageAdaptor$Companion
4605:             1             16  com.aerospike.vector.index.hnsw.Hnsw$$Lambda/0x00007a57088a3598
4606:             1             16  com.aerospike.vector.index.hnsw.Hnsw$$Lambda/0x00007a57088a3a38
4607:             1             16  com.aerospike.vector.index.hnsw.Hnsw$$Lambda/0x00007a57088a6010
4608:             1             16  com.aerospike.vector.index.hnsw.Hnsw$$Lambda/0x00007a57088a64b0
4609:             1             16  com.aerospike.vector.index.hnsw.Hnsw$$Lambda/0x00007a57088a7690
4610:             1             16  com.aerospike.vector.index.hnsw.Hnsw$Companion
4611:             1             16  com.aerospike.vector.index.hnsw.store.CachedHnswGraphStore$$FastClassByGuice$$4f8f0f4
4612:             1             16  com.aerospike.vector.index.hnsw.store.CachedHnswGraphStore$$Lambda/0x00007a5708805228
4613:             1             16  com.aerospike.vector.index.hnsw.store.CachedHnswGraphStore$Companion
4614:             1             16  com.aerospike.vector.index.hnsw.store.InMemoryGraphStore$$FastClassByGuice$$4dbdd4a
4615:             1             16  com.aerospike.vector.index.hnsw.store.MemMapGraphStore$$FastClassByGuice$$505f0b6
4616:             1             16  com.aerospike.vector.index.hnsw.store.PersistentHnswGraphStore$$FastClassByGuice$$4e9186f
4617:             1             16  com.aerospike.vector.index.hnsw.store.PersistentHnswGraphStore$$Lambda/0x00007a57088a8000
4618:             1             16  com.aerospike.vector.index.hnsw.store.PersistentHnswGraphStore$Companion
4619:             1             16  com.aerospike.vector.index.inject.IndexGuiceModule$$FastClassByGuice$$437add
4620:             1             16  com.aerospike.vector.index.inject.IndexGuiceModule$$Lambda/0x00007a57083bbb70
4621:             1             16  com.aerospike.vector.index.inject.IndexGuiceModule$Companion
4622:             1             16  com.aerospike.vector.index.merge.BatchJobLauncher$$FastClassByGuice$$497ee0c
4623:             1             16  com.aerospike.vector.index.merge.coordinator.CoordinatorBatchCleanJob$$FastClassByGuice$$4bee28b
4624:             1             16  com.aerospike.vector.index.merge.coordinator.CoordinatorBatchCopyJob$$FastClassByGuice$$48f729b
4625:             1             16  com.aerospike.vector.index.merge.coordinator.CoordinatorBatchMergeJob$$FastClassByGuice$$4a50a25
4626:             1             16  com.aerospike.vector.index.merge.coordinator.IndexMergeCoordinator$$FastClassByGuice$$2bd4f05
4627:             1             16  com.aerospike.vector.index.merge.coordinator.IndexMergeCoordinator$$Lambda/0x00007a570855b858
4628:             1             16  com.aerospike.vector.index.merge.coordinator.IndexMergeCoordinator$Companion
4629:             1             16  com.aerospike.vector.index.merge.worker.IndexMergeWorker$$FastClassByGuice$$2c8fa43
4630:             1             16  com.aerospike.vector.index.merge.worker.IndexMergeWorker$$Lambda/0x00007a5708566228
4631:             1             16  com.aerospike.vector.index.merge.worker.IndexMergeWorker$$Lambda/0x00007a5708567c10
4632:             1             16  com.aerospike.vector.index.merge.worker.IndexMergeWorker$Companion
4633:             1             16  com.aerospike.vector.index.merge.worker.WorkerBatchMergeJob$$FastClassByGuice$$4c8c2b4
4634:             1             16  com.aerospike.vector.index.metrics.CacheMetricRefresher$$FastClassByGuice$$3051ada
4635:             1             16  com.aerospike.vector.index.metrics.CacheMetricRefresher$$Lambda/0x00007a5708564ab8
4636:             1             16  com.aerospike.vector.index.metrics.CacheMetricRefresher$Companion
4637:             1             16  com.aerospike.vector.index.metrics.CacheMetrics$$Lambda/0x00007a57088be748
4638:             1             16  com.aerospike.vector.index.metrics.ClusterIndexMetricsCollector$$FastClassByGuice$$36b3c85
4639:             1             16  com.aerospike.vector.index.metrics.IndexMetricsTracker$$FastClassByGuice$$218cd16
4640:             1             16  com.aerospike.vector.index.metrics.IndexMetricsTracker$$Lambda/0x00007a570855c000
4641:             1             16  com.aerospike.vector.index.metrics.IndexMetricsTracker$Companion
4642:             1             16  com.aerospike.vector.index.metrics.IndexMetricsTracker$refreshClusterMetricsFlow$1$$Lambda/0x00007a5708818a40
4643:             1             16  com.aerospike.vector.index.metrics.NodeFitnessCalculator
4644:             1             16  com.aerospike.vector.index.metrics.NodeFitnessCalculator$$Lambda/0x00007a570855c408
4645:             1             16  com.aerospike.vector.index.metrics.NodeFitnessCalculator$$Lambda/0x00007a57088b8a70
4646:             1             16  com.aerospike.vector.index.metrics.NodeFitnessCalculator$$Lambda/0x00007a57088b90b0
4647:             1             16  com.aerospike.vector.index.metrics.NodeFitnessCalculator$$Lambda/0x00007a57088b94f8
4648:             1             16  com.aerospike.vector.index.metrics.NodeFitnessCalculator$$Lambda/0x00007a57088b9940
4649:             1             16  com.aerospike.vector.index.metrics.NodeFitnessCalculator$$Lambda/0x00007a57088b9d88
4650:             1             16  com.aerospike.vector.index.metrics.NodeFitnessCalculator$$Lambda/0x00007a57088ba1d0
4651:             1             16  com.aerospike.vector.index.metrics.NodeFitnessCalculator$$Lambda/0x00007a57088ba810
4652:             1             16  com.aerospike.vector.index.metrics.NodeFitnessCalculator$$Lambda/0x00007a57088bac58
4653:             1             16  com.aerospike.vector.index.metrics.NodeFitnessCalculator$Companion
4654:             1             16  com.aerospike.vector.index.metrics.PerIndexMetrics$$Lambda/0x00007a57088860b0
4655:             1             16  com.aerospike.vector.index.metrics.PerIndexMetrics$$Lambda/0x00007a5708890218
4656:             1             16  com.aerospike.vector.index.metrics.PerIndexMetrics$$Lambda/0x00007a5708890a70
4657:             1             16  com.aerospike.vector.index.metrics.PerIndexMetrics$$Lambda/0x00007a5708890c80
4658:             1             16  com.aerospike.vector.index.metrics.PerIndexMetrics$$Lambda/0x00007a57088aa3b8
4659:             1             16  com.aerospike.vector.index.metrics.PerIndexMetrics$$Lambda/0x00007a57088b2000
4660:             1             16  com.aerospike.vector.index.metrics.PerIndexMetrics$$Lambda/0x00007a57088b65b0
4661:             1             16  com.aerospike.vector.index.metrics.PerIndexMetrics$$Lambda/0x00007a57088b67c0
4662:             1             16  com.aerospike.vector.index.metrics.PerIndexMetrics$Companion
4663:             1             16  com.aerospike.vector.index.metrics.PerIndexMetrics$Companion$$Lambda/0x00007a57088b2f80
4664:             1             16  com.aerospike.vector.index.metrics.UpdateCacheSize
4665:             1             16  com.aerospike.vector.index.scan.Scanner$$FastClassByGuice$$5b30ac4
4666:             1             16  com.aerospike.vector.inject.VectorDbGuiceModule$$Lambda/0x00007a57084ad488
4667:             1             16  com.aerospike.vector.inject.VectorDbGuiceModule$Companion
4668:             1             16  com.aerospike.vector.interconnect.BearerTokenCallCredentials$Companion
4669:             1             16  com.aerospike.vector.interconnect.BlockingInterconnectListener$$Lambda/0x00007a570885b7e8
4670:             1             16  com.aerospike.vector.interconnect.InterconnectChannelProvider$$FastClassByGuice$$e691e1
4671:             1             16  com.aerospike.vector.interconnect.InterconnectChannelProvider$$Lambda/0x00007a57084cb110
4672:             1             16  com.aerospike.vector.interconnect.InterconnectChannelProvider$Companion
4673:             1             16  com.aerospike.vector.interconnect.InterconnectChannelProvider$MultiAddressNameResolverFactory$$Lambda/0x00007a57084d6618
4674:             1             16  com.aerospike.vector.interconnect.InterconnectChannelProvider$createChannelsAsync$1$$Lambda/0x00007a57084d2be0
4675:             1             16  com.aerospike.vector.interconnect.InterconnectChannelProvider$createChannelsAsync$1$$Lambda/0x00007a57084d3238
4676:             1             16  com.aerospike.vector.interconnect.InterconnectDirectory$$FastClassByGuice$$b0a5da
4677:             1             16  com.aerospike.vector.interconnect.InterconnectDirectory$$Lambda/0x00007a57084ad698
4678:             1             16  com.aerospike.vector.interconnect.InterconnectDirectory$Companion
4679:             1             16  com.aerospike.vector.interconnect.InterconnectService$$FastClassByGuice$$fc2449
4680:             1             16  com.aerospike.vector.interconnect.InterconnectService$$Lambda/0x00007a57084d2df0
4681:             1             16  com.aerospike.vector.interconnect.InterconnectService$Companion
4682:             1             16  com.aerospike.vector.metrics.VectorMetrics$$FastClassByGuice$$66918f6
4683:             1             16  com.aerospike.vector.metrics.VectorMetrics$Companion
4684:             1             16  com.aerospike.vector.metrics.manage.service.IndexWebService$$FastClassByGuice$$77cd210
4685:             1             16  com.aerospike.vector.network.NetworkUtil
4686:             1             16  com.aerospike.vector.network.NetworkUtil$$Lambda/0x00007a57084ad060
4687:             1             16  com.aerospike.vector.node.NodeId$Companion
4688:             1             16  com.aerospike.vector.partitions.PartitionAssigner
4689:             1             16  com.aerospike.vector.partitions.PartitionAssigner$$FastClassByGuice$$83cc88
4690:             1             16  com.aerospike.vector.partitions.PartitionAssigner$Companion
4691:             1             16  com.aerospike.vector.partitions.PartitionService$$FastClassByGuice$$995ce1
4692:             1             16  com.aerospike.vector.partitions.PartitionService$$Lambda/0x00007a57084acc58
4693:             1             16  com.aerospike.vector.partitions.PartitionService$Companion
4694:             1             16  com.aerospike.vector.security.inject.GrpcSecurityGuiceModule$Companion
4695:             1             16  com.aerospike.vector.serde.SerdeModuleRegistry
4696:             1             16  com.aerospike.vector.server.grpc.GrpcInterconnectServer$$Lambda/0x00007a57085f9438
4697:             1             16  com.aerospike.vector.server.grpc.GrpcInterconnectServer$Companion
4698:             1             16  com.aerospike.vector.server.grpc.GrpcNettySslContextFactory$$FastClassByGuice$$65ddbf1
4699:             1             16  com.aerospike.vector.server.grpc.GrpcNettySslContextFactory$$Lambda/0x00007a57085ae298
4700:             1             16  com.aerospike.vector.server.grpc.GrpcNettySslContextFactory$Companion
4701:             1             16  com.aerospike.vector.server.grpc.GrpcVectorDbServer$$Lambda/0x00007a57085ce188
4702:             1             16  com.aerospike.vector.server.grpc.GrpcVectorDbServer$Companion
4703:             1             16  com.aerospike.vector.server.grpc.StaticGrpcNettySslContextFactory$$Lambda/0x00007a57085ae6a0
4704:             1             16  com.aerospike.vector.server.grpc.StaticGrpcNettySslContextFactory$Companion
4705:             1             16  com.aerospike.vector.server.grpc.server.interceptor.Constants
4706:             1             16  com.aerospike.vector.server.grpc.server.interceptor.InsecureAuthorizationServerInterceptor
4707:             1             16  com.aerospike.vector.server.grpc.server.interceptor.InsecureAuthorizationServerInterceptor$$FastClassByGuice$$343db84
4708:             1             16  com.aerospike.vector.server.grpc.server.interceptor.InterconnectAuthorizationServerInterceptor$$FastClassByGuice$$712b18a
4709:             1             16  com.aerospike.vector.server.grpc.server.interceptor.InterconnectAuthorizationServerInterceptor$Companion
4710:             1             16  com.aerospike.vector.server.grpc.service.GrpcAboutService$$FastClassByGuice$$6028bee
4711:             1             16  com.aerospike.vector.server.grpc.service.GrpcAuthService$$FastClassByGuice$$5eaf8f9
4712:             1             16  com.aerospike.vector.server.grpc.service.GrpcAuthService$Companion
4713:             1             16  com.aerospike.vector.server.grpc.service.GrpcClusterInfoService$$FastClassByGuice$$6477305
4714:             1             16  com.aerospike.vector.server.grpc.service.GrpcIndexService$$FastClassByGuice$$61f1cdb
4715:             1             16  com.aerospike.vector.server.grpc.service.GrpcUserAdminService$$FastClassByGuice$$5ff3ae1
4716:             1             16  com.aerospike.vector.server.grpc.service.internal.GrpcCacheServiceInternal$$FastClassByGuice$$705dfec
4717:             1             16  com.aerospike.vector.server.grpc.service.internal.GrpcClusterService$$FastClassByGuice$$6acf881
4718:             1             16  com.aerospike.vector.server.grpc.service.internal.GrpcExchangeService$$FastClassByGuice$$6d01dd8
4719:             1             16  com.aerospike.vector.server.grpc.service.internal.GrpcHeartbeatService$$FastClassByGuice$$695b923
4720:             1             16  com.aerospike.vector.server.grpc.service.internal.GrpcIndexServiceInternal$$FastClassByGuice$$6e4ac83
4721:             1             16  com.aerospike.vector.server.grpc.service.internal.ServiceScopeLauncher$$FastClassByGuice$$68b3be1
4722:             1             16  com.aerospike.vector.server.security.AuthTokenManager$$FastClassByGuice$$5de573a
4723:             1             16  com.aerospike.vector.storage.AerospikeStorageFactory$$FastClassByGuice$$45ae1ab
4724:             1             16  com.aerospike.vector.storage.AerospikeStorageKvs$$FastClassByGuice$$3ff266e
4725:             1             16  com.aerospike.vector.storage.AerospikeStorageKvs$Companion
4726:             1             16  com.aerospike.vector.storage.AerospikeStorageRecordGrpcConverter
4727:             1             16  com.aerospike.vector.storage.AerospikeStorageRecordGrpcConverter$$FastClassByGuice$$41323a0
4728:             1             16  com.aerospike.vector.storage.AerospikeStorageRecordIdLocalizer
4729:             1             16  com.aerospike.vector.storage.AerospikeStorageRecordIdLocalizer$$FastClassByGuice$$42dd549
4730:             1             16  com.aerospike.vector.storage.AerospikeStorageRecordIdSerde
4731:             1             16  com.aerospike.vector.storage.AerospikeStorageRecordIdSerde$$FastClassByGuice$$40cce7f
4732:             1             16  com.aerospike.vector.storage.AsyncRecordListener$$Lambda/0x00007a570850d210
4733:             1             16  com.aerospike.vector.storage.AsyncRecordListener$Companion
4734:             1             16  com.aerospike.vector.storage.StorageOptions$Companion
4735:             1             16  com.aerospike.vector.storage.StorageType$Companion
4736:             1             16  com.aerospike.vector.storage.cluster.AerospikeClusterMetaStore$$FastClassByGuice$$3d5b8aa
4737:             1             16  com.aerospike.vector.storage.cluster.AerospikeClusterMetaStore$Companion
4738:             1             16  com.aerospike.vector.storage.cluster.AerospikeClusterMetaStore$getHlcClockGeneric$2$$Lambda/0x00007a57087a93e8
4739:             1             16  com.aerospike.vector.storage.index.AerospikeIndexMetaStore$$FastClassByGuice$$3e4df3c
4740:             1             16  com.aerospike.vector.storage.index.AerospikeIndexMetaStore$Companion
4741:             1             16  com.aerospike.vector.storage.index.AerospikeIndexMetaStore$getIndexLogGeneric$2$$Lambda/0x00007a570850d800
4742:             1             16  com.aerospike.vector.storage.index.AerospikeStorageIndexCleaner$$FastClassByGuice$$43cfc47
4743:             1             16  com.aerospike.vector.storage.index.AerospikeStorageIndexCleaner$$Lambda/0x00007a5708505e20
4744:             1             16  com.aerospike.vector.storage.index.AerospikeStorageIndexCleaner$Companion
4745:             1             16  com.aerospike.vector.storage.index.AerospikeStorageVerticesCleaner$$FastClassByGuice$$44fb197
4746:             1             16  com.aerospike.vector.storage.index.AerospikeStorageVerticesCleaner$$Lambda/0x00007a5708506030
4747:             1             16  com.aerospike.vector.storage.index.AerospikeStorageVerticesCleaner$Companion
4748:             1             16  com.aerospike.vector.storage.inject.AerospikeStorageGuiceModule$$FastClassByGuice$$578366
4749:             1             16  com.aerospike.vector.storage.inject.AerospikeStorageGuiceModule$Companion
4750:             1             16  com.aerospike.vector.transact.KvsTransactService$$FastClassByGuice$$32a5ce8
4751:             1             16  com.aerospike.vector.transact.KvsTransactService$$Lambda/0x00007a5708568200
4752:             1             16  com.aerospike.vector.transact.KvsTransactService$Companion
4753:             1             16  com.aerospike.vector.transact.inject.TransactGuiceModule$Companion
4754:             1             16  com.aerospike.vector.transact.metrics.TransactionMetrics$$FastClassByGuice$$62f3ff7
4755:             1             16  com.aerospike.vector.transact.metrics.TransactionMetrics$Companion
4756:             1             16  com.codahale.metrics.Clock$UserTimeClock
4757:             1             16  com.codahale.metrics.MetricFilter$$Lambda/0x00007a57084d6c60
4758:             1             16  com.codahale.metrics.WeightedSnapshot$$Lambda/0x00007a57088b8860
4759:             1             16  com.cronutils.model.field.definition.FieldDefinition$$Lambda/0x00007a5708320828
4760:             1             16  com.cronutils.model.field.expression.Always
4761:             1             16  com.cronutils.model.field.expression.QuestionMark
4762:             1             16  com.cronutils.model.time.SingleExecutionTime$$Lambda/0x00007a5708326f78
4763:             1             16  com.cronutils.model.time.SingleExecutionTime$$Lambda/0x00007a57083273b0
4764:             1             16  com.cronutils.parser.CronParser$$Lambda/0x00007a5708322c10
4765:             1             16  com.cronutils.parser.CronParserField$$Lambda/0x00007a57083214d8
4766:             1             16  com.fasterxml.jackson.core.StreamWriteConstraints
4767:             1             16  com.fasterxml.jackson.core.io.JsonStringEncoder
4768:             1             16  com.fasterxml.jackson.core.util.DefaultPrettyPrinter$FixedSpaceIndenter
4769:             1             16  com.fasterxml.jackson.core.util.DefaultPrettyPrinter$NopIndenter
4770:             1             16  com.fasterxml.jackson.core.util.JsonRecyclerPools$ThreadLocalPool
4771:             1             16  com.fasterxml.jackson.databind.deser.std.StdKeyDeserializers
4772:             1             16  com.fasterxml.jackson.databind.introspect.AnnotationCollector$NoAnnotations
4773:             1             16  com.fasterxml.jackson.databind.introspect.NopAnnotationIntrospector$1
4774:             1             16  com.fasterxml.jackson.databind.jsontype.impl.LaissezFaireSubTypeValidator
4775:             1             16  com.fasterxml.jackson.databind.node.JsonNodeFactory
4776:             1             16  com.fasterxml.jackson.dataformat.yaml.util.StringQuotingChecker$Default
4777:             1             16  com.fasterxml.jackson.module.kotlin.BucketGenerator$Companion
4778:             1             16  com.fasterxml.jackson.module.kotlin.InternalCommonsKt$defaultConstructorMarker$2
4779:             1             16  com.fasterxml.jackson.module.kotlin.KotlinAnnotationIntrospector$Companion
4780:             1             16  com.fasterxml.jackson.module.kotlin.KotlinAnnotationIntrospector$Companion$UNIT_TYPE$2
4781:             1             16  com.fasterxml.jackson.module.kotlin.KotlinFeature$Companion
4782:             1             16  com.fasterxml.jackson.module.kotlin.KotlinKeyDeserializers
4783:             1             16  com.fasterxml.jackson.module.kotlin.KotlinModule$Builder$Companion
4784:             1             16  com.fasterxml.jackson.module.kotlin.KotlinModule$Companion
4785:             1             16  com.fasterxml.jackson.module.kotlin.ReflectionCache$BooleanTriState$Companion
4786:             1             16  com.fasterxml.jackson.module.kotlin.ReflectionCache$Companion
4787:             1             16  com.github.benmanes.caffeine.cache.BoundedLocalCache$$Lambda/0x00007a57084bf350
4788:             1             16  com.github.benmanes.caffeine.cache.Caffeine$$Lambda/0x00007a57084b5df8
4789:             1             16  com.github.benmanes.caffeine.cache.LocalCacheFactory$$Lambda/0x00007a57084b7780
4790:             1             16  com.github.benmanes.caffeine.cache.NodeFactory$$Lambda/0x00007a57084be000
4791:             1             16  com.github.benmanes.caffeine.cache.NodeFactory$DeadStrongKey
4792:             1             16  com.github.benmanes.caffeine.cache.NodeFactory$RetiredStrongKey
4793:             1             16  com.github.benmanes.caffeine.cache.SS$$Lambda/0x00007a57084ba1b8
4794:             1             16  com.github.benmanes.caffeine.cache.SSL$$Lambda/0x00007a57084cd138
4795:             1             16  com.github.benmanes.caffeine.cache.SSLA$$Lambda/0x00007a57084cd348
4796:             1             16  com.github.benmanes.caffeine.cache.SSS$$Lambda/0x00007a57088bdab0
4797:             1             16  com.github.benmanes.caffeine.cache.SSSMS$$Lambda/0x00007a57088bdcc0
4798:             1             16  com.github.benmanes.caffeine.cache.SSSMSA$$Lambda/0x00007a57088bded0
4799:             1             16  com.github.benmanes.caffeine.cache.SSW$$Lambda/0x00007a57084ba3c8
4800:             1             16  com.google.common.base.CharMatcher$Is
4801:             1             16  com.google.common.base.Equivalence$Equals
4802:             1             16  com.google.common.base.Equivalence$Identity
4803:             1             16  com.google.common.base.Platform$JdkPatternCompiler
4804:             1             16  com.google.common.base.Ticker$1
4805:             1             16  com.google.common.cache.CacheBuilder$1
4806:             1             16  com.google.common.cache.CacheBuilder$2
4807:             1             16  com.google.common.cache.CacheBuilder$3
4808:             1             16  com.google.common.cache.LocalCache$1
4809:             1             16  com.google.common.cache.LocalCache$2
4810:             1             16  com.google.common.collect.MapMakerInternalMap$1
4811:             1             16  com.google.common.collect.MapMakerInternalMap$WeakKeyStrongValueEntry$Helper
4812:             1             16  com.google.common.util.concurrent.AbstractFuture$UnsafeAtomicHelper
4813:             1             16  com.google.inject.Scopes$1
4814:             1             16  com.google.inject.Scopes$2
4815:             1             16  com.google.inject.assistedinject.FactoryProvider2$$FastClassByGuice$$46988f4
4816:             1             16  com.google.inject.assistedinject.FactoryProvider2$1
4817:             1             16  com.google.inject.internal.Annotations$1
4818:             1             16  com.google.inject.internal.Annotations$AnnotationToStringConfig
4819:             1             16  com.google.inject.internal.BytecodeGen$$Lambda/0x00007a57080f39f0
4820:             1             16  com.google.inject.internal.ChildBindingAlreadySetError$$Lambda/0x00007a570841b948
4821:             1             16  com.google.inject.internal.ConstructorInjectorStore$$Lambda/0x00007a570810e8a0
4822:             1             16  com.google.inject.internal.DeclaredMembers$$Lambda/0x00007a57080d9470
4823:             1             16  com.google.inject.internal.DeclaredMembers$$Lambda/0x00007a57080d96a0
4824:             1             16  com.google.inject.internal.DeclaredMembers$$Lambda/0x00007a57080d98d0
4825:             1             16  com.google.inject.internal.DeclaredMembers$$Lambda/0x00007a57080d9b00
4826:             1             16  com.google.inject.internal.DeclaredMembers$$Lambda/0x00007a57080d9d30
4827:             1             16  com.google.inject.internal.DeclaredMembers$$Lambda/0x00007a57080dbd70
4828:             1             16  com.google.inject.internal.DeclaredMembers$$Lambda/0x00007a57080fcb30
4829:             1             16  com.google.inject.internal.DeclaredMembers$$Lambda/0x00007a57080fcd60
4830:             1             16  com.google.inject.internal.DeclaredMembers$$Lambda/0x00007a57080fcf90
4831:             1             16  com.google.inject.internal.DeclaredMembers$$Lambda/0x00007a57080fd1c0
4832:             1             16  com.google.inject.internal.GuiceInternal
4833:             1             16  com.google.inject.internal.KotlinSupport$KotlinUnsupported
4834:             1             16  com.google.inject.internal.KotlinSupport$KotlinUnsupported$$Lambda/0x00007a57080e6268
4835:             1             16  com.google.inject.internal.ProvidesMethodScanner
4836:             1             16  com.google.inject.internal.Scoping$1
4837:             1             16  com.google.inject.internal.Scoping$2
4838:             1             16  com.google.inject.internal.Scoping$3
4839:             1             16  com.google.inject.internal.Scoping$4
4840:             1             16  com.google.inject.internal.Scoping$5
4841:             1             16  com.google.inject.internal.SingletonScope
4842:             1             16  com.google.inject.internal.TypeConverterBindingProcessor$1
4843:             1             16  com.google.inject.internal.TypeConverterBindingProcessor$2
4844:             1             16  com.google.inject.internal.TypeConverterBindingProcessor$3
4845:             1             16  com.google.inject.internal.TypeConverterBindingProcessor$4
4846:             1             16  com.google.inject.internal.UniqueAnnotations$1
4847:             1             16  com.google.inject.internal.WeakKeySet$$Lambda/0x00007a5708415d48
4848:             1             16  com.google.inject.internal.aop.AbstractGlueGenerator$$Lambda/0x00007a5708112bf8
4849:             1             16  com.google.inject.internal.aop.HiddenClassDefiner
4850:             1             16  com.google.inject.internal.aop.UnsafeClassDefiner
4851:             1             16  com.google.inject.internal.aop.UnsafeClassDefiner$$Lambda/0x00007a57080f6a00
4852:             1             16  com.google.inject.internal.aop.UnsafeClassDefiner$$Lambda/0x00007a57080f7018
4853:             1             16  com.google.inject.internal.aop.UnsafeClassDefiner$ClassLoaderDefineClassHolder$$Lambda/0x00007a5708113620
4854:             1             16  com.google.inject.internal.util.NewThrowableFinder
4855:             1             16  com.google.inject.internal.util.StackTraceElements$1
4856:             1             16  com.google.inject.matcher.Matchers$Any
4857:             1             16  com.google.inject.spi.BindingSourceRestriction$$Lambda/0x00007a57080d1678
4858:             1             16  com.google.inject.spi.BindingSourceRestriction$$Lambda/0x00007a57080d18a8
4859:             1             16  com.google.inject.spi.BindingSourceRestriction$$Lambda/0x00007a57080ff860
4860:             1             16  com.google.inject.spi.Elements$1
4861:             1             16  com.google.inject.spi.InjectionPoint$$Lambda/0x00007a570810b088
4862:             1             16  com.google.inject.spi.InjectionPoint$$Lambda/0x00007a570810b2c8
4863:             1             16  com.google.inject.spi.InjectionPoint$$Lambda/0x00007a570810b508
4864:             1             16  com.google.inject.util.Modules$EmptyModule
4865:             1             16  com.google.protobuf.ByteString$2
4866:             1             16  com.google.protobuf.ByteString$ArraysByteArrayCopier
4867:             1             16  com.google.protobuf.DescriptorProtos$DescriptorProto$1
4868:             1             16  com.google.protobuf.DescriptorProtos$EnumDescriptorProto$1
4869:             1             16  com.google.protobuf.DescriptorProtos$EnumValueDescriptorProto$1
4870:             1             16  com.google.protobuf.DescriptorProtos$EnumValueOptions$1
4871:             1             16  com.google.protobuf.DescriptorProtos$FieldDescriptorProto$1
4872:             1             16  com.google.protobuf.DescriptorProtos$FieldDescriptorProto$Label$1
4873:             1             16  com.google.protobuf.DescriptorProtos$FieldDescriptorProto$Type$1
4874:             1             16  com.google.protobuf.DescriptorProtos$FieldOptions$1
4875:             1             16  com.google.protobuf.DescriptorProtos$FieldOptions$2
4876:             1             16  com.google.protobuf.DescriptorProtos$FileDescriptorProto$1
4877:             1             16  com.google.protobuf.DescriptorProtos$FileOptions$1
4878:             1             16  com.google.protobuf.DescriptorProtos$MessageOptions$1
4879:             1             16  com.google.protobuf.DescriptorProtos$MethodDescriptorProto$1
4880:             1             16  com.google.protobuf.DescriptorProtos$MethodOptions$1
4881:             1             16  com.google.protobuf.DescriptorProtos$OneofDescriptorProto$1
4882:             1             16  com.google.protobuf.DescriptorProtos$ServiceDescriptorProto$1
4883:             1             16  com.google.protobuf.Descriptors$EnumValueDescriptor$1
4884:             1             16  com.google.protobuf.Descriptors$EnumValueDescriptor$2
4885:             1             16  com.google.protobuf.Descriptors$FieldDescriptor$1
4886:             1             16  com.google.protobuf.Empty$1
4887:             1             16  com.google.protobuf.SmallSortedMap$EmptySet$1
4888:             1             16  com.google.protobuf.SmallSortedMap$EmptySet$2
4889:             1             16  com.google.protobuf.UnknownFieldSet$Parser
4890:             1             16  com.google.protobuf.Utf8$UnsafeProcessor
4891:             1             16  com.sun.jmx.interceptor.DefaultMBeanServerInterceptor$ResourceContext$1 (java.management@21.0.6)
4892:             1             16  com.sun.jmx.mbeanserver.DefaultMXBeanMappingFactory (java.management@21.0.6)
4893:             1             16  com.sun.jmx.mbeanserver.MBeanAnalyzer$MethodOrder (java.management@21.0.6)
4894:             1             16  com.sun.management.internal.HotSpotDiagnostic (jdk.management@21.0.6)
4895:             1             16  com.sun.management.internal.PlatformMBeanProviderImpl$$Lambda/0x00007a57082e6520 (jdk.management@21.0.6)
4896:             1             16  io.grpc.ClientInterceptors$2
4897:             1             16  io.grpc.Codec$Identity
4898:             1             16  io.grpc.Deadline$SystemTicker
4899:             1             16  io.grpc.LoadBalancer$1
4900:             1             16  io.grpc.LoadBalancerProvider$UnknownConfig
4901:             1             16  io.grpc.Metadata$1
4902:             1             16  io.grpc.Metadata$2
4903:             1             16  io.grpc.Status$StatusCodeMarshaller
4904:             1             16  io.grpc.Status$StatusMessageMarshaller
4905:             1             16  io.grpc.ThreadLocalContextStorage
4906:             1             16  io.grpc.internal.CallTracer$1
4907:             1             16  io.grpc.internal.CompositeReadableBuffer$1
4908:             1             16  io.grpc.internal.CompositeReadableBuffer$2
4909:             1             16  io.grpc.internal.CompositeReadableBuffer$3
4910:             1             16  io.grpc.internal.CompositeReadableBuffer$4
4911:             1             16  io.grpc.internal.CompositeReadableBuffer$5
4912:             1             16  io.grpc.internal.DelayedClientCall$8
4913:             1             16  io.grpc.internal.DnsNameResolverProvider
4914:             1             16  io.grpc.internal.GrpcUtil$1
4915:             1             16  io.grpc.internal.GrpcUtil$2
4916:             1             16  io.grpc.internal.GrpcUtil$3
4917:             1             16  io.grpc.internal.GrpcUtil$4
4918:             1             16  io.grpc.internal.GrpcUtil$5
4919:             1             16  io.grpc.internal.GrpcUtil$TimeoutMarshaller
4920:             1             16  io.grpc.internal.Http2ClientStreamTransportState$1
4921:             1             16  io.grpc.internal.JndiResourceResolverFactory
4922:             1             16  io.grpc.internal.KeepAliveEnforcer$SystemTicker
4923:             1             16  io.grpc.internal.ManagedChannelImpl$1
4924:             1             16  io.grpc.internal.ManagedChannelImpl$2
4925:             1             16  io.grpc.internal.ManagedChannelImpl$5
4926:             1             16  io.grpc.internal.NoopClientStream
4927:             1             16  io.grpc.internal.PickFirstLoadBalancerProvider
4928:             1             16  io.grpc.internal.ProxyDetectorImpl$1
4929:             1             16  io.grpc.internal.ProxyDetectorImpl$2
4930:             1             16  io.grpc.internal.ServerImpl$NoopListener
4931:             1             16  io.grpc.internal.ServerImplBuilder$DefaultFallbackRegistry
4932:             1             16  io.grpc.internal.SharedResourceHolder$1
4933:             1             16  io.grpc.netty.NettyAdaptiveCumulator
4934:             1             16  io.grpc.netty.UdsNameResolverProvider
4935:             1             16  io.grpc.util.OutlierDetectionLoadBalancerProvider
4936:             1             16  io.grpc.util.SecretRoundRobinLoadBalancerProvider$Provider
4937:             1             16  io.netty.bootstrap.ChannelInitializerExtensions$EmptyExtensions
4938:             1             16  io.netty.buffer.AbstractReferenceCountedByteBuf$1
4939:             1             16  io.netty.buffer.ByteBufUtil$1
4940:             1             16  io.netty.buffer.ByteBufUtil$2
4941:             1             16  io.netty.buffer.CompositeByteBuf$1
4942:             1             16  io.netty.buffer.CompositeByteBuf$2
4943:             1             16  io.netty.buffer.PoolThreadCache$MemoryRegionCache$1
4944:             1             16  io.netty.buffer.PooledSlicedByteBuf$1
4945:             1             16  io.netty.buffer.PooledUnsafeDirectByteBuf$1
4946:             1             16  io.netty.channel.AbstractChannelHandlerContext$WriteTask$1
4947:             1             16  io.netty.channel.ChannelFutureListener$1
4948:             1             16  io.netty.channel.ChannelFutureListener$2
4949:             1             16  io.netty.channel.ChannelFutureListener$3
4950:             1             16  io.netty.channel.ChannelHandlerMask$1
4951:             1             16  io.netty.channel.ChannelOutboundBuffer$1
4952:             1             16  io.netty.channel.ChannelOutboundBuffer$Entry$1
4953:             1             16  io.netty.channel.DefaultChannelPipeline$1
4954:             1             16  io.netty.channel.DefaultMessageSizeEstimator$HandleImpl
4955:             1             16  io.netty.channel.DefaultSelectStrategy
4956:             1             16  io.netty.channel.DefaultSelectStrategyFactory
4957:             1             16  io.netty.handler.codec.ByteToMessageDecoder$1
4958:             1             16  io.netty.handler.codec.ByteToMessageDecoder$2
4959:             1             16  io.netty.handler.codec.CodecOutputList$1
4960:             1             16  io.netty.handler.codec.CodecOutputList$2
4961:             1             16  io.netty.handler.codec.http2.DefaultHttp2LocalFlowController$2
4962:             1             16  io.netty.handler.codec.http2.Http2ConnectionPrefaceAndSettingsFrameWrittenEvent
4963:             1             16  io.netty.handler.codec.http2.Http2HeadersEncoder$1
4964:             1             16  io.netty.handler.codec.http2.Http2HeadersEncoder$2
4965:             1             16  io.netty.handler.codec.http2.Http2PromisedRequestVerifier$1
4966:             1             16  io.netty.handler.codec.http2.WeightedFairQueueByteDistributor$StateOnlyComparator
4967:             1             16  io.netty.handler.codec.http2.WeightedFairQueueByteDistributor$StatePseudoTimeComparator
4968:             1             16  io.netty.util.AbstractReferenceCounted$1
4969:             1             16  io.netty.util.AsciiString$1
4970:             1             16  io.netty.util.AsciiString$2
4971:             1             16  io.netty.util.NettyRuntime$AvailableProcessorsHolder
4972:             1             16  io.netty.util.Recycler$1
4973:             1             16  io.netty.util.collection.IntCollections$EmptyMap
4974:             1             16  io.netty.util.concurrent.AbstractScheduledEventExecutor$1
4975:             1             16  io.netty.util.concurrent.AbstractScheduledEventExecutor$2
4976:             1             16  io.netty.util.concurrent.DefaultEventExecutorChooserFactory
4977:             1             16  io.netty.util.concurrent.FastThreadLocal
4978:             1             16  io.netty.util.concurrent.RejectedExecutionHandlers$1
4979:             1             16  io.netty.util.concurrent.SingleThreadEventExecutor$1
4980:             1             16  io.netty.util.internal.CleanerJava9
4981:             1             16  io.netty.util.internal.PlatformDependent$1
4982:             1             16  io.netty.util.internal.PlatformDependent$2
4983:             1             16  io.netty.util.internal.RecyclableArrayList$1
4984:             1             16  io.netty.util.internal.TypeParameterMatcher$1
4985:             1             16  io.perfmark.Impl
4986:             1             16  io.perfmark.TaskCloseable
4987:             1             16  io.prometheus.client.SampleNameFilter$AllowAll
4988:             1             16  io.prometheus.client.dropwizard.samplebuilder.DefaultSampleBuilder
4989:             1             16  io.undertow.predicate.AuthenticationRequiredPredicate
4990:             1             16  io.undertow.security.impl.BasicAuthenticationMechanism$Factory
4991:             1             16  io.undertow.security.impl.ClientCertAuthenticationMechanism$Factory
4992:             1             16  io.undertow.security.impl.DigestAuthenticationMechanism$Factory
4993:             1             16  io.undertow.security.impl.ExternalAuthenticationMechanism$Factory
4994:             1             16  io.undertow.security.impl.GenericHeaderAuthenticationMechanism$Factory
4995:             1             16  io.undertow.security.impl.SecurityContextFactoryImpl
4996:             1             16  io.undertow.server.handlers.HttpContinueReadHandler$1
4997:             1             16  io.undertow.server.handlers.resource.ResourceManager$1
4998:             1             16  io.undertow.servlet.core.ApplicationListeners$1
4999:             1             16  io.undertow.servlet.core.DefaultAuthorizationManager
5000:             1             16  io.undertow.servlet.core.ServletRequestContextThreadSetupAction
5001:             1             16  io.undertow.servlet.handlers.ServletDispatchingHandler
5002:             1             16  io.undertow.servlet.handlers.security.ServletFormAuthenticationMechanism$1
5003:             1             16  io.undertow.servlet.handlers.security.ServletFormAuthenticationMechanism$Factory
5004:             1             16  io.undertow.servlet.util.DefaultClassIntrospector
5005:             1             16  io.undertow.util.DateUtils$1
5006:             1             16  io.undertow.util.DateUtils$2
5007:             1             16  io.undertow.util.DateUtils$3
5008:             1             16  io.undertow.util.DateUtils$4
5009:             1             16  io.undertow.util.URLUtils$1
5010:             1             16  io.undertow.util.URLUtils$2
5011:             1             16  jakarta.xml.bind.ContextFinder$1
5012:             1             16  java.io.FileDescriptor$1 (java.base@21.0.6)
5013:             1             16  java.io.FilePermission$1 (java.base@21.0.6)
5014:             1             16  java.io.FilePermissionCollection$$Lambda/0x00007a5708057150 (java.base@21.0.6)
5015:             1             16  java.io.PrintStream$1 (java.base@21.0.6)
5016:             1             16  java.io.PrintWriter$1 (java.base@21.0.6)
5017:             1             16  java.io.RandomAccessFile$2 (java.base@21.0.6)
5018:             1             16  java.lang.ApplicationShutdownHooks$1 (java.base@21.0.6)
5019:             1             16  java.lang.CharacterData00 (java.base@21.0.6)
5020:             1             16  java.lang.CharacterDataLatin1 (java.base@21.0.6)
5021:             1             16  java.lang.Class$$Lambda/0x00007a570807aa78 (java.base@21.0.6)
5022:             1             16  java.lang.ClassLoader$$DefineAccessByGuice$$/0x00007a5708116400 (java.base@21.0.6)
5023:             1             16  java.lang.InheritableThreadLocal (java.base@21.0.6)
5024:             1             16  java.lang.Module$$Lambda/0x00007a57080415c8 (java.base@21.0.6)
5025:             1             16  java.lang.ProcessHandleImpl$$Lambda/0x00007a57083fb6f8 (java.base@21.0.6)
5026:             1             16  java.lang.Runtime (java.base@21.0.6)
5027:             1             16  java.lang.String$CaseInsensitiveComparator (java.base@21.0.6)
5028:             1             16  java.lang.System$2 (java.base@21.0.6)
5029:             1             16  java.lang.System$LoggerFinder$$Lambda/0x00007a57082f10a8 (java.base@21.0.6)
5030:             1             16  java.lang.Terminator$1 (java.base@21.0.6)
5031:             1             16  java.lang.invoke.ClassSpecializer$1 (java.base@21.0.6)
5032:             1             16  java.lang.invoke.MemberName$Factory (java.base@21.0.6)
5033:             1             16  java.lang.invoke.MethodHandleImpl$1 (java.base@21.0.6)
5034:             1             16  java.lang.management.DefaultPlatformMBeanProvider$5$$Lambda/0x00007a5708346c48 (java.management@21.0.6)
5035:             1             16  java.lang.management.ManagementFactory$$Lambda/0x00007a57082e5710 (java.management@21.0.6)
5036:             1             16  java.lang.management.ManagementFactory$$Lambda/0x00007a57082f73a0 (java.management@21.0.6)
5037:             1             16  java.lang.management.ManagementFactory$$Lambda/0x00007a57082f75e0 (java.management@21.0.6)
5038:             1             16  java.lang.management.ManagementFactory$$Lambda/0x00007a57082f7810 (java.management@21.0.6)
5039:             1             16  java.lang.module.ModuleDescriptor$1 (java.base@21.0.6)
5040:             1             16  java.lang.module.ModuleDescriptor$Builder$$Lambda/0x800000002 (java.base@21.0.6)
5041:             1             16  java.lang.ref.Cleaner$1 (java.base@21.0.6)
5042:             1             16  java.lang.ref.Reference$1 (java.base@21.0.6)
5043:             1             16  java.lang.reflect.AccessFlag$1 (java.base@21.0.6)
5044:             1             16  java.lang.reflect.AccessFlag$10 (java.base@21.0.6)
5045:             1             16  java.lang.reflect.AccessFlag$11 (java.base@21.0.6)
5046:             1             16  java.lang.reflect.AccessFlag$12 (java.base@21.0.6)
5047:             1             16  java.lang.reflect.AccessFlag$13 (java.base@21.0.6)
5048:             1             16  java.lang.reflect.AccessFlag$14 (java.base@21.0.6)
5049:             1             16  java.lang.reflect.AccessFlag$15 (java.base@21.0.6)
5050:             1             16  java.lang.reflect.AccessFlag$16 (java.base@21.0.6)
5051:             1             16  java.lang.reflect.AccessFlag$17 (java.base@21.0.6)
5052:             1             16  java.lang.reflect.AccessFlag$18 (java.base@21.0.6)
5053:             1             16  java.lang.reflect.AccessFlag$2 (java.base@21.0.6)
5054:             1             16  java.lang.reflect.AccessFlag$3 (java.base@21.0.6)
5055:             1             16  java.lang.reflect.AccessFlag$4 (java.base@21.0.6)
5056:             1             16  java.lang.reflect.AccessFlag$5 (java.base@21.0.6)
5057:             1             16  java.lang.reflect.AccessFlag$6 (java.base@21.0.6)
5058:             1             16  java.lang.reflect.AccessFlag$7 (java.base@21.0.6)
5059:             1             16  java.lang.reflect.AccessFlag$8 (java.base@21.0.6)
5060:             1             16  java.lang.reflect.AccessFlag$9 (java.base@21.0.6)
5061:             1             16  java.lang.reflect.Proxy$$Lambda/0x00007a5708068438 (java.base@21.0.6)
5062:             1             16  java.lang.reflect.Proxy$ProxyBuilder$$Lambda/0x00007a57080696a8 (java.base@21.0.6)
5063:             1             16  java.lang.reflect.ProxyGenerator$$Lambda/0x00007a570806a1f0 (java.base@21.0.6)
5064:             1             16  java.lang.reflect.ProxyGenerator$$Lambda/0x00007a570806a420 (java.base@21.0.6)
5065:             1             16  java.lang.reflect.ReflectAccess (java.base@21.0.6)
5066:             1             16  java.net.InetAddress$$Lambda/0x00007a57083dcaf0 (java.base@21.0.6)
5067:             1             16  java.net.InetAddress$$Lambda/0x00007a57083dcd20 (java.base@21.0.6)
5068:             1             16  java.net.InetAddress$1 (java.base@21.0.6)
5069:             1             16  java.net.InetAddress$PlatformResolver (java.base@21.0.6)
5070:             1             16  java.net.URI$1 (java.base@21.0.6)
5071:             1             16  java.net.URL$3 (java.base@21.0.6)
5072:             1             16  java.net.URL$DefaultFactory (java.base@21.0.6)
5073:             1             16  java.net.spi.InetAddressResolver$LookupPolicy (java.base@21.0.6)
5074:             1             16  java.nio.Bits$1 (java.base@21.0.6)
5075:             1             16  java.nio.Buffer$1 (java.base@21.0.6)
5076:             1             16  java.nio.Buffer$2 (java.base@21.0.6)
5077:             1             16  java.nio.channels.spi.SelectorProvider$Holder$$Lambda/0x00007a57083502d8 (java.base@21.0.6)
5078:             1             16  java.nio.file.Files$AcceptAllFilter (java.base@21.0.6)
5079:             1             16  java.security.AllPermissionCollection (java.base@21.0.6)
5080:             1             16  java.security.ProtectionDomain$JavaSecurityAccessImpl (java.base@21.0.6)
5081:             1             16  java.security.Security$$Lambda/0x80000000b (java.base@21.0.6)
5082:             1             16  java.security.Security$1 (java.base@21.0.6)
5083:             1             16  java.security.Security$2 (java.base@21.0.6)
5084:             1             16  java.security.Signature$1 (java.base@21.0.6)
5085:             1             16  java.security.spec.EncodedKeySpec$$Lambda/0x00007a570836df88 (java.base@21.0.6)
5086:             1             16  java.text.DontCareFieldPosition$1 (java.base@21.0.6)
5087:             1             16  java.time.ZoneOffset$$Lambda/0x80000000c (java.base@21.0.6)
5088:             1             16  java.time.chrono.IsoChronology (java.base@21.0.6)
5089:             1             16  java.time.format.DateTimeFormatter$$Lambda/0x80000000d (java.base@21.0.6)
5090:             1             16  java.time.format.DateTimeFormatter$$Lambda/0x80000000e (java.base@21.0.6)
5091:             1             16  java.time.format.DateTimeFormatterBuilder$$Lambda/0x80000000f (java.base@21.0.6)
5092:             1             16  java.time.format.DateTimeFormatterBuilder$InstantPrinterParser (java.base@21.0.6)
5093:             1             16  java.time.format.DateTimeTextProvider (java.base@21.0.6)
5094:             1             16  java.time.format.DateTimeTextProvider$1 (java.base@21.0.6)
5095:             1             16  java.time.temporal.TemporalQueries$1 (java.base@21.0.6)
5096:             1             16  java.time.temporal.TemporalQueries$2 (java.base@21.0.6)
5097:             1             16  java.time.temporal.TemporalQueries$3 (java.base@21.0.6)
5098:             1             16  java.time.temporal.TemporalQueries$4 (java.base@21.0.6)
5099:             1             16  java.time.temporal.TemporalQueries$5 (java.base@21.0.6)
5100:             1             16  java.time.temporal.TemporalQueries$6 (java.base@21.0.6)
5101:             1             16  java.time.temporal.TemporalQueries$7 (java.base@21.0.6)
5102:             1             16  java.util.Collections$EmptyEnumeration (java.base@21.0.6)
5103:             1             16  java.util.Collections$EmptyIterator (java.base@21.0.6)
5104:             1             16  java.util.Collections$EmptyList (java.base@21.0.6)
5105:             1             16  java.util.Collections$EmptySet (java.base@21.0.6)
5106:             1             16  java.util.Collections$ReverseComparator (java.base@21.0.6)
5107:             1             16  java.util.EnumMap$1 (java.base@21.0.6)
5108:             1             16  java.util.ImmutableCollections$Access$1 (java.base@21.0.6)
5109:             1             16  java.util.ResourceBundle$1 (java.base@21.0.6)
5110:             1             16  java.util.ResourceBundle$Control (java.base@21.0.6)
5111:             1             16  java.util.ResourceBundle$ResourceBundleControlProviderHolder$$Lambda/0x00007a57085710c8 (java.base@21.0.6)
5112:             1             16  java.util.ResourceBundle$ResourceBundleControlProviderHolder$$Lambda/0x00007a5708571758 (java.base@21.0.6)
5113:             1             16  java.util.Spliterators$EmptySpliterator$OfDouble (java.base@21.0.6)
5114:             1             16  java.util.Spliterators$EmptySpliterator$OfInt (java.base@21.0.6)
5115:             1             16  java.util.Spliterators$EmptySpliterator$OfLong (java.base@21.0.6)
5116:             1             16  java.util.Spliterators$EmptySpliterator$OfRef (java.base@21.0.6)
5117:             1             16  java.util.concurrent.CompletableFuture$Delayer$DaemonThreadFactory (java.base@21.0.6)
5118:             1             16  java.util.concurrent.ForkJoinPool$2 (java.base@21.0.6)
5119:             1             16  java.util.concurrent.ForkJoinPool$DefaultForkJoinWorkerThreadFactory (java.base@21.0.6)
5120:             1             16  java.util.concurrent.ThreadPoolExecutor$CallerRunsPolicy (java.base@21.0.6)
5121:             1             16  java.util.concurrent.ThreadPoolExecutor$DiscardOldestPolicy (java.base@21.0.6)
5122:             1             16  java.util.concurrent.ThreadPoolExecutor$DiscardPolicy (java.base@21.0.6)
5123:             1             16  java.util.function.Function$$Lambda/0x00007a5708346e78 (java.base@21.0.6)
5124:             1             16  java.util.jar.JavaUtilJarAccessImpl (java.base@21.0.6)
5125:             1             16  java.util.logging.ErrorManager (java.logging@21.0.6)
5126:             1             16  java.util.logging.Level$$Lambda/0x800000011 (java.logging@21.0.6)
5127:             1             16  java.util.logging.Level$KnownLevel$$Lambda/0x800000021 (java.logging@21.0.6)
5128:             1             16  java.util.logging.Level$KnownLevel$$Lambda/0x800000022 (java.logging@21.0.6)
5129:             1             16  java.util.logging.Level$KnownLevel$$Lambda/0x800000023 (java.logging@21.0.6)
5130:             1             16  java.util.logging.LogManager$LoggingProviderAccess (java.logging@21.0.6)
5131:             1             16  java.util.logging.Logging (java.logging@21.0.6)
5132:             1             16  java.util.regex.CharPredicates$$Lambda/0x00007a5708062200 (java.base@21.0.6)
5133:             1             16  java.util.regex.CharPredicates$$Lambda/0x800000025 (java.base@21.0.6)
5134:             1             16  java.util.regex.CharPredicates$$Lambda/0x800000026 (java.base@21.0.6)
5135:             1             16  java.util.regex.Pattern$$Lambda/0x00007a5708178000 (java.base@21.0.6)
5136:             1             16  java.util.regex.Pattern$$Lambda/0x00007a57085756b0 (java.base@21.0.6)
5137:             1             16  java.util.stream.Collectors$$Lambda/0x00007a57080762c8 (java.base@21.0.6)
5138:             1             16  java.util.stream.Collectors$$Lambda/0x00007a57080764d8 (java.base@21.0.6)
5139:             1             16  java.util.stream.Collectors$$Lambda/0x00007a57080766f8 (java.base@21.0.6)
5140:             1             16  java.util.stream.Collectors$$Lambda/0x00007a57083470a8 (java.base@21.0.6)
5141:             1             16  java.util.stream.Collectors$$Lambda/0x00007a57083474e0 (java.base@21.0.6)
5142:             1             16  java.util.stream.Collectors$$Lambda/0x00007a570857e4d0 (java.base@21.0.6)
5143:             1             16  java.util.stream.Collectors$$Lambda/0x00007a570857e6f0 (java.base@21.0.6)
5144:             1             16  java.util.stream.Collectors$$Lambda/0x800000039 (java.base@21.0.6)
5145:             1             16  java.util.stream.Collectors$$Lambda/0x80000003e (java.base@21.0.6)
5146:             1             16  java.util.stream.Collectors$$Lambda/0x800000040 (java.base@21.0.6)
5147:             1             16  java.util.stream.Collectors$$Lambda/0x800000041 (java.base@21.0.6)
5148:             1             16  java.util.stream.Collectors$$Lambda/0x800000042 (java.base@21.0.6)
5149:             1             16  java.util.stream.Collectors$$Lambda/0x800000043 (java.base@21.0.6)
5150:             1             16  java.util.stream.Collectors$$Lambda/0x800000045 (java.base@21.0.6)
5151:             1             16  java.util.stream.FindOps$FindSink$OfRef$$Lambda/0x800000048 (java.base@21.0.6)
5152:             1             16  java.util.stream.FindOps$FindSink$OfRef$$Lambda/0x800000049 (java.base@21.0.6)
5153:             1             16  java.util.stream.FindOps$FindSink$OfRef$$Lambda/0x80000004a (java.base@21.0.6)
5154:             1             16  java.util.stream.FindOps$FindSink$OfRef$$Lambda/0x80000004b (java.base@21.0.6)
5155:             1             16  java.util.stream.LongPipeline$$Lambda/0x00007a570857d0d8 (java.base@21.0.6)
5156:             1             16  java.util.stream.LongPipeline$$Lambda/0x00007a57086d1b38 (java.base@21.0.6)
5157:             1             16  java.util.stream.Nodes$EmptyNode$OfDouble (java.base@21.0.6)
5158:             1             16  java.util.stream.Nodes$EmptyNode$OfInt (java.base@21.0.6)
5159:             1             16  java.util.stream.Nodes$EmptyNode$OfLong (java.base@21.0.6)
5160:             1             16  java.util.stream.Nodes$EmptyNode$OfRef (java.base@21.0.6)
5161:             1             16  java.util.stream.ReferencePipeline$$Lambda/0x00007a570834df80 (java.base@21.0.6)
5162:             1             16  java.util.zip.ZipFile$1 (java.base@21.0.6)
5163:             1             16  javax.management.JMX (java.management@21.0.6)
5164:             1             16  javax.management.MBeanServerBuilder (java.management@21.0.6)
5165:             1             16  javax.management.NotificationBroadcasterSupport$1 (java.management@21.0.6)
5166:             1             16  jdk.incubator.vector.ByteVector$$Lambda/0x00007a57086df440 (jdk.incubator.vector@21.0.6)
5167:             1             16  jdk.incubator.vector.ByteVector$$Lambda/0x00007a57086e0008 (jdk.incubator.vector@21.0.6)
5168:             1             16  jdk.incubator.vector.ByteVector$$Lambda/0x00007a57086e0bd0 (jdk.incubator.vector@21.0.6)
5169:             1             16  jdk.incubator.vector.ByteVector$$Lambda/0x00007a57086e1798 (jdk.incubator.vector@21.0.6)
5170:             1             16  jdk.incubator.vector.ByteVector$$Lambda/0x00007a57086e2360 (jdk.incubator.vector@21.0.6)
5171:             1             16  jdk.incubator.vector.FloatVector$$Lambda/0x00007a57083f7430 (jdk.incubator.vector@21.0.6)
5172:             1             16  jdk.incubator.vector.FloatVector$$Lambda/0x00007a57083f7fe0 (jdk.incubator.vector@21.0.6)
5173:             1             16  jdk.incubator.vector.FloatVector$$Lambda/0x00007a57083f8b90 (jdk.incubator.vector@21.0.6)
5174:             1             16  jdk.incubator.vector.FloatVector$$Lambda/0x00007a57083f9740 (jdk.incubator.vector@21.0.6)
5175:             1             16  jdk.incubator.vector.FloatVector$$Lambda/0x00007a57083fa2f0 (jdk.incubator.vector@21.0.6)
5176:             1             16  jdk.incubator.vector.FloatVector$$Lambda/0x00007a57086d7108 (jdk.incubator.vector@21.0.6)
5177:             1             16  jdk.incubator.vector.FloatVector$$Lambda/0x00007a57086e2990 (jdk.incubator.vector@21.0.6)
5178:             1             16  jdk.incubator.vector.FloatVector$$Lambda/0x00007a57086e4e90 (jdk.incubator.vector@21.0.6)
5179:             1             16  jdk.incubator.vector.FloatVector$$Lambda/0x00007a57086ec878 (jdk.incubator.vector@21.0.6)
5180:             1             16  jdk.incubator.vector.FloatVector$$Lambda/0x00007a57086eeb88 (jdk.incubator.vector@21.0.6)
5181:             1             16  jdk.incubator.vector.FloatVector$$Lambda/0x00007a57086f0a58 (jdk.incubator.vector@21.0.6)
5182:             1             16  jdk.incubator.vector.FloatVector$$Lambda/0x00007a57086f2d48 (jdk.incubator.vector@21.0.6)
5183:             1             16  jdk.incubator.vector.FloatVector$$Lambda/0x00007a57086f5688 (jdk.incubator.vector@21.0.6)
5184:             1             16  jdk.incubator.vector.FloatVector$$Lambda/0x00007a57086f89f8 (jdk.incubator.vector@21.0.6)
5185:             1             16  jdk.incubator.vector.FloatVector$$Lambda/0x00007a57086fbd88 (jdk.incubator.vector@21.0.6)
5186:             1             16  jdk.incubator.vector.FloatVector$$Lambda/0x00007a57086fd438 (jdk.incubator.vector@21.0.6)
5187:             1             16  jdk.incubator.vector.FloatVector$$Lambda/0x00007a57088f1ad0 (jdk.incubator.vector@21.0.6)
5188:             1             16  jdk.incubator.vector.FloatVector$$Lambda/0x00007a57088f7170 (jdk.incubator.vector@21.0.6)
5189:             1             16  jdk.incubator.vector.FloatVector$$Lambda/0x00007a57088f8e50 (jdk.incubator.vector@21.0.6)
5190:             1             16  jdk.incubator.vector.IntVector$$Lambda/0x00007a57083f2ba0 (jdk.incubator.vector@21.0.6)
5191:             1             16  jdk.incubator.vector.IntVector$$Lambda/0x00007a57083f3760 (jdk.incubator.vector@21.0.6)
5192:             1             16  jdk.incubator.vector.IntVector$$Lambda/0x00007a57083f4570 (jdk.incubator.vector@21.0.6)
5193:             1             16  jdk.incubator.vector.IntVector$$Lambda/0x00007a57083f5130 (jdk.incubator.vector@21.0.6)
5194:             1             16  jdk.incubator.vector.IntVector$$Lambda/0x00007a57083f5cf0 (jdk.incubator.vector@21.0.6)
5195:             1             16  jdk.incubator.vector.VectorIntrinsics$$Lambda/0x00007a57086d6d08 (jdk.incubator.vector@21.0.6)
5196:             1             16  jdk.internal.icu.impl.Norm2AllModes$NoopNormalizer2 (java.base@21.0.6)
5197:             1             16  jdk.internal.icu.impl.NormalizerImpl$IsAcceptable (java.base@21.0.6)
5198:             1             16  jdk.internal.icu.text.NormalizerBase$NFCMode (java.base@21.0.6)
5199:             1             16  jdk.internal.icu.text.NormalizerBase$NFDMode (java.base@21.0.6)
5200:             1             16  jdk.internal.icu.text.NormalizerBase$NFKCMode (java.base@21.0.6)
5201:             1             16  jdk.internal.icu.text.NormalizerBase$NFKDMode (java.base@21.0.6)
5202:             1             16  jdk.internal.icu.text.NormalizerBase$NONEMode (java.base@21.0.6)
5203:             1             16  jdk.internal.icu.util.VersionInfo (java.base@21.0.6)
5204:             1             16  jdk.internal.jimage.ImageReaderFactory$1 (java.base@21.0.6)
5205:             1             16  jdk.internal.logger.LazyLoggers$1 (java.base@21.0.6)
5206:             1             16  jdk.internal.math.FloatingDecimal$1 (java.base@21.0.6)
5207:             1             16  jdk.internal.misc.CarrierThreadLocal (java.base@21.0.6)
5208:             1             16  jdk.internal.misc.ScopedMemoryAccess (java.base@21.0.6)
5209:             1             16  jdk.internal.misc.TerminatingThreadLocal$1 (java.base@21.0.6)
5210:             1             16  jdk.internal.misc.Unsafe (java.base@21.0.6)
5211:             1             16  jdk.internal.module.DefaultRoots$$Lambda/0x80000004e (java.base@21.0.6)
5212:             1             16  jdk.internal.module.DefaultRoots$$Lambda/0x80000004f (java.base@21.0.6)
5213:             1             16  jdk.internal.module.DefaultRoots$$Lambda/0x800000050 (java.base@21.0.6)
5214:             1             16  jdk.internal.module.DefaultRoots$$Lambda/0x800000051 (java.base@21.0.6)
5215:             1             16  jdk.internal.module.ModuleBootstrap$$Lambda/0x00007a5708041398 (java.base@21.0.6)
5216:             1             16  jdk.internal.module.ModuleResolution (java.base@21.0.6)
5217:             1             16  jdk.internal.perf.Perf (java.base@21.0.6)
5218:             1             16  jdk.internal.platform.CgroupSubsystemFactory$$Lambda/0x00007a5708344270 (java.base@21.0.6)
5219:             1             16  jdk.internal.platform.cgroupv2.CgroupV2Subsystem$$Lambda/0x00007a57086d10b8 (java.base@21.0.6)
5220:             1             16  jdk.internal.util.Preconditions$1 (java.base@21.0.6)
5221:             1             16  jdk.internal.util.Preconditions$2 (java.base@21.0.6)
5222:             1             16  jdk.internal.util.Preconditions$3 (java.base@21.0.6)
5223:             1             16  jdk.jfr.internal.SecuritySupport$$Lambda/0x00007a5708351800 (jdk.jfr@21.0.6)
5224:             1             16  jdk.jfr.internal.SecuritySupport$Privileged (jdk.jfr@21.0.6)
5225:             1             16  jdk.jfr.internal.consumer.FileAccess$UnPrivileged (jdk.jfr@21.0.6)
5226:             1             16  jdk.jfr.internal.dcmd.DCmdCheck$$Lambda/0x00007a5708359e28 (jdk.jfr@21.0.6)
5227:             1             16  jdk.jfr.internal.dcmd.DCmdDump$$Lambda/0x00007a5708359c18 (jdk.jfr@21.0.6)
5228:             1             16  jdk.jfr.internal.dcmd.DCmdStart$$Lambda/0x00007a5708353348 (jdk.jfr@21.0.6)
5229:             1             16  jdk.jfr.internal.dcmd.DCmdStart$$Lambda/0x00007a5708359a08 (jdk.jfr@21.0.6)
5230:             1             16  jdk.jfr.internal.dcmd.DCmdStop$$Lambda/0x00007a570834fa80 (jdk.jfr@21.0.6)
5231:             1             16  jdk.jfr.internal.dcmd.DCmdView$$Lambda/0x00007a570834f870 (jdk.jfr@21.0.6)
5232:             1             16  jdk.jfr.internal.jfc.model.JFCModel$$Lambda/0x00007a57083595b8 (jdk.jfr@21.0.6)
5233:             1             16  jdk.jfr.internal.jfc.model.JFCModel$$Lambda/0x00007a57083597d8 (jdk.jfr@21.0.6)
5234:             1             16  jdk.management.jfr.SettingDescriptorInfo$1 (jdk.management.jfr@21.0.6)
5235:             1             16  jdk.net.LinuxSocketOptions (jdk.net@21.0.6)
5236:             1             16  kotlin.KotlinVersion$Companion
5237:             1             16  kotlin.KotlinVersionCurrentValue
5238:             1             16  kotlin.Result$Companion
5239:             1             16  kotlin.SafePublicationLazyImpl$Companion
5240:             1             16  kotlin.UInt$Companion
5241:             1             16  kotlin.ULong$Companion
5242:             1             16  kotlin.UNINITIALIZED_VALUE
5243:             1             16  kotlin.Unit
5244:             1             16  kotlin._Assertions
5245:             1             16  kotlin.collections.AbstractList$Companion
5246:             1             16  kotlin.collections.EmptyIterator
5247:             1             16  kotlin.collections.EmptyList
5248:             1             16  kotlin.collections.EmptyMap
5249:             1             16  kotlin.collections.EmptySet
5250:             1             16  kotlin.collections.builders.MapBuilder$Companion
5251:             1             16  kotlin.coroutines.ContinuationInterceptor$Key
5252:             1             16  kotlin.coroutines.CoroutineContext$DefaultImpls$$Lambda/0x00007a57084b27d0
5253:             1             16  kotlin.coroutines.EmptyCoroutineContext
5254:             1             16  kotlin.coroutines.jvm.internal.CompletedContinuation
5255:             1             16  kotlin.internal.jdk8.JDK8PlatformImplementations
5256:             1             16  kotlin.internal.jdk8.JDK8PlatformImplementations$ReflectSdkVersion
5257:             1             16  kotlin.jvm.internal.CallableReference$NoReceiver
5258:             1             16  kotlin.jvm.internal.StringCompanionObject
5259:             1             16  kotlin.properties.Delegates
5260:             1             16  kotlin.random.Random$Default
5261:             1             16  kotlin.random.XorWowRandom$Companion
5262:             1             16  kotlin.random.jdk8.PlatformThreadLocalRandom
5263:             1             16  kotlin.ranges.IntProgression$Companion
5264:             1             16  kotlin.ranges.IntRange$Companion
5265:             1             16  kotlin.reflect.jvm.internal.CachesKt$$Lambda$0
5266:             1             16  kotlin.reflect.jvm.internal.CachesKt$$Lambda$1
5267:             1             16  kotlin.reflect.jvm.internal.CachesKt$$Lambda$2
5268:             1             16  kotlin.reflect.jvm.internal.CachesKt$$Lambda$3
5269:             1             16  kotlin.reflect.jvm.internal.CachesKt$$Lambda$4
5270:             1             16  kotlin.reflect.jvm.internal.KDeclarationContainerImpl$Companion
5271:             1             16  kotlin.reflect.jvm.internal.KPropertyImpl$Companion
5272:             1             16  kotlin.reflect.jvm.internal.ReflectProperties$Val$1
5273:             1             16  kotlin.reflect.jvm.internal.ReflectionFactoryImpl
5274:             1             16  kotlin.reflect.jvm.internal.RuntimeTypeMapper
5275:             1             16  kotlin.reflect.jvm.internal.RuntimeTypeMapperKt$$Lambda$0
5276:             1             16  kotlin.reflect.jvm.internal.calls.CallerImpl$Companion
5277:             1             16  kotlin.reflect.jvm.internal.impl.SpecialJvmAnnotations
5278:             1             16  kotlin.reflect.jvm.internal.impl.builtins.BuiltInsLoader$Companion
5279:             1             16  kotlin.reflect.jvm.internal.impl.builtins.BuiltInsLoader$Companion$$Lambda$0
5280:             1             16  kotlin.reflect.jvm.internal.impl.builtins.CompanionObjectMapping
5281:             1             16  kotlin.reflect.jvm.internal.impl.builtins.PrimitiveType$Companion
5282:             1             16  kotlin.reflect.jvm.internal.impl.builtins.ReflectionTypes$Companion
5283:             1             16  kotlin.reflect.jvm.internal.impl.builtins.StandardNames
5284:             1             16  kotlin.reflect.jvm.internal.impl.builtins.StandardNames$FqNames
5285:             1             16  kotlin.reflect.jvm.internal.impl.builtins.functions.FunctionTypeKindExtractor$Companion
5286:             1             16  kotlin.reflect.jvm.internal.impl.builtins.jvm.CloneableClassScope$Companion
5287:             1             16  kotlin.reflect.jvm.internal.impl.builtins.jvm.FallbackBuiltIns$Companion
5288:             1             16  kotlin.reflect.jvm.internal.impl.builtins.jvm.JavaToKotlinClassMap
5289:             1             16  kotlin.reflect.jvm.internal.impl.builtins.jvm.JavaToKotlinClassMapper
5290:             1             16  kotlin.reflect.jvm.internal.impl.builtins.jvm.JvmBuiltInClassDescriptorFactory$$Lambda$1
5291:             1             16  kotlin.reflect.jvm.internal.impl.builtins.jvm.JvmBuiltInClassDescriptorFactory$Companion
5292:             1             16  kotlin.reflect.jvm.internal.impl.builtins.jvm.JvmBuiltInsCustomizer$$Lambda$6
5293:             1             16  kotlin.reflect.jvm.internal.impl.builtins.jvm.JvmBuiltInsPackageFragmentProvider$Companion
5294:             1             16  kotlin.reflect.jvm.internal.impl.builtins.jvm.JvmBuiltInsSignatures
5295:             1             16  kotlin.reflect.jvm.internal.impl.descriptors.DescriptorVisibilities$10
5296:             1             16  kotlin.reflect.jvm.internal.impl.descriptors.DescriptorVisibilities$11
5297:             1             16  kotlin.reflect.jvm.internal.impl.descriptors.DescriptorVisibilities$12
5298:             1             16  kotlin.reflect.jvm.internal.impl.descriptors.Modality$Companion
5299:             1             16  kotlin.reflect.jvm.internal.impl.descriptors.ScopesHolderForClass$Companion
5300:             1             16  kotlin.reflect.jvm.internal.impl.descriptors.SourceElement$1
5301:             1             16  kotlin.reflect.jvm.internal.impl.descriptors.SupertypeLoopChecker$EMPTY
5302:             1             16  kotlin.reflect.jvm.internal.impl.descriptors.Visibilities
5303:             1             16  kotlin.reflect.jvm.internal.impl.descriptors.annotations.Annotations$Companion
5304:             1             16  kotlin.reflect.jvm.internal.impl.descriptors.annotations.Annotations$Companion$EMPTY$1
5305:             1             16  kotlin.reflect.jvm.internal.impl.descriptors.deserialization.AdditionalClassPartsProvider$None
5306:             1             16  kotlin.reflect.jvm.internal.impl.descriptors.deserialization.PlatformDependentDeclarationFilter$All
5307:             1             16  kotlin.reflect.jvm.internal.impl.descriptors.impl.ModuleAwareClassDescriptor$Companion
5308:             1             16  kotlin.reflect.jvm.internal.impl.descriptors.impl.PackageViewDescriptorFactory$Companion
5309:             1             16  kotlin.reflect.jvm.internal.impl.descriptors.impl.PackageViewDescriptorFactory$Default
5310:             1             16  kotlin.reflect.jvm.internal.impl.descriptors.impl.ValueParameterDescriptorImpl$Companion
5311:             1             16  kotlin.reflect.jvm.internal.impl.descriptors.runtime.components.ReflectClassStructure
5312:             1             16  kotlin.reflect.jvm.internal.impl.descriptors.runtime.components.ReflectKotlinClass$Factory
5313:             1             16  kotlin.reflect.jvm.internal.impl.descriptors.runtime.components.RuntimeErrorReporter
5314:             1             16  kotlin.reflect.jvm.internal.impl.descriptors.runtime.components.RuntimeModuleData$Companion
5315:             1             16  kotlin.reflect.jvm.internal.impl.descriptors.runtime.components.RuntimeSourceElementFactory
5316:             1             16  kotlin.reflect.jvm.internal.impl.descriptors.runtime.structure.Java16SealedRecordLoader
5317:             1             16  kotlin.reflect.jvm.internal.impl.descriptors.runtime.structure.Java8ParameterNamesLoader
5318:             1             16  kotlin.reflect.jvm.internal.impl.descriptors.runtime.structure.ReflectClassUtilKt$$Lambda$0
5319:             1             16  kotlin.reflect.jvm.internal.impl.descriptors.runtime.structure.ReflectClassUtilKt$$Lambda$1
5320:             1             16  kotlin.reflect.jvm.internal.impl.descriptors.runtime.structure.ReflectJavaAnnotationArgument$Factory
5321:             1             16  kotlin.reflect.jvm.internal.impl.descriptors.runtime.structure.ReflectJavaClass$$Lambda$0
5322:             1             16  kotlin.reflect.jvm.internal.impl.descriptors.runtime.structure.ReflectJavaClass$$Lambda$1
5323:             1             16  kotlin.reflect.jvm.internal.impl.descriptors.runtime.structure.ReflectJavaType$Factory
5324:             1             16  kotlin.reflect.jvm.internal.impl.incremental.components.LookupTracker$DO_NOTHING
5325:             1             16  kotlin.reflect.jvm.internal.impl.load.java.AbstractAnnotationTypeQualifierResolver$Companion
5326:             1             16  kotlin.reflect.jvm.internal.impl.load.java.BuiltinMethodsWithSpecialGenericSignature
5327:             1             16  kotlin.reflect.jvm.internal.impl.load.java.BuiltinSpecialProperties
5328:             1             16  kotlin.reflect.jvm.internal.impl.load.java.ClassicBuiltinSpecialProperties
5329:             1             16  kotlin.reflect.jvm.internal.impl.load.java.ClassicBuiltinSpecialProperties$$Lambda$0
5330:             1             16  kotlin.reflect.jvm.internal.impl.load.java.ErasedOverridabilityCondition
5331:             1             16  kotlin.reflect.jvm.internal.impl.load.java.FakePureImplementationsProvider
5332:             1             16  kotlin.reflect.jvm.internal.impl.load.java.FieldOverridabilityCondition
5333:             1             16  kotlin.reflect.jvm.internal.impl.load.java.JavaClassesTracker$Default
5334:             1             16  kotlin.reflect.jvm.internal.impl.load.java.JavaIncompatibilityRulesOverridabilityCondition
5335:             1             16  kotlin.reflect.jvm.internal.impl.load.java.JavaIncompatibilityRulesOverridabilityCondition$Companion
5336:             1             16  kotlin.reflect.jvm.internal.impl.load.java.JavaNullabilityAnnotationsStatus$Companion
5337:             1             16  kotlin.reflect.jvm.internal.impl.load.java.JavaTypeEnhancementState$Companion
5338:             1             16  kotlin.reflect.jvm.internal.impl.load.java.JvmAbi
5339:             1             16  kotlin.reflect.jvm.internal.impl.load.java.NullabilityAnnotationStates$Companion
5340:             1             16  kotlin.reflect.jvm.internal.impl.load.java.ReportLevel$Companion
5341:             1             16  kotlin.reflect.jvm.internal.impl.load.java.SpecialBuiltinMembers$$Lambda$0
5342:             1             16  kotlin.reflect.jvm.internal.impl.load.java.SpecialGenericSignatures$Companion
5343:             1             16  kotlin.reflect.jvm.internal.impl.load.java.components.JavaAnnotationMapper
5344:             1             16  kotlin.reflect.jvm.internal.impl.load.java.components.JavaDeprecatedAnnotationDescriptor$$Lambda$0
5345:             1             16  kotlin.reflect.jvm.internal.impl.load.java.components.JavaPropertyInitializerEvaluator$DoNothing
5346:             1             16  kotlin.reflect.jvm.internal.impl.load.java.components.JavaResolverCache$1
5347:             1             16  kotlin.reflect.jvm.internal.impl.load.java.components.SignaturePropagator$1
5348:             1             16  kotlin.reflect.jvm.internal.impl.load.java.descriptors.JavaMethodDescriptor$1
5349:             1             16  kotlin.reflect.jvm.internal.impl.load.java.descriptors.JavaMethodDescriptor$2
5350:             1             16  kotlin.reflect.jvm.internal.impl.load.java.lazy.JavaResolverSettings$Default
5351:             1             16  kotlin.reflect.jvm.internal.impl.load.java.lazy.TypeParameterResolver$EMPTY
5352:             1             16  kotlin.reflect.jvm.internal.impl.load.java.lazy.descriptors.LazyJavaClassDescriptor$Companion
5353:             1             16  kotlin.reflect.jvm.internal.impl.load.java.lazy.descriptors.LazyJavaClassMemberScope$$Lambda$5
5354:             1             16  kotlin.reflect.jvm.internal.impl.load.java.lazy.descriptors.LazyJavaPackageScope$KotlinClassLookupResult$NotFound
5355:             1             16  kotlin.reflect.jvm.internal.impl.load.java.typeEnhancement.JavaTypeQualifiers$Companion
5356:             1             16  kotlin.reflect.jvm.internal.impl.load.java.typeEnhancement.SignatureEnhancement$$Lambda$2
5357:             1             16  kotlin.reflect.jvm.internal.impl.load.java.typeEnhancement.SignatureEnhancement$$Lambda$3
5358:             1             16  kotlin.reflect.jvm.internal.impl.load.java.typeEnhancement.SignatureEnhancement$$Lambda$4
5359:             1             16  kotlin.reflect.jvm.internal.impl.load.kotlin.AbstractBinaryClassAnnotationLoader$Companion
5360:             1             16  kotlin.reflect.jvm.internal.impl.load.kotlin.DeserializationComponentsForJava$Companion
5361:             1             16  kotlin.reflect.jvm.internal.impl.load.kotlin.DeserializedDescriptorResolver$Companion
5362:             1             16  kotlin.reflect.jvm.internal.impl.load.kotlin.JavaFlexibleTypeDeserializer
5363:             1             16  kotlin.reflect.jvm.internal.impl.load.kotlin.JvmType$Companion
5364:             1             16  kotlin.reflect.jvm.internal.impl.load.kotlin.JvmTypeFactoryImpl
5365:             1             16  kotlin.reflect.jvm.internal.impl.load.kotlin.PackagePartProvider$Empty
5366:             1             16  kotlin.reflect.jvm.internal.impl.load.kotlin.SignatureBuildingComponents
5367:             1             16  kotlin.reflect.jvm.internal.impl.load.kotlin.SignatureBuildingComponents$$Lambda$0
5368:             1             16  kotlin.reflect.jvm.internal.impl.load.kotlin.TypeMappingConfigurationImpl
5369:             1             16  kotlin.reflect.jvm.internal.impl.load.kotlin.TypeMappingMode$Companion
5370:             1             16  kotlin.reflect.jvm.internal.impl.load.kotlin.header.KotlinClassHeader$Kind$Companion
5371:             1             16  kotlin.reflect.jvm.internal.impl.metadata.ProtoBuf$Annotation$1
5372:             1             16  kotlin.reflect.jvm.internal.impl.metadata.ProtoBuf$Annotation$Argument$1
5373:             1             16  kotlin.reflect.jvm.internal.impl.metadata.ProtoBuf$Annotation$Argument$Value$1
5374:             1             16  kotlin.reflect.jvm.internal.impl.metadata.ProtoBuf$Annotation$Argument$Value$Type$1
5375:             1             16  kotlin.reflect.jvm.internal.impl.metadata.ProtoBuf$Class$1
5376:             1             16  kotlin.reflect.jvm.internal.impl.metadata.ProtoBuf$Class$Kind$1
5377:             1             16  kotlin.reflect.jvm.internal.impl.metadata.ProtoBuf$Constructor$1
5378:             1             16  kotlin.reflect.jvm.internal.impl.metadata.ProtoBuf$Contract$1
5379:             1             16  kotlin.reflect.jvm.internal.impl.metadata.ProtoBuf$EnumEntry$1
5380:             1             16  kotlin.reflect.jvm.internal.impl.metadata.ProtoBuf$Function$1
5381:             1             16  kotlin.reflect.jvm.internal.impl.metadata.ProtoBuf$MemberKind$1
5382:             1             16  kotlin.reflect.jvm.internal.impl.metadata.ProtoBuf$Modality$1
5383:             1             16  kotlin.reflect.jvm.internal.impl.metadata.ProtoBuf$Package$1
5384:             1             16  kotlin.reflect.jvm.internal.impl.metadata.ProtoBuf$PackageFragment$1
5385:             1             16  kotlin.reflect.jvm.internal.impl.metadata.ProtoBuf$Property$1
5386:             1             16  kotlin.reflect.jvm.internal.impl.metadata.ProtoBuf$QualifiedNameTable$1
5387:             1             16  kotlin.reflect.jvm.internal.impl.metadata.ProtoBuf$QualifiedNameTable$QualifiedName$1
5388:             1             16  kotlin.reflect.jvm.internal.impl.metadata.ProtoBuf$QualifiedNameTable$QualifiedName$Kind$1
5389:             1             16  kotlin.reflect.jvm.internal.impl.metadata.ProtoBuf$StringTable$1
5390:             1             16  kotlin.reflect.jvm.internal.impl.metadata.ProtoBuf$Type$1
5391:             1             16  kotlin.reflect.jvm.internal.impl.metadata.ProtoBuf$Type$Argument$1
5392:             1             16  kotlin.reflect.jvm.internal.impl.metadata.ProtoBuf$Type$Argument$Projection$1
5393:             1             16  kotlin.reflect.jvm.internal.impl.metadata.ProtoBuf$TypeParameter$1
5394:             1             16  kotlin.reflect.jvm.internal.impl.metadata.ProtoBuf$TypeParameter$Variance$1
5395:             1             16  kotlin.reflect.jvm.internal.impl.metadata.ProtoBuf$TypeTable$1
5396:             1             16  kotlin.reflect.jvm.internal.impl.metadata.ProtoBuf$ValueParameter$1
5397:             1             16  kotlin.reflect.jvm.internal.impl.metadata.ProtoBuf$VersionRequirementTable$1
5398:             1             16  kotlin.reflect.jvm.internal.impl.metadata.ProtoBuf$Visibility$1
5399:             1             16  kotlin.reflect.jvm.internal.impl.metadata.builtins.BuiltInsBinaryVersion$Companion
5400:             1             16  kotlin.reflect.jvm.internal.impl.metadata.deserialization.BinaryVersion$Companion
5401:             1             16  kotlin.reflect.jvm.internal.impl.metadata.deserialization.VersionRequirementTable$Companion
5402:             1             16  kotlin.reflect.jvm.internal.impl.metadata.jvm.JvmProtoBuf$JvmFieldSignature$1
5403:             1             16  kotlin.reflect.jvm.internal.impl.metadata.jvm.JvmProtoBuf$JvmMethodSignature$1
5404:             1             16  kotlin.reflect.jvm.internal.impl.metadata.jvm.JvmProtoBuf$JvmPropertySignature$1
5405:             1             16  kotlin.reflect.jvm.internal.impl.metadata.jvm.JvmProtoBuf$StringTableTypes$1
5406:             1             16  kotlin.reflect.jvm.internal.impl.metadata.jvm.JvmProtoBuf$StringTableTypes$Record$1
5407:             1             16  kotlin.reflect.jvm.internal.impl.metadata.jvm.JvmProtoBuf$StringTableTypes$Record$Operation$1
5408:             1             16  kotlin.reflect.jvm.internal.impl.metadata.jvm.deserialization.ClassMapperLite
5409:             1             16  kotlin.reflect.jvm.internal.impl.metadata.jvm.deserialization.JvmFlags
5410:             1             16  kotlin.reflect.jvm.internal.impl.metadata.jvm.deserialization.JvmMetadataVersion$Companion
5411:             1             16  kotlin.reflect.jvm.internal.impl.metadata.jvm.deserialization.JvmNameResolverBase$Companion
5412:             1             16  kotlin.reflect.jvm.internal.impl.metadata.jvm.deserialization.JvmProtoBufUtil
5413:             1             16  kotlin.reflect.jvm.internal.impl.name.CallableId$Companion
5414:             1             16  kotlin.reflect.jvm.internal.impl.name.ClassId$Companion
5415:             1             16  kotlin.reflect.jvm.internal.impl.name.FqName$Companion
5416:             1             16  kotlin.reflect.jvm.internal.impl.name.FqNameUnsafe$Companion
5417:             1             16  kotlin.reflect.jvm.internal.impl.name.SpecialNames
5418:             1             16  kotlin.reflect.jvm.internal.impl.name.StandardClassIds
5419:             1             16  kotlin.reflect.jvm.internal.impl.protobuf.SmallSortedMap$EmptySet$1
5420:             1             16  kotlin.reflect.jvm.internal.impl.protobuf.SmallSortedMap$EmptySet$2
5421:             1             16  kotlin.reflect.jvm.internal.impl.renderer.ClassifierNamePolicy$FULLY_QUALIFIED
5422:             1             16  kotlin.reflect.jvm.internal.impl.renderer.ClassifierNamePolicy$SHORT
5423:             1             16  kotlin.reflect.jvm.internal.impl.renderer.ClassifierNamePolicy$SOURCE_CODE_QUALIFIED
5424:             1             16  kotlin.reflect.jvm.internal.impl.renderer.DescriptorRenderer$$Lambda$0
5425:             1             16  kotlin.reflect.jvm.internal.impl.renderer.DescriptorRenderer$$Lambda$1
5426:             1             16  kotlin.reflect.jvm.internal.impl.renderer.DescriptorRenderer$$Lambda$10
5427:             1             16  kotlin.reflect.jvm.internal.impl.renderer.DescriptorRenderer$$Lambda$2
5428:             1             16  kotlin.reflect.jvm.internal.impl.renderer.DescriptorRenderer$$Lambda$3
5429:             1             16  kotlin.reflect.jvm.internal.impl.renderer.DescriptorRenderer$$Lambda$4
5430:             1             16  kotlin.reflect.jvm.internal.impl.renderer.DescriptorRenderer$$Lambda$5
5431:             1             16  kotlin.reflect.jvm.internal.impl.renderer.DescriptorRenderer$$Lambda$6
5432:             1             16  kotlin.reflect.jvm.internal.impl.renderer.DescriptorRenderer$$Lambda$7
5433:             1             16  kotlin.reflect.jvm.internal.impl.renderer.DescriptorRenderer$$Lambda$8
5434:             1             16  kotlin.reflect.jvm.internal.impl.renderer.DescriptorRenderer$$Lambda$9
5435:             1             16  kotlin.reflect.jvm.internal.impl.renderer.DescriptorRenderer$Companion
5436:             1             16  kotlin.reflect.jvm.internal.impl.renderer.DescriptorRenderer$ValueParametersHandler$DEFAULT
5437:             1             16  kotlin.reflect.jvm.internal.impl.renderer.DescriptorRendererModifier$Companion
5438:             1             16  kotlin.reflect.jvm.internal.impl.renderer.DescriptorRendererOptionsImpl$$Lambda$0
5439:             1             16  kotlin.reflect.jvm.internal.impl.renderer.DescriptorRendererOptionsImpl$$Lambda$1
5440:             1             16  kotlin.reflect.jvm.internal.impl.renderer.ExcludedTypeAnnotations
5441:             1             16  kotlin.reflect.jvm.internal.impl.resolve.CliStdlibClassFinderImpl
5442:             1             16  kotlin.reflect.jvm.internal.impl.resolve.MemberComparator$NameAndTypeMemberComparator
5443:             1             16  kotlin.reflect.jvm.internal.impl.resolve.OverridingUtil$1
5444:             1             16  kotlin.reflect.jvm.internal.impl.resolve.constants.ConstantValueFactory
5445:             1             16  kotlin.reflect.jvm.internal.impl.resolve.descriptorUtil.DescriptorUtilsKt$$Lambda$0
5446:             1             16  kotlin.reflect.jvm.internal.impl.resolve.jvm.SyntheticJavaPartsProvider$Companion
5447:             1             16  kotlin.reflect.jvm.internal.impl.resolve.scopes.ChainedMemberScope$Companion
5448:             1             16  kotlin.reflect.jvm.internal.impl.resolve.scopes.DescriptorKindFilter$Companion
5449:             1             16  kotlin.reflect.jvm.internal.impl.resolve.scopes.MemberScope$Companion
5450:             1             16  kotlin.reflect.jvm.internal.impl.resolve.scopes.MemberScope$Companion$$Lambda$0
5451:             1             16  kotlin.reflect.jvm.internal.impl.resolve.scopes.MemberScope$Empty
5452:             1             16  kotlin.reflect.jvm.internal.impl.serialization.deserialization.ClassDeserializer$Companion
5453:             1             16  kotlin.reflect.jvm.internal.impl.serialization.deserialization.ContractDeserializer$Companion
5454:             1             16  kotlin.reflect.jvm.internal.impl.serialization.deserialization.ContractDeserializer$Companion$DEFAULT$1
5455:             1             16  kotlin.reflect.jvm.internal.impl.serialization.deserialization.DeserializationConfiguration$Default
5456:             1             16  kotlin.reflect.jvm.internal.impl.serialization.deserialization.EnumEntriesDeserializationSupport$Default
5457:             1             16  kotlin.reflect.jvm.internal.impl.serialization.deserialization.ErrorReporter$1
5458:             1             16  kotlin.reflect.jvm.internal.impl.serialization.deserialization.FlexibleTypeDeserializer$ThrowException
5459:             1             16  kotlin.reflect.jvm.internal.impl.serialization.deserialization.JvmEnumEntriesDeserializationSupport
5460:             1             16  kotlin.reflect.jvm.internal.impl.serialization.deserialization.LocalClassifierTypeSettings$Default
5461:             1             16  kotlin.reflect.jvm.internal.impl.serialization.deserialization.ProtoEnumFlags
5462:             1             16  kotlin.reflect.jvm.internal.impl.serialization.deserialization.builtins.BuiltInsPackageFragmentImpl$Companion
5463:             1             16  kotlin.reflect.jvm.internal.impl.serialization.deserialization.builtins.BuiltInsResourceLoader
5464:             1             16  kotlin.reflect.jvm.internal.impl.storage.EmptySimpleLock
5465:             1             16  kotlin.reflect.jvm.internal.impl.storage.LockBasedStorageManager$CacheWithNullableValuesBasedOnMemoizedFunction$1
5466:             1             16  kotlin.reflect.jvm.internal.impl.storage.LockBasedStorageManager$ExceptionHandlingStrategy$1
5467:             1             16  kotlin.reflect.jvm.internal.impl.storage.SimpleLock$Companion
5468:             1             16  kotlin.reflect.jvm.internal.impl.types.AbstractNullabilityChecker
5469:             1             16  kotlin.reflect.jvm.internal.impl.types.AbstractStrictEqualityTypeChecker
5470:             1             16  kotlin.reflect.jvm.internal.impl.types.AbstractTypeChecker
5471:             1             16  kotlin.reflect.jvm.internal.impl.types.AbstractTypeConstructor$$Lambda$1
5472:             1             16  kotlin.reflect.jvm.internal.impl.types.DefaultTypeAttributeTranslator
5473:             1             16  kotlin.reflect.jvm.internal.impl.types.DisjointKeysUnionTypeSubstitution$Companion
5474:             1             16  kotlin.reflect.jvm.internal.impl.types.FlexibleTypeImpl$Companion
5475:             1             16  kotlin.reflect.jvm.internal.impl.types.KotlinTypeFactory
5476:             1             16  kotlin.reflect.jvm.internal.impl.types.KotlinTypeFactory$EMPTY_REFINED_TYPE_FACTORY$1
5477:             1             16  kotlin.reflect.jvm.internal.impl.types.TypeCheckerState$SupertypesPolicy$LowerIfFlexible
5478:             1             16  kotlin.reflect.jvm.internal.impl.types.TypeCheckerState$SupertypesPolicy$None
5479:             1             16  kotlin.reflect.jvm.internal.impl.types.TypeConstructorSubstitution$Companion
5480:             1             16  kotlin.reflect.jvm.internal.impl.types.TypeParameterUpperBoundEraser$Companion
5481:             1             16  kotlin.reflect.jvm.internal.impl.types.TypeSubstitution$Companion
5482:             1             16  kotlin.reflect.jvm.internal.impl.types.TypeSubstitution$Companion$EMPTY$1
5483:             1             16  kotlin.reflect.jvm.internal.impl.types.checker.KotlinTypePreparator$Default
5484:             1             16  kotlin.reflect.jvm.internal.impl.types.checker.KotlinTypeRefiner$Default
5485:             1             16  kotlin.reflect.jvm.internal.impl.types.checker.NewKotlinTypeChecker$Companion
5486:             1             16  kotlin.reflect.jvm.internal.impl.types.checker.SimpleClassicTypeSystemContext
5487:             1             16  kotlin.reflect.jvm.internal.impl.types.checker.StrictEqualityTypeChecker
5488:             1             16  kotlin.reflect.jvm.internal.impl.types.error.ErrorModuleDescriptor
5489:             1             16  kotlin.reflect.jvm.internal.impl.types.error.ErrorModuleDescriptor$$Lambda$0
5490:             1             16  kotlin.reflect.jvm.internal.impl.types.error.ErrorUtils
5491:             1             16  kotlin.reflect.jvm.internal.impl.types.typesApproximation.CapturedTypeApproximationKt$$Lambda$1
5492:             1             16  kotlin.reflect.jvm.internal.impl.util.CheckResult$IllegalFunctionName
5493:             1             16  kotlin.reflect.jvm.internal.impl.util.CheckResult$SuccessCheck
5494:             1             16  kotlin.reflect.jvm.internal.impl.util.Checks$2
5495:             1             16  kotlin.reflect.jvm.internal.impl.util.Checks$3
5496:             1             16  kotlin.reflect.jvm.internal.impl.util.Checks$4
5497:             1             16  kotlin.reflect.jvm.internal.impl.util.EmptyArrayMap
5498:             1             16  kotlin.reflect.jvm.internal.impl.util.IsKPropertyCheck
5499:             1             16  kotlin.reflect.jvm.internal.impl.util.ModuleVisibilityHelper$EMPTY
5500:             1             16  kotlin.reflect.jvm.internal.impl.util.NoDefaultAndVarargsCheck
5501:             1             16  kotlin.reflect.jvm.internal.impl.util.NullableArrayMapAccessor
5502:             1             16  kotlin.reflect.jvm.internal.impl.util.OperatorChecks
5503:             1             16  kotlin.reflect.jvm.internal.impl.util.OperatorChecks$$Lambda$0
5504:             1             16  kotlin.reflect.jvm.internal.impl.util.OperatorChecks$$Lambda$1
5505:             1             16  kotlin.reflect.jvm.internal.impl.util.OperatorChecks$$Lambda$2
5506:             1             16  kotlin.reflect.jvm.internal.impl.util.OperatorNameConventions
5507:             1             16  kotlin.reflect.jvm.internal.impl.util.ReturnsCheck$ReturnsBoolean$$Lambda$0
5508:             1             16  kotlin.reflect.jvm.internal.impl.util.ReturnsCheck$ReturnsInt$$Lambda$0
5509:             1             16  kotlin.reflect.jvm.internal.impl.util.ReturnsCheck$ReturnsUnit$$Lambda$0
5510:             1             16  kotlin.reflect.jvm.internal.impl.utils.FunctionsKt$$Lambda$3
5511:             1             16  kotlin.reflect.jvm.internal.impl.utils.FunctionsKt$$Lambda$4
5512:             1             16  kotlin.reflect.jvm.internal.impl.utils.FunctionsKt$$Lambda$5
5513:             1             16  kotlin.reflect.jvm.internal.impl.utils.FunctionsKt$$Lambda$6
5514:             1             16  kotlin.reflect.jvm.internal.impl.utils.FunctionsKt$$Lambda$7
5515:             1             16  kotlin.reflect.jvm.internal.impl.utils.FunctionsKt$ALWAYS_NULL$1
5516:             1             16  kotlin.reflect.jvm.internal.impl.utils.SmartSet$Companion
5517:             1             16  kotlin.reflect.jvm.internal.impl.utils.WrappedValues$1
5518:             1             16  kotlin.sequences.EmptySequence
5519:             1             16  kotlin.sequences.SequencesKt__SequencesKt$$Lambda/0x00007a5708271b50
5520:             1             16  kotlin.sequences.SequencesKt__SequencesKt$$Lambda/0x00007a5708271f78
5521:             1             16  kotlin.sequences.SequencesKt__SequencesKt$$Lambda/0x00007a57087a63f8
5522:             1             16  kotlin.sequences.SequencesKt___SequencesKt$$Lambda/0x00007a5708260648
5523:             1             16  kotlin.text.Charsets
5524:             1             16  kotlin.text.LinesIterator$State
5525:             1             16  kotlin.text.Regex$Companion
5526:             1             16  kotlin.time.Duration$Companion
5527:             1             16  kotlinx.coroutines.Active
5528:             1             16  kotlinx.coroutines.CoroutineContextKt$$Lambda/0x00007a57084c45b8
5529:             1             16  kotlinx.coroutines.CoroutineDispatcher$Key$$Lambda/0x00007a57084ae7c0
5530:             1             16  kotlinx.coroutines.CoroutineExceptionHandler$Key
5531:             1             16  kotlinx.coroutines.Dispatchers
5532:             1             16  kotlinx.coroutines.ExecutorCoroutineDispatcher$Key$$Lambda/0x00007a57084aebd0
5533:             1             16  kotlinx.coroutines.GlobalScope
5534:             1             16  kotlinx.coroutines.Job$Key
5535:             1             16  kotlinx.coroutines.NonDisposableHandle
5536:             1             16  kotlinx.coroutines.ThreadLocalEventLoop
5537:             1             16  kotlinx.coroutines.channels.ChannelResult$Companion
5538:             1             16  kotlinx.coroutines.channels.ChannelResult$Failed
5539:             1             16  kotlinx.coroutines.flow.internal.NoOpContinuation
5540:             1             16  kotlinx.coroutines.flow.internal.SafeCollector$$Lambda/0x00007a57084e1aa8
5541:             1             16  kotlinx.coroutines.internal.LockFreeTaskQueueCore$Companion
5542:             1             16  kotlinx.coroutines.internal.ThreadContextKt$$Lambda/0x00007a57084c88c8
5543:             1             16  kotlinx.coroutines.internal.ThreadContextKt$$Lambda/0x00007a57084c8ad8
5544:             1             16  kotlinx.coroutines.internal.ThreadContextKt$$Lambda/0x00007a57084c8ee8
5545:             1             16  kotlinx.coroutines.scheduling.CoroutineScheduler$Companion
5546:             1             16  kotlinx.coroutines.scheduling.NanoTimeSource
5547:             1             16  mu.KMarkerFactory
5548:             1             16  mu.KotlinLogging
5549:             1             16  mu.internal.KLoggerFactory
5550:             1             16  mu.internal.KLoggerNameResolver
5551:             1             16  net.engio.mbassy.bus.MessagePublication$Factory
5552:             1             16  net.engio.mbassy.listener.MetadataReader$1
5553:             1             16  net.engio.mbassy.subscription.Subscription$1
5554:             1             16  net.engio.mbassy.subscription.SubscriptionFactory
5555:             1             16  org.apache.commons.io.IOUtils$$Lambda/0x00007a570803f710
5556:             1             16  org.apache.commons.io.IOUtils$$Lambda/0x00007a570803f920
5557:             1             16  org.apache.commons.io.IOUtils$$Lambda/0x00007a570803fb30
5558:             1             16  org.bouncycastle.crypto.CryptoServicesRegistrar$1
5559:             1             16  org.bouncycastle.crypto.signers.StandardDSAEncoding
5560:             1             16  org.bouncycastle.crypto.util.DigestFactory$1
5561:             1             16  org.bouncycastle.crypto.util.DigestFactory$10
5562:             1             16  org.bouncycastle.crypto.util.DigestFactory$11
5563:             1             16  org.bouncycastle.crypto.util.DigestFactory$12
5564:             1             16  org.bouncycastle.crypto.util.DigestFactory$2
5565:             1             16  org.bouncycastle.crypto.util.DigestFactory$3
5566:             1             16  org.bouncycastle.crypto.util.DigestFactory$4
5567:             1             16  org.bouncycastle.crypto.util.DigestFactory$5
5568:             1             16  org.bouncycastle.crypto.util.DigestFactory$6
5569:             1             16  org.bouncycastle.crypto.util.DigestFactory$7
5570:             1             16  org.bouncycastle.crypto.util.DigestFactory$8
5571:             1             16  org.bouncycastle.crypto.util.DigestFactory$9
5572:             1             16  org.bouncycastle.jcajce.provider.asymmetric.dsa.KeyFactorySpi
5573:             1             16  org.bouncycastle.jcajce.provider.asymmetric.elgamal.KeyFactorySpi
5574:             1             16  org.bouncycastle.jcajce.provider.asymmetric.gost.KeyFactorySpi
5575:             1             16  org.bouncycastle.jcajce.provider.asymmetric.rsa.KeyFactorySpi
5576:             1             16  org.bouncycastle.pqc.jcajce.provider.lms.LMSKeyFactorySpi
5577:             1             16  org.bouncycastle.pqc.jcajce.provider.newhope.NHKeyFactorySpi
5578:             1             16  org.bouncycastle.pqc.jcajce.provider.picnic.PicnicKeyFactorySpi
5579:             1             16  org.bouncycastle.pqc.jcajce.provider.sphincs.Sphincs256KeyFactorySpi
5580:             1             16  org.glassfish.hk2.internal.StarFilter
5581:             1             16  org.glassfish.hk2.utilities.cache.Cache$1
5582:             1             16  org.glassfish.hk2.utilities.cache.LRUHybridCache$1
5583:             1             16  org.glassfish.hk2.utilities.cache.LRUHybridCache$CacheEntryImplComparator
5584:             1             16  org.glassfish.jersey.inject.hk2.AbstractHk2InjectionManager$$Lambda/0x00007a5708740800
5585:             1             16  org.glassfish.jersey.inject.hk2.JerseyClassAnalyzer$$Lambda/0x00007a5708718420
5586:             1             16  org.glassfish.jersey.inject.hk2.JerseyClassAnalyzer$$Lambda/0x00007a5708718660
5587:             1             16  org.glassfish.jersey.inject.hk2.JerseyErrorService
5588:             1             16  org.glassfish.jersey.internal.AbstractRuntimeDelegate$$Lambda/0x00007a5708726468
5589:             1             16  org.glassfish.jersey.internal.ContextResolverFactory$NullContextResolverAdapter
5590:             1             16  org.glassfish.jersey.internal.LocalizationMessages$BundleSupplier
5591:             1             16  org.glassfish.jersey.internal.ServiceFinder$DefaultServiceIteratorProvider
5592:             1             16  org.glassfish.jersey.internal.config.SystemPropertiesConfigurationModel$$Lambda/0x00007a5708704a00
5593:             1             16  org.glassfish.jersey.internal.config.SystemPropertiesConfigurationModel$$Lambda/0x00007a5708704c30
5594:             1             16  org.glassfish.jersey.internal.config.SystemPropertiesConfigurationModel$$Lambda/0x00007a5708704e60
5595:             1             16  org.glassfish.jersey.internal.config.SystemPropertiesConfigurationModel$$Lambda/0x00007a5708705090
5596:             1             16  org.glassfish.jersey.internal.guava.CacheBuilder$1
5597:             1             16  org.glassfish.jersey.internal.guava.Equivalence$Equals
5598:             1             16  org.glassfish.jersey.internal.guava.Iterators$1
5599:             1             16  org.glassfish.jersey.internal.guava.Iterators$2
5600:             1             16  org.glassfish.jersey.internal.guava.LocalCache$1
5601:             1             16  org.glassfish.jersey.internal.guava.LocalCache$2
5602:             1             16  org.glassfish.jersey.internal.guava.Ticker$1
5603:             1             16  org.glassfish.jersey.internal.inject.AbstractBinder$$Lambda/0x00007a57086a5710
5604:             1             16  org.glassfish.jersey.internal.inject.ForeignDescriptorImpl$$Lambda/0x00007a5708839ec8
5605:             1             16  org.glassfish.jersey.internal.inject.Injections$$Lambda/0x00007a57086723b0
5606:             1             16  org.glassfish.jersey.internal.inject.ParamConverters$CharacterProvider
5607:             1             16  org.glassfish.jersey.internal.inject.ParamConverters$DateProvider
5608:             1             16  org.glassfish.jersey.internal.inject.ParamConverters$InputStreamProvider
5609:             1             16  org.glassfish.jersey.internal.inject.ParamConverters$OptionalProvider
5610:             1             16  org.glassfish.jersey.internal.inject.ParamConverters$StringConstructor
5611:             1             16  org.glassfish.jersey.internal.inject.ParamConverters$TypeFromString
5612:             1             16  org.glassfish.jersey.internal.inject.ParamConverters$TypeFromStringEnum
5613:             1             16  org.glassfish.jersey.internal.inject.ParamConverters$TypeValueOf
5614:             1             16  org.glassfish.jersey.internal.inject.Providers$$Lambda/0x00007a5708743bc0
5615:             1             16  org.glassfish.jersey.internal.inject.Providers$$Lambda/0x00007a5708748570
5616:             1             16  org.glassfish.jersey.internal.inject.Providers$$Lambda/0x00007a57087487a0
5617:             1             16  org.glassfish.jersey.internal.inject.Providers$$Lambda/0x00007a570874f888
5618:             1             16  org.glassfish.jersey.internal.inject.Providers$$Lambda/0x00007a570874fd28
5619:             1             16  org.glassfish.jersey.internal.inject.Providers$$Lambda/0x00007a570883cb80
5620:             1             16  org.glassfish.jersey.internal.inject.Providers$$Lambda/0x00007a570883cdb0
5621:             1             16  org.glassfish.jersey.internal.routing.CombinedMediaType$1
5622:             1             16  org.glassfish.jersey.internal.util.ReflectionHelper$$Lambda/0x00007a57086653d0
5623:             1             16  org.glassfish.jersey.internal.util.ReflectionHelper$1
5624:             1             16  org.glassfish.jersey.internal.util.ReflectionHelper$11
5625:             1             16  org.glassfish.jersey.internal.util.collection.Cache$$Lambda/0x00007a570869e180
5626:             1             16  org.glassfish.jersey.internal.util.collection.ImmutableCollectors$$Lambda/0x00007a5708718a88
5627:             1             16  org.glassfish.jersey.internal.util.collection.ImmutableCollectors$$Lambda/0x00007a5708718c98
5628:             1             16  org.glassfish.jersey.internal.util.collection.ImmutableCollectors$$Lambda/0x00007a5708718eb8
5629:             1             16  org.glassfish.jersey.internal.util.collection.ImmutableCollectors$$Lambda/0x00007a57087190f0
5630:             1             16  org.glassfish.jersey.internal.util.collection.StringIgnoreCaseKeyComparator
5631:             1             16  org.glassfish.jersey.internal.util.collection.Values$1
5632:             1             16  org.glassfish.jersey.internal.util.collection.Values$2
5633:             1             16  org.glassfish.jersey.jackson.internal.JacksonAutoDiscoverable
5634:             1             16  org.glassfish.jersey.jackson.internal.jackson.jaxrs.base.JsonMappingExceptionMapper
5635:             1             16  org.glassfish.jersey.logging.LoggingFeatureAutoDiscoverable
5636:             1             16  org.glassfish.jersey.media.multipart.MultiPartFeature
5637:             1             16  org.glassfish.jersey.media.multipart.MultiPartFeatureAutodiscoverable
5638:             1             16  org.glassfish.jersey.media.multipart.internal.FormDataParamInjectionFeature
5639:             1             16  org.glassfish.jersey.message.internal.AcceptableMediaType$1
5640:             1             16  org.glassfish.jersey.message.internal.BasicTypesMessageProvider
5641:             1             16  org.glassfish.jersey.message.internal.ByteArrayProvider
5642:             1             16  org.glassfish.jersey.message.internal.CacheControlProvider
5643:             1             16  org.glassfish.jersey.message.internal.CommittingOutputStream$$Lambda/0x00007a570883eed0
5644:             1             16  org.glassfish.jersey.message.internal.CookieProvider
5645:             1             16  org.glassfish.jersey.message.internal.DataSourceProvider
5646:             1             16  org.glassfish.jersey.message.internal.DateProvider
5647:             1             16  org.glassfish.jersey.message.internal.EntityTagProvider
5648:             1             16  org.glassfish.jersey.message.internal.EnumMessageProvider
5649:             1             16  org.glassfish.jersey.message.internal.FileProvider
5650:             1             16  org.glassfish.jersey.message.internal.FormProvider
5651:             1             16  org.glassfish.jersey.message.internal.HttpHeaderReader$1
5652:             1             16  org.glassfish.jersey.message.internal.HttpHeaderReader$AcceptableLanguageTagListReader$1
5653:             1             16  org.glassfish.jersey.message.internal.HttpHeaderReader$AcceptableMediaTypeListReader$1
5654:             1             16  org.glassfish.jersey.message.internal.HttpHeaderReader$AcceptableTokenListReader$1
5655:             1             16  org.glassfish.jersey.message.internal.HttpHeaderReader$MediaTypeListReader$1
5656:             1             16  org.glassfish.jersey.message.internal.HttpHeaderReader$QualitySourceMediaTypeListReader$1
5657:             1             16  org.glassfish.jersey.message.internal.HttpHeaderReader$StringListReader$1
5658:             1             16  org.glassfish.jersey.message.internal.InboundMessageContext$1
5659:             1             16  org.glassfish.jersey.message.internal.InputStreamProvider
5660:             1             16  org.glassfish.jersey.message.internal.LinkProvider
5661:             1             16  org.glassfish.jersey.message.internal.LocaleProvider
5662:             1             16  org.glassfish.jersey.message.internal.MediaTypeProvider
5663:             1             16  org.glassfish.jersey.message.internal.MediaTypes$$Lambda/0x00007a57087494c8
5664:             1             16  org.glassfish.jersey.message.internal.MediaTypes$$Lambda/0x00007a5708863a38
5665:             1             16  org.glassfish.jersey.message.internal.MediaTypes$$Lambda/0x00007a5708863c78
5666:             1             16  org.glassfish.jersey.message.internal.MediaTypes$$Lambda/0x00007a5708867000
5667:             1             16  org.glassfish.jersey.message.internal.MediaTypes$1
5668:             1             16  org.glassfish.jersey.message.internal.MediaTypes$2
5669:             1             16  org.glassfish.jersey.message.internal.MessageBodyFactory$$Lambda/0x00007a57087024d0
5670:             1             16  org.glassfish.jersey.message.internal.MessageBodyFactory$$Lambda/0x00007a5708702700
5671:             1             16  org.glassfish.jersey.message.internal.MessageBodyFactory$$Lambda/0x00007a5708702930
5672:             1             16  org.glassfish.jersey.message.internal.MessageBodyFactory$1
5673:             1             16  org.glassfish.jersey.message.internal.MessageBodyFactory$2
5674:             1             16  org.glassfish.jersey.message.internal.NewCookieProvider
5675:             1             16  org.glassfish.jersey.message.internal.Quality$1
5676:             1             16  org.glassfish.jersey.message.internal.Quality$2
5677:             1             16  org.glassfish.jersey.message.internal.QualitySourceMediaType$1
5678:             1             16  org.glassfish.jersey.message.internal.ReaderProvider
5679:             1             16  org.glassfish.jersey.message.internal.RenderedImageProvider
5680:             1             16  org.glassfish.jersey.message.internal.SourceProvider$StreamSourceReader
5681:             1             16  org.glassfish.jersey.message.internal.StreamingOutputProvider
5682:             1             16  org.glassfish.jersey.message.internal.StringHeaderProvider
5683:             1             16  org.glassfish.jersey.message.internal.StringMessageProvider
5684:             1             16  org.glassfish.jersey.message.internal.TracingLogger$1
5685:             1             16  org.glassfish.jersey.message.internal.UriProvider
5686:             1             16  org.glassfish.jersey.model.ContractProvider$Builder$$Lambda/0x00007a570866f740
5687:             1             16  org.glassfish.jersey.model.Parameter$$Lambda/0x00007a57086b5260
5688:             1             16  org.glassfish.jersey.model.Parameter$$Lambda/0x00007a57086b5bf0
5689:             1             16  org.glassfish.jersey.model.Parameter$$Lambda/0x00007a57086b5e20
5690:             1             16  org.glassfish.jersey.model.Parameter$$Lambda/0x00007a57086b6030
5691:             1             16  org.glassfish.jersey.model.Parameter$$Lambda/0x00007a57086b6250
5692:             1             16  org.glassfish.jersey.model.Parameter$ParameterService
5693:             1             16  org.glassfish.jersey.model.internal.CommonConfig$$Lambda/0x00007a570870d618
5694:             1             16  org.glassfish.jersey.model.internal.CommonConfig$$Lambda/0x00007a5708710210
5695:             1             16  org.glassfish.jersey.model.internal.ComponentBag$$Lambda/0x00007a5708667a78
5696:             1             16  org.glassfish.jersey.model.internal.ComponentBag$$Lambda/0x00007a57086681f0
5697:             1             16  org.glassfish.jersey.model.internal.ComponentBag$$Lambda/0x00007a5708668430
5698:             1             16  org.glassfish.jersey.model.internal.ComponentBag$$Lambda/0x00007a5708668670
5699:             1             16  org.glassfish.jersey.model.internal.ComponentBag$$Lambda/0x00007a57086688b0
5700:             1             16  org.glassfish.jersey.model.internal.ComponentBag$$Lambda/0x00007a5708668af0
5701:             1             16  org.glassfish.jersey.model.internal.ComponentBag$$Lambda/0x00007a5708668d30
5702:             1             16  org.glassfish.jersey.model.internal.ComponentBag$$Lambda/0x00007a5708669360
5703:             1             16  org.glassfish.jersey.model.internal.ComponentBag$$Lambda/0x00007a570870f1d0
5704:             1             16  org.glassfish.jersey.model.internal.ComponentBag$$Lambda/0x00007a5708710000
5705:             1             16  org.glassfish.jersey.server.ApplicationHandler$1
5706:             1             16  org.glassfish.jersey.server.ChunkedResponseWriter
5707:             1             16  org.glassfish.jersey.server.ComponentProviderConfigurator$$Lambda/0x00007a57086bd418
5708:             1             16  org.glassfish.jersey.server.ComponentProviderConfigurator$$Lambda/0x00007a57086bd648
5709:             1             16  org.glassfish.jersey.server.ComponentProviderConfigurator$$Lambda/0x00007a57087439a0
5710:             1             16  org.glassfish.jersey.server.ExternalRequestScopeConfigurator$1
5711:             1             16  org.glassfish.jersey.server.ModelProcessorConfigurator$$Lambda/0x00007a570873e0f0
5712:             1             16  org.glassfish.jersey.server.ModelProcessorConfigurator$$Lambda/0x00007a570873e330
5713:             1             16  org.glassfish.jersey.server.ResourceModelConfigurator$$Lambda/0x00007a5708745ad8
5714:             1             16  org.glassfish.jersey.server.ServerRuntime$Responder$$Lambda/0x00007a570884bdd8
5715:             1             16  org.glassfish.jersey.server.ServerRuntime$Responder$$Lambda/0x00007a570884c018
5716:             1             16  org.glassfish.jersey.server.filter.internal.ServerFiltersAutoDiscoverable
5717:             1             16  org.glassfish.jersey.server.internal.LocalizationMessages$BundleSupplier
5718:             1             16  org.glassfish.jersey.server.internal.MappableExceptionWrapperInterceptor
5719:             1             16  org.glassfish.jersey.server.internal.monitoring.EmptyRequestEventBuilder
5720:             1             16  org.glassfish.jersey.server.internal.routing.AbstractMethodSelectingRouter$1
5721:             1             16  org.glassfish.jersey.server.internal.routing.MatchedEndpointExtractorStage
5722:             1             16  org.glassfish.jersey.server.internal.routing.PushMatchedUriRouter
5723:             1             16  org.glassfish.jersey.server.internal.routing.Routers$1
5724:             1             16  org.glassfish.jersey.server.internal.routing.UriRoutingContext$$Lambda/0x00007a5708833018
5725:             1             16  org.glassfish.jersey.server.model.Parameter$ServerParameterService
5726:             1             16  org.glassfish.jersey.server.model.ResourceMethod$Builder$$Lambda/0x00007a5708731590
5727:             1             16  org.glassfish.jersey.server.model.ResourceMethodValidator$$Lambda/0x00007a57087544d8
5728:             1             16  org.glassfish.jersey.server.model.RuntimeResource$$Lambda/0x00007a5708745680
5729:             1             16  org.glassfish.jersey.server.model.RuntimeResource$1
5730:             1             16  org.glassfish.jersey.server.model.internal.ModelErrors$$Lambda/0x00007a5708756fe8
5731:             1             16  org.glassfish.jersey.server.model.internal.ResourceMethodInvocationHandlerFactory$$Lambda/0x00007a570874e000
5732:             1             16  org.glassfish.jersey.server.spi.internal.ParameterValueHelper$$Lambda/0x00007a57087508b0
5733:             1             16  org.glassfish.jersey.server.wadl.WadlFeature
5734:             1             16  org.glassfish.jersey.servlet.WebComponent$$Lambda/0x00007a57086640b8
5735:             1             16  org.glassfish.jersey.servlet.WebComponent$$Lambda/0x00007a5708761d30
5736:             1             16  org.glassfish.jersey.servlet.WebComponent$3
5737:             1             16  org.glassfish.jersey.spi.AbstractThreadPoolProvider$$Lambda/0x00007a5708760440
5738:             1             16  org.glassfish.jersey.uri.PathPattern$1
5739:             1             16  org.glassfish.jersey.uri.PatternWithGroups$EmptyStringMatchResult
5740:             1             16  org.glassfish.jersey.uri.UriTemplate$$Lambda/0x00007a570883c758
5741:             1             16  org.glassfish.jersey.uri.UriTemplate$1
5742:             1             16  org.jboss.threads.ContextHandler$1
5743:             1             16  org.jboss.threads.DiscardingExecutor
5744:             1             16  org.jboss.threads.JBossExecutors$3
5745:             1             16  org.jboss.threads.Version$$Lambda/0x00007a570877a920
5746:             1             16  org.jvnet.hk2.external.generator.ServiceLocatorGeneratorImpl
5747:             1             16  org.jvnet.hk2.internal.PerLookupContext
5748:             1             16  org.jvnet.hk2.internal.Utilities$4
5749:             1             16  org.reflections.ReflectionUtils$$Lambda/0x00007a570862b528
5750:             1             16  org.reflections.ReflectionUtils$$Lambda/0x00007a570862b958
5751:             1             16  org.reflections.ReflectionUtils$$Lambda/0x00007a570862bb98
5752:             1             16  org.reflections.ReflectionUtils$$Lambda/0x00007a570862dc30
5753:             1             16  org.reflections.ReflectionUtils$$Lambda/0x00007a570862e6a8
5754:             1             16  org.reflections.ReflectionUtils$$Lambda/0x00007a570862e8e8
5755:             1             16  org.reflections.ReflectionUtils$$Lambda/0x00007a570862eb28
5756:             1             16  org.reflections.ReflectionUtils$$Lambda/0x00007a570862ed68
5757:             1             16  org.reflections.ReflectionUtils$$Lambda/0x00007a570862f7a8
5758:             1             16  org.reflections.ReflectionUtils$$Lambda/0x00007a570862f9e8
5759:             1             16  org.reflections.ReflectionUtils$1
5760:             1             16  org.reflections.ReflectionUtils$2
5761:             1             16  org.reflections.ReflectionUtils$2$$Lambda/0x00007a570862bdd8
5762:             1             16  org.reflections.ReflectionUtils$3
5763:             1             16  org.reflections.Reflections$$Lambda/0x00007a570860a830
5764:             1             16  org.reflections.Reflections$$Lambda/0x00007a570860aa60
5765:             1             16  org.reflections.Reflections$$Lambda/0x00007a570860ac90
5766:             1             16  org.reflections.Reflections$$Lambda/0x00007a5708629df8
5767:             1             16  org.reflections.Reflections$$Lambda/0x00007a570862a028
5768:             1             16  org.reflections.Reflections$$Lambda/0x00007a570862a258
5769:             1             16  org.reflections.Reflections$$Lambda/0x00007a570862a498
5770:             1             16  org.reflections.Reflections$$Lambda/0x00007a570862a6c8
5771:             1             16  org.reflections.Reflections$$Lambda/0x00007a570862a8d8
5772:             1             16  org.reflections.Reflections$$Lambda/0x00007a570862ab08
5773:             1             16  org.reflections.Reflections$$Lambda/0x00007a570862ad18
5774:             1             16  org.reflections.Reflections$$Lambda/0x00007a5708630fa0
5775:             1             16  org.reflections.Reflections$$Lambda/0x00007a5708631600
5776:             1             16  org.reflections.scanners.Scanners$$Lambda/0x00007a5708607bc8
5777:             1             16  org.reflections.util.ConfigurationBuilder$$Lambda/0x00007a5708609fe8
5778:             1             16  org.reflections.util.JavassistHelper$$Lambda/0x00007a5708618850
5779:             1             16  org.reflections.util.JavassistHelper$$Lambda/0x00007a5708618cb0
5780:             1             16  org.reflections.util.JavassistHelper$$Lambda/0x00007a570861e000
5781:             1             16  org.reflections.util.NameHelper$$Lambda/0x00007a5708632c50
5782:             1             16  org.reflections.util.NameHelper$$Lambda/0x00007a5708636820
5783:             1             16  org.reflections.util.NameHelper$$Lambda/0x00007a5708636a60
5784:             1             16  org.reflections.util.QueryFunction$$Lambda/0x00007a570862cc10
5785:             1             16  org.reflections.util.QueryFunction$$Lambda/0x00007a570862fc20
5786:             1             16  org.reflections.util.QueryFunction$$Lambda/0x00007a5708630000
5787:             1             16  org.reflections.util.QueryFunction$$Lambda/0x00007a57086334d8
5788:             1             16  org.reflections.vfs.ZipDir$$Lambda/0x00007a570860d670
5789:             1             16  org.slf4j.helpers.NOPLoggerFactory
5790:             1             16  org.slf4j.helpers.NOPMDCAdapter
5791:             1             16  org.wildfly.common.context.ContextManager$$Lambda/0x00007a5708772250
5792:             1             16  org.xnio.Buffers$5
5793:             1             16  org.xnio.ChannelListeners$1
5794:             1             16  org.xnio.ChannelListeners$2
5795:             1             16  org.xnio.ChannelListeners$23
5796:             1             16  org.xnio.ChannelListeners$3
5797:             1             16  org.xnio.IoUtils$10
5798:             1             16  org.xnio.IoUtils$4
5799:             1             16  org.xnio.IoUtils$5
5800:             1             16  org.xnio.IoUtils$6
5801:             1             16  org.xnio.IoUtils$8
5802:             1             16  org.xnio.IoUtils$ManagerNotifier
5803:             1             16  org.xnio.IoUtils$ResultNotifier
5804:             1             16  org.xnio.Option$1
5805:             1             16  org.xnio.Option$2
5806:             1             16  org.xnio.Option$3
5807:             1             16  org.xnio.Option$4
5808:             1             16  org.xnio.Option$5
5809:             1             16  org.xnio.Option$6
5810:             1             16  org.xnio.Option$7
5811:             1             16  org.xnio.Option$8
5812:             1             16  org.xnio.StreamConnection$$Lambda/0x00007a570881fc78
5813:             1             16  org.xnio.Xnio$1
5814:             1             16  org.xnio.XnioWorker$$Lambda/0x00007a5708771c08
5815:             1             16  org.xnio.XnioWorker$$Lambda/0x00007a5708772690
5816:             1             16  org.xnio.XnioWorker$$Lambda/0x00007a57087728a0
5817:             1             16  org.xnio.XnioWorker$5
5818:             1             16  org.xnio.XnioWorker$6
5819:             1             16  org.xnio.channels.Configurable$1
5820:             1             16  org.yaml.snakeyaml.external.com.google.gdata.util.common.base.UnicodeEscaper$2
5821:             1             16  picocli.CommandLine$Help$ColorScheme$1
5822:             1             16  sun.management.ManagementFactoryHelper$$Lambda/0x00007a570835b878 (java.management@21.0.6)
5823:             1             16  sun.management.ThreadImpl$$Lambda/0x00007a57086d1928 (java.management@21.0.6)
5824:             1             16  sun.misc.Unsafe (jdk.unsupported@21.0.6)
5825:             1             16  sun.net.spi.DefaultProxySelector (java.base@21.0.6)
5826:             1             16  sun.net.www.protocol.file.Handler (java.base@21.0.6)
5827:             1             16  sun.net.www.protocol.jar.Handler (java.base@21.0.6)
5828:             1             16  sun.net.www.protocol.jar.JarFileFactory (java.base@21.0.6)
5829:             1             16  sun.net.www.protocol.jrt.Handler (java.base@21.0.6)
5830:             1             16  sun.nio.ch.DefaultSelectorProvider$$Lambda/0x00007a5708373480 (java.base@21.0.6)
5831:             1             16  sun.nio.ch.EPollSelectorProvider (java.base@21.0.6)
5832:             1             16  sun.nio.ch.ExtendedSocketOption$1 (java.base@21.0.6)
5833:             1             16  sun.nio.ch.FileChannelImpl$2 (java.base@21.0.6)
5834:             1             16  sun.nio.ch.FileChannelImpl$3 (java.base@21.0.6)
5835:             1             16  sun.nio.ch.FileDispatcherImpl (java.base@21.0.6)
5836:             1             16  sun.nio.ch.Net$1 (java.base@21.0.6)
5837:             1             16  sun.nio.ch.Util$1 (java.base@21.0.6)
5838:             1             16  sun.nio.fs.NativeBuffers$1 (java.base@21.0.6)
5839:             1             16  sun.reflect.generics.tree.BooleanSignature (java.base@21.0.6)
5840:             1             16  sun.reflect.generics.tree.BottomSignature (java.base@21.0.6)
5841:             1             16  sun.reflect.generics.tree.ByteSignature (java.base@21.0.6)
5842:             1             16  sun.reflect.generics.tree.IntSignature (java.base@21.0.6)
5843:             1             16  sun.reflect.generics.tree.LongSignature (java.base@21.0.6)
5844:             1             16  sun.reflect.generics.tree.VoidDescriptor (java.base@21.0.6)
5845:             1             16  sun.security.pkcs11.SunPKCS11$$Lambda/0x00007a57081809a8 (jdk.crypto.cryptoki@21.0.6)
5846:             1             16  sun.security.provider.AbstractDrbg$$Lambda/0x00007a57083d5590 (java.base@21.0.6)
5847:             1             16  sun.security.provider.DRBG$$Lambda/0x00007a57083d40d0 (java.base@21.0.6)
5848:             1             16  sun.security.util.AlgorithmDecomposer (java.base@21.0.6)
5849:             1             16  sun.security.util.ByteArrayLexOrder (java.base@21.0.6)
5850:             1             16  sun.security.util.ByteArrayTagOrder (java.base@21.0.6)
5851:             1             16  sun.security.util.ManifestDigester$$Lambda/0x00007a570835f8d0 (java.base@21.0.6)
5852:             1             16  sun.security.x509.X500Name$$Lambda/0x00007a570836bd78 (java.base@21.0.6)
5853:             1             16  sun.util.cldr.CLDRBaseLocaleDataMetaInfo (java.base@21.0.6)
5854:             1             16  sun.util.cldr.CLDRLocaleProviderAdapter$$Lambda/0x80000005f (java.base@21.0.6)
5855:             1             16  sun.util.cldr.CLDRLocaleProviderAdapter$$Lambda/0x800000061 (java.base@21.0.6)
5856:             1             16  sun.util.locale.InternalLocaleBuilder$CaseInsensitiveChar (java.base@21.0.6)
5857:             1             16  sun.util.locale.provider.CalendarDataUtility$CalendarWeekParameterGetter (java.base@21.0.6)
5858:             1             16  sun.util.locale.provider.LocaleProviderAdapter$$Lambda/0x800000068 (java.base@21.0.6)
5859:             1             16  sun.util.locale.provider.LocaleProviderAdapter$$Lambda/0x800000069 (java.base@21.0.6)
5860:             1             16  sun.util.locale.provider.TimeZoneNameUtility$TimeZoneNameGetter (java.base@21.0.6)
5861:             1             16  sun.util.logging.internal.LoggingProviderImpl (java.logging@21.0.6)
5862:             1             16  sun.util.resources.LocaleData$LocaleDataStrategy (java.base@21.0.6)
5863:             1             16  sun.util.resources.cldr.provider.CLDRLocaleDataMetaInfo (jdk.localedata@21.0.6)
Total       7026645      475381256
