10:
 num     #instances         #bytes  class name (module)
-------------------------------------------------------
   1:       1365111      243595128  [B (java.base@21.0.6)
   2:        381576      201468360  [F (java.base@21.0.6)
   3:         51277       46744240  [Ljava.lang.Object; (java.base@21.0.6)
   4:        319162       38299440  com.aerospike.vector.index.hnsw.GraphVertex
   5:        306742       22085424  com.github.benmanes.caffeine.cache.PSWMS
   6:        667241       21351712  com.aerospike.vector.common.HashableByteArray
   7:        381572       18315456  com.aerospike.vector.client.proto.Vector
   8:        381571       18315408  com.aerospike.vector.client.proto.FloatData
   9:           728       17658736  [Ljava.util.concurrent.ConcurrentHashMap$Node; (java.base@21.0.6)
  10:        358437       14337480  java.util.concurrent.ConcurrentHashMap$Node (java.base@21.0.6)
  11:        381571       12210272  com.google.protobuf.FloatArrayList
  12:        317244       10151808  java.lang.String (java.base@21.0.6)
  13:         73469        6465272  java.util.LinkedHashMap (java.base@21.0.6)
  14:        103732        5808992  java.util.LinkedHashMap$Entry (java.base@21.0.6)
  15:         74340        3551328  [Ljava.util.HashMap$Node; (java.base@21.0.6)
  16:         63301        3038448  com.aerospike.client.Key
  17:         15609        3029856  java.lang.Class (java.base@21.0.6)
  18:         62400        2496000  com.aerospike.vector.storage.StorageRecord
  19:         61783        2471320  java.util.concurrent.ConcurrentLinkedDeque$Node (java.base@21.0.6)
  20:         62715        2006880  com.aerospike.vector.storage.AerospikeStorageRecordId
  21:         17294        1798576  com.aerospike.vector.index.merge.worker.WorkerBatchMergeJob$mergeBatchGraphVertices$3$1
  22:          6722        1793576  [I (java.base@21.0.6)
  23:         10597        1525968  java.lang.reflect.Method (java.base@21.0.6)
  24:         61825        1483800  com.aerospike.client.Value$LongValue
  25:         17442        1255824  kotlinx.coroutines.internal.DispatchedContinuation
  26:         34723        1111136  java.util.ArrayList (java.base@21.0.6)
  27:         20329         813160  java.util.HashMap$Node (java.base@21.0.6)
  28:         12288         589824  com.aerospike.client.query.PartitionStatus
  29:          8672         555008  kotlinx.coroutines.CancellableContinuationImpl
  30:          8759         490504  kotlinx.coroutines.ChildHandleNode
  31:          8716         488096  kotlinx.coroutines.ChildContinuation
  32:          8648         484288  com.aerospike.vector.index.merge.BatchJobLauncher$launchInWorkerMergeScope$1
  33:          7179         459456  kotlin.reflect.jvm.internal.impl.protobuf.SmallSortedMap$1
  34:          1104         445464  [J (java.base@21.0.6)
  35:          3546         397152  java.security.Provider$Service (java.base@21.0.6)
  36:          3254         364448  java.lang.reflect.Field (java.base@21.0.6)
  37:         21949         351184  java.lang.Object (java.base@21.0.6)
  38:          8721         348840  kotlinx.coroutines.StandaloneCoroutine
  39:          5434         347776  java.lang.invoke.MemberName (java.base@21.0.6)
  40:          8663         346520  com.codahale.metrics.Timer$Context
  41:          9691         319744  [Ljava.lang.Class; (java.base@21.0.6)
  42:          7951         318040  java.security.Provider$ServiceKey (java.base@21.0.6)
  43:          2790         312480  kotlin.reflect.jvm.internal.impl.metadata.ProtoBuf$Type
  44:          8814         282048  kotlin.coroutines.CombinedContext
  45:          6643         265720  java.util.Hashtable$Entry (java.base@21.0.6)
  46:          1697         244368  kotlin.reflect.jvm.internal.impl.metadata.ProtoBuf$Function
  47:          4053         226968  java.lang.ref.SoftReference (java.base@21.0.6)
  48:          3270         209280  java.lang.invoke.MethodType (java.base@21.0.6)
  49:         12629         202064  java.lang.Integer (java.base@21.0.6)
  50:           186         192904  [Lio.netty.handler.codec.http2.HpackHeaderField;
  51:          2269         190608  [Ljava.lang.String; (java.base@21.0.6)
  52:          2867         183488  java.util.HashMap (java.base@21.0.6)
  53:          3757         180336  java.lang.invoke.LambdaForm$Name (java.base@21.0.6)
  54:          1799         172704  java.util.concurrent.ConcurrentHashMap (java.base@21.0.6)
  55:          7179         172296  kotlin.reflect.jvm.internal.impl.protobuf.FieldSet
  56:          6746         161904  java.util.jar.Attributes (java.base@21.0.6)
  57:          1651         158496  io.netty.buffer.PoolSubpage
  58:           588         157944  [C (java.base@21.0.6)
  59:          3278         157344  jdk.internal.util.WeakReferenceKey (java.base@21.0.6)
  60:          4884         156288  kotlin.reflect.jvm.internal.ReflectProperties$LazySoftVal
  61:          4671         149472  java.util.Collections$UnmodifiableRandomAccessList (java.base@21.0.6)
  62:          1149         137880  java.lang.reflect.Constructor (java.base@21.0.6)
  63:          2092         133888  sun.util.locale.LocaleObjectCache$CacheEntry (java.base@21.0.6)
  64:          1274         132496  java.lang.Class$ReflectionData (java.base@21.0.6)
  65:           924         121968  [Ljava.lang.ref.SoftReference; (java.base@21.0.6)
  66:          1481         118480  kotlin.reflect.jvm.internal.impl.metadata.ProtoBuf$ValueParameter
  67:          2953         118120  io.netty.util.AsciiString
  68:            16         117984  [Ljava.util.Hashtable$Entry; (java.base@21.0.6)
  69:          2945         117800  java.util.concurrent.locks.ReentrantLock$NonfairSync (java.base@21.0.6)
  70:          3548         113536  java.lang.invoke.ResolvedMethodName (java.base@21.0.6)
  71:          2000         112000  io.netty.util.internal.shaded.org.jctools.queues.unpadded.MpscUnpaddedArrayQueue
  72:           646         104608  [Ljava.util.WeakHashMap$Entry; (java.base@21.0.6)
  73:             3          98352  [Lcom.aerospike.client.query.PartitionStatus;
  74:          2373          94920  kotlin.SafePublicationLazyImpl
  75:           894          92760  [Ljava.lang.reflect.Method; (java.base@21.0.6)
  76:          1266          91152  java.lang.invoke.DirectMethodHandle$Constructor (java.base@21.0.6)
  77:          1415          90560  java.util.WeakHashMap$Entry (java.base@21.0.6)
  78:          2130          85200  java.util.concurrent.ConcurrentSkipListMap$Node (java.base@21.0.6)
  79:          2560          81920  com.aerospike.client.async.HashedWheelTimer$HashedWheelBucket
  80:           138          81696  io.netty.util.internal.shaded.org.jctools.queues.MpscChunkedArrayQueue
  81:          1688          81024  kotlin.reflect.jvm.internal.impl.name.FqNameUnsafe
  82:           765          79560  kotlin.reflect.jvm.internal.impl.metadata.ProtoBuf$Annotation$Argument$Value
  83:           583          79288  kotlin.reflect.jvm.internal.impl.metadata.ProtoBuf$Property
  84:          1950          78000  io.netty.buffer.PoolThreadCache$SubPageMemoryRegionCache
  85:          1944          77760  kotlin.reflect.jvm.internal.impl.storage.LockBasedStorageManager$LockBasedNotNullLazyValue
  86:           347          77728  io.netty.channel.epoll.EpollSocketChannel
  87:          1350          75600  io.netty.handler.codec.http2.HpackEncoder$NameValueEntry
  88:          1341          75096  java.lang.invoke.DirectMethodHandle (java.base@21.0.6)
  89:           358          74464  kotlin.reflect.jvm.internal.impl.serialization.deserialization.descriptors.DeserializedSimpleFunctionDescriptor
  90:            15          74128  [Ljava.nio.ByteBuffer; (java.base@21.0.6)
  91:           769          73744  [Ljava.lang.invoke.LambdaForm$Name; (java.base@21.0.6)
  92:          2071          66272  com.codahale.metrics.WeightedSnapshot$WeightedSample
  93:          2693          64632  kotlin.reflect.jvm.internal.impl.name.Name
  94:           261          62640  kotlin.reflect.jvm.internal.impl.metadata.ProtoBuf$Class
  95:           977          62528  java.lang.invoke.BoundMethodHandle$Species_LL (java.base@21.0.6)
  96:          2529          60696  java.util.concurrent.locks.ReentrantLock (java.base@21.0.6)
  97:          1891          60512  io.netty.util.Recycler$DefaultHandle
  98:            48          59904  [Lio.netty.buffer.PoolSubpage;
  99:           154          58824  [Ljava.lang.invoke.MethodHandle; (java.base@21.0.6)
 100:          1807          57824  kotlin.reflect.jvm.internal.impl.name.FqName
 101:          1424          56960  com.google.inject.Key
 102:          1725          55200  java.security.Provider$UString (java.base@21.0.6)
 103:           764          55008  java.lang.invoke.LambdaForm (java.base@21.0.6)
 104:          1373          54920  sun.reflect.annotation.AnnotationInvocationHandler (java.base@21.0.6)
 105:           201          54424  [Ljava.lang.ClassValue$Entry; (java.base@21.0.6)
 106:           478          53536  io.netty.buffer.PooledUnsafeDirectByteBuf
 107:          1334          53360  kotlin.reflect.jvm.internal.impl.protobuf.SmallSortedMap$Entry
 108:          2198          52752  kotlin.reflect.jvm.internal.impl.protobuf.SmallSortedMap$EntrySet
 109:          1611          51552  sun.reflect.generics.tree.SimpleClassTypeSignature (java.base@21.0.6)
 110:          1072          51456  kotlin.reflect.jvm.internal.impl.metadata.ProtoBuf$Annotation
 111:          1063          51024  sun.util.locale.BaseLocale (java.base@21.0.6)
 112:           579          50952  kotlin.reflect.jvm.internal.impl.metadata.jvm.JvmProtoBuf$StringTableTypes$Record
 113:          2076          49824  java.lang.Double (java.base@21.0.6)
 114:          1200          48000  com.google.inject.spi.Dependency
 115:           428          47936  java.net.URL (java.base@21.0.6)
 116:           994          47712  io.netty.buffer.PoolThreadCache$MemoryRegionCache$Entry
 117:           388          46560  com.google.common.cache.LocalCache$Segment
 118:           397          46216  [Lio.netty.util.internal.PriorityQueueNode;
 119:          1439          46048  com.google.inject.TypeLiteral
 120:           505          44440  io.netty.channel.DefaultChannelHandlerContext
 121:          1097          43880  java.util.concurrent.ConcurrentSkipListMap$Index (java.base@21.0.6)
 122:           163          43032  io.grpc.netty.NettyClientHandler
 123:          1063          42520  java.util.Locale (java.base@21.0.6)
 124:           661          42304  java.lang.reflect.Parameter (java.base@21.0.6)
 125:          1044          41760  sun.util.locale.BaseLocale$Key (java.base@21.0.6)
 126:           388          40352  io.netty.handler.codec.http2.WeightedFairQueueByteDistributor$State
 127:           180          40320  kotlin.reflect.jvm.internal.impl.serialization.deserialization.descriptors.DeserializedPropertyDescriptor
 128:            68          39712  io.netty.util.internal.shaded.org.jctools.queues.MpscUnboundedArrayQueue
 129:           805          38640  java.lang.ref.ReferenceQueue (java.base@21.0.6)
 130:          1609          38616  sun.reflect.generics.tree.ClassTypeSignature (java.base@21.0.6)
 131:          1200          38400  io.netty.handler.codec.http2.HpackHeaderField
 132:           950          38000  java.util.concurrent.locks.AbstractQueuedSynchronizer$ConditionObject (java.base@21.0.6)
 133:           475          37936  [S (java.base@21.0.6)
 134:           907          36280  java.lang.invoke.LambdaForm$NamedFunction (java.base@21.0.6)
 135:           904          36160  java.net.InetAddress$InetAddressHolder (java.base@21.0.6)
 136:           741          35568  java.lang.ref.WeakReference (java.base@21.0.6)
 137:           316          35392  kotlin.reflect.jvm.internal.KFunctionImpl
 138:          1102          35264  java.util.ArrayDeque (java.base@21.0.6)
 139:           163          35208  io.grpc.netty.NettyClientTransport
 140:           185          35088  [Lio.netty.handler.codec.http2.HpackEncoder$NameEntry;
 141:           185          35088  [Lio.netty.handler.codec.http2.HpackEncoder$NameValueEntry;
 142:           438          35040  java.lang.invoke.DirectMethodHandle$StaticAccessor (java.base@21.0.6)
 143:          1095          35040  org.bouncycastle.asn1.ASN1ObjectIdentifier
 144:           363          34848  io.netty.channel.DefaultChannelPipeline$HeadContext
 145:           423          33840  jdk.internal.ref.CleanerImpl$PhantomCleanableRef (java.base@21.0.6)
 146:          1401          33624  java.util.LinkedHashSet (java.base@21.0.6)
 147:          1363          32712  java.lang.Long (java.base@21.0.6)
 148:          1018          32576  kotlin.Pair
 149:           468          32144  [Ljava.lang.reflect.Field; (java.base@21.0.6)
 150:           445          32040  io.netty.util.collection.IntObjectHashMap
 151:           363          31944  io.netty.channel.ChannelOutboundBuffer
 152:           363          31944  io.netty.channel.DefaultChannelPipeline$TailContext
 153:           443          31896  java.util.WeakHashMap (java.base@21.0.6)
 154:           362          31856  io.netty.channel.ChannelOutboundBuffer$Entry
 155:           566          31696  java.lang.invoke.BoundMethodHandle$Species_L (java.base@21.0.6)
 156:           558          31248  java.util.IdentityHashMap (java.base@21.0.6)
 157:           761          30440  kotlin.SynchronizedLazyImpl
 158:           634          30432  java.lang.Package (java.base@21.0.6)
 159:           198          30096  java.util.jar.JarFile$JarFileEntry (java.base@21.0.6)
 160:           178          29904  org.jvnet.hk2.internal.SystemDescriptor
 161:          1611          29680  [Lsun.reflect.generics.tree.TypeArgument; (java.base@21.0.6)
 162:           231          29568  kotlin.reflect.jvm.internal.KProperty1Impl
 163:           261          29232  com.google.protobuf.Descriptors$FieldDescriptor
 164:           363          29040  io.netty.channel.DefaultChannelPipeline
 165:           946          28984  [Ljava.lang.reflect.Type; (java.base@21.0.6)
 166:           719          28760  java.util.LinkedList (java.base@21.0.6)
 167:           357          28560  kotlin.reflect.jvm.internal.impl.descriptors.impl.ValueParameterDescriptorImpl
 168:           356          28480  kotlin.reflect.jvm.internal.impl.metadata.jvm.JvmProtoBuf$JvmPropertySignature
 169:          1164          27936  java.util.jar.Attributes$Name (java.base@21.0.6)
 170:           347          27760  io.netty.channel.epoll.EpollSocketChannel$EpollSocketChannelUnsafe
 171:           347          27760  io.netty.channel.epoll.EpollSocketChannelConfig
 172:           262          27248  com.google.protobuf.DescriptorProtos$FieldDescriptorProto
 173:           845          27040  java.util.concurrent.atomic.LongAdder (java.base@21.0.6)
 174:           672          26880  kotlin.reflect.jvm.internal.impl.storage.LockBasedStorageManager$MapBasedMemoizedFunction
 175:           370          26640  io.netty.handler.codec.http2.DefaultHttp2Connection$DefaultEndpoint
 176:           665          26600  java.util.LinkedList$Node (java.base@21.0.6)
 177:           174          26448  sun.nio.fs.UnixFileAttributes (java.base@21.0.6)
 178:           547          26256  java.lang.invoke.MethodTypeForm (java.base@21.0.6)
 179:           651          26040  com.google.inject.internal.SingleParameterInjector
 180:           402          25728  com.fasterxml.jackson.databind.introspect.AnnotatedMethod
 181:           357          25704  java.lang.invoke.LambdaFormEditor$Transform (java.base@21.0.6)
 182:           146          25696  java.lang.Thread (java.base@21.0.6)
 183:           123          25640  [Z (java.base@21.0.6)
 184:           453          25368  kotlin.reflect.jvm.internal.impl.metadata.ProtoBuf$Type$Argument
 185:           773          24736  java.net.InetSocketAddress$InetSocketAddressHolder (java.base@21.0.6)
 186:           430          24080  java.lang.ThreadLocal$ThreadLocalMap$Entry (java.base@21.0.6)
 187:           266          23408  io.netty.util.concurrent.ScheduledFutureTask
 188:           363          23232  io.netty.channel.AbstractChannel$CloseFuture
 189:           726          23232  io.netty.channel.VoidChannelPromise
 190:           476          22848  kotlin.reflect.jvm.internal.impl.metadata.ProtoBuf$Annotation$Argument
 191:           136          22784  [Ljava.lang.ThreadLocal$ThreadLocalMap$Entry; (java.base@21.0.6)
 192:            80          22400  java.util.concurrent.atomic.Striped64$Cell (java.base@21.0.6)
 193:           925          22200  io.netty.handler.codec.http2.DefaultHttp2Connection$DefaultPropertyKey
 194:           665          21280  kotlin.reflect.jvm.internal.impl.name.ClassId
 195:           885          21240  java.util.HashSet (java.base@21.0.6)
 196:           660          21120  com.github.benmanes.caffeine.cache.TimerWheel$Sentinel
 197:            94          21056  org.glassfish.hk2.internal.ConstantActiveDescriptor
 198:           174          20880  java.util.zip.ZipFile$Source (java.base@21.0.6)
 199:           289          20808  java.util.concurrent.locks.ReentrantReadWriteLock$NonfairSync (java.base@21.0.6)
 200:           185          20720  io.grpc.internal.TransportTracer
 201:           517          20680  com.google.common.cache.LocalCache$StrongEntry
 202:            10          20640  [Lcom.aerospike.client.async.HashedWheelTimer$HashedWheelBucket;
 203:           642          20544  java.net.Inet4Address (java.base@21.0.6)
 204:           424          20352  com.fasterxml.jackson.databind.util.internal.PrivateMaxEntriesMap$Node
 205:            41          20336  io.grpc.internal.ManagedChannelImpl
 206:           141          20304  com.fasterxml.jackson.databind.deser.CreatorProperty
 207:           252          20160  java.util.TreeMap (java.base@21.0.6)
 208:           838          20112  java.util.LinkedHashMap$LinkedEntrySet (java.base@21.0.6)
 209:           358          20048  kotlin.reflect.jvm.internal.impl.types.SimpleTypeImpl
 210:           356          19936  kotlin.reflect.jvm.internal.impl.metadata.ProtoBuf$QualifiedNameTable$QualifiedName
 211:           205          19680  io.netty.channel.AdaptiveRecvByteBufAllocator$HandleImpl
 212:           816          19584  java.util.LinkedHashMap$LinkedKeySet (java.base@21.0.6)
 213:           153          19584  org.glassfish.hk2.utilities.DescriptorImpl
 214:           485          19400  kotlin.reflect.jvm.internal.impl.storage.LockBasedStorageManager$MapBasedMemoizedFunctionToNotNull
 215:           808          19392  java.util.concurrent.atomic.AtomicReferenceArray (java.base@21.0.6)
 216:           601          19200  [Ljava.security.cert.Certificate; (java.base@21.0.6)
 217:           599          19168  io.netty.util.internal.DefaultPriorityQueue
 218:           790          18960  java.util.Collections$SingletonList (java.base@21.0.6)
 219:           182          18928  kotlin.reflect.jvm.internal.impl.descriptors.impl.PropertyGetterDescriptorImpl
 220:           471          18840  java.math.BigInteger (java.base@21.0.6)
 221:           292          18688  com.google.inject.internal.ChildBindingAlreadySetError
 222:           583          18656  java.lang.Class$AnnotationData (java.base@21.0.6)
 223:            97          18624  com.google.common.cache.LocalCache
 224:           773          18552  java.net.InetSocketAddress (java.base@21.0.6)
 225:           247          17784  java.lang.Package$VersionInfo (java.base@21.0.6)
 226:           443          17720  jdk.internal.reflect.MethodHandleObjectFieldAccessorImpl (java.base@21.0.6)
 227:           246          17712  java.util.logging.LogManager$LoggerWeakRef (java.logging@21.0.6)
 228:           130          17680  com.fasterxml.jackson.databind.deser.impl.FieldProperty
 229:           367          17616  kotlin.reflect.jvm.internal.impl.metadata.jvm.JvmProtoBuf$JvmMethodSignature
 230:           100          17600  [Lio.netty.buffer.PoolThreadCache$MemoryRegionCache;
 231:           200          17600  java.lang.ClassValue$ClassValueMap (java.base@21.0.6)
 232:           550          17600  kotlin.reflect.jvm.internal.impl.renderer.DescriptorRendererOptionsImpl$property$$inlined$vetoable$1
 233:           733          17592  com.fasterxml.jackson.databind.introspect.AnnotationMap
 234:           548          17536  java.util.Collections$SetFromMap (java.base@21.0.6)
 235:           120          17280  java.net.URI (java.base@21.0.6)
 236:           351          16848  kotlin.reflect.jvm.internal.impl.metadata.jvm.JvmProtoBuf$JvmFieldSignature
 237:           686          16464  java.util.LinkedHashMap$LinkedValues (java.base@21.0.6)
 238:           185          16280  io.netty.handler.codec.http2.DefaultHttp2ConnectionDecoder
 239:           185          16280  io.netty.handler.codec.http2.HpackEncoder
 240:          1010          16160  java.lang.Float (java.base@21.0.6)
 241:           219          15768  ch.qos.logback.classic.Logger
 242:           278          15568  kotlinx.coroutines.channels.ChannelSegment
 243:           647          15528  kotlin.reflect.jvm.internal.KCallableImpl$$Lambda$0
 244:           647          15528  kotlin.reflect.jvm.internal.KCallableImpl$$Lambda$1
 245:           647          15528  kotlin.reflect.jvm.internal.KCallableImpl$$Lambda$2
 246:           647          15528  kotlin.reflect.jvm.internal.KCallableImpl$$Lambda$3
 247:           647          15528  kotlin.reflect.jvm.internal.KCallableImpl$$Lambda$4
 248:           174          15312  java.util.jar.JarFile (java.base@21.0.6)
 249:           636          15264  kotlin.reflect.jvm.internal.KCallableImpl$$Lambda$5
 250:           172          15136  kotlin.reflect.jvm.internal.impl.serialization.deserialization.DeserializationContext
 251:           376          15040  java.lang.module.ModuleDescriptor$Exports (java.base@21.0.6)
 252:           185          14800  io.netty.handler.codec.http2.DefaultHttp2Connection
 253:           370          14800  sun.reflect.generics.reflectiveObjects.ParameterizedTypeImpl (java.base@21.0.6)
 254:           264          14784  sun.security.util.KnownOIDs (java.base@21.0.6)
 255:           205          14760  java.util.zip.Inflater (java.base@21.0.6)
 256:           184          14720  com.google.inject.internal.ProviderInstanceBindingImpl
 257:           303          14544  java.util.concurrent.FutureTask (java.base@21.0.6)
 258:           363          14520  io.netty.channel.DefaultChannelId
 259:           223          14272  kotlin.reflect.jvm.internal.impl.metadata.ProtoBuf$Constructor
 260:           178          14240  java.io.FileCleanable (java.base@21.0.6)
 261:           584          14016  com.google.common.cache.LocalCache$StrongValueReference
 262:           348          13920  io.netty.channel.AdaptiveRecvByteBufAllocator
 263:           860          13760  java.util.concurrent.atomic.AtomicInteger (java.base@21.0.6)
 264:            65          13520  kotlin.reflect.jvm.internal.impl.serialization.deserialization.descriptors.DeserializedClassDescriptor
 265:           280          13440  com.fasterxml.jackson.databind.introspect.AnnotatedParameter
 266:           185          13320  io.grpc.netty.AbstractNettyHandler$FlowControlPinger
 267:           185          13320  io.netty.handler.codec.http2.Http2Settings
 268:           104          13312  java.util.regex.Pattern (java.base@21.0.6)
 269:           208          13312  sun.security.pkcs11.SunPKCS11$Descriptor (jdk.crypto.cryptoki@21.0.6)
 270:           236          13216  kotlin.reflect.jvm.internal.impl.serialization.deserialization.MemberDeserializer$$Lambda$5
 271:           329          13160  io.grpc.InternalLogId
 272:           163          13040  io.grpc.internal.CallCredentialsApplyingTransportFactory$CallCredentialsApplyingTransport
 273:           404          12928  io.netty.channel.SucceededChannelFuture
 274:           499          12720  [Ljava.lang.reflect.Constructor; (java.base@21.0.6)
 275:           227          12712  java.util.TreeMap$Entry (java.base@21.0.6)
 276:           394          12608  java.util.concurrent.CopyOnWriteArrayList (java.base@21.0.6)
 277:           174          12528  jdk.internal.loader.URLClassPath$JarLoader (java.base@21.0.6)
 278:            43          12496  [Lcom.aerospike.client.Key;
 279:           104          12480  com.google.protobuf.DescriptorProtos$DescriptorProto
 280:           172          12384  kotlin.reflect.jvm.internal.impl.serialization.deserialization.TypeDeserializer
 281:           103          12360  com.google.protobuf.Descriptors$Descriptor
 282:           309          12360  kotlin.reflect.jvm.internal.impl.storage.LockBasedStorageManager$LockBasedLazyValue
 283:           386          12352  com.fasterxml.jackson.databind.introspect.MemberKey
 284:           192          12288  io.netty.buffer.PoolChunkList
 285:           255          12240  com.google.common.collect.LinkedHashMultiset
 286:           507          12168  com.google.common.collect.SingletonImmutableList
 287:           505          12120  kotlin.reflect.jvm.internal.impl.protobuf.LiteralByteString
 288:           185          11840  io.netty.handler.codec.http2.DefaultHttp2Connection$ConnectionStream
 289:           185          11840  io.netty.handler.codec.http2.DefaultHttp2LocalFlowController$AutoRefillState
 290:           185          11840  io.netty.handler.codec.http2.DefaultHttp2RemoteFlowController
 291:           185          11840  io.netty.handler.codec.http2.WeightedFairQueueByteDistributor
 292:           370          11840  java.util.concurrent.ConcurrentLinkedQueue$Node (java.base@21.0.6)
 293:           210          11760  java.lang.ClassValue$Entry (java.base@21.0.6)
 294:           290          11600  java.util.concurrent.locks.ReentrantReadWriteLock (java.base@21.0.6)
 295:           480          11520  io.netty.buffer.IntPriorityQueue
 296:           240          11520  io.netty.handler.codec.CodecOutputList
 297:           360          11520  kotlin.reflect.jvm.internal.impl.descriptors.impl.FieldDescriptorImpl
 298:           476          11424  kotlin.reflect.jvm.internal.impl.utils.SmartSet
 299:           141          11280  java.lang.StackTraceElement (java.base@21.0.6)
 300:           117          11232  java.util.logging.Logger (java.logging@21.0.6)
 301:           278          11120  kotlin.reflect.jvm.internal.impl.types.KotlinTypeFactory$$Lambda$0
 302:           124          10840  [Ljava.security.ProtectionDomain; (java.base@21.0.6)
 303:           191          10696  java.io.FileDescriptor (java.base@21.0.6)
 304:           445          10680  io.netty.util.collection.IntObjectHashMap$1
 305:           445          10680  io.netty.util.collection.IntObjectHashMap$EntrySet
 306:           445          10680  io.netty.util.collection.IntObjectHashMap$KeySet
 307:           221          10608  sun.security.util.ObjectIdentifier (java.base@21.0.6)
 308:           331          10592  com.google.inject.internal.WeakKeySet$KeyAndSource
 309:            20          10560  [Ljava.util.concurrent.ForkJoinTask; (java.base@21.0.6)
 310:           440          10560  io.grpc.internal.ReflectionLongAdderCounter
 311:            60          10560  io.netty.util.internal.InternalThreadLocalMap
 312:           262          10480  java.net.Inet6Address (java.base@21.0.6)
 313:           262          10480  java.net.Inet6Address$Inet6AddressHolder (java.base@21.0.6)
 314:           187          10472  io.netty.handler.codec.http2.DefaultHttp2RemoteFlowController$FlowState
 315:           145          10440  java.lang.invoke.BoundMethodHandle$Species_LLL (java.base@21.0.6)
 316:           186          10416  org.glassfish.hk2.utilities.cache.LRUHybridCache$OriginThreadAwareFuture
 317:           185          10360  io.netty.handler.codec.http2.DefaultHttp2ConnectionEncoder
 318:           185          10360  io.netty.handler.codec.http2.DefaultHttp2FrameReader
 319:           185          10360  io.netty.handler.codec.http2.DefaultHttp2LocalFlowController
 320:           185          10360  io.netty.handler.codec.http2.HpackDecoder
 321:           323          10336  sun.reflect.generics.factory.CoreReflectionFactory (java.base@21.0.6)
 322:           427          10248  java.util.concurrent.atomic.AtomicLong (java.base@21.0.6)
 323:           142          10224  io.grpc.StatusException
 324:           426          10224  org.glassfish.jersey.internal.routing.CombinedMediaType$EffectiveMediaType
 325:           424          10176  com.fasterxml.jackson.databind.util.internal.PrivateMaxEntriesMap$WeightedValue
 326:           212          10176  kotlin.reflect.jvm.internal.impl.metadata.ProtoBuf$TypeTable
 327:           316          10112  kotlin.reflect.jvm.internal.KFunctionImpl$$Lambda$0
 328:           420          10080  org.glassfish.hk2.utilities.reflection.internal.MethodWrapperImpl
 329:           209          10032  java.util.logging.LogManager$LogNode (java.logging@21.0.6)
 330:           185           9944  [Lsun.reflect.generics.tree.TypeSignature; (java.base@21.0.6)
 331:           310           9920  io.grpc.EquivalentAddressGroup
 332:           155           9920  java.security.CodeSource (java.base@21.0.6)
 333:           307           9824  javax.management.ImmutableDescriptor (java.management@21.0.6)
 334:            42           9744  io.grpc.internal.InternalSubchannel
 335:           174           9744  java.io.RandomAccessFile (java.base@21.0.6)
 336:           110           9680  java.nio.DirectByteBuffer (java.base@21.0.6)
 337:           199           9552  java.util.zip.ZipFile$CleanableResource (java.base@21.0.6)
 338:           298           9536  java.util.concurrent.ConcurrentLinkedQueue (java.base@21.0.6)
 339:           132           9504  java.lang.invoke.DirectMethodHandle$Accessor (java.base@21.0.6)
 340:           118           9440  com.google.inject.internal.ConstructorBindingImpl
 341:           131           9432  java.util.concurrent.ThreadPoolExecutor$Worker (java.base@21.0.6)
 342:           292           9344  com.google.inject.spi.Message
 343:           163           9128  io.netty.handler.codec.http2.StreamBufferingEncoder
 344:           228           9120  com.google.inject.spi.InjectionPoint
 345:           224           8960  com.fasterxml.jackson.databind.PropertyName
 346:           186           8928  java.lang.Thread$FieldHolder (java.base@21.0.6)
 347:           159           8904  com.aerospike.vector.index.InternalIndexId
 348:           139           8896  com.google.inject.internal.SingletonScope$1
 349:           185           8880  io.grpc.netty.WriteQueue
 350:           185           8880  io.netty.handler.codec.http2.DefaultHttp2Connection$ActiveStreams
 351:           185           8880  io.netty.handler.codec.http2.HpackDynamicTable
 352:           185           8880  io.netty.handler.codec.http2.HpackHuffmanEncoder
 353:           185           8880  sun.reflect.generics.tree.MethodTypeSignature (java.base@21.0.6)
 354:           221           8840  jdk.internal.reflect.DirectMethodHandleAccessor (java.base@21.0.6)
 355:           250           8776  [Lcom.google.protobuf.Descriptors$FieldDescriptor;
 356:           363           8712  io.netty.channel.VoidChannelPromise$1
 357:           363           8712  io.netty.channel.epoll.AbstractEpollChannel$AbstractEpollUnsafe$1
 358:           363           8712  io.netty.channel.epoll.LinuxSocket
 359:           135           8640  java.security.AccessControlContext (java.base@21.0.6)
 360:           268           8576  kotlin.reflect.jvm.internal.impl.types.IndexedParametersSubstitution
 361:           213           8520  org.glassfish.jersey.server.internal.routing.WildcardMethodSelectingRouter$ConsumesProducesAcceptor
 362:            34           8432  io.netty.channel.epoll.EpollEventLoop
 363:           347           8328  io.netty.channel.epoll.AbstractEpollStreamChannel$1
 364:           208           8320  com.sun.jmx.mbeanserver.ConvertingMethod (java.management@21.0.6)
 365:           173           8304  java.lang.module.ModuleDescriptor$Requires (java.base@21.0.6)
 366:           205           8200  io.netty.channel.epoll.EpollRecvByteAllocatorStreamingHandle
 367:           170           8160  com.google.inject.spi.ElementSource
 368:           169           8112  com.fasterxml.jackson.databind.introspect.AnnotatedField
 369:           337           8088  java.util.IdentityHashMap$KeySet (java.base@21.0.6)
 370:           101           8080  net.engio.mbassy.listener.MessageHandler
 371:            72           8064  com.aerospike.client.async.NettyCommand
 372:           200           8000  io.undertow.util.HttpString
 373:           111           7992  java.net.NetworkInterface (java.base@21.0.6)
 374:           332           7968  jdk.internal.reflect.DirectConstructorHandleAccessor (java.base@21.0.6)
 375:            71           7952  java.lang.module.ModuleDescriptor (java.base@21.0.6)
 376:           142           7952  java.nio.channels.UnresolvedAddressException (java.base@21.0.6)
 377:           329           7896  com.google.common.collect.RegularImmutableList
 378:           123           7872  com.google.inject.internal.MembersInjectorImpl
 379:           328           7872  java.lang.Character$UnicodeBlock (java.base@21.0.6)
 380:           108           7776  java.lang.invoke.MethodHandleImpl$AsVarargsCollector (java.base@21.0.6)
 381:           320           7680  com.google.inject.Key$AnnotationInstanceStrategy
 382:           238           7616  java.util.ImmutableCollections$Set12 (java.base@21.0.6)
 383:            22           7568  io.grpc.netty.NettyServerHandler
 384:           315           7560  java.util.HashMap$EntrySet (java.base@21.0.6)
 385:           134           7504  kotlin.reflect.jvm.internal.impl.resolve.scopes.SubstitutingScope
 386:           117           7488  com.aerospike.vector.index.BatchIndexMetadata
 387:           186           7440  org.glassfish.hk2.utilities.cache.LRUHybridCache$HybridCacheEntryImpl
 388:           103           7416  kotlin.reflect.jvm.internal.impl.storage.LockBasedStorageManager$5
 389:           185           7400  io.grpc.netty.Utils$FlowControlReader
 390:           185           7400  io.netty.handler.codec.http2.DefaultHttp2HeadersEncoder
 391:           185           7400  io.netty.handler.codec.http2.HpackHuffmanEncoder$EncodeProcessor
 392:           231           7392  io.netty.util.internal.logging.LocationAwareSlf4JLogger
 393:           184           7360  java.io.File (java.base@21.0.6)
 394:           153           7344  com.aerospike.vector.client.proto.IndexId
 395:           153           7344  java.util.concurrent.locks.AbstractQueuedSynchronizer$ConditionNode (java.base@21.0.6)
 396:           228           7296  com.google.inject.internal.ProvisionListenerCallbackStore$KeyBinding
 397:           130           7280  java.security.ProtectionDomain (java.base@21.0.6)
 398:           303           7272  kotlin.reflect.jvm.internal.KFunctionImpl$$Lambda$2
 399:            82           7216  java.lang.invoke.BoundMethodHandle$Species_LLLLL (java.base@21.0.6)
 400:           150           7200  kotlin.reflect.jvm.internal.KParameterImpl
 401:           123           7176  [Lcom.google.inject.internal.SingleParameterInjector;
 402:           112           7168  io.netty.buffer.PooledSlicedByteBuf
 403:           223           7136  java.util.regex.Pattern$BmpCharProperty (java.base@21.0.6)
 404:            52           7072  kotlin.reflect.jvm.internal.KMutableProperty1Impl
 405:           268           7056  [Lkotlin.reflect.jvm.internal.impl.types.TypeProjection;
 406:           126           7056  sun.reflect.generics.repository.ClassRepository (java.base@21.0.6)
 407:           110           7048  [Ljava.lang.reflect.Parameter; (java.base@21.0.6)
 408:           145           6960  com.google.inject.internal.CycleDetectingLock$CycleDetectingLockFactory$ReentrantCycleDetectingLock
 409:           290           6960  java.util.concurrent.locks.ReentrantReadWriteLock$ReadLock (java.base@21.0.6)
 410:           290           6960  java.util.concurrent.locks.ReentrantReadWriteLock$WriteLock (java.base@21.0.6)
 411:           108           6912  com.aerospike.connect.metrics.AerospikeGauge
 412:           172           6880  com.google.inject.internal.MoreTypes$ParameterizedTypeImpl
 413:           285           6840  java.util.HashMap$KeySet (java.base@21.0.6)
 414:           285           6840  kotlin.reflect.jvm.internal.KPropertyImpl$$Lambda$1
 415:           142           6816  io.grpc.netty.ProtocolNegotiators$WaitUntilActiveHandler
 416:           284           6816  kotlin.reflect.jvm.internal.KFunctionImpl$$Lambda$1
 417:            37           6808  kotlin.reflect.jvm.internal.KClassImpl$Data
 418:           283           6792  kotlin.reflect.jvm.internal.KProperty1Impl$$Lambda$1
 419:           283           6792  kotlin.reflect.jvm.internal.impl.types.TypeSubstitutor
 420:           138           6624  com.codahale.metrics.EWMA
 421:           138           6624  io.netty.util.Recycler$LocalPool
 422:            69           6624  jdk.internal.module.ModuleReferenceImpl (java.base@21.0.6)
 423:           118           6608  java.util.logging.Logger$ConfigurationData (java.logging@21.0.6)
 424:            75           6600  kotlin.reflect.jvm.internal.impl.serialization.deserialization.descriptors.DeserializedMemberScope$OptimizedImplementation
 425:           205           6560  java.util.zip.Inflater$InflaterZStreamRef (java.base@21.0.6)
 426:            41           6560  kotlin.reflect.jvm.internal.impl.load.java.lazy.descriptors.LazyJavaClassMemberScope
 427:           163           6520  io.grpc.Status
 428:           163           6520  io.grpc.netty.ClientTransportLifecycleManager
 429:           163           6520  io.grpc.netty.GrpcHttp2HeadersUtils$GrpcHttp2ClientHeadersDecoder
 430:           267           6408  java.util.Collections$UnmodifiableSet (java.base@21.0.6)
 431:            20           6400  java.util.concurrent.ForkJoinPool$WorkQueue (java.base@21.0.6)
 432:            72           6336  java.lang.Module (java.base@21.0.6)
 433:           198           6336  java.net.InterfaceAddress (java.base@21.0.6)
 434:            88           6336  jdk.internal.ref.Cleaner (java.base@21.0.6)
 435:           258           6192  kotlin.reflect.jvm.internal.KPropertyImpl$$Lambda$0
 436:           257           6168  kotlin.reflect.jvm.internal.impl.serialization.deserialization.descriptors.NonEmptyDeserializedAnnotations
 437:            11           6160  com.github.benmanes.caffeine.cache.MpscGrowableArrayQueue
 438:           110           6160  kotlin.reflect.jvm.internal.impl.storage.LockBasedStorageManager$4
 439:           109           6104  sun.reflect.generics.repository.ConstructorRepository (java.base@21.0.6)
 440:           190           6080  jdk.internal.module.ServicesCatalog$ServiceProvider (java.base@21.0.6)
 441:            75           6000  com.fasterxml.jackson.databind.type.SimpleType
 442:           250           6000  jdk.proxy2.$Proxy3 (jdk.proxy2)
 443:           187           5984  io.netty.handler.codec.http2.DefaultHttp2Connection$DefaultStream$PropertyMap
 444:           187           5984  java.lang.RuntimePermission (java.base@21.0.6)
 445:            57           5928  javax.management.openmbean.OpenMBeanAttributeInfoSupport (java.management@21.0.6)
 446:           185           5920  io.netty.handler.codec.http2.DefaultHttp2Connection$PropertyKeyRegistry
 447:           185           5920  io.netty.handler.codec.http2.DefaultHttp2RemoteFlowController$WritabilityMonitor
 448:           185           5920  io.netty.handler.codec.http2.HpackHuffmanDecoder
 449:           185           5920  io.netty.handler.codec.http2.HpackHuffmanEncoder$EncodedLengthProcessor
 450:           185           5920  io.netty.handler.codec.http2.Http2FrameLogger
 451:           185           5920  io.netty.handler.codec.http2.Http2InboundFrameLogger
 452:           185           5920  io.netty.handler.codec.http2.Http2OutboundFrameLogger
 453:             1           5896  [Lio.undertow.util.StatusCodes$Entry;
 454:            67           5896  java.util.concurrent.ConcurrentSkipListMap (java.base@21.0.6)
 455:           122           5856  com.google.inject.internal.ConstructorInjector
 456:           122           5856  org.xnio.SingleOption
 457:           121           5808  java.util.Collections$UnmodifiableMap (java.base@21.0.6)
 458:            72           5760  kotlin.reflect.jvm.internal.impl.metadata.ProtoBuf$TypeParameter
 459:           180           5760  kotlin.reflect.jvm.internal.impl.types.TypeProjectionImpl
 460:           239           5736  kotlin.reflect.jvm.internal.KProperty1Impl$$Lambda$0
 461:            66           5720  [Ljavax.management.MBeanAttributeInfo; (java.management@21.0.6)
 462:           102           5712  java.lang.invoke.VarHandle$AccessDescriptor (java.base@21.0.6)
 463:           142           5680  io.grpc.netty.WriteBufferingAndExceptionHandler
 464:           101           5656  net.engio.mbassy.subscription.Subscription
 465:            21           5624  [Lcom.github.benmanes.caffeine.cache.Node;
 466:           311           5616  [Lsun.reflect.generics.tree.FormalTypeParameter; (java.base@21.0.6)
 467:           175           5600  kotlin.reflect.jvm.internal.impl.serialization.deserialization.AnnotationDeserializer
 468:           174           5568  java.util.zip.ZipFile$Source$Key (java.base@21.0.6)
 469:            69           5520  mu.internal.LocationAwareKLogger
 470:           172           5504  kotlin.reflect.jvm.internal.impl.serialization.deserialization.MemberDeserializer
 471:            85           5440  java.io.ObjectStreamField (java.base@21.0.6)
 472:           286           5376  [Lsun.reflect.generics.tree.FieldTypeSignature; (java.base@21.0.6)
 473:           332           5312  java.util.concurrent.atomic.AtomicBoolean (java.base@21.0.6)
 474:           331           5296  com.google.common.collect.Count
 475:           163           5216  io.grpc.internal.AtomicBackoff$State
 476:           163           5216  io.grpc.internal.InternalSubchannel$CallTracingTransport
 477:           163           5216  io.grpc.internal.InternalSubchannel$TransportListener
 478:           163           5216  io.grpc.netty.NettyChannelBuilder$NettyTransportFactory$1
 479:           163           5216  io.grpc.netty.NettyClientHandler$1
 480:           163           5216  io.grpc.netty.NettyClientHandler$2
 481:            93           5208  com.sun.management.internal.DiagnosticCommandArgumentInfo (jdk.management@21.0.6)
 482:            65           5200  javax.management.MBeanInfo (java.management@21.0.6)
 483:            65           5200  kotlin.reflect.jvm.internal.impl.serialization.deserialization.descriptors.DeserializedClassDescriptor$DeserializedClassMemberScope
 484:           162           5184  com.aerospike.client.async.NettyCommand$InboundHandler
 485:            24           5184  kotlin.reflect.jvm.internal.impl.serialization.deserialization.descriptors.DeserializedClassConstructorDescriptor
 486:           107           5136  com.aerospike.vector.heartbeat.Heartbeat$SocketEndpoint
 487:            30           5040  com.aerospike.client.async.AsyncBatch$ExistsSequenceCommand
 488:           126           5040  sun.reflect.generics.tree.ClassSignature (java.base@21.0.6)
 489:            57           5016  io.netty.buffer.PoolThreadCache
 490:           208           4992  io.netty.channel.DefaultMaxMessagesRecvByteBufAllocator$MaxMessageHandle$1
 491:           208           4992  io.netty.channel.epoll.EpollRecvByteAllocatorHandle$1
 492:           208           4992  io.netty.channel.unix.PreferredDirectByteBufAllocator
 493:            27           4968  kotlin.reflect.jvm.internal.impl.load.java.descriptors.JavaMethodDescriptor
 494:           124           4960  net.engio.mbassy.common.WeakConcurrentSet$WeakEntry
 495:           103           4944  com.google.protobuf.GeneratedMessageV3$FieldAccessorTable
 496:            41           4920  io.grpc.netty.NettyChannelBuilder$NettyTransportFactory
 497:           123           4920  io.netty.handler.codec.http2.HpackEncoder$NameEntry
 498:            68           4896  io.grpc.MethodDescriptor
 499:           122           4880  com.google.inject.internal.ConstructorBindingImpl$Factory
 500:           122           4880  com.google.inject.internal.DefaultConstructionProxyFactory$FastClassProxy
 501:           152           4864  java.util.ImmutableCollections$List12 (java.base@21.0.6)
 502:            76           4864  sun.reflect.generics.repository.MethodRepository (java.base@21.0.6)
 503:           101           4848  javax.management.MBeanAttributeInfo (java.management@21.0.6)
 504:           101           4848  net.engio.mbassy.common.WeakConcurrentSet
 505:           201           4824  java.util.WeakHashMap$KeySet (java.base@21.0.6)
 506:            85           4760  io.grpc.internal.CallTracer
 507:            18           4752  [Ljava.lang.invoke.MemberName; (java.base@21.0.6)
 508:            65           4680  kotlin.reflect.jvm.internal.impl.serialization.deserialization.ProtoContainer$Class
 509:           219           4672  [Lcom.sun.jmx.mbeanserver.MXBeanMapping; (java.management@21.0.6)
 510:           146           4672  io.netty.util.internal.LongAdderCounter
 511:           146           4672  jdk.internal.loader.AbstractClassLoaderValue$Sub (java.base@21.0.6)
 512:            97           4656  [Lcom.google.common.cache.LocalCache$Segment;
 513:           290           4640  java.util.concurrent.locks.ReentrantReadWriteLock$Sync$ThreadLocalHoldCounter (java.base@21.0.6)
 514:            72           4608  com.aerospike.client.async.HashedWheelTimer$HashedWheelTimeout
 515:            64           4608  com.codahale.metrics.ExponentiallyDecayingReservoir
 516:            71           4576  [Lcom.fasterxml.jackson.databind.deser.SettableBeanProperty;
 517:            11           4576  kotlin.reflect.jvm.internal.impl.renderer.DescriptorRendererOptionsImpl
 518:           143           4576  sun.reflect.generics.scope.ClassScope (java.base@21.0.6)
 519:           113           4520  java.util.jar.Manifest (java.base@21.0.6)
 520:           187           4488  java.util.concurrent.atomic.AtomicReference (java.base@21.0.6)
 521:            40           4480  java.util.concurrent.ThreadPoolExecutor (java.base@21.0.6)
 522:            43           4472  org.jvnet.hk2.internal.ClazzCreator
 523:           186           4464  io.grpc.Attributes
 524:           139           4448  com.google.inject.internal.ConstructionContext
 525:           139           4448  com.google.inject.internal.InternalFactoryToProviderAdapter
 526:           139           4448  com.google.inject.internal.ProviderToInternalFactoryAdapter
 527:           185           4440  io.grpc.netty.WriteQueue$1
 528:           185           4440  io.netty.handler.codec.http2.DefaultHttp2FrameWriter
 529:           185           4440  io.netty.handler.codec.http2.DefaultHttp2LocalFlowController$1
 530:           185           4440  io.netty.handler.codec.http2.DefaultHttp2RemoteFlowController$1
 531:           185           4440  io.netty.handler.codec.http2.WeightedFairQueueByteDistributor$1
 532:           185           4440  io.netty.util.collection.CharObjectHashMap$1
 533:           185           4440  io.netty.util.collection.CharObjectHashMap$EntrySet
 534:           185           4440  io.netty.util.collection.CharObjectHashMap$KeySet
 535:            46           4416  com.aerospike.client.policy.BatchPolicy
 536:            25           4400  com.fasterxml.jackson.databind.deser.BeanDeserializer
 537:           136           4352  io.grpc.protobuf.lite.ProtoLiteUtils$MessageMarshaller
 538:           136           4352  java.lang.ThreadLocal$ThreadLocalMap (java.base@21.0.6)
 539:           157           4336  [Lcom.fasterxml.jackson.databind.JavaType;
 540:           179           4296  java.util.Arrays$ArrayList (java.base@21.0.6)
 541:            67           4288  com.google.common.cache.LocalCache$WeakEntry
 542:           107           4280  com.google.common.base.Stopwatch
 543:            66           4224  java.lang.invoke.DirectMethodHandle$Special (java.base@21.0.6)
 544:           174           4176  sun.nio.fs.UnixFileAttributes$UnixAsBasicFileAttributes (java.base@21.0.6)
 545:            65           4160  kotlin.reflect.jvm.internal.impl.serialization.deserialization.descriptors.DeserializedClassDescriptor$memberScopeHolder$1
 546:            86           4128  kotlin.reflect.jvm.internal.impl.descriptors.ScopesHolderForClass
 547:           172           4128  kotlin.reflect.jvm.internal.impl.serialization.deserialization.TypeDeserializer$$Lambda$0
 548:           172           4128  kotlin.reflect.jvm.internal.impl.serialization.deserialization.TypeDeserializer$$Lambda$1
 549:             1           4112  [Lio.netty.handler.codec.http2.HpackStaticTable$HeaderNameIndex;
 550:            16           4096  [Lio.netty.buffer.IntPriorityQueue;
 551:           256           4096  java.lang.Byte (java.base@21.0.6)
 552:           256           4096  java.lang.Short (java.base@21.0.6)
 553:            34           4080  com.fasterxml.jackson.databind.introspect.AnnotatedClass
 554:           127           4064  java.security.Permissions (java.base@21.0.6)
 555:           101           4040  net.engio.mbassy.dispatch.FilteredMessageDispatcher
 556:           101           4040  net.engio.mbassy.subscription.SubscriptionContext
 557:            63           4032  java.lang.invoke.DirectMethodHandle$Interface (java.base@21.0.6)
 558:            63           4032  java.lang.ref.Finalizer (java.base@21.0.6)
 559:            83           3984  io.grpc.internal.ChannelTracer
 560:            41           3936  io.grpc.internal.DelayedClientTransport
 561:           123           3936  sun.security.util.LazyCodeSourcePermissionCollection (java.base@21.0.6)
 562:            14           3920  java.util.concurrent.ConcurrentHashMap$CounterCell (java.base@21.0.6)
 563:           163           3912  io.grpc.internal.CallCredentialsApplyingTransportFactory$CallCredentialsApplyingTransport$1
 564:           163           3912  io.grpc.internal.InternalSubchannel$TransportLogger
 565:           163           3912  io.grpc.netty.NettyClientHandler$FrameListener
 566:           163           3912  io.grpc.netty.NettyClientHandler$PingCountingFrameWriter
 567:           163           3912  io.netty.handler.codec.http2.StreamBufferingEncoder$1
 568:           122           3904  com.google.inject.internal.aop.AbstractGlueGenerator$$Lambda/0x00007fcc10117000
 569:            44           3872  kotlin.reflect.jvm.internal.KProperty1Impl$Getter
 570:            23           3864  com.fasterxml.jackson.module.kotlin.KotlinValueInstantiator
 571:           161           3864  jdk.proxy2.$Proxy10 (jdk.proxy2)
 572:            21           3864  kotlin.reflect.jvm.internal.impl.load.java.lazy.descriptors.LazyJavaClassDescriptor
 573:            47           3760  kotlin.reflect.jvm.internal.impl.load.kotlin.header.KotlinClassHeader
 574:            52           3744  kotlinx.coroutines.JobSupport$AwaitContinuation
 575:           103           3736  [Lcom.google.protobuf.GeneratedMessageV3$FieldAccessorTable$FieldAccessor;
 576:           116           3712  java.security.BasicPermissionCollection (java.base@21.0.6)
 577:            58           3712  org.jvnet.hk2.internal.ServiceLocatorImpl$IgdCacheKey
 578:            22           3696  io.grpc.netty.NettyServerTransport
 579:           154           3696  java.util.ImmutableCollections$SetN (java.base@21.0.6)
 580:            77           3696  sun.reflect.generics.reflectiveObjects.TypeVariableImpl (java.base@21.0.6)
 581:            41           3608  io.grpc.NameResolver$Args
 582:            50           3600  com.aerospike.connect.metrics.AerospikeCounter
 583:           150           3600  kotlin.reflect.jvm.internal.KParameterImpl$$Lambda$0
 584:           134           3528  [Lkotlin.reflect.jvm.internal.impl.descriptors.TypeParameterDescriptor;
 585:            49           3528  java.util.concurrent.LinkedBlockingQueue (java.base@21.0.6)
 586:            55           3520  com.google.protobuf.Descriptors$OneofDescriptor
 587:            44           3520  com.google.protobuf.GeneratedMessageV3$FieldAccessorTable$SingularFieldAccessor$ReflectionInvoker
 588:           109           3488  sun.reflect.generics.scope.ConstructorScope (java.base@21.0.6)
 589:             6           3456  com.aerospike.vector.index.metrics.PerIndexMetrics
 590:            36           3456  com.fasterxml.jackson.databind.type.MapType
 591:           143           3432  kotlin.reflect.jvm.internal.KCallableImpl$$Lambda$8
 592:           142           3408  io.grpc.netty.ProtocolNegotiators$GrpcNegotiationHandler
 593:           142           3408  io.netty.handler.codec.http2.DefaultHttp2ConnectionDecoder$PrefaceFrameListener
 594:            53           3392  sun.security.util.NamedCurve (java.base@21.0.6)
 595:           112           3384  [Ljava.net.InetAddress; (java.base@21.0.6)
 596:            47           3384  com.sun.management.internal.DiagnosticCommandInfo (jdk.management@21.0.6)
 597:            47           3384  java.lang.invoke.BoundMethodHandle$Species_LLJ (java.base@21.0.6)
 598:           111           3360  [Ljava.net.InterfaceAddress; (java.base@21.0.6)
 599:            42           3360  com.google.common.collect.SingletonImmutableBiMap
 600:            42           3360  io.grpc.internal.ManagedChannelImpl$SubchannelImpl
 601:            84           3360  kotlin.reflect.jvm.internal.impl.types.error.ErrorTypeKind
 602:            38           3344  com.google.inject.internal.InternalProviderInstanceBindingImpl
 603:            23           3312  com.fasterxml.jackson.databind.util.internal.PrivateMaxEntriesMap
 604:            18           3312  io.netty.util.concurrent.FastThreadLocalThread
 605:           138           3312  jdk.proxy2.$Proxy11 (jdk.proxy2)
 606:            69           3312  kotlin.reflect.jvm.internal.impl.metadata.ProtoBuf$EnumEntry
 607:            59           3304  kotlin.reflect.jvm.internal.impl.types.TypeParameterUpperBoundEraser
 608:           103           3296  [[C (java.base@21.0.6)
 609:            82           3280  io.grpc.internal.CallCredentialsApplyingTransportFactory
 610:            68           3264  java.lang.invoke.LambdaForm$Kind (java.base@21.0.6)
 611:            24           3264  kotlin.reflect.jvm.internal.impl.load.java.lazy.descriptors.LazyJavaPackageScope
 612:            37           3256  com.fasterxml.jackson.databind.type.CollectionType
 613:            14           3248  org.glassfish.hk2.internal.ActiveDescriptorBuilderImpl$BuiltActiveDescriptor
 614:            58           3248  org.glassfish.hk2.utilities.general.internal.DoubleNode
 615:            58           3248  org.jvnet.hk2.internal.CacheKey
 616:            45           3240  com.google.protobuf.DescriptorProtos$MethodDescriptorProto
 617:           101           3232  java.util.UUID (java.base@21.0.6)
 618:           101           3232  net.engio.mbassy.dispatch.MessageDispatcher
 619:           134           3216  kotlin.reflect.jvm.internal.impl.resolve.scopes.SubstitutingScope$$Lambda$0
 620:           134           3216  kotlin.reflect.jvm.internal.impl.resolve.scopes.SubstitutingScope$$Lambda$1
 621:            67           3216  sun.reflect.annotation.AnnotationType (java.base@21.0.6)
 622:             4           3200  [[B (java.base@21.0.6)
 623:            97           3168  [Ljavax.management.ObjectName$Property; (java.management@21.0.6)
 624:           132           3168  kotlin.reflect.jvm.internal.impl.metadata.deserialization.TypeTable
 625:            56           3136  com.google.protobuf.DescriptorProtos$OneofDescriptorProto
 626:            98           3136  java.lang.invoke.Invokers (java.base@21.0.6)
 627:            30           3120  com.aerospike.vector.storage.AerospikeStorageKvs$exists$2
 628:            39           3120  com.google.inject.internal.InstanceBindingImpl
 629:            65           3120  kotlin.reflect.jvm.internal.impl.serialization.deserialization.descriptors.DeserializedClassDescriptor$DeserializedClassTypeConstructor
 630:            78           3120  kotlinx.coroutines.NodeList
 631:            78           3120  org.glassfish.hk2.utilities.cache.Cache$OriginThreadAwareFuture
 632:            43           3096  org.jvnet.hk2.internal.ServiceHandleImpl
 633:            77           3080  com.fasterxml.jackson.databind.type.TypeBindings
 634:            48           3072  com.aerospike.flow.CancellableFlow$tickerFlow$1
 635:            96           3072  java.util.concurrent.ConcurrentHashMap$KeySetView (java.base@21.0.6)
 636:           128           3072  jdk.proxy2.$Proxy32 (jdk.proxy2)
 637:            24           3072  kotlin.reflect.jvm.internal.impl.load.java.lazy.descriptors.LazyJavaPackageFragment
 638:             1           3040  [Ljava.lang.Character$UnicodeBlock; (java.base@21.0.6)
 639:            75           3000  java.util.concurrent.CountDownLatch$Sync (java.base@21.0.6)
 640:            25           3000  sun.net.www.protocol.jar.URLJarFile (java.base@21.0.6)
 641:            62           2976  com.google.inject.internal.Errors
 642:           124           2976  java.security.SecureClassLoader$CodeSourceKey (java.base@21.0.6)
 643:            62           2976  jdk.internal.loader.BuiltinClassLoader$LoadedModule (java.base@21.0.6)
 644:           145           2952  [Ljava.lang.annotation.Annotation; (java.base@21.0.6)
 645:           126           2952  [Lsun.reflect.generics.tree.ClassTypeSignature; (java.base@21.0.6)
 646:           123           2952  org.jvnet.hk2.internal.IndexedListData
 647:            23           2944  com.google.inject.internal.InjectorBindingData
 648:            16           2944  io.netty.channel.epoll.EpollServerSocketChannel
 649:           122           2928  com.google.inject.internal.aop.ImmutableStringTrie
 650:            52           2912  kotlinx.coroutines.ResumeAwaitOnCompletion
 651:            30           2880  com.aerospike.vector.index.healer.worker.VectorRecordScanProcessor$onProcessRecord$1
 652:            45           2880  com.google.protobuf.DescriptorProtos$MethodOptions
 653:            60           2880  kotlin.reflect.jvm.internal.impl.load.java.typeEnhancement.PredefinedFunctionEnhancementInfo
 654:            90           2880  org.glassfish.hk2.utilities.reflection.ParameterizedTypeImpl
 655:            89           2848  java.util.regex.Pattern$GroupHead (java.base@21.0.6)
 656:            89           2848  java.util.regex.Pattern$GroupTail (java.base@21.0.6)
 657:            59           2832  kotlin.reflect.jvm.internal.impl.load.java.lazy.LazyJavaResolverContext
 658:            59           2832  kotlin.reflect.jvm.internal.impl.load.java.lazy.types.JavaTypeResolver
 659:            44           2816  com.google.protobuf.Descriptors$MethodDescriptor
 660:            16           2816  io.netty.buffer.PoolArena$HeapArena
 661:            88           2816  java.nio.DirectByteBuffer$Deallocator (java.base@21.0.6)
 662:            88           2816  java.util.Collections$UnmodifiableList (java.base@21.0.6)
 663:            27           2808  org.glassfish.jersey.server.model.ResourceMethodInvoker
 664:            25           2800  com.aerospike.vector.client.proto.IndexDefinition
 665:            50           2800  kotlinx.coroutines.DisposeOnCompletion
 666:            50           2800  kotlinx.coroutines.TimeoutCoroutine
 667:            12           2784  org.jvnet.hk2.internal.ConstantActiveDescriptor
 668:            58           2784  org.jvnet.hk2.internal.ServiceLocatorImpl$IgdValue
 669:            23           2760  com.aerospike.client.policy.WritePolicy
 670:            69           2760  com.google.inject.internal.InternalFactoryToInitializableAdapter
 671:            86           2752  org.glassfish.hk2.utilities.reflection.internal.ClassReflectionHelperImpl$LifecycleKey
 672:           114           2736  com.google.inject.name.NamedImpl
 673:            57           2736  io.netty.handler.codec.http.HttpResponseStatus
 674:             4           2720  io.netty.util.internal.shaded.org.jctools.queues.MpscArrayQueue
 675:            68           2720  kotlin.reflect.jvm.internal.impl.load.java.lazy.LazyJavaAnnotations
 676:            16           2688  io.netty.buffer.PoolArena$DirectArena
 677:            48           2688  jdk.internal.vm.SharedThreadContainer (java.base@21.0.6)
 678:            48           2688  kotlin.reflect.jvm.internal.impl.metadata.jvm.JvmProtoBuf$StringTableTypes
 679:            24           2688  org.glassfish.jersey.internal.guava.LocalCache$Segment
 680:            24           2688  sun.security.ec.SunEC$ProviderServiceA (jdk.crypto.ec@21.0.6)
 681:            83           2656  io.grpc.internal.ChannelLoggerImpl
 682:            83           2656  kotlin.reflect.jvm.internal.KClassImpl
 683:            30           2640  com.aerospike.vector.storage.AerospikeStorageKvs$batchExists$1
 684:           110           2640  java.lang.reflect.Executable$ParameterData (java.base@21.0.6)
 685:            47           2632  com.sun.management.internal.DiagnosticCommandImpl$Wrapper (jdk.management@21.0.6)
 686:            82           2624  io.grpc.internal.ManagedChannelImpl$ExecutorHolder
 687:            41           2624  io.grpc.internal.Rescheduler
 688:            41           2624  javax.management.MBeanOperationInfo (java.management@21.0.6)
 689:            46           2576  com.codahale.metrics.ExponentialMovingAverages
 690:            46           2576  com.fasterxml.jackson.databind.introspect.AnnotatedConstructor
 691:            23           2576  com.google.inject.internal.ProviderMethod$FastClassProviderMethod
 692:           107           2568  com.aerospike.connect.metrics.TickerPriority
 693:            80           2560  sun.reflect.generics.tree.FormalTypeParameter (java.base@21.0.6)
 694:            53           2544  java.security.spec.EllipticCurve (java.base@21.0.6)
 695:            53           2544  kotlin.reflect.jvm.internal.impl.metadata.jvm.deserialization.JvmMetadataVersion
 696:            16           2536  [Ljava.lang.Byte; (java.base@21.0.6)
 697:           105           2520  jdk.proxy2.$Proxy37 (jdk.proxy2)
 698:            21           2520  kotlin.reflect.jvm.internal.impl.load.java.lazy.descriptors.LazyJavaStaticClassScope
 699:            63           2520  kotlin.reflect.jvm.internal.impl.storage.LockBasedStorageManager
 700:            13           2496  com.aerospike.client.async.AsyncBatch$GetSequenceCommand
 701:            78           2496  java.util.regex.Pattern$Slice (java.base@21.0.6)
 702:           103           2472  kotlin.reflect.jvm.internal.impl.types.AbstractTypeConstructor$$Lambda$0
 703:           103           2472  kotlin.reflect.jvm.internal.impl.types.AbstractTypeConstructor$$Lambda$2
 704:           102           2448  io.netty.channel.unix.FileDescriptor
 705:           102           2448  java.util.Collections$UnmodifiableCollection (java.base@21.0.6)
 706:            61           2440  java.util.regex.Pattern$Branch (java.base@21.0.6)
 707:            76           2432  com.fasterxml.jackson.databind.type.TypeBindings$AsKey
 708:            76           2432  sun.reflect.generics.scope.MethodScope (java.base@21.0.6)
 709:           101           2424  javax.management.ObjectName$Property (java.management@21.0.6)
 710:           101           2424  net.engio.mbassy.dispatch.ReflectiveHandlerInvocation
 711:            43           2408  com.aerospike.vector.client.proto.HnswCachingParams
 712:            61           2400  [Ljava.util.regex.Pattern$Node; (java.base@21.0.6)
 713:            25           2400  com.aerospike.vector.client.proto.HnswParams
 714:            30           2400  com.aerospike.vector.index.healer.worker.VectorRecordScanProcessor$processRecord$2
 715:            60           2400  com.google.inject.internal.InjectorImpl$1
 716:            75           2400  kotlin.reflect.jvm.internal.impl.serialization.deserialization.descriptors.DeserializedMemberScope$OptimizedImplementation$$Lambda$3
 717:            75           2400  kotlin.reflect.jvm.internal.impl.serialization.deserialization.descriptors.DeserializedMemberScope$OptimizedImplementation$$Lambda$4
 718:            74           2368  kotlinx.coroutines.CompletableDeferredImpl
 719:            49           2352  javax.management.ObjectName (java.management@21.0.6)
 720:            58           2320  org.jvnet.hk2.internal.NarrowResults
 721:            58           2320  org.jvnet.hk2.internal.ServiceLocatorImpl$UnqualifiedIndexedFilter
 722:            36           2304  com.sun.jmx.mbeanserver.MXBeanSupport (java.management@21.0.6)
 723:            36           2304  java.lang.invoke.VarHandleReferences$FieldInstanceReadWrite (java.base@21.0.6)
 724:            12           2304  java.util.concurrent.ForkJoinWorkerThread (java.base@21.0.6)
 725:            13           2288  com.aerospike.vector.index.hnsw.Hnsw$insert$2
 726:            57           2280  kotlin.reflect.jvm.internal.impl.types.FlexibleTypeImpl
 727:            94           2256  com.google.inject.internal.Initializables$1
 728:            94           2256  jdk.proxy2.$Proxy22 (jdk.proxy2)
 729:            47           2256  kotlin.reflect.jvm.internal.impl.metadata.jvm.deserialization.JvmNameResolver
 730:            70           2240  [Lio.netty.util.concurrent.GenericFutureListener;
 731:            70           2240  com.aerospike.client.async.NettyConnection
 732:            70           2240  io.netty.util.concurrent.DefaultFutureListeners
 733:            40           2240  jdk.incubator.vector.VectorOperators$ConversionImpl (jdk.incubator.vector@21.0.6)
 734:            28           2240  org.jvnet.hk2.internal.SystemInjecteeImpl
 735:             1           2208  [Lsun.security.util.KnownOIDs; (java.base@21.0.6)
 736:            69           2208  com.codahale.metrics.Histogram
 737:            46           2208  com.codahale.metrics.Meter
 738:            23           2208  com.google.inject.internal.InjectorImpl
 739:            69           2208  jdk.internal.module.SystemModuleFinders$2 (java.base@21.0.6)
 740:            92           2208  kotlin.reflect.jvm.internal.impl.descriptors.impl.AbstractClassDescriptor$1
 741:            92           2208  kotlin.reflect.jvm.internal.impl.descriptors.impl.AbstractClassDescriptor$2
 742:            92           2208  kotlin.reflect.jvm.internal.impl.descriptors.impl.AbstractClassDescriptor$3
 743:            16           2176  com.aerospike.client.async.AsyncWrite
 744:            68           2176  io.grpc.ServerMethodDefinition
 745:            16           2176  io.netty.buffer.PoolChunk
 746:            68           2176  kotlin.reflect.jvm.internal.impl.load.java.lazy.descriptors.LazyJavaPackageScope$FindClassRequest
 747:            15           2160  [Lio.netty.handler.codec.CodecOutputList;
 748:            30           2160  com.aerospike.client.async.AsyncBatchExecutor$ExistsSequence
 749:            90           2160  io.grpc.internal.FixedObjectPool
 750:            30           2160  java.time.temporal.ChronoField (java.base@21.0.6)
 751:            90           2160  java.util.regex.Pattern$$Lambda/0x80000002a (java.base@21.0.6)
 752:            45           2160  java.util.regex.Pattern$BnM (java.base@21.0.6)
 753:            90           2160  kotlin.reflect.jvm.internal.impl.load.java.typeEnhancement.TypeEnhancementInfo
 754:            30           2160  org.glassfish.hk2.utilities.InjecteeImpl
 755:            27           2160  org.glassfish.jersey.server.model.Invocable
 756:            27           2160  org.glassfish.jersey.server.model.ResourceMethod$Data
 757:            53           2120  net.engio.mbassy.listener.MessageListener
 758:            22           2112  io.grpc.internal.KeepAliveManager
 759:           103           2088  [Lcom.google.protobuf.GeneratedMessageV3$FieldAccessorTable$OneofAccessor;
 760:            29           2088  org.glassfish.jersey.uri.PathTemplate
 761:           130           2080  [Ljava.security.Principal; (java.base@21.0.6)
 762:           130           2080  java.security.ProtectionDomain$Key (java.base@21.0.6)
 763:            65           2080  kotlin.reflect.jvm.internal.impl.serialization.deserialization.ClassDeserializer$ClassKey
 764:             1           2064  [Ljava.lang.Integer; (java.base@21.0.6)
 765:             1           2064  [Ljava.lang.Long; (java.base@21.0.6)
 766:             1           2064  [Ljava.lang.Short; (java.base@21.0.6)
 767:             1           2064  [Lkotlinx.coroutines.internal.ThreadSafeHeapNode;
 768:            43           2064  jakarta.ws.rs.core.Response$Status
 769:            43           2064  java.util.PropertyPermission (java.base@21.0.6)
 770:            86           2064  kotlin.reflect.jvm.internal.impl.descriptors.ScopesHolderForClass$$Lambda$0
 771:            86           2064  kotlin.reflect.jvm.internal.impl.load.java.lazy.descriptors.LazyJavaScope$$Lambda$0
 772:            86           2064  kotlin.reflect.jvm.internal.impl.load.java.lazy.descriptors.LazyJavaScope$$Lambda$1
 773:            86           2064  kotlin.reflect.jvm.internal.impl.load.java.lazy.descriptors.LazyJavaScope$$Lambda$2
 774:            86           2064  kotlin.reflect.jvm.internal.impl.load.java.lazy.descriptors.LazyJavaScope$$Lambda$3
 775:            86           2064  kotlin.reflect.jvm.internal.impl.load.java.lazy.descriptors.LazyJavaScope$$Lambda$4
 776:            86           2064  kotlin.reflect.jvm.internal.impl.load.java.lazy.descriptors.LazyJavaScope$$Lambda$5
 777:            86           2064  kotlin.reflect.jvm.internal.impl.load.java.lazy.descriptors.LazyJavaScope$$Lambda$6
 778:            86           2064  kotlin.reflect.jvm.internal.impl.load.java.lazy.descriptors.LazyJavaScope$$Lambda$7
 779:            86           2064  kotlin.reflect.jvm.internal.impl.load.java.lazy.descriptors.LazyJavaScope$$Lambda$8
 780:            16           2048  com.fasterxml.jackson.databind.deser.std.MapDeserializer
 781:           128           2048  java.lang.Character (java.base@21.0.6)
 782:            85           2040  java.util.Collections$SingletonSet (java.base@21.0.6)
 783:            85           2040  sun.reflect.generics.tree.TypeVariableSignature (java.base@21.0.6)
 784:            42           2016  io.grpc.internal.AutoConfiguredLoadBalancerFactory$AutoConfiguredLoadBalancer
 785:            63           2016  java.lang.module.ModuleDescriptor$Provides (java.base@21.0.6)
 786:            63           2016  java.lang.module.ResolvedModule (java.base@21.0.6)
 787:            42           2016  javax.management.MBeanParameterInfo (java.management@21.0.6)
 788:            18           2016  sun.security.ec.SunEC$ProviderService (jdk.crypto.ec@21.0.6)
 789:            25           2000  com.aerospike.connect.metrics.AerospikeHistogram
 790:            50           2000  io.netty.buffer.PoolThreadCache$NormalMemoryRegionCache
 791:            50           2000  kotlinx.coroutines.EventLoopImplBase$DelayedRunnableTask
 792:            41           1968  io.grpc.LoadBalancer$PickResult
 793:            41           1968  io.grpc.internal.ManagedChannelImpl$RealChannel
 794:            41           1968  io.grpc.internal.ManagedChannelImpl$UncommittedRetriableStreamsRegistry
 795:            41           1968  kotlin.reflect.jvm.internal.impl.descriptors.impl.LazyClassReceiverParameterDescriptor
 796:             5           1960  java.util.concurrent.ForkJoinPool (java.base@21.0.6)
 797:            61           1952  jdk.internal.module.ModuleReferenceImpl$CachedHash (java.base@21.0.6)
 798:            22           1936  com.aerospike.connect.metrics.AerospikeTimer
 799:            22           1936  io.grpc.internal.ManagedChannelOrphanWrapper$ManagedChannelReference
 800:            30           1920  com.aerospike.vector.client.proto.HnswHealerParams
 801:            30           1920  com.aerospike.vector.storage.AerospikeStorageKvs$batchExists$3
 802:            60           1920  com.google.inject.internal.ErrorId
 803:            40           1920  io.grpc.NameResolverRegistry
 804:            40           1920  io.netty.util.concurrent.DefaultPromise
 805:            51           1912  [Ljavax.management.MBeanOperationInfo; (java.management@21.0.6)
 806:            75           1904  [Ljava.lang.reflect.TypeVariable; (java.base@21.0.6)
 807:            59           1888  kotlin.reflect.jvm.internal.impl.types.AbstractTypeConstructor$Supertypes
 808:            47           1880  kotlin.reflect.jvm.internal.impl.load.kotlin.KotlinJvmBinarySourceElement
 809:            39           1872  kotlin.reflect.jvm.internal.impl.serialization.deserialization.ClassData
 810:            38           1856  [Ljava.lang.invoke.LambdaFormEditor$Transform; (java.base@21.0.6)
 811:            58           1856  org.jvnet.hk2.internal.ImmediateResults
 812:            77           1848  java.util.regex.Pattern$BitClass (java.base@21.0.6)
 813:            57           1824  org.glassfish.hk2.utilities.ContextualInput
 814:            49           1800  [Ljava.lang.annotation.ElementType; (java.base@21.0.6)
 815:            25           1800  com.fasterxml.jackson.databind.deser.impl.BeanPropertyMap
 816:            75           1800  java.util.concurrent.CountDownLatch (java.base@21.0.6)
 817:            75           1800  kotlin.reflect.jvm.internal.impl.serialization.deserialization.descriptors.DeserializedMemberScope$$Lambda$0
 818:            75           1800  kotlin.reflect.jvm.internal.impl.serialization.deserialization.descriptors.DeserializedMemberScope$$Lambda$1
 819:            75           1800  kotlin.reflect.jvm.internal.impl.serialization.deserialization.descriptors.DeserializedMemberScope$OptimizedImplementation$$Lambda$0
 820:            75           1800  kotlin.reflect.jvm.internal.impl.serialization.deserialization.descriptors.DeserializedMemberScope$OptimizedImplementation$$Lambda$1
 821:            75           1800  kotlin.reflect.jvm.internal.impl.serialization.deserialization.descriptors.DeserializedMemberScope$OptimizedImplementation$$Lambda$2
 822:           111           1776  [Ljava.net.NetworkInterface; (java.base@21.0.6)
 823:            74           1776  com.google.common.cache.LocalCache$LocalLoadingCache
 824:            37           1776  com.sun.jmx.mbeanserver.WeakIdentityHashMap$IdentityWeakReference (java.management@21.0.6)
 825:            74           1776  kotlinx.coroutines.DisposeOnCancel
 826:            33           1768  [Lcom.fasterxml.jackson.databind.introspect.AnnotationMap;
 827:            17           1768  com.aerospike.client.AerospikeException$Timeout
 828:            44           1760  com.google.inject.spi.ModuleSource
 829:            27           1728  java.lang.invoke.BoundMethodHandle$Species_LJ (java.base@21.0.6)
 830:            54           1728  java.security.spec.ECPoint (java.base@21.0.6)
 831:             8           1728  java.text.DecimalFormat (java.base@21.0.6)
 832:            36           1728  kotlin.reflect.jvm.internal.calls.CallerImpl$Constructor
 833:            72           1728  kotlin.reflect.jvm.internal.impl.descriptors.impl.AbstractClassDescriptor$1$1
 834:            24           1728  kotlinx.coroutines.flow.internal.SafeCollector
 835:            24           1728  org.glassfish.jersey.server.model.Parameter
 836:            34           1712  [Ljava.time.format.DateTimeFormatterBuilder$DateTimePrinterParser; (java.base@21.0.6)
 837:            40           1704  [Ljava.math.BigInteger; (java.base@21.0.6)
 838:             4           1696  com.github.benmanes.caffeine.cache.SSSMSA
 839:            53           1696  java.util.regex.Pattern$BmpCharPropertyGreedy (java.base@21.0.6)
 840:            30           1680  com.aerospike.vector.index.healer.worker.VectorRecordScanProcessor$getLayerWisePresence$1
 841:            70           1680  com.google.common.collect.AbstractMultiset$ElementSet
 842:            70           1680  com.google.common.collect.AbstractMultiset$EntrySet
 843:            42           1680  io.grpc.LoadBalancer$CreateSubchannelArgs
 844:            42           1680  io.grpc.internal.PickFirstLoadBalancer
 845:            42           1680  java.time.format.DateTimeFormatterBuilder$NumberPrinterParser (java.base@21.0.6)
 846:            19           1672  java.lang.invoke.BoundMethodHandle$SpeciesData (java.base@21.0.6)
 847:            13           1664  com.aerospike.vector.index.hnsw.Hnsw$searchLayerGetDistancesInternal$1
 848:            52           1664  io.netty.handler.codec.http2.HpackStaticTable$HeaderNameIndex
 849:            16           1664  javax.management.openmbean.OpenMBeanParameterInfoSupport (java.management@21.0.6)
 850:            26           1664  kotlin.reflect.jvm.internal.impl.protobuf.GeneratedMessageLite$GeneratedExtension
 851:            53           1656  [Lnet.engio.mbassy.subscription.Subscription;
 852:            23           1656  com.google.common.collect.ArrayListMultimap
 853:            41           1640  io.grpc.SynchronizationContext
 854:            41           1640  java.util.concurrent.atomic.AtomicIntegerFieldUpdater$AtomicIntegerFieldUpdaterImpl (java.base@21.0.6)
 855:            41           1640  kotlin.reflect.jvm.internal.impl.resolve.scopes.receivers.ImplicitClassReceiver
 856:            68           1632  io.grpc.stub.ServerCalls$UnaryServerCallHandler
 857:            51           1632  java.util.concurrent.LinkedBlockingQueue$Node (java.base@21.0.6)
 858:            34           1632  java.util.concurrent.atomic.AtomicReferenceFieldUpdater$AtomicReferenceFieldUpdaterImpl (java.base@21.0.6)
 859:           102           1632  java.util.regex.Pattern$$Lambda/0x800000029 (java.base@21.0.6)
 860:            34           1632  kotlin.reflect.jvm.internal.calls.CallerImpl$Method$Instance
 861:            68           1632  kotlin.reflect.jvm.internal.impl.load.java.lazy.LazyJavaAnnotations$$Lambda$0
 862:           101           1616  [Lnet.engio.mbassy.listener.IMessageFilter;
 863:            50           1600  io.netty.channel.ChannelOption
 864:            40           1600  java.util.concurrent.Executors$DefaultThreadFactory (java.base@21.0.6)
 865:            20           1600  javax.management.openmbean.ArrayType (java.management@21.0.6)
 866:            22           1584  java.time.format.DateTimeFormatter (java.base@21.0.6)
 867:            33           1584  java.time.temporal.ValueRange (java.base@21.0.6)
 868:            22           1584  kotlin.reflect.jvm.internal.impl.descriptors.impl.LazyPackageViewDescriptorImpl
 869:            15           1560  com.google.inject.internal.ProviderMethod$ReflectionProviderMethod
 870:            39           1560  jakarta.ws.rs.core.MediaType
 871:            39           1560  java.util.concurrent.locks.AbstractQueuedSynchronizer$ExclusiveNode (java.base@21.0.6)
 872:            65           1560  jdk.internal.module.SystemModuleFinders$3 (java.base@21.0.6)
 873:            65           1560  kotlin.reflect.jvm.internal.impl.serialization.deserialization.descriptors.DeserializedClassDescriptor$$Lambda$0
 874:            65           1560  kotlin.reflect.jvm.internal.impl.serialization.deserialization.descriptors.DeserializedClassDescriptor$$Lambda$1
 875:            65           1560  kotlin.reflect.jvm.internal.impl.serialization.deserialization.descriptors.DeserializedClassDescriptor$$Lambda$2
 876:            65           1560  kotlin.reflect.jvm.internal.impl.serialization.deserialization.descriptors.DeserializedClassDescriptor$$Lambda$3
 877:            65           1560  kotlin.reflect.jvm.internal.impl.serialization.deserialization.descriptors.DeserializedClassDescriptor$$Lambda$4
 878:            65           1560  kotlin.reflect.jvm.internal.impl.serialization.deserialization.descriptors.DeserializedClassDescriptor$DeserializedClassMemberScope$$Lambda$0
 879:            65           1560  kotlin.reflect.jvm.internal.impl.serialization.deserialization.descriptors.DeserializedClassDescriptor$DeserializedClassMemberScope$$Lambda$1
 880:            65           1560  kotlin.reflect.jvm.internal.impl.serialization.deserialization.descriptors.DeserializedClassDescriptor$DeserializedClassMemberScope$$Lambda$2
 881:            65           1560  kotlin.reflect.jvm.internal.impl.serialization.deserialization.descriptors.DeserializedClassDescriptor$DeserializedClassTypeConstructor$$Lambda$0
 882:            39           1560  org.glassfish.jersey.internal.util.collection.Cache$OriginThreadAwareFuture
 883:            24           1536  com.aerospike.flow.CancellableFlow$job$1
 884:            32           1536  java.math.BigDecimal (java.base@21.0.6)
 885:            64           1536  java.util.ImmutableCollections$ListN (java.base@21.0.6)
 886:            24           1536  kotlinx.coroutines.flow.AbstractFlow$collect$1
 887:            19           1520  com.google.inject.assistedinject.FactoryProvider2$AssistData
 888:            21           1512  [Ljdk.incubator.vector.VectorOperators$ConversionImpl; (jdk.incubator.vector@21.0.6)
 889:            63           1512  jdk.internal.module.SystemModuleFinders$SystemModuleReader (java.base@21.0.6)
 890:            63           1512  kotlin.reflect.jvm.internal.impl.storage.DefaultSimpleLock
 891:            47           1504  kotlin.reflect.jvm.internal.impl.descriptors.runtime.components.ReflectKotlinClass
 892:            47           1496  [Lcom.sun.management.internal.DiagnosticCommandArgumentInfo; (jdk.management@21.0.6)
 893:            31           1488  java.lang.invoke.VarHandle$AccessMode (java.base@21.0.6)
 894:            31           1488  kotlin.reflect.jvm.internal.impl.descriptors.impl.ReceiverParameterDescriptorImpl
 895:             5           1480  com.github.benmanes.caffeine.cache.SSW
 896:            46           1472  kotlin.UnsafeLazyImpl
 897:            61           1464  java.util.regex.Pattern$BranchConn (java.base@21.0.6)
 898:            26           1456  com.google.protobuf.DescriptorProtos$EnumValueDescriptorProto
 899:            26           1456  java.util.ResourceBundle$KeyElementReference (java.base@21.0.6)
 900:            13           1456  org.jcp.xml.dsig.internal.dom.XMLDSigRI$ProviderService (java.xml.crypto@21.0.6)
 901:            30           1440  com.aerospike.vector.storage.AerospikeStorageKvs$batchExists$2$1
 902:            15           1440  com.aerospike.vector.storage.AerospikeStorageKvs$get$2
 903:            30           1440  org.glassfish.jersey.model.ContractProvider
 904:            18           1440  org.glassfish.jersey.server.model.Resource$Data
 905:            30           1440  org.glassfish.jersey.uri.PathPattern
 906:            45           1440  org.jvnet.hk2.internal.ClazzCreator$ResolutionInfo
 907:            59           1416  kotlin.reflect.jvm.internal.impl.types.TypeParameterUpperBoundEraser$$Lambda$0
 908:            59           1416  kotlin.reflect.jvm.internal.impl.types.TypeParameterUpperBoundEraser$$Lambda$1
 909:            44           1408  com.sun.jmx.mbeanserver.PerInterface$MethodAndSig (java.management@21.0.6)
 910:            22           1408  io.netty.channel.DefaultChannelPromise
 911:            16           1408  io.netty.channel.epoll.EpollServerSocketChannelConfig
 912:            44           1408  java.util.regex.Pattern$CharPropertyGreedy (java.base@21.0.6)
 913:            25           1400  ch.qos.logback.core.status.InfoStatus
 914:            58           1392  org.glassfish.hk2.utilities.cache.internal.WeakCARCacheImpl$CarValue
 915:            43           1376  com.aerospike.client.command.BatchNode
 916:            43           1376  io.netty.handler.codec.http2.Http2ConnectionHandler$FrameDecoder
 917:            43           1376  java.lang.management.ManagementPermission (java.management@21.0.6)
 918:            23           1368  [Ljava.lang.invoke.MethodType; (java.base@21.0.6)
 919:             9           1368  com.google.protobuf.DescriptorProtos$FileOptions
 920:            34           1360  com.codahale.metrics.ChunkedAssociativeLongArray$Chunk
 921:            34           1360  com.fasterxml.jackson.databind.MapperFeature
 922:            17           1360  java.lang.invoke.BoundMethodHandle$Species_LLLL (java.base@21.0.6)
 923:            28           1352  [Lkotlin.reflect.KProperty;
 924:            13           1352  java.util.ResourceBundle$CacheKey (java.base@21.0.6)
 925:            42           1344  io.grpc.ConnectivityStateInfo
 926:            42           1344  io.grpc.internal.InternalSubchannel$1
 927:            42           1344  io.grpc.internal.InternalSubchannel$Index
 928:            42           1344  io.grpc.internal.ManagedChannelImpl$LbHelperImpl
 929:            42           1344  io.grpc.internal.ManagedChannelImpl$SubchannelImpl$1ManagedInternalSubchannelCallback
 930:            42           1344  io.grpc.internal.PickFirstLoadBalancer$1
 931:            56           1344  io.undertow.util.StatusCodes$Entry
 932:            33           1320  sun.security.util.DerInputStream (java.base@21.0.6)
 933:            33           1320  sun.security.util.DerValue (java.base@21.0.6)
 934:            33           1320  sun.security.x509.RDN (java.base@21.0.6)
 935:            41           1312  io.grpc.internal.AtomicBackoff
 936:            41           1312  io.grpc.internal.AutoConfiguredLoadBalancerFactory
 937:            41           1312  io.grpc.internal.ConnectivityStateManager
 938:            41           1312  io.grpc.internal.DelayedClientTransport$1
 939:            41           1312  io.grpc.internal.DelayedClientTransport$2
 940:            41           1312  io.grpc.internal.DelayedClientTransport$PickerState
 941:            41           1312  io.grpc.internal.ManagedChannelImpl$1ChannelCallTracerFactory
 942:            41           1312  io.grpc.internal.ManagedChannelImpl$ChannelStreamProvider
 943:            41           1312  io.grpc.internal.ManagedChannelImpl$IdleModeStateAggregator
 944:            41           1312  io.grpc.internal.MetricRecorderImpl
 945:            41           1312  io.grpc.internal.ScParser
 946:            41           1312  java.util.regex.Pattern$$Lambda/0x800000032 (java.base@21.0.6)
 947:            41           1312  kotlin.reflect.jvm.internal.impl.load.java.lazy.descriptors.LazyJavaClassMemberScope$$Lambda$0
 948:            41           1312  kotlin.reflect.jvm.internal.impl.load.java.lazy.descriptors.LazyJavaClassMemberScope$$Lambda$2
 949:            41           1312  kotlin.reflect.jvm.internal.impl.load.java.lazy.descriptors.LazyJavaClassMemberScope$$Lambda$4
 950:            54           1296  kotlin.enums.EnumEntriesList
 951:            54           1296  org.bouncycastle.asn1.ASN1ObjectIdentifier$OidHandle
 952:            23           1288  com.aerospike.client.cluster.Partition
 953:            23           1288  com.google.inject.internal.InjectorJitBindingData
 954:            23           1288  java.lang.RuntimeException (java.base@21.0.6)
 955:            23           1288  java.lang.reflect.AccessFlag (java.base@21.0.6)
 956:            23           1288  java.util.Collections$SynchronizedMap (java.base@21.0.6)
 957:            32           1280  com.sun.jmx.mbeanserver.DefaultMXBeanMappingFactory$IdentityMapping (java.management@21.0.6)
 958:            16           1280  io.netty.channel.epoll.AbstractEpollServerChannel$EpollServerSocketUnsafe
 959:            32           1280  org.glassfish.jersey.internal.util.collection.Values$LazyValueImpl
 960:            39           1264  [Ljava.util.concurrent.atomic.Striped64$Cell; (java.base@21.0.6)
 961:            52           1248  jdk.proxy1.$Proxy0 (jdk.proxy1)
 962:            22           1232  com.aerospike.vector.client.proto.HnswBatchingParams
 963:            22           1232  com.aerospike.vector.client.proto.IndexStorage
 964:            22           1232  io.grpc.internal.BackoffPolicyRetryScheduler
 965:            22           1232  io.grpc.internal.KeepAliveEnforcer
 966:            22           1232  io.grpc.netty.Http2ControlFrameLimitEncoder
 967:             9           1224  com.google.protobuf.DescriptorProtos$FileDescriptorProto
 968:            38           1216  com.sun.jmx.mbeanserver.NamedObject (java.management@21.0.6)
 969:             3           1200  [Ljava.lang.invoke.LambdaForm; (java.base@21.0.6)
 970:            22           1200  [Ljava.util.Map$Entry; (java.base@21.0.6)
 971:            50           1200  com.codahale.metrics.Counter
 972:            30           1200  com.fasterxml.jackson.databind.introspect.AnnotatedClass$Creators
 973:            25           1200  com.google.common.collect.RegularImmutableSet
 974:            15           1200  io.netty.buffer.UnpooledUnsafeDirectByteBuf
 975:            15           1200  java.lang.invoke.BoundMethodHandle$Species_LLLJ (java.base@21.0.6)
 976:            50           1200  kotlin.reflect.jvm.internal.KMutableProperty1Impl$$Lambda$0
 977:            25           1200  kotlin.reflect.jvm.internal.impl.load.java.lazy.LazyJavaTypeParameterResolver
 978:            10           1200  kotlin.reflect.jvm.internal.impl.serialization.deserialization.builtins.BuiltInsPackageFragmentImpl
 979:            30           1200  org.glassfish.jersey.uri.PatternWithGroups
 980:            37           1184  kotlin.reflect.jvm.internal.KClassImpl$Data$$Lambda$2
 981:            37           1184  kotlin.reflect.jvm.internal.KClassImpl$Data$$Lambda$6
 982:            37           1184  kotlin.reflect.jvm.internal.KClassImpl$Data$$Lambda$7
 983:            37           1184  kotlin.reflect.jvm.internal.KClassImpl$Data$$Lambda$8
 984:            21           1176  com.aerospike.vector.index.IndexLogEntry
 985:            21           1176  kotlin.reflect.jvm.internal.impl.load.java.SpecialGenericSignatures$Companion$NameAndSignature
 986:            21           1176  org.glassfish.jersey.server.internal.ServerTraceEvent
 987:            29           1160  com.fasterxml.jackson.databind.DeserializationFeature
 988:            29           1160  java.util.regex.Pattern$Ques (java.base@21.0.6)
 989:            24           1152  com.aerospike.flow.CancellableFlow
 990:             9           1152  java.text.DecimalFormatSymbols (java.base@21.0.6)
 991:            48           1152  java.util.TreeMap$EntrySet (java.base@21.0.6)
 992:            24           1152  java.util.regex.Pattern$Curly (java.base@21.0.6)
 993:            24           1152  kotlin.reflect.jvm.internal.impl.load.java.lazy.descriptors.JvmPackageScope
 994:            36           1152  kotlinx.coroutines.ExecutorCoroutineDispatcherImpl
 995:            36           1152  kotlinx.coroutines.SupervisorJobImpl
 996:            18           1152  org.glassfish.jersey.server.model.Resource
 997:            36           1152  org.glassfish.jersey.server.model.ResourceMethod
 998:             8           1152  sun.nio.ch.ServerSocketChannelImpl (java.base@21.0.6)
 999:            36           1152  sun.nio.fs.UnixFileKey (java.base@21.0.6)
1000:            24           1152  sun.security.x509.OIDMap$OIDInfo (java.base@21.0.6)
1001:            13           1144  javax.management.openmbean.CompositeType (java.management@21.0.6)
1002:            47           1128  java.util.Optional (java.base@21.0.6)
1003:             2           1120  io.undertow.servlet.api.DeploymentInfo
1004:            10           1120  kotlin.reflect.jvm.internal.impl.serialization.deserialization.descriptors.DeserializedTypeParameterDescriptor
1005:            27           1112  [Ljava.io.ObjectStreamField; (java.base@21.0.6)
1006:            46           1104  com.google.inject.internal.FailableCache$1
1007:            46           1104  io.grpc.internal.LogExceptionRunnable
1008:            46           1104  io.grpc.internal.SharedResourcePool
1009:            46           1104  java.util.concurrent.atomic.AtomicLongArray (java.base@21.0.6)
1010:            46           1104  jdk.proxy1.$Proxy7 (jdk.proxy1)
1011:            46           1104  kotlin.reflect.jvm.internal.KClassImpl$$Lambda$0
1012:            46           1104  kotlin.reflect.jvm.internal.impl.resolve.scopes.InnerClassesScopeWrapper
1013:            46           1104  kotlin.reflect.jvm.internal.impl.types.NullableSimpleType
1014:            23           1096  [Ljava.lang.StackTraceElement; (java.base@21.0.6)
1015:            17           1088  com.aerospike.vector.index.InternalIndexDefinition
1016:            17           1088  com.sun.jmx.mbeanserver.PerInterface (java.management@21.0.6)
1017:            34           1088  io.netty.channel.epoll.EpollEventArray
1018:            34           1088  io.netty.util.internal.ThreadExecutorMap$1
1019:            17           1088  java.util.EnumMap (java.base@21.0.6)
1020:            27           1080  [Lorg.glassfish.jersey.server.internal.routing.Router;
1021:             9           1080  com.aerospike.vector.index.hnsw.Hnsw$searchLayerGetDistances$6
1022:            45           1080  io.netty.channel.ReflectiveChannelFactory
1023:            27           1080  java.util.PriorityQueue (java.base@21.0.6)
1024:             9           1080  org.glassfish.hk2.utilities.binding.AbstractBindingBuilder$ClassBasedBindingBuilder
1025:            27           1080  org.glassfish.jersey.server.model.MethodHandler$ClassBasedMethodHandler
1026:            27           1080  sun.security.provider.PolicyFile$PolicyEntry (java.base@21.0.6)
1027:            38           1072  [Ljavax.management.MBeanParameterInfo; (java.management@21.0.6)
1028:            15           1064  [Lcom.google.protobuf.Descriptors$Descriptor;
1029:            19           1064  [Ljava.lang.invoke.BoundMethodHandle$SpeciesData; (java.base@21.0.6)
1030:            19           1064  kotlin.reflect.jvm.internal.impl.util.Checks
1031:            19           1064  org.glassfish.jersey.server.model.internal.JavaResourceMethodDispatcherProvider$ResponseOutInvoker
1032:            44           1056  [Lcom.aerospike.client.async.AsyncCommand;
1033:            22           1056  com.aerospike.vector.client.proto.HnswIndexMergeParams
1034:            33           1056  io.grpc.ServerInterceptors$InterceptCallHandler
1035:            22           1056  io.grpc.internal.RetryingNameResolver
1036:            22           1056  io.grpc.internal.ServerImpl$ServerTransportListenerImpl
1037:            22           1056  io.grpc.netty.NettyServerHandler$1
1038:            44           1056  io.netty.channel.WriteBufferWaterMark
1039:            44           1056  kotlin.reflect.jvm.internal.KPropertyImpl$Getter$$Lambda$0
1040:            33           1056  kotlin.reflect.jvm.internal.impl.load.java.lazy.ContextKt$$Lambda$0
1041:            33           1056  sun.security.x509.AVA (java.base@21.0.6)
1042:             1           1040  [Ljava.lang.Character; (java.base@21.0.6)
1043:            13           1040  com.aerospike.vector.storage.AerospikeStorageKvs$batchFetch$1
1044:            26           1040  com.fasterxml.jackson.databind.SerializationFeature
1045:            26           1040  com.google.protobuf.Descriptors$DescriptorPool$PackageDescriptor
1046:            13           1040  java.util.concurrent.ConcurrentHashMap$TreeNode (java.base@21.0.6)
1047:            26           1040  kotlin.reflect.jvm.internal.impl.protobuf.GeneratedMessageLite$ExtensionDescriptor
1048:            43           1032  com.google.protobuf.ByteString$LiteralByteString
1049:            43           1032  io.netty.handler.codec.http2.DefaultHttp2ConnectionDecoder$FrameReadListener
1050:            16           1024  io.netty.bootstrap.ServerBootstrap$ServerBootstrapAcceptor
1051:            16           1024  java.util.Hashtable (java.base@21.0.6)
1052:            63           1008  com.google.inject.assistedinject.FactoryProvider2$ThreadLocalProvider
1053:            63           1008  io.grpc.internal.ExponentialBackoffPolicy$Provider
1054:            42           1008  java.util.concurrent.ConcurrentSkipListMap$Values (java.base@21.0.6)
1055:            21           1008  kotlin.reflect.jvm.internal.impl.load.java.lazy.descriptors.LazyJavaClassDescriptor$LazyJavaClassTypeConstructor
1056:            21           1008  kotlinx.coroutines.EventLoopImplBase$DelayedResumeTask
1057:            21           1008  org.glassfish.jersey.inject.hk2.Hk2Helper$1
1058:             6           1008  org.glassfish.jersey.internal.guava.LocalCache
1059:            21           1008  sun.nio.fs.UnixPath (java.base@21.0.6)
1060:            25           1000  com.google.protobuf.Descriptors$EnumValueDescriptor
1061:            31            992  com.aerospike.client.Bin
1062:            31            992  java.security.Provider$EngineDescription (java.base@21.0.6)
1063:            41            984  io.grpc.internal.ManagedChannelImpl$3
1064:            41            984  io.grpc.internal.ManagedChannelImpl$DelayedTransportListener
1065:            41            984  io.grpc.internal.ManagedChannelImpl$IdleModeTimer
1066:            41            984  io.grpc.internal.ManagedChannelImpl$RealChannel$1
1067:            41            984  io.grpc.internal.ManagedChannelImpl$RestrictedScheduledExecutor
1068:            41            984  io.grpc.internal.RetriableStream$ChannelBufferMeter
1069:            41            984  kotlin.reflect.jvm.internal.impl.descriptors.runtime.structure.ReflectJavaMethod
1070:            41            984  kotlin.reflect.jvm.internal.impl.load.java.lazy.descriptors.LazyJavaClassMemberScope$$Lambda$1
1071:            41            984  kotlin.reflect.jvm.internal.impl.load.java.lazy.descriptors.LazyJavaClassMemberScope$$Lambda$3
1072:            41            984  kotlin.reflect.jvm.internal.impl.metadata.deserialization.Flags$BooleanFlagField
1073:             5            960  com.aerospike.client.async.AsyncScanPartition
1074:            40            960  io.grpc.NameResolverRegistry$NameResolverFactory
1075:            40            960  io.grpc.internal.PickFirstLoadBalancer$Picker
1076:            30            960  java.lang.ProcessEnvironment$Value (java.base@21.0.6)
1077:            30            960  java.lang.ProcessEnvironment$Variable (java.base@21.0.6)
1078:            40            960  java.util.HashMap$Values (java.base@21.0.6)
1079:            40            960  kotlin.reflect.jvm.internal.impl.descriptors.runtime.components.RuntimeSourceElementFactory$RuntimeSourceElement
1080:            24            960  org.glassfish.jersey.internal.guava.LocalCache$AccessQueue$1
1081:            59            944  kotlin.reflect.jvm.internal.impl.load.java.lazy.types.RawProjectionComputer
1082:            59            944  kotlin.reflect.jvm.internal.impl.types.TypeParameterErasureOptions
1083:            13            936  com.aerospike.client.async.AsyncBatchExecutor$GetSequence
1084:            13            936  com.aerospike.vector.index.hnsw.store.CachedHnswGraphStore$fetch$2
1085:            13            936  com.aerospike.vector.index.merge.worker.WorkerBatchMergeJob$mergeLocally$1
1086:            39            936  com.aerospike.vector.interconnect.InterconnectChannelProvider$MultiAddressNameResolverFactory
1087:            39            936  io.grpc.internal.NameResolverFactoryToProviderFacade
1088:            29            928  kotlin.reflect.jvm.internal.impl.resolve.scopes.receivers.TransientReceiver
1089:            23            920  com.fasterxml.jackson.databind.deser.impl.PropertyBasedCreator
1090:            23            920  com.google.inject.internal.ConstructorInjectorStore$1
1091:            23            920  com.google.inject.internal.MembersInjectorStore
1092:            23            920  com.google.inject.internal.MembersInjectorStore$1
1093:            23            920  com.google.inject.internal.WeakKeySet
1094:            23            920  org.yaml.snakeyaml.tokens.Token$ID
1095:            23            920  picocli.CommandLine$Help$Ansi$Style
1096:            19            912  com.aerospike.vector.index.RequestPerformanceMetrics
1097:            38            912  jdk.proxy2.$Proxy8 (jdk.proxy2)
1098:            38            912  org.bouncycastle.jce.provider.BouncyCastleProvider$JcaCryptoService
1099:            38            912  org.glassfish.jersey.inject.hk2.ContextInjectionResolverImpl$CacheKey
1100:            28            896  [Ljava.security.spec.AlgorithmParameterSpec; (java.base@21.0.6)
1101:            28            896  [Lorg.bouncycastle.asn1.x509.AlgorithmIdentifier;
1102:             7            896  com.aerospike.client.async.AsyncRead
1103:            14            896  com.aerospike.vector.cluster.Cluster$ClusterEpoch
1104:            14            896  com.aerospike.vector.index.hnsw.store.PersistentHnswGraphStore$fetch$3
1105:             8            896  com.sun.security.sasl.Provider$ProviderService (java.security.sasl@21.0.6)
1106:            14            896  javax.management.openmbean.SimpleType (java.management@21.0.6)
1107:            16            896  org.glassfish.jersey.message.internal.MsgTraceEvent
1108:            28            896  org.jboss.logging.Slf4jLocationAwareLogger
1109:             8            896  org.xnio.nio.NioTcpServer
1110:            13            888  [Lkotlin.reflect.KParameter;
1111:            37            888  kotlin.reflect.jvm.internal.KClassImpl$Data$$Lambda$0
1112:            37            888  kotlin.reflect.jvm.internal.KClassImpl$Data$$Lambda$1
1113:            37            888  kotlin.reflect.jvm.internal.KClassImpl$Data$$Lambda$10
1114:            37            888  kotlin.reflect.jvm.internal.KClassImpl$Data$$Lambda$11
1115:            37            888  kotlin.reflect.jvm.internal.KClassImpl$Data$$Lambda$12
1116:            37            888  kotlin.reflect.jvm.internal.KClassImpl$Data$$Lambda$13
1117:            37            888  kotlin.reflect.jvm.internal.KClassImpl$Data$$Lambda$14
1118:            37            888  kotlin.reflect.jvm.internal.KClassImpl$Data$$Lambda$15
1119:            37            888  kotlin.reflect.jvm.internal.KClassImpl$Data$$Lambda$16
1120:            37            888  kotlin.reflect.jvm.internal.KClassImpl$Data$$Lambda$17
1121:            37            888  kotlin.reflect.jvm.internal.KClassImpl$Data$$Lambda$3
1122:            37            888  kotlin.reflect.jvm.internal.KClassImpl$Data$$Lambda$4
1123:            37            888  kotlin.reflect.jvm.internal.KClassImpl$Data$$Lambda$5
1124:            37            888  kotlin.reflect.jvm.internal.KClassImpl$Data$$Lambda$9
1125:            37            888  kotlin.reflect.jvm.internal.KDeclarationContainerImpl$Data$$Lambda$0
1126:             8            880  [D (java.base@21.0.6)
1127:            10            880  com.aerospike.vector.index.IndexMetrics
1128:            22            880  com.codahale.metrics.Timer
1129:            22            880  com.google.protobuf.GeneratedMessageV3$FieldAccessorTable$SingularFieldAccessor
1130:            22            880  io.grpc.netty.GrpcHttp2HeadersUtils$GrpcHttp2ServerHeadersDecoder
1131:            10            880  sun.invoke.util.Wrapper (java.base@21.0.6)
1132:            10            880  sun.security.x509.X500Name (java.base@21.0.6)
1133:            27            864  com.fasterxml.jackson.databind.introspect.AnnotationCollector$OneAnnotation
1134:            12            864  com.google.inject.internal.LinkedBindingImpl
1135:            27            864  io.netty.util.internal.ThreadExecutorMap$2
1136:             9            864  java.lang.invoke.BoundMethodHandle$Species_LLLLLL (java.base@21.0.6)
1137:            18            864  java.lang.invoke.VarForm (java.base@21.0.6)
1138:            36            864  jdk.proxy2.$Proxy53 (jdk.proxy2)
1139:            36            864  kotlinx.coroutines.internal.ContextScope
1140:            36            864  kotlinx.coroutines.internal.Removed
1141:            36            864  kotlinx.coroutines.internal.Symbol
1142:            27            864  org.glassfish.jersey.server.internal.routing.MethodRouting
1143:            27            864  org.glassfish.jersey.server.internal.routing.PushMethodHandlerRouter
1144:            26            856  [Lcom.google.protobuf.Descriptors$OneofDescriptor;
1145:             1            840  [[[C (java.base@21.0.6)
1146:             7            840  com.fasterxml.jackson.databind.cfg.BaseSettings
1147:             3            840  com.github.benmanes.caffeine.cache.BoundedBuffer$RingBuffer
1148:            35            840  java.time.LocalTime (java.base@21.0.6)
1149:            35            840  java.util.regex.Pattern$Start (java.base@21.0.6)
1150:            35            840  jdk.proxy1.$Proxy13 (jdk.proxy1)
1151:            13            832  com.fasterxml.jackson.core.JsonToken
1152:            26            832  java.security.spec.ECFieldF2m (java.base@21.0.6)
1153:            13            832  java.util.ResourceBundle$BundleReference (java.base@21.0.6)
1154:            26            832  kotlin.reflect.jvm.internal.impl.storage.LockBasedStorageManager$KeyWithComputation
1155:            26            832  org.glassfish.hk2.utilities.binding.AbstractBinder$2
1156:             1            816  [Lcom.aerospike.client.cluster.Connection;
1157:             3            816  [Lcom.fasterxml.jackson.core.sym.CharsToNameCanonicalizer$Bucket;
1158:            17            816  com.google.protobuf.MapField
1159:            34            816  io.netty.channel.epoll.EpollEventLoop$1
1160:            34            816  java.time.format.DateTimeFormatterBuilder$CompositePrinterParser (java.base@21.0.6)
1161:            17            816  kotlin.reflect.jvm.internal.calls.CallerImpl$FieldGetter$Instance
1162:            25            800  jdk.incubator.vector.VectorOperators$UnaryImpl (jdk.incubator.vector@21.0.6)
1163:            10            800  sun.util.calendar.ZoneInfo (java.base@21.0.6)
1164:            33            792  [Lsun.security.x509.AVA; (java.base@21.0.6)
1165:            11            792  com.aerospike.vector.index.IndexUpdateOperation
1166:             9            792  com.fasterxml.jackson.databind.deser.std.CollectionDeserializer
1167:            11            792  com.sun.jmx.mbeanserver.DefaultMXBeanMappingFactory$CompositeMapping (java.management@21.0.6)
1168:             7            784  org.glassfish.jersey.internal.inject.SupplierClassBinding
1169:            44            768  [[Ljava.lang.Object; (java.base@21.0.6)
1170:            24            768  com.aerospike.flow.CancellableFlow$job$1$1
1171:            16            768  io.netty.buffer.LongLongHashMap
1172:            16            768  io.netty.channel.AbstractChannelHandlerContext$WriteTask
1173:            16            768  java.time.temporal.ChronoUnit (java.base@21.0.6)
1174:            32            768  jdk.proxy2.$Proxy23 (jdk.proxy2)
1175:            24            768  kotlin.reflect.jvm.internal.impl.load.java.lazy.LazyJavaPackageFragmentProvider$$Lambda$0
1176:            24            768  kotlin.reflect.jvm.internal.impl.load.java.lazy.descriptors.LazyJavaPackageScope$$Lambda$0
1177:            24            768  kotlin.reflect.jvm.internal.impl.load.java.lazy.descriptors.LazyJavaPackageScope$$Lambda$1
1178:            24            768  kotlin.reflect.jvm.internal.impl.load.java.typeEnhancement.JavaTypeQualifiers
1179:            12            768  sun.util.locale.provider.LocaleResources$ResourceReference (java.base@21.0.6)
1180:            24            760  [Lkotlin.reflect.jvm.internal.impl.resolve.scopes.MemberScope;
1181:            19            760  com.fasterxml.jackson.core.JsonParser$Feature
1182:             5            760  java.util.GregorianCalendar (java.base@21.0.6)
1183:             5            760  sun.security.provider.HashDrbg (java.base@21.0.6)
1184:            31            744  com.google.inject.internal.ConstantFactory
1185:             3            744  kotlinx.coroutines.scheduling.CoroutineScheduler$Worker
1186:            23            736  com.fasterxml.jackson.databind.util.LRUMap
1187:            23            736  com.fasterxml.jackson.databind.util.internal.LinkedDeque
1188:            23            736  com.google.inject.internal.ConstructorInjectorStore
1189:            23            736  com.google.inject.internal.ProvisionListenerCallbackStore
1190:            23            736  kotlin.reflect.jvm.internal.impl.incremental.components.NoLookupLocation
1191:            23            736  org.glassfish.jersey.server.spi.internal.ParamValueFactoryWithSource
1192:            13            728  com.aerospike.vector.storage.AerospikeStorageKvs$batchFetch$3
1193:             7            728  kotlin.reflect.jvm.internal.impl.load.java.lazy.descriptors.LazyJavaTypeParameterDescriptor
1194:             7            728  org.glassfish.jersey.internal.inject.SupplierInstanceBinding
1195:            18            720  com.aerospike.client.Operation$Type
1196:            10            720  com.aerospike.client.async.NettyEventLoop
1197:            30            720  com.aerospike.vector.hlc.HlcTimestamp
1198:            18            720  com.google.protobuf.Descriptors$FieldDescriptor$Type
1199:            15            720  io.netty.channel.unix.IovArray
1200:            15            720  java.lang.invoke.SimpleMethodHandle (java.base@21.0.6)
1201:            18            720  java.util.concurrent.locks.AbstractQueuedSynchronizer$SharedNode (java.base@21.0.6)
1202:            30            720  kotlin.reflect.jvm.internal.impl.resolve.scopes.LazyScopeAdapter
1203:            30            720  kotlin.reflect.jvm.internal.impl.resolve.scopes.LazyScopeAdapter$$Lambda$0
1204:            10            720  kotlin.reflect.jvm.internal.impl.serialization.deserialization.descriptors.DeserializedPackageMemberScope
1205:            45            720  org.bouncycastle.pqc.jcajce.provider.sphincsplus.SPHINCSPlusKeyFactorySpi
1206:            18            720  org.glassfish.jersey.message.ReaderModel
1207:            18            720  org.glassfish.jersey.message.WriterModel
1208:            19            712  [Lkotlin.reflect.jvm.internal.impl.util.Check;
1209:            22            704  io.grpc.internal.DelayedClientTransport$3
1210:            22            704  io.grpc.internal.ManagedChannelOrphanWrapper
1211:            22            704  io.grpc.netty.NettyServerHandler$KeepAlivePinger
1212:            22            704  io.grpc.netty.NettyServerHandler$WriteMonitoringFrameWriter
1213:            22            704  java.lang.reflect.ClassFileFormatVersion (java.base@21.0.6)
1214:            22            704  java.util.AbstractMap$SimpleImmutableEntry (java.base@21.0.6)
1215:            22            704  kotlin.reflect.jvm.internal.impl.descriptors.impl.SubpackagesScope
1216:            22            704  kotlin.reflect.jvm.internal.impl.resolve.scopes.ChainedMemberScope
1217:            11            704  org.glassfish.jersey.internal.guava.LocalCache$StrongAccessEntry
1218:            29            696  com.aerospike.vector.node.NodeId
1219:            29            696  com.fasterxml.jackson.databind.introspect.AnnotatedMethodMap
1220:            29            696  com.google.common.collect.SingletonImmutableSet
1221:            29            696  org.bouncycastle.jcajce.provider.asymmetric.compositesignatures.KeyFactorySpi
1222:            29            696  org.glassfish.jersey.uri.internal.UriPart
1223:             1            688  [Lkotlin.reflect.jvm.internal.impl.types.error.ErrorTypeKind;
1224:            43            688  io.grpc.netty.ProtocolNegotiators$PlaintextProtocolNegotiator
1225:            43            688  io.netty.handler.codec.http2.Http2Flags
1226:             5            680  com.aerospike.client.async.AsyncScanPartitionExecutor
1227:            17            680  io.grpc.Status$Code
1228:            17            680  kotlin.reflect.jvm.internal.impl.descriptors.impl.AbstractTypeParameterDescriptor$1
1229:             5            680  sun.security.x509.X509CertImpl (java.base@21.0.6)
1230:            14            672  com.aerospike.vector.cluster.Cluster$ClusterState
1231:            12            672  com.google.inject.internal.FactoryProxy
1232:            28            672  com.google.protobuf.GeneratedMessageV3$FieldAccessorTable$SyntheticOneofAccessor
1233:            12            672  java.lang.OutOfMemoryError (java.base@21.0.6)
1234:            12            672  java.lang.WeakPairMap$Pair$Weak (java.base@21.0.6)
1235:            12            672  java.lang.WeakPairMap$Pair$Weak$1 (java.base@21.0.6)
1236:             4            672  kotlin.reflect.jvm.internal.impl.descriptors.impl.SimpleFunctionDescriptorImpl
1237:            21            672  sun.security.x509.AVAKeyword (java.base@21.0.6)
1238:            41            656  io.grpc.netty.NettyChannelBuilder$LocalSocketPicker
1239:             9            648  io.netty.handler.codec.http2.Http2Exception$StacklessHttp2Exception
1240:            27            648  io.netty.util.concurrent.SingleThreadEventExecutor$4
1241:             9            648  java.lang.invoke.MethodHandleImpl$IntrinsicMethodHandle (java.base@21.0.6)
1242:            27            648  java.security.spec.ECFieldFp (java.base@21.0.6)
1243:            27            648  java.util.concurrent.ConcurrentSkipListMap$KeySet (java.base@21.0.6)
1244:            27            648  org.glassfish.jersey.server.internal.routing.PushMatchedMethodRouter
1245:            27            648  org.glassfish.jersey.server.internal.routing.Routers$EndpointRouter
1246:             9            648  org.glassfish.jersey.server.model.RuntimeResource
1247:            10            640  com.aerospike.client.async.HashedWheelTimer
1248:            20            640  com.aerospike.vector.storage.AerospikeStorageId
1249:             8            640  com.google.protobuf.DescriptorProtos$EnumDescriptorProto
1250:             8            640  com.google.protobuf.Descriptors$FileDescriptor
1251:             8            640  io.undertow.Undertow$ListenerConfig
1252:            10            640  java.nio.HeapByteBuffer (java.base@21.0.6)
1253:            20            640  java.security.SecurityPermission (java.base@21.0.6)
1254:            10            640  kotlin.reflect.jvm.internal.impl.load.java.lazy.descriptors.ClassDeclaredMemberIndex
1255:            14            624  [Lcom.google.protobuf.Descriptors$EnumValueDescriptor;
1256:            13            624  com.aerospike.vector.storage.AsyncRecordSequenceListener
1257:            39            624  java.time.format.DateTimeFormatterBuilder$CharLiteralPrinterParser (java.base@21.0.6)
1258:            13            624  javax.management.MBeanNotificationInfo (java.management@21.0.6)
1259:             6            624  jdk.incubator.vector.LaneType (jdk.incubator.vector@21.0.6)
1260:             3            624  kotlin.reflect.jvm.internal.impl.load.java.lazy.JavaResolverComponents
1261:            26            624  kotlin.reflect.jvm.internal.impl.protobuf.ExtensionRegistryLite$ObjectIntPair
1262:            13            624  sun.security.jca.ProviderConfig (java.base@21.0.6)
1263:             7            616  com.aerospike.client.policy.Policy
1264:             7            616  com.google.protobuf.Descriptors$EnumDescriptor
1265:             7            616  java.util.concurrent.TimeUnit (java.base@21.0.6)
1266:            25            600  io.netty.buffer.PoolThreadCache$FreeOnFinalize
1267:            25            600  java.time.Duration (java.base@21.0.6)
1268:            25            600  kotlin.reflect.jvm.internal.impl.load.java.lazy.LazyJavaTypeParameterResolver$$Lambda$0
1269:            15            600  sun.security.x509.AlgorithmId (java.base@21.0.6)
1270:             5            592  [Lsun.invoke.util.Wrapper; (java.base@21.0.6)
1271:            26            584  [Ljavax.management.MBeanNotificationInfo; (java.management@21.0.6)
1272:            11            576  [Ljava.nio.channels.SelectionKey; (java.base@21.0.6)
1273:            12            576  com.aerospike.vector.client.proto.StandaloneIndexParams
1274:            18            576  com.google.protobuf.DescriptorProtos$FieldDescriptorProto$Type
1275:             8            576  io.undertow.server.protocol.http.HttpOpenListener
1276:             8            576  java.lang.reflect.ProxyGenerator$PrimitiveTypeInfo (java.base@21.0.6)
1277:             6            576  java.text.DateFormatSymbols (java.base@21.0.6)
1278:             8            576  java.util.Collections$SingletonMap (java.base@21.0.6)
1279:            12            576  kotlin.reflect.jvm.internal.KTypeImpl
1280:            24            576  kotlin.reflect.jvm.internal.impl.descriptors.runtime.structure.ReflectJavaPackage
1281:            24            576  kotlin.reflect.jvm.internal.impl.load.java.lazy.descriptors.JvmPackageScope$$Lambda$0
1282:            24            576  kotlin.reflect.jvm.internal.impl.load.java.lazy.descriptors.LazyJavaPackageFragment$$Lambda$0
1283:            24            576  kotlin.reflect.jvm.internal.impl.load.java.lazy.descriptors.LazyJavaPackageFragment$$Lambda$1
1284:            24            576  kotlin.reflect.jvm.internal.impl.load.java.lazy.descriptors.LazyJavaPackageFragment$$Lambda$2
1285:            24            576  kotlinx.coroutines.flow.SafeFlow
1286:            24            576  org.glassfish.jersey.internal.guava.LocalCache$AccessQueue
1287:            18            576  org.glassfish.jersey.server.model.Resource$1
1288:            18            576  org.jvnet.hk2.internal.SoftAnnotatedElementAnnotationInfo
1289:             8            576  org.xnio.nio.NioTcpServerHandle
1290:             9            576  sun.nio.ch.SelectionKeyImpl (java.base@21.0.6)
1291:             9            576  sun.util.resources.Bundles$BundleReference (java.base@21.0.6)
1292:             1            560  [Ljava.lang.invoke.LambdaForm$Kind; (java.base@21.0.6)
1293:             5            560  com.aerospike.client.query.PartitionTracker
1294:            10            560  com.github.benmanes.caffeine.cache.PSW
1295:            10            560  com.google.protobuf.GeneratedMessageV3$FieldAccessorTable$SingularMessageFieldAccessor
1296:            14            560  com.google.protobuf.WireFormat$FieldType
1297:            14            560  io.netty.handler.codec.http2.Http2Error
1298:            10            560  java.lang.invoke.VarHandleLongs$FieldInstanceReadWrite (java.base@21.0.6)
1299:             5            560  jdk.incubator.vector.ByteVector$ByteSpecies (jdk.incubator.vector@21.0.6)
1300:             5            560  jdk.incubator.vector.FloatVector$FloatSpecies (jdk.incubator.vector@21.0.6)
1301:             5            560  jdk.incubator.vector.IntVector$IntSpecies (jdk.incubator.vector@21.0.6)
1302:            14            560  jdk.incubator.vector.VectorOperators$ImplCache (jdk.incubator.vector@21.0.6)
1303:            14            560  kotlin.reflect.jvm.internal.impl.protobuf.WireFormat$FieldType
1304:            14            560  kotlin.reflect.jvm.internal.impl.serialization.deserialization.MemberDeserializer$$Lambda$0
1305:            14            560  kotlin.reflect.jvm.internal.impl.serialization.deserialization.MemberDeserializer$$Lambda$6
1306:             7            560  kotlinx.coroutines.sync.MutexImpl
1307:            10            560  org.jvnet.hk2.internal.IterableProviderImpl
1308:             5            560  sun.util.calendar.Gregorian$Date (java.base@21.0.6)
1309:            23            552  com.aerospike.connect.metrics.DefaultSettableGauge
1310:            23            552  com.google.common.cache.LocalCache$LocalManualCache
1311:            23            552  com.google.inject.internal.InjectorImpl$InjectorOptions
1312:            23            552  com.google.inject.internal.InjectorShell$InjectorFactory
1313:            23            552  com.google.inject.internal.ProvisionListenerCallbackStore$1
1314:            23            552  com.google.inject.internal.WeakKeySet$$Lambda/0x00007fcc100c4e20
1315:            23            552  com.google.inject.spi.BindingSourceRestriction$PermitMapConstruction$PermitMapImpl
1316:             3            552  kotlin.reflect.jvm.internal.impl.descriptors.impl.PropertyDescriptorImpl
1317:             3            552  kotlin.reflect.jvm.internal.impl.serialization.deserialization.DeserializationComponents
1318:            17            544  com.fasterxml.jackson.databind.type.ClassKey
1319:            17            544  com.google.common.collect.ImmutableMapEntry
1320:            17            544  com.google.protobuf.LongArrayList
1321:            17            544  com.google.protobuf.MapField$MutabilityAwareMap
1322:            17            544  javax.management.StandardMBean (java.management@21.0.6)
1323:            17            544  kotlin.reflect.jvm.internal.impl.descriptors.impl.AbstractTypeParameterDescriptor$2
1324:            17            544  sun.nio.ch.SocketOptionRegistry$RegistryKey (java.base@21.0.6)
1325:             1            528  [Lio.netty.handler.codec.http2.HpackStaticTable$HeaderIndex;
1326:            11            528  com.aerospike.vector.index.IndexCreateOperation
1327:             6            528  com.google.inject.internal.Initializer$InjectableReference
1328:            22            528  io.grpc.internal.KeepAliveManager$1
1329:            22            528  io.grpc.internal.KeepAliveManager$2
1330:            22            528  io.grpc.netty.Http2ControlFrameLimitEncoder$1
1331:            22            528  io.grpc.netty.NettyServer$1$1LoopReleaser
1332:            22            528  io.grpc.netty.NettyServerHandler$FrameListener
1333:            22            528  io.grpc.netty.NettyServerTransport$1TerminationNotifier
1334:            22            528  jdk.proxy2.$Proxy9 (jdk.proxy2)
1335:            11            528  kotlin.reflect.jvm.internal.impl.descriptors.impl.AbstractTypeParameterDescriptor$TypeParameterTypeConstructor
1336:            22            528  kotlin.reflect.jvm.internal.impl.descriptors.impl.LazyPackageViewDescriptorImpl$$Lambda$0
1337:            22            528  kotlin.reflect.jvm.internal.impl.descriptors.impl.LazyPackageViewDescriptorImpl$$Lambda$1
1338:            22            528  kotlin.reflect.jvm.internal.impl.descriptors.impl.LazyPackageViewDescriptorImpl$$Lambda$2
1339:            13            520  com.fasterxml.jackson.core.JsonGenerator$Feature
1340:             5            520  java.util.jar.JarVerifier (java.base@21.0.6)
1341:             5            520  kotlinx.coroutines.channels.BufferedChannel
1342:            13            520  sun.reflect.generics.repository.FieldRepository (java.base@21.0.6)
1343:             5            520  sun.security.x509.X509CertInfo (java.base@21.0.6)
1344:            16            512  com.github.benmanes.caffeine.cache.AccessOrderDeque
1345:             8            512  com.google.protobuf.DescriptorProtos$ServiceDescriptorProto
1346:            16            512  io.grpc.netty.NettyServer$3
1347:            16            512  io.grpc.netty.NettyServer$ListenSocket
1348:            16            512  io.netty.bootstrap.ServerBootstrap$ServerBootstrapAcceptor$1
1349:             8            512  java.io.FilePermission (java.base@21.0.6)
1350:            16            512  java.util.Date (java.base@21.0.6)
1351:             8            512  kotlin.reflect.jvm.internal.impl.builtins.PrimitiveType
1352:             8            512  kotlin.reflect.jvm.internal.impl.resolve.jvm.JvmPrimitiveType
1353:             8            512  org.xnio.nio.QueuedNioTcpServer2
1354:            16            504  [Lcom.aerospike.client.Bin;
1355:             3            504  com.aerospike.vector.index.IndexCatalog
1356:             9            504  com.aerospike.vector.index.hnsw.Hnsw$searchLayer$1
1357:             9            504  com.google.protobuf.GeneratedMessageV3$FieldAccessorTable$SingularStringFieldAccessor
1358:             9            504  io.grpc.Metadata$AsciiKey
1359:            21            504  io.grpc.internal.Rescheduler$FutureRunnable
1360:             9            504  java.lang.invoke.VarHandleInts$FieldInstanceReadWrite (java.base@21.0.6)
1361:             9            504  java.util.logging.Level$KnownLevel (java.logging@21.0.6)
1362:            21            504  jdk.proxy2.$Proxy55 (jdk.proxy2)
1363:            21            504  kotlin.reflect.jvm.internal.impl.load.java.lazy.descriptors.LazyJavaClassDescriptor$$Lambda$1
1364:            21            504  kotlin.reflect.jvm.internal.impl.load.java.lazy.descriptors.LazyJavaClassDescriptor$$Lambda$2
1365:            21            504  kotlin.reflect.jvm.internal.impl.load.java.lazy.descriptors.LazyJavaClassDescriptor$LazyJavaClassTypeConstructor$$Lambda$0
1366:             9            504  kotlinx.coroutines.CompletedContinuation
1367:             7            504  sun.management.MemoryPoolImpl (java.management@21.0.6)
1368:             2            496  [Lcom.fasterxml.jackson.databind.DeserializationFeature;
1369:             1            496  [Lcom.google.inject.internal.ErrorId;
1370:             8            496  [Lkotlin.annotation.AnnotationTarget;
1371:             2            496  io.grpc.netty.NettyServer
1372:             5            488  [Ljdk.incubator.vector.LaneType; (jdk.incubator.vector@21.0.6)
1373:            10            480  com.aerospike.client.cluster.Node$AsyncPool
1374:             6            480  com.aerospike.vector.client.proto.HnswIndexUpdate
1375:            20            480  com.aerospike.vector.interconnect.InterconnectChannelProvider$MultiAddressNameResolverFactory$newNameResolver$1
1376:             3            480  com.fasterxml.jackson.databind.deser.std.StdValueInstantiator
1377:            12            480  com.fasterxml.jackson.dataformat.yaml.YAMLGenerator$Feature
1378:             6            480  com.google.protobuf.SmallSortedMap$1
1379:            12            480  io.grpc.ServiceDescriptor
1380:            15            480  io.netty.handler.codec.CodecOutputList$CodecOutputLists
1381:            20            480  io.undertow.util.SimpleAttachmentKey
1382:            12            480  java.util.concurrent.atomic.AtomicLongFieldUpdater$CASUpdater (java.base@21.0.6)
1383:            15            480  kotlin.annotation.AnnotationTarget
1384:            20            480  kotlin.reflect.jvm.internal.impl.descriptors.runtime.structure.ReflectJavaClass
1385:            12            480  kotlin.reflect.jvm.internal.impl.metadata.builtins.BuiltInsBinaryVersion
1386:            10            480  kotlin.reflect.jvm.internal.impl.serialization.deserialization.ProtoBasedClassDataFinder
1387:            12            480  org.glassfish.jersey.server.internal.routing.Route
1388:             7            464  [Lcom.google.protobuf.Descriptors$MethodDescriptor;
1389:            29            464  java.lang.ThreadLocal (java.base@21.0.6)
1390:             7            456  [Lcom.google.common.collect.ImmutableMapEntry;
1391:            18            456  [[Ljava.lang.annotation.Annotation; (java.base@21.0.6)
1392:            19            456  com.aerospike.client.exp.Expression
1393:            19            456  jdk.proxy2.$Proxy69 (jdk.proxy2)
1394:            19            456  org.glassfish.jersey.server.internal.inject.EntityParamValueParamProvider$EntityValueSupplier
1395:             1            456  org.jboss.threads.EnhancedQueueExecutor
1396:             2            448  [Lcom.fasterxml.jackson.databind.SerializationFeature;
1397:             7            448  [Ljdk.incubator.vector.AbstractSpecies; (jdk.incubator.vector@21.0.6)
1398:             4            448  com.aerospike.vector.index.metrics.CacheMetrics
1399:             8            448  com.cronutils.model.field.constraint.FieldConstraints
1400:             7            448  com.google.protobuf.DescriptorProtos$MessageOptions
1401:            14            448  io.netty.handler.codec.http2.HpackStaticTable$HeaderIndex
1402:             8            448  io.undertow.Undertow$ListenerInfo
1403:             8            448  java.text.DigitList (java.base@21.0.6)
1404:             7            448  java.util.PropertyResourceBundle (java.base@21.0.6)
1405:            14            448  kotlin.reflect.jvm.internal.impl.descriptors.impl.FunctionDescriptorImpl$1
1406:            14            448  kotlin.reflect.jvm.internal.impl.renderer.DescriptorRendererModifier
1407:             7            448  org.glassfish.jersey.server.model.internal.JavaResourceMethodDispatcherProvider$TypeOutInvoker
1408:            14            448  org.glassfish.jersey.server.monitoring.RequestEvent$Type
1409:             2            448  org.xnio.nio.WorkerThread
1410:             8            448  sun.nio.ch.ServerSocketAdaptor (java.base@21.0.6)
1411:             5            440  com.aerospike.vector.heartbeat.Heartbeat$HeartbeatMessage
1412:            11            440  io.undertow.security.impl.DigestAuthorizationToken
1413:             5            440  java.net.SocketPermission (java.base@21.0.6)
1414:            11            440  kotlin.reflect.jvm.internal.impl.metadata.ProtoBuf$QualifiedNameTable
1415:            11            440  kotlin.reflect.jvm.internal.impl.metadata.ProtoBuf$StringTable
1416:             3            432  [Ljava.util.concurrent.RunnableScheduledFuture; (java.base@21.0.6)
1417:             3            432  com.fasterxml.jackson.databind.DeserializationConfig
1418:            18            432  io.netty.util.concurrent.FastThreadLocalRunnable
1419:             6            432  java.nio.DirectLongBufferU (java.base@21.0.6)
1420:            18            432  java.text.DateFormat$Field (java.base@21.0.6)
1421:             9            432  java.util.logging.Level (java.logging@21.0.6)
1422:             9            432  jdk.internal.loader.NativeLibraries$NativeLibraryImpl (java.base@21.0.6)
1423:            18            432  kotlin.reflect.jvm.internal.impl.load.java.lazy.descriptors.LazyJavaClassDescriptor$$Lambda$0
1424:             9            432  kotlin.reflect.jvm.internal.impl.load.kotlin.TypeMappingMode
1425:             9            432  org.glassfish.jersey.inject.hk2.SupplierFactoryBridge
1426:             9            432  sun.security.x509.URIName (java.base@21.0.6)
1427:             9            432  sun.util.resources.Bundles$CacheKey (java.base@21.0.6)
1428:            23            424  [Ljavax.management.MBeanConstructorInfo; (java.management@21.0.6)
1429:            10            424  [Lsun.security.x509.RDN; (java.base@21.0.6)
1430:            13            416  ch.qos.logback.core.spi.ContextAwareBase
1431:             4            416  com.aerospike.client.policy.ScanPolicy
1432:             4            416  com.aerospike.vector.index.hnsw.Hnsw$searchLayerGetDistances$1
1433:            13            416  com.aerospike.vector.storage.AerospikeStorageKvs$$Lambda/0x00007fcc108ce428
1434:            13            416  com.fasterxml.jackson.databind.type.LogicalType
1435:            13            416  com.fasterxml.jackson.module.kotlin.BucketGenerator
1436:            13            416  com.fasterxml.jackson.module.kotlin.ConstructorValueCreator
1437:             4            416  java.lang.invoke.BoundMethodHandle$Species_LLLLLLL (java.base@21.0.6)
1438:             4            416  java.text.SimpleDateFormat (java.base@21.0.6)
1439:            13            416  jdk.incubator.vector.VectorOperators$BinaryImpl (jdk.incubator.vector@21.0.6)
1440:            13            416  kotlin.reflect.jvm.internal.impl.metadata.ProtoBuf$Annotation$Argument$Value$Type
1441:            13            416  org.glassfish.jersey.uri.UriComponent$Type
1442:             4            416  org.jboss.threads.EnhancedQueueExecutor$PoolThreadNode
1443:            17            408  com.google.protobuf.MapField$ImmutableMessageConverter
1444:            17            408  io.netty.channel.$Proxy47
1445:            17            408  kotlin.reflect.jvm.internal.impl.descriptors.runtime.structure.ReflectJavaTypeParameter
1446:            17            408  sun.nio.ch.OptionKey (java.base@21.0.6)
1447:             5            400  [Ljava.util.concurrent.ForkJoinPool$WorkQueue; (java.base@21.0.6)
1448:            10            400  com.aerospike.client.async.EventState
1449:             5            400  com.fasterxml.jackson.databind.introspect.BasicBeanDescription
1450:            10            400  com.google.common.collect.ImmutableMapEntry$NonTerminalImmutableMapEntry
1451:            10            400  com.google.inject.spi.TypeConverterBinding
1452:            10            400  io.netty.resolver.AddressResolverGroup$1
1453:            10            400  io.netty.resolver.InetSocketAddressResolver
1454:             5            400  java.net.URLPermission (java.base@21.0.6)
1455:            10            400  java.time.ZonedDateTime (java.base@21.0.6)
1456:             5            400  java.util.Properties (java.base@21.0.6)
1457:            10            400  kotlin.reflect.jvm.internal.impl.types.error.ErrorScopeKind
1458:            10            400  org.glassfish.jersey.server.internal.inject.ParamInjectionResolver
1459:            16            392  [Lcom.google.protobuf.Descriptors$FileDescriptor;
1460:             7            392  com.sun.jmx.mbeanserver.DefaultMXBeanMappingFactory$CollectionMapping (java.management@21.0.6)
1461:             7            392  sun.management.MemoryPoolImpl$CollectionSensor (java.management@21.0.6)
1462:             5            384  [Ljava.lang.invoke.LambdaForm$NamedFunction; (java.base@21.0.6)
1463:            16            384  com.aerospike.vector.index.IndexServiceInternalGrpc$IndexServiceInternalMethodDescriptorSupplier
1464:            16            384  com.aerospike.vector.index.IndexServiceInternalGrpc$MethodHandlers
1465:             3            384  com.fasterxml.jackson.databind.ObjectMapper
1466:             3            384  com.fasterxml.jackson.databind.SerializationConfig
1467:             3            384  com.fasterxml.jackson.databind.deser.DefaultDeserializationContext$Impl
1468:             3            384  com.fasterxml.jackson.databind.ser.DefaultSerializerProvider$Impl
1469:             8            384  com.github.benmanes.caffeine.cache.PSMS
1470:             6            384  com.google.common.collect.RegularImmutableMap
1471:             6            384  com.google.inject.assistedinject.FactoryProvider2
1472:            12            384  io.grpc.ServerServiceDefinition
1473:            16            384  io.netty.channel.ServerChannelRecvByteBufAllocator
1474:            12            384  java.lang.NamedPackage (java.base@21.0.6)
1475:            12            384  java.lang.annotation.ElementType (java.base@21.0.6)
1476:            12            384  java.net.StandardSocketOptions$StdSocketOption (java.base@21.0.6)
1477:             4            384  java.security.SecureRandom (java.base@21.0.6)
1478:            12            384  java.security.spec.RSAKeyGenParameterSpec (java.base@21.0.6)
1479:            12            384  java.time.LocalDateTime (java.base@21.0.6)
1480:            16            384  java.util.regex.Pattern$$Lambda/0x800000031 (java.base@21.0.6)
1481:            16            384  jdk.proxy2.$Proxy52 (jdk.proxy2)
1482:            12            384  kotlin.reflect.jvm.internal.KTypeImpl$$Lambda$1
1483:             4            384  kotlin.reflect.jvm.internal.impl.descriptors.impl.EnumEntrySyntheticClassDescriptor
1484:            16            384  kotlin.reflect.jvm.internal.impl.serialization.deserialization.descriptors.DeserializedAnnotations
1485:             8            384  kotlin.reflect.jvm.internal.impl.types.KotlinTypeFactory$$Lambda$1
1486:             8            384  kotlinx.coroutines.sync.SemaphoreSegment
1487:            12            384  org.glassfish.jersey.model.Parameter$Source
1488:            16            384  org.xnio.ChannelListener$SimpleSetter
1489:             8            384  org.xnio.SequenceOption
1490:            12            384  sun.reflect.annotation.TypeAnnotation$TypeAnnotationTarget (java.base@21.0.6)
1491:             1            376  com.github.benmanes.caffeine.cache.SSMS
1492:             6            368  [Lio.netty.util.concurrent.EventExecutor;
1493:            23            368  com.google.inject.internal.InjectorShell$LoggerFactory
1494:             2            368  io.grpc.internal.ServerImpl
1495:             1            360  [Ljakarta.ws.rs.core.Response$Status;
1496:            15            360  com.aerospike.client.Value$BytesValue
1497:            15            360  com.aerospike.vector.storage.index.AerospikeIndexMetaStore$storeIndexLogGeneric$2$1
1498:             5            360  com.google.inject.internal.InjectorImpl$SyntheticProviderBindingImpl
1499:             9            360  com.google.protobuf.Descriptors$FieldDescriptor$JavaType
1500:             9            360  com.google.protobuf.WireFormat$JavaType
1501:             3            360  io.undertow.servlet.api.ServletInfo
1502:             9            360  io.undertow.util.FastConcurrentDirectDeque$Node
1503:             9            360  java.util.RegularEnumSet (java.base@21.0.6)
1504:             9            360  kotlin.reflect.jvm.internal.impl.protobuf.WireFormat$JavaType
1505:             9            360  kotlin.reflect.jvm.internal.impl.resolve.constants.EnumValue
1506:             5            360  kotlin.reflect.jvm.internal.impl.types.error.ErrorType
1507:            15            360  kotlinx.coroutines.CompletedExceptionally
1508:             3            360  org.glassfish.jersey.server.ResourceConfig$ImmutableState
1509:             9            360  org.glassfish.jersey.server.internal.routing.WildcardMethodSelectingRouter
1510:            15            360  org.yaml.snakeyaml.nodes.Tag
1511:            15            360  sun.invoke.util.ValueConversions$WrapperCache (java.base@21.0.6)
1512:             9            360  sun.nio.ch.DummySocketImpl (java.base@21.0.6)
1513:             9            360  sun.reflect.generics.reflectiveObjects.WildcardTypeImpl (java.base@21.0.6)
1514:             5            360  sun.security.util.MemoryCache$SoftCacheEntry (java.base@21.0.6)
1515:             2            352  [Ljava.text.DateFormat$Field; (java.base@21.0.6)
1516:             4            352  com.aerospike.vector.exchange.Exchange$ExchangePayload
1517:             4            352  com.aerospike.vector.index.ReindexEnqueuer
1518:             4            352  com.aerospike.vector.storage.StorageOptions
1519:            11            352  com.fasterxml.jackson.annotation.JsonFormat$Feature
1520:            11            352  com.fasterxml.jackson.annotation.JsonFormat$Shape
1521:            11            352  com.github.benmanes.caffeine.cache.BoundedLocalCache$PerformCleanupTask
1522:            22            352  io.grpc.netty.AbstractNettyHandler$AllowPingLimiter
1523:            22            352  io.grpc.netty.NettyServerHandler$ServerChannelLogger
1524:            11            352  java.lang.invoke.MethodHandleImpl$Intrinsic (java.base@21.0.6)
1525:            11            352  kotlin.reflect.jvm.internal.impl.renderer.DescriptorRendererImpl
1526:            11            352  org.bouncycastle.asn1.x509.AlgorithmIdentifier
1527:            11            352  org.bouncycastle.jcajce.provider.asymmetric.ec.KeyFactorySpi$EC
1528:            11            352  org.yaml.snakeyaml.events.Event$ID
1529:             4            352  sun.security.provider.SHA2$SHA256 (java.base@21.0.6)
1530:             4            336  [Lcom.fasterxml.jackson.databind.cfg.CoercionAction;
1531:             6            336  com.fasterxml.jackson.core.io.SerializedString
1532:             7            336  com.google.protobuf.Descriptors$ServiceDescriptor
1533:             6            336  io.netty.channel.epoll.EpollEventLoopGroup
1534:             7            336  java.nio.file.attribute.FileTime (java.base@21.0.6)
1535:             3            336  java.util.concurrent.ScheduledThreadPoolExecutor (java.base@21.0.6)
1536:             6            336  java.util.stream.StreamOpFlag (java.base@21.0.6)
1537:             7            336  javax.management.StandardEmitterMBean (java.management@21.0.6)
1538:            14            336  jdk.proxy1.$Proxy1 (jdk.proxy1)
1539:             6            336  kotlin.reflect.jvm.internal.impl.types.ClassTypeConstructorImpl
1540:             2            336  org.bouncycastle.jce.provider.BouncyCastleProvider
1541:             6            336  org.glassfish.hk2.utilities.general.Hk2ThreadLocal$Key
1542:             7            336  org.glassfish.jersey.message.internal.AcceptableMediaType
1543:            14            336  org.xnio.OptionMap
1544:             7            336  sun.management.MemoryPoolImpl$PoolSensor (java.management@21.0.6)
1545:             3            336  sun.security.provider.NativePRNG$RandomIO (java.base@21.0.6)
1546:             2            320  [Lcom.google.protobuf.DescriptorProtos$FieldDescriptorProto$Type;
1547:             2            320  [Lcom.google.protobuf.Descriptors$FieldDescriptor$Type;
1548:             2            320  [Lcom.google.protobuf.WireFormat$FieldType;
1549:             4            320  [Lio.netty.buffer.PoolArena;
1550:             1            320  [Lorg.bouncycastle.crypto.CryptoServiceProperties;
1551:            10            320  com.aerospike.client.async.ScheduleTask
1552:             1            320  com.aerospike.client.cluster.Cluster
1553:            10            320  com.aerospike.client.exp.Exp$Type
1554:             5            320  com.aerospike.client.query.PartitionTracker$NodePartitions
1555:             5            320  com.aerospike.vector.heartbeat.Heartbeat$ClusterPayload
1556:             5            320  com.codahale.metrics.SlidingTimeWindowArrayReservoir
1557:            10            320  com.fasterxml.jackson.databind.cfg.CoercionInputShape
1558:             2            320  com.fasterxml.jackson.databind.ser.BeanPropertyWriter
1559:            10            320  com.github.benmanes.caffeine.cache.BoundedLocalCache$BoundedLocalManualCache
1560:             1            320  com.github.benmanes.caffeine.cache.SSLA
1561:             5            320  com.google.common.io.BaseEncoding$Alphabet
1562:            10            320  com.google.inject.internal.asm.$Type
1563:             5            320  com.google.protobuf.MapEntry$Metadata
1564:            10            320  io.netty.resolver.DefaultNameResolver
1565:             8            320  io.undertow.server.protocol.http.HttpRequestParser$$generated
1566:            10            320  java.nio.file.StandardOpenOption (java.base@21.0.6)
1567:            10            320  jdk.incubator.vector.VectorOperators$ComparisonImpl (jdk.incubator.vector@21.0.6)
1568:             8            320  kotlin.reflect.jvm.internal.impl.builtins.jvm.JavaToKotlinClassMap$PlatformMutabilityMapping
1569:            10            320  kotlin.reflect.jvm.internal.impl.metadata.deserialization.NameResolverImpl
1570:            10            320  kotlin.reflect.jvm.internal.impl.serialization.deserialization.MemberDeserializer$$Lambda$3
1571:            10            320  org.bouncycastle.crypto.CryptoServicePurpose
1572:             8            320  org.xnio.nio.NioTcpServer$1
1573:             8            320  org.xnio.nio.NioXnioWorker$NioWorkerMetrics$$Lambda/0x00007fcc10773cf0
1574:            10            320  sun.reflect.generics.tree.Wildcard (java.base@21.0.6)
1575:             2            320  sun.security.provider.Sun (java.base@21.0.6)
1576:             4            320  sun.security.rsa.RSAPublicKeyImpl (java.base@21.0.6)
1577:             3            312  [[Ljava.lang.String; (java.base@21.0.6)
1578:             1            312  [[Ljava.math.BigInteger; (java.base@21.0.6)
1579:             3            312  ch.qos.logback.core.ConsoleAppender
1580:             1            312  com.aerospike.vector.index.healer.worker.VertexRecordScanProcessor
1581:            13            312  java.time.LocalDate (java.base@21.0.6)
1582:            13            312  java.util.concurrent.ConcurrentHashMap$ValuesView (java.base@21.0.6)
1583:            13            312  java.util.regex.Pattern$StartS (java.base@21.0.6)
1584:            13            312  jdk.proxy2.$Proxy51 (jdk.proxy2)
1585:            13            312  sun.util.logging.internal.LoggingProviderImpl$JULWrapper (java.logging@21.0.6)
1586:             2            304  [Lio.grpc.Status$Code;
1587:             1            288  [Lcom.fasterxml.jackson.databind.MapperFeature;
1588:             6            288  [Lorg.glassfish.jersey.internal.guava.LocalCache$Segment;
1589:             2            288  [Lorg.glassfish.jersey.internal.util.collection.KeyComparatorHashMap$Entry;
1590:             6            288  com.aerospike.vector.cluster.ClusterEpoch
1591:             3            288  com.aerospike.vector.index.IndexLog
1592:             1            288  com.aerospike.vector.index.healer.worker.VectorRecordScanProcessor
1593:             4            288  com.aerospike.vector.storage.AerospikeStorageKvs$PaginatedAsListenerToStorageRecordListener
1594:             6            288  com.fasterxml.jackson.core.json.JsonWriteFeature
1595:             9            288  com.fasterxml.jackson.databind.node.JsonNodeType
1596:             4            288  com.sun.management.internal.GarbageCollectorExtImpl (jdk.management@21.0.6)
1597:             4            288  io.netty.buffer.SizeClasses
1598:             9            288  io.netty.handler.codec.http.HttpMethod$EnumNameMap$Node
1599:             4            288  io.undertow.servlet.handlers.ServletChain
1600:             9            288  java.lang.ClassValue$Version (java.base@21.0.6)
1601:             6            288  java.lang.invoke.LambdaForm$BasicType (java.base@21.0.6)
1602:             9            288  java.lang.reflect.AccessFlag$Location (java.base@21.0.6)
1603:             9            288  java.net.NetPermission (java.base@21.0.6)
1604:             9            288  java.nio.file.attribute.PosixFilePermission (java.base@21.0.6)
1605:             9            288  java.util.concurrent.Executors$AutoShutdownDelegatedExecutorService (java.base@21.0.6)
1606:             9            288  java.util.concurrent.ForkJoinTask$RunnableExecuteAction (java.base@21.0.6)
1607:             3            288  java.util.concurrent.ScheduledThreadPoolExecutor$ScheduledFutureTask (java.base@21.0.6)
1608:             9            288  jdk.incubator.vector.VectorOperators$AssociativeImpl (jdk.incubator.vector@21.0.6)
1609:             9            288  jdk.internal.org.objectweb.asm.Type (java.base@21.0.6)
1610:            12            288  kotlin.reflect.jvm.internal.KCallableImpl$$Lambda$9
1611:            12            288  kotlin.reflect.jvm.internal.KTypeImpl$$Lambda$0
1612:             4            288  kotlinx.coroutines.BlockingEventLoop
1613:             6            288  org.bouncycastle.jcajce.provider.config.ProviderConfigurationPermission
1614:             9            288  org.glassfish.jersey.inject.hk2.Hk2Helper$$Lambda/0x00007fcc106cdd60
1615:            12            288  org.glassfish.jersey.inject.hk2.Hk2Helper$$Lambda/0x00007fcc106d62e0
1616:            12            288  org.glassfish.jersey.inject.hk2.InstanceSupplierFactoryBridge
1617:             9            288  org.glassfish.jersey.server.internal.routing.PushMatchedTemplateRouter
1618:             9            288  org.glassfish.jersey.server.model.HandlerConstructor
1619:             9            288  sun.nio.ch.Util$BufferCache (java.base@21.0.6)
1620:             4            288  sun.nio.cs.UTF_8$Encoder (java.base@21.0.6)
1621:             4            288  sun.security.provider.MoreDrbgParameters (java.base@21.0.6)
1622:             4            288  sun.util.locale.provider.LocaleResources (java.base@21.0.6)
1623:             5            280  com.aerospike.flow.CancellableFlow$job$1$1$emit$1
1624:             5            280  com.aerospike.vector.index.CentroidMapEntry
1625:             7            280  com.aerospike.vector.index.IndexLogEntryList
1626:             7            280  com.aerospike.vector.storage.AsyncRecordListener
1627:             7            280  com.cronutils.parser.CronParserField
1628:             7            280  com.fasterxml.jackson.module.kotlin.KotlinFeature
1629:             5            280  io.grpc.Metadata$TrustedAsciiKey
1630:             7            280  java.lang.invoke.MethodHandles$Lookup (java.base@21.0.6)
1631:             7            280  kotlin.reflect.jvm.internal.impl.load.java.JavaNullabilityAnnotationsStatus
1632:             7            280  kotlin.reflect.jvm.internal.impl.types.error.ErrorEntity
1633:             7            280  kotlin.time.DurationUnit
1634:             5            280  sun.security.x509.AuthorityKeyIdentifierExtension (java.base@21.0.6)
1635:             5            280  sun.util.locale.provider.LocaleProviderAdapter$Type (java.base@21.0.6)
1636:             2            272  com.fasterxml.jackson.databind.deser.impl.MethodProperty
1637:             2            272  io.grpc.netty.NettyServerStream$TransportState
1638:             2            272  sun.nio.ch.EPollSelectorImpl (java.base@21.0.6)
1639:             1            264  [Ljava.lang.invoke.VarHandle$AccessMode; (java.base@21.0.6)
1640:             3            264  com.aerospike.vector.exchange.ClusterServiceState
1641:             3            264  com.fasterxml.jackson.core.sym.ByteQuadsCanonicalizer
1642:             3            264  com.fasterxml.jackson.core.sym.CharsToNameCanonicalizer
1643:             3            264  com.google.protobuf.GeneratedMessageV3$FieldAccessorTable$SingularEnumFieldAccessor
1644:            11            264  io.grpc.Attributes$Key
1645:             3            264  java.nio.DirectByteBufferR (java.base@21.0.6)
1646:            11            264  java.util.regex.Pattern$Begin (java.base@21.0.6)
1647:             3            264  javax.management.openmbean.OpenMBeanOperationInfoSupport (java.management@21.0.6)
1648:            11            264  jdk.internal.misc.InternalLock (java.base@21.0.6)
1649:            11            264  kotlin.reflect.jvm.internal.impl.protobuf.LazyStringArrayList
1650:            11            264  kotlin.reflect.jvm.internal.impl.protobuf.UnmodifiableLazyStringList
1651:            11            264  kotlin.reflect.jvm.internal.impl.renderer.DescriptorRendererImpl$$Lambda$0
1652:            11            264  org.glassfish.jersey.internal.guava.LocalCache$StrongValueReference
1653:             3            264  sun.nio.cs.StreamEncoder (java.base@21.0.6)
1654:             2            256  [Lio.netty.handler.codec.http2.Http2Error;
1655:             1            256  [Ljava.time.temporal.ChronoField; (java.base@21.0.6)
1656:             8            256  com.aerospike.vector.client.proto.StandaloneIndexState
1657:             8            256  com.aerospike.vector.cluster.QuantumFaultType
1658:             2            256  com.aerospike.vector.index.hnsw.Hnsw
1659:             2            256  com.aerospike.vector.index.scan.Scanner
1660:             2            256  com.aerospike.vector.server.grpc.service.GrpcTransactService
1661:             8            256  com.cronutils.model.definition.CronNicknames
1662:             8            256  com.cronutils.model.field.CronFieldName
1663:             4            256  com.fasterxml.jackson.core.Base64Variant
1664:             2            256  com.fasterxml.jackson.databind.MappingJsonFactory
1665:             8            256  com.fasterxml.jackson.databind.introspect.AnnotationIntrospectorPair
1666:             4            256  com.google.common.collect.MapMakerInternalMap$WeakKeyStrongValueSegment
1667:             8            256  com.google.protobuf.Descriptors$DescriptorPool
1668:             2            256  io.grpc.internal.DnsNameResolver
1669:             8            256  io.prometheus.client.Collector$Type
1670:             8            256  io.undertow.server.ConnectorStatisticsImpl
1671:             8            256  io.undertow.server.protocol.http2.Http2UpgradeHandler
1672:             8            256  java.math.RoundingMode (java.base@21.0.6)
1673:             8            256  java.util.ArrayList$Itr (java.base@21.0.6)
1674:             8            256  java.util.BitSet (java.base@21.0.6)
1675:             2            256  kotlin.reflect.jvm.internal.KProperty0Impl
1676:             4            256  org.bouncycastle.crypto.params.DHParameters
1677:             4            256  org.glassfish.hk2.utilities.general.internal.WeakHashClockImpl
1678:             2            248  [Ljava.math.BigDecimal; (java.base@21.0.6)
1679:             3            248  [Ljava.util.logging.Level; (java.logging@21.0.6)
1680:             2            248  [[J (java.base@21.0.6)
1681:             1            248  org.jvnet.hk2.internal.AutoActiveDescriptor
1682:             1            248  org.jvnet.hk2.internal.ServiceLocatorImpl
1683:             6            240  [Lsun.nio.fs.NativeBuffer; (java.base@21.0.6)
1684:             5            240  com.aerospike.vector.client.proto.ProjectionFilter
1685:            10            240  com.aerospike.vector.cluster.ClusterServiceGrpc$ClusterServiceMethodDescriptorSupplier
1686:            10            240  com.aerospike.vector.cluster.ClusterServiceGrpc$MethodHandlers
1687:            15            240  com.aerospike.vector.inject.VectorDbGuiceModule$$FastClassByGuice$$6f5672
1688:             6            240  com.codahale.metrics.jvm.JmxAttributeGauge
1689:             5            240  com.fasterxml.jackson.core.JsonEncoding
1690:             5            240  com.google.protobuf.MapEntry
1691:             2            240  io.grpc.internal.MessageDeframer
1692:             5            240  io.netty.handler.codec.http.HttpStatusClass
1693:             6            240  io.netty.handler.codec.http2.Http2Headers$PseudoHeaderName
1694:             5            240  io.netty.util.internal.ObjectPool$RecyclerObjectPool$1
1695:            10            240  io.netty.util.internal.TypeParameterMatcher$ReflectiveMatcher
1696:            10            240  io.undertow.UndertowLogger_$logger
1697:             6            240  it.unimi.dsi.util.SplitMix64Random
1698:            10            240  java.nio.charset.CoderResult (java.base@21.0.6)
1699:             5            240  java.time.format.DateTimeFormatterBuilder$NanosPrinterParser (java.base@21.0.6)
1700:             6            240  java.time.format.TextStyle (java.base@21.0.6)
1701:            10            240  java.util.regex.Pattern$Dollar (java.base@21.0.6)
1702:            10            240  javax.security.auth.x500.X500Principal (java.base@21.0.6)
1703:             6            240  kotlin.reflect.jvm.internal.impl.descriptors.ClassKind
1704:             6            240  kotlin.reflect.jvm.internal.impl.load.java.AnnotationQualifierApplicabilityType
1705:            10            240  kotlin.reflect.jvm.internal.impl.load.java.lazy.descriptors.ClassDeclaredMemberIndex$$Lambda$0
1706:            10            240  kotlin.reflect.jvm.internal.impl.resolve.scopes.DescriptorKindFilter
1707:            10            240  kotlin.reflect.jvm.internal.impl.resolve.scopes.DescriptorKindFilter$Companion$MaskToName
1708:            10            240  kotlin.reflect.jvm.internal.impl.serialization.deserialization.DeserializedPackageFragmentImpl$$Lambda$0
1709:            10            240  kotlin.reflect.jvm.internal.impl.serialization.deserialization.DeserializedPackageFragmentImpl$$Lambda$1
1710:             6            240  kotlin.reflect.jvm.internal.impl.serialization.deserialization.MemberDeserializer$$Lambda$2
1711:            10            240  kotlin.reflect.jvm.internal.impl.serialization.deserialization.descriptors.DeserializedTypeParameterDescriptor$$Lambda$0
1712:             2            240  kotlinx.coroutines.channels.ConflatedBufferedChannel
1713:            10            240  org.bouncycastle.jce.spec.ECNamedCurveGenParameterSpec
1714:            10            240  org.glassfish.jersey.inject.hk2.InjectionResolverWrapper
1715:             6            240  org.glassfish.jersey.internal.JaxrsProviders
1716:             6            240  org.glassfish.jersey.message.internal.MessagingBinders$EnabledProvidersBinder$Provider
1717:             6            240  sun.nio.fs.NativeBuffer (java.base@21.0.6)
1718:            10            240  sun.security.x509.KeyIdentifier (java.base@21.0.6)
1719:             7            224  [Ljava.util.concurrent.ConcurrentHashMap$CounterCell; (java.base@21.0.6)
1720:             4            224  [[Lcom.github.benmanes.caffeine.cache.Node;
1721:             7            224  com.aerospike.vector.client.proto.NodeRole
1722:             7            224  com.aerospike.vector.cluster.QuantumFault
1723:             2            224  com.aerospike.vector.index.hnsw.store.CachedHnswGraphStore
1724:             7            224  com.codahale.metrics.jvm.MemoryUsageGaugeSet$3
1725:             7            224  com.fasterxml.jackson.annotation.JsonInclude$Include
1726:             7            224  com.fasterxml.jackson.annotation.PropertyAccessor
1727:             4            224  com.github.benmanes.caffeine.cache.PSA
1728:             7            224  com.google.inject.internal.TypeConverterBindingProcessor$5
1729:             7            224  com.google.protobuf.LazyStringArrayList
1730:             2            224  com.sun.security.sasl.gsskerb.JdkSASL$ProviderService (jdk.security.jgss@21.0.6)
1731:             7            224  io.netty.handler.codec.http2.Http2Stream$State
1732:             7            224  io.undertow.servlet.core.ContextClassLoaderSetupAction$1
1733:             7            224  io.undertow.servlet.core.ServletRequestContextThreadSetupAction$1
1734:             7            224  java.lang.System$Logger$Level (java.base@21.0.6)
1735:             2            224  java.lang.invoke.BoundMethodHandle$Species_LLLLLLLL (java.base@21.0.6)
1736:             7            224  java.util.regex.Pattern$SliceI (java.base@21.0.6)
1737:             7            224  jdk.net.ExtendedSocketOptions$ExtSocketOption (jdk.net@21.0.6)
1738:             2            224  kotlin.reflect.jvm.internal.impl.descriptors.impl.ModuleDescriptorImpl
1739:             7            224  kotlin.reflect.jvm.internal.impl.metadata.ProtoBuf$Class$Kind
1740:             4            224  kotlinx.coroutines.BlockingCoroutine
1741:             4            224  org.glassfish.hk2.utilities.general.internal.WeakHashLRUImpl
1742:             7            224  org.glassfish.jersey.jackson.internal.jackson.jaxrs.util.ClassKey
1743:             7            224  org.glassfish.jersey.uri.internal.UriTemplateParser$Variables$State
1744:             7            224  org.yaml.snakeyaml.scanner.Constant
1745:             2            224  sun.security.jgss.SunProvider$ProviderService (java.security.jgss@21.0.6)
1746:             1            224  sun.security.pkcs11.SunPKCS11 (jdk.crypto.cryptoki@21.0.6)
1747:             3            216  [[Ljdk.incubator.vector.VectorOperators$ConversionImpl; (jdk.incubator.vector@21.0.6)
1748:             3            216  ch.qos.logback.classic.pattern.ThrowableProxyConverter
1749:             3            216  com.aerospike.vector.index.IndexLog$store$1
1750:             9            216  com.aerospike.vector.index.hnsw.Hnsw$$Lambda/0x00007fcc1090be68
1751:             9            216  com.aerospike.vector.index.hnsw.Hnsw$$Lambda/0x00007fcc1090c308
1752:             3            216  com.fasterxml.jackson.databind.PropertyMetadata
1753:             9            216  com.google.inject.internal.TypeConverterBindingProcessor$6
1754:             3            216  io.netty.channel.ServerChannelRecvByteBufAllocator$1
1755:             9            216  io.netty.handler.codec.http.HttpMethod
1756:             3            216  java.lang.reflect.ProxyGenerator$ProxyMethod (java.base@21.0.6)
1757:             3            216  java.time.temporal.JulianFields$Field (java.base@21.0.6)
1758:             9            216  java.util.concurrent.Executors$AutoShutdownDelegatedExecutorService$$Lambda/0x00007fcc103e8de0 (java.base@21.0.6)
1759:             9            216  jdk.proxy2.$Proxy57 (jdk.proxy2)
1760:             9            216  jdk.proxy2.$Proxy64 (jdk.proxy2)
1761:             9            216  kotlin.reflect.jvm.internal.impl.descriptors.runtime.structure.ReflectJavaField
1762:             3            216  org.glassfish.jersey.model.internal.ComponentBag
1763:             9            216  org.glassfish.jersey.server.internal.routing.AbstractMethodSelectingRouter$4
1764:             9            216  org.glassfish.jersey.server.internal.routing.PushMatchedRuntimeResourceRouter
1765:             9            216  org.jvnet.hk2.component.MultiMap
1766:             9            216  org.xnio.Xnio$MBeanCloseable
1767:             9            216  sun.security.x509.DNSName (java.base@21.0.6)
1768:             9            216  sun.security.x509.GeneralName (java.base@21.0.6)
1769:             2            208  [Lio.undertow.security.impl.DigestAuthorizationToken;
1770:             1            208  [Ljava.time.LocalTime; (java.base@21.0.6)
1771:             2            208  ch.qos.logback.classic.PatternLayout
1772:             2            208  ch.qos.logback.classic.pattern.NamedConverter$NameCache
1773:            13            208  kotlin.jvm.internal.Ref$IntRef
1774:             2            208  kotlin.reflect.jvm.internal.impl.descriptors.impl.PropertySetterDescriptorImpl
1775:             2            208  sun.nio.ch.FileChannelImpl (java.base@21.0.6)
1776:             1            200  [Ljava.lang.reflect.AccessFlag; (java.base@21.0.6)
1777:             1            200  [Lkotlin.reflect.jvm.internal.impl.incremental.components.NoLookupLocation;
1778:             1            200  [Lorg.yaml.snakeyaml.tokens.Token$ID;
1779:             1            200  [Lpicocli.CommandLine$Help$Ansi$Style;
1780:             1            200  ch.qos.logback.classic.LoggerContext
1781:             1            200  com.aerospike.vector.cluster.ClusterMonitor
1782:             5            200  com.aerospike.vector.config.NodeRoleSet
1783:             5            200  com.aerospike.vector.heartbeat.Heartbeat$SocketEndpointList
1784:             5            200  com.fasterxml.jackson.databind.cfg.JsonNodeFeature
1785:             5            200  io.netty.handler.logging.LogLevel
1786:             5            200  java.lang.invoke.VarHandle$AccessType (java.base@21.0.6)
1787:             5            200  java.net.HostPortrange (java.base@21.0.6)
1788:             5            200  java.util.ImmutableCollections$MapN (java.base@21.0.6)
1789:             5            200  jdk.incubator.vector.VectorShape (jdk.incubator.vector@21.0.6)
1790:             5            200  jdk.internal.loader.NativeLibraries (java.base@21.0.6)
1791:             5            200  jdk.internal.platform.cgroupv1.CgroupV1SubsystemController (java.base@21.0.6)
1792:             5            200  kotlin.reflect.jvm.internal.ComputableClassValue
1793:             5            200  kotlin.reflect.jvm.internal.impl.types.error.ErrorTypeConstructor
1794:             5            200  org.yaml.snakeyaml.DumperOptions$ScalarStyle
1795:             5            200  sun.security.x509.KeyUsageExtension (java.base@21.0.6)
1796:             5            200  sun.security.x509.SubjectKeyIdentifierExtension (java.base@21.0.6)
1797:             4            192  [Lcom.github.benmanes.caffeine.cache.RemovalCause;
1798:             1            192  [Ljava.lang.reflect.ClassFileFormatVersion; (java.base@21.0.6)
1799:             8            192  [Lorg.xnio.nio.NioTcpServerHandle;
1800:             6            192  ch.qos.logback.core.pattern.LiteralConverter
1801:             4            192  ch.qos.logback.core.util.COWArrayList
1802:             8            192  com.aerospike.client.Value$StringValue
1803:             6            192  com.aerospike.client.metrics.LatencyType
1804:             6            192  com.aerospike.connect.metrics.ThreadStatesGaugeSet$$Lambda/0x00007fcc10337ab0
1805:             1            192  com.aerospike.vector.VectorDbMain$addShutdownHook$1
1806:             8            192  com.aerospike.vector.client.proto.IndexServiceGrpc$IndexServiceMethodDescriptorSupplier
1807:             8            192  com.aerospike.vector.client.proto.IndexServiceGrpc$MethodHandlers
1808:             8            192  com.aerospike.vector.client.proto.UserAdminServiceGrpc$MethodHandlers
1809:             8            192  com.aerospike.vector.client.proto.UserAdminServiceGrpc$UserAdminServiceMethodDescriptorSupplier
1810:             6            192  com.aerospike.vector.client.proto.VectorDistanceMetric
1811:             6            192  com.aerospike.vector.client.proto.WriteType
1812:             1            192  com.aerospike.vector.cluster.ClusterRegister
1813:             6            192  com.aerospike.vector.cluster.ClusterState
1814:             6            192  com.aerospike.vector.index.config.CacheConfig
1815:             8            192  com.aerospike.vector.index.metrics.SizeProvider
1816:             6            192  com.aerospike.vector.storage.AerospikeStorageKvs$asyncFetchChunk$jobs$1$$Lambda/0x00007fcc108bb4c8
1817:             3            192  com.aerospike.vector.storage.index.AerospikeIndexMetaStore$storeIndexLogGeneric$1
1818:             6            192  com.cronutils.model.field.definition.FieldDefinition
1819:             6            192  com.cronutils.model.field.value.SpecialChar
1820:             6            192  com.fasterxml.jackson.annotation.JsonAutoDetect$Visibility
1821:             6            192  com.fasterxml.jackson.core.JsonParser$NumberType
1822:             4            192  com.fasterxml.jackson.core.util.Separators$Spacing
1823:             3            192  com.fasterxml.jackson.databind.cfg.ConfigOverrides
1824:            12            192  com.fasterxml.jackson.databind.node.IntNode
1825:             4            192  com.fasterxml.jackson.databind.ser.impl.ReadOnlyClassToSerializerMap$Bucket
1826:             8            192  com.google.inject.matcher.Matchers$IdenticalTo
1827:             4            192  com.sun.jmx.mbeanserver.DefaultMXBeanMappingFactory$ArrayMapping (java.management@21.0.6)
1828:             4            192  com.sun.jmx.mbeanserver.DefaultMXBeanMappingFactory$EnumMapping (java.management@21.0.6)
1829:             6            192  io.grpc.internal.KeepAliveManager$State
1830:             2            192  io.grpc.internal.MessageFramer
1831:             2            192  io.grpc.internal.ServerImpl$ServerTransportListenerImpl$1HandleServerCall
1832:             2            192  io.netty.buffer.PooledByteBufAllocator
1833:             4            192  io.undertow.server.handlers.cache.LRUCache$CacheEntry
1834:             8            192  jakarta.ws.rs.core.MultivaluedHashMap
1835:             6            192  jakarta.ws.rs.core.Response$Status$Family
1836:             4            192  java.io.FileOutputStream (java.base@21.0.6)
1837:             6            192  java.lang.StringBuilder (java.base@21.0.6)
1838:             6            192  java.lang.Thread$State (java.base@21.0.6)
1839:             3            192  java.lang.ThreadGroup (java.base@21.0.6)
1840:             3            192  java.lang.invoke.BoundMethodHandle$Species_LI (java.base@21.0.6)
1841:             3            192  java.lang.invoke.VarHandleReferences$Array (java.base@21.0.6)
1842:             4            192  java.security.MessageDigest$Delegate$CloneableDelegate (java.base@21.0.6)
1843:             3            192  jdk.internal.foreign.layout.ValueLayouts$OfFloatImpl (java.base@21.0.6)
1844:             3            192  jdk.internal.foreign.layout.ValueLayouts$OfIntImpl (java.base@21.0.6)
1845:             6            192  jdk.internal.perf.PerfCounter (java.base@21.0.6)
1846:             2            192  kotlin.collections.builders.MapBuilder
1847:             8            192  kotlin.reflect.jvm.internal.impl.builtins.PrimitiveType$$Lambda$0
1848:             8            192  kotlin.reflect.jvm.internal.impl.builtins.PrimitiveType$$Lambda$1
1849:             8            192  kotlin.reflect.jvm.internal.impl.descriptors.impl.AbstractTypeParameterDescriptor$2$1
1850:             4            192  kotlin.reflect.jvm.internal.impl.descriptors.impl.EnumEntrySyntheticClassDescriptor$EnumEntryScope
1851:             8            192  kotlin.reflect.jvm.internal.impl.load.kotlin.JvmType$Primitive
1852:             6            192  kotlin.reflect.jvm.internal.impl.load.kotlin.header.KotlinClassHeader$Kind
1853:             6            192  kotlin.reflect.jvm.internal.impl.metadata.ProtoBuf$Visibility
1854:             4            192  org.bouncycastle.crypto.params.DSAParameters
1855:             6            192  org.bouncycastle.pqc.jcajce.provider.dilithium.DilithiumKeyFactorySpi
1856:             4            192  org.glassfish.hk2.utilities.cache.LRUHybridCache
1857:             8            192  org.glassfish.jersey.internal.util.collection.Values$InstanceValue
1858:             6            192  org.glassfish.jersey.jackson.internal.jackson.jaxrs.cfg.JaxRSFeature
1859:             2            192  org.glassfish.jersey.jackson.internal.jackson.jaxrs.json.JsonEndpointConfig
1860:             6            192  org.jboss.logging.Logger$Level
1861:             4            192  org.jvnet.hk2.internal.FactoryCreator
1862:             8            192  org.xnio.ChannelListeners$10
1863:             8            192  org.xnio.nio.NioTcpServerHandle$1
1864:             8            192  org.xnio.nio.QueuedNioTcpServer2$$Lambda/0x00007fcc10773f20
1865:             8            192  org.xnio.nio.QueuedNioTcpServer2$$Lambda/0x00007fcc10774138
1866:             8            192  org.xnio.nio.QueuedNioTcpServer2$$Lambda/0x00007fcc10774570
1867:             6            192  sun.security.util.DisabledAlgorithmConstraints$Constraint$Operator (java.base@21.0.6)
1868:             6            192  sun.security.x509.AccessDescription (java.base@21.0.6)
1869:             3            184  [Ljava.lang.invoke.LambdaForm$BasicType; (java.base@21.0.6)
1870:             1            184  [Lorg.glassfish.jersey.server.internal.ServerTraceEvent;
1871:             1            184  com.aerospike.client.cluster.Node
1872:             1            184  com.aerospike.vector.index.IndexService
1873:             1            184  com.aerospike.vector.index.StandaloneIndexWorker
1874:             1            184  com.aerospike.vector.index.merge.worker.WorkerBatchMergeJob
1875:             1            184  io.undertow.server.protocol.http.HttpServerConnection
1876:             1            184  java.util.logging.LogManager$Cleaner (java.logging@21.0.6)
1877:             1            184  jdk.internal.loader.ClassLoaders$AppClassLoader (java.base@21.0.6)
1878:             1            184  jdk.internal.loader.ClassLoaders$BootClassLoader (java.base@21.0.6)
1879:             1            184  jdk.internal.loader.ClassLoaders$PlatformClassLoader (java.base@21.0.6)
1880:             2            176  [Ljava.nio.file.attribute.PosixFilePermission; (java.base@21.0.6)
1881:             2            176  io.grpc.Context$CancellableContext
1882:             2            176  io.grpc.InternalChannelz$ServerSocketMap
1883:             2            176  io.grpc.internal.ServerCallImpl
1884:             1            176  io.undertow.servlet.core.DeploymentImpl
1885:             1            176  java.lang.ref.Finalizer$FinalizerThread (java.base@21.0.6)
1886:             1            176  java.lang.ref.Reference$ReferenceHandler (java.base@21.0.6)
1887:             1            176  jdk.internal.misc.InnocuousThread (java.base@21.0.6)
1888:             2            176  kotlin.reflect.jvm.internal.KMutableProperty1Impl$Setter
1889:             1            176  kotlin.reflect.jvm.internal.impl.descriptors.impl.ClassConstructorDescriptorImpl
1890:             2            176  org.glassfish.jersey.jackson.internal.jackson.jaxrs.util.LRUMap
1891:             1            168  [Lcom.fasterxml.jackson.core.JsonParser$Feature;
1892:             6            168  [Lcom.fasterxml.jackson.databind.ser.Serializers;
1893:             7            168  [Lcom.google.protobuf.Descriptors$ServiceDescriptor;
1894:             1            168  [Lkotlin.reflect.jvm.internal.impl.util.Checks;
1895:             3            168  [Lsun.invoke.util.ValueConversions$WrapperCache; (java.base@21.0.6)
1896:             1            168  [Lsun.security.util.ObjectIdentifier; (java.base@21.0.6)
1897:             1            168  [Lsun.util.locale.BaseLocale; (java.base@21.0.6)
1898:             1            168  [[Ljava.lang.Byte; (java.base@21.0.6)
1899:             7            168  ch.qos.logback.classic.Level
1900:             3            168  com.aerospike.vector.client.proto.ProjectionSpec
1901:             1            168  com.aerospike.vector.exchange.ExchangeService
1902:             3            168  com.aerospike.vector.index.IndexCatalog$cancellableFlow$1
1903:             3            168  com.aerospike.vector.index.IndexLog$cancellableFlow$1
1904:             3            168  com.aerospike.vector.index.IndexLog$flushToStore$1$1
1905:             1            168  com.aerospike.vector.index.Indexer
1906:             3            168  com.aerospike.vector.storage.index.AerospikeIndexMetaStore$storeIndexLogGeneric$3
1907:             7            168  com.codahale.metrics.jvm.MemoryUsageGaugeSet$$Lambda/0x00007fcc10336a20
1908:             7            168  com.codahale.metrics.jvm.MemoryUsageGaugeSet$$Lambda/0x00007fcc10336c38
1909:             7            168  com.codahale.metrics.jvm.MemoryUsageGaugeSet$$Lambda/0x00007fcc10336e50
1910:             7            168  com.codahale.metrics.jvm.MemoryUsageGaugeSet$$Lambda/0x00007fcc10337068
1911:             7            168  com.cronutils.parser.FieldParser
1912:             3            168  com.fasterxml.jackson.databind.cfg.DeserializerFactoryConfig
1913:             1            168  com.fasterxml.jackson.dataformat.yaml.YAMLFactory
1914:             3            168  com.google.common.io.BaseEncoding$Base64Encoding
1915:             3            168  java.io.BufferedWriter (java.base@21.0.6)
1916:             3            168  java.lang.invoke.VarHandleBooleans$FieldInstanceReadWrite (java.base@21.0.6)
1917:             7            168  java.util.concurrent.ConcurrentHashMap$EntrySetView (java.base@21.0.6)
1918:             7            168  java.util.regex.Pattern$$Lambda/0x00007fcc10060ec0 (java.base@21.0.6)
1919:             1            168  jdk.internal.jimage.ImageReader$SharedImageReader (java.base@21.0.6)
1920:             7            168  jdk.proxy1.$Proxy49 (jdk.proxy1)
1921:             7            168  jdk.proxy2.$Proxy59 (jdk.proxy2)
1922:             7            168  kotlin.ULong
1923:             7            168  kotlin.jvm.internal.Ref$ObjectRef
1924:             7            168  kotlin.reflect.jvm.internal.KCallableImpl$$Lambda$6
1925:             7            168  kotlinx.coroutines.sync.MutexImpl$$Lambda/0x00007fcc10559e40
1926:             7            168  kotlinx.coroutines.sync.SemaphoreAndMutexImpl$$Lambda/0x00007fcc10559a38
1927:             3            168  net.engio.mbassy.bus.MessagePublication
1928:             7            168  org.bouncycastle.asn1.ASN1Tag
1929:             1            168  sun.nio.ch.SocketChannelImpl (java.base@21.0.6)
1930:             1            160  [Lcom.aerospike.client.Operation$Type;
1931:             2            160  [Lcom.aerospike.vector.client.proto.StandaloneIndexState;
1932:             5            160  [Lcom.aerospike.vector.config.InterconnectChannelType;
1933:             2            160  [Lcom.cronutils.model.field.CronFieldName;
1934:             2            160  [Lcom.google.common.cache.LocalCache$EntryFactory;
1935:             2            160  [Lkotlin.reflect.jvm.internal.impl.builtins.PrimitiveType;
1936:             1            160  [Lkotlin.reflect.jvm.internal.impl.protobuf.WireFormat$FieldType;
1937:             2            160  [Lorg.glassfish.jersey.internal.guava.LocalCache$EntryFactory;
1938:             2            160  ch.qos.logback.classic.encoder.PatternLayoutEncoder
1939:             5            160  ch.qos.logback.core.pattern.parser.TokenStream$TokenizerState
1940:             4            160  ch.qos.logback.core.util.CachingDateFormatter
1941:             5            160  com.aerospike.client.async.EventLoopType
1942:             5            160  com.aerospike.client.policy.RecordExistsAction
1943:             5            160  com.aerospike.client.policy.Replica
1944:             5            160  com.aerospike.client.util.RandomShift
1945:             2            160  com.aerospike.vector.index.BatchIndexMergeRequest
1946:             2            160  com.aerospike.vector.index.PerIndexData
1947:             2            160  com.aerospike.vector.index.cache.IndexCacheCoordinator$updateIndicesCentroids$1
1948:             2            160  com.aerospike.vector.index.merge.coordinator.CoordinatorBatchCopyJob
1949:             4            160  com.aerospike.vector.index.scan.Scanner$ScanPageListener
1950:             2            160  com.aerospike.vector.metrics.ConnectionMetrics
1951:             5            160  com.codahale.metrics.ChunkedAssociativeLongArray
1952:             4            160  com.cronutils.model.field.CronField
1953:             5            160  com.fasterxml.jackson.annotation.Nulls
1954:             5            160  com.fasterxml.jackson.core.JsonFactory$Feature
1955:             4            160  com.fasterxml.jackson.core.StreamReadCapability
1956:             4            160  com.fasterxml.jackson.databind.cfg.SerializerFactoryConfig
1957:             2            160  com.fasterxml.jackson.databind.deser.std.StringCollectionDeserializer
1958:             4            160  com.fasterxml.jackson.databind.util.TypeKey
1959:             5            160  com.github.benmanes.caffeine.cache.FrequencySketch
1960:             5            160  com.github.benmanes.caffeine.cache.WriteOrderDeque
1961:             4            160  com.google.protobuf.Descriptors$FileDescriptor$Syntax
1962:             1            160  com.sun.crypto.provider.SunJCE (java.base@21.0.6)
1963:             1            160  com.sun.security.sasl.Provider (java.security.sasl@21.0.6)
1964:             1            160  com.sun.security.sasl.gsskerb.JdkSASL (jdk.security.jgss@21.0.6)
1965:             5            160  io.grpc.ConnectivityState
1966:             5            160  io.grpc.Context
1967:             4            160  io.grpc.Context$ExecutableListener
1968:             5            160  io.grpc.MethodDescriptor$MethodType
1969:             2            160  io.grpc.netty.NettyServerStream
1970:             2            160  io.netty.buffer.UnpooledByteBufAllocator$InstrumentedUnpooledUnsafeDirectByteBuf
1971:             5            160  io.netty.util.concurrent.DefaultEventExecutorChooserFactory$PowerOfTwoEventExecutorChooser
1972:             5            160  io.netty.util.internal.logging.InternalLogLevel
1973:             2            160  io.undertow.server.DefaultByteBufferPool
1974:             5            160  jakarta.servlet.DispatcherType
1975:             5            160  jakarta.servlet.http.MappingMatch
1976:             1            160  java.lang.invoke.BoundMethodHandle$Species_LLLLLLLLLLLLLL (java.base@21.0.6)
1977:             4            160  java.lang.module.ModuleDescriptor$Opens (java.base@21.0.6)
1978:             5            160  java.time.format.SignStyle (java.base@21.0.6)
1979:             5            160  java.util.concurrent.ConcurrentLinkedDeque (java.base@21.0.6)
1980:             5            160  java.util.regex.Pattern$CharProperty (java.base@21.0.6)
1981:             5            160  java.util.stream.StreamOpFlag$Type (java.base@21.0.6)
1982:             2            160  javax.management.openmbean.TabularType (java.management@21.0.6)
1983:             5            160  jdk.incubator.vector.VectorOperators$TestImpl (jdk.incubator.vector@21.0.6)
1984:             5            160  kotlin.KotlinVersion
1985:             5            160  kotlin.reflect.jvm.internal.impl.builtins.jvm.JvmBuiltInsCustomizer$JDKMemberStatus
1986:             4            160  kotlin.reflect.jvm.internal.impl.descriptors.runtime.structure.ReflectJavaValueParameter
1987:             5            160  kotlin.reflect.jvm.internal.impl.load.java.JavaDefaultQualifiers
1988:             4            160  kotlin.reflect.jvm.internal.impl.storage.LockBasedStorageManager$CacheWithNullableValuesBasedOnMemoizedFunction
1989:             5            160  kotlin.reflect.jvm.internal.impl.types.SimpleTypeWithAttributes
1990:             5            160  kotlin.reflect.jvm.internal.impl.types.error.ErrorScope
1991:             4            160  kotlinx.coroutines.channels.BufferedChannel$BufferedChannelIterator
1992:             5            160  kotlinx.coroutines.scheduling.CoroutineScheduler$WorkerState
1993:             5            160  org.bouncycastle.jcajce.provider.asymmetric.ec.KeyFactorySpi$ECMQV
1994:             2            160  org.glassfish.hk2.utilities.cache.internal.WeakCARCacheImpl
1995:             5            160  org.glassfish.jersey.internal.util.ExtendedLogger
1996:             5            160  org.glassfish.jersey.message.internal.HttpHeaderReader$Event
1997:             1            160  org.glassfish.jersey.server.ServerBootstrapBag
1998:             1            160  org.glassfish.jersey.server.internal.ProcessingProviders
1999:             1            160  org.jcp.xml.dsig.internal.dom.XMLDSigRI (java.xml.crypto@21.0.6)
2000:             5            160  picocli.CommandLine$ParseResult$GroupValidationResult$Type
2001:             1            160  sun.security.ec.SunEC (jdk.crypto.ec@21.0.6)
2002:             1            160  sun.security.jca.ProviderList$1 (java.base@21.0.6)
2003:             5            160  sun.security.jca.ServiceId (java.base@21.0.6)
2004:             1            160  sun.security.jgss.SunProvider (java.security.jgss@21.0.6)
2005:             1            160  sun.security.provider.certpath.ldap.JdkLDAP (java.naming@21.0.6)
2006:             1            160  sun.security.rsa.SunRsaSign (java.base@21.0.6)
2007:             1            160  sun.security.smartcardio.SunPCSC (java.smartcardio@21.0.6)
2008:             1            160  sun.security.ssl.SunJSSE (java.base@21.0.6)
2009:             4            160  sun.security.x509.BasicConstraintsExtension (java.base@21.0.6)
2010:             5            160  sun.security.x509.CertificateExtensions (java.base@21.0.6)
2011:             5            160  sun.security.x509.CertificateValidity (java.base@21.0.6)
2012:             5            160  sun.security.x509.PolicyInformation (java.base@21.0.6)
2013:             1            152  com.aerospike.client.async.AsyncBatchSingle$DeleteSequenceSent
2014:             1            152  com.aerospike.vector.cluster.PaxosProposer
2015:             1            152  com.aerospike.vector.heartbeat.AdjacencyMonitor
2016:             1            152  com.aerospike.vector.index.cache.IndexCacheCoordinator
2017:             1            152  io.undertow.servlet.spec.ServletContextImpl
2018:             1            152  kotlin.reflect.jvm.internal.impl.serialization.deserialization.builtins.BuiltInSerializerProtocol
2019:             1            152  sun.util.cldr.CLDRLocaleProviderAdapter (java.base@21.0.6)
2020:             2            144  [Lcom.aerospike.vector.client.proto.NodeRole;
2021:             1            144  [Lio.netty.handler.codec.http.HttpMethod$EnumNameMap$Node;
2022:             1            144  [Ljava.time.temporal.ChronoUnit; (java.base@21.0.6)
2023:             2            144  [Lkotlin.reflect.jvm.internal.impl.metadata.ProtoBuf$Class$Kind;
2024:             1            144  [Lorg.glassfish.jersey.message.internal.MsgTraceEvent;
2025:             2            144  ch.qos.logback.classic.pattern.LoggerConverter
2026:             6            144  com.aerospike.vector.client.proto.TransactServiceGrpc$MethodHandlers
2027:             6            144  com.aerospike.vector.client.proto.TransactServiceGrpc$TransactServiceMethodDescriptorSupplier
2028:             6            144  com.aerospike.vector.cluster.ClusterId
2029:             1            144  com.aerospike.vector.embedded.client.config.ClientPolicyConfig
2030:             2            144  com.aerospike.vector.heartbeat.AdjacentNode
2031:             1            144  com.aerospike.vector.index.IndexCleaner
2032:             6            144  com.aerospike.vector.index.JobStatus
2033:             6            144  com.aerospike.vector.index.TransactServiceInternalGrpc$MethodHandlers
2034:             6            144  com.aerospike.vector.index.TransactServiceInternalGrpc$TransactServiceInternalMethodDescriptorSupplier
2035:             2            144  com.aerospike.vector.index.hnsw.store.PersistentHnswGraphStore
2036:             1            144  com.aerospike.vector.index.merge.coordinator.IndexMergeCoordinator
2037:             2            144  com.aerospike.vector.index.merge.worker.WorkerBatchMergeJob$1
2038:             3            144  com.aerospike.vector.index.metrics.IndexMetricsRegistry
2039:             6            144  com.aerospike.vector.index.metrics.PerIndexMetrics$$Lambda/0x00007fcc108a8648
2040:             6            144  com.aerospike.vector.index.metrics.PerIndexMetrics$$Lambda/0x00007fcc108a8860
2041:             6            144  com.aerospike.vector.index.metrics.PerIndexMetrics$$Lambda/0x00007fcc108a8a78
2042:             6            144  com.aerospike.vector.index.metrics.PerIndexMetrics$$Lambda/0x00007fcc108a8c90
2043:             6            144  com.aerospike.vector.index.metrics.PerIndexMetrics$$Lambda/0x00007fcc108a8ea8
2044:             6            144  com.aerospike.vector.index.metrics.PerIndexMetrics$$Lambda/0x00007fcc108a94f0
2045:             6            144  com.aerospike.vector.index.metrics.PerIndexMetrics$$Lambda/0x00007fcc108a9708
2046:             6            144  com.aerospike.vector.index.metrics.PerIndexMetrics$$Lambda/0x00007fcc108a9920
2047:             6            144  com.aerospike.vector.index.metrics.PerIndexMetrics$$Lambda/0x00007fcc108a9b38
2048:             6            144  com.aerospike.vector.index.metrics.PerIndexMetrics$$Lambda/0x00007fcc108a9f68
2049:             6            144  com.aerospike.vector.index.metrics.PerIndexMetrics$$Lambda/0x00007fcc108aa398
2050:             6            144  com.aerospike.vector.index.metrics.PerIndexMetrics$$Lambda/0x00007fcc108aa5b0
2051:             6            144  com.aerospike.vector.index.metrics.PerIndexMetrics$$Lambda/0x00007fcc108aa7c8
2052:             6            144  com.aerospike.vector.index.metrics.PerIndexMetrics$$Lambda/0x00007fcc108ab888
2053:             6            144  com.aerospike.vector.index.metrics.PerIndexMetrics$$Lambda/0x00007fcc108abaa0
2054:             6            144  com.aerospike.vector.index.metrics.PerIndexMetrics$$Lambda/0x00007fcc108abcb8
2055:             6            144  com.aerospike.vector.index.metrics.PerIndexMetrics$$Lambda/0x00007fcc108abed0
2056:             6            144  com.aerospike.vector.index.metrics.PerIndexMetrics$$Lambda/0x00007fcc108ac518
2057:             6            144  com.aerospike.vector.index.metrics.PerIndexMetrics$$Lambda/0x00007fcc108ac730
2058:             6            144  com.aerospike.vector.index.metrics.PerIndexMetrics$$Lambda/0x00007fcc108ac948
2059:             6            144  com.aerospike.vector.index.metrics.PerIndexMetrics$$Lambda/0x00007fcc108acb60
2060:             6            144  com.aerospike.vector.index.metrics.PerIndexMetrics$$Lambda/0x00007fcc108acd78
2061:             6            144  com.aerospike.vector.index.metrics.PerIndexMetrics$$Lambda/0x00007fcc108acf90
2062:             6            144  com.aerospike.vector.index.metrics.PerIndexMetrics$$Lambda/0x00007fcc108ae8b0
2063:             6            144  com.aerospike.vector.index.metrics.PerIndexMetrics$$Lambda/0x00007fcc108b0218
2064:             1            144  com.aerospike.vector.server.grpc.GrpcInterconnectServer
2065:             2            144  com.aerospike.vector.server.grpc.service.internal.ServiceScopeLauncher$launch$1
2066:             2            144  com.aerospike.vector.storage.AerospikeStorageKvs$asyncFetchChunk$1
2067:             2            144  com.aerospike.vector.storage.AerospikeStorageKvs$asyncFetchChunk$2
2068:             3            144  com.fasterxml.jackson.core.Version
2069:             3            144  com.fasterxml.jackson.core.sym.ByteQuadsCanonicalizer$TableInfo
2070:             2            144  com.fasterxml.jackson.core.util.Separators
2071:             3            144  com.fasterxml.jackson.databind.cfg.CoercionConfigs
2072:             6            144  com.fasterxml.jackson.databind.ser.std.ToStringSerializer
2073:             3            144  com.fasterxml.jackson.databind.util.EnumResolver
2074:             6            144  com.github.benmanes.caffeine.cache.BoundedBuffer
2075:             6            144  com.github.benmanes.caffeine.cache.BoundedLocalCache$$Lambda/0x00007fcc104cec28
2076:             6            144  com.google.inject.assistedinject.BindingCollector
2077:             6            144  com.google.protobuf.FieldSet
2078:             6            144  com.sun.proxy.jdk.proxy1.$Proxy2 (jdk.proxy1)
2079:             3            144  io.netty.buffer.EmptyByteBuf
2080:             3            144  io.netty.util.concurrent.DefaultThreadFactory
2081:             6            144  io.netty.util.concurrent.MultithreadEventExecutorGroup$1
2082:             2            144  io.undertow.servlet.core.ManagedServlet
2083:             2            144  io.undertow.servlet.core.ManagedServlet$DefaultInstanceStrategy
2084:             3            144  java.io.FileInputStream (java.base@21.0.6)
2085:             2            144  java.io.PrintStream (java.base@21.0.6)
2086:             9            144  java.lang.ClassValue$Identity (java.base@21.0.6)
2087:             3            144  java.lang.Runtime$Version (java.base@21.0.6)
2088:             2            144  java.lang.invoke.MethodHandleImpl$WrappedMember (java.base@21.0.6)
2089:             2            144  java.nio.DirectIntBufferRU (java.base@21.0.6)
2090:             6            144  java.util.Collections$UnmodifiableMap$UnmodifiableEntrySet (java.base@21.0.6)
2091:             3            144  java.util.HexFormat (java.base@21.0.6)
2092:             2            144  java.util.Locale$Category (java.base@21.0.6)
2093:             6            144  java.util.TreeSet (java.base@21.0.6)
2094:             3            144  java.util.concurrent.ScheduledThreadPoolExecutor$DelayedWorkQueue (java.base@21.0.6)
2095:             6            144  java.util.regex.Pattern$$Lambda/0x00007fcc10061140 (java.base@21.0.6)
2096:             3            144  javax.management.MBeanConstructorInfo (java.management@21.0.6)
2097:             2            144  jdk.internal.foreign.layout.ValueLayouts$OfAddressImpl (java.base@21.0.6)
2098:             6            144  jdk.proxy2.$Proxy21 (jdk.proxy2)
2099:             6            144  jdk.proxy2.$Proxy24 (jdk.proxy2)
2100:             6            144  jdk.proxy2.$Proxy6 (jdk.proxy2)
2101:             3            144  kotlin.reflect.jvm.internal.impl.serialization.deserialization.descriptors.DeserializedClassDescriptor$EnumEntryClassDescriptors
2102:             6            144  kotlin.reflect.jvm.internal.impl.types.TypeAttributes
2103:             3            144  kotlin.reflect.jvm.internal.impl.types.Variance
2104:             3            144  kotlinx.coroutines.internal.LockFreeTaskQueueCore
2105:             6            144  org.glassfish.jersey.internal.guava.LocalCache$LocalManualCache
2106:             2            144  org.glassfish.jersey.internal.util.collection.KeyComparatorHashMap
2107:             6            144  org.glassfish.jersey.internal.util.collection.LRU$LRUFactory$1
2108:             6            144  org.xnio.nio.Log_$logger
2109:             3            144  sun.net.spi.DefaultProxySelector$NonProxyInfo (java.base@21.0.6)
2110:             6            144  sun.nio.fs.NativeBuffer$Deallocator (java.base@21.0.6)
2111:             1            144  sun.reflect.misc.MethodUtil (java.base@21.0.6)
2112:             3            144  sun.security.x509.CRLDistributionPointsExtension (java.base@21.0.6)
2113:             3            144  sun.security.x509.DistributionPoint (java.base@21.0.6)
2114:             1            144  sun.util.locale.provider.JRELocaleProviderAdapter (java.base@21.0.6)
2115:             2            136  [Lsun.security.jca.ProviderConfig; (java.base@21.0.6)
2116:             1            136  com.aerospike.vector.heartbeat.HeartbeatTransmitter
2117:             1            136  com.aerospike.vector.interconnect.InterconnectChannelProvider
2118:             1            136  com.aerospike.vector.server.grpc.GrpcVectorDbServer
2119:             1            136  java.lang.invoke.BoundMethodHandle$Species_LLLLLLLLLLL (java.base@21.0.6)
2120:             2            128  [Lcom.aerospike.vector.client.proto.VectorDistanceMetric;
2121:             2            128  [Lcom.aerospike.vector.client.proto.WriteType;
2122:             2            128  [Lio.netty.handler.codec.http.HttpStatusClass;
2123:             2            128  [Ljava.lang.OutOfMemoryError; (java.base@21.0.6)
2124:             1            128  [Ljavax.management.openmbean.SimpleType; (java.management@21.0.6)
2125:             2            128  [Lkotlin.reflect.jvm.internal.impl.metadata.ProtoBuf$Visibility;
2126:             1            128  [Lkotlin.reflect.jvm.internal.impl.renderer.DescriptorRendererModifier;
2127:             1            128  [Lorg.glassfish.jersey.server.monitoring.RequestEvent$Type;
2128:             2            128  [[Ljava.lang.invoke.MethodHandle; (java.base@21.0.6)
2129:             4            128  ch.qos.logback.core.pattern.parser.Token
2130:             4            128  ch.qos.logback.core.util.CachingDateFormatter$CacheTuple
2131:             1            128  com.aerospike.client.AerospikeClient
2132:             4            128  com.aerospike.client.BatchRecord$Type
2133:             4            128  com.aerospike.client.Log$Level
2134:             4            128  com.aerospike.client.cluster.Partitions
2135:             4            128  com.aerospike.client.policy.AuthMode
2136:             4            128  com.aerospike.client.policy.ReadModeSC
2137:             2            128  com.aerospike.vector.client.proto.AboutResponse
2138:             4            128  com.aerospike.vector.client.proto.ProjectionType
2139:             4            128  com.aerospike.vector.cluster.JoinRequestResult
2140:             4            128  com.aerospike.vector.cluster.events.StateChangeQualifier
2141:             4            128  com.aerospike.vector.exchange.ExchangeState
2142:             4            128  com.aerospike.vector.index.IndexLogEntry$OperationCase
2143:             1            128  com.aerospike.vector.index.StandaloneIndexCoordinator
2144:             4            128  com.aerospike.vector.index.cache.FuzzyExpiry
2145:             1            128  com.aerospike.vector.index.merge.coordinator.CoordinatorBatchMergeJob
2146:             4            128  com.fasterxml.jackson.annotation.JsonCreator$Mode
2147:             4            128  com.fasterxml.jackson.annotation.JsonProperty$Access
2148:             2            128  com.fasterxml.jackson.databind.ObjectWriter
2149:             4            128  com.fasterxml.jackson.databind.cfg.CoercionAction
2150:             4            128  com.fasterxml.jackson.databind.cfg.ConstructorDetector$SingleArgConstructor
2151:             1            128  com.fasterxml.jackson.databind.deser.impl.SetterlessProperty
2152:             2            128  com.fasterxml.jackson.module.kotlin.ReflectionCache
2153:             4            128  com.github.benmanes.caffeine.cache.TimerWheel
2154:             4            128  com.google.inject.internal.Initializer$InjectableReferenceState
2155:             4            128  com.google.inject.internal.InternalFlags$CustomClassLoadingOption
2156:             2            128  com.google.protobuf.DescriptorProtos$EnumValueOptions
2157:             4            128  io.grpc.CallOptions$Key
2158:             4            128  io.grpc.ChannelLogger$ChannelLogLevel
2159:             4            128  io.grpc.InternalChannelz$ChannelTrace$Event$Severity
2160:             4            128  io.grpc.internal.ClientStreamListener$RpcProgress
2161:             2            128  io.grpc.internal.ServerImpl$JumpToApplicationThreadServerStreamListener
2162:             4            128  io.grpc.netty.Utils$DefaultEventLoopGroupResource
2163:             4            128  io.netty.channel.DefaultChannelPipeline$AddStrategy
2164:             2            128  io.netty.channel.group.DefaultChannelGroup
2165:             4            128  io.netty.util.ResourceLeakDetector$Level
2166:             4            128  io.undertow.security.impl.SecurityContextImpl$AuthenticationState
2167:             8            128  io.undertow.server.ConnectorStatisticsImpl$BytesReceivedAccumulator
2168:             8            128  io.undertow.server.ConnectorStatisticsImpl$BytesSentAccumulator
2169:             1            128  io.undertow.server.session.InMemorySessionManager
2170:             4            128  io.undertow.servlet.api.TransportGuaranteeType
2171:             4            128  io.undertow.servlet.handlers.ServletChain$1
2172:             4            128  io.undertow.servlet.handlers.security.ServletSecurityRoleHandler
2173:             2            128  java.lang.ModuleLayer (java.base@21.0.6)
2174:             2            128  java.lang.module.Configuration (java.base@21.0.6)
2175:             4            128  java.lang.module.ModuleDescriptor$Modifier (java.base@21.0.6)
2176:             4            128  java.lang.module.ModuleDescriptor$Requires$Modifier (java.base@21.0.6)
2177:             4            128  java.text.Normalizer$Form (java.base@21.0.6)
2178:             4            128  java.time.format.DateTimeFormatterBuilder$OffsetIdPrinterParser (java.base@21.0.6)
2179:             4            128  java.time.format.DateTimeFormatterBuilder$SettingsParser (java.base@21.0.6)
2180:             2            128  java.time.format.DateTimeFormatterBuilder$ZoneTextPrinterParser (java.base@21.0.6)
2181:             4            128  java.util.concurrent.Executors$RunnableAdapter (java.base@21.0.6)
2182:             4            128  java.util.regex.Pattern$Qtype (java.base@21.0.6)
2183:             4            128  java.util.stream.StreamShape (java.base@21.0.6)
2184:             2            128  jdk.internal.foreign.layout.ValueLayouts$OfByteImpl (java.base@21.0.6)
2185:             2            128  jdk.internal.foreign.layout.ValueLayouts$OfCharImpl (java.base@21.0.6)
2186:             2            128  jdk.internal.foreign.layout.ValueLayouts$OfDoubleImpl (java.base@21.0.6)
2187:             2            128  jdk.internal.foreign.layout.ValueLayouts$OfLongImpl (java.base@21.0.6)
2188:             2            128  jdk.internal.foreign.layout.ValueLayouts$OfShortImpl (java.base@21.0.6)
2189:             4            128  jdk.internal.logger.BootstrapLogger$LoggingBackend (java.base@21.0.6)
2190:             4            128  jdk.internal.util.OperatingSystem (java.base@21.0.6)
2191:             4            128  jdk.jfr.internal.SecuritySupport$SafePath (jdk.jfr@21.0.6)
2192:             8            128  kotlin.reflect.jvm.internal.impl.builtins.ReflectionTypes$ClassLookup
2193:             4            128  kotlin.reflect.jvm.internal.impl.descriptors.CallableMemberDescriptor$Kind
2194:             4            128  kotlin.reflect.jvm.internal.impl.descriptors.Modality
2195:             4            128  kotlin.reflect.jvm.internal.impl.descriptors.impl.EnumEntrySyntheticClassDescriptor$EnumEntryScope$1
2196:             4            128  kotlin.reflect.jvm.internal.impl.descriptors.impl.EnumEntrySyntheticClassDescriptor$EnumEntryScope$2
2197:             4            128  kotlin.reflect.jvm.internal.impl.descriptors.impl.EnumEntrySyntheticClassDescriptor$EnumEntryScope$3
2198:             4            128  kotlin.reflect.jvm.internal.impl.descriptors.runtime.structure.ReflectJavaClassifierType
2199:             4            128  kotlin.reflect.jvm.internal.impl.load.java.descriptors.JavaMethodDescriptor$ParameterNamesStatus
2200:             4            128  kotlin.reflect.jvm.internal.impl.metadata.ProtoBuf$MemberKind
2201:             4            128  kotlin.reflect.jvm.internal.impl.metadata.ProtoBuf$Modality
2202:             4            128  kotlin.reflect.jvm.internal.impl.metadata.ProtoBuf$Type$Argument$Projection
2203:             4            128  kotlin.reflect.jvm.internal.impl.metadata.deserialization.Flags$EnumLiteFlagField
2204:             4            128  kotlin.reflect.jvm.internal.impl.resolve.sam.SamConversionResolverImpl
2205:             4            128  kotlin.reflect.jvm.internal.impl.serialization.deserialization.AnnotatedCallableKind
2206:             4            128  kotlin.reflect.jvm.internal.impl.serialization.deserialization.descriptors.DeserializedClassDescriptor$EnumEntryClassDescriptors$$Lambda$2
2207:             4            128  kotlinx.coroutines.CoroutineStart
2208:             2            128  kotlinx.coroutines.JobCancellationException
2209:             4            128  net.engio.mbassy.bus.MessagePublication$State
2210:             4            128  org.apache.commons.math3.ml.clustering.KMeansPlusPlusClusterer$EmptyClusterStrategy
2211:             4            128  org.bouncycastle.crypto.CryptoServicesPermission
2212:             4            128  org.bouncycastle.crypto.params.DSAValidationParameters
2213:             2            128  org.glassfish.jersey.internal.ServiceFinderBinder
2214:             2            128  org.glassfish.jersey.server.model.internal.ModelProcessorUtil$Method
2215:             4            128  org.glassfish.jersey.uri.internal.TemplateVariable$Position
2216:             4            128  org.slf4j.helpers.BasicMarker
2217:             4            128  org.yaml.snakeyaml.nodes.NodeId
2218:             4            128  picocli.CommandLine$TraceLevel
2219:             2            128  sun.nio.ch.IOVecWrapper (java.base@21.0.6)
2220:             4            128  sun.security.provider.DRBG (java.base@21.0.6)
2221:             4            128  sun.security.provider.certpath.X509CertPath (java.base@21.0.6)
2222:             5            120  [Lcom.aerospike.client.async.AsyncScanPartition;
2223:             1            120  [Lcom.fasterxml.jackson.core.JsonGenerator$Feature;
2224:             1            120  [Lcom.fasterxml.jackson.core.JsonToken;
2225:             1            120  [Lcom.fasterxml.jackson.databind.type.LogicalType;
2226:             4            120  [Lcom.google.protobuf.Descriptors$EnumDescriptor;
2227:             2            120  [Lkotlin.reflect.jvm.internal.impl.load.java.AnnotationQualifierApplicabilityType;
2228:             1            120  [Lkotlin.reflect.jvm.internal.impl.metadata.ProtoBuf$Annotation$Argument$Value$Type;
2229:             1            120  [Lorg.glassfish.jersey.uri.UriComponent$Type;
2230:             1            120  [[Z (java.base@21.0.6)
2231:             1            120  com.aerospike.client.policy.QueryPolicy
2232:             3            120  com.aerospike.vector.config.PortConfig
2233:             3            120  com.aerospike.vector.embedded.client.EventLoopProvider
2234:             1            120  com.aerospike.vector.exchange.Exchange$ExchangePayload$Builder
2235:             3            120  com.aerospike.vector.index.IndexingRecord
2236:             1            120  com.aerospike.vector.index.healer.coordinator.IndexHealerCoordinator
2237:             1            120  com.aerospike.vector.index.healer.worker.IndexHealerWorker
2238:             1            120  com.aerospike.vector.index.hnsw.store.PersistentHnswGraphStore$BreadthFirstSearch$search$1
2239:             1            120  com.aerospike.vector.index.merge.worker.IndexMergeWorker
2240:             5            120  com.aerospike.vector.index.metrics.PerIndexMetrics$$Lambda/0x00007fcc108a8000
2241:             5            120  com.aerospike.vector.index.metrics.PerIndexMetrics$$Lambda/0x00007fcc108a8218
2242:             5            120  com.aerospike.vector.index.metrics.PerIndexMetrics$$Lambda/0x00007fcc108a90c0
2243:             5            120  com.aerospike.vector.index.metrics.PerIndexMetrics$$Lambda/0x00007fcc108a92d8
2244:             5            120  com.aerospike.vector.index.metrics.PerIndexMetrics$$Lambda/0x00007fcc108a9d50
2245:             5            120  com.aerospike.vector.index.metrics.PerIndexMetrics$$Lambda/0x00007fcc108aa180
2246:             5            120  com.aerospike.vector.index.metrics.PerIndexMetrics$$Lambda/0x00007fcc108aa9e0
2247:             5            120  com.aerospike.vector.index.metrics.PerIndexMetrics$$Lambda/0x00007fcc108aabf8
2248:             5            120  com.aerospike.vector.index.metrics.PerIndexMetrics$$Lambda/0x00007fcc108aae10
2249:             5            120  com.aerospike.vector.index.metrics.PerIndexMetrics$$Lambda/0x00007fcc108ab028
2250:             5            120  com.aerospike.vector.index.metrics.PerIndexMetrics$$Lambda/0x00007fcc108ab240
2251:             5            120  com.aerospike.vector.index.metrics.PerIndexMetrics$$Lambda/0x00007fcc108ab458
2252:             5            120  com.aerospike.vector.index.metrics.PerIndexMetrics$$Lambda/0x00007fcc108ab670
2253:             5            120  com.aerospike.vector.index.metrics.PerIndexMetrics$$Lambda/0x00007fcc108ac0e8
2254:             5            120  com.aerospike.vector.index.metrics.PerIndexMetrics$$Lambda/0x00007fcc108ac300
2255:             5            120  com.aerospike.vector.index.metrics.PerIndexMetrics$$Lambda/0x00007fcc108ad1a8
2256:             5            120  com.aerospike.vector.index.metrics.PerIndexMetrics$$Lambda/0x00007fcc108ad3c0
2257:             5            120  com.aerospike.vector.index.metrics.PerIndexMetrics$$Lambda/0x00007fcc108ad5d8
2258:             5            120  com.aerospike.vector.index.metrics.PerIndexMetrics$$Lambda/0x00007fcc108ad7f0
2259:             5            120  com.aerospike.vector.index.metrics.PerIndexMetrics$$Lambda/0x00007fcc108ada08
2260:             5            120  com.aerospike.vector.index.metrics.PerIndexMetrics$$Lambda/0x00007fcc108adc20
2261:             5            120  com.aerospike.vector.index.metrics.PerIndexMetrics$$Lambda/0x00007fcc108ade38
2262:             5            120  com.aerospike.vector.index.metrics.PerIndexMetrics$$Lambda/0x00007fcc108ae050
2263:             5            120  com.aerospike.vector.index.metrics.PerIndexMetrics$$Lambda/0x00007fcc108ae268
2264:             5            120  com.aerospike.vector.index.metrics.PerIndexMetrics$$Lambda/0x00007fcc108ae480
2265:             5            120  com.aerospike.vector.index.metrics.PerIndexMetrics$$Lambda/0x00007fcc108ae698
2266:             5            120  com.aerospike.vector.index.metrics.PerIndexMetrics$$Lambda/0x00007fcc108af110
2267:             5            120  com.aerospike.vector.index.metrics.PerIndexMetrics$$Lambda/0x00007fcc108afc18
2268:             5            120  com.aerospike.vector.index.metrics.PerIndexMetrics$$Lambda/0x00007fcc108b0000
2269:             5            120  com.aerospike.vector.index.metrics.PerIndexMetrics$$Lambda/0x00007fcc108b0430
2270:             5            120  com.aerospike.vector.index.metrics.PerIndexMetrics$$Lambda/0x00007fcc108b0648
2271:             5            120  com.aerospike.vector.index.metrics.PerIndexMetrics$$Lambda/0x00007fcc108b0860
2272:             3            120  com.fasterxml.jackson.core.sym.CharsToNameCanonicalizer$TableInfo
2273:             3            120  com.fasterxml.jackson.databind.deser.DeserializerCache
2274:             1            120  com.fasterxml.jackson.databind.module.SimpleModule
2275:             3            120  com.google.common.collect.ImmutableMapEntrySet$RegularEntrySet
2276:             5            120  com.google.inject.internal.InjectorImpl$SyntheticProviderBindingImpl$1
2277:             3            120  com.google.inject.spi.ScopeBinding
2278:             5            120  com.google.protobuf.MapEntry$Metadata$1
2279:             3            120  io.netty.buffer.ReadOnlyByteBuf
2280:             3            120  io.netty.channel.epoll.EpollRecvByteAllocatorHandle
2281:             5            120  io.netty.util.Recycler$2
2282:             5            120  io.netty.util.internal.ObjectPool$RecyclerObjectPool
2283:             1            120  io.undertow.Undertow
2284:             3            120  io.undertow.server.handlers.PredicateHandler
2285:             3            120  io.undertow.server.handlers.cache.LRUCache
2286:             3            120  io.undertow.servlet.api.ServletStackTraces
2287:             5            120  io.undertow.servlet.predicate.DispatcherTypePredicate
2288:             3            120  java.io.OutputStreamWriter (java.base@21.0.6)
2289:             3            120  java.lang.invoke.MethodHandleImpl$BindCaller$InjectedInvokerHolder (java.base@21.0.6)
2290:             5            120  java.net.URLPermission$Authority (java.base@21.0.6)
2291:             5            120  java.util.concurrent.locks.ReentrantReadWriteLock$Sync$HoldCounter (java.base@21.0.6)
2292:             5            120  jdk.internal.math.FloatingDecimal$PreparedASCIIToBinaryBuffer (java.base@21.0.6)
2293:             3            120  jdk.internal.util.ClassFileDumper (java.base@21.0.6)
2294:             5            120  jdk.proxy2.$Proxy48 (jdk.proxy2)
2295:             5            120  jdk.proxy2.$Proxy63 (jdk.proxy2)
2296:             5            120  kotlin.reflect.jvm.internal.ClassValueCache
2297:             5            120  kotlin.reflect.jvm.internal.impl.descriptors.annotations.CompositeAnnotations
2298:             3            120  kotlin.reflect.jvm.internal.impl.load.java.ReportLevel
2299:             3            120  kotlin.reflect.jvm.internal.impl.load.java.SpecialGenericSignatures$TypeSafeBarrierDescription
2300:             5            120  kotlin.reflect.jvm.internal.impl.load.java.typeEnhancement.NullabilityQualifierWithMigrationStatus
2301:             3            120  kotlin.reflect.jvm.internal.impl.resolve.scopes.StaticScopeForKotlinEnum
2302:             5            120  kotlin.reflect.jvm.internal.impl.serialization.deserialization.descriptors.DeserializedClassDescriptor$$Lambda$5
2303:             5            120  kotlin.reflect.jvm.internal.impl.types.AnnotationsTypeAttribute
2304:             3            120  kotlin.reflect.jvm.internal.impl.types.model.TypeVariance
2305:             5            120  kotlin.reflect.jvm.internal.impl.util.OneElementArrayMap
2306:             3            120  kotlinx.coroutines.scheduling.WorkQueue
2307:             3            120  org.apache.commons.io.StandardLineSeparator
2308:             3            120  org.glassfish.hk2.utilities.NamedImpl
2309:             3            120  org.glassfish.hk2.utilities.cache.Cache
2310:             3            120  org.glassfish.jersey.internal.inject.Providers$ProviderRuntime
2311:             3            120  org.glassfish.jersey.internal.util.collection.Cache
2312:             3            120  org.glassfish.jersey.uri.internal.TemplateVariable$PathTemplateVariable
2313:             5            120  org.xnio.Option$10
2314:             5            120  org.xnio._private.Messages_$logger
2315:             3            120  org.yaml.snakeyaml.DumperOptions$FlowStyle
2316:             5            120  sun.security.util.BitArray (java.base@21.0.6)
2317:             5            120  sun.security.util.Cache$EqualByteArray (java.base@21.0.6)
2318:             3            120  sun.security.x509.AuthorityInfoAccessExtension (java.base@21.0.6)
2319:             5            120  sun.security.x509.CertificateAlgorithmId (java.base@21.0.6)
2320:             3            120  sun.security.x509.CertificatePoliciesExtension (java.base@21.0.6)
2321:             5            120  sun.security.x509.CertificatePolicyId (java.base@21.0.6)
2322:             5            120  sun.security.x509.CertificateSerialNumber (java.base@21.0.6)
2323:             5            120  sun.security.x509.CertificateX509Key (java.base@21.0.6)
2324:             3            120  sun.security.x509.ExtendedKeyUsageExtension (java.base@21.0.6)
2325:             5            120  sun.security.x509.SerialNumber (java.base@21.0.6)
2326:             1            112  [Lcom.fasterxml.jackson.databind.node.IntNode;
2327:             1            112  [Lcom.fasterxml.jackson.dataformat.yaml.YAMLGenerator$Feature;
2328:             2            112  [Ljakarta.servlet.DispatcherType;
2329:             2            112  [Ljava.util.stream.StreamOpFlag$Type; (java.base@21.0.6)
2330:             1            112  [Lorg.glassfish.jersey.model.Parameter$Source;
2331:             1            112  [Lsun.reflect.annotation.TypeAnnotation$TypeAnnotationTarget; (java.base@21.0.6)
2332:             2            112  ch.qos.logback.classic.pattern.DateConverter
2333:             2            112  com.aerospike.vector.cluster.ClusterMetaMonitor$cancellableFlow$1
2334:             1            112  com.aerospike.vector.cluster.QuantumIntervalGenerator
2335:             2            112  com.aerospike.vector.index.Indexer$batchProcessingCancellableFlow$1
2336:             2            112  com.aerospike.vector.index.Indexer$indexMaintainerCancellableFlow$1
2337:             2            112  com.aerospike.vector.index.StandaloneIndexCoordinator$cancellableFlow$1
2338:             2            112  com.aerospike.vector.index.cache.IndexCacheCoordinator$1
2339:             2            112  com.aerospike.vector.index.healer.worker.CurrentBatchIds
2340:             1            112  com.aerospike.vector.transact.metrics.KvsMetrics
2341:             2            112  com.fasterxml.jackson.databind.deser.std.NumberDeserializers$BooleanDeserializer
2342:             2            112  com.fasterxml.jackson.databind.deser.std.NumberDeserializers$FloatDeserializer
2343:             2            112  com.fasterxml.jackson.databind.deser.std.NumberDeserializers$IntegerDeserializer
2344:             2            112  com.fasterxml.jackson.databind.deser.std.NumberDeserializers$LongDeserializer
2345:             2            112  com.fasterxml.jackson.databind.introspect.VisibilityChecker$Std
2346:             2            112  com.google.common.io.BaseEncoding$StandardBaseEncoding
2347:             2            112  com.sun.jmx.mbeanserver.DefaultMXBeanMappingFactory$TabularMapping (java.management@21.0.6)
2348:             2            112  io.grpc.stub.ServerCalls$ServerCallStreamObserverImpl
2349:             2            112  io.netty.handler.codec.http2.DefaultHttp2Connection$DefaultStream
2350:             2            112  io.netty.handler.codec.http2.DefaultHttp2LocalFlowController$DefaultState
2351:             1            112  io.undertow.server.protocol.http.HttpResponseConduit
2352:             2            112  io.undertow.servlet.handlers.ServletPathMatch
2353:             2            112  java.io.BufferedOutputStream (java.base@21.0.6)
2354:             2            112  java.lang.Exception (java.base@21.0.6)
2355:             2            112  java.lang.ref.NativeReferenceQueue (java.base@21.0.6)
2356:             2            112  jdk.jfr.internal.jfc.JFC$KnownConfiguration (jdk.jfr@21.0.6)
2357:             1            112  kotlin.reflect.jvm.internal.impl.descriptors.impl.ClassDescriptorImpl
2358:             1            112  kotlin.reflect.jvm.internal.impl.types.error.ErrorClassDescriptor
2359:             1            112  org.glassfish.jersey.message.internal.MessageBodyFactory
2360:             1            112  org.glassfish.jersey.server.ServerRuntime
2361:             2            112  sun.management.MemoryManagerImpl (java.management@21.0.6)
2362:             2            112  sun.security.provider.FileInputStreamPool$StreamRef (java.base@21.0.6)
2363:             1            112  sun.security.provider.certpath.ldap.JdkLDAP$ProviderService (java.naming@21.0.6)
2364:             2            112  sun.security.rsa.RSAUtil$KeyType (java.base@21.0.6)
2365:             1            112  sun.security.smartcardio.SunPCSC$ProviderService (java.smartcardio@21.0.6)
2366:             2            104  [Lcom.cronutils.model.field.value.SpecialChar;
2367:             1            104  [Lcom.fasterxml.jackson.annotation.JsonFormat$Feature;
2368:             1            104  [Lcom.fasterxml.jackson.annotation.JsonFormat$Shape;
2369:             4            104  [Lcom.fasterxml.jackson.databind.deser.Deserializers;
2370:             3            104  [Lcom.fasterxml.jackson.databind.deser.KeyDeserializers;
2371:             1            104  [Ljava.lang.invoke.MethodHandleImpl$Intrinsic; (java.base@21.0.6)
2372:             1            104  [Lorg.reflections.scanners.Scanners;
2373:             1            104  [Lorg.yaml.snakeyaml.events.Event$ID;
2374:             1            104  com.aerospike.vector.cluster.ClusterMetrics
2375:             1            104  com.aerospike.vector.config.VectorDbConfig
2376:             1            104  com.aerospike.vector.heartbeat.DiscoveryRegister
2377:             1            104  com.aerospike.vector.index.StandaloneIndexCoordinator$probeOngoingStandaloneIndexBuild$1
2378:             1            104  com.aerospike.vector.storage.index.AerospikeIndexMetaStore
2379:             1            104  com.fasterxml.jackson.core.util.InternCache
2380:             1            104  io.grpc.CallOptions
2381:             1            104  io.netty.util.concurrent.GlobalEventExecutor
2382:             1            104  java.util.logging.LogManager$RootLogger (java.logging@21.0.6)
2383:             1            104  jdk.internal.icu.impl.NormalizerImpl (java.base@21.0.6)
2384:             1            104  org.glassfish.jersey.internal.inject.InjectionResolverBinding
2385:             1            104  org.glassfish.jersey.internal.inject.InstanceBinding
2386:             1            104  org.xnio.nio.NioXnioWorker
2387:             1            104  sun.nio.ch.NioSocketImpl (java.base@21.0.6)
2388:             1             96  [Lcom.aerospike.client.async.EventState;
2389:             1             96  [Lcom.aerospike.client.async.NettyEventLoop;
2390:             1             96  [Lcom.aerospike.client.cluster.Node$AsyncPool;
2391:             1             96  [Lcom.aerospike.client.exp.Exp$Type;
2392:             2             96  [Lcom.aerospike.vector.client.proto.ProjectionType;
2393:             2             96  [Lcom.fasterxml.jackson.annotation.JsonCreator$Mode;
2394:             2             96  [Lcom.fasterxml.jackson.annotation.JsonProperty$Access;
2395:             1             96  [Lcom.fasterxml.jackson.databind.cfg.CoercionInputShape;
2396:             1             96  [Ljava.lang.Runnable; (java.base@21.0.6)
2397:             2             96  [Ljava.nio.charset.CoderResult; (java.base@21.0.6)
2398:             1             96  [Ljava.nio.file.StandardOpenOption; (java.base@21.0.6)
2399:             4             96  [Ljava.security.CodeSigner; (java.base@21.0.6)
2400:             4             96  [Ljava.util.concurrent.atomic.AtomicReferenceArray; (java.base@21.0.6)
2401:             2             96  [Ljdk.internal.util.OperatingSystem; (java.base@21.0.6)
2402:             2             96  [Lkotlin.reflect.KClass;
2403:             2             96  [Lkotlin.reflect.jvm.internal.impl.metadata.ProtoBuf$MemberKind;
2404:             2             96  [Lkotlin.reflect.jvm.internal.impl.metadata.ProtoBuf$Modality;
2405:             1             96  [Lkotlin.reflect.jvm.internal.impl.types.error.ErrorScopeKind;
2406:             1             96  [Lorg.bouncycastle.crypto.CryptoServicePurpose;
2407:             1             96  [[I (java.base@21.0.6)
2408:             2             96  ch.qos.logback.classic.pattern.LevelConverter
2409:             2             96  ch.qos.logback.classic.pattern.LineSeparatorConverter
2410:             2             96  ch.qos.logback.classic.pattern.MessageConverter
2411:             3             96  ch.qos.logback.classic.spi.Configurator$ExecutionStatus
2412:             2             96  ch.qos.logback.core.joran.spi.ConsoleTarget
2413:             3             96  ch.qos.logback.core.spi.FilterReply
2414:             3             96  com.aerospike.client.Host
2415:             3             96  com.aerospike.client.policy.GenerationPolicy
2416:             1             96  com.aerospike.client.policy.TxnRollPolicy
2417:             1             96  com.aerospike.client.policy.TxnVerifyPolicy
2418:             4             96  com.aerospike.connect.metrics.GarbageCollectorMetricSet$$Lambda/0x00007fcc103341f8
2419:             4             96  com.aerospike.connect.metrics.GarbageCollectorMetricSet$$Lambda/0x00007fcc10334410
2420:             2             96  com.aerospike.vector.client.proto.BoolData
2421:             2             96  com.aerospike.vector.client.proto.Boolean$Builder
2422:             4             96  com.aerospike.vector.client.proto.ClusterInfoServiceGrpc$ClusterInfoServiceMethodDescriptorSupplier
2423:             4             96  com.aerospike.vector.client.proto.ClusterInfoServiceGrpc$MethodHandlers
2424:             3             96  com.aerospike.vector.client.proto.IndexMode
2425:             3             96  com.aerospike.vector.client.proto.Status
2426:             3             96  com.aerospike.vector.client.proto.Vector$DataCase
2427:             3             96  com.aerospike.vector.cluster.MonitorState
2428:             3             96  com.aerospike.vector.cluster.PaxosAcceptorState
2429:             3             96  com.aerospike.vector.cluster.PaxosProposerState
2430:             3             96  com.aerospike.vector.cluster.messages.proposer.ProposalId
2431:             2             96  com.aerospike.vector.config.FlowControlConfig
2432:             2             96  com.aerospike.vector.hlc.HlcMsgTimestamp
2433:             4             96  com.aerospike.vector.index.IndexLog$$Lambda/0x00007fcc106fc618
2434:             3             96  com.aerospike.vector.index.StandaloneIngestCompletionStatus
2435:             1             96  com.aerospike.vector.index.cache.IndexCacheCoordinator$updateCentroids$1
2436:             1             96  com.aerospike.vector.index.config.HealerConfig
2437:             4             96  com.aerospike.vector.index.hnsw.Hnsw$$Lambda/0x00007fcc108f8c48
2438:             4             96  com.aerospike.vector.index.hnsw.Hnsw$$Lambda/0x00007fcc108f90e8
2439:             1             96  com.aerospike.vector.index.hnsw.store.PersistentHnswGraphStore$getHighestLayerGraphVertices$1
2440:             1             96  com.aerospike.vector.index.merge.worker.WorkerBatchMergeJob$mergeBatchGraphVertices$1
2441:             4             96  com.aerospike.vector.index.metrics.Fitness
2442:             4             96  com.aerospike.vector.index.metrics.PerIndexMetrics$$Lambda/0x00007fcc108aeac8
2443:             4             96  com.aerospike.vector.index.metrics.PerIndexMetrics$$Lambda/0x00007fcc108aeef8
2444:             4             96  com.aerospike.vector.index.metrics.PerIndexMetrics$$Lambda/0x00007fcc108b0f00
2445:             4             96  com.aerospike.vector.index.metrics.PerIndexMetrics$$Lambda/0x00007fcc108b1328
2446:             2             96  com.aerospike.vector.partitions.PartitionServiceState
2447:             4             96  com.cronutils.model.time.TimeNode
2448:             2             96  com.fasterxml.jackson.annotation.JsonInclude$Value
2449:             3             96  com.fasterxml.jackson.core.Base64Variant$PaddingReadBehaviour
2450:             1             96  com.fasterxml.jackson.core.util.DefaultPrettyPrinter
2451:             4             96  com.fasterxml.jackson.databind.cfg.ConstructorDetector
2452:             3             96  com.fasterxml.jackson.databind.cfg.MutableCoercionConfig
2453:             3             96  com.fasterxml.jackson.databind.introspect.SimpleMixInResolver
2454:             4             96  com.fasterxml.jackson.databind.ser.BeanSerializerFactory
2455:             3             96  com.fasterxml.jackson.databind.ser.SerializerCache
2456:             3             96  com.fasterxml.jackson.databind.util.AccessPattern
2457:             1             96  com.github.benmanes.caffeine.cache.BoundedLocalCache$$Lambda/0x00007fcc10563a30
2458:             4             96  com.github.benmanes.caffeine.cache.stats.GuardedStatsCounter
2459:             3             96  com.google.common.collect.ImmutableEntry
2460:             4             96  com.google.common.util.concurrent.UncaughtExceptionHandlers$Exiter
2461:             3             96  com.google.inject.Stage
2462:             3             96  com.google.inject.internal.InjectorImpl$JitLimitation
2463:             3             96  com.google.inject.internal.InternalFlags$NullableProvidesOption
2464:             3             96  com.google.inject.internal.MoreTypes$WildcardTypeImpl
2465:             3             96  com.google.inject.spi.InjectionPoint$Position
2466:             3             96  com.google.protobuf.DescriptorProtos$FieldDescriptorProto$Label
2467:             1             96  com.google.protobuf.DescriptorProtos$FieldOptions
2468:             3             96  com.google.protobuf.Descriptors$DescriptorPool$SearchFilter
2469:             3             96  com.google.protobuf.MapField$StorageMode
2470:             4             96  com.sun.proxy.jdk.proxy1.$Proxy27 (jdk.proxy1)
2471:             3             96  io.grpc.Context$Key
2472:             3             96  io.grpc.SecurityLevel
2473:             3             96  io.grpc.TlsChannelCredentials$Feature
2474:             3             96  io.grpc.TlsServerCredentials$Feature
2475:             3             96  io.grpc.internal.ManagedChannelImpl$ResolutionState
2476:             3             96  io.grpc.netty.NegotiationType
2477:             2             96  io.grpc.stub.ServerCalls$UnaryServerCallHandler$UnaryServerCallListener
2478:             3             96  io.netty.buffer.UnreleasableByteBuf
2479:             3             96  io.netty.handler.codec.http2.HpackDecoder$HeaderType
2480:             3             96  io.netty.handler.codec.http2.HpackUtil$IndexType
2481:             3             96  io.netty.handler.codec.http2.Http2Exception$ShutdownHint
2482:             3             96  io.undertow.Undertow$ListenerType
2483:             3             96  io.undertow.security.api.AuthenticationMechanism$AuthenticationMechanismOutcome
2484:             3             96  io.undertow.server.DefaultByteBufferPool$ThreadLocalData
2485:             6             96  io.undertow.server.handlers.ResponseCodeHandler
2486:             1             96  io.undertow.server.protocol.http.ParseState
2487:             3             96  io.undertow.servlet.api.DeploymentManager$State
2488:             3             96  io.undertow.servlet.core.ApplicationListeners$ListenerState
2489:             3             96  io.undertow.servlet.handlers.ServletPathMatch$Type
2490:             3             96  io.undertow.servlet.spec.HttpServletResponseImpl$ResponseState
2491:             3             96  io.undertow.util.FastConcurrentDirectDeque
2492:             3             96  io.undertow.util.SubstringMap$SubstringMatch
2493:             3             96  jakarta.servlet.SessionTrackingMode
2494:             3             96  java.lang.ProcessImpl$LaunchMechanism (java.base@21.0.6)
2495:             3             96  java.lang.WeakPairMap (java.base@21.0.6)
2496:             3             96  java.lang.annotation.RetentionPolicy (java.base@21.0.6)
2497:             1             96  java.lang.invoke.BoundMethodHandle$Specializer (java.base@21.0.6)
2498:             3             96  java.lang.invoke.MethodHandleImpl$ArrayAccess (java.base@21.0.6)
2499:             2             96  java.lang.ref.ReferenceQueue$Null (java.base@21.0.6)
2500:             3             96  java.net.Proxy$Type (java.base@21.0.6)
2501:             1             96  java.net.SocksSocketImpl (java.base@21.0.6)
2502:             3             96  java.net.StandardProtocolFamily (java.base@21.0.6)
2503:             3             96  java.security.DrbgParameters$Capability (java.base@21.0.6)
2504:             4             96  java.time.Instant (java.base@21.0.6)
2505:             3             96  java.time.ZoneOffset (java.base@21.0.6)
2506:             2             96  java.time.format.DateTimeFormatterBuilder$TextPrinterParser (java.base@21.0.6)
2507:             3             96  java.time.format.ResolverStyle (java.base@21.0.6)
2508:             2             96  java.time.temporal.IsoFields$Unit (java.base@21.0.6)
2509:             3             96  java.util.Base64$Encoder (java.base@21.0.6)
2510:             3             96  java.util.Collections$SynchronizedSet (java.base@21.0.6)
2511:             2             96  java.util.LinkedHashMap$LinkedEntryIterator (java.base@21.0.6)
2512:             3             96  java.util.Random (java.base@21.0.6)
2513:             1             96  java.util.ServiceLoader (java.base@21.0.6)
2514:             4             96  java.util.TreeMap$KeySet (java.base@21.0.6)
2515:             3             96  java.util.Vector (java.base@21.0.6)
2516:             2             96  java.util.concurrent.SynchronousQueue (java.base@21.0.6)
2517:             1             96  java.util.logging.LogManager (java.logging@21.0.6)
2518:             2             96  java.util.regex.Pattern$Loop (java.base@21.0.6)
2519:             3             96  java.util.stream.Collector$Characteristics (java.base@21.0.6)
2520:             2             96  java.util.stream.FindOps$FindOp (java.base@21.0.6)
2521:             3             96  java.util.stream.MatchOps$MatchKind (java.base@21.0.6)
2522:             3             96  java.util.zip.ZipCoder$Comparison (java.base@21.0.6)
2523:             1             96  jdk.internal.event.X509CertificateEvent (java.base@21.0.6)
2524:             3             96  jdk.internal.icu.util.CodePointTrie$ValueWidth (java.base@21.0.6)
2525:             6             96  jdk.internal.loader.ClassLoaderValue (java.base@21.0.6)
2526:             2             96  jdk.internal.math.FloatingDecimal$BinaryToASCIIBuffer (java.base@21.0.6)
2527:             4             96  jdk.internal.module.ServicesCatalog (java.base@21.0.6)
2528:             4             96  jdk.internal.util.Preconditions$4 (java.base@21.0.6)
2529:             4             96  jdk.proxy1.$Proxy36 (jdk.proxy1)
2530:             4             96  jdk.proxy2.$Proxy26 (jdk.proxy2)
2531:             4             96  jdk.proxy2.$Proxy50 (jdk.proxy2)
2532:             4             96  jdk.proxy2.$Proxy58 (jdk.proxy2)
2533:             3             96  kotlin.LazyThreadSafetyMode
2534:             3             96  kotlin.annotation.AnnotationRetention
2535:             3             96  kotlin.coroutines.intrinsics.CoroutineSingletons
2536:             3             96  kotlin.reflect.KParameter$Kind
2537:             2             96  kotlin.reflect.jvm.internal.calls.CallerImpl$FieldGetter$Static
2538:             2             96  kotlin.reflect.jvm.internal.calls.CallerImpl$Method$Static
2539:             1             96  kotlin.reflect.jvm.internal.impl.builtins.ReflectionTypes
2540:             3             96  kotlin.reflect.jvm.internal.impl.builtins.jvm.JvmBuiltIns$Kind
2541:             4             96  kotlin.reflect.jvm.internal.impl.descriptors.ModuleCapability
2542:             2             96  kotlin.reflect.jvm.internal.impl.descriptors.NotFoundClasses
2543:             2             96  kotlin.reflect.jvm.internal.impl.descriptors.annotations.BuiltInAnnotationDescriptor
2544:             3             96  kotlin.reflect.jvm.internal.impl.descriptors.impl.CompositePackageFragmentProvider
2545:             2             96  kotlin.reflect.jvm.internal.impl.descriptors.impl.ModuleDependenciesImpl
2546:             4             96  kotlin.reflect.jvm.internal.impl.descriptors.runtime.structure.ReflectJavaAnnotation
2547:             3             96  kotlin.reflect.jvm.internal.impl.load.java.lazy.types.JavaTypeFlexibility
2548:             3             96  kotlin.reflect.jvm.internal.impl.load.java.typeEnhancement.NullabilityQualifier
2549:             3             96  kotlin.reflect.jvm.internal.impl.load.java.typeEnhancement.TypeComponentPosition
2550:             3             96  kotlin.reflect.jvm.internal.impl.metadata.ProtoBuf$QualifiedNameTable$QualifiedName$Kind
2551:             3             96  kotlin.reflect.jvm.internal.impl.metadata.ProtoBuf$TypeParameter$Variance
2552:             3             96  kotlin.reflect.jvm.internal.impl.metadata.jvm.JvmProtoBuf$StringTableTypes$Record$Operation
2553:             3             96  kotlin.reflect.jvm.internal.impl.renderer.AnnotationArgumentsRenderingPolicy
2554:             3             96  kotlin.reflect.jvm.internal.impl.renderer.OverrideRenderingPolicy
2555:             3             96  kotlin.reflect.jvm.internal.impl.renderer.ParameterNameRenderingPolicy
2556:             3             96  kotlin.reflect.jvm.internal.impl.renderer.PropertyAccessorRenderingPolicy
2557:             3             96  kotlin.reflect.jvm.internal.impl.resolve.ExternalOverridabilityCondition$Contract
2558:             3             96  kotlin.reflect.jvm.internal.impl.resolve.ExternalOverridabilityCondition$Result
2559:             2             96  kotlin.reflect.jvm.internal.impl.resolve.OverridingUtil
2560:             3             96  kotlin.reflect.jvm.internal.impl.resolve.OverridingUtil$OverrideCompatibilityInfo$Result
2561:             2             96  kotlin.reflect.jvm.internal.impl.resolve.calls.inference.CapturedType
2562:             3             96  kotlin.reflect.jvm.internal.impl.serialization.deserialization.ClassDeserializer
2563:             3             96  kotlin.reflect.jvm.internal.impl.serialization.deserialization.descriptors.DeserializedClassDescriptor$EnumEntryClassDescriptors$$Lambda$0
2564:             6             96  kotlin.reflect.jvm.internal.impl.storage.LockBasedStorageManager$CacheWithNullableValuesBasedOnMemoizedFunction$1
2565:             3             96  kotlin.reflect.jvm.internal.impl.storage.LockBasedStorageManager$NotValue
2566:             3             96  kotlin.reflect.jvm.internal.impl.types.TypeCheckerState$LowerCapturedTypePolicy
2567:             3             96  kotlin.reflect.jvm.internal.impl.types.TypeSubstitutor$VarianceConflictType
2568:             3             96  kotlin.reflect.jvm.internal.impl.types.model.CaptureStatus
2569:             4             96  kotlin.reflect.jvm.internal.impl.util.ValueParameterCountCheck$AtLeast
2570:             3             96  kotlinx.coroutines.channels.BufferOverflow
2571:             4             96  org.bouncycastle.asn1.x9.X962Parameters
2572:             3             96  org.bouncycastle.crypto.CryptoServicesRegistrar$Property
2573:             4             96  org.bouncycastle.crypto.params.DHValidationParameters
2574:             3             96  org.bouncycastle.jcajce.provider.asymmetric.mlkem.MLKEMKeyFactorySpi
2575:             3             96  org.bouncycastle.pqc.jcajce.provider.kyber.KyberKeyFactorySpi
2576:             3             96  org.glassfish.hk2.api.InstanceLifecycleEventType
2577:             3             96  org.glassfish.hk2.api.ServiceLocatorFactory$CreatePolicy
2578:             3             96  org.glassfish.jersey.Severity
2579:             3             96  org.glassfish.jersey.message.internal.TracingLogger$Level
2580:             3             96  org.glassfish.jersey.model.internal.RankedProvider
2581:             3             96  org.glassfish.jersey.server.TracingConfig
2582:             2             96  org.glassfish.jersey.server.internal.inject.SingleValueExtractor
2583:             4             96  org.glassfish.jersey.server.internal.routing.PathMatchingRouter
2584:             3             96  org.glassfish.jersey.server.spi.internal.ValueParamProvider$Priority
2585:             3             96  org.glassfish.jersey.uri.JerseyQueryParamStyle
2586:             3             96  org.slf4j.helpers.Reporter$Level
2587:             3             96  org.xnio.FileAccess
2588:             2             96  org.xnio.TypeSequenceOption
2589:             3             96  org.xnio.XnioWorker$WorkerThreadFactory$1
2590:             3             96  picocli.CommandLine$Help$Ansi
2591:             3             96  picocli.CommandLine$Help$Visibility
2592:             3             96  picocli.CommandLine$LookBehind
2593:             3             96  picocli.CommandLine$Model$InitialValueState
2594:             3             96  sun.management.ManagementFactoryHelper$1 (java.management@21.0.6)
2595:             3             96  sun.security.provider.NativePRNG$Variant (java.base@21.0.6)
2596:             2             96  sun.security.util.MemoryCache (java.base@21.0.6)
2597:             1             88  [Lcom.fasterxml.jackson.databind.node.JsonNodeType;
2598:             1             88  [Lcom.google.protobuf.Descriptors$FieldDescriptor$JavaType;
2599:             1             88  [Lcom.google.protobuf.WireFormat$JavaType;
2600:             1             88  [Ljakarta.ws.rs.ext.ParamConverterProvider;
2601:             3             88  [Ljava.lang.invoke.MethodHandles$Lookup$ClassOption; (java.base@21.0.6)
2602:             1             88  [Ljava.lang.reflect.AccessFlag$Location; (java.base@21.0.6)
2603:             1             88  [Lkotlin.reflect.jvm.internal.impl.protobuf.WireFormat$JavaType;
2604:             3             88  [Lorg.glassfish.jersey.jackson.internal.jackson.jaxrs.cfg.Annotations;
2605:             1             88  ch.qos.logback.classic.layout.TTLLLayout
2606:             1             88  com.aerospike.vector.cluster.ClusterMetaMonitor
2607:             1             88  com.aerospike.vector.cluster.PaxosAcceptor
2608:             1             88  com.aerospike.vector.index.hnsw.store.PersistentHnswGraphStore$bfsGraphVertices$1
2609:             1             88  com.aerospike.vector.index.metrics.IndexMetricsTracker
2610:             1             88  com.aerospike.vector.storage.AerospikeStorageKvs$delete$2
2611:             1             88  com.cronutils.model.time.SingleExecutionTime
2612:             1             88  com.fasterxml.jackson.databind.ser.BeanSerializer
2613:             1             88  com.google.common.collect.MapMakerInternalMap
2614:             1             88  com.google.inject.internal.asm.$Label
2615:             1             88  com.google.protobuf.MapFieldLite
2616:             1             88  io.undertow.server.protocol.http.CacheMap
2617:             1             88  io.undertow.server.protocol.http.HttpReadListener
2618:             1             88  io.undertow.servlet.core.ApplicationListeners
2619:             1             88  jdk.internal.org.objectweb.asm.Label (java.base@21.0.6)
2620:             1             88  jdk.management.jfr.FlightRecorderMXBeanImpl (jdk.management.jfr@21.0.6)
2621:             1             88  kotlin.reflect.jvm.internal.impl.builtins.jvm.JvmBuiltIns
2622:             1             88  kotlin.reflect.jvm.internal.impl.metadata.ProtoBuf$Package
2623:             1             88  org.glassfish.jersey.jackson.internal.jackson.jaxrs.json.JacksonJaxbJsonProvider
2624:             1             88  org.xnio.nio.NioSocketConduit
2625:             2             80  [Lcom.aerospike.vector.client.proto.IndexMode;
2626:             2             80  [Lcom.aerospike.vector.client.proto.Status;
2627:             1             80  [Lcom.aerospike.vector.cluster.QuantumFaultType;
2628:             2             80  [Lcom.aerospike.vector.index.StandaloneIngestCompletionStatus;
2629:             1             80  [Lcom.cronutils.model.definition.CronNicknames;
2630:             1             80  [Lcom.fasterxml.jackson.databind.ser.impl.ReadOnlyClassToSerializerMap$Bucket;
2631:             2             80  [Lcom.google.protobuf.DescriptorProtos$FieldDescriptorProto$Label;
2632:             2             80  [Lio.grpc.TlsChannelCredentials$Feature;
2633:             2             80  [Lio.grpc.TlsServerCredentials$Feature;
2634:             4             80  [Lio.netty.util.AsciiString;
2635:             1             80  [Lio.prometheus.client.Collector$Type;
2636:             2             80  [Ljava.lang.annotation.RetentionPolicy; (java.base@21.0.6)
2637:             1             80  [Ljava.lang.reflect.ProxyGenerator$PrimitiveTypeInfo; (java.base@21.0.6)
2638:             1             80  [Ljava.math.RoundingMode; (java.base@21.0.6)
2639:             2             80  [Ljava.util.stream.Collector$Characteristics; (java.base@21.0.6)
2640:             2             80  [Lkotlin.annotation.AnnotationRetention;
2641:             1             80  [Lkotlin.reflect.jvm.internal.impl.builtins.jvm.JavaToKotlinClassMap$PlatformMutabilityMapping;
2642:             1             80  [Lkotlin.reflect.jvm.internal.impl.resolve.jvm.JvmPrimitiveType;
2643:             2             80  [Lorg.xnio.FileAccess;
2644:             2             80  [Lpicocli.CommandLine$Help$Visibility;
2645:             1             80  com.aerospike.client.async.AsyncBatchExecutor$BatchRecordSequence
2646:             2             80  com.aerospike.client.query.PartitionFilter
2647:             2             80  com.aerospike.vector.client.proto.NodeId
2648:             1             80  com.aerospike.vector.client.proto.VectorSearchRequest
2649:             1             80  com.aerospike.vector.cluster.ClusterLimits
2650:             1             80  com.aerospike.vector.cluster.ClusterService
2651:             2             80  com.aerospike.vector.config.HeartbeatSeed
2652:             2             80  com.aerospike.vector.heartbeat.events.ClusterPayloadChanged
2653:             1             80  com.aerospike.vector.index.HealCycleFinalizationRequest
2654:             1             80  com.aerospike.vector.index.IndexCacheCentroidRequest
2655:             1             80  com.aerospike.vector.index.IndexRequest
2656:             1             80  com.aerospike.vector.index.Indexer$processBatches$1
2657:             1             80  com.aerospike.vector.index.Indexer$refreshEnterpoints$1
2658:             1             80  com.aerospike.vector.index.StandaloneIndexCoordinator$clearOngoingStandaloneIndexBuildEntryFromStorage$1
2659:             1             80  com.aerospike.vector.index.config.HnswConfig
2660:             1             80  com.aerospike.vector.metrics.VectorMetrics
2661:             2             80  com.aerospike.vector.server.grpc.service.internal.GrpcExchangeService$$Lambda/0x00007fcc107df7f0
2662:             1             80  com.aerospike.vector.storage.cluster.AerospikeClusterMetaStore
2663:             2             80  com.aerospike.vector.transact.KvsTransactService$VectorRecordCache
2664:             2             80  com.fasterxml.jackson.core.StreamWriteCapability
2665:             2             80  com.fasterxml.jackson.core.io.ContentReference
2666:             2             80  com.fasterxml.jackson.core.util.BufferRecycler
2667:             1             80  com.fasterxml.jackson.databind.cfg.ConfigOverride$Empty
2668:             2             80  com.fasterxml.jackson.databind.cfg.EnumFeature
2669:             1             80  com.fasterxml.jackson.databind.deser.std.FactoryBasedEnumDeserializer
2670:             1             80  com.fasterxml.jackson.databind.deser.std.StdKeyDeserializer$EnumKD
2671:             1             80  com.fasterxml.jackson.databind.deser.std.UntypedObjectDeserializer
2672:             2             80  com.fasterxml.jackson.databind.ser.std.NumberSerializers$DoubleSerializer
2673:             2             80  com.fasterxml.jackson.databind.ser.std.NumberSerializers$IntegerSerializer
2674:             2             80  com.fasterxml.jackson.databind.ser.std.NumberSerializers$LongSerializer
2675:             2             80  com.fasterxml.jackson.dataformat.yaml.YAMLParser$Feature
2676:             2             80  com.github.benmanes.caffeine.cache.Pacer
2677:             1             80  com.google.common.collect.LinkedHashMultimap
2678:             2             80  com.google.common.util.concurrent.LazyLogger
2679:             2             80  com.google.common.util.concurrent.SettableFuture
2680:             2             80  com.google.inject.internal.Annotations$AnnotationChecker
2681:             2             80  io.grpc.internal.ServerCallImpl$ServerStreamListenerImpl
2682:             2             80  io.grpc.internal.ServerImpl$ServerTransportListenerImpl$ServerCallParameters
2683:             1             80  io.netty.util.ResourceLeakDetector$TraceRecord$1
2684:             2             80  io.prometheus.client.CollectorRegistry
2685:             2             80  io.undertow.servlet.spec.ContentTypeInfo
2686:             2             80  java.lang.invoke.VarHandleByteArrayAsInts$ArrayHandle (java.base@21.0.6)
2687:             2             80  java.lang.invoke.VarHandleByteArrayAsLongs$ArrayHandle (java.base@21.0.6)
2688:             2             80  java.util.concurrent.CompletableFuture$AsyncRun (java.base@21.0.6)
2689:             1             80  java.util.concurrent.ConcurrentHashMap$EntryIterator (java.base@21.0.6)
2690:             2             80  javax.management.NotificationBroadcasterSupport (java.management@21.0.6)
2691:             2             80  jdk.internal.reflect.MethodHandleBooleanFieldAccessorImpl (java.base@21.0.6)
2692:             1             80  kotlin.reflect.jvm.internal.impl.builtins.jvm.JvmBuiltInsCustomizer
2693:             2             80  kotlin.reflect.jvm.internal.impl.descriptors.annotations.AnnotationDescriptorImpl
2694:             2             80  kotlin.reflect.jvm.internal.impl.load.java.NullabilityAnnotationStatesImpl
2695:             1             80  kotlin.reflect.jvm.internal.impl.metadata.ProtoBuf$PackageFragment
2696:             2             80  kotlin.reflect.jvm.internal.impl.resolve.scopes.receivers.ExtensionReceiver
2697:             2             80  kotlin.reflect.jvm.internal.impl.serialization.deserialization.MemberDeserializer$$Lambda$4
2698:             2             80  kotlin.reflect.jvm.internal.impl.storage.LockBasedStorageManager$CacheWithNotNullValuesBasedOnMemoizedFunction
2699:             2             80  kotlinx.coroutines.DeferredCoroutine
2700:             1             80  kotlinx.coroutines.channels.TickerChannelsKt$ticker$3
2701:             1             80  kotlinx.coroutines.scheduling.CoroutineScheduler
2702:             2             80  kotlinx.coroutines.sync.MutexImpl$CancellableContinuationWithOwner
2703:             2             80  org.apache.commons.collections4.queue.CircularFifoQueue
2704:             5             80  org.bouncycastle.pqc.jcajce.provider.cmce.CMCEKeyFactorySpi
2705:             5             80  org.bouncycastle.pqc.jcajce.provider.ntru.NTRUKeyFactorySpi
2706:             1             80  org.glassfish.jersey.inject.hk2.ContextInjectionResolverImpl$1
2707:             2             80  org.glassfish.jersey.internal.inject.ParamConverters$StringConstructor$1
2708:             2             80  org.glassfish.jersey.jackson.internal.jackson.jaxrs.cfg.AnnotationBundleKey
2709:             2             80  org.glassfish.jersey.model.internal.CommonConfig$FeatureRegistration
2710:             2             80  org.glassfish.jersey.server.ContainerFilteringStage
2711:             1             80  org.glassfish.jersey.server.ResourceConfig$WrappingResourceConfig
2712:             1             80  org.glassfish.jersey.servlet.ServletContainer
2713:             2             80  org.glassfish.jersey.uri.PathPattern$RightHandPath
2714:             5             80  org.jboss.threads.NullRunnable
2715:             1             80  picocli.CommandLine$Help$ColorScheme
2716:             2             80  sun.security.util.DisabledAlgorithmConstraints$KeySizeConstraint (java.base@21.0.6)
2717:             5             80  sun.security.x509.CertificateVersion (java.base@21.0.6)
2718:             2             80  sun.util.locale.provider.LocaleServiceProviderPool (java.base@21.0.6)
2719:             1             72  [Lcom.aerospike.vector.cluster.QuantumFault;
2720:             1             72  [Lcom.fasterxml.jackson.annotation.JsonInclude$Include;
2721:             1             72  [Lcom.fasterxml.jackson.annotation.PropertyAccessor;
2722:             1             72  [Lcom.fasterxml.jackson.module.kotlin.KotlinFeature;
2723:             1             72  [Lio.netty.handler.codec.http2.Http2Stream$State;
2724:             1             72  [Ljava.lang.System$Logger$Level; (java.base@21.0.6)
2725:             1             72  [Ljava.lang.management.MemoryPoolMXBean; (java.management@21.0.6)
2726:             1             72  [Ljava.util.concurrent.TimeUnit; (java.base@21.0.6)
2727:             1             72  [Lkotlin.jvm.functions.Function1;
2728:             1             72  [Lkotlin.reflect.jvm.internal.impl.types.error.ErrorEntity;
2729:             1             72  [Lkotlin.time.DurationUnit;
2730:             1             72  [Lorg.glassfish.jersey.uri.internal.UriTemplateParser$Variables$State;
2731:             1             72  [Lorg.reflections.vfs.Vfs$DefaultUrlTypes;
2732:             1             72  [[Ljdk.incubator.vector.AbstractSpecies; (jdk.incubator.vector@21.0.6)
2733:             1             72  ch.qos.logback.core.encoder.LayoutWrappingEncoder
2734:             3             72  ch.qos.logback.core.spi.FilterAttachableImpl
2735:             1             72  com.aerospike.connect.logging.LoggingConfig
2736:             1             72  com.aerospike.connect.metrics.Ticker$report$1
2737:             1             72  com.aerospike.vector.client.proto.IndexStatusResponse
2738:             1             72  com.aerospike.vector.client.proto.IndexUpdateRequest
2739:             1             72  com.aerospike.vector.cluster.Cluster$MergeMoveMessage
2740:             1             72  com.aerospike.vector.cluster.ClusterMetaMonitor$refreshClusterMeta$1
2741:             3             72  com.aerospike.vector.cluster.ClusterState$$Lambda/0x00007fcc104aa1e8
2742:             1             72  com.aerospike.vector.config.InterconnectConfig
2743:             3             72  com.aerospike.vector.config.PortRange
2744:             1             72  com.aerospike.vector.config.ServiceConfig
2745:             1             72  com.aerospike.vector.dns.AsyncDnsResolver$bestEffortDnsResolver$1
2746:             1             72  com.aerospike.vector.dns.AsyncDnsResolver$guaranteedDnsResolver$1
2747:             3             72  com.aerospike.vector.exchange.ExchangeServiceGrpc$ExchangeServiceMethodDescriptorSupplier
2748:             3             72  com.aerospike.vector.exchange.ExchangeServiceGrpc$MethodHandlers
2749:             3             72  com.aerospike.vector.exchange.NodeState
2750:             1             72  com.aerospike.vector.heartbeat.DiscoveryRegister$queryEndpointsContinuously$1
2751:             1             72  com.aerospike.vector.heartbeat.HeartbeatService
2752:             1             72  com.aerospike.vector.index.BatchIndexMergeProxyRequest
2753:             3             72  com.aerospike.vector.index.CacheServiceGrpc$CacheServiceMethodDescriptorSupplier
2754:             3             72  com.aerospike.vector.index.CacheServiceGrpc$MethodHandlers
2755:             1             72  com.aerospike.vector.index.NodeCacheStatus
2756:             1             72  com.aerospike.vector.index.hnsw.Hnsw$refreshEnterPoint$1
2757:             1             72  com.aerospike.vector.index.hnsw.store.PersistentHnswGraphStore$fetch$1
2758:             1             72  com.aerospike.vector.index.merge.coordinator.IndexMergeCoordinator$fetchPendingBatchesMetadata$1
2759:             1             72  com.aerospike.vector.index.merge.worker.WorkerBatchMergeJob$mergeGraph$1
2760:             1             72  com.aerospike.vector.server.grpc.service.GrpcAuthService
2761:             1             72  com.aerospike.vector.transact.KvsTransactService
2762:             1             72  com.fasterxml.jackson.annotation.JsonFormat$Value
2763:             3             72  com.fasterxml.jackson.databind.deser.BeanDeserializerFactory
2764:             3             72  com.fasterxml.jackson.databind.jsontype.impl.StdSubtypeResolver
2765:             3             72  com.fasterxml.jackson.databind.ser.std.NumberSerializer
2766:             3             72  com.fasterxml.jackson.databind.util.RootNameLookup
2767:             1             72  com.fasterxml.jackson.databind.util.StdDateFormat
2768:             1             72  com.google.common.collect.AbstractMapBasedMultimap$AsMap
2769:             1             72  com.google.common.collect.EmptyImmutableListMultimap
2770:             1             72  com.google.common.collect.LinkedHashMultimap$ValueEntry
2771:             1             72  com.google.protobuf.CodedInputStream$ArrayDecoder
2772:             1             72  com.sun.jmx.interceptor.DefaultMBeanServerInterceptor (java.management@21.0.6)
2773:             1             72  com.sun.jmx.mbeanserver.DefaultMXBeanMappingFactory$Mappings (java.management@21.0.6)
2774:             1             72  com.sun.jmx.mbeanserver.MBeanIntrospector$MBeanInfoMap (java.management@21.0.6)
2775:             1             72  com.sun.jmx.mbeanserver.MBeanIntrospector$PerInterfaceMap (java.management@21.0.6)
2776:             3             72  io.netty.channel.ChannelMetadata
2777:             3             72  io.netty.util.concurrent.PromiseTask$SentinelRunnable
2778:             1             72  io.undertow.servlet.handlers.ServletInitialHandler
2779:             3             72  io.undertow.util.CopyOnWriteMap
2780:             1             72  java.lang.NullPointerException (java.base@21.0.6)
2781:             3             72  java.lang.ThreadLocal$SuppliedThreadLocal (java.base@21.0.6)
2782:             1             72  java.lang.invoke.BoundMethodHandle$Specializer$Factory (java.base@21.0.6)
2783:             1             72  java.lang.invoke.VarHandleReferences$FieldStaticReadWrite (java.base@21.0.6)
2784:             3             72  java.nio.charset.CodingErrorAction (java.base@21.0.6)
2785:             3             72  java.text.AttributedCharacterIterator$Attribute (java.base@21.0.6)
2786:             3             72  java.time.format.DateTimeFormatterBuilder$StringLiteralPrinterParser (java.base@21.0.6)
2787:             1             72  java.time.zone.ZoneRules (java.base@21.0.6)
2788:             3             72  java.util.ResourceBundle$NoFallbackControl (java.base@21.0.6)
2789:             1             72  java.util.concurrent.ConcurrentHashMap$TreeBin (java.base@21.0.6)
2790:             1             72  java.util.concurrent.locks.ReentrantReadWriteLock$FairSync (java.base@21.0.6)
2791:             3             72  jdk.incubator.vector.Float512Vector (jdk.incubator.vector@21.0.6)
2792:             3             72  jdk.internal.math.FloatingDecimal$ExceptionalBinaryToASCIIBuffer (java.base@21.0.6)
2793:             3             72  jdk.internal.misc.Signal (java.base@21.0.6)
2794:             1             72  jdk.internal.ref.CleanerImpl$CleanerCleanable (java.base@21.0.6)
2795:             3             72  jdk.proxy2.$Proxy15 (jdk.proxy2)
2796:             3             72  jdk.proxy2.$Proxy16 (jdk.proxy2)
2797:             3             72  jdk.proxy2.$Proxy17 (jdk.proxy2)
2798:             3             72  jdk.proxy2.$Proxy29 (jdk.proxy2)
2799:             3             72  jdk.proxy2.$Proxy4 (jdk.proxy2)
2800:             3             72  kotlin.reflect.jvm.internal.impl.protobuf.ExtensionRegistryLite
2801:             3             72  kotlin.reflect.jvm.internal.impl.resolve.scopes.StaticScopeForKotlinEnum$$Lambda$0
2802:             3             72  kotlin.reflect.jvm.internal.impl.resolve.scopes.StaticScopeForKotlinEnum$$Lambda$1
2803:             3             72  kotlin.reflect.jvm.internal.impl.serialization.deserialization.ClassDeserializer$$Lambda$0
2804:             3             72  kotlin.reflect.jvm.internal.impl.serialization.deserialization.descriptors.DeserializedClassDescriptor$EnumEntryClassDescriptors$$Lambda$1
2805:             1             72  kotlinx.coroutines.channels.TickerChannelsKt$fixedPeriodTicker$1
2806:             1             72  net.engio.mbassy.bus.MBassador
2807:             1             72  net.engio.mbassy.subscription.SubscriptionManager
2808:             1             72  org.glassfish.jersey.internal.inject.InjecteeImpl
2809:             1             72  org.glassfish.jersey.server.ApplicationHandler
2810:             1             72  org.glassfish.jersey.server.ResourceConfig$RuntimeConfig
2811:             1             72  org.glassfish.jersey.uri.UriTemplate
2812:             1             72  org.slf4j.bridge.SLF4JBridgeHandler
2813:             3             72  org.slf4j.helpers.BasicMarkerFactory
2814:             3             72  org.xnio.XnioWorker$WorkerThreadFactory$1$1
2815:             1             72  sun.nio.ch.SocketAdaptor (java.base@21.0.6)
2816:             3             72  sun.security.x509.GeneralNames (java.base@21.0.6)
2817:             1             72  sun.util.locale.InternalLocaleBuilder (java.base@21.0.6)
2818:             1             72  sun.util.resources.TimeZoneNames (java.base@21.0.6)
2819:             1             72  sun.util.resources.TimeZoneNames_en (java.base@21.0.6)
2820:             1             72  sun.util.resources.cldr.TimeZoneNames (java.base@21.0.6)
2821:             1             72  sun.util.resources.cldr.TimeZoneNames_en (java.base@21.0.6)
2822:             1             64  [Lcom.aerospike.client.metrics.LatencyType;
2823:             2             64  [Lcom.aerospike.connect.logging.LogFormat;
2824:             2             64  [Lcom.aerospike.vector.client.proto.IndexType;
2825:             1             64  [Lcom.fasterxml.jackson.annotation.JsonAutoDetect$Visibility;
2826:             1             64  [Lcom.fasterxml.jackson.core.JsonParser$NumberType;
2827:             1             64  [Lcom.fasterxml.jackson.core.json.JsonWriteFeature;
2828:             3             64  [Lcom.fasterxml.jackson.databind.deser.ValueInstantiators;
2829:             3             64  [Lcom.fasterxml.jackson.databind.ser.BeanPropertyWriter;
2830:             1             64  [Lio.grpc.internal.KeepAliveManager$State;
2831:             1             64  [Lio.netty.handler.codec.http2.Http2Headers$PseudoHeaderName;
2832:             2             64  [Ljakarta.ws.rs.RuntimeType;
2833:             1             64  [Ljakarta.ws.rs.core.Response$Status$Family;
2834:             1             64  [Ljava.lang.Thread$State; (java.base@21.0.6)
2835:             1             64  [Ljava.lang.management.MemoryManagerMXBean; (java.management@21.0.6)
2836:             1             64  [Ljava.nio.charset.Charset; (java.base@21.0.6)
2837:             1             64  [Ljava.time.format.TextStyle; (java.base@21.0.6)
2838:             1             64  [Ljava.util.stream.StreamOpFlag; (java.base@21.0.6)
2839:             1             64  [Lkotlin.reflect.jvm.internal.impl.descriptors.ClassKind;
2840:             2             64  [Lkotlin.reflect.jvm.internal.impl.descriptors.SimpleFunctionDescriptor;
2841:             1             64  [Lkotlin.reflect.jvm.internal.impl.load.kotlin.header.KotlinClassHeader$Kind;
2842:             2             64  [Lnet.engio.mbassy.listener.Invoke;
2843:             2             64  [Lorg.glassfish.hk2.api.DescriptorVisibility;
2844:             1             64  [Lorg.glassfish.jersey.jackson.internal.jackson.jaxrs.cfg.JaxRSFeature;
2845:             1             64  [Lorg.glassfish.jersey.message.internal.MessagingBinders$EnabledProvidersBinder$Provider;
2846:             1             64  [Lorg.jboss.logging.Logger$Level;
2847:             2             64  [Lpicocli.CommandLine$ScopeType;
2848:             1             64  [Lsun.security.util.DisabledAlgorithmConstraints$Constraint$Operator; (java.base@21.0.6)
2849:             2             64  ch.qos.logback.classic.pattern.NamedConverter$CacheMissCalculator
2850:             1             64  ch.qos.logback.core.BasicStatusManager
2851:             2             64  com.aerospike.client.policy.CommitLevel
2852:             2             64  com.aerospike.client.policy.ReadModeAP
2853:             2             64  com.aerospike.connect.logging.LogFormat
2854:             2             64  com.aerospike.connect.metrics.AerospikeMetricRegistry
2855:             1             64  com.aerospike.vector.SerializedAerospikeStorageRecordId
2856:             1             64  com.aerospike.vector.VectorDbMain
2857:             2             64  com.aerospike.vector.auth.StaticRoles
2858:             2             64  com.aerospike.vector.client.proto.IndexDefinition$ParamsCase
2859:             2             64  com.aerospike.vector.client.proto.IndexType
2860:             1             64  com.aerospike.vector.client.proto.Key
2861:             1             64  com.aerospike.vector.client.proto.StandaloneIndexMetrics
2862:             1             64  com.aerospike.vector.cluster.Cluster$ClusterStateAppliedMessage
2863:             2             64  com.aerospike.vector.cluster.RegisterState
2864:             2             64  com.aerospike.vector.cluster.messages.heartbeat.ClusterPayload
2865:             2             64  com.aerospike.vector.config.InterconnectChannelType
2866:             1             64  com.aerospike.vector.dns.AsyncDnsResolver
2867:             4             64  com.aerospike.vector.embedded.client.inject.VectorDbEmbeddedClientGuiceModule$$FastClassByGuice$$30cb85
2868:             1             64  com.aerospike.vector.index.HealCycleCompleteRequest
2869:             1             64  com.aerospike.vector.index.HealCycleStartRequest
2870:             2             64  com.aerospike.vector.index.IndexUpdateOperation$UpdateCase
2871:             1             64  com.aerospike.vector.index.cache.IndexCacheCoordinator$updateIndicesCentroids$2$1$1
2872:             1             64  com.aerospike.vector.index.hnsw.store.CachedHnswGraphStore$fetch$1
2873:             1             64  com.aerospike.vector.index.merge.coordinator.IndexMergeCoordinator$1
2874:             1             64  com.aerospike.vector.index.metrics.NodeFitnessCalculator$computeFitnessProbabilities$queryProbabilities$1
2875:             1             64  com.aerospike.vector.index.metrics.NodeFitnessCalculator$computeFitnessProbabilities$updateProbabilities$1
2876:             2             64  com.aerospike.vector.index.metrics.NodeFitnessProbabilities
2877:             1             64  com.aerospike.vector.interconnect.InterconnectService
2878:             1             64  com.aerospike.vector.interconnect.InterconnectService$invokeOnNode$1$grpcCall$1
2879:             1             64  com.aerospike.vector.partitions.PartitionService
2880:             2             64  com.aerospike.vector.server.grpc.GrpcInterconnectServer$getAsyncExecutor$1
2881:             2             64  com.aerospike.vector.server.grpc.GrpcVectorDbServer$getAsyncExecutor$1
2882:             1             64  com.aerospike.vector.server.grpc.service.GrpcUserAdminService
2883:             2             64  com.aerospike.vector.storage.AerospikeScanContinuation
2884:             1             64  com.aerospike.vector.storage.cluster.AerospikeClusterMetaStore$storeHlcCLockGeneric$1
2885:             2             64  com.codahale.metrics.MetricRegistry
2886:             4             64  com.fasterxml.jackson.core.util.JacksonFeatureSet
2887:             2             64  com.fasterxml.jackson.databind.AnnotationIntrospector$ReferenceProperty$Type
2888:             2             64  com.fasterxml.jackson.databind.deser.impl.NullsConstantProvider
2889:             2             64  com.fasterxml.jackson.databind.deser.std.StdKeyDeserializer$StringKD
2890:             4             64  com.fasterxml.jackson.databind.introspect.BasicClassIntrospector
2891:             2             64  com.fasterxml.jackson.databind.module.SimpleSerializers
2892:             2             64  com.fasterxml.jackson.module.kotlin.KotlinAnnotationIntrospector
2893:             2             64  com.fasterxml.jackson.module.kotlin.KotlinNamesAnnotationIntrospector
2894:             2             64  com.fasterxml.jackson.module.kotlin.SingletonSupport
2895:             1             64  com.google.common.cache.CacheStats
2896:             1             64  com.google.common.io.BaseEncoding$Base16Encoding
2897:             1             64  com.google.common.util.concurrent.ThreadFactoryBuilder$1
2898:             2             64  com.google.inject.internal.InternalFlags$BytecodeGenOption
2899:             2             64  com.google.inject.internal.InternalFlags$IncludeStackTraceOption
2900:             2             64  com.google.inject.internal.InternalProviderInstanceBindingImpl$InitializationTiming
2901:             2             64  com.google.inject.internal.util.SourceProvider
2902:             2             64  com.google.protobuf.BooleanArrayList
2903:             2             64  com.google.protobuf.TextFormat$Parser$SingularOverwritePolicy
2904:             2             64  com.sun.jmx.mbeanserver.ClassLoaderRepositorySupport$LoaderEntry (java.management@21.0.6)
2905:             2             64  com.sun.jmx.mbeanserver.WeakIdentityHashMap (java.management@21.0.6)
2906:             2             64  io.grpc.Deadline
2907:             2             64  io.grpc.InternalKnownTransport
2908:             2             64  io.grpc.LoadBalancer$CreateSubchannelArgs$Key
2909:             2             64  io.grpc.PersistentHashArrayMappedTrie$Leaf
2910:             2             64  io.grpc.SynchronizationContext$ScheduledHandle
2911:             2             64  io.grpc.internal.InternalHandlerRegistry
2912:             1             64  io.grpc.internal.ManagedChannelServiceConfig
2913:             2             64  io.grpc.internal.MessageDeframer$State
2914:             2             64  io.grpc.netty.NettyServer$1
2915:             2             64  io.grpc.netty.Utils$EventLoopGroupType
2916:             2             64  io.netty.buffer.PoolArena$SizeClass
2917:             2             64  io.netty.buffer.PooledByteBufAllocator$PoolThreadLocalCache
2918:             1             64  io.netty.buffer.UnpooledHeapByteBuf
2919:             2             64  io.netty.handler.codec.http2.Http2FrameLogger$Direction
2920:             2             64  io.undertow.security.api.AuthenticationMode
2921:             1             64  io.undertow.server.protocol.ParseTimeoutUpdater
2922:             1             64  io.undertow.servlet.handlers.ServletPathMatches
2923:             2             64  io.undertow.servlet.handlers.ServletPathMatchesData$PathMatch
2924:             2             64  jakarta.ws.rs.RuntimeType
2925:             2             64  java.io.File$PathStatus (java.base@21.0.6)
2926:             2             64  java.lang.invoke.MethodHandles$Lookup$ClassOption (java.base@21.0.6)
2927:             2             64  java.lang.reflect.ReflectPermission (java.base@21.0.6)
2928:             2             64  java.security.CodeSigner (java.base@21.0.6)
2929:             2             64  java.security.Provider$OPType (java.base@21.0.6)
2930:             2             64  java.security.Timestamp (java.base@21.0.6)
2931:             2             64  java.sql.SQLPermission (java.sql@21.0.6)
2932:             2             64  java.time.OffsetDateTime (java.base@21.0.6)
2933:             2             64  java.time.OffsetTime (java.base@21.0.6)
2934:             2             64  java.time.ZoneRegion (java.base@21.0.6)
2935:             2             64  java.time.format.DateTimeFormatterBuilder$ZoneIdPrinterParser (java.base@21.0.6)
2936:             2             64  java.time.format.DateTimeTextProvider$LocaleStore (java.base@21.0.6)
2937:             1             64  java.util.ServiceLoader$LazyClassPathLookupIterator (java.base@21.0.6)
2938:             2             64  java.util.concurrent.CompletableFuture (java.base@21.0.6)
2939:             2             64  java.util.concurrent.CompletableFuture$TaskSubmitter (java.base@21.0.6)
2940:             2             64  java.util.concurrent.SynchronousQueue$Transferer (java.base@21.0.6)
2941:             2             64  java.util.logging.Logger$LoggerBundle (java.logging@21.0.6)
2942:             2             64  java.util.logging.LoggingPermission (java.logging@21.0.6)
2943:             2             64  java.util.regex.Pattern$Prolog (java.base@21.0.6)
2944:             2             64  jdk.incubator.vector.VectorOperators$TernaryImpl (jdk.incubator.vector@21.0.6)
2945:             1             64  jdk.internal.foreign.layout.ValueLayouts$OfBooleanImpl (java.base@21.0.6)
2946:             1             64  jdk.internal.icu.util.CodePointTrie$Fast16 (java.base@21.0.6)
2947:             2             64  jdk.internal.icu.util.CodePointTrie$Type (java.base@21.0.6)
2948:             1             64  jdk.internal.loader.URLClassPath (java.base@21.0.6)
2949:             1             64  jdk.internal.platform.cgroupv1.CgroupV1Subsystem (java.base@21.0.6)
2950:             2             64  kotlin.reflect.jvm.internal.KDeclarationContainerImpl$MemberBelonginess
2951:             2             64  kotlin.reflect.jvm.internal.impl.builtins.functions.BuiltInFictitiousFunctionClassFactory
2952:             1             64  kotlin.reflect.jvm.internal.impl.builtins.jvm.FallbackBuiltIns
2953:             2             64  kotlin.reflect.jvm.internal.impl.builtins.jvm.JvmBuiltInsCustomizer$$Lambda$5
2954:             1             64  kotlin.reflect.jvm.internal.impl.builtins.jvm.JvmBuiltInsCustomizer$createMockJavaIoSerializableType$mockJavaIoPackageFragment$1
2955:             2             64  kotlin.reflect.jvm.internal.impl.descriptors.runtime.components.ReflectKotlinClassFinder
2956:             1             64  kotlin.reflect.jvm.internal.impl.descriptors.runtime.structure.ReflectJavaClass$fields$1
2957:             1             64  kotlin.reflect.jvm.internal.impl.descriptors.runtime.structure.ReflectJavaClass$fields$2
2958:             1             64  kotlin.reflect.jvm.internal.impl.descriptors.runtime.structure.ReflectJavaClass$methods$2
2959:             1             64  kotlin.reflect.jvm.internal.impl.load.java.JavaTypeEnhancementState$Companion$DEFAULT$1
2960:             2             64  kotlin.reflect.jvm.internal.impl.load.java.components.JavaAnnotationDescriptor$$Lambda$0
2961:             1             64  kotlin.reflect.jvm.internal.impl.load.java.lazy.descriptors.LazyJavaAnnotationDescriptor
2962:             2             64  kotlin.reflect.jvm.internal.impl.load.java.structure.LightClassOriginKind
2963:             2             64  kotlin.reflect.jvm.internal.impl.load.java.typeEnhancement.MutabilityQualifier
2964:             1             64  kotlin.reflect.jvm.internal.impl.load.kotlin.BinaryClassAnnotationAndConstantLoaderImpl
2965:             2             64  kotlin.reflect.jvm.internal.impl.resolve.calls.inference.CapturedTypeConstructorImpl
2966:             1             64  kotlin.reflect.jvm.internal.impl.resolve.descriptorUtil.DescriptorUtilsKt$declaresOrInheritsDefaultValue$2
2967:             2             64  kotlin.reflect.jvm.internal.impl.serialization.deserialization.AnnotationAndConstantLoaderImpl
2968:             2             64  kotlin.reflect.jvm.internal.impl.serialization.deserialization.descriptors.DeserializedContainerAbiStability
2969:             2             64  kotlin.reflect.jvm.internal.impl.types.TypeUsage
2970:             1             64  kotlin.sequences.SequencesKt___SequencesKt$flatMap$2
2971:             2             64  kotlin.text.Regex
2972:             1             64  kotlinx.coroutines.DefaultExecutor
2973:             1             64  kotlinx.coroutines.channels.BufferedChannelKt$createSegmentFunction$1
2974:             2             64  kotlinx.coroutines.channels.TickerMode
2975:             1             64  kotlinx.coroutines.flow.internal.SafeCollectorKt$emitFun$1
2976:             1             64  kotlinx.coroutines.sync.SemaphoreAndMutexImpl$addAcquireToQueue$createNewSegment$1
2977:             1             64  kotlinx.coroutines.sync.SemaphoreAndMutexImpl$tryResumeNextFromQueue$createNewSegment$1
2978:             2             64  net.engio.mbassy.listener.Invoke
2979:             2             64  org.apache.commons.collections4.queue.SynchronizedQueue
2980:             4             64  org.bouncycastle.jcajce.provider.asymmetric.ecgost12.KeyFactorySpi
2981:             1             64  org.bouncycastle.jce.provider.BouncyCastleProviderConfiguration
2982:             2             64  org.bouncycastle.pqc.jcajce.provider.falcon.FalconKeyFactorySpi
2983:             2             64  org.glassfish.hk2.api.DescriptorType
2984:             2             64  org.glassfish.hk2.api.DescriptorVisibility
2985:             2             64  org.glassfish.hk2.api.ServiceLocatorState
2986:             1             64  org.glassfish.jersey.internal.guava.ThreadFactoryBuilder$1
2987:             2             64  org.glassfish.jersey.internal.inject.AbstractBinder$$Lambda/0x00007fcc10709070
2988:             2             64  org.glassfish.jersey.internal.l10n.LocalizableMessageFactory
2989:             2             64  org.glassfish.jersey.internal.l10n.Localizer
2990:             2             64  org.glassfish.jersey.jackson.internal.jackson.jaxrs.cfg.Annotations
2991:             1             64  org.glassfish.jersey.message.internal.MediaTypes$3
2992:             2             64  org.glassfish.jersey.message.internal.MessageBodyFactory$ModelLookupKey
2993:             2             64  org.glassfish.jersey.model.internal.RankedComparator$Order
2994:             1             64  org.glassfish.jersey.server.internal.JerseyResourceContext
2995:             2             64  org.glassfish.jersey.servlet.WebConfig$ConfigType
2996:             2             64  org.jboss.threads.EnhancedQueueExecutor$ThreadBody
2997:             2             64  org.slf4j.helpers.Reporter$TargetChoice
2998:             1             64  org.wildfly.common.context.ContextManager
2999:             1             64  org.xnio.nio.NioSocketStreamConnection
3000:             2             64  picocli.CommandLine$ParseResult$GroupValidationResult
3001:             2             64  picocli.CommandLine$ScopeType
3002:             2             64  sun.nio.ch.AllocatedNativeObject (java.base@21.0.6)
3003:             2             64  sun.nio.ch.NativeThreadSet (java.base@21.0.6)
3004:             2             64  sun.security.jca.ProviderList (java.base@21.0.6)
3005:             2             64  sun.security.util.DisabledAlgorithmConstraints$DisabledConstraint (java.base@21.0.6)
3006:             1             64  sun.text.resources.cldr.FormatData (java.base@21.0.6)
3007:             1             64  sun.text.resources.cldr.FormatData_en (java.base@21.0.6)
3008:             1             64  sun.util.resources.cldr.CalendarData (java.base@21.0.6)
3009:             1             56  [Lch.qos.logback.core.pattern.parser.TokenStream$TokenizerState;
3010:             1             56  [Lcom.aerospike.client.async.EventLoopType;
3011:             1             56  [Lcom.aerospike.client.policy.RecordExistsAction;
3012:             1             56  [Lcom.aerospike.client.policy.Replica;
3013:             1             56  [Lcom.fasterxml.jackson.annotation.Nulls;
3014:             1             56  [Lcom.fasterxml.jackson.core.JsonEncoding;
3015:             1             56  [Lcom.fasterxml.jackson.core.JsonFactory$Feature;
3016:             1             56  [Lcom.fasterxml.jackson.databind.cfg.JsonNodeFeature;
3017:             2             56  [Lcom.github.benmanes.caffeine.cache.Buffer;
3018:             1             56  [Lcom.google.common.cache.RemovalCause;
3019:             1             56  [Lio.grpc.ConnectivityState;
3020:             1             56  [Lio.grpc.MethodDescriptor$MethodType;
3021:             1             56  [Lio.grpc.MetricInstrument;
3022:             1             56  [Lio.netty.handler.logging.LogLevel;
3023:             1             56  [Lio.netty.util.internal.logging.InternalLogLevel;
3024:             1             56  [Ljakarta.servlet.http.MappingMatch;
3025:             1             56  [Ljava.lang.invoke.VarHandle$AccessType; (java.base@21.0.6)
3026:             1             56  [Ljava.time.format.SignStyle; (java.base@21.0.6)
3027:             1             56  [Ljdk.incubator.vector.VectorShape; (jdk.incubator.vector@21.0.6)
3028:             1             56  [Lkotlin.reflect.jvm.internal.impl.builtins.jvm.JvmBuiltInsCustomizer$JDKMemberStatus;
3029:             1             56  [Lkotlinx.coroutines.scheduling.CoroutineScheduler$WorkerState;
3030:             1             56  [Lorg.glassfish.jersey.internal.guava.RemovalCause;
3031:             1             56  [Lorg.glassfish.jersey.message.internal.HttpHeaderReader$Event;
3032:             1             56  [Lorg.yaml.snakeyaml.DumperOptions$ScalarStyle;
3033:             1             56  [Lpicocli.CommandLine$ParseResult$GroupValidationResult$Type;
3034:             1             56  [Lsun.util.locale.provider.LocaleProviderAdapter$Type; (java.base@21.0.6)
3035:             1             56  [[Ljava.lang.invoke.LambdaForm$Name; (java.base@21.0.6)
3036:             1             56  com.aerospike.client.cluster.Connection
3037:             1             56  com.aerospike.client.cluster.Peers
3038:             1             56  com.aerospike.client.cluster.Pool
3039:             1             56  com.aerospike.client.policy.BatchWritePolicy
3040:             1             56  com.aerospike.connect.metrics.Ticker
3041:             1             56  com.aerospike.connect.metrics.Ticker$1
3042:             1             56  com.aerospike.connect.metrics.manage.app.ManageApplication
3043:             1             56  com.aerospike.connect.metrics.manage.server.ManageServer
3044:             1             56  com.aerospike.vector.client.proto.AddUserRequest
3045:             1             56  com.aerospike.vector.client.proto.ClusteringState
3046:             1             56  com.aerospike.vector.client.proto.Field
3047:             1             56  com.aerospike.vector.client.proto.GcInvalidVerticesRequest
3048:             1             56  com.aerospike.vector.client.proto.GetRequest
3049:             1             56  com.aerospike.vector.client.proto.IsIndexedRequest
3050:             1             56  com.aerospike.vector.client.proto.Neighbor
3051:             1             56  com.aerospike.vector.client.proto.PutRequest
3052:             1             56  com.aerospike.vector.client.proto.Record
3053:             1             56  com.aerospike.vector.cluster.Cluster$LearnMessage
3054:             1             56  com.aerospike.vector.cluster.TickGenerator$cancellableFlow$1
3055:             1             56  com.aerospike.vector.distance.VectorDistanceServiceCpu
3056:             1             56  com.aerospike.vector.dns.AsyncDnsResolver$1
3057:             1             56  com.aerospike.vector.dns.AsyncDnsResolver$2
3058:             1             56  com.aerospike.vector.exchange.Exchange$ExchangeCommit
3059:             1             56  com.aerospike.vector.exchange.Exchange$ExchangeReadyToCommit
3060:             1             56  com.aerospike.vector.exchange.ExchangeService$1
3061:             1             56  com.aerospike.vector.heartbeat.AdjacencyMonitor$cancellableFlow$1
3062:             1             56  com.aerospike.vector.heartbeat.DiscoveryRegister$1
3063:             1             56  com.aerospike.vector.heartbeat.HeartbeatTransmitter$1
3064:             1             56  com.aerospike.vector.index.BatchIndexMergeStatus
3065:             1             56  com.aerospike.vector.index.DeleteProxyRequest
3066:             1             56  com.aerospike.vector.index.ExistsProxyRequest
3067:             1             56  com.aerospike.vector.index.GetProxyRequest
3068:             1             56  com.aerospike.vector.index.IndexMetricsResponse
3069:             1             56  com.aerospike.vector.index.IsIndexedProxyRequest
3070:             1             56  com.aerospike.vector.index.NodeBatchIndexMergeComplete
3071:             1             56  com.aerospike.vector.index.PutProxyRequest
3072:             1             56  com.aerospike.vector.index.StandaloneIndexBuildAbortRequest
3073:             1             56  com.aerospike.vector.index.StandaloneIndexBuildCompletedRequest
3074:             1             56  com.aerospike.vector.index.StandaloneIndexBuildStartRequest
3075:             1             56  com.aerospike.vector.index.StandaloneIndexWorker$cancellableFlow$1
3076:             1             56  com.aerospike.vector.index.VectorSearchProxyRequest
3077:             1             56  com.aerospike.vector.index.cache.IndexCacheCoordinator$2
3078:             1             56  com.aerospike.vector.index.cache.IndexCacheCoordinator$handleIndexSyncComplete$1$1
3079:             1             56  com.aerospike.vector.index.healer.coordinator.IndexHealerCoordinator$cancellableFlow$1
3080:             1             56  com.aerospike.vector.index.healer.worker.IndexHealerWorker$cancellableFlow$1
3081:             1             56  com.aerospike.vector.index.merge.coordinator.CoordinatorBatchMergeJob$1
3082:             1             56  com.aerospike.vector.index.merge.coordinator.IndexMergeCoordinator$currentPendingBatches$1$1
3083:             1             56  com.aerospike.vector.index.merge.worker.IndexMergeWorker$1
3084:             1             56  com.aerospike.vector.index.metrics.CacheMetricRefresher$cancellableFlow$1
3085:             1             56  com.aerospike.vector.index.metrics.IndexMetricsTracker$refreshClusterMetricsFlow$1
3086:             1             56  com.aerospike.vector.interconnect.InterconnectDirectory
3087:             1             56  com.aerospike.vector.server.grpc.service.GrpcIndexService
3088:             1             56  com.aerospike.vector.storage.AerospikeStorageFactory
3089:             1             56  com.aerospike.vector.storage.AerospikeStorageKvs$delete$4$2
3090:             1             56  com.aerospike.vector.storage.AerospikeStorageKvs$get$1
3091:             1             56  com.aerospike.vector.storage.cluster.AerospikeClusterMetaStore$storeHlcCLockGeneric$3
3092:             1             56  com.codahale.metrics.json.MetricsModule$TimerSerializer
3093:             1             56  com.fasterxml.jackson.databind.introspect.DefaultAccessorNamingStrategy$Provider
3094:             1             56  com.google.protobuf.ExtensionRegistry
3095:             1             56  com.sun.jmx.mbeanserver.JmxMBeanServer (java.management@21.0.6)
3096:             1             56  com.sun.jmx.mbeanserver.MBeanServerDelegateImpl (java.management@21.0.6)
3097:             1             56  com.sun.management.internal.DiagnosticCommandImpl (jdk.management@21.0.6)
3098:             1             56  com.sun.management.internal.OperatingSystemImpl (jdk.management@21.0.6)
3099:             1             56  io.grpc.InternalChannelz
3100:             1             56  io.netty.util.ResourceLeakDetector
3101:             1             56  io.netty.util.concurrent.DefaultPromise$StacklessCancellationException
3102:             1             56  io.undertow.security.handlers.SecurityInitialHandler
3103:             1             56  io.undertow.server.session.SessionCookieConfig
3104:             1             56  java.io.BufferedInputStream (java.base@21.0.6)
3105:             1             56  java.io.PrintWriter (java.base@21.0.6)
3106:             1             56  java.lang.ArithmeticException (java.base@21.0.6)
3107:             1             56  java.lang.ArrayIndexOutOfBoundsException (java.base@21.0.6)
3108:             1             56  java.lang.ArrayStoreException (java.base@21.0.6)
3109:             1             56  java.lang.ClassCastException (java.base@21.0.6)
3110:             1             56  java.lang.ExceptionInInitializerError (java.base@21.0.6)
3111:             1             56  java.lang.ThreadBuilders$VirtualThreadFactory (java.base@21.0.6)
3112:             1             56  java.lang.UnsupportedOperationException (java.base@21.0.6)
3113:             1             56  java.lang.VirtualMachineError (java.base@21.0.6)
3114:             1             56  java.net.Socket (java.base@21.0.6)
3115:             1             56  java.security.UnresolvedPermission (java.base@21.0.6)
3116:             1             56  java.util.Collections$UnmodifiableSortedMap (java.base@21.0.6)
3117:             1             56  java.util.ResourceBundle$2 (java.base@21.0.6)
3118:             1             56  java.util.ServiceLoader$ModuleServicesLookupIterator (java.base@21.0.6)
3119:             1             56  jdk.internal.event.SecurityProviderServiceEvent (java.base@21.0.6)
3120:             1             56  jdk.internal.loader.ArchivedClassLoaders (java.base@21.0.6)
3121:             1             56  jdk.net.ExtendedSocketOptions$1 (jdk.net@21.0.6)
3122:             1             56  kotlin.reflect.jvm.internal.impl.builtins.jvm.JvmBuiltInsPackageFragmentProvider
3123:             1             56  kotlin.reflect.jvm.internal.impl.load.java.components.JavaRetentionAnnotationDescriptor
3124:             1             56  kotlin.reflect.jvm.internal.impl.load.java.components.JavaTargetAnnotationDescriptor
3125:             1             56  kotlin.reflect.jvm.internal.impl.name.CallableId
3126:             1             56  kotlinx.coroutines.ResumeOnCompletion
3127:             1             56  kotlinx.coroutines.scheduling.DefaultScheduler
3128:             1             56  org.glassfish.jersey.server.internal.inject.PrimitiveValueOfExtractor
3129:             1             56  org.glassfish.jersey.server.internal.inject.WebTargetValueParamProvider
3130:             1             56  org.glassfish.jersey.server.model.ResourceMethodInvoker$Builder
3131:             1             56  org.glassfish.jersey.server.model.internal.JavaResourceMethodDispatcherProvider$VoidOutInvoker
3132:             1             56  org.glassfish.jersey.servlet.WebComponent
3133:             1             56  org.glassfish.jersey.servlet.WebComponent$WebComponentBinder
3134:             1             56  org.jboss.threads.EnhancedQueueExecutor$SchedulerTask
3135:             1             56  org.jvnet.hk2.internal.PerLocatorUtilities
3136:             1             56  org.jvnet.mimepull.MIMEConfig
3137:             1             56  picocli.CommandLine$Help$Ansi$Text
3138:             1             56  sun.nio.cs.StandardCharsets$Aliases (java.base@21.0.6)
3139:             1             56  sun.nio.cs.StandardCharsets$Cache (java.base@21.0.6)
3140:             1             56  sun.nio.cs.UTF_8$Decoder (java.base@21.0.6)
3141:             1             56  sun.security.provider.DSAPublicKeyImpl (java.base@21.0.6)
3142:             1             56  sun.security.util.KnownOIDs$1 (java.base@21.0.6)
3143:             1             56  sun.security.util.KnownOIDs$10 (java.base@21.0.6)
3144:             1             56  sun.security.util.KnownOIDs$2 (java.base@21.0.6)
3145:             1             56  sun.security.util.KnownOIDs$3 (java.base@21.0.6)
3146:             1             56  sun.security.util.KnownOIDs$4 (java.base@21.0.6)
3147:             1             56  sun.security.util.KnownOIDs$5 (java.base@21.0.6)
3148:             1             56  sun.security.util.KnownOIDs$6 (java.base@21.0.6)
3149:             1             56  sun.security.util.KnownOIDs$7 (java.base@21.0.6)
3150:             1             56  sun.security.util.KnownOIDs$8 (java.base@21.0.6)
3151:             1             56  sun.security.util.KnownOIDs$9 (java.base@21.0.6)
3152:             1             56  sun.util.resources.Bundles$1 (java.base@21.0.6)
3153:             3             48  [Lch.qos.logback.core.filter.Filter;
3154:             1             48  [Lcom.aerospike.client.BatchRecord$Type;
3155:             1             48  [Lcom.aerospike.client.Log$Level;
3156:             1             48  [Lcom.aerospike.client.policy.AuthMode;
3157:             1             48  [Lcom.aerospike.client.policy.ReadModeSC;
3158:             1             48  [Lcom.aerospike.vector.cluster.JoinRequestResult;
3159:             1             48  [Lcom.aerospike.vector.cluster.events.StateChangeQualifier;
3160:             1             48  [Lcom.aerospike.vector.config.NodeRoleSet;
3161:             1             48  [Lcom.aerospike.vector.exchange.ExchangeState;
3162:             1             48  [Lcom.aerospike.vector.index.IndexLogEntry$OperationCase;
3163:             1             48  [Lcom.fasterxml.jackson.core.StreamReadCapability;
3164:             1             48  [Lcom.fasterxml.jackson.core.util.Separators$Spacing;
3165:             1             48  [Lcom.fasterxml.jackson.databind.cfg.ConstructorDetector$SingleArgConstructor;
3166:             1             48  [Lcom.google.common.collect.MapMakerInternalMap$Segment;
3167:             1             48  [Lcom.google.inject.internal.Initializer$InjectableReferenceState;
3168:             1             48  [Lcom.google.inject.internal.InternalFlags$CustomClassLoadingOption;
3169:             1             48  [Lcom.google.protobuf.Descriptors$FileDescriptor$Syntax;
3170:             2             48  [Lcom.sun.jmx.mbeanserver.ClassLoaderRepositorySupport$LoaderEntry; (java.management@21.0.6)
3171:             1             48  [Lio.grpc.ChannelLogger$ChannelLogLevel;
3172:             1             48  [Lio.grpc.InternalChannelz$ChannelTrace$Event$Severity;
3173:             1             48  [Lio.grpc.internal.ClientStreamListener$RpcProgress;
3174:             1             48  [Lio.netty.channel.DefaultChannelPipeline$AddStrategy;
3175:             1             48  [Lio.netty.util.ResourceLeakDetector$Level;
3176:             1             48  [Lio.undertow.security.impl.SecurityContextImpl$AuthenticationState;
3177:             2             48  [Lio.undertow.server.handlers.form.FormParserFactory$ParserDefinition;
3178:             1             48  [Lio.undertow.servlet.api.TransportGuaranteeType;
3179:             1             48  [Ljava.lang.ThreadGroup; (java.base@21.0.6)
3180:             1             48  [Ljava.lang.ThreadLocal; (java.base@21.0.6)
3181:             1             48  [Ljava.lang.module.ModuleDescriptor$Modifier; (java.base@21.0.6)
3182:             1             48  [Ljava.lang.module.ModuleDescriptor$Requires$Modifier; (java.base@21.0.6)
3183:             1             48  [Ljava.text.Normalizer$Form; (java.base@21.0.6)
3184:             1             48  [Ljava.time.format.DateTimeFormatterBuilder$SettingsParser; (java.base@21.0.6)
3185:             1             48  [Ljava.time.temporal.IsoFields$Field; (java.base@21.0.6)
3186:             1             48  [Ljava.util.regex.Pattern$Qtype; (java.base@21.0.6)
3187:             1             48  [Ljava.util.stream.StreamShape; (java.base@21.0.6)
3188:             1             48  [Ljdk.internal.logger.BootstrapLogger$LoggingBackend; (java.base@21.0.6)
3189:             1             48  [Lkotlin.reflect.jvm.internal.impl.builtins.functions.FunctionTypeKind;
3190:             1             48  [Lkotlin.reflect.jvm.internal.impl.descriptors.CallableMemberDescriptor$Kind;
3191:             1             48  [Lkotlin.reflect.jvm.internal.impl.descriptors.Modality;
3192:             1             48  [Lkotlin.reflect.jvm.internal.impl.load.java.SpecialGenericSignatures$TypeSafeBarrierDescription;
3193:             1             48  [Lkotlin.reflect.jvm.internal.impl.load.java.descriptors.JavaMethodDescriptor$ParameterNamesStatus;
3194:             1             48  [Lkotlin.reflect.jvm.internal.impl.metadata.ProtoBuf$Type$Argument$Projection;
3195:             1             48  [Lkotlin.reflect.jvm.internal.impl.serialization.deserialization.AnnotatedCallableKind;
3196:             1             48  [Lkotlinx.coroutines.CoroutineStart;
3197:             1             48  [Lnet.engio.mbassy.bus.MessagePublication$State;
3198:             1             48  [Lorg.apache.commons.math3.ml.clustering.KMeansPlusPlusClusterer$EmptyClusterStrategy;
3199:             1             48  [Lorg.bouncycastle.crypto.params.DHParameters;
3200:             1             48  [Lorg.bouncycastle.crypto.params.DSAParameters;
3201:             1             48  [Lorg.glassfish.jersey.uri.internal.TemplateVariable$Position;
3202:             1             48  [Lorg.yaml.snakeyaml.nodes.NodeId;
3203:             1             48  [Lpicocli.CommandLine$TraceLevel;
3204:             1             48  ch.qos.logback.classic.util.ContextInitializer
3205:             2             48  ch.qos.logback.core.pattern.FormatInfo
3206:             1             48  com.aerospike.client.async.NettyEventLoops
3207:             1             48  com.aerospike.client.command.BatchAttr
3208:             1             48  com.aerospike.client.policy.BatchDeletePolicy
3209:             1             48  com.aerospike.connect.metrics.manage.config.ManageServerConfig
3210:             1             48  com.aerospike.connect.metrics.manage.service.PrometheusExports
3211:             1             48  com.aerospike.vector.client.proto.AuthRequest
3212:             1             48  com.aerospike.vector.client.proto.ClusterNodeEndpointsRequest
3213:             1             48  com.aerospike.vector.client.proto.DeleteRequest
3214:             1             48  com.aerospike.vector.client.proto.ExistsRequest
3215:             1             48  com.aerospike.vector.client.proto.GrantRolesRequest
3216:             1             48  com.aerospike.vector.client.proto.IndexCreateRequest
3217:             1             48  com.aerospike.vector.client.proto.IndexDropRequest
3218:             1             48  com.aerospike.vector.client.proto.IndexGetRequest
3219:             1             48  com.aerospike.vector.client.proto.IndexStatusRequest
3220:             1             48  com.aerospike.vector.client.proto.RevokeRolesRequest
3221:             1             48  com.aerospike.vector.client.proto.ServerEndpoint
3222:             1             48  com.aerospike.vector.client.proto.UpdateCredentialsRequest
3223:             1             48  com.aerospike.vector.client.proto.User
3224:             1             48  com.aerospike.vector.client.proto.Value
3225:             1             48  com.aerospike.vector.cluster.Cluster$AcceptMessage
3226:             1             48  com.aerospike.vector.cluster.Cluster$JoinReject
3227:             1             48  com.aerospike.vector.cluster.Cluster$JoinRequest
3228:             1             48  com.aerospike.vector.cluster.Cluster$PrepareMessage
3229:             1             48  com.aerospike.vector.cluster.Cluster$ProposalId
3230:             2             48  com.aerospike.vector.cluster.ClusterEpoch$$Lambda/0x00007fcc104a9fd0
3231:             2             48  com.aerospike.vector.cluster.QuantumIntervalGenerator$$Lambda/0x00007fcc104eb060
3232:             1             48  com.aerospike.vector.cluster.TickGenerator
3233:             1             48  com.aerospike.vector.exchange.ExchangeClusterStateService
3234:             1             48  com.aerospike.vector.heartbeat.Heartbeat$EndpointsQuery
3235:             2             48  com.aerospike.vector.heartbeat.HeartbeatServiceGrpc$HeartbeatServiceMethodDescriptorSupplier
3236:             2             48  com.aerospike.vector.heartbeat.HeartbeatServiceGrpc$MethodHandlers
3237:             1             48  com.aerospike.vector.index.BatchBucketStore
3238:             1             48  com.aerospike.vector.index.BatchIndexStatusResponse
3239:             1             48  com.aerospike.vector.index.EvictCachedVerticesRequest
3240:             1             48  com.aerospike.vector.index.ExistsProxyResponse
3241:             1             48  com.aerospike.vector.index.GetProxyResponse
3242:             3             48  com.aerospike.vector.index.IndexCatalog$$FastClassByGuice$$2643561
3243:             3             48  com.aerospike.vector.index.IndexLog$$FastClassByGuice$$2525e65
3244:             1             48  com.aerospike.vector.index.IsIndexedProxyResponse
3245:             1             48  com.aerospike.vector.index.MarkCachedVerticesInvalidRequest
3246:             1             48  com.aerospike.vector.index.VectorSearchProxyResponse
3247:             1             48  com.aerospike.vector.index.config.IndexCleanupConfig
3248:             1             48  com.aerospike.vector.index.hnsw.store.PersistentHnswGraphStore$BreadthFirstSearch
3249:             1             48  com.aerospike.vector.index.merge.BatchJobLauncher
3250:             1             48  com.aerospike.vector.index.merge.coordinator.config.IndexBatchMergeConfig
3251:             1             48  com.aerospike.vector.index.metrics.CacheMetricRefresher
3252:             3             48  com.aerospike.vector.index.metrics.IndexMetricsRegistry$$FastClassByGuice$$28be039
3253:             2             48  com.aerospike.vector.index.scan.Scanner$ScanConfig
3254:             3             48  com.aerospike.vector.server.grpc.service.GrpcTransactService$$FastClassByGuice$$63308cc
3255:             1             48  com.aerospike.vector.storage.AerospikeStorageKvs
3256:             2             48  com.codahale.metrics.jvm.MemoryUsageGaugeSet$$Lambda/0x00007fcc10337280
3257:             2             48  com.fasterxml.jackson.databind.InjectableValues$Std
3258:             2             48  com.fasterxml.jackson.databind.ObjectMapper$1
3259:             1             48  com.fasterxml.jackson.databind.ObjectWriter$GeneratorSettings
3260:             2             48  com.fasterxml.jackson.databind.module.SimpleDeserializers
3261:             2             48  com.fasterxml.jackson.databind.ser.std.BooleanSerializer
3262:             1             48  com.fasterxml.jackson.databind.ser.std.CalendarSerializer
3263:             1             48  com.fasterxml.jackson.databind.ser.std.DateSerializer
3264:             1             48  com.fasterxml.jackson.databind.type.TypeFactory
3265:             2             48  com.fasterxml.jackson.module.kotlin.KotlinDeserializers
3266:             2             48  com.fasterxml.jackson.module.kotlin.KotlinInstantiators
3267:             1             48  com.github.benmanes.caffeine.cache.BoundedLocalCache$BoundedLocalLoadingCache
3268:             2             48  com.github.benmanes.caffeine.cache.BoundedLocalCache$EntrySetView
3269:             1             48  com.github.benmanes.caffeine.cache.NodeFactory$DeadWeakKey
3270:             1             48  com.github.benmanes.caffeine.cache.NodeFactory$RetiredWeakKey
3271:             2             48  com.google.common.base.Joiner
3272:             2             48  com.google.inject.internal.Annotations$AnnotationChecker$1
3273:             1             48  com.google.protobuf.GeneratedMessageV3$FieldAccessorTable$RealOneofAccessor
3274:             1             48  com.google.protobuf.MapFieldBuilder
3275:             1             48  com.google.protobuf.TextFormat$Parser
3276:             1             48  com.sun.management.internal.OperatingSystemImpl$ProcessCpuTicks (jdk.management@21.0.6)
3277:             1             48  com.sun.management.internal.OperatingSystemImpl$SystemCpuTicks (jdk.management@21.0.6)
3278:             2             48  com.sun.proxy.jdk.proxy1.$Proxy18 (jdk.proxy1)
3279:             2             48  io.grpc.Context$CancellableContext$1CancelOnExpiration
3280:             2             48  io.grpc.DecompressorRegistry$DecompressorInfo
3281:             2             48  io.grpc.Metadata
3282:             2             48  io.grpc.SynchronizationContext$ManagedRunnable
3283:             2             48  io.grpc.internal.ManagedChannelImpl$SubchannelImpl$1ShutdownSubchannel
3284:             2             48  io.grpc.internal.MessageFramer$OutputStreamAdapter
3285:             2             48  io.grpc.internal.SerializeReentrantCallsDirectExecutor
3286:             2             48  io.grpc.internal.ServerCallImpl$ServerStreamListenerImpl$1
3287:             2             48  io.grpc.internal.ServerImpl$ServerListenerImpl
3288:             2             48  io.grpc.internal.ServerImpl$ServerTransportListenerImpl$1HandleServerCall$1ServerStreamCancellationListener
3289:             2             48  io.grpc.netty.NettyServer$SharedResourceReferenceCounter
3290:             2             48  io.grpc.netty.NettyServerStream$Sink
3291:             2             48  io.grpc.netty.NettyWritableBufferAllocator
3292:             2             48  io.netty.buffer.PooledByteBufAllocator$1
3293:             2             48  io.netty.buffer.PooledByteBufAllocatorMetric
3294:             2             48  io.netty.channel.group.DefaultChannelGroup$1
3295:             2             48  io.netty.channel.group.VoidChannelGroupFuture
3296:             1             48  io.netty.handler.codec.http.HttpStatusClass$1
3297:             2             48  io.netty.util.concurrent.ThreadPerTaskExecutor
3298:             2             48  io.undertow.server.DefaultByteBufferPool$ThreadLocalCache
3299:             2             48  io.undertow.server.handlers.form.FormEncodedDataDefinition
3300:             2             48  io.undertow.server.handlers.form.FormParserFactory
3301:             1             48  io.undertow.server.protocol.http.ServerFixedLengthStreamSinkConduit
3302:             1             48  io.undertow.servlet.core.DeploymentManagerImpl
3303:             2             48  io.undertow.servlet.core.ManagedServlet$DefaultInstanceStrategy$1
3304:             2             48  io.undertow.servlet.handlers.ServletHandler
3305:             1             48  io.undertow.servlet.handlers.security.CachedAuthenticatedSessionHandler
3306:             1             48  io.undertow.servlet.spec.SessionCookieConfigImpl
3307:             2             48  io.undertow.servlet.util.ConstructorInstanceFactory
3308:             1             48  io.undertow.util.PathMatcher
3309:             2             48  io.undertow.util.SubstringMap
3310:             1             48  jakarta.xml.bind.JAXBElement
3311:             2             48  java.io.FilePermissionCollection (java.base@21.0.6)
3312:             1             48  java.lang.Module$ArchivedData (java.base@21.0.6)
3313:             1             48  java.lang.invoke.VarHandleLongs$Array (java.base@21.0.6)
3314:             1             48  java.lang.module.ModuleDescriptor$Version (java.base@21.0.6)
3315:             1             48  java.net.InetAddress$CachedLookup (java.base@21.0.6)
3316:             2             48  java.nio.ByteOrder (java.base@21.0.6)
3317:             2             48  java.nio.channels.spi.AbstractSelector$1 (java.base@21.0.6)
3318:             2             48  java.nio.file.attribute.PosixFilePermissions$1 (java.base@21.0.6)
3319:             2             48  java.time.format.DateTimeFormatterBuilder$1 (java.base@21.0.6)
3320:             3             48  java.util.Base64$Decoder (java.base@21.0.6)
3321:             2             48  java.util.ResourceBundle$SingleFormatControl (java.base@21.0.6)
3322:             1             48  java.util.zip.ZipCoder$UTF8ZipCoder (java.base@21.0.6)
3323:             1             48  jdk.internal.jimage.ImageHeader (java.base@21.0.6)
3324:             2             48  jdk.internal.misc.Signal$NativeHandler (java.base@21.0.6)
3325:             1             48  jdk.internal.org.objectweb.asm.ConstantDynamic (java.base@21.0.6)
3326:             1             48  jdk.internal.org.objectweb.asm.Handle (java.base@21.0.6)
3327:             2             48  jdk.internal.reflect.ReflectionFactory$Config (java.base@21.0.6)
3328:             2             48  jdk.proxy2.$Proxy14 (jdk.proxy2)
3329:             2             48  jdk.proxy2.$Proxy25 (jdk.proxy2)
3330:             2             48  jdk.proxy2.$Proxy34 (jdk.proxy2)
3331:             2             48  jdk.proxy2.$Proxy5 (jdk.proxy2)
3332:             2             48  jdk.proxy2.$Proxy54 (jdk.proxy2)
3333:             2             48  jdk.proxy2.$Proxy65 (jdk.proxy2)
3334:             2             48  jdk.proxy2.$Proxy66 (jdk.proxy2)
3335:             2             48  kotlin.reflect.jvm.internal.KProperty0Impl$$Lambda$0
3336:             2             48  kotlin.reflect.jvm.internal.KProperty0Impl$$Lambda$1
3337:             2             48  kotlin.reflect.jvm.internal.KPropertyImpl$Setter$$Lambda$0
3338:             2             48  kotlin.reflect.jvm.internal.impl.builtins.KotlinBuiltIns$1
3339:             2             48  kotlin.reflect.jvm.internal.impl.builtins.KotlinBuiltIns$2
3340:             2             48  kotlin.reflect.jvm.internal.impl.builtins.KotlinBuiltIns$3
3341:             2             48  kotlin.reflect.jvm.internal.impl.descriptors.NotFoundClasses$$Lambda$0
3342:             2             48  kotlin.reflect.jvm.internal.impl.descriptors.NotFoundClasses$$Lambda$1
3343:             2             48  kotlin.reflect.jvm.internal.impl.descriptors.annotations.BuiltInAnnotationDescriptor$$Lambda$0
3344:             2             48  kotlin.reflect.jvm.internal.impl.descriptors.impl.ModuleDescriptorImpl$$Lambda$0
3345:             2             48  kotlin.reflect.jvm.internal.impl.descriptors.runtime.components.ReflectAnnotationSource
3346:             1             48  kotlin.reflect.jvm.internal.impl.descriptors.runtime.structure.Java16SealedRecordLoader$Cache
3347:             1             48  kotlin.reflect.jvm.internal.impl.load.java.Jsr305Settings
3348:             2             48  kotlin.reflect.jvm.internal.impl.load.java.NullabilityAnnotationStatesImpl$$Lambda$0
3349:             2             48  kotlin.reflect.jvm.internal.impl.load.java.typeEnhancement.EnhancedTypeAnnotations
3350:             2             48  kotlin.reflect.jvm.internal.impl.resolve.constants.StringValue
3351:             2             48  kotlin.reflect.jvm.internal.impl.serialization.deserialization.DeserializedClassDataFinder
3352:             3             48  kotlin.reflect.jvm.internal.impl.serialization.deserialization.builtins.BuiltInsResourceLoader
3353:             2             48  kotlin.reflect.jvm.internal.impl.types.TypeUtils$SpecialType
3354:             1             48  kotlinx.coroutines.channels.ProducerCoroutine
3355:             2             48  kotlinx.coroutines.scheduling.GlobalQueue
3356:             1             48  net.engio.mbassy.common.StrongConcurrentSet
3357:             2             48  org.bouncycastle.math.field.PrimeField
3358:             3             48  org.bouncycastle.pqc.jcajce.provider.bike.BIKEKeyFactorySpi
3359:             3             48  org.bouncycastle.pqc.jcajce.provider.hqc.HQCKeyFactorySpi
3360:             1             48  org.glassfish.hk2.utilities.reflection.internal.ClassReflectionHelperImpl
3361:             1             48  org.glassfish.jersey.inject.hk2.ContextInjectionResolverImpl
3362:             1             48  org.glassfish.jersey.inject.hk2.Hk2BootstrapBinder
3363:             1             48  org.glassfish.jersey.inject.hk2.JerseyClassAnalyzer$Binder
3364:             1             48  org.glassfish.jersey.jackson.internal.jackson.jaxrs.json.JsonMapperConfigurator
3365:             1             48  org.glassfish.jersey.media.multipart.internal.FormDataParamInjectionFeature$1
3366:             1             48  org.glassfish.jersey.message.internal.QualitySourceMediaType
3367:             2             48  org.glassfish.jersey.spi.AbstractThreadPoolProvider$$Lambda/0x00007fcc10735048
3368:             2             48  org.jboss.threads.DelegatingExecutorService
3369:             2             48  org.jboss.threads.EnhancedQueueExecutor$TerminateWaiterNode
3370:             2             48  org.jboss.threads.Messages_$logger
3371:             2             48  org.slf4j.helpers.ThreadLocalMapOfStacks
3372:             2             48  org.xnio.Option$9
3373:             1             48  org.xnio.conduits.ConduitStreamSinkChannel
3374:             1             48  org.xnio.conduits.ConduitStreamSourceChannel
3375:             1             48  org.xnio.nio.NioXnio
3376:             1             48  org.xnio.nio.NioXnioWorker$NioWorkerMetrics
3377:             1             48  org.xnio.nio.WorkerThread$TimeKey
3378:             2             48  sun.nio.ch.IOVecWrapper$Deallocator (java.base@21.0.6)
3379:             3             48  sun.nio.ch.SocketDispatcher (java.base@21.0.6)
3380:             2             48  sun.nio.ch.Util$2 (java.base@21.0.6)
3381:             1             48  sun.reflect.annotation.AnnotatedTypeFactory$AnnotatedTypeBaseImpl (java.base@21.0.6)
3382:             2             48  sun.security.jca.ProviderList$3 (java.base@21.0.6)
3383:             2             48  sun.security.provider.FileInputStreamPool$UnclosableInputStream (java.base@21.0.6)
3384:             1             48  sun.security.provider.PolicyFile$PolicyInfo (java.base@21.0.6)
3385:             1             48  sun.security.util.DisabledAlgorithmConstraints (java.base@21.0.6)
3386:             1             48  sun.security.util.DisabledAlgorithmConstraints$DenyAfterConstraint (java.base@21.0.6)
3387:             2             48  sun.util.resources.LocaleData (java.base@21.0.6)
3388:             1             40  [Lch.qos.logback.classic.spi.Configurator$ExecutionStatus;
3389:             2             40  [Lch.qos.logback.core.Appender;
3390:             1             40  [Lch.qos.logback.core.spi.FilterReply;
3391:             1             40  [Lcom.aerospike.client.policy.GenerationPolicy;
3392:             1             40  [Lcom.aerospike.vector.client.proto.Vector$DataCase;
3393:             1             40  [Lcom.aerospike.vector.cluster.MonitorState;
3394:             1             40  [Lcom.aerospike.vector.cluster.PaxosAcceptorState;
3395:             1             40  [Lcom.aerospike.vector.cluster.PaxosProposerState;
3396:             1             40  [Lcom.fasterxml.jackson.core.Base64Variant$PaddingReadBehaviour;
3397:             1             40  [Lcom.fasterxml.jackson.databind.util.AccessPattern;
3398:             1             40  [Lcom.fasterxml.jackson.databind.util.internal.PrivateMaxEntriesMap$DrainStatus;
3399:             1             40  [Lcom.google.common.cache.LocalCache$Strength;
3400:             1             40  [Lcom.google.inject.Stage;
3401:             1             40  [Lcom.google.inject.internal.InjectorImpl$JitLimitation;
3402:             1             40  [Lcom.google.inject.internal.InternalFlags$ColorizeOption;
3403:             1             40  [Lcom.google.inject.internal.InternalFlags$NullableProvidesOption;
3404:             1             40  [Lcom.google.inject.spi.InjectionPoint$Position;
3405:             1             40  [Lcom.google.protobuf.Descriptors$DescriptorPool$SearchFilter;
3406:             1             40  [Lcom.google.protobuf.MapField$StorageMode;
3407:             1             40  [Lcom.google.protobuf.WireFormat$Utf8Validation;
3408:             1             40  [Lio.grpc.SecurityLevel;
3409:             1             40  [Lio.grpc.internal.ManagedChannelImpl$ResolutionState;
3410:             1             40  [Lio.grpc.netty.NegotiationType;
3411:             1             40  [Lio.netty.handler.codec.http2.HpackDecoder$HeaderType;
3412:             1             40  [Lio.netty.handler.codec.http2.HpackUtil$IndexType;
3413:             1             40  [Lio.netty.handler.codec.http2.Http2Exception$ShutdownHint;
3414:             1             40  [Lio.undertow.Undertow$ListenerType;
3415:             1             40  [Lio.undertow.security.api.AuthenticationMechanism$AuthenticationMechanismOutcome;
3416:             1             40  [Lio.undertow.servlet.api.DeploymentManager$State;
3417:             1             40  [Lio.undertow.servlet.api.ServletStackTraces;
3418:             1             40  [Lio.undertow.servlet.core.ApplicationListeners$ListenerState;
3419:             1             40  [Lio.undertow.servlet.handlers.ServletPathMatch$Type;
3420:             1             40  [Lio.undertow.servlet.spec.HttpServletResponseImpl$ResponseState;
3421:             1             40  [Ljakarta.servlet.SessionTrackingMode;
3422:             1             40  [Ljava.lang.ProcessImpl$LaunchMechanism; (java.base@21.0.6)
3423:             1             40  [Ljava.lang.invoke.MethodHandleImpl$ArrayAccess; (java.base@21.0.6)
3424:             1             40  [Ljava.net.Proxy$Type; (java.base@21.0.6)
3425:             1             40  [Ljava.net.StandardProtocolFamily; (java.base@21.0.6)
3426:             1             40  [Ljava.security.DrbgParameters$Capability; (java.base@21.0.6)
3427:             1             40  [Ljava.time.format.ResolverStyle; (java.base@21.0.6)
3428:             1             40  [Ljava.time.temporal.JulianFields$Field; (java.base@21.0.6)
3429:             1             40  [Ljava.util.stream.MatchOps$MatchKind; (java.base@21.0.6)
3430:             1             40  [Ljava.util.zip.ZipCoder$Comparison; (java.base@21.0.6)
3431:             1             40  [Ljdk.internal.icu.util.CodePointTrie$ValueWidth; (java.base@21.0.6)
3432:             1             40  [Ljdk.internal.module.ServicesCatalog; (java.base@21.0.6)
3433:             1             40  [Lkotlin.LazyThreadSafetyMode;
3434:             1             40  [Lkotlin.coroutines.intrinsics.CoroutineSingletons;
3435:             1             40  [Lkotlin.reflect.KParameter$Kind;
3436:             1             40  [Lkotlin.reflect.jvm.internal.impl.builtins.jvm.JvmBuiltIns$Kind;
3437:             1             40  [Lkotlin.reflect.jvm.internal.impl.load.java.ReportLevel;
3438:             1             40  [Lkotlin.reflect.jvm.internal.impl.load.java.lazy.types.JavaTypeFlexibility;
3439:             1             40  [Lkotlin.reflect.jvm.internal.impl.load.java.typeEnhancement.NullabilityQualifier;
3440:             1             40  [Lkotlin.reflect.jvm.internal.impl.load.java.typeEnhancement.TypeComponentPosition;
3441:             1             40  [Lkotlin.reflect.jvm.internal.impl.metadata.ProtoBuf$QualifiedNameTable$QualifiedName$Kind;
3442:             1             40  [Lkotlin.reflect.jvm.internal.impl.metadata.ProtoBuf$TypeParameter$Variance;
3443:             1             40  [Lkotlin.reflect.jvm.internal.impl.metadata.jvm.JvmProtoBuf$StringTableTypes$Record$Operation;
3444:             1             40  [Lkotlin.reflect.jvm.internal.impl.renderer.AnnotationArgumentsRenderingPolicy;
3445:             1             40  [Lkotlin.reflect.jvm.internal.impl.renderer.OverrideRenderingPolicy;
3446:             1             40  [Lkotlin.reflect.jvm.internal.impl.renderer.ParameterNameRenderingPolicy;
3447:             1             40  [Lkotlin.reflect.jvm.internal.impl.renderer.PropertyAccessorRenderingPolicy;
3448:             1             40  [Lkotlin.reflect.jvm.internal.impl.resolve.ExternalOverridabilityCondition$Contract;
3449:             1             40  [Lkotlin.reflect.jvm.internal.impl.resolve.ExternalOverridabilityCondition$Result;
3450:             1             40  [Lkotlin.reflect.jvm.internal.impl.resolve.OverridingUtil$OverrideCompatibilityInfo$Result;
3451:             1             40  [Lkotlin.reflect.jvm.internal.impl.storage.LockBasedStorageManager$NotValue;
3452:             1             40  [Lkotlin.reflect.jvm.internal.impl.types.TypeCheckerState$LowerCapturedTypePolicy;
3453:             1             40  [Lkotlin.reflect.jvm.internal.impl.types.TypeSubstitutor$VarianceConflictType;
3454:             1             40  [Lkotlin.reflect.jvm.internal.impl.types.Variance;
3455:             1             40  [Lkotlin.reflect.jvm.internal.impl.types.model.CaptureStatus;
3456:             1             40  [Lkotlin.reflect.jvm.internal.impl.types.model.TypeVariance;
3457:             1             40  [Lkotlinx.coroutines.channels.BufferOverflow;
3458:             1             40  [Lorg.apache.commons.io.StandardLineSeparator;
3459:             1             40  [Lorg.bouncycastle.asn1.ASN1ObjectIdentifier;
3460:             1             40  [Lorg.glassfish.hk2.api.InstanceLifecycleEventType;
3461:             1             40  [Lorg.glassfish.hk2.api.ServiceLocatorFactory$CreatePolicy;
3462:             1             40  [Lorg.glassfish.jersey.Severity;
3463:             1             40  [Lorg.glassfish.jersey.internal.inject.ParamConverters$OptionalProvider$Optionals;
3464:             1             40  [Lorg.glassfish.jersey.internal.inject.Providers$ProviderRuntime;
3465:             1             40  [Lorg.glassfish.jersey.message.internal.TracingLogger$Level;
3466:             1             40  [Lorg.glassfish.jersey.server.TracingConfig;
3467:             1             40  [Lorg.glassfish.jersey.server.model.ResourceMethod$JaxrsType;
3468:             1             40  [Lorg.glassfish.jersey.server.spi.internal.ValueParamProvider$Priority;
3469:             1             40  [Lorg.glassfish.jersey.uri.JerseyQueryParamStyle;
3470:             1             40  [Lorg.slf4j.helpers.Reporter$Level;
3471:             1             40  [Lorg.yaml.snakeyaml.DumperOptions$FlowStyle;
3472:             1             40  [Lpicocli.CommandLine$Help$Ansi;
3473:             1             40  [Lpicocli.CommandLine$LookBehind;
3474:             1             40  [Lpicocli.CommandLine$Model$InitialValueState;
3475:             1             40  [Lsun.security.provider.NativePRNG$Variant; (java.base@21.0.6)
3476:             1             40  [[[Ljdk.incubator.vector.VectorOperators$ConversionImpl; (jdk.incubator.vector@21.0.6)
3477:             1             40  ch.qos.logback.classic.spi.LogbackServiceProvider
3478:             1             40  ch.qos.logback.classic.spi.LoggerContextVO
3479:             1             40  ch.qos.logback.classic.util.LogbackMDCAdapter
3480:             1             40  ch.qos.logback.core.helpers.CyclicBuffer
3481:             1             40  com.aerospike.client.policy.BatchUDFPolicy
3482:             1             40  com.aerospike.connect.logging.inject.LoggingGuiceModule
3483:             1             40  com.aerospike.connect.metrics.ThreadStatesGaugeSet
3484:             1             40  com.aerospike.connect.serde.SerdeGuiceModule
3485:             1             40  com.aerospike.vector.ByteArrayList
3486:             1             40  com.aerospike.vector.client.proto.AuthResponse
3487:             1             40  com.aerospike.vector.client.proto.ClusterId
3488:             1             40  com.aerospike.vector.client.proto.ClusterNodeEndpoints
3489:             1             40  com.aerospike.vector.client.proto.DropUserRequest
3490:             1             40  com.aerospike.vector.client.proto.GetUserRequest
3491:             1             40  com.aerospike.vector.client.proto.IndexDefinitionList
3492:             1             40  com.aerospike.vector.client.proto.IndexListRequest
3493:             1             40  com.aerospike.vector.client.proto.ListRolesResponse
3494:             1             40  com.aerospike.vector.client.proto.ListUsersResponse
3495:             1             40  com.aerospike.vector.client.proto.ServerEndpointList
3496:             1             40  com.aerospike.vector.cluster.Cluster$ReClusterMessage
3497:             1             40  com.aerospike.vector.cluster.serde.ClientTlsConfigDeserializer
3498:             1             40  com.aerospike.vector.cluster.serde.ServerTlsConfigDeserializer
3499:             1             40  com.aerospike.vector.config.ClusterConfig
3500:             1             40  com.aerospike.vector.exchange.ExchangeLimits
3501:             1             40  com.aerospike.vector.heartbeat.Heartbeat$EndpointsResponse
3502:             1             40  com.aerospike.vector.hlc.HlcClock
3503:             1             40  com.aerospike.vector.index.BatchMetaScanListener
3504:             1             40  com.aerospike.vector.index.CentroidMap
3505:             1             40  com.aerospike.vector.index.InvalidVertices
3506:             1             40  com.aerospike.vector.index.metrics.ClusterIndexMetricsCollector
3507:             1             40  com.aerospike.vector.inject.VectorDbGuiceModule
3508:             1             40  com.aerospike.vector.server.grpc.server.interceptor.InterconnectAuthorizationServerInterceptor
3509:             1             40  com.aerospike.vector.server.grpc.service.GrpcClusterInfoService
3510:             1             40  com.aerospike.vector.server.grpc.service.internal.GrpcIndexServiceInternal
3511:             1             40  com.aerospike.vector.server.grpc.service.internal.GrpcTransactServiceInternal
3512:             1             40  com.aerospike.vector.storage.AerospikeStorageKvs$AsListenerToStorageRecordStreamListener
3513:             1             40  com.aerospike.vector.storage.index.AerospikeStorageIndexCleaner
3514:             1             40  com.codahale.metrics.json.MetricsModule$MeterSerializer
3515:             1             40  com.cronutils.model.definition.CronDefinition
3516:             1             40  com.cronutils.model.field.definition.DayOfWeekFieldDefinition
3517:             1             40  com.fasterxml.jackson.core.StreamReadConstraints
3518:             1             40  com.fasterxml.jackson.databind.ObjectWriter$Prefetch
3519:             1             40  com.fasterxml.jackson.databind.deser.impl.FailingDeserializer
3520:             1             40  com.fasterxml.jackson.databind.deser.std.JsonNodeDeserializer
3521:             1             40  com.fasterxml.jackson.databind.ser.std.NumberSerializers$FloatSerializer
3522:             1             40  com.fasterxml.jackson.databind.ser.std.NumberSerializers$IntLikeSerializer
3523:             1             40  com.fasterxml.jackson.databind.ser.std.NumberSerializers$ShortSerializer
3524:             1             40  com.google.common.base.Splitter
3525:             1             40  com.google.common.util.concurrent.AbstractFuture$Listener
3526:             1             40  com.google.inject.internal.SingleMethodInjector
3527:             1             40  com.google.protobuf.WireFormat$FieldType$1
3528:             1             40  com.google.protobuf.WireFormat$FieldType$2
3529:             1             40  com.google.protobuf.WireFormat$FieldType$3
3530:             1             40  com.google.protobuf.WireFormat$FieldType$4
3531:             1             40  com.sun.jmx.mbeanserver.ClassLoaderRepositorySupport (java.management@21.0.6)
3532:             1             40  com.sun.jmx.mbeanserver.DefaultMXBeanMappingFactory$MXBeanRefMapping (java.management@21.0.6)
3533:             1             40  com.sun.jmx.mbeanserver.MXBeanLookup (java.management@21.0.6)
3534:             1             40  com.sun.jmx.mbeanserver.Repository (java.management@21.0.6)
3535:             1             40  io.grpc.MetricInstrumentRegistry
3536:             1             40  io.grpc.internal.InstantTimeProvider
3537:             1             40  io.grpc.internal.ManagedChannelImpl$NameResolverListener
3538:             1             40  io.grpc.internal.ProxyDetectorImpl
3539:             1             40  io.grpc.internal.SharedResourceHolder
3540:             1             40  io.undertow.servlet.core.ErrorPages
3541:             1             40  io.undertow.servlet.core.ManagedFilters
3542:             1             40  io.undertow.servlet.core.ManagedServlets
3543:             1             40  io.undertow.servlet.core.SessionListenerBridge
3544:             1             40  io.undertow.servlet.handlers.ServletPathMatchesData
3545:             1             40  it.unimi.dsi.util.XoRoShiRo128PlusRandomGenerator
3546:             1             40  java.lang.ProcessEnvironment$StringEnvironment (java.base@21.0.6)
3547:             1             40  java.lang.invoke.VarHandleByteArrayAsChars$ArrayHandle (java.base@21.0.6)
3548:             1             40  java.lang.invoke.VarHandleByteArrayAsDoubles$ArrayHandle (java.base@21.0.6)
3549:             1             40  java.lang.invoke.VarHandleByteArrayAsFloats$ArrayHandle (java.base@21.0.6)
3550:             1             40  java.lang.invoke.VarHandleByteArrayAsShorts$ArrayHandle (java.base@21.0.6)
3551:             1             40  java.net.InetAddress$CachedLocalHost (java.base@21.0.6)
3552:             1             40  java.security.AlgorithmParameters (java.base@21.0.6)
3553:             1             40  java.text.DontCareFieldPosition (java.base@21.0.6)
3554:             1             40  java.util.concurrent.ConcurrentHashMap$MapEntry (java.base@21.0.6)
3555:             1             40  java.util.concurrent.LinkedTransferQueue$DualNode (java.base@21.0.6)
3556:             1             40  java.util.logging.LogManager$LoggerContext (java.logging@21.0.6)
3557:             1             40  java.util.logging.LogManager$SystemLoggerContext (java.logging@21.0.6)
3558:             1             40  java.util.regex.Pattern$NotBehind (java.base@21.0.6)
3559:             1             40  javax.xml.namespace.QName (java.xml@21.0.6)
3560:             1             40  jdk.internal.event.ThreadSleepEvent (java.base@21.0.6)
3561:             1             40  jdk.internal.icu.impl.Norm2AllModes (java.base@21.0.6)
3562:             1             40  jdk.internal.platform.cgroupv1.CgroupV1MemorySubSystemController (java.base@21.0.6)
3563:             1             40  jdk.internal.reflect.MethodHandleIntegerFieldAccessorImpl (java.base@21.0.6)
3564:             1             40  kotlin.random.XorWowRandom
3565:             1             40  kotlin.reflect.jvm.internal.impl.builtins.functions.FunctionTypeKind$Function
3566:             1             40  kotlin.reflect.jvm.internal.impl.builtins.functions.FunctionTypeKind$KFunction
3567:             1             40  kotlin.reflect.jvm.internal.impl.builtins.functions.FunctionTypeKind$KSuspendFunction
3568:             1             40  kotlin.reflect.jvm.internal.impl.builtins.functions.FunctionTypeKind$SuspendFunction
3569:             1             40  kotlin.reflect.jvm.internal.impl.builtins.jvm.JvmBuiltInClassDescriptorFactory
3570:             1             40  kotlin.reflect.jvm.internal.impl.descriptors.runtime.components.PackagePartScopeCache
3571:             1             40  kotlin.reflect.jvm.internal.impl.load.java.SpecialGenericSignatures$TypeSafeBarrierDescription$MAP_GET_OR_DEFAULT
3572:             1             40  kotlin.reflect.jvm.internal.impl.metadata.ProtoBuf$Contract
3573:             1             40  kotlin.reflect.jvm.internal.impl.metadata.ProtoBuf$VersionRequirementTable
3574:             1             40  kotlin.reflect.jvm.internal.impl.protobuf.WireFormat$FieldType$1
3575:             1             40  kotlin.reflect.jvm.internal.impl.protobuf.WireFormat$FieldType$2
3576:             1             40  kotlin.reflect.jvm.internal.impl.protobuf.WireFormat$FieldType$3
3577:             1             40  kotlin.reflect.jvm.internal.impl.protobuf.WireFormat$FieldType$4
3578:             1             40  kotlin.reflect.jvm.internal.impl.resolve.constants.TypedArrayValue
3579:             1             40  kotlin.reflect.jvm.internal.impl.storage.LockBasedStorageManager$1
3580:             1             40  kotlin.reflect.jvm.internal.impl.types.LazyWrappedType
3581:             1             40  kotlin.reflect.jvm.internal.impl.types.checker.NewKotlinTypeCheckerImpl
3582:             1             40  kotlin.reflect.jvm.internal.impl.util.ReturnsCheck$ReturnsBoolean
3583:             1             40  kotlin.reflect.jvm.internal.impl.util.ReturnsCheck$ReturnsInt
3584:             1             40  kotlin.reflect.jvm.internal.impl.util.ReturnsCheck$ReturnsUnit
3585:             1             40  org.glassfish.hk2.internal.ServiceLocatorFactoryImpl
3586:             1             40  org.glassfish.jersey.inject.hk2.ContextInjectionResolverImpl$Binder
3587:             1             40  org.glassfish.jersey.inject.hk2.JerseyErrorService$Binder
3588:             1             40  org.glassfish.jersey.inject.hk2.RequestContext$Binder
3589:             1             40  org.glassfish.jersey.internal.config.JerseySystemPropertiesConfigurationModel
3590:             1             40  org.glassfish.jersey.internal.inject.ParamConverters$OptionalProvider$Optionals$1
3591:             1             40  org.glassfish.jersey.internal.inject.ParamConverters$OptionalProvider$Optionals$2
3592:             1             40  org.glassfish.jersey.internal.inject.ParamConverters$OptionalProvider$Optionals$3
3593:             1             40  org.glassfish.jersey.media.multipart.internal.MultiPartReaderServerSide
3594:             1             40  org.glassfish.jersey.message.internal.HttpHeaderReader$AcceptableLanguageTagListReader
3595:             1             40  org.glassfish.jersey.message.internal.HttpHeaderReader$AcceptableMediaTypeListReader
3596:             1             40  org.glassfish.jersey.message.internal.HttpHeaderReader$AcceptableTokenListReader
3597:             1             40  org.glassfish.jersey.message.internal.HttpHeaderReader$QualitySourceMediaTypeListReader
3598:             1             40  org.glassfish.jersey.server.ResourceBag
3599:             1             40  org.glassfish.jersey.server.ServerExecutorProvidersConfigurator$DefaultBackgroundSchedulerProvider
3600:             1             40  org.glassfish.jersey.server.ServerExecutorProvidersConfigurator$DefaultManagedAsyncExecutorProvider
3601:             1             40  org.glassfish.jersey.server.internal.RuntimeDelegateImpl
3602:             1             40  org.glassfish.jersey.server.internal.inject.BeanParamValueParamProvider
3603:             1             40  org.glassfish.jersey.server.internal.inject.DelegatedInjectionValueParamProvider
3604:             1             40  org.glassfish.jersey.server.internal.inject.FormParamValueParamProvider
3605:             1             40  org.glassfish.jersey.server.internal.inject.WebTargetValueParamProvider$BindingModel
3606:             1             40  org.glassfish.jersey.server.model.ResourceModel
3607:             1             40  org.jvnet.hk2.internal.PerLocatorUtilities$1
3608:             1             40  org.jvnet.hk2.internal.PerLocatorUtilities$2
3609:             1             40  org.jvnet.hk2.internal.PerLocatorUtilities$3
3610:             1             40  org.reflections.scanners.Scanners$1
3611:             1             40  org.reflections.scanners.Scanners$10
3612:             1             40  org.reflections.scanners.Scanners$11
3613:             1             40  org.reflections.scanners.Scanners$2
3614:             1             40  org.reflections.scanners.Scanners$3
3615:             1             40  org.reflections.scanners.Scanners$4
3616:             1             40  org.reflections.scanners.Scanners$5
3617:             1             40  org.reflections.scanners.Scanners$6
3618:             1             40  org.reflections.scanners.Scanners$7
3619:             1             40  org.reflections.scanners.Scanners$8
3620:             1             40  org.reflections.scanners.Scanners$9
3621:             1             40  org.slf4j.helpers.FormattingTuple
3622:             1             40  org.slf4j.helpers.NOP_FallbackServiceProvider
3623:             1             40  org.slf4j.helpers.SubstituteServiceProvider
3624:             1             40  org.xnio.XnioWorker$WorkerThreadFactory
3625:             1             40  picocli.CommandLine$Range
3626:             1             40  sun.management.MemoryImpl (java.management@21.0.6)
3627:             1             40  sun.nio.cs.ISO_8859_1 (java.base@21.0.6)
3628:             1             40  sun.nio.cs.StandardCharsets (java.base@21.0.6)
3629:             1             40  sun.nio.cs.US_ASCII (java.base@21.0.6)
3630:             1             40  sun.nio.cs.UTF_16 (java.base@21.0.6)
3631:             1             40  sun.nio.cs.UTF_16BE (java.base@21.0.6)
3632:             1             40  sun.nio.cs.UTF_16LE (java.base@21.0.6)
3633:             1             40  sun.nio.cs.UTF_8 (java.base@21.0.6)
3634:             1             40  sun.nio.fs.LinuxFileSystem (java.base@21.0.6)
3635:             1             40  sun.security.provider.DSAParameters (java.base@21.0.6)
3636:             1             40  sun.security.provider.PolicyFile (java.base@21.0.6)
3637:             1             32  [Lch.qos.logback.core.joran.spi.ConsoleTarget;
3638:             1             32  [Lcom.aerospike.client.Host;
3639:             1             32  [Lcom.aerospike.client.policy.CommitLevel;
3640:             1             32  [Lcom.aerospike.client.policy.ReadModeAP;
3641:             1             32  [Lcom.aerospike.vector.auth.StaticRoles;
3642:             1             32  [Lcom.aerospike.vector.client.proto.IndexDefinition$ParamsCase;
3643:             1             32  [Lcom.aerospike.vector.cluster.RegisterState;
3644:             1             32  [Lcom.aerospike.vector.index.IndexUpdateOperation$UpdateCase;
3645:             1             32  [Lcom.fasterxml.jackson.core.StreamWriteCapability;
3646:             1             32  [Lcom.fasterxml.jackson.databind.AnnotationIntrospector$ReferenceProperty$Type;
3647:             1             32  [Lcom.fasterxml.jackson.databind.cfg.EnumFeature;
3648:             1             32  [Lcom.fasterxml.jackson.dataformat.yaml.YAMLParser$Feature;
3649:             1             32  [Lcom.fasterxml.jackson.module.kotlin.SingletonSupport;
3650:             1             32  [Lcom.google.common.collect.MapMakerInternalMap$Strength;
3651:             1             32  [Lcom.google.inject.internal.InternalFlags$BytecodeGenOption;
3652:             1             32  [Lcom.google.inject.internal.InternalFlags$IncludeStackTraceOption;
3653:             1             32  [Lcom.google.inject.internal.InternalProviderInstanceBindingImpl$InitializationTiming;
3654:             1             32  [Lcom.google.protobuf.TextFormat$Parser$SingularOverwritePolicy;
3655:             1             32  [Lio.grpc.InternalKnownTransport;
3656:             2             32  [Lio.grpc.ServerInterceptor;
3657:             1             32  [Lio.grpc.internal.MessageDeframer$State;
3658:             1             32  [Lio.grpc.netty.Utils$EventLoopGroupType;
3659:             1             32  [Lio.netty.buffer.PoolArena$SizeClass;
3660:             1             32  [Lio.netty.handler.codec.http2.Http2FrameLogger$Direction;
3661:             1             32  [Lio.undertow.security.api.AuthenticationMode;
3662:             1             32  [Ljava.io.File$PathStatus; (java.base@21.0.6)
3663:             2             32  [Ljava.lang.Throwable; (java.base@21.0.6)
3664:             1             32  [Ljava.security.Provider$OPType; (java.base@21.0.6)
3665:             1             32  [Ljava.time.temporal.IsoFields$Unit; (java.base@21.0.6)
3666:             1             32  [Ljava.util.Locale$Category; (java.base@21.0.6)
3667:             1             32  [Ljdk.internal.icu.util.CodePointTrie$Type; (java.base@21.0.6)
3668:             1             32  [Lkotlin.reflect.jvm.internal.KDeclarationContainerImpl$MemberBelonginess;
3669:             1             32  [Lkotlin.reflect.jvm.internal.impl.descriptors.PackageFragmentProviderOptimized;
3670:             1             32  [Lkotlin.reflect.jvm.internal.impl.descriptors.deserialization.ClassDescriptorFactory;
3671:             1             32  [Lkotlin.reflect.jvm.internal.impl.load.java.structure.LightClassOriginKind;
3672:             1             32  [Lkotlin.reflect.jvm.internal.impl.load.java.typeEnhancement.MutabilityQualifier;
3673:             1             32  [Lkotlin.reflect.jvm.internal.impl.name.FqName;
3674:             1             32  [Lkotlin.reflect.jvm.internal.impl.name.Name;
3675:             1             32  [Lkotlin.reflect.jvm.internal.impl.renderer.RenderingFormat;
3676:             1             32  [Lkotlin.reflect.jvm.internal.impl.serialization.deserialization.descriptors.DeserializedContainerAbiStability;
3677:             1             32  [Lkotlin.reflect.jvm.internal.impl.types.TypeUsage;
3678:             1             32  [Lkotlinx.coroutines.channels.TickerMode;
3679:             1             32  [Lorg.glassfish.hk2.api.DescriptorType;
3680:             1             32  [Lorg.glassfish.hk2.api.ServiceLocatorState;
3681:             1             32  [Lorg.glassfish.jersey.inject.hk2.Hk2InjectionManagerFactory$Hk2InjectionManagerStrategy;
3682:             1             32  [Lorg.glassfish.jersey.internal.guava.LocalCache$Strength;
3683:             1             32  [Lorg.glassfish.jersey.model.internal.RankedComparator$Order;
3684:             1             32  [Lorg.glassfish.jersey.server.spi.internal.ResourceMethodDispatcher$Provider;
3685:             1             32  [Lorg.glassfish.jersey.servlet.WebConfig$ConfigType;
3686:             1             32  [Lorg.glassfish.jersey.uri.PathPattern$RightHandPath;
3687:             1             32  [Lorg.slf4j.helpers.Reporter$TargetChoice;
3688:             2             32  [Lsun.reflect.annotation.TypeAnnotation; (java.base@21.0.6)
3689:             1             32  [Lsun.security.rsa.RSAUtil$KeyType; (java.base@21.0.6)
3690:             1             32  ch.qos.logback.classic.BasicConfigurator
3691:             2             32  ch.qos.logback.classic.pattern.ClassNameOnlyAbbreviator
3692:             2             32  ch.qos.logback.classic.pattern.EnsureExceptionHandling
3693:             1             32  ch.qos.logback.classic.spi.TurboFilterList
3694:             1             32  ch.qos.logback.core.spi.ContextAwareImpl
3695:             2             32  ch.qos.logback.core.spi.LogbackLock
3696:             1             32  com.aerospike.client.Info
3697:             1             32  com.aerospike.connect.aerospike.config.AerospikeSeedsDeserializer
3698:             1             32  com.aerospike.connect.aerospike.config.AuthModeDeserializer
3699:             1             32  com.aerospike.connect.logging.LoggingConfigurator
3700:             1             32  com.aerospike.connect.metrics.ErrorRegistry
3701:             1             32  com.aerospike.connect.metrics.OperatingSystemGaugeSet
3702:             1             32  com.aerospike.connect.metrics.manage.service.PrometheusMetricsWebService
3703:             2             32  com.aerospike.vector.auth.InsecureAuthService
3704:             1             32  com.aerospike.vector.client.proto.AboutRequest
3705:             1             32  com.aerospike.vector.client.proto.Boolean
3706:             1             32  com.aerospike.vector.cluster.QuantumIntervalGenerator$$Lambda/0x00007fcc104ec028
3707:             1             32  com.aerospike.vector.cluster.events.ClusterStateChanged
3708:             1             32  com.aerospike.vector.config.AdvertisedListener
3709:             1             32  com.aerospike.vector.config.HeartbeatConfig
3710:             1             32  com.aerospike.vector.config.NodeRoleSetDeserializer
3711:             1             32  com.aerospike.vector.config.PortRangeDeserializer
3712:             1             32  com.aerospike.vector.embedded.client.config.VectorDbEmbeddedClientConfig
3713:             1             32  com.aerospike.vector.embedded.client.inject.VectorDbEmbeddedClientGuiceModule
3714:             1             32  com.aerospike.vector.heartbeat.NetworkClique
3715:             1             32  com.aerospike.vector.index.DeleteProxyResponse
3716:             1             32  com.aerospike.vector.index.PutProxyResponse
3717:             1             32  com.aerospike.vector.index.StandaloneIndexBuildAbortResponse
3718:             1             32  com.aerospike.vector.index.StandaloneIndexBuildCompletedResponse
3719:             1             32  com.aerospike.vector.index.StandaloneIndexBuildStartResponse
3720:             1             32  com.aerospike.vector.index.StandaloneIndexCoordinator$InProcessIndexData
3721:             1             32  com.aerospike.vector.index.StandaloneIndexMetricsRequest
3722:             1             32  com.aerospike.vector.index.config.BatchingConfig
3723:             1             32  com.aerospike.vector.index.inject.IndexGuiceModule
3724:             1             32  com.aerospike.vector.interconnect.InterconnectChannelProvider$special$$inlined$CoroutineExceptionHandler$1
3725:             1             32  com.aerospike.vector.interconnect.InterconnectService$special$$inlined$CoroutineExceptionHandler$1
3726:             1             32  com.aerospike.vector.node.NodeIdDeserializer
3727:             1             32  com.aerospike.vector.server.grpc.StaticGrpcNettySslContextFactory
3728:             1             32  com.aerospike.vector.server.grpc.service.GrpcAboutService
3729:             1             32  com.aerospike.vector.server.grpc.service.internal.GrpcCacheServiceInternal
3730:             1             32  com.aerospike.vector.server.grpc.service.internal.GrpcClusterService
3731:             1             32  com.aerospike.vector.server.grpc.service.internal.GrpcExchangeService
3732:             1             32  com.aerospike.vector.server.grpc.service.internal.GrpcHeartbeatService
3733:             2             32  com.aerospike.vector.server.grpc.service.internal.GrpcTransactServiceInternal$$FastClassByGuice$$6fab672
3734:             1             32  com.aerospike.vector.server.grpc.service.internal.ServiceScopeLauncher
3735:             1             32  com.aerospike.vector.storage.StorageType
3736:             1             32  com.aerospike.vector.storage.index.AerospikeStorageVerticesCleaner
3737:             1             32  com.aerospike.vector.transact.metrics.TransactionMetrics
3738:             1             32  com.codahale.metrics.json.MetricsModule$MetricRegistrySerializer
3739:             1             32  com.codahale.metrics.jvm.MemoryUsageGaugeSet
3740:             1             32  com.cronutils.parser.CronParser
3741:             1             32  com.fasterxml.jackson.annotation.JsonSetter$Value
3742:             1             32  com.fasterxml.jackson.core.util.DefaultIndenter
3743:             1             32  com.fasterxml.jackson.core.util.MinimalPrettyPrinter
3744:             1             32  com.fasterxml.jackson.databind.AnnotationIntrospector$ReferenceProperty
3745:             1             32  com.fasterxml.jackson.databind.cfg.ContextAttributes$Impl
3746:             1             32  com.fasterxml.jackson.databind.cfg.DatatypeFeatures
3747:             1             32  com.fasterxml.jackson.databind.deser.std.NumberDeserializers$NumberDeserializer
3748:             1             32  com.fasterxml.jackson.databind.deser.std.StringDeserializer
3749:             1             32  com.fasterxml.jackson.databind.deser.std.UntypedObjectDeserializerNR
3750:             1             32  com.fasterxml.jackson.databind.ext.OptionalHandlerFactory
3751:             1             32  com.fasterxml.jackson.databind.ser.impl.FailingSerializer
3752:             2             32  com.fasterxml.jackson.databind.ser.impl.PropertySerializerMap$Empty
3753:             1             32  com.fasterxml.jackson.databind.ser.impl.ReadOnlyClassToSerializerMap
3754:             1             32  com.fasterxml.jackson.databind.ser.std.UUIDSerializer
3755:             1             32  com.fasterxml.jackson.databind.util.internal.PrivateMaxEntriesMap$DrainStatus$1
3756:             1             32  com.fasterxml.jackson.databind.util.internal.PrivateMaxEntriesMap$DrainStatus$2
3757:             1             32  com.fasterxml.jackson.databind.util.internal.PrivateMaxEntriesMap$DrainStatus$3
3758:             1             32  com.fasterxml.jackson.databind.util.internal.PrivateMaxEntriesMap$EntrySet
3759:             2             32  com.fasterxml.jackson.module.kotlin.KotlinKeySerializers
3760:             2             32  com.fasterxml.jackson.module.kotlin.KotlinSerializers
3761:             1             32  com.github.benmanes.caffeine.cache.DisabledBuffer
3762:             1             32  com.github.benmanes.caffeine.cache.DisabledScheduler
3763:             1             32  com.github.benmanes.caffeine.cache.DisabledTicker
3764:             1             32  com.github.benmanes.caffeine.cache.RemovalCause$1
3765:             1             32  com.github.benmanes.caffeine.cache.RemovalCause$2
3766:             1             32  com.github.benmanes.caffeine.cache.RemovalCause$3
3767:             1             32  com.github.benmanes.caffeine.cache.RemovalCause$4
3768:             1             32  com.github.benmanes.caffeine.cache.RemovalCause$5
3769:             1             32  com.github.benmanes.caffeine.cache.SingletonWeigher
3770:             1             32  com.github.benmanes.caffeine.cache.SystemScheduler
3771:             1             32  com.github.benmanes.caffeine.cache.SystemTicker
3772:             1             32  com.github.benmanes.caffeine.cache.stats.DisabledStatsCounter
3773:             1             32  com.google.common.base.Joiner$MapJoiner
3774:             1             32  com.google.common.cache.CacheBuilder$NullListener
3775:             1             32  com.google.common.cache.CacheBuilder$OneWeigher
3776:             1             32  com.google.common.cache.LocalCache$EntryFactory$1
3777:             1             32  com.google.common.cache.LocalCache$EntryFactory$2
3778:             1             32  com.google.common.cache.LocalCache$EntryFactory$3
3779:             1             32  com.google.common.cache.LocalCache$EntryFactory$4
3780:             1             32  com.google.common.cache.LocalCache$EntryFactory$5
3781:             1             32  com.google.common.cache.LocalCache$EntryFactory$6
3782:             1             32  com.google.common.cache.LocalCache$EntryFactory$7
3783:             1             32  com.google.common.cache.LocalCache$EntryFactory$8
3784:             1             32  com.google.common.cache.LocalCache$Strength$1
3785:             1             32  com.google.common.cache.LocalCache$Strength$2
3786:             1             32  com.google.common.cache.LocalCache$Strength$3
3787:             1             32  com.google.common.cache.RemovalCause$1
3788:             1             32  com.google.common.cache.RemovalCause$2
3789:             1             32  com.google.common.cache.RemovalCause$3
3790:             1             32  com.google.common.cache.RemovalCause$4
3791:             1             32  com.google.common.cache.RemovalCause$5
3792:             1             32  com.google.common.collect.Iterators$ArrayItr
3793:             1             32  com.google.common.collect.Iterators$EmptyModifiableIterator
3794:             1             32  com.google.common.collect.MapMakerInternalMap$Strength$1
3795:             1             32  com.google.common.collect.MapMakerInternalMap$Strength$2
3796:             1             32  com.google.common.collect.RegularImmutableAsList
3797:             1             32  com.google.common.util.concurrent.AbstractFuture$Waiter
3798:             1             32  com.google.common.util.concurrent.DirectExecutor
3799:             1             32  com.google.inject.Key$NullAnnotationStrategy
3800:             1             32  com.google.inject.internal.BytecodeGen$1
3801:             2             32  com.google.inject.internal.CycleDetectingLock$CycleDetectingLockFactory
3802:             1             32  com.google.inject.internal.InternalFlags$ColorizeOption$1
3803:             1             32  com.google.inject.internal.InternalFlags$ColorizeOption$2
3804:             1             32  com.google.inject.internal.InternalFlags$ColorizeOption$3
3805:             1             32  com.google.inject.internal.ProvisionListenerStackCallback
3806:             1             32  com.google.protobuf.Empty
3807:             1             32  com.google.protobuf.GeneratedMessageV3$FieldAccessorTable$MapFieldAccessor
3808:             1             32  com.google.protobuf.IntArrayList
3809:             1             32  com.google.protobuf.ProtobufArrayList
3810:             1             32  com.google.protobuf.WireFormat$Utf8Validation$1
3811:             1             32  com.google.protobuf.WireFormat$Utf8Validation$2
3812:             1             32  com.google.protobuf.WireFormat$Utf8Validation$3
3813:             1             32  com.sun.jmx.remote.util.ClassLogger (java.management@21.0.6)
3814:             1             32  com.sun.management.internal.PlatformMBeanProviderImpl$2 (jdk.management@21.0.6)
3815:             1             32  com.sun.management.internal.PlatformMBeanProviderImpl$5 (jdk.management@21.0.6)
3816:             2             32  io.grpc.Codec$Gzip
3817:             1             32  io.grpc.DecompressorRegistry
3818:             1             32  io.grpc.LoadBalancerRegistry
3819:             1             32  io.grpc.NameResolver$ConfigOrError
3820:             1             32  io.grpc.internal.DnsNameResolver$JdkAddressResolver
3821:             2             32  io.grpc.internal.GrpcUtil$AcceptEncodingMarshaller
3822:             1             32  io.grpc.internal.ReadableBuffers$ByteArrayWrapper
3823:             1             32  io.grpc.internal.RetryingNameResolver$RetryingListener
3824:             1             32  io.grpc.internal.SharedResourceHolder$Instance
3825:             1             32  io.grpc.internal.StatsTraceContext
3826:             1             32  io.grpc.netty.ProtocolNegotiationEvent
3827:             1             32  io.netty.buffer.UnpooledByteBufAllocator
3828:             1             32  io.netty.buffer.UnpooledByteBufAllocator$UnpooledByteBufAllocatorMetric
3829:             1             32  io.netty.channel.ChannelOption$1
3830:             1             32  io.netty.handler.codec.http2.ReadOnlyHttp2Headers
3831:             1             32  io.netty.resolver.DefaultAddressResolverGroup
3832:             1             32  io.netty.util.ResourceLeakDetectorFactory$DefaultResourceLeakDetectorFactory
3833:             1             32  io.netty.util.concurrent.DefaultEventExecutorChooserFactory$GenericEventExecutorChooser
3834:             1             32  io.netty.util.concurrent.FailedFuture
3835:             1             32  io.netty.util.internal.ThreadExecutorMap$3
3836:             2             32  io.netty.util.internal.logging.Slf4JLoggerFactory
3837:             1             32  io.perfmark.Tag
3838:             1             32  io.undertow.conduits.ReadDataStreamSourceConduit
3839:             1             32  io.undertow.security.handlers.AuthenticationMechanismsHandler
3840:             1             32  io.undertow.server.AbstractServerConnection$CloseSetter
3841:             1             32  io.undertow.server.handlers.PathHandler
3842:             1             32  io.undertow.server.protocol.http.HttpOpenListener$1
3843:             1             32  io.undertow.server.protocol.http.HttpServerConnection$1
3844:             1             32  io.undertow.servlet.core.ServletContainerImpl
3845:             1             32  io.undertow.servlet.handlers.RedirectDirHandler
3846:             1             32  io.undertow.servlet.handlers.security.ServletConfidentialityConstraintHandler
3847:             1             32  io.undertow.servlet.spec.ServletConfigImpl
3848:             1             32  io.undertow.servlet.spec.ServletContextImpl$ServletContextSessionConfig
3849:             2             32  java.lang.Boolean (java.base@21.0.6)
3850:             1             32  java.lang.ProcessHandleImpl (java.base@21.0.6)
3851:             2             32  java.lang.Shutdown$Lock (java.base@21.0.6)
3852:             1             32  java.lang.invoke.MethodHandleImpl$ArrayAccessor$1 (java.base@21.0.6)
3853:             1             32  java.lang.invoke.MethodHandleImpl$BindCaller$1 (java.base@21.0.6)
3854:             2             32  java.lang.ref.NativeReferenceQueue$Lock (java.base@21.0.6)
3855:             1             32  java.lang.reflect.Proxy$1 (java.base@21.0.6)
3856:             1             32  java.math.MutableBigInteger (java.base@21.0.6)
3857:             1             32  java.net.Inet6AddressImpl (java.base@21.0.6)
3858:             1             32  java.net.Proxy (java.base@21.0.6)
3859:             1             32  java.net.Socket$SocketInputStream (java.base@21.0.6)
3860:             1             32  java.net.Socket$SocketOutputStream (java.base@21.0.6)
3861:             1             32  java.text.FieldPosition (java.base@21.0.6)
3862:             1             32  java.time.temporal.IsoFields$Field$1 (java.base@21.0.6)
3863:             1             32  java.time.temporal.IsoFields$Field$2 (java.base@21.0.6)
3864:             1             32  java.time.temporal.IsoFields$Field$3 (java.base@21.0.6)
3865:             1             32  java.time.temporal.IsoFields$Field$4 (java.base@21.0.6)
3866:             1             32  java.util.Collections$3 (java.base@21.0.6)
3867:             1             32  java.util.Collections$EmptyMap (java.base@21.0.6)
3868:             1             32  java.util.Collections$SynchronizedCollection (java.base@21.0.6)
3869:             1             32  java.util.Comparators$NaturalOrderComparator (java.base@21.0.6)
3870:             1             32  java.util.Locale$Cache (java.base@21.0.6)
3871:             1             32  java.util.ResourceBundle$Control$CandidateListCache (java.base@21.0.6)
3872:             1             32  java.util.ServiceLoader$2 (java.base@21.0.6)
3873:             1             32  java.util.concurrent.Executors$DelegatedScheduledExecutorService (java.base@21.0.6)
3874:             1             32  java.util.concurrent.ThreadLocalRandom (java.base@21.0.6)
3875:             2             32  java.util.concurrent.ThreadPoolExecutor$AbortPolicy (java.base@21.0.6)
3876:             1             32  javax.management.ObjectInstance (java.management@21.0.6)
3877:             1             32  jdk.internal.icu.impl.Norm2AllModes$Norm2AllModesSingleton (java.base@21.0.6)
3878:             1             32  jdk.internal.module.ModuleBootstrap$SafeModuleFinder (java.base@21.0.6)
3879:             1             32  jdk.internal.module.ModuleHashes (java.base@21.0.6)
3880:             1             32  jdk.internal.platform.CgroupV1MetricsImpl (java.base@21.0.6)
3881:             1             32  jdk.internal.ref.CleanerImpl (java.base@21.0.6)
3882:             1             32  jdk.internal.util.ReferencedKeyMap (java.base@21.0.6)
3883:             1             32  jdk.internal.vm.ThreadContainers$RootContainer$TrackingRootContainer (java.base@21.0.6)
3884:             1             32  jdk.jfr.internal.management.StreamManager (jdk.jfr@21.0.6)
3885:             1             32  jdk.management.jfr.internal.FlightRecorderMXBeanProvider$SingleMBeanComponent (jdk.management.jfr@21.0.6)
3886:             1             32  kotlin.reflect.jvm.internal.KPackageImpl
3887:             1             32  kotlin.reflect.jvm.internal.WeakClassLoaderBox
3888:             1             32  kotlin.reflect.jvm.internal.impl.builtins.functions.FunctionTypeKindExtractor
3889:             1             32  kotlin.reflect.jvm.internal.impl.builtins.jvm.JvmBuiltInClassDescriptorFactory$$Lambda$0
3890:             1             32  kotlin.reflect.jvm.internal.impl.builtins.jvm.JvmBuiltIns$$Lambda$0
3891:             1             32  kotlin.reflect.jvm.internal.impl.builtins.jvm.JvmBuiltInsCustomizer$$Lambda$0
3892:             1             32  kotlin.reflect.jvm.internal.impl.descriptors.runtime.components.RuntimeModuleData
3893:             1             32  kotlin.reflect.jvm.internal.impl.descriptors.runtime.structure.Java8ParameterNamesLoader$Cache
3894:             1             32  kotlin.reflect.jvm.internal.impl.descriptors.runtime.structure.ReflectJavaArrayAnnotationArgument
3895:             1             32  kotlin.reflect.jvm.internal.impl.descriptors.runtime.structure.ReflectJavaEnumValueAnnotationArgument
3896:             1             32  kotlin.reflect.jvm.internal.impl.load.java.AnnotationTypeQualifierResolver
3897:             1             32  kotlin.reflect.jvm.internal.impl.load.java.JavaTypeEnhancementState
3898:             1             32  kotlin.reflect.jvm.internal.impl.load.java.lazy.LazyJavaPackageFragmentProvider
3899:             1             32  kotlin.reflect.jvm.internal.impl.load.kotlin.JavaClassDataFinder
3900:             1             32  kotlin.reflect.jvm.internal.impl.renderer.RenderingFormat$HTML
3901:             1             32  kotlin.reflect.jvm.internal.impl.renderer.RenderingFormat$PLAIN
3902:             1             32  kotlin.reflect.jvm.internal.impl.resolve.OverridingUtil$OverrideCompatibilityInfo
3903:             1             32  kotlin.reflect.jvm.internal.impl.resolve.constants.ArrayValue
3904:             1             32  kotlin.reflect.jvm.internal.impl.resolve.jvm.JavaDescriptorResolver
3905:             1             32  kotlin.reflect.jvm.internal.impl.types.TypeAttributes$Companion
3906:             1             32  kotlin.reflect.jvm.internal.impl.utils.SmartList
3907:             1             32  kotlinx.coroutines.CoroutineDispatcher$Key
3908:             2             32  kotlinx.coroutines.Empty
3909:             1             32  kotlinx.coroutines.EventLoopImplBase$DelayedTaskQueue
3910:             1             32  kotlinx.coroutines.ExecutorCoroutineDispatcher$Key
3911:             1             32  kotlinx.coroutines.sync.MutexImpl$CancellableContinuationWithOwner$$Lambda/0x00007fcc108bc5e8
3912:             1             32  net.engio.mbassy.bus.BusRuntime
3913:             1             32  net.engio.mbassy.common.WeakConcurrentSet$1
3914:             1             32  org.bouncycastle.asn1.ASN1BitString$1
3915:             1             32  org.bouncycastle.asn1.ASN1Integer$1
3916:             1             32  org.bouncycastle.asn1.ASN1ObjectIdentifier$1
3917:             1             32  org.bouncycastle.asn1.ASN1OctetString$1
3918:             1             32  org.bouncycastle.asn1.ASN1RelativeOID$1
3919:             1             32  org.bouncycastle.asn1.ASN1Sequence$1
3920:             1             32  org.bouncycastle.asn1.ASN1Set$1
3921:             1             32  org.bouncycastle.asn1.DLSet
3922:             2             32  org.bouncycastle.jcajce.provider.asymmetric.dh.KeyFactorySpi
3923:             2             32  org.bouncycastle.jcajce.provider.asymmetric.dstu.KeyFactorySpi
3924:             2             32  org.bouncycastle.jcajce.provider.asymmetric.ecgost.KeyFactorySpi
3925:             1             32  org.bouncycastle.jcajce.provider.asymmetric.edec.KeyFactorySpi$Ed25519
3926:             1             32  org.bouncycastle.jcajce.provider.asymmetric.edec.KeyFactorySpi$Ed448
3927:             1             32  org.bouncycastle.jcajce.provider.asymmetric.edec.KeyFactorySpi$X25519
3928:             1             32  org.bouncycastle.jcajce.provider.asymmetric.edec.KeyFactorySpi$X448
3929:             1             32  org.bouncycastle.jcajce.provider.asymmetric.mldsa.MLDSAKeyFactorySpi$Hash
3930:             1             32  org.bouncycastle.jcajce.provider.asymmetric.slhdsa.SLHDSAKeyFactorySpi$Hash
3931:             2             32  org.bouncycastle.pqc.jcajce.provider.xmss.XMSSKeyFactorySpi
3932:             2             32  org.bouncycastle.pqc.jcajce.provider.xmss.XMSSMTKeyFactorySpi
3933:             1             32  org.bouncycastle.util.BigIntegers$Cache
3934:             1             32  org.bouncycastle.util.encoders.HexEncoder
3935:             1             32  org.glassfish.hk2.utilities.ServiceLocatorUtilities$ImmediateImpl
3936:             1             32  org.glassfish.hk2.utilities.ServiceLocatorUtilities$InheritableThreadImpl
3937:             1             32  org.glassfish.hk2.utilities.ServiceLocatorUtilities$PerLookupImpl
3938:             1             32  org.glassfish.hk2.utilities.ServiceLocatorUtilities$PerThreadImpl
3939:             1             32  org.glassfish.hk2.utilities.ServiceLocatorUtilities$SingletonImpl
3940:             1             32  org.glassfish.jersey.inject.hk2.Hk2InjectionManagerFactory$Hk2InjectionManagerStrategy$1
3941:             1             32  org.glassfish.jersey.inject.hk2.Hk2InjectionManagerFactory$Hk2InjectionManagerStrategy$2
3942:             1             32  org.glassfish.jersey.inject.hk2.JerseyClassAnalyzer
3943:             1             32  org.glassfish.jersey.internal.ContextResolverFactory
3944:             1             32  org.glassfish.jersey.internal.ExceptionMapperFactory$$Lambda/0x00007fcc106f29e0
3945:             1             32  org.glassfish.jersey.internal.guava.LocalCache$EntryFactory$1
3946:             1             32  org.glassfish.jersey.internal.guava.LocalCache$EntryFactory$2
3947:             1             32  org.glassfish.jersey.internal.guava.LocalCache$EntryFactory$3
3948:             1             32  org.glassfish.jersey.internal.guava.LocalCache$EntryFactory$4
3949:             1             32  org.glassfish.jersey.internal.guava.LocalCache$EntryFactory$5
3950:             1             32  org.glassfish.jersey.internal.guava.LocalCache$EntryFactory$6
3951:             1             32  org.glassfish.jersey.internal.guava.LocalCache$EntryFactory$7
3952:             1             32  org.glassfish.jersey.internal.guava.LocalCache$EntryFactory$8
3953:             1             32  org.glassfish.jersey.internal.guava.LocalCache$NullEntry
3954:             1             32  org.glassfish.jersey.internal.guava.LocalCache$Strength$1
3955:             1             32  org.glassfish.jersey.internal.guava.LocalCache$Strength$2
3956:             1             32  org.glassfish.jersey.internal.guava.RemovalCause$1
3957:             1             32  org.glassfish.jersey.internal.guava.RemovalCause$2
3958:             1             32  org.glassfish.jersey.internal.guava.RemovalCause$3
3959:             1             32  org.glassfish.jersey.internal.guava.RemovalCause$4
3960:             1             32  org.glassfish.jersey.internal.guava.RemovalCause$5
3961:             1             32  org.glassfish.jersey.internal.inject.CustomAnnotationLiteral
3962:             1             32  org.glassfish.jersey.internal.inject.ForeignDescriptorImpl
3963:             2             32  org.glassfish.jersey.internal.inject.ReferencingFactory$EmptyReferenceFactory
3964:             1             32  org.glassfish.jersey.internal.routing.CombinedMediaType
3965:             1             32  org.glassfish.jersey.media.multipart.internal.EntityPartReader
3966:             1             32  org.glassfish.jersey.media.multipart.internal.EntityPartWriter
3967:             1             32  org.glassfish.jersey.media.multipart.internal.FormDataParamValueParamProvider
3968:             1             32  org.glassfish.jersey.media.multipart.internal.SingleEntityPartReader
3969:             1             32  org.glassfish.jersey.media.multipart.internal.SingleEntityPartWriter
3970:             1             32  org.glassfish.jersey.message.internal.HttpHeaderReader$MediaTypeListReader
3971:             1             32  org.glassfish.jersey.message.internal.HttpHeaderReader$StringListReader
3972:             1             32  org.glassfish.jersey.message.internal.SourceProvider$SourceWriter
3973:             1             32  org.glassfish.jersey.model.internal.ManagedObjectsFinalizer
3974:             1             32  org.glassfish.jersey.process.internal.Stages$LinkedStage
3975:             1             32  org.glassfish.jersey.server.BackgroundSchedulerLiteral
3976:             1             32  org.glassfish.jersey.server.internal.inject.CookieParamValueParamProvider
3977:             1             32  org.glassfish.jersey.server.internal.inject.DelegatedInjectionValueParamProvider$$Lambda/0x00007fcc10741ed8
3978:             1             32  org.glassfish.jersey.server.internal.inject.EntityParamValueParamProvider
3979:             1             32  org.glassfish.jersey.server.internal.inject.FormParamValueParamProvider$MultipartFormParamValueProvider
3980:             1             32  org.glassfish.jersey.server.internal.inject.HeaderParamValueParamProvider
3981:             1             32  org.glassfish.jersey.server.internal.inject.MatrixParamValueParamProvider
3982:             1             32  org.glassfish.jersey.server.internal.inject.PathParamValueParamProvider
3983:             1             32  org.glassfish.jersey.server.internal.inject.QueryParamValueParamProvider
3984:             1             32  org.glassfish.jersey.server.internal.inject.WebTargetValueParamProvider$1
3985:             1             32  org.glassfish.jersey.server.internal.monitoring.MonitoringContainerListener
3986:             1             32  org.glassfish.jersey.server.internal.process.ReferencesInitializer
3987:             1             32  org.glassfish.jersey.server.internal.routing.RoutingStage
3988:             1             32  org.glassfish.jersey.server.model.ResourceMethod$JaxrsType$1
3989:             1             32  org.glassfish.jersey.server.model.ResourceMethod$JaxrsType$2
3990:             1             32  org.glassfish.jersey.server.model.ResourceMethod$JaxrsType$3
3991:             1             32  org.jboss.threads.EnhancedQueueExecutor$TaskNode
3992:             1             32  org.jboss.threads.Waiter
3993:             2             32  org.jvnet.hk2.internal.DescriptorComparator
3994:             1             32  org.jvnet.hk2.internal.DynamicConfigurationServiceImpl
3995:             1             32  org.jvnet.hk2.internal.PopulatorImpl
3996:             1             32  org.jvnet.hk2.internal.SingletonContext
3997:             1             32  org.jvnet.hk2.internal.Utilities$AnnotationInformation
3998:             1             32  org.reflections.vfs.Vfs$DefaultUrlTypes$1
3999:             1             32  org.reflections.vfs.Vfs$DefaultUrlTypes$2
4000:             1             32  org.reflections.vfs.Vfs$DefaultUrlTypes$3
4001:             1             32  org.reflections.vfs.Vfs$DefaultUrlTypes$4
4002:             1             32  org.reflections.vfs.Vfs$DefaultUrlTypes$5
4003:             1             32  org.reflections.vfs.Vfs$DefaultUrlTypes$6
4004:             1             32  org.reflections.vfs.Vfs$DefaultUrlTypes$7
4005:             1             32  org.slf4j.helpers.BasicMDCAdapter
4006:             1             32  org.slf4j.helpers.SubstituteLoggerFactory
4007:             1             32  org.wildfly.common.context.ContextPermission
4008:             1             32  picocli.CommandLine$Tracer
4009:             1             32  sun.management.CompilationImpl (java.management@21.0.6)
4010:             1             32  sun.management.ManagementFactoryHelper$LoggingMXBeanAccess (java.management@21.0.6)
4011:             1             32  sun.management.ManagementFactoryHelper$PlatformLoggingImpl (java.management@21.0.6)
4012:             1             32  sun.management.RuntimeImpl (java.management@21.0.6)
4013:             1             32  sun.management.VMManagementImpl (java.management@21.0.6)
4014:             1             32  sun.net.sdp.SdpProvider (java.base@21.0.6)
4015:             2             32  sun.nio.ch.EventFD (java.base@21.0.6)
4016:             1             32  sun.security.provider.SeedGenerator$URLSeedGenerator (java.base@21.0.6)
4017:             1             32  sun.util.cldr.CLDRCalendarDataProviderImpl (java.base@21.0.6)
4018:             1             32  sun.util.cldr.CLDRTimeZoneNameProviderImpl (java.base@21.0.6)
4019:             1             32  sun.util.locale.BaseLocale$Cache (java.base@21.0.6)
4020:             1             32  sun.util.locale.provider.CalendarProviderImpl (java.base@21.0.6)
4021:             1             32  sun.util.locale.provider.DateFormatSymbolsProviderImpl (java.base@21.0.6)
4022:             1             32  sun.util.locale.provider.DecimalFormatSymbolsProviderImpl (java.base@21.0.6)
4023:             1             32  sun.util.locale.provider.NumberFormatProviderImpl (java.base@21.0.6)
4024:             1             32  sun.util.locale.provider.TimeZoneNameProviderImpl (java.base@21.0.6)
4025:             1             24  [Lcom.aerospike.client.cluster.Node;
4026:             1             24  [Lcom.aerospike.client.cluster.Pool;
4027:             1             24  [Lcom.aerospike.vector.storage.StorageType;
4028:             1             24  [Lcom.github.benmanes.caffeine.cache.DisabledBuffer;
4029:             1             24  [Lcom.github.benmanes.caffeine.cache.DisabledScheduler;
4030:             1             24  [Lcom.github.benmanes.caffeine.cache.DisabledTicker;
4031:             1             24  [Lcom.github.benmanes.caffeine.cache.SingletonWeigher;
4032:             1             24  [Lcom.github.benmanes.caffeine.cache.SystemScheduler;
4033:             1             24  [Lcom.github.benmanes.caffeine.cache.SystemTicker;
4034:             1             24  [Lcom.github.benmanes.caffeine.cache.stats.DisabledStatsCounter;
4035:             1             24  [Lcom.google.common.cache.CacheBuilder$NullListener;
4036:             1             24  [Lcom.google.common.cache.CacheBuilder$OneWeigher;
4037:             1             24  [Lcom.google.common.collect.Iterators$EmptyModifiableIterator;
4038:             1             24  [Lcom.google.common.util.concurrent.DirectExecutor;
4039:             1             24  [Lcom.google.inject.Key$NullAnnotationStrategy;
4040:             1             24  [Lio.grpc.internal.DnsNameResolver$JdkAddressResolver;
4041:             1             24  [Lio.undertow.security.api.AuthenticationMechanism;
4042:             1             24  [Ljakarta.ws.rs.core.MediaType;
4043:             1             24  [Ljava.net.URL; (java.base@21.0.6)
4044:             1             24  [Ljava.time.ZoneOffset; (java.base@21.0.6)
4045:             1             24  [Ljava.util.Comparators$NaturalOrderComparator; (java.base@21.0.6)
4046:             1             24  [Ljava.util.jar.Manifest; (java.base@21.0.6)
4047:             1             24  [Ljdk.internal.access.JavaSecurityAccess$ProtectionDomainCache; (java.base@21.0.6)
4048:             1             24  [Lorg.glassfish.jersey.internal.guava.LocalCache$NullEntry;
4049:             1             24  [Lorg.xnio.nio.WorkerThread;
4050:             1             24  ch.qos.logback.classic.util.ContextInitializer$1
4051:             1             24  ch.qos.logback.core.LifeCycleManager
4052:             1             24  ch.qos.logback.core.spi.AppenderAttachableImpl
4053:             1             24  ch.qos.logback.core.util.StatusPrinter2
4054:             1             24  com.aerospike.connect.aerospike.config.AerospikeClientSeedConfig
4055:             1             24  com.aerospike.connect.io.FilePathResolver
4056:             1             24  com.aerospike.connect.metrics.DebugLoggerProxy
4057:             1             24  com.aerospike.connect.metrics.ErrorLoggerProxy
4058:             1             24  com.aerospike.connect.metrics.ErrorRegistry$1
4059:             1             24  com.aerospike.connect.metrics.FileDescriptorGaugeSet
4060:             1             24  com.aerospike.connect.metrics.FileDescriptorGaugeSet$$Lambda/0x00007fcc1032b940
4061:             1             24  com.aerospike.connect.metrics.FileDescriptorGaugeSet$$Lambda/0x00007fcc1032bb58
4062:             1             24  com.aerospike.connect.metrics.InfoLoggerProxy
4063:             1             24  com.aerospike.connect.metrics.OffLoggerProxy
4064:             1             24  com.aerospike.connect.metrics.OperatingSystemGaugeSet$$Lambda/0x00007fcc10338c70
4065:             1             24  com.aerospike.connect.metrics.OperatingSystemGaugeSet$$Lambda/0x00007fcc10338e88
4066:             1             24  com.aerospike.connect.metrics.ThreadStatesGaugeSet$$Lambda/0x00007fcc10337cc8
4067:             1             24  com.aerospike.connect.metrics.ThreadStatesGaugeSet$$Lambda/0x00007fcc10338000
4068:             1             24  com.aerospike.connect.metrics.ThreadStatesGaugeSet$$Lambda/0x00007fcc10338218
4069:             1             24  com.aerospike.connect.metrics.ThreadStatesGaugeSet$$Lambda/0x00007fcc10338430
4070:             1             24  com.aerospike.connect.metrics.ThreadStatesGaugeSet$$Lambda/0x00007fcc10338648
4071:             1             24  com.aerospike.connect.metrics.TraceLoggerProxy
4072:             1             24  com.aerospike.connect.metrics.WarnLoggerProxy
4073:             1             24  com.aerospike.connect.metrics.manage.service.AboutServerWebService
4074:             1             24  com.aerospike.connect.serde.FileResolvingDeserializer
4075:             1             24  com.aerospike.connect.tls.TlsContextLoader
4076:             1             24  com.aerospike.connect.tls.reload.SSLContextFactory
4077:             1             24  com.aerospike.vector.client.proto.AboutServiceGrpc$AboutServiceMethodDescriptorSupplier
4078:             1             24  com.aerospike.vector.client.proto.AboutServiceGrpc$MethodHandlers
4079:             1             24  com.aerospike.vector.client.proto.AuthServiceGrpc$AuthServiceMethodDescriptorSupplier
4080:             1             24  com.aerospike.vector.client.proto.AuthServiceGrpc$MethodHandlers
4081:             1             24  com.aerospike.vector.cluster.QuantumIntervalGenerator$$Lambda/0x00007fcc104eb6e0
4082:             1             24  com.aerospike.vector.cluster.QuantumIntervalGenerator$$Lambda/0x00007fcc104ebb98
4083:             1             24  com.aerospike.vector.cluster.QuantumIntervalGenerator$$Lambda/0x00007fcc104ec240
4084:             1             24  com.aerospike.vector.cluster.QuantumIntervalGenerator$$Lambda/0x00007fcc104ec658
4085:             1             24  com.aerospike.vector.cluster.QuantumIntervalGenerator$$Lambda/0x00007fcc104ec870
4086:             1             24  com.aerospike.vector.config.ManageConfig
4087:             1             24  com.aerospike.vector.config.tls.TlsConfigRegistry
4088:             1             24  com.aerospike.vector.embedded.client.store.SingleInstanceClientStore
4089:             1             24  com.aerospike.vector.eventbus.inject.EventBusGuiceModule
4090:             1             24  com.aerospike.vector.eventbus.inject.EventBusGuiceModule$$Lambda/0x00007fcc104a7d08
4091:             1             24  com.aerospike.vector.index.IndexCleaner$$Lambda/0x00007fcc10566210
4092:             1             24  com.aerospike.vector.index.QueueSize
4093:             1             24  com.aerospike.vector.index.cache.LoadBalancedCacheFriendlyNodeSelector
4094:             1             24  com.aerospike.vector.index.healer.worker.VertexRecordScanProcessor$$Lambda/0x00007fcc108e45d0
4095:             1             24  com.aerospike.vector.index.hnsw.GraphVertexStorageAdaptor
4096:             1             24  com.aerospike.vector.index.merge.coordinator.IndexMergeCoordinator$currentPendingBatches$1
4097:             1             24  com.aerospike.vector.index.serde.IndexDefinitionSerializer
4098:             1             24  com.aerospike.vector.index.serde.IndexIdSerializer
4099:             1             24  com.aerospike.vector.index.serde.IndexLogEntryListSerializer
4100:             1             24  com.aerospike.vector.index.serde.InternalIndexIdSerializer
4101:             1             24  com.aerospike.vector.interconnect.BearerTokenCallCredentials
4102:             1             24  com.aerospike.vector.interconnect.InterconnectChannelProvider$$Lambda/0x00007fcc104cb8c0
4103:             1             24  com.aerospike.vector.server.grpc.GrpcInterconnectServer$setupMetrics$1
4104:             1             24  com.aerospike.vector.server.grpc.GrpcNettySslContextFactory
4105:             1             24  com.aerospike.vector.server.grpc.GrpcVectorDbServer$setupMetrics$1
4106:             1             24  com.aerospike.vector.storage.AerospikeStorageKvs$delete$4$1$1
4107:             1             24  com.aerospike.vector.storage.cluster.AerospikeClusterMetaStore$storeHlcCLockGeneric$2$1
4108:             1             24  com.aerospike.vector.storage.inject.AerospikeStorageGuiceModule
4109:             1             24  com.aerospike.vector.transact.inject.TransactGuiceModule
4110:             1             24  com.codahale.metrics.json.MetricsModule$CounterSerializer
4111:             1             24  com.codahale.metrics.json.MetricsModule$GaugeSerializer
4112:             1             24  com.codahale.metrics.json.MetricsModule$HistogramSerializer
4113:             1             24  com.codahale.metrics.jvm.ClassLoadingGaugeSet$$Lambda/0x00007fcc1032b2f8
4114:             1             24  com.codahale.metrics.jvm.ClassLoadingGaugeSet$$Lambda/0x00007fcc1032b510
4115:             1             24  com.codahale.metrics.jvm.JvmAttributeGaugeSet
4116:             1             24  com.codahale.metrics.jvm.JvmAttributeGaugeSet$$Lambda/0x00007fcc1032a000
4117:             1             24  com.codahale.metrics.jvm.JvmAttributeGaugeSet$$Lambda/0x00007fcc1032a218
4118:             1             24  com.codahale.metrics.jvm.JvmAttributeGaugeSet$$Lambda/0x00007fcc1032a430
4119:             1             24  com.codahale.metrics.jvm.MemoryUsageGaugeSet$$Lambda/0x00007fcc10334848
4120:             1             24  com.codahale.metrics.jvm.MemoryUsageGaugeSet$$Lambda/0x00007fcc10334a60
4121:             1             24  com.codahale.metrics.jvm.MemoryUsageGaugeSet$$Lambda/0x00007fcc10334c78
4122:             1             24  com.codahale.metrics.jvm.MemoryUsageGaugeSet$$Lambda/0x00007fcc10334e90
4123:             1             24  com.codahale.metrics.jvm.MemoryUsageGaugeSet$$Lambda/0x00007fcc103350a8
4124:             1             24  com.codahale.metrics.jvm.MemoryUsageGaugeSet$$Lambda/0x00007fcc103352c0
4125:             1             24  com.codahale.metrics.jvm.MemoryUsageGaugeSet$$Lambda/0x00007fcc103354d8
4126:             1             24  com.codahale.metrics.jvm.MemoryUsageGaugeSet$$Lambda/0x00007fcc103356f0
4127:             1             24  com.codahale.metrics.jvm.MemoryUsageGaugeSet$$Lambda/0x00007fcc10335d60
4128:             1             24  com.codahale.metrics.jvm.MemoryUsageGaugeSet$$Lambda/0x00007fcc10335f78
4129:             1             24  com.codahale.metrics.jvm.MemoryUsageGaugeSet$$Lambda/0x00007fcc10336190
4130:             1             24  com.codahale.metrics.jvm.MemoryUsageGaugeSet$$Lambda/0x00007fcc103363a8
4131:             1             24  com.codahale.metrics.jvm.MemoryUsageGaugeSet$1
4132:             1             24  com.codahale.metrics.jvm.MemoryUsageGaugeSet$2
4133:             1             24  com.codahale.metrics.jvm.ThreadDeadlockDetector
4134:             1             24  com.cronutils.descriptor.CronDescriptor
4135:             1             24  com.cronutils.mapper.WeekDay
4136:             1             24  com.cronutils.model.definition.CronConstraintsFactory$2
4137:             1             24  com.cronutils.model.time.generator.AlwaysFieldValueGenerator
4138:             1             24  com.fasterxml.jackson.annotation.JsonFormat$Features
4139:             1             24  com.fasterxml.jackson.annotation.JsonIgnoreProperties$Value
4140:             1             24  com.fasterxml.jackson.annotation.JsonIncludeProperties$Value
4141:             1             24  com.fasterxml.jackson.core.ErrorReportConfiguration
4142:             1             24  com.fasterxml.jackson.databind.cfg.DefaultCacheProvider
4143:             1             24  com.fasterxml.jackson.databind.deser.impl.JDKValueInstantiators$ArrayListInstantiator
4144:             1             24  com.fasterxml.jackson.databind.deser.impl.JDKValueInstantiators$HashSetInstantiator
4145:             1             24  com.fasterxml.jackson.databind.deser.impl.JDKValueInstantiators$LinkedHashMapInstantiator
4146:             1             24  com.fasterxml.jackson.databind.ext.Java7HandlersImpl
4147:             1             24  com.fasterxml.jackson.databind.ext.Java7SupportImpl
4148:             1             24  com.fasterxml.jackson.databind.introspect.AnnotationCollector$EmptyCollector
4149:             1             24  com.fasterxml.jackson.databind.introspect.JacksonAnnotationIntrospector
4150:             1             24  com.fasterxml.jackson.databind.jsontype.impl.SubTypeValidator
4151:             1             24  com.fasterxml.jackson.databind.module.SimpleKeyDeserializers
4152:             1             24  com.fasterxml.jackson.databind.node.TextNode
4153:             1             24  com.fasterxml.jackson.databind.ser.impl.UnknownSerializer
4154:             1             24  com.fasterxml.jackson.databind.ser.std.NullSerializer
4155:             1             24  com.fasterxml.jackson.databind.ser.std.StringSerializer
4156:             1             24  com.fasterxml.jackson.databind.type.TypeParser
4157:             1             24  com.fasterxml.jackson.module.kotlin.ReflectionCache$BooleanTriState$Empty
4158:             1             24  com.fasterxml.jackson.module.kotlin.ReflectionCache$BooleanTriState$False
4159:             1             24  com.fasterxml.jackson.module.kotlin.ReflectionCache$BooleanTriState$True
4160:             1             24  com.github.benmanes.caffeine.cache.BoundedLocalCache$KeySetView
4161:             1             24  com.github.benmanes.caffeine.cache.LocalLoadingCache$$Lambda/0x00007fcc1055d630
4162:             1             24  com.google.common.base.CharMatcher$None
4163:             1             24  com.google.common.base.CharMatcher$Whitespace
4164:             1             24  com.google.common.base.Splitter$1
4165:             1             24  com.google.common.base.Suppliers$SupplierOfInstance
4166:             1             24  com.google.common.cache.CacheLoader$FunctionToCacheLoader
4167:             1             24  com.google.common.collect.AbstractMapBasedMultimap$AsMap$AsMapEntries
4168:             1             24  com.google.common.collect.AbstractMultimap$Values
4169:             1             24  com.google.common.collect.ImmutableSet$EmptySetBuilderImpl
4170:             1             24  com.google.common.collect.Maps$Values
4171:             1             24  com.google.inject.internal.$Proxy12
4172:             1             24  com.google.inject.internal.Messages$1
4173:             1             24  com.google.inject.internal.Messages$2
4174:             1             24  com.google.inject.internal.Messages$3
4175:             1             24  com.google.inject.internal.SingleMethodInjector$1
4176:             1             24  com.google.inject.internal.aop.GeneratedClassDefiner
4177:             1             24  com.google.inject.matcher.Matchers$SubclassesOf
4178:             1             24  com.google.protobuf.ExtensionRegistryLite
4179:             1             24  com.google.protobuf.TextFormat$Printer
4180:             1             24  com.google.protobuf.TypeRegistry
4181:             1             24  com.google.protobuf.UnknownFieldSet
4182:             1             24  com.google.protobuf.UnsafeUtil$JvmMemoryAccessor
4183:             1             24  com.sun.jmx.mbeanserver.DescriptorCache (java.management@21.0.6)
4184:             1             24  com.sun.jmx.mbeanserver.MBeanInstantiator (java.management@21.0.6)
4185:             1             24  com.sun.jmx.mbeanserver.MXBeanIntrospector (java.management@21.0.6)
4186:             1             24  com.sun.jmx.mbeanserver.SecureClassLoaderRepository (java.management@21.0.6)
4187:             1             24  com.sun.management.internal.HotSpotThreadImpl (jdk.management@21.0.6)
4188:             1             24  com.sun.management.internal.PlatformMBeanProviderImpl$1 (jdk.management@21.0.6)
4189:             1             24  com.sun.management.internal.PlatformMBeanProviderImpl$3 (jdk.management@21.0.6)
4190:             1             24  com.sun.management.internal.PlatformMBeanProviderImpl$4 (jdk.management@21.0.6)
4191:             1             24  com.sun.proxy.jdk.proxy1.$Proxy28 (jdk.proxy1)
4192:             1             24  io.grpc.CompressorRegistry
4193:             1             24  io.grpc.ConfiguratorRegistry
4194:             1             24  io.grpc.InternalMethodDescriptor
4195:             1             24  io.grpc.internal.TransportTracer$Factory
4196:             1             24  io.netty.channel.DefaultMessageSizeEstimator
4197:             1             24  io.netty.handler.codec.http.HttpMethod$EnumNameMap
4198:             1             24  io.netty.util.concurrent.DefaultPromise$CauseHolder
4199:             1             24  io.netty.util.concurrent.GlobalEventExecutor$1
4200:             1             24  io.netty.util.concurrent.GlobalEventExecutor$TaskRunner
4201:             1             24  io.perfmark.Link
4202:             1             24  io.undertow.security.impl.CachedAuthenticatedSessionMechanism
4203:             1             24  io.undertow.server.handlers.DisableCacheHandler
4204:             1             24  io.undertow.server.handlers.HttpContinueReadHandler
4205:             1             24  io.undertow.server.protocol.ParseTimeoutUpdater$1
4206:             1             24  io.undertow.server.session.PathParameterSessionConfig
4207:             1             24  io.undertow.server.session.SecureRandomSessionIdGenerator
4208:             1             24  io.undertow.server.session.SessionListeners
4209:             1             24  io.undertow.servlet.api.LoggingExceptionHandler
4210:             1             24  io.undertow.servlet.core.ContextClassLoaderSetupAction
4211:             1             24  io.undertow.servlet.core.InMemorySessionManagerFactory
4212:             1             24  io.undertow.servlet.core.SessionListenerBridge$1
4213:             1             24  io.undertow.servlet.handlers.SendErrorPageHandler
4214:             1             24  io.undertow.servlet.handlers.ServletInitialHandler$1
4215:             1             24  io.undertow.servlet.handlers.ServletInitialHandler$2
4216:             1             24  io.undertow.servlet.handlers.security.CachedAuthenticatedSessionHandler$SecurityNotificationReceiver
4217:             1             24  io.undertow.servlet.handlers.security.CachedAuthenticatedSessionHandler$ServletAuthenticatedSessionManager
4218:             1             24  io.undertow.servlet.handlers.security.SSLInformationAssociationHandler
4219:             1             24  io.undertow.servlet.handlers.security.ServletAuthenticationCallHandler
4220:             1             24  io.undertow.servlet.spec.ServletContextImpl$1
4221:             1             24  io.undertow.servlet.spec.ServletContextImpl$2
4222:             1             24  io.undertow.servlet.spec.ServletContextImpl$3
4223:             1             24  io.undertow.servlet.spec.ServletContextImpl$4
4224:             1             24  io.undertow.servlet.spec.ServletContextImpl$5
4225:             1             24  io.undertow.servlet.util.ImmediateInstanceHandle
4226:             1             24  io.undertow.util.HeaderTokenParser
4227:             1             24  io.undertow.util.MimeMappings
4228:             1             24  java.io.UnixFileSystem (java.base@21.0.6)
4229:             1             24  java.lang.ProcessHandleImpl$$Lambda/0x00007fcc103fc340 (java.base@21.0.6)
4230:             1             24  java.lang.management.DefaultPlatformMBeanProvider$1 (java.management@21.0.6)
4231:             1             24  java.lang.management.DefaultPlatformMBeanProvider$10 (java.management@21.0.6)
4232:             1             24  java.lang.management.DefaultPlatformMBeanProvider$2 (java.management@21.0.6)
4233:             1             24  java.lang.management.DefaultPlatformMBeanProvider$3 (java.management@21.0.6)
4234:             1             24  java.lang.management.DefaultPlatformMBeanProvider$5 (java.management@21.0.6)
4235:             1             24  java.lang.management.DefaultPlatformMBeanProvider$6 (java.management@21.0.6)
4236:             1             24  java.lang.management.DefaultPlatformMBeanProvider$7 (java.management@21.0.6)
4237:             1             24  java.lang.management.DefaultPlatformMBeanProvider$9 (java.management@21.0.6)
4238:             1             24  java.lang.ref.Cleaner (java.base@21.0.6)
4239:             1             24  java.net.SocketPermissionCollection (java.base@21.0.6)
4240:             1             24  java.security.AllPermission (java.base@21.0.6)
4241:             1             24  java.security.Policy$PolicyInfo (java.base@21.0.6)
4242:             1             24  java.security.Policy$UnsupportedEmptyCollection (java.base@21.0.6)
4243:             1             24  java.security.ProtectionDomain$JavaSecurityAccessImpl$1 (java.base@21.0.6)
4244:             1             24  java.text.MessageFormat$Field (java.base@21.0.6)
4245:             1             24  java.time.Clock$SystemClock (java.base@21.0.6)
4246:             1             24  java.time.Period (java.base@21.0.6)
4247:             1             24  java.time.format.DecimalStyle (java.base@21.0.6)
4248:             1             24  java.util.Comparator$$Lambda/0x00007fcc10076560 (java.base@21.0.6)
4249:             1             24  java.util.EnumMap$Values (java.base@21.0.6)
4250:             1             24  java.util.IdentityHashMap$EntrySet (java.base@21.0.6)
4251:             1             24  java.util.IdentityHashMap$Values (java.base@21.0.6)
4252:             1             24  java.util.Locale$Builder (java.base@21.0.6)
4253:             1             24  java.util.PropertyPermissionCollection (java.base@21.0.6)
4254:             1             24  java.util.concurrent.CompletableFuture$AltResult (java.base@21.0.6)
4255:             1             24  java.util.concurrent.ConcurrentSkipListSet (java.base@21.0.6)
4256:             1             24  java.util.concurrent.CopyOnWriteArrayList$COWIterator (java.base@21.0.6)
4257:             1             24  java.util.logging.LogManager$VisitedLoggers (java.logging@21.0.6)
4258:             1             24  java.util.regex.CharPredicates$$Lambda/0x00007fcc10573e88 (java.base@21.0.6)
4259:             1             24  java.util.regex.Pattern$LastNode (java.base@21.0.6)
4260:             1             24  java.util.regex.Pattern$LookBehindEndNode (java.base@21.0.6)
4261:             1             24  java.util.regex.Pattern$Node (java.base@21.0.6)
4262:             1             24  jdk.internal.icu.impl.Norm2AllModes$ComposeNormalizer2 (java.base@21.0.6)
4263:             1             24  jdk.internal.icu.impl.Norm2AllModes$DecomposeNormalizer2 (java.base@21.0.6)
4264:             1             24  jdk.internal.icu.text.NormalizerBase$ModeImpl (java.base@21.0.6)
4265:             1             24  jdk.internal.icu.util.CodePointTrie$Data16 (java.base@21.0.6)
4266:             1             24  jdk.internal.jimage.ImageReader (java.base@21.0.6)
4267:             1             24  jdk.internal.jimage.ImageStringsReader (java.base@21.0.6)
4268:             1             24  jdk.internal.jimage.decompressor.Decompressor (java.base@21.0.6)
4269:             1             24  jdk.internal.logger.BootstrapLogger$RedirectedLoggers (java.base@21.0.6)
4270:             1             24  jdk.internal.logger.LazyLoggers$LazyLoggerFactories (java.base@21.0.6)
4271:             1             24  jdk.internal.misc.ThreadTracker (java.base@21.0.6)
4272:             1             24  jdk.internal.module.ModulePatcher (java.base@21.0.6)
4273:             1             24  jdk.internal.module.ModuleTarget (java.base@21.0.6)
4274:             1             24  jdk.internal.reflect.ReflectionFactory (java.base@21.0.6)
4275:             1             24  jdk.internal.util.ReferencedKeySet (java.base@21.0.6)
4276:             1             24  jdk.proxy2.$Proxy19 (jdk.proxy2)
4277:             1             24  jdk.proxy2.$Proxy20 (jdk.proxy2)
4278:             1             24  jdk.proxy2.$Proxy30 (jdk.proxy2)
4279:             1             24  jdk.proxy2.$Proxy31 (jdk.proxy2)
4280:             1             24  jdk.proxy2.$Proxy33 (jdk.proxy2)
4281:             1             24  jdk.proxy2.$Proxy35 (jdk.proxy2)
4282:             1             24  jdk.proxy2.$Proxy38 (jdk.proxy2)
4283:             1             24  jdk.proxy2.$Proxy39 (jdk.proxy2)
4284:             1             24  jdk.proxy2.$Proxy40 (jdk.proxy2)
4285:             1             24  jdk.proxy2.$Proxy42 (jdk.proxy2)
4286:             1             24  jdk.proxy2.$Proxy43 (jdk.proxy2)
4287:             1             24  jdk.proxy2.$Proxy44 (jdk.proxy2)
4288:             1             24  jdk.proxy2.$Proxy45 (jdk.proxy2)
4289:             1             24  jdk.proxy2.$Proxy46 (jdk.proxy2)
4290:             1             24  jdk.proxy2.$Proxy56 (jdk.proxy2)
4291:             1             24  jdk.proxy2.$Proxy60 (jdk.proxy2)
4292:             1             24  jdk.proxy2.$Proxy61 (jdk.proxy2)
4293:             1             24  jdk.proxy2.$Proxy62 (jdk.proxy2)
4294:             1             24  jdk.proxy2.$Proxy67 (jdk.proxy2)
4295:             1             24  jdk.proxy2.$Proxy68 (jdk.proxy2)
4296:             1             24  jdk.proxy2.$Proxy70 (jdk.proxy2)
4297:             1             24  jdk.proxy2.$Proxy71 (jdk.proxy2)
4298:             1             24  jdk.proxy2.$Proxy72 (jdk.proxy2)
4299:             1             24  kotlin.InitializedLazyImpl
4300:             1             24  kotlin.ranges.IntRange
4301:             1             24  kotlin.reflect.jvm.internal.KPackageImpl$$Lambda$0
4302:             1             24  kotlin.reflect.jvm.internal.impl.builtins.ReflectionTypes$$Lambda$0
4303:             1             24  kotlin.reflect.jvm.internal.impl.builtins.jvm.JvmBuiltIns$$Lambda$2
4304:             1             24  kotlin.reflect.jvm.internal.impl.builtins.jvm.JvmBuiltIns$Settings
4305:             1             24  kotlin.reflect.jvm.internal.impl.builtins.jvm.JvmBuiltInsCustomizer$$Lambda$1
4306:             1             24  kotlin.reflect.jvm.internal.impl.builtins.jvm.JvmBuiltInsCustomizer$$Lambda$2
4307:             1             24  kotlin.reflect.jvm.internal.impl.builtins.jvm.JvmBuiltInsCustomizer$$Lambda$3
4308:             1             24  kotlin.reflect.jvm.internal.impl.descriptors.DescriptorVisibilities$1
4309:             1             24  kotlin.reflect.jvm.internal.impl.descriptors.DescriptorVisibilities$2
4310:             1             24  kotlin.reflect.jvm.internal.impl.descriptors.DescriptorVisibilities$3
4311:             1             24  kotlin.reflect.jvm.internal.impl.descriptors.DescriptorVisibilities$4
4312:             1             24  kotlin.reflect.jvm.internal.impl.descriptors.DescriptorVisibilities$5
4313:             1             24  kotlin.reflect.jvm.internal.impl.descriptors.DescriptorVisibilities$6
4314:             1             24  kotlin.reflect.jvm.internal.impl.descriptors.DescriptorVisibilities$7
4315:             1             24  kotlin.reflect.jvm.internal.impl.descriptors.DescriptorVisibilities$8
4316:             1             24  kotlin.reflect.jvm.internal.impl.descriptors.DescriptorVisibilities$9
4317:             1             24  kotlin.reflect.jvm.internal.impl.descriptors.PackageFragmentProviderImpl
4318:             1             24  kotlin.reflect.jvm.internal.impl.descriptors.Visibilities$Inherited
4319:             1             24  kotlin.reflect.jvm.internal.impl.descriptors.Visibilities$Internal
4320:             1             24  kotlin.reflect.jvm.internal.impl.descriptors.Visibilities$InvisibleFake
4321:             1             24  kotlin.reflect.jvm.internal.impl.descriptors.Visibilities$Local
4322:             1             24  kotlin.reflect.jvm.internal.impl.descriptors.Visibilities$Private
4323:             1             24  kotlin.reflect.jvm.internal.impl.descriptors.Visibilities$PrivateToThis
4324:             1             24  kotlin.reflect.jvm.internal.impl.descriptors.Visibilities$Protected
4325:             1             24  kotlin.reflect.jvm.internal.impl.descriptors.Visibilities$Public
4326:             1             24  kotlin.reflect.jvm.internal.impl.descriptors.Visibilities$Unknown
4327:             1             24  kotlin.reflect.jvm.internal.impl.descriptors.annotations.AnnotationUtilKt$$Lambda$0
4328:             1             24  kotlin.reflect.jvm.internal.impl.descriptors.annotations.AnnotationsImpl
4329:             1             24  kotlin.reflect.jvm.internal.impl.descriptors.java.JavaVisibilities$PackageVisibility
4330:             1             24  kotlin.reflect.jvm.internal.impl.descriptors.java.JavaVisibilities$ProtectedAndPackage
4331:             1             24  kotlin.reflect.jvm.internal.impl.descriptors.java.JavaVisibilities$ProtectedStaticVisibility
4332:             1             24  kotlin.reflect.jvm.internal.impl.descriptors.runtime.components.ReflectJavaClassFinder
4333:             1             24  kotlin.reflect.jvm.internal.impl.load.java.JavaDescriptorVisibilities$1
4334:             1             24  kotlin.reflect.jvm.internal.impl.load.java.JavaDescriptorVisibilities$2
4335:             1             24  kotlin.reflect.jvm.internal.impl.load.java.JavaDescriptorVisibilities$3
4336:             1             24  kotlin.reflect.jvm.internal.impl.load.java.Jsr305Settings$$Lambda$0
4337:             1             24  kotlin.reflect.jvm.internal.impl.load.java.components.JavaRetentionAnnotationDescriptor$$Lambda$0
4338:             1             24  kotlin.reflect.jvm.internal.impl.load.java.components.JavaTargetAnnotationDescriptor$$Lambda$0
4339:             1             24  kotlin.reflect.jvm.internal.impl.load.java.lazy.SingleModuleClassResolver
4340:             1             24  kotlin.reflect.jvm.internal.impl.load.java.lazy.descriptors.LazyJavaAnnotationDescriptor$$Lambda$0
4341:             1             24  kotlin.reflect.jvm.internal.impl.load.java.lazy.descriptors.LazyJavaAnnotationDescriptor$$Lambda$1
4342:             1             24  kotlin.reflect.jvm.internal.impl.load.java.lazy.descriptors.LazyJavaAnnotationDescriptor$$Lambda$2
4343:             1             24  kotlin.reflect.jvm.internal.impl.load.java.typeEnhancement.JavaTypeEnhancement
4344:             1             24  kotlin.reflect.jvm.internal.impl.load.java.typeEnhancement.SignatureEnhancement
4345:             1             24  kotlin.reflect.jvm.internal.impl.load.kotlin.AbstractBinaryClassAnnotationAndConstantLoader$$Lambda$0
4346:             1             24  kotlin.reflect.jvm.internal.impl.load.kotlin.DeserializedDescriptorResolver
4347:             1             24  kotlin.reflect.jvm.internal.impl.metadata.deserialization.VersionRequirementTable
4348:             1             24  kotlin.reflect.jvm.internal.impl.resolve.constants.AnnotationValue
4349:             1             24  kotlin.reflect.jvm.internal.impl.resolve.constants.TypedArrayValue$$Lambda$0
4350:             1             24  kotlin.reflect.jvm.internal.impl.resolve.jvm.CompositeSyntheticJavaPartsProvider
4351:             1             24  kotlin.reflect.jvm.internal.impl.serialization.deserialization.AbstractDeserializedPackageFragmentProvider$$Lambda$0
4352:             1             24  kotlin.reflect.jvm.internal.impl.serialization.deserialization.builtins.BuiltInsLoaderImpl
4353:             1             24  kotlin.reflect.jvm.internal.impl.types.error.ErrorPropertyDescriptor
4354:             1             24  kotlin.reflect.jvm.internal.impl.util.MemberKindCheck$Member
4355:             1             24  kotlin.reflect.jvm.internal.impl.util.MemberKindCheck$MemberOrExtension
4356:             1             24  kotlin.reflect.jvm.internal.impl.util.ValueParameterCountCheck$Equals
4357:             1             24  kotlin.reflect.jvm.internal.impl.util.ValueParameterCountCheck$NoValueParameters
4358:             1             24  kotlin.reflect.jvm.internal.impl.util.ValueParameterCountCheck$SingleValueParameter
4359:             1             24  kotlinx.coroutines.Unconfined
4360:             1             24  kotlinx.coroutines.internal.ResizableAtomicArray
4361:             1             24  net.engio.mbassy.bus.AbstractSyncAsyncMessageBus$1
4362:             1             24  net.engio.mbassy.bus.config.Feature$AsynchronousHandlerInvocation$1
4363:             1             24  net.engio.mbassy.bus.config.Feature$AsynchronousMessageDispatch$1
4364:             1             24  net.engio.mbassy.listener.MetadataReader
4365:             1             24  org.apache.commons.collections4.queue.UnmodifiableQueue
4366:             1             24  org.bouncycastle.asn1.DLSequence
4367:             1             24  org.bouncycastle.crypto.CryptoServicesRegistrar$ThreadLocalSecureRandomProvider
4368:             1             24  org.bouncycastle.jcajce.provider.asymmetric.EXTERNAL$ExternalKeyInfoConverter
4369:             1             24  org.bouncycastle.jcajce.provider.drbg.EntropyDaemon
4370:             1             24  org.bouncycastle.jcajce.util.ProviderJcaJceHelper
4371:             1             24  org.glassfish.hk2.utilities.reflection.Logger
4372:             1             24  org.glassfish.hk2.utilities.reflection.internal.ClassReflectionHelperImpl$1
4373:             1             24  org.glassfish.hk2.utilities.reflection.internal.ClassReflectionHelperImpl$2
4374:             1             24  org.glassfish.hk2.utilities.reflection.internal.ClassReflectionHelperImpl$3
4375:             1             24  org.glassfish.hk2.utilities.reflection.internal.ClassReflectionHelperImpl$4
4376:             1             24  org.glassfish.jersey.inject.hk2.AbstractHk2InjectionManager$$Lambda/0x00007fcc1083f420
4377:             1             24  org.glassfish.jersey.inject.hk2.ContextInjectionResolverImpl$$Lambda/0x00007fcc106b5c58
4378:             1             24  org.glassfish.jersey.inject.hk2.ContextInjectionResolverImpl$$Lambda/0x00007fcc106b6518
4379:             1             24  org.glassfish.jersey.inject.hk2.ContextInjectionResolverImpl$3
4380:             1             24  org.glassfish.jersey.inject.hk2.Hk2RequestScope
4381:             1             24  org.glassfish.jersey.inject.hk2.ImmediateHk2InjectionManager
4382:             1             24  org.glassfish.jersey.inject.hk2.JerseyClassAnalyzer$$Lambda/0x00007fcc106a96e8
4383:             1             24  org.glassfish.jersey.inject.hk2.JerseyClassAnalyzer$Binder$$Lambda/0x00007fcc106a8990
4384:             1             24  org.glassfish.jersey.inject.hk2.RequestContext
4385:             1             24  org.glassfish.jersey.internal.ExceptionMapperFactory
4386:             1             24  org.glassfish.jersey.internal.config.SystemPropertiesConfigurationProvider
4387:             1             24  org.glassfish.jersey.internal.inject.ParamConverterFactory
4388:             1             24  org.glassfish.jersey.internal.inject.ParamConverters$AggregatedProvider
4389:             1             24  org.glassfish.jersey.internal.inject.ParamConverters$OptionalCustomProvider
4390:             1             24  org.glassfish.jersey.jackson.JacksonFeature
4391:             1             24  org.glassfish.jersey.media.multipart.internal.MultiPartWriter
4392:             1             24  org.glassfish.jersey.message.internal.FormMultivaluedMapProvider
4393:             1             24  org.glassfish.jersey.message.internal.SourceProvider$DomSourceReader
4394:             1             24  org.glassfish.jersey.message.internal.SourceProvider$SaxSourceReader
4395:             1             24  org.glassfish.jersey.model.Parameter$ParameterService$1
4396:             1             24  org.glassfish.jersey.model.Parameter$ParameterService$10
4397:             1             24  org.glassfish.jersey.model.Parameter$ParameterService$2
4398:             1             24  org.glassfish.jersey.model.Parameter$ParameterService$3
4399:             1             24  org.glassfish.jersey.model.Parameter$ParameterService$4
4400:             1             24  org.glassfish.jersey.model.Parameter$ParameterService$5
4401:             1             24  org.glassfish.jersey.model.Parameter$ParameterService$6
4402:             1             24  org.glassfish.jersey.model.Parameter$ParameterService$7
4403:             1             24  org.glassfish.jersey.model.Parameter$ParameterService$8
4404:             1             24  org.glassfish.jersey.model.Parameter$ParameterService$9
4405:             1             24  org.glassfish.jersey.model.internal.CommonConfig$$Lambda/0x00007fcc10665a78
4406:             1             24  org.glassfish.jersey.model.internal.ComponentBag$$Lambda/0x00007fcc10666e48
4407:             1             24  org.glassfish.jersey.model.internal.RankedComparator
4408:             1             24  org.glassfish.jersey.process.JerseyProcessingUncaughtExceptionHandler
4409:             1             24  org.glassfish.jersey.process.internal.AbstractExecutorProvidersConfigurator$$Lambda/0x00007fcc10734420
4410:             1             24  org.glassfish.jersey.process.internal.AbstractExecutorProvidersConfigurator$$Lambda/0x00007fcc10734658
4411:             1             24  org.glassfish.jersey.process.internal.ExecutorProviders$ExecutorServiceSupplier
4412:             1             24  org.glassfish.jersey.process.internal.ExecutorProviders$ScheduledExecutorServiceSupplier
4413:             1             24  org.glassfish.jersey.process.internal.Stages$1
4414:             1             24  org.glassfish.jersey.server.ApplicationHandler$$Lambda/0x00007fcc1074f9e8
4415:             1             24  org.glassfish.jersey.server.ComponentProviderConfigurator$$Lambda/0x00007fcc106e7d88
4416:             1             24  org.glassfish.jersey.server.JerseyResourceContextConfigurator$$Lambda/0x00007fcc106e7298
4417:             1             24  org.glassfish.jersey.server.JerseyResourceContextConfigurator$$Lambda/0x00007fcc106e74c0
4418:             1             24  org.glassfish.jersey.server.JerseyResourceContextConfigurator$$Lambda/0x00007fcc106e76f8
4419:             1             24  org.glassfish.jersey.server.ModelProcessorConfigurator$$Lambda/0x00007fcc1072bdf8
4420:             1             24  org.glassfish.jersey.server.ServerRuntime$$Lambda/0x00007fcc1074b998
4421:             1             24  org.glassfish.jersey.server.internal.JsonWithPaddingInterceptor
4422:             1             24  org.glassfish.jersey.server.internal.inject.AsyncResponseValueParamProvider
4423:             1             24  org.glassfish.jersey.server.internal.inject.DelegatedInjectionValueParamProvider$$Lambda/0x00007fcc106e6530
4424:             1             24  org.glassfish.jersey.server.internal.inject.FormParamValueParamProvider$MultipartFormParamValueProvider$$Lambda/0x00007fcc106e4438
4425:             1             24  org.glassfish.jersey.server.internal.inject.HeaderParamValueParamProvider$HeaderParamValueProvider
4426:             1             24  org.glassfish.jersey.server.internal.inject.MultivaluedParameterExtractorFactory
4427:             1             24  org.glassfish.jersey.server.internal.inject.ParamExtractorConfigurator$$Lambda/0x00007fcc106dac98
4428:             1             24  org.glassfish.jersey.server.internal.inject.PathParamValueParamProvider$PathParamValueProvider
4429:             1             24  org.glassfish.jersey.server.internal.inject.QueryParamValueParamProvider$QueryParamValueProvider
4430:             1             24  org.glassfish.jersey.server.internal.inject.ValueParamProviderConfigurator$$Lambda/0x00007fcc106db520
4431:             1             24  org.glassfish.jersey.server.internal.inject.ValueParamProviderConfigurator$$Lambda/0x00007fcc106db738
4432:             1             24  org.glassfish.jersey.server.internal.inject.ValueParamProviderConfigurator$$Lambda/0x00007fcc106db968
4433:             1             24  org.glassfish.jersey.server.internal.inject.ValueParamProviderConfigurator$$Lambda/0x00007fcc106dbb80
4434:             1             24  org.glassfish.jersey.server.internal.inject.ValueParamProviderConfigurator$$Lambda/0x00007fcc106e5388
4435:             1             24  org.glassfish.jersey.server.internal.inject.ValueParamProviderConfigurator$$Lambda/0x00007fcc106e62f8
4436:             1             24  org.glassfish.jersey.server.internal.inject.ValueParamProviderConfigurator$$Lambda/0x00007fcc106e6bf0
4437:             1             24  org.glassfish.jersey.server.internal.routing.MatchResultInitializerRouter
4438:             1             24  org.glassfish.jersey.server.model.Parameter$ServerParameterService$1
4439:             1             24  org.glassfish.jersey.server.model.Parameter$ServerParameterService$2
4440:             1             24  org.glassfish.jersey.server.model.ResourceModel$1
4441:             1             24  org.glassfish.jersey.server.model.RuntimeResourceModel
4442:             1             24  org.glassfish.jersey.server.model.internal.JavaResourceMethodDispatcherProvider
4443:             1             24  org.glassfish.jersey.server.model.internal.ResourceMethodDispatcherFactory
4444:             1             24  org.glassfish.jersey.server.model.internal.ResourceMethodInvocationHandlerFactory
4445:             1             24  org.glassfish.jersey.server.model.internal.ResourceMethodInvocationHandlerFactory$$Lambda/0x00007fcc1073a830
4446:             1             24  org.glassfish.jersey.server.model.internal.ResourceMethodInvokerConfigurator$$Lambda/0x00007fcc1073ae40
4447:             1             24  org.glassfish.jersey.server.model.internal.VoidVoidDispatcherProvider
4448:             1             24  org.glassfish.jersey.server.wadl.internal.generators.WadlGeneratorJAXBGrammarGenerator$1
4449:             1             24  org.glassfish.jersey.server.wadl.processor.OptionsMethodProcessor
4450:             1             24  org.glassfish.jersey.servlet.WebComponent$WebComponentBinder$$Lambda/0x00007fcc106c6190
4451:             1             24  org.glassfish.jersey.servlet.WebComponent$WebComponentBinder$$Lambda/0x00007fcc106c69e8
4452:             1             24  org.glassfish.jersey.servlet.WebComponent$WebComponentBinder$$Lambda/0x00007fcc106c6e20
4453:             1             24  org.glassfish.jersey.servlet.WebServletConfig
4454:             1             24  org.jboss.logging.Slf4jLoggerProvider
4455:             1             24  org.jboss.threads.EnhancedQueueExecutor$MXBeanImpl
4456:             1             24  org.jboss.threads.EnhancedQueueExecutor$TreeSetQueue
4457:             1             24  org.jboss.threads.LoggingUncaughtExceptionHandler
4458:             1             24  org.jboss.threads.RejectingExecutor
4459:             1             24  org.jvnet.hk2.internal.DefaultClassAnalyzer
4460:             1             24  org.jvnet.hk2.internal.InstantiationServiceImpl
4461:             1             24  org.jvnet.hk2.internal.ServiceHandleComparator
4462:             1             24  org.jvnet.hk2.internal.ServiceLocatorImpl$10
4463:             1             24  org.jvnet.hk2.internal.ServiceLocatorImpl$3
4464:             1             24  org.jvnet.hk2.internal.ServiceLocatorImpl$4
4465:             1             24  org.jvnet.hk2.internal.ServiceLocatorImpl$8
4466:             1             24  org.jvnet.hk2.internal.ServiceLocatorRuntimeImpl
4467:             1             24  org.jvnet.hk2.internal.SingletonContext$1
4468:             1             24  org.jvnet.hk2.internal.SingletonContext$2
4469:             1             24  org.jvnet.hk2.internal.ThreeThirtyResolver
4470:             1             24  org.reflections.util.FilterBuilder
4471:             1             24  org.reflections.util.FilterBuilder$Exclude
4472:             1             24  org.slf4j.helpers.BasicMDCAdapter$1
4473:             1             24  org.wildfly.common.net.CidrAddressTable
4474:             1             24  org.xnio.IoUtils$1
4475:             1             24  org.xnio.IoUtils$2
4476:             1             24  org.xnio.IoUtils$3
4477:             1             24  org.xnio.LocalSocketAddress
4478:             1             24  org.xnio.XnioWorker$1
4479:             1             24  org.xnio.XnioWorker$EnhancedQueueExecutorTaskPool
4480:             1             24  org.xnio.conduits.ReadReadyHandler$ChannelListenerHandler
4481:             1             24  org.xnio.conduits.WriteReadyHandler$ChannelListenerHandler
4482:             1             24  org.xnio.nio.NioXnio$3
4483:             1             24  org.xnio.nio.NioXnio$4
4484:             1             24  org.xnio.nio.NioXnio$DefaultSelectorCreator
4485:             1             24  org.yaml.snakeyaml.external.com.google.gdata.util.common.base.PercentEscaper
4486:             1             24  sun.management.ClassLoadingImpl (java.management@21.0.6)
4487:             1             24  sun.nio.ch.NioSocketImpl$$Lambda/0x00007fcc103e2968 (java.base@21.0.6)
4488:             1             24  sun.nio.ch.NioSocketImpl$1 (java.base@21.0.6)
4489:             1             24  sun.nio.ch.NioSocketImpl$2 (java.base@21.0.6)
4490:             1             24  sun.nio.fs.LinuxFileSystemProvider (java.base@21.0.6)
4491:             1             24  sun.reflect.annotation.TypeAnnotation$LocationInfo (java.base@21.0.6)
4492:             1             24  sun.reflect.generics.tree.ArrayTypeSignature (java.base@21.0.6)
4493:             1             24  sun.security.jca.ProviderConfig$ProviderLoader (java.base@21.0.6)
4494:             1             24  sun.security.provider.AbstractDrbg$SeederHolder$$Lambda/0x00007fcc103d8338 (java.base@21.0.6)
4495:             1             24  sun.security.util.DisabledAlgorithmConstraints$Constraints (java.base@21.0.6)
4496:             1             24  sun.util.calendar.Gregorian (java.base@21.0.6)
4497:             1             16  [Lch.qos.logback.classic.spi.StackTraceElementProxy;
4498:             1             16  [Lch.qos.logback.classic.spi.ThrowableProxy;
4499:             1             16  [Lcom.fasterxml.jackson.databind.AbstractTypeResolver;
4500:             1             16  [Lcom.fasterxml.jackson.databind.deser.BeanDeserializerModifier;
4501:             1             16  [Lcom.fasterxml.jackson.databind.ser.BeanSerializerModifier;
4502:             1             16  [Lcom.fasterxml.jackson.databind.util.ClassUtil$Ctor;
4503:             1             16  [Lcom.google.inject.internal.util.StackTraceElements$InMemoryStackTraceElement;
4504:             1             16  [Lcom.google.inject.spi.ProvisionListener;
4505:             1             16  [Lio.grpc.StreamTracer;
4506:             1             16  [Lio.netty.util.DefaultAttributeMap$DefaultAttribute;
4507:             1             16  [Lio.undertow.servlet.core.ManagedListener;
4508:             1             16  [Ljava.io.File; (java.base@21.0.6)
4509:             1             16  [Ljava.lang.Thread; (java.base@21.0.6)
4510:             1             16  [Ljava.lang.management.LockInfo; (java.management@21.0.6)
4511:             1             16  [Ljava.lang.management.MonitorInfo; (java.management@21.0.6)
4512:             1             16  [Ljava.lang.reflect.AnnotatedType; (java.base@21.0.6)
4513:             1             16  [Ljava.nio.file.attribute.FileAttribute; (java.base@21.0.6)
4514:             1             16  [Ljava.security.Provider; (java.base@21.0.6)
4515:             1             16  [Ljava.security.cert.X509Certificate; (java.base@21.0.6)
4516:             1             16  [Ljava.text.FieldPosition; (java.base@21.0.6)
4517:             1             16  [Ljava.time.LocalDateTime; (java.base@21.0.6)
4518:             1             16  [Ljava.time.zone.ZoneOffsetTransitionRule; (java.base@21.0.6)
4519:             1             16  [Ljava.util.logging.Handler; (java.logging@21.0.6)
4520:             1             16  [Ljavax.security.cert.X509Certificate; (java.base@21.0.6)
4521:             1             16  [Lnet.engio.mbassy.listener.Filter;
4522:             1             16  [Lorg.bouncycastle.asn1.ASN1Encodable;
4523:             1             16  [Lorg.bouncycastle.math.ec.ECFieldElement;
4524:             1             16  [Lorg.bouncycastle.math.ec.ECPoint;
4525:             1             16  [Lorg.jboss.threads.EnhancedQueueExecutor$AbstractScheduledFuture;
4526:             1             16  [Lorg.wildfly.common.net.CidrAddressTable$Mapping;
4527:             1             16  [Lsun.reflect.annotation.TypeAnnotation$LocationInfo$Location; (java.base@21.0.6)
4528:             1             16  ch.qos.logback.classic.PatternLayout$$Lambda/0x00007fcc10089ec0
4529:             1             16  ch.qos.logback.classic.PatternLayout$$Lambda/0x00007fcc1008a0d0
4530:             1             16  ch.qos.logback.classic.PatternLayout$$Lambda/0x00007fcc1008a5f0
4531:             1             16  ch.qos.logback.classic.PatternLayout$$Lambda/0x00007fcc1008a800
4532:             1             16  ch.qos.logback.classic.PatternLayout$$Lambda/0x00007fcc1008ad28
4533:             1             16  ch.qos.logback.classic.PatternLayout$$Lambda/0x00007fcc1008af38
4534:             1             16  ch.qos.logback.classic.PatternLayout$$Lambda/0x00007fcc1008b458
4535:             1             16  ch.qos.logback.classic.PatternLayout$$Lambda/0x00007fcc1008b668
4536:             1             16  ch.qos.logback.classic.PatternLayout$$Lambda/0x00007fcc1008b878
4537:             1             16  ch.qos.logback.classic.PatternLayout$$Lambda/0x00007fcc1008bd98
4538:             1             16  ch.qos.logback.classic.PatternLayout$$Lambda/0x00007fcc1008bfa8
4539:             1             16  ch.qos.logback.classic.PatternLayout$$Lambda/0x00007fcc1008ca08
4540:             1             16  ch.qos.logback.classic.PatternLayout$$Lambda/0x00007fcc1008cc18
4541:             1             16  ch.qos.logback.classic.PatternLayout$$Lambda/0x00007fcc1008ce28
4542:             1             16  ch.qos.logback.classic.PatternLayout$$Lambda/0x00007fcc1008d348
4543:             1             16  ch.qos.logback.classic.PatternLayout$$Lambda/0x00007fcc1008d558
4544:             1             16  ch.qos.logback.classic.PatternLayout$$Lambda/0x00007fcc1008d768
4545:             1             16  ch.qos.logback.classic.PatternLayout$$Lambda/0x00007fcc1008dca8
4546:             1             16  ch.qos.logback.classic.PatternLayout$$Lambda/0x00007fcc1008deb8
4547:             1             16  ch.qos.logback.classic.PatternLayout$$Lambda/0x00007fcc1008e3d8
4548:             1             16  ch.qos.logback.classic.PatternLayout$$Lambda/0x00007fcc1008e5e8
4549:             1             16  ch.qos.logback.classic.PatternLayout$$Lambda/0x00007fcc1008eb08
4550:             1             16  ch.qos.logback.classic.PatternLayout$$Lambda/0x00007fcc1008ed18
4551:             1             16  ch.qos.logback.classic.PatternLayout$$Lambda/0x00007fcc1008f238
4552:             1             16  ch.qos.logback.classic.PatternLayout$$Lambda/0x00007fcc1008f448
4553:             1             16  ch.qos.logback.classic.PatternLayout$$Lambda/0x00007fcc1008f970
4554:             1             16  ch.qos.logback.classic.PatternLayout$$Lambda/0x00007fcc1008fb80
4555:             1             16  ch.qos.logback.classic.PatternLayout$$Lambda/0x00007fcc1008fd90
4556:             1             16  ch.qos.logback.classic.PatternLayout$$Lambda/0x00007fcc10090000
4557:             1             16  ch.qos.logback.classic.PatternLayout$$Lambda/0x00007fcc10090898
4558:             1             16  ch.qos.logback.classic.PatternLayout$$Lambda/0x00007fcc10090aa8
4559:             1             16  ch.qos.logback.classic.PatternLayout$$Lambda/0x00007fcc10090cb8
4560:             1             16  ch.qos.logback.classic.PatternLayout$$Lambda/0x00007fcc10090ec8
4561:             1             16  ch.qos.logback.classic.PatternLayout$$Lambda/0x00007fcc100910d8
4562:             1             16  ch.qos.logback.classic.PatternLayout$$Lambda/0x00007fcc100912e8
4563:             1             16  ch.qos.logback.classic.PatternLayout$$Lambda/0x00007fcc10091810
4564:             1             16  ch.qos.logback.classic.PatternLayout$$Lambda/0x00007fcc10091a20
4565:             1             16  ch.qos.logback.classic.PatternLayout$$Lambda/0x00007fcc10091f40
4566:             1             16  ch.qos.logback.classic.PatternLayout$$Lambda/0x00007fcc10092150
4567:             1             16  ch.qos.logback.classic.PatternLayout$$Lambda/0x00007fcc10092688
4568:             1             16  ch.qos.logback.classic.PatternLayout$$Lambda/0x00007fcc10092ba8
4569:             1             16  ch.qos.logback.classic.PatternLayout$$Lambda/0x00007fcc100930c8
4570:             1             16  ch.qos.logback.classic.PatternLayout$$Lambda/0x00007fcc100935f0
4571:             1             16  ch.qos.logback.classic.PatternLayout$$Lambda/0x00007fcc10093b08
4572:             1             16  ch.qos.logback.classic.PatternLayout$$Lambda/0x00007fcc10094028
4573:             1             16  ch.qos.logback.classic.PatternLayout$$Lambda/0x00007fcc10094888
4574:             1             16  ch.qos.logback.classic.PatternLayout$$Lambda/0x00007fcc10094dc0
4575:             1             16  ch.qos.logback.classic.PatternLayout$$Lambda/0x00007fcc100952f8
4576:             1             16  ch.qos.logback.classic.PatternLayout$$Lambda/0x00007fcc10095830
4577:             1             16  ch.qos.logback.classic.PatternLayout$$Lambda/0x00007fcc10095d68
4578:             1             16  ch.qos.logback.classic.PatternLayout$$Lambda/0x00007fcc100962a0
4579:             1             16  ch.qos.logback.classic.PatternLayout$$Lambda/0x00007fcc100967d8
4580:             1             16  ch.qos.logback.classic.PatternLayout$$Lambda/0x00007fcc10096d10
4581:             1             16  ch.qos.logback.classic.PatternLayout$$Lambda/0x00007fcc10097248
4582:             1             16  ch.qos.logback.classic.PatternLayout$$Lambda/0x00007fcc10097780
4583:             1             16  ch.qos.logback.classic.PatternLayout$$Lambda/0x00007fcc10097cb8
4584:             1             16  ch.qos.logback.classic.PatternLayout$$Lambda/0x00007fcc10098328
4585:             1             16  ch.qos.logback.classic.PatternLayout$$Lambda/0x00007fcc10098860
4586:             1             16  ch.qos.logback.classic.PatternLayout$$Lambda/0x00007fcc10098d98
4587:             1             16  ch.qos.logback.classic.PatternLayout$$Lambda/0x00007fcc100992d0
4588:             1             16  ch.qos.logback.classic.PatternLayout$$Lambda/0x00007fcc10099808
4589:             1             16  ch.qos.logback.classic.PatternLayout$$Lambda/0x00007fcc10099d48
4590:             1             16  ch.qos.logback.classic.PatternLayout$$Lambda/0x00007fcc1009a268
4591:             1             16  ch.qos.logback.classic.PatternLayout$$Lambda/0x00007fcc1009a788
4592:             1             16  ch.qos.logback.classic.PatternLayout$$Lambda/0x00007fcc1009a998
4593:             1             16  ch.qos.logback.classic.PatternLayout$$Lambda/0x00007fcc1009aed8
4594:             1             16  ch.qos.logback.core.joran.spi.ConsoleTarget$1
4595:             1             16  ch.qos.logback.core.joran.spi.ConsoleTarget$2
4596:             1             16  ch.qos.logback.core.pattern.parser.Parser$$Lambda/0x00007fcc10089470
4597:             1             16  ch.qos.logback.core.pattern.parser.Parser$$Lambda/0x00007fcc100899a0
4598:             1             16  com.aerospike.client.Value$InfinityValue
4599:             1             16  com.aerospike.client.Value$NullValue
4600:             1             16  com.aerospike.client.Value$WildcardValue
4601:             1             16  com.aerospike.client.policy.InfoPolicy
4602:             1             16  com.aerospike.connect.feature.FeatureKey$Companion
4603:             1             16  com.aerospike.connect.io.FilePathResolver$$FastClassByGuice$$8ae8b
4604:             1             16  com.aerospike.connect.io.FilePathResolver$Companion
4605:             1             16  com.aerospike.connect.logging.AboutConnector
4606:             1             16  com.aerospike.connect.logging.LogFormat$Companion
4607:             1             16  com.aerospike.connect.logging.LogLevelExtensions
4608:             1             16  com.aerospike.connect.logging.LoggingConfig$Companion
4609:             1             16  com.aerospike.connect.logging.inject.LoggingGuiceModule$$FastClassByGuice$$1d37f4
4610:             1             16  com.aerospike.connect.metrics.AerospikeMetricFilter
4611:             1             16  com.aerospike.connect.metrics.AerospikeMetricRegistry$$Lambda/0x00007fcc10892370
4612:             1             16  com.aerospike.connect.metrics.AerospikeMetricRegistry$$Lambda/0x00007fcc108b7a88
4613:             1             16  com.aerospike.connect.metrics.AerospikeMetricRegistry$Companion
4614:             1             16  com.aerospike.connect.metrics.ConnectionMetric$$FastClassByGuice$$479eefa
4615:             1             16  com.aerospike.connect.metrics.ErrorRegistry$$FastClassByGuice$$79e3db
4616:             1             16  com.aerospike.connect.metrics.ErrorRegistry$Companion
4617:             1             16  com.aerospike.connect.metrics.ErrorRegistry$Companion$log$1
4618:             1             16  com.aerospike.connect.metrics.GarbageCollectorMetricSet$Companion
4619:             1             16  com.aerospike.connect.metrics.OperatingSystemGaugeSet$Companion
4620:             1             16  com.aerospike.connect.metrics.ThreadStatesGaugeSet$Companion
4621:             1             16  com.aerospike.connect.metrics.Ticker$$FastClassByGuice$$5c74592
4622:             1             16  com.aerospike.connect.metrics.Ticker$Companion
4623:             1             16  com.aerospike.connect.metrics.Ticker$putMetrics$1$1
4624:             1             16  com.aerospike.connect.metrics.Ticker$report$2
4625:             1             16  com.aerospike.connect.metrics.Ticker$report$3$1
4626:             1             16  com.aerospike.connect.metrics.Ticker$reportMetrics$1$1
4627:             1             16  com.aerospike.connect.metrics.TickerPriority$Companion
4628:             1             16  com.aerospike.connect.metrics.inject.MetricsGuiceModule$Companion
4629:             1             16  com.aerospike.connect.metrics.manage.app.ManageApplication$Companion
4630:             1             16  com.aerospike.connect.metrics.manage.app.ManageJacksonFeature
4631:             1             16  com.aerospike.connect.metrics.manage.app.ManageJacksonFeature$Companion
4632:             1             16  com.aerospike.connect.metrics.manage.app.ManageServiceLister
4633:             1             16  com.aerospike.connect.metrics.manage.app.ManageServiceLister$$Lambda/0x00007fcc10605fd0
4634:             1             16  com.aerospike.connect.metrics.manage.app.ManageServiceLister$$Lambda/0x00007fcc106061e0
4635:             1             16  com.aerospike.connect.metrics.manage.app.ManageServiceLister$$Lambda/0x00007fcc10636400
4636:             1             16  com.aerospike.connect.metrics.manage.server.Binding
4637:             1             16  com.aerospike.connect.metrics.manage.server.ManageServer$$FastClassByGuice$$744c431
4638:             1             16  com.aerospike.connect.metrics.manage.server.ManageServer$$Lambda/0x00007fcc10607a10
4639:             1             16  com.aerospike.connect.metrics.manage.server.ManageServer$$Lambda/0x00007fcc10608000
4640:             1             16  com.aerospike.connect.metrics.manage.server.ManageServer$Companion
4641:             1             16  com.aerospike.connect.metrics.manage.service.AboutServerWebService$$FastClassByGuice$$76223ac
4642:             1             16  com.aerospike.connect.metrics.manage.service.LoggingWebService$$FastClassByGuice$$7980cf5
4643:             1             16  com.aerospike.connect.metrics.manage.service.MetricsWebService$$FastClassByGuice$$75d2ef3
4644:             1             16  com.aerospike.connect.metrics.manage.service.PrometheusExports$Companion
4645:             1             16  com.aerospike.connect.metrics.manage.service.PrometheusMetricsWebService$$FastClassByGuice$$78a8582
4646:             1             16  com.aerospike.connect.serde.SerdeGuiceModule$Companion
4647:             1             16  com.aerospike.connect.tls.TlsContextLoader$$FastClassByGuice$$cc2449
4648:             1             16  com.aerospike.connect.tls.TlsContextLoader$Companion
4649:             1             16  com.aerospike.connect.tls.inject.TlsGuiceModule$$Lambda/0x00007fcc1033f478
4650:             1             16  com.aerospike.connect.tls.inject.TlsGuiceModule$$Lambda/0x00007fcc103b2778
4651:             1             16  com.aerospike.connect.tls.inject.TlsGuiceModule$Companion
4652:             1             16  com.aerospike.connect.tls.pem.BouncyCastlePemParser
4653:             1             16  com.aerospike.connect.tls.pem.BouncyCastlePemParser$$Lambda/0x00007fcc10387110
4654:             1             16  com.aerospike.connect.tls.pem.BouncyCastlePemParser$$Lambda/0x00007fcc103b2568
4655:             1             16  com.aerospike.connect.tls.pem.BouncyCastlePemParser$Companion
4656:             1             16  com.aerospike.connect.tls.reload.SSLContextFactory$$FastClassByGuice$$7351fb1
4657:             1             16  com.aerospike.connect.tls.reload.SSLContextFactory$$Lambda/0x00007fcc10607800
4658:             1             16  com.aerospike.connect.tls.reload.SSLContextFactory$Companion
4659:             1             16  com.aerospike.flow.CancellableFlow$$Lambda/0x00007fcc104dca18
4660:             1             16  com.aerospike.flow.CancellableFlow$Companion
4661:             1             16  com.aerospike.flow.CancellableFlow$job$1$1$$Lambda/0x00007fcc1091c8a0
4662:             1             16  com.aerospike.vector.ByteArrayList$1
4663:             1             16  com.aerospike.vector.SerializedAerospikeStorageRecordId$1
4664:             1             16  com.aerospike.vector.VectorDbMain$$Lambda/0x00007fcc10568210
4665:             1             16  com.aerospike.vector.VectorDbMain$$Lambda/0x00007fcc10568420
4666:             1             16  com.aerospike.vector.VectorDbMain$Companion
4667:             1             16  com.aerospike.vector.VectorDbStatus
4668:             1             16  com.aerospike.vector.VectorExtensions
4669:             1             16  com.aerospike.vector.auth.InsecureAuthService$$FastClassByGuice$$332391a
4670:             1             16  com.aerospike.vector.auth.NoUserContext
4671:             1             16  com.aerospike.vector.client.proto.AboutRequest$1
4672:             1             16  com.aerospike.vector.client.proto.AboutResponse$1
4673:             1             16  com.aerospike.vector.client.proto.AboutResponse$2
4674:             1             16  com.aerospike.vector.client.proto.AboutServiceGrpc$AboutServiceFileDescriptorSupplier
4675:             1             16  com.aerospike.vector.client.proto.AddUserRequest$1
4676:             1             16  com.aerospike.vector.client.proto.AuthRequest$1
4677:             1             16  com.aerospike.vector.client.proto.AuthResponse$1
4678:             1             16  com.aerospike.vector.client.proto.AuthServiceGrpc$AuthServiceFileDescriptorSupplier
4679:             1             16  com.aerospike.vector.client.proto.BoolData$1
4680:             1             16  com.aerospike.vector.client.proto.Boolean$1
4681:             1             16  com.aerospike.vector.client.proto.ClusterId$1
4682:             1             16  com.aerospike.vector.client.proto.ClusterInfoServiceGrpc$ClusterInfoServiceFileDescriptorSupplier
4683:             1             16  com.aerospike.vector.client.proto.ClusterNodeEndpoints$1
4684:             1             16  com.aerospike.vector.client.proto.ClusterNodeEndpoints$Builder$EndpointsConverter
4685:             1             16  com.aerospike.vector.client.proto.ClusterNodeEndpointsRequest$1
4686:             1             16  com.aerospike.vector.client.proto.ClusteringState$1
4687:             1             16  com.aerospike.vector.client.proto.DeleteRequest$1
4688:             1             16  com.aerospike.vector.client.proto.DropUserRequest$1
4689:             1             16  com.aerospike.vector.client.proto.ExistsRequest$1
4690:             1             16  com.aerospike.vector.client.proto.Field$1
4691:             1             16  com.aerospike.vector.client.proto.FloatData$1
4692:             1             16  com.aerospike.vector.client.proto.GcInvalidVerticesRequest$1
4693:             1             16  com.aerospike.vector.client.proto.GetRequest$1
4694:             1             16  com.aerospike.vector.client.proto.GetUserRequest$1
4695:             1             16  com.aerospike.vector.client.proto.GrantRolesRequest$1
4696:             1             16  com.aerospike.vector.client.proto.HnswBatchingParams$1
4697:             1             16  com.aerospike.vector.client.proto.HnswCachingParams$1
4698:             1             16  com.aerospike.vector.client.proto.HnswHealerParams$1
4699:             1             16  com.aerospike.vector.client.proto.HnswIndexMergeParams$1
4700:             1             16  com.aerospike.vector.client.proto.HnswIndexUpdate$1
4701:             1             16  com.aerospike.vector.client.proto.HnswParams$1
4702:             1             16  com.aerospike.vector.client.proto.IndexCreateRequest$1
4703:             1             16  com.aerospike.vector.client.proto.IndexDefinition$1
4704:             1             16  com.aerospike.vector.client.proto.IndexDefinitionList$1
4705:             1             16  com.aerospike.vector.client.proto.IndexDropRequest$1
4706:             1             16  com.aerospike.vector.client.proto.IndexGetRequest$1
4707:             1             16  com.aerospike.vector.client.proto.IndexId$1
4708:             1             16  com.aerospike.vector.client.proto.IndexListRequest$1
4709:             1             16  com.aerospike.vector.client.proto.IndexMode$1
4710:             1             16  com.aerospike.vector.client.proto.IndexServiceGrpc$IndexServiceFileDescriptorSupplier
4711:             1             16  com.aerospike.vector.client.proto.IndexStatusRequest$1
4712:             1             16  com.aerospike.vector.client.proto.IndexStatusResponse$1
4713:             1             16  com.aerospike.vector.client.proto.IndexStorage$1
4714:             1             16  com.aerospike.vector.client.proto.IndexType$1
4715:             1             16  com.aerospike.vector.client.proto.IndexUpdateRequest$1
4716:             1             16  com.aerospike.vector.client.proto.IsIndexedRequest$1
4717:             1             16  com.aerospike.vector.client.proto.Key$1
4718:             1             16  com.aerospike.vector.client.proto.ListRolesResponse$1
4719:             1             16  com.aerospike.vector.client.proto.ListUsersResponse$1
4720:             1             16  com.aerospike.vector.client.proto.Neighbor$1
4721:             1             16  com.aerospike.vector.client.proto.NodeId$1
4722:             1             16  com.aerospike.vector.client.proto.NodeRole$1
4723:             1             16  com.aerospike.vector.client.proto.ProjectionFilter$1
4724:             1             16  com.aerospike.vector.client.proto.ProjectionSpec$1
4725:             1             16  com.aerospike.vector.client.proto.ProjectionType$1
4726:             1             16  com.aerospike.vector.client.proto.PutRequest$1
4727:             1             16  com.aerospike.vector.client.proto.Record$1
4728:             1             16  com.aerospike.vector.client.proto.RevokeRolesRequest$1
4729:             1             16  com.aerospike.vector.client.proto.ServerEndpoint$1
4730:             1             16  com.aerospike.vector.client.proto.ServerEndpointList$1
4731:             1             16  com.aerospike.vector.client.proto.StandaloneIndexMetrics$1
4732:             1             16  com.aerospike.vector.client.proto.StandaloneIndexParams$1
4733:             1             16  com.aerospike.vector.client.proto.StandaloneIndexState$1
4734:             1             16  com.aerospike.vector.client.proto.Status$1
4735:             1             16  com.aerospike.vector.client.proto.TransactServiceGrpc$TransactServiceFileDescriptorSupplier
4736:             1             16  com.aerospike.vector.client.proto.UpdateCredentialsRequest$1
4737:             1             16  com.aerospike.vector.client.proto.User$1
4738:             1             16  com.aerospike.vector.client.proto.UserAdminServiceGrpc$UserAdminServiceFileDescriptorSupplier
4739:             1             16  com.aerospike.vector.client.proto.Value$1
4740:             1             16  com.aerospike.vector.client.proto.Vector$1
4741:             1             16  com.aerospike.vector.client.proto.VectorDistanceMetric$1
4742:             1             16  com.aerospike.vector.client.proto.VectorSearchRequest$1
4743:             1             16  com.aerospike.vector.client.proto.WriteType$1
4744:             1             16  com.aerospike.vector.clock.SystemClock$Companion
4745:             1             16  com.aerospike.vector.cluster.Cluster$AcceptMessage$1
4746:             1             16  com.aerospike.vector.cluster.Cluster$ClusterEpoch$1
4747:             1             16  com.aerospike.vector.cluster.Cluster$ClusterState$1
4748:             1             16  com.aerospike.vector.cluster.Cluster$ClusterStateAppliedMessage$1
4749:             1             16  com.aerospike.vector.cluster.Cluster$JoinReject$1
4750:             1             16  com.aerospike.vector.cluster.Cluster$JoinRequest$1
4751:             1             16  com.aerospike.vector.cluster.Cluster$LearnMessage$1
4752:             1             16  com.aerospike.vector.cluster.Cluster$MergeMoveMessage$1
4753:             1             16  com.aerospike.vector.cluster.Cluster$PrepareMessage$1
4754:             1             16  com.aerospike.vector.cluster.Cluster$ProposalId$1
4755:             1             16  com.aerospike.vector.cluster.Cluster$ReClusterMessage$1
4756:             1             16  com.aerospike.vector.cluster.ClusterEpoch$Companion
4757:             1             16  com.aerospike.vector.cluster.ClusterId$Companion
4758:             1             16  com.aerospike.vector.cluster.ClusterLimits$$FastClassByGuice$$156bab1
4759:             1             16  com.aerospike.vector.cluster.ClusterLimits$Companion
4760:             1             16  com.aerospike.vector.cluster.ClusterLock
4761:             1             16  com.aerospike.vector.cluster.ClusterLock$$FastClassByGuice$$14279a5
4762:             1             16  com.aerospike.vector.cluster.ClusterMetaMonitor$$FastClassByGuice$$1fc351d
4763:             1             16  com.aerospike.vector.cluster.ClusterMetrics$$FastClassByGuice$$1ebdeed
4764:             1             16  com.aerospike.vector.cluster.ClusterMetrics$$Lambda/0x00007fcc104d32a0
4765:             1             16  com.aerospike.vector.cluster.ClusterMetrics$$Lambda/0x00007fcc104d6440
4766:             1             16  com.aerospike.vector.cluster.ClusterMetrics$$Lambda/0x00007fcc104d6650
4767:             1             16  com.aerospike.vector.cluster.ClusterMetrics$$Lambda/0x00007fcc104d6860
4768:             1             16  com.aerospike.vector.cluster.ClusterMetrics$$Lambda/0x00007fcc104d6a70
4769:             1             16  com.aerospike.vector.cluster.ClusterMetrics$$Lambda/0x00007fcc104d7db0
4770:             1             16  com.aerospike.vector.cluster.ClusterMetrics$$Lambda/0x00007fcc104dc400
4771:             1             16  com.aerospike.vector.cluster.ClusterMetrics$Companion
4772:             1             16  com.aerospike.vector.cluster.ClusterMonitor$$FastClassByGuice$$1c65f29
4773:             1             16  com.aerospike.vector.cluster.ClusterMonitor$$Lambda/0x00007fcc104ed298
4774:             1             16  com.aerospike.vector.cluster.ClusterMonitor$$Lambda/0x00007fcc1056d978
4775:             1             16  com.aerospike.vector.cluster.ClusterMonitor$$Lambda/0x00007fcc1056e028
4776:             1             16  com.aerospike.vector.cluster.ClusterMonitor$$Lambda/0x00007fcc1056e420
4777:             1             16  com.aerospike.vector.cluster.ClusterMonitor$$Lambda/0x00007fcc1077ed38
4778:             1             16  com.aerospike.vector.cluster.ClusterMonitor$$Lambda/0x00007fcc10826110
4779:             1             16  com.aerospike.vector.cluster.ClusterMonitor$$Lambda/0x00007fcc10826320
4780:             1             16  com.aerospike.vector.cluster.ClusterMonitor$$Lambda/0x00007fcc10826530
4781:             1             16  com.aerospike.vector.cluster.ClusterMonitor$$Lambda/0x00007fcc10826960
4782:             1             16  com.aerospike.vector.cluster.ClusterMonitor$$Lambda/0x00007fcc108a5ec8
4783:             1             16  com.aerospike.vector.cluster.ClusterMonitor$$Lambda/0x00007fcc10932000
4784:             1             16  com.aerospike.vector.cluster.ClusterMonitor$Companion
4785:             1             16  com.aerospike.vector.cluster.ClusterRegister$$FastClassByGuice$$17d7e24
4786:             1             16  com.aerospike.vector.cluster.ClusterRegister$$Lambda/0x00007fcc104e7c10
4787:             1             16  com.aerospike.vector.cluster.ClusterRegister$$Lambda/0x00007fcc107d3df0
4788:             1             16  com.aerospike.vector.cluster.ClusterRegister$Companion
4789:             1             16  com.aerospike.vector.cluster.ClusterService$$FastClassByGuice$$1d1cd82
4790:             1             16  com.aerospike.vector.cluster.ClusterServiceGrpc$ClusterServiceFileDescriptorSupplier
4791:             1             16  com.aerospike.vector.cluster.ClusterState$$FastClassByGuice$$1bdbf07
4792:             1             16  com.aerospike.vector.cluster.ClusterState$Companion
4793:             1             16  com.aerospike.vector.cluster.PaxosAcceptor$$FastClassByGuice$$1889d3f
4794:             1             16  com.aerospike.vector.cluster.PaxosAcceptor$$Lambda/0x00007fcc104e8848
4795:             1             16  com.aerospike.vector.cluster.PaxosAcceptor$$Lambda/0x00007fcc107cd328
4796:             1             16  com.aerospike.vector.cluster.PaxosAcceptor$$Lambda/0x00007fcc10932ca0
4797:             1             16  com.aerospike.vector.cluster.PaxosAcceptor$Companion
4798:             1             16  com.aerospike.vector.cluster.PaxosProposer$$FastClassByGuice$$16f4af5
4799:             1             16  com.aerospike.vector.cluster.PaxosProposer$$Lambda/0x00007fcc104e6d40
4800:             1             16  com.aerospike.vector.cluster.PaxosProposer$Companion
4801:             1             16  com.aerospike.vector.cluster.PaxosProposer$learnSendAsync$2$$Lambda/0x00007fcc107d2a68
4802:             1             16  com.aerospike.vector.cluster.QuantumIntervalGenerator$$FastClassByGuice$$1a1620a
4803:             1             16  com.aerospike.vector.cluster.QuantumIntervalGenerator$$Lambda/0x00007fcc104e9ff0
4804:             1             16  com.aerospike.vector.cluster.QuantumIntervalGenerator$Companion
4805:             1             16  com.aerospike.vector.cluster.TickGenerator$$FastClassByGuice$$197f59b
4806:             1             16  com.aerospike.vector.config.InterconnectConfig$Companion
4807:             1             16  com.aerospike.vector.config.NodeRoleSet$Companion
4808:             1             16  com.aerospike.vector.config.PortRangeKeyDeserializer
4809:             1             16  com.aerospike.vector.config.ServiceConfig$Companion
4810:             1             16  com.aerospike.vector.distance.CosineVectorDistanceCpu
4811:             1             16  com.aerospike.vector.distance.CosineVectorDistanceCpu$$FastClassByGuice$$38bf79c
4812:             1             16  com.aerospike.vector.distance.DotProductVectorDistanceCpu
4813:             1             16  com.aerospike.vector.distance.DotProductVectorDistanceCpu$$FastClassByGuice$$39061d6
4814:             1             16  com.aerospike.vector.distance.HammingVectorDistanceCpu
4815:             1             16  com.aerospike.vector.distance.HammingVectorDistanceCpu$$FastClassByGuice$$3b1c90f
4816:             1             16  com.aerospike.vector.distance.ManhattanVectorDistanceCpu
4817:             1             16  com.aerospike.vector.distance.ManhattanVectorDistanceCpu$$FastClassByGuice$$3aee3a8
4818:             1             16  com.aerospike.vector.distance.SquaredEuclideanVectorDistanceCpu
4819:             1             16  com.aerospike.vector.distance.SquaredEuclideanVectorDistanceCpu$$FastClassByGuice$$378f7db
4820:             1             16  com.aerospike.vector.distance.VectorDistance$Companion
4821:             1             16  com.aerospike.vector.distance.VectorDistance$Companion$$Lambda/0x00007fcc105007e8
4822:             1             16  com.aerospike.vector.distance.VectorDistance$Companion$$Lambda/0x00007fcc10500bf8
4823:             1             16  com.aerospike.vector.distance.VectorDistanceServiceCpu$$FastClassByGuice$$3c0cfac
4824:             1             16  com.aerospike.vector.distance.VectorDistanceServiceCpu$$Lambda/0x00007fcc10501020
4825:             1             16  com.aerospike.vector.distance.VectorDistanceServiceCpu$Companion
4826:             1             16  com.aerospike.vector.dns.AsyncDnsResolver$$FastClassByGuice$$d8c24b
4827:             1             16  com.aerospike.vector.embedded.client.inject.VectorDbEmbeddedClientGuiceModule$Companion
4828:             1             16  com.aerospike.vector.embedded.client.store.SingleInstanceClientStore$$FastClassByGuice$$357589f
4829:             1             16  com.aerospike.vector.eventbus.inject.EventBusGuiceModule$$FastClassByGuice$$207361
4830:             1             16  com.aerospike.vector.exchange.Exchange$ExchangeCommit$1
4831:             1             16  com.aerospike.vector.exchange.Exchange$ExchangePayload$1
4832:             1             16  com.aerospike.vector.exchange.Exchange$ExchangePayload$2
4833:             1             16  com.aerospike.vector.exchange.Exchange$ExchangePayload$Builder$AdvertisedListenersConverter
4834:             1             16  com.aerospike.vector.exchange.Exchange$ExchangeReadyToCommit$1
4835:             1             16  com.aerospike.vector.exchange.ExchangeClusterStateService$$FastClassByGuice$$208cd16
4836:             1             16  com.aerospike.vector.exchange.ExchangeClusterStateService$$Lambda/0x00007fcc104a97d8
4837:             1             16  com.aerospike.vector.exchange.ExchangeClusterStateService$Companion
4838:             1             16  com.aerospike.vector.exchange.ExchangeLimits$$FastClassByGuice$$6bf689e
4839:             1             16  com.aerospike.vector.exchange.ExchangeLimits$Companion
4840:             1             16  com.aerospike.vector.exchange.ExchangeService$$FastClassByGuice$$6c469ca
4841:             1             16  com.aerospike.vector.exchange.ExchangeService$$Lambda/0x00007fcc105efda0
4842:             1             16  com.aerospike.vector.exchange.ExchangeService$$Lambda/0x00007fcc107d7618
4843:             1             16  com.aerospike.vector.exchange.ExchangeService$$Lambda/0x00007fcc107dfc20
4844:             1             16  com.aerospike.vector.exchange.ExchangeService$$Lambda/0x00007fcc107e1c98
4845:             1             16  com.aerospike.vector.exchange.ExchangeService$Companion
4846:             1             16  com.aerospike.vector.exchange.ExchangeServiceGrpc$ExchangeServiceFileDescriptorSupplier
4847:             1             16  com.aerospike.vector.heartbeat.AdjacencyMonitor$$FastClassByGuice$$10f7085
4848:             1             16  com.aerospike.vector.heartbeat.AdjacencyMonitor$$Lambda/0x00007fcc104dc610
4849:             1             16  com.aerospike.vector.heartbeat.AdjacencyMonitor$Companion
4850:             1             16  com.aerospike.vector.heartbeat.AdjacentNode$Companion
4851:             1             16  com.aerospike.vector.heartbeat.DiscoveryRegister$$FastClassByGuice$$11957bf
4852:             1             16  com.aerospike.vector.heartbeat.DiscoveryRegister$$Lambda/0x00007fcc104de870
4853:             1             16  com.aerospike.vector.heartbeat.DiscoveryRegister$$Lambda/0x00007fcc105d3df0
4854:             1             16  com.aerospike.vector.heartbeat.DiscoveryRegister$$Lambda/0x00007fcc1082ddb8
4855:             1             16  com.aerospike.vector.heartbeat.DiscoveryRegister$Companion
4856:             1             16  com.aerospike.vector.heartbeat.Heartbeat$ClusterPayload$1
4857:             1             16  com.aerospike.vector.heartbeat.Heartbeat$EndpointsQuery$1
4858:             1             16  com.aerospike.vector.heartbeat.Heartbeat$EndpointsResponse$1
4859:             1             16  com.aerospike.vector.heartbeat.Heartbeat$EndpointsResponse$Builder$ResponseConverter
4860:             1             16  com.aerospike.vector.heartbeat.Heartbeat$HeartbeatMessage$1
4861:             1             16  com.aerospike.vector.heartbeat.Heartbeat$SocketEndpoint$1
4862:             1             16  com.aerospike.vector.heartbeat.Heartbeat$SocketEndpointList$1
4863:             1             16  com.aerospike.vector.heartbeat.HeartbeatService$$FastClassByGuice$$1350b0a
4864:             1             16  com.aerospike.vector.heartbeat.HeartbeatServiceGrpc$HeartbeatServiceFileDescriptorSupplier
4865:             1             16  com.aerospike.vector.heartbeat.HeartbeatTransmitter$$FastClassByGuice$$120a50d
4866:             1             16  com.aerospike.vector.heartbeat.HeartbeatTransmitter$$Lambda/0x00007fcc104e1a70
4867:             1             16  com.aerospike.vector.heartbeat.HeartbeatTransmitter$Companion
4868:             1             16  com.aerospike.vector.heartbeat.NetworkClique$$Lambda/0x00007fcc104e5d20
4869:             1             16  com.aerospike.vector.heartbeat.NetworkClique$$Lambda/0x00007fcc1056e8b8
4870:             1             16  com.aerospike.vector.heartbeat.NetworkClique$Companion
4871:             1             16  com.aerospike.vector.heartbeat.SocketEndpointKt$Dsl$Companion
4872:             1             16  com.aerospike.vector.hlc.HlcClock$$FastClassByGuice$$a42e4b
4873:             1             16  com.aerospike.vector.hlc.HlcClock$Companion
4874:             1             16  com.aerospike.vector.hlc.HlcTimestamp$Companion
4875:             1             16  com.aerospike.vector.index.BatchBucketStore$$FastClassByGuice$$2465eb2
4876:             1             16  com.aerospike.vector.index.BatchBucketStore$$Lambda/0x00007fcc10502290
4877:             1             16  com.aerospike.vector.index.BatchBucketStore$Companion
4878:             1             16  com.aerospike.vector.index.BatchIndexMergeProxyRequest$1
4879:             1             16  com.aerospike.vector.index.BatchIndexMergeRequest$1
4880:             1             16  com.aerospike.vector.index.BatchIndexMergeStatus$1
4881:             1             16  com.aerospike.vector.index.BatchIndexMetadata$Companion
4882:             1             16  com.aerospike.vector.index.BatchIndexStatusResponse$1
4883:             1             16  com.aerospike.vector.index.CacheServiceGrpc$CacheServiceFileDescriptorSupplier
4884:             1             16  com.aerospike.vector.index.CentroidMap$1
4885:             1             16  com.aerospike.vector.index.CentroidMapEntry$1
4886:             1             16  com.aerospike.vector.index.DeleteProxyRequest$1
4887:             1             16  com.aerospike.vector.index.DeleteProxyResponse$1
4888:             1             16  com.aerospike.vector.index.EvictCachedVerticesRequest$1
4889:             1             16  com.aerospike.vector.index.ExistsProxyRequest$1
4890:             1             16  com.aerospike.vector.index.ExistsProxyResponse$1
4891:             1             16  com.aerospike.vector.index.GetProxyRequest$1
4892:             1             16  com.aerospike.vector.index.GetProxyResponse$1
4893:             1             16  com.aerospike.vector.index.HealCycleCompleteRequest$1
4894:             1             16  com.aerospike.vector.index.HealCycleFinalizationRequest$1
4895:             1             16  com.aerospike.vector.index.HealCycleStartRequest$1
4896:             1             16  com.aerospike.vector.index.IndexCacheCentroidRequest$1
4897:             1             16  com.aerospike.vector.index.IndexCatalog$$Lambda/0x00007fcc10557080
4898:             1             16  com.aerospike.vector.index.IndexCatalog$Companion
4899:             1             16  com.aerospike.vector.index.IndexCleaner$$FastClassByGuice$$2dd71c7
4900:             1             16  com.aerospike.vector.index.IndexCleaner$$Lambda/0x00007fcc10566000
4901:             1             16  com.aerospike.vector.index.IndexCleaner$Companion
4902:             1             16  com.aerospike.vector.index.IndexCreateOperation$1
4903:             1             16  com.aerospike.vector.index.IndexLog$$Lambda/0x00007fcc105024a0
4904:             1             16  com.aerospike.vector.index.IndexLog$Companion
4905:             1             16  com.aerospike.vector.index.IndexLog$Companion$$Lambda/0x00007fcc106fd738
4906:             1             16  com.aerospike.vector.index.IndexLog$Companion$$Lambda/0x00007fcc106fd948
4907:             1             16  com.aerospike.vector.index.IndexLog$Companion$$Lambda/0x00007fcc108a1658
4908:             1             16  com.aerospike.vector.index.IndexLogEntry$1
4909:             1             16  com.aerospike.vector.index.IndexLogEntryList$1
4910:             1             16  com.aerospike.vector.index.IndexLogEntryListKt$Dsl$Companion
4911:             1             16  com.aerospike.vector.index.IndexMetrics$1
4912:             1             16  com.aerospike.vector.index.IndexMetricsResponse$1
4913:             1             16  com.aerospike.vector.index.IndexRequest$1
4914:             1             16  com.aerospike.vector.index.IndexService$$FastClassByGuice$$2ad4f05
4915:             1             16  com.aerospike.vector.index.IndexService$$Lambda/0x00007fcc1055a310
4916:             1             16  com.aerospike.vector.index.IndexService$Companion
4917:             1             16  com.aerospike.vector.index.IndexServiceInternalGrpc$IndexServiceInternalFileDescriptorSupplier
4918:             1             16  com.aerospike.vector.index.IndexUpdateOperation$1
4919:             1             16  com.aerospike.vector.index.Indexer$$FastClassByGuice$$27bed9d
4920:             1             16  com.aerospike.vector.index.Indexer$$Lambda/0x00007fcc10557548
4921:             1             16  com.aerospike.vector.index.Indexer$Companion
4922:             1             16  com.aerospike.vector.index.InternalIndexId$1
4923:             1             16  com.aerospike.vector.index.InvalidVertices$1
4924:             1             16  com.aerospike.vector.index.IsIndexedProxyRequest$1
4925:             1             16  com.aerospike.vector.index.IsIndexedProxyResponse$1
4926:             1             16  com.aerospike.vector.index.JobStatus$Companion
4927:             1             16  com.aerospike.vector.index.MarkCachedVerticesInvalidRequest$1
4928:             1             16  com.aerospike.vector.index.NodeBatchIndexMergeComplete$1
4929:             1             16  com.aerospike.vector.index.NodeCacheStatus$1
4930:             1             16  com.aerospike.vector.index.PutProxyRequest$1
4931:             1             16  com.aerospike.vector.index.PutProxyResponse$1
4932:             1             16  com.aerospike.vector.index.QueueSize$Companion
4933:             1             16  com.aerospike.vector.index.ReindexEnqueuer$$FastClassByGuice$$5aea1db
4934:             1             16  com.aerospike.vector.index.ReindexEnqueuer$Companion
4935:             1             16  com.aerospike.vector.index.RequestPerformanceMetrics$1
4936:             1             16  com.aerospike.vector.index.StandaloneIndexBuildAbortRequest$1
4937:             1             16  com.aerospike.vector.index.StandaloneIndexBuildAbortResponse$1
4938:             1             16  com.aerospike.vector.index.StandaloneIndexBuildCompletedRequest$1
4939:             1             16  com.aerospike.vector.index.StandaloneIndexBuildCompletedResponse$1
4940:             1             16  com.aerospike.vector.index.StandaloneIndexBuildStartRequest$1
4941:             1             16  com.aerospike.vector.index.StandaloneIndexBuildStartResponse$1
4942:             1             16  com.aerospike.vector.index.StandaloneIndexCoordinator$$FastClassByGuice$$31d34c0
4943:             1             16  com.aerospike.vector.index.StandaloneIndexCoordinator$$Lambda/0x00007fcc10558d98
4944:             1             16  com.aerospike.vector.index.StandaloneIndexCoordinator$$Lambda/0x00007fcc108c2de8
4945:             1             16  com.aerospike.vector.index.StandaloneIndexCoordinator$Companion
4946:             1             16  com.aerospike.vector.index.StandaloneIndexCoordinator$InProcessIndexData$Companion
4947:             1             16  com.aerospike.vector.index.StandaloneIndexCoordinator$cancellableFlow$1$$Lambda/0x00007fcc10924900
4948:             1             16  com.aerospike.vector.index.StandaloneIndexMetricsRequest$1
4949:             1             16  com.aerospike.vector.index.StandaloneIndexWorker$$FastClassByGuice$$2916219
4950:             1             16  com.aerospike.vector.index.StandaloneIndexWorker$$Lambda/0x00007fcc105588d0
4951:             1             16  com.aerospike.vector.index.StandaloneIndexWorker$Companion
4952:             1             16  com.aerospike.vector.index.StandaloneIngestCompletionStatus$1
4953:             1             16  com.aerospike.vector.index.TransactServiceInternalGrpc$TransactServiceInternalFileDescriptorSupplier
4954:             1             16  com.aerospike.vector.index.VectorSearchProxyRequest$1
4955:             1             16  com.aerospike.vector.index.VectorSearchProxyResponse$1
4956:             1             16  com.aerospike.vector.index.cache.IndexCacheCoordinator$$FastClassByGuice$$22ce313
4957:             1             16  com.aerospike.vector.index.cache.IndexCacheCoordinator$$Lambda/0x00007fcc1055ec60
4958:             1             16  com.aerospike.vector.index.cache.IndexCacheCoordinator$Companion
4959:             1             16  com.aerospike.vector.index.cache.LoadBalancedCacheFriendlyNodeSelector$$Lambda/0x00007fcc1055af38
4960:             1             16  com.aerospike.vector.index.cache.LoadBalancedCacheFriendlyNodeSelector$Companion
4961:             1             16  com.aerospike.vector.index.config.CacheConfig$Companion
4962:             1             16  com.aerospike.vector.index.config.HealerConfig$Companion
4963:             1             16  com.aerospike.vector.index.healer.coordinator.IndexHealerCoordinator$$FastClassByGuice$$2ec8968
4964:             1             16  com.aerospike.vector.index.healer.coordinator.IndexHealerCoordinator$$Lambda/0x00007fcc10567d90
4965:             1             16  com.aerospike.vector.index.healer.coordinator.IndexHealerCoordinator$Companion
4966:             1             16  com.aerospike.vector.index.healer.coordinator.job.IndexHealerCoordinatorJob$$FastClassByGuice$$51468f0
4967:             1             16  com.aerospike.vector.index.healer.coordinator.job.IndexHealerCoordinatorJob$$Lambda/0x00007fcc108e0218
4968:             1             16  com.aerospike.vector.index.healer.coordinator.job.IndexHealerCoordinatorJob$Companion
4969:             1             16  com.aerospike.vector.index.healer.worker.BaseScanProcessor$Companion
4970:             1             16  com.aerospike.vector.index.healer.worker.CurrentBatchIds$$FastClassByGuice$$54e913c
4971:             1             16  com.aerospike.vector.index.healer.worker.CurrentBatchIds$$Lambda/0x00007fcc108e2a00
4972:             1             16  com.aerospike.vector.index.healer.worker.CurrentBatchIds$Companion
4973:             1             16  com.aerospike.vector.index.healer.worker.IndexHealerWorker$$FastClassByGuice$$2fd3a63
4974:             1             16  com.aerospike.vector.index.healer.worker.IndexHealerWorker$$Lambda/0x00007fcc105652b8
4975:             1             16  com.aerospike.vector.index.healer.worker.IndexHealerWorker$$Lambda/0x00007fcc107e2708
4976:             1             16  com.aerospike.vector.index.healer.worker.IndexHealerWorker$Companion
4977:             1             16  com.aerospike.vector.index.healer.worker.VectorRecordScanProcessor$$FastClassByGuice$$558b543
4978:             1             16  com.aerospike.vector.index.healer.worker.VectorRecordScanProcessor$$Lambda/0x00007fcc108e4d28
4979:             1             16  com.aerospike.vector.index.healer.worker.VectorRecordScanProcessor$$Lambda/0x00007fcc108e4f38
4980:             1             16  com.aerospike.vector.index.healer.worker.VectorRecordScanProcessor$Companion
4981:             1             16  com.aerospike.vector.index.healer.worker.VertexRecordScanProcessor$$FastClassByGuice$$5355b7e
4982:             1             16  com.aerospike.vector.index.healer.worker.VertexRecordScanProcessor$$Lambda/0x00007fcc108e41b0
4983:             1             16  com.aerospike.vector.index.healer.worker.VertexRecordScanProcessor$$Lambda/0x00007fcc108e43c0
4984:             1             16  com.aerospike.vector.index.healer.worker.VertexRecordScanProcessor$Companion
4985:             1             16  com.aerospike.vector.index.healer.worker.job.IndexHealerWorkerAckJob$$FastClassByGuice$$57c3520
4986:             1             16  com.aerospike.vector.index.healer.worker.job.IndexHealerWorkerAckJob$$Lambda/0x00007fcc109258e8
4987:             1             16  com.aerospike.vector.index.healer.worker.job.IndexHealerWorkerAckJob$Companion
4988:             1             16  com.aerospike.vector.index.healer.worker.job.IndexHealerWorkerCycleFinalizationJob$$FastClassByGuice$$564cb0c
4989:             1             16  com.aerospike.vector.index.healer.worker.job.IndexHealerWorkerCycleFinalizationJob$$Lambda/0x00007fcc108e2068
4990:             1             16  com.aerospike.vector.index.healer.worker.job.IndexHealerWorkerCycleFinalizationJob$Companion
4991:             1             16  com.aerospike.vector.index.healer.worker.job.IndexHealerWorkerJob$$FastClassByGuice$$52da44f
4992:             1             16  com.aerospike.vector.index.healer.worker.job.IndexHealerWorkerJob$$Lambda/0x00007fcc108e1e58
4993:             1             16  com.aerospike.vector.index.healer.worker.job.IndexHealerWorkerJob$Companion
4994:             1             16  com.aerospike.vector.index.healer.worker.job.IndexHealerWorkerMarkerJob$$FastClassByGuice$$58aa40b
4995:             1             16  com.aerospike.vector.index.healer.worker.job.IndexHealerWorkerScanJobs$$FastClassByGuice$$593e3ee
4996:             1             16  com.aerospike.vector.index.hnsw.GraphVertex$Companion
4997:             1             16  com.aerospike.vector.index.hnsw.GraphVertexStorageAdaptor$$FastClassByGuice$$237928a
4998:             1             16  com.aerospike.vector.index.hnsw.GraphVertexStorageAdaptor$Companion
4999:             1             16  com.aerospike.vector.index.hnsw.Hnsw$$Lambda/0x00007fcc108bd1c0
5000:             1             16  com.aerospike.vector.index.hnsw.Hnsw$$Lambda/0x00007fcc108f8a38
5001:             1             16  com.aerospike.vector.index.hnsw.Hnsw$$Lambda/0x00007fcc108f8ed8
5002:             1             16  com.aerospike.vector.index.hnsw.Hnsw$$Lambda/0x00007fcc108f9ec0
5003:             1             16  com.aerospike.vector.index.hnsw.Hnsw$$Lambda/0x00007fcc1090bc58
5004:             1             16  com.aerospike.vector.index.hnsw.Hnsw$$Lambda/0x00007fcc1090c0f8
5005:             1             16  com.aerospike.vector.index.hnsw.Hnsw$Companion
5006:             1             16  com.aerospike.vector.index.hnsw.store.CachedHnswGraphStore$$FastClassByGuice$$4fc22ce
5007:             1             16  com.aerospike.vector.index.hnsw.store.CachedHnswGraphStore$$Lambda/0x00007fcc108a7948
5008:             1             16  com.aerospike.vector.index.hnsw.store.CachedHnswGraphStore$$Lambda/0x00007fcc1090a6c8
5009:             1             16  com.aerospike.vector.index.hnsw.store.CachedHnswGraphStore$$Lambda/0x00007fcc1091cab0
5010:             1             16  com.aerospike.vector.index.hnsw.store.CachedHnswGraphStore$Companion
5011:             1             16  com.aerospike.vector.index.hnsw.store.InMemoryGraphStore$$FastClassByGuice$$4d7d449
5012:             1             16  com.aerospike.vector.index.hnsw.store.MemMapGraphStore$$FastClassByGuice$$5006260
5013:             1             16  com.aerospike.vector.index.hnsw.store.PersistentHnswGraphStore$$FastClassByGuice$$4ef6c5a
5014:             1             16  com.aerospike.vector.index.hnsw.store.PersistentHnswGraphStore$$Lambda/0x00007fcc108a7738
5015:             1             16  com.aerospike.vector.index.hnsw.store.PersistentHnswGraphStore$Companion
5016:             1             16  com.aerospike.vector.index.inject.IndexGuiceModule$$FastClassByGuice$$445821
5017:             1             16  com.aerospike.vector.index.inject.IndexGuiceModule$$Lambda/0x00007fcc103bbc28
5018:             1             16  com.aerospike.vector.index.inject.IndexGuiceModule$Companion
5019:             1             16  com.aerospike.vector.index.merge.BatchJobLauncher$$FastClassByGuice$$490e381
5020:             1             16  com.aerospike.vector.index.merge.coordinator.CoordinatorBatchCleanJob$$FastClassByGuice$$4b5d194
5021:             1             16  com.aerospike.vector.index.merge.coordinator.CoordinatorBatchCleanJob$$Lambda/0x00007fcc109120a8
5022:             1             16  com.aerospike.vector.index.merge.coordinator.CoordinatorBatchCleanJob$Companion
5023:             1             16  com.aerospike.vector.index.merge.coordinator.CoordinatorBatchCopyJob$$FastClassByGuice$$489aac4
5024:             1             16  com.aerospike.vector.index.merge.coordinator.CoordinatorBatchCopyJob$$Lambda/0x00007fcc10904200
5025:             1             16  com.aerospike.vector.index.merge.coordinator.CoordinatorBatchCopyJob$Companion
5026:             1             16  com.aerospike.vector.index.merge.coordinator.CoordinatorBatchMergeJob$$FastClassByGuice$$4abc391
5027:             1             16  com.aerospike.vector.index.merge.coordinator.CoordinatorBatchMergeJob$$Lambda/0x00007fcc109066e8
5028:             1             16  com.aerospike.vector.index.merge.coordinator.CoordinatorBatchMergeJob$Companion
5029:             1             16  com.aerospike.vector.index.merge.coordinator.IndexMergeCoordinator$$FastClassByGuice$$2bab3f2
5030:             1             16  com.aerospike.vector.index.merge.coordinator.IndexMergeCoordinator$$Lambda/0x00007fcc1055f858
5031:             1             16  com.aerospike.vector.index.merge.coordinator.IndexMergeCoordinator$$Lambda/0x00007fcc107ee5e0
5032:             1             16  com.aerospike.vector.index.merge.coordinator.IndexMergeCoordinator$$Lambda/0x00007fcc107eef28
5033:             1             16  com.aerospike.vector.index.merge.coordinator.IndexMergeCoordinator$$Lambda/0x00007fcc107ef3b0
5034:             1             16  com.aerospike.vector.index.merge.coordinator.IndexMergeCoordinator$$Lambda/0x00007fcc107ef808
5035:             1             16  com.aerospike.vector.index.merge.coordinator.IndexMergeCoordinator$$Lambda/0x00007fcc107efa18
5036:             1             16  com.aerospike.vector.index.merge.coordinator.IndexMergeCoordinator$$Lambda/0x00007fcc107f4000
5037:             1             16  com.aerospike.vector.index.merge.coordinator.IndexMergeCoordinator$Companion
5038:             1             16  com.aerospike.vector.index.merge.worker.IndexMergeWorker$$FastClassByGuice$$2c1e25c
5039:             1             16  com.aerospike.vector.index.merge.worker.IndexMergeWorker$$Lambda/0x00007fcc10563820
5040:             1             16  com.aerospike.vector.index.merge.worker.IndexMergeWorker$$Lambda/0x00007fcc10567738
5041:             1             16  com.aerospike.vector.index.merge.worker.IndexMergeWorker$Companion
5042:             1             16  com.aerospike.vector.index.merge.worker.WorkerBatchMergeJob$$FastClassByGuice$$4c80a97
5043:             1             16  com.aerospike.vector.index.merge.worker.WorkerBatchMergeJob$$Lambda/0x00007fcc10903df0
5044:             1             16  com.aerospike.vector.index.merge.worker.WorkerBatchMergeJob$Companion
5045:             1             16  com.aerospike.vector.index.metrics.CacheMetricRefresher$$FastClassByGuice$$3023038
5046:             1             16  com.aerospike.vector.index.metrics.CacheMetricRefresher$$Lambda/0x00007fcc10565998
5047:             1             16  com.aerospike.vector.index.metrics.CacheMetricRefresher$Companion
5048:             1             16  com.aerospike.vector.index.metrics.CacheMetrics$$Lambda/0x00007fcc108b7878
5049:             1             16  com.aerospike.vector.index.metrics.ClusterIndexMetricsCollector$$FastClassByGuice$$3612b3e
5050:             1             16  com.aerospike.vector.index.metrics.IndexMetricsTracker$$FastClassByGuice$$21a0bea
5051:             1             16  com.aerospike.vector.index.metrics.IndexMetricsTracker$$Lambda/0x00007fcc10558000
5052:             1             16  com.aerospike.vector.index.metrics.IndexMetricsTracker$Companion
5053:             1             16  com.aerospike.vector.index.metrics.IndexMetricsTracker$refreshClusterMetricsFlow$1$$Lambda/0x00007fcc107ea230
5054:             1             16  com.aerospike.vector.index.metrics.NodeFitnessCalculator
5055:             1             16  com.aerospike.vector.index.metrics.NodeFitnessCalculator$$Lambda/0x00007fcc10558408
5056:             1             16  com.aerospike.vector.index.metrics.NodeFitnessCalculator$$Lambda/0x00007fcc108dd1f0
5057:             1             16  com.aerospike.vector.index.metrics.NodeFitnessCalculator$$Lambda/0x00007fcc108dd830
5058:             1             16  com.aerospike.vector.index.metrics.NodeFitnessCalculator$$Lambda/0x00007fcc108ddc78
5059:             1             16  com.aerospike.vector.index.metrics.NodeFitnessCalculator$$Lambda/0x00007fcc108de0c0
5060:             1             16  com.aerospike.vector.index.metrics.NodeFitnessCalculator$$Lambda/0x00007fcc108de508
5061:             1             16  com.aerospike.vector.index.metrics.NodeFitnessCalculator$$Lambda/0x00007fcc108de950
5062:             1             16  com.aerospike.vector.index.metrics.NodeFitnessCalculator$$Lambda/0x00007fcc108def90
5063:             1             16  com.aerospike.vector.index.metrics.NodeFitnessCalculator$$Lambda/0x00007fcc108df3d8
5064:             1             16  com.aerospike.vector.index.metrics.NodeFitnessCalculator$Companion
5065:             1             16  com.aerospike.vector.index.metrics.PerIndexMetrics$$Lambda/0x00007fcc108a7b58
5066:             1             16  com.aerospike.vector.index.metrics.PerIndexMetrics$$Lambda/0x00007fcc108b1118
5067:             1             16  com.aerospike.vector.index.metrics.PerIndexMetrics$$Lambda/0x00007fcc108bd3d0
5068:             1             16  com.aerospike.vector.index.metrics.PerIndexMetrics$$Lambda/0x00007fcc108bd5e0
5069:             1             16  com.aerospike.vector.index.metrics.PerIndexMetrics$$Lambda/0x00007fcc108d5cd8
5070:             1             16  com.aerospike.vector.index.metrics.PerIndexMetrics$$Lambda/0x00007fcc108d5ee8
5071:             1             16  com.aerospike.vector.index.metrics.PerIndexMetrics$$Lambda/0x00007fcc108d7690
5072:             1             16  com.aerospike.vector.index.metrics.PerIndexMetrics$$Lambda/0x00007fcc108d78a0
5073:             1             16  com.aerospike.vector.index.metrics.PerIndexMetrics$$Lambda/0x00007fcc108e4860
5074:             1             16  com.aerospike.vector.index.metrics.PerIndexMetrics$$Lambda/0x00007fcc108ec988
5075:             1             16  com.aerospike.vector.index.metrics.PerIndexMetrics$Companion
5076:             1             16  com.aerospike.vector.index.metrics.PerIndexMetrics$Companion$$Lambda/0x00007fcc108dc8f8
5077:             1             16  com.aerospike.vector.index.metrics.UpdateCacheSize
5078:             1             16  com.aerospike.vector.index.scan.Scanner$$FastClassByGuice$$5b9eed7
5079:             1             16  com.aerospike.vector.inject.VectorDbGuiceModule$$Lambda/0x00007fcc104ad488
5080:             1             16  com.aerospike.vector.inject.VectorDbGuiceModule$Companion
5081:             1             16  com.aerospike.vector.interconnect.BearerTokenCallCredentials$Companion
5082:             1             16  com.aerospike.vector.interconnect.BlockingInterconnectListener$$Lambda/0x00007fcc10836d58
5083:             1             16  com.aerospike.vector.interconnect.InterconnectChannelProvider$$FastClassByGuice$$e29467
5084:             1             16  com.aerospike.vector.interconnect.InterconnectChannelProvider$$Lambda/0x00007fcc104cb6b0
5085:             1             16  com.aerospike.vector.interconnect.InterconnectChannelProvider$Companion
5086:             1             16  com.aerospike.vector.interconnect.InterconnectChannelProvider$MultiAddressNameResolverFactory$$Lambda/0x00007fcc104d76e8
5087:             1             16  com.aerospike.vector.interconnect.InterconnectChannelProvider$createChannelsAsync$1$$Lambda/0x00007fcc104d2be0
5088:             1             16  com.aerospike.vector.interconnect.InterconnectChannelProvider$createChannelsAsync$1$$Lambda/0x00007fcc104d3b38
5089:             1             16  com.aerospike.vector.interconnect.InterconnectDirectory$$FastClassByGuice$$b691e1
5090:             1             16  com.aerospike.vector.interconnect.InterconnectDirectory$$Lambda/0x00007fcc104ad698
5091:             1             16  com.aerospike.vector.interconnect.InterconnectDirectory$Companion
5092:             1             16  com.aerospike.vector.interconnect.InterconnectService$$FastClassByGuice$$f51b3a
5093:             1             16  com.aerospike.vector.interconnect.InterconnectService$$Lambda/0x00007fcc104d2df0
5094:             1             16  com.aerospike.vector.interconnect.InterconnectService$Companion
5095:             1             16  com.aerospike.vector.metrics.VectorMetrics$$FastClassByGuice$$66a5fdc
5096:             1             16  com.aerospike.vector.metrics.VectorMetrics$Companion
5097:             1             16  com.aerospike.vector.metrics.manage.service.IndexWebService$$FastClassByGuice$$7785e76
5098:             1             16  com.aerospike.vector.network.NetworkUtil
5099:             1             16  com.aerospike.vector.network.NetworkUtil$$Lambda/0x00007fcc104ad060
5100:             1             16  com.aerospike.vector.node.NodeId$Companion
5101:             1             16  com.aerospike.vector.partitions.PartitionAssigner
5102:             1             16  com.aerospike.vector.partitions.PartitionAssigner$$FastClassByGuice$$813ef2
5103:             1             16  com.aerospike.vector.partitions.PartitionAssigner$Companion
5104:             1             16  com.aerospike.vector.partitions.PartitionService$$FastClassByGuice$$912556
5105:             1             16  com.aerospike.vector.partitions.PartitionService$$Lambda/0x00007fcc104acc58
5106:             1             16  com.aerospike.vector.partitions.PartitionService$Companion
5107:             1             16  com.aerospike.vector.security.inject.GrpcSecurityGuiceModule$Companion
5108:             1             16  com.aerospike.vector.serde.SerdeModuleRegistry
5109:             1             16  com.aerospike.vector.server.grpc.GrpcInterconnectServer$$Lambda/0x00007fcc106054e8
5110:             1             16  com.aerospike.vector.server.grpc.GrpcInterconnectServer$Companion
5111:             1             16  com.aerospike.vector.server.grpc.GrpcNettySslContextFactory$$FastClassByGuice$$65dca15
5112:             1             16  com.aerospike.vector.server.grpc.GrpcNettySslContextFactory$$Lambda/0x00007fcc105ae288
5113:             1             16  com.aerospike.vector.server.grpc.GrpcNettySslContextFactory$Companion
5114:             1             16  com.aerospike.vector.server.grpc.GrpcVectorDbServer$$Lambda/0x00007fcc105ce188
5115:             1             16  com.aerospike.vector.server.grpc.GrpcVectorDbServer$Companion
5116:             1             16  com.aerospike.vector.server.grpc.StaticGrpcNettySslContextFactory$$Lambda/0x00007fcc105ae690
5117:             1             16  com.aerospike.vector.server.grpc.StaticGrpcNettySslContextFactory$Companion
5118:             1             16  com.aerospike.vector.server.grpc.server.interceptor.Constants
5119:             1             16  com.aerospike.vector.server.grpc.server.interceptor.InsecureAuthorizationServerInterceptor
5120:             1             16  com.aerospike.vector.server.grpc.server.interceptor.InsecureAuthorizationServerInterceptor$$FastClassByGuice$$3449058
5121:             1             16  com.aerospike.vector.server.grpc.server.interceptor.InterconnectAuthorizationServerInterceptor$$FastClassByGuice$$71b607e
5122:             1             16  com.aerospike.vector.server.grpc.server.interceptor.InterconnectAuthorizationServerInterceptor$Companion
5123:             1             16  com.aerospike.vector.server.grpc.service.GrpcAboutService$$FastClassByGuice$$60f9bde
5124:             1             16  com.aerospike.vector.server.grpc.service.GrpcAuthService$$FastClassByGuice$$5e8c13c
5125:             1             16  com.aerospike.vector.server.grpc.service.GrpcAuthService$Companion
5126:             1             16  com.aerospike.vector.server.grpc.service.GrpcClusterInfoService$$FastClassByGuice$$64816b3
5127:             1             16  com.aerospike.vector.server.grpc.service.GrpcIndexService$$FastClassByGuice$$617b749
5128:             1             16  com.aerospike.vector.server.grpc.service.GrpcUserAdminService$$FastClassByGuice$$5f2e983
5129:             1             16  com.aerospike.vector.server.grpc.service.internal.GrpcCacheServiceInternal$$FastClassByGuice$$7064641
5130:             1             16  com.aerospike.vector.server.grpc.service.internal.GrpcClusterService$$FastClassByGuice$$6a8dc61
5131:             1             16  com.aerospike.vector.server.grpc.service.internal.GrpcExchangeService$$FastClassByGuice$$6d98f7a
5132:             1             16  com.aerospike.vector.server.grpc.service.internal.GrpcHeartbeatService$$FastClassByGuice$$6919337
5133:             1             16  com.aerospike.vector.server.grpc.service.internal.GrpcIndexServiceInternal$$FastClassByGuice$$6ed704e
5134:             1             16  com.aerospike.vector.server.grpc.service.internal.GrpcTransactServiceInternal$$Lambda/0x00007fcc108911b8
5135:             1             16  com.aerospike.vector.server.grpc.service.internal.ServiceScopeLauncher$$FastClassByGuice$$68dab6d
5136:             1             16  com.aerospike.vector.server.security.AuthTokenManager$$FastClassByGuice$$5db3733
5137:             1             16  com.aerospike.vector.storage.AerospikeStorageFactory$$FastClassByGuice$$45fafd1
5138:             1             16  com.aerospike.vector.storage.AerospikeStorageKvs$$FastClassByGuice$$3f05f2c
5139:             1             16  com.aerospike.vector.storage.AerospikeStorageKvs$Companion
5140:             1             16  com.aerospike.vector.storage.AerospikeStorageKvs$asyncSaveChunk$jobs$1$1$1$$Lambda/0x00007fcc1091cee0
5141:             1             16  com.aerospike.vector.storage.AerospikeStorageKvs$batchExists$2$$Lambda/0x00007fcc1091d0f0
5142:             1             16  com.aerospike.vector.storage.AerospikeStorageKvs$batchExists$2$1$$Lambda/0x00007fcc10927d28
5143:             1             16  com.aerospike.vector.storage.AerospikeStorageKvs$batchFetch$2$$Lambda/0x00007fcc1091d300
5144:             1             16  com.aerospike.vector.storage.AerospikeStorageRecordGrpcConverter
5145:             1             16  com.aerospike.vector.storage.AerospikeStorageRecordGrpcConverter$$FastClassByGuice$$41fde05
5146:             1             16  com.aerospike.vector.storage.AerospikeStorageRecordIdLocalizer
5147:             1             16  com.aerospike.vector.storage.AerospikeStorageRecordIdLocalizer$$FastClassByGuice$$4248e10
5148:             1             16  com.aerospike.vector.storage.AerospikeStorageRecordIdSerde
5149:             1             16  com.aerospike.vector.storage.AerospikeStorageRecordIdSerde$$FastClassByGuice$$40323a0
5150:             1             16  com.aerospike.vector.storage.AsyncRecordListener$$Lambda/0x00007fcc10506c48
5151:             1             16  com.aerospike.vector.storage.AsyncRecordListener$Companion
5152:             1             16  com.aerospike.vector.storage.StorageOptions$Companion
5153:             1             16  com.aerospike.vector.storage.StorageType$Companion
5154:             1             16  com.aerospike.vector.storage.cluster.AerospikeClusterMetaStore$$FastClassByGuice$$3d8b900
5155:             1             16  com.aerospike.vector.storage.cluster.AerospikeClusterMetaStore$Companion
5156:             1             16  com.aerospike.vector.storage.cluster.AerospikeClusterMetaStore$getHlcClockGeneric$2$$Lambda/0x00007fcc1077dc70
5157:             1             16  com.aerospike.vector.storage.index.AerospikeIndexMetaStore$$FastClassByGuice$$3e9f1b7
5158:             1             16  com.aerospike.vector.storage.index.AerospikeIndexMetaStore$Companion
5159:             1             16  com.aerospike.vector.storage.index.AerospikeIndexMetaStore$getIndexLogGeneric$2$$Lambda/0x00007fcc10507480
5160:             1             16  com.aerospike.vector.storage.index.AerospikeIndexMetaStore$loadSelfIndexMetric$2$$Lambda/0x00007fcc108e7180
5161:             1             16  com.aerospike.vector.storage.index.AerospikeStorageIndexCleaner$$FastClassByGuice$$439e968
5162:             1             16  com.aerospike.vector.storage.index.AerospikeStorageIndexCleaner$$Lambda/0x00007fcc10501830
5163:             1             16  com.aerospike.vector.storage.index.AerospikeStorageIndexCleaner$Companion
5164:             1             16  com.aerospike.vector.storage.index.AerospikeStorageVerticesCleaner$$FastClassByGuice$$44c9bb7
5165:             1             16  com.aerospike.vector.storage.index.AerospikeStorageVerticesCleaner$$Lambda/0x00007fcc10501c60
5166:             1             16  com.aerospike.vector.storage.index.AerospikeStorageVerticesCleaner$Companion
5167:             1             16  com.aerospike.vector.storage.inject.AerospikeStorageGuiceModule$$FastClassByGuice$$588110
5168:             1             16  com.aerospike.vector.storage.inject.AerospikeStorageGuiceModule$Companion
5169:             1             16  com.aerospike.vector.transact.KvsTransactService$$FastClassByGuice$$329f025
5170:             1             16  com.aerospike.vector.transact.KvsTransactService$$Lambda/0x00007fcc10568000
5171:             1             16  com.aerospike.vector.transact.KvsTransactService$Companion
5172:             1             16  com.aerospike.vector.transact.inject.TransactGuiceModule$Companion
5173:             1             16  com.aerospike.vector.transact.metrics.TransactionMetrics$$FastClassByGuice$$625cc14
5174:             1             16  com.aerospike.vector.transact.metrics.TransactionMetrics$Companion
5175:             1             16  com.codahale.metrics.Clock$UserTimeClock
5176:             1             16  com.codahale.metrics.MetricFilter$$Lambda/0x00007fcc104d6000
5177:             1             16  com.codahale.metrics.WeightedSnapshot$$Lambda/0x00007fcc10897bb8
5178:             1             16  com.cronutils.model.field.definition.FieldDefinition$$Lambda/0x00007fcc10320828
5179:             1             16  com.cronutils.model.field.expression.Always
5180:             1             16  com.cronutils.model.field.expression.QuestionMark
5181:             1             16  com.cronutils.model.time.SingleExecutionTime$$Lambda/0x00007fcc10326f78
5182:             1             16  com.cronutils.model.time.SingleExecutionTime$$Lambda/0x00007fcc103273b0
5183:             1             16  com.cronutils.parser.CronParser$$Lambda/0x00007fcc10322c10
5184:             1             16  com.cronutils.parser.CronParserField$$Lambda/0x00007fcc103214d8
5185:             1             16  com.fasterxml.jackson.core.StreamWriteConstraints
5186:             1             16  com.fasterxml.jackson.core.io.JsonStringEncoder
5187:             1             16  com.fasterxml.jackson.core.util.DefaultPrettyPrinter$FixedSpaceIndenter
5188:             1             16  com.fasterxml.jackson.core.util.DefaultPrettyPrinter$NopIndenter
5189:             1             16  com.fasterxml.jackson.core.util.JsonRecyclerPools$ThreadLocalPool
5190:             1             16  com.fasterxml.jackson.databind.deser.std.StdKeyDeserializers
5191:             1             16  com.fasterxml.jackson.databind.introspect.AnnotationCollector$NoAnnotations
5192:             1             16  com.fasterxml.jackson.databind.introspect.NopAnnotationIntrospector$1
5193:             1             16  com.fasterxml.jackson.databind.jsontype.impl.LaissezFaireSubTypeValidator
5194:             1             16  com.fasterxml.jackson.databind.node.JsonNodeFactory
5195:             1             16  com.fasterxml.jackson.dataformat.yaml.util.StringQuotingChecker$Default
5196:             1             16  com.fasterxml.jackson.module.kotlin.BucketGenerator$Companion
5197:             1             16  com.fasterxml.jackson.module.kotlin.InternalCommonsKt$defaultConstructorMarker$2
5198:             1             16  com.fasterxml.jackson.module.kotlin.KotlinAnnotationIntrospector$Companion
5199:             1             16  com.fasterxml.jackson.module.kotlin.KotlinAnnotationIntrospector$Companion$UNIT_TYPE$2
5200:             1             16  com.fasterxml.jackson.module.kotlin.KotlinFeature$Companion
5201:             1             16  com.fasterxml.jackson.module.kotlin.KotlinKeyDeserializers
5202:             1             16  com.fasterxml.jackson.module.kotlin.KotlinModule$Builder$Companion
5203:             1             16  com.fasterxml.jackson.module.kotlin.KotlinModule$Companion
5204:             1             16  com.fasterxml.jackson.module.kotlin.ReflectionCache$BooleanTriState$Companion
5205:             1             16  com.fasterxml.jackson.module.kotlin.ReflectionCache$Companion
5206:             1             16  com.github.benmanes.caffeine.cache.BoundedLocalCache$$Lambda/0x00007fcc104bf350
5207:             1             16  com.github.benmanes.caffeine.cache.Caffeine$$Lambda/0x00007fcc104b5df8
5208:             1             16  com.github.benmanes.caffeine.cache.LocalCacheFactory$$Lambda/0x00007fcc104b7780
5209:             1             16  com.github.benmanes.caffeine.cache.NodeFactory$$Lambda/0x00007fcc104be000
5210:             1             16  com.github.benmanes.caffeine.cache.NodeFactory$DeadStrongKey
5211:             1             16  com.github.benmanes.caffeine.cache.NodeFactory$RetiredStrongKey
5212:             1             16  com.github.benmanes.caffeine.cache.SS$$Lambda/0x00007fcc104ba1b8
5213:             1             16  com.github.benmanes.caffeine.cache.SSL$$Lambda/0x00007fcc104cd478
5214:             1             16  com.github.benmanes.caffeine.cache.SSLA$$Lambda/0x00007fcc104cd880
5215:             1             16  com.github.benmanes.caffeine.cache.SSMS$$Lambda/0x00007fcc108e3b38
5216:             1             16  com.github.benmanes.caffeine.cache.SSS$$Lambda/0x00007fcc108b3b88
5217:             1             16  com.github.benmanes.caffeine.cache.SSSMS$$Lambda/0x00007fcc108b3d98
5218:             1             16  com.github.benmanes.caffeine.cache.SSSMSA$$Lambda/0x00007fcc108b7000
5219:             1             16  com.github.benmanes.caffeine.cache.SSW$$Lambda/0x00007fcc104ba3c8
5220:             1             16  com.google.common.base.CharMatcher$Is
5221:             1             16  com.google.common.base.Equivalence$Equals
5222:             1             16  com.google.common.base.Equivalence$Identity
5223:             1             16  com.google.common.base.Platform$JdkPatternCompiler
5224:             1             16  com.google.common.base.Ticker$1
5225:             1             16  com.google.common.cache.CacheBuilder$1
5226:             1             16  com.google.common.cache.CacheBuilder$2
5227:             1             16  com.google.common.cache.CacheBuilder$3
5228:             1             16  com.google.common.cache.LocalCache$1
5229:             1             16  com.google.common.cache.LocalCache$2
5230:             1             16  com.google.common.collect.MapMakerInternalMap$1
5231:             1             16  com.google.common.collect.MapMakerInternalMap$WeakKeyStrongValueEntry$Helper
5232:             1             16  com.google.common.util.concurrent.AbstractFuture$UnsafeAtomicHelper
5233:             1             16  com.google.inject.Scopes$1
5234:             1             16  com.google.inject.Scopes$2
5235:             1             16  com.google.inject.assistedinject.FactoryProvider2$$FastClassByGuice$$463f314
5236:             1             16  com.google.inject.assistedinject.FactoryProvider2$1
5237:             1             16  com.google.inject.internal.Annotations$1
5238:             1             16  com.google.inject.internal.Annotations$AnnotationToStringConfig
5239:             1             16  com.google.inject.internal.BytecodeGen$$Lambda/0x00007fcc100f39f0
5240:             1             16  com.google.inject.internal.ChildBindingAlreadySetError$$Lambda/0x00007fcc1041bb78
5241:             1             16  com.google.inject.internal.ConstructorInjectorStore$$Lambda/0x00007fcc1010e8a0
5242:             1             16  com.google.inject.internal.DeclaredMembers$$Lambda/0x00007fcc100d9470
5243:             1             16  com.google.inject.internal.DeclaredMembers$$Lambda/0x00007fcc100d96a0
5244:             1             16  com.google.inject.internal.DeclaredMembers$$Lambda/0x00007fcc100d98d0
5245:             1             16  com.google.inject.internal.DeclaredMembers$$Lambda/0x00007fcc100d9b00
5246:             1             16  com.google.inject.internal.DeclaredMembers$$Lambda/0x00007fcc100d9d30
5247:             1             16  com.google.inject.internal.DeclaredMembers$$Lambda/0x00007fcc100dbd70
5248:             1             16  com.google.inject.internal.DeclaredMembers$$Lambda/0x00007fcc100fcb30
5249:             1             16  com.google.inject.internal.DeclaredMembers$$Lambda/0x00007fcc100fcd60
5250:             1             16  com.google.inject.internal.DeclaredMembers$$Lambda/0x00007fcc100fcf90
5251:             1             16  com.google.inject.internal.DeclaredMembers$$Lambda/0x00007fcc100fd1c0
5252:             1             16  com.google.inject.internal.GuiceInternal
5253:             1             16  com.google.inject.internal.KotlinSupport$KotlinUnsupported
5254:             1             16  com.google.inject.internal.KotlinSupport$KotlinUnsupported$$Lambda/0x00007fcc100e6268
5255:             1             16  com.google.inject.internal.ProvidesMethodScanner
5256:             1             16  com.google.inject.internal.Scoping$1
5257:             1             16  com.google.inject.internal.Scoping$2
5258:             1             16  com.google.inject.internal.Scoping$3
5259:             1             16  com.google.inject.internal.Scoping$4
5260:             1             16  com.google.inject.internal.Scoping$5
5261:             1             16  com.google.inject.internal.SingletonScope
5262:             1             16  com.google.inject.internal.TypeConverterBindingProcessor$1
5263:             1             16  com.google.inject.internal.TypeConverterBindingProcessor$2
5264:             1             16  com.google.inject.internal.TypeConverterBindingProcessor$3
5265:             1             16  com.google.inject.internal.TypeConverterBindingProcessor$4
5266:             1             16  com.google.inject.internal.UniqueAnnotations$1
5267:             1             16  com.google.inject.internal.WeakKeySet$$Lambda/0x00007fcc10415f38
5268:             1             16  com.google.inject.internal.aop.AbstractGlueGenerator$$Lambda/0x00007fcc10112bf8
5269:             1             16  com.google.inject.internal.aop.HiddenClassDefiner
5270:             1             16  com.google.inject.internal.aop.UnsafeClassDefiner
5271:             1             16  com.google.inject.internal.aop.UnsafeClassDefiner$$Lambda/0x00007fcc100f6a00
5272:             1             16  com.google.inject.internal.aop.UnsafeClassDefiner$$Lambda/0x00007fcc100f7018
5273:             1             16  com.google.inject.internal.aop.UnsafeClassDefiner$ClassLoaderDefineClassHolder$$Lambda/0x00007fcc10113620
5274:             1             16  com.google.inject.internal.util.NewThrowableFinder
5275:             1             16  com.google.inject.internal.util.StackTraceElements$1
5276:             1             16  com.google.inject.matcher.Matchers$Any
5277:             1             16  com.google.inject.spi.BindingSourceRestriction$$Lambda/0x00007fcc100d1678
5278:             1             16  com.google.inject.spi.BindingSourceRestriction$$Lambda/0x00007fcc100d18a8
5279:             1             16  com.google.inject.spi.BindingSourceRestriction$$Lambda/0x00007fcc100ff860
5280:             1             16  com.google.inject.spi.Elements$1
5281:             1             16  com.google.inject.spi.InjectionPoint$$Lambda/0x00007fcc1010b088
5282:             1             16  com.google.inject.spi.InjectionPoint$$Lambda/0x00007fcc1010b2c8
5283:             1             16  com.google.inject.spi.InjectionPoint$$Lambda/0x00007fcc1010b508
5284:             1             16  com.google.inject.util.Modules$EmptyModule
5285:             1             16  com.google.protobuf.ByteString$2
5286:             1             16  com.google.protobuf.ByteString$ArraysByteArrayCopier
5287:             1             16  com.google.protobuf.DescriptorProtos$DescriptorProto$1
5288:             1             16  com.google.protobuf.DescriptorProtos$EnumDescriptorProto$1
5289:             1             16  com.google.protobuf.DescriptorProtos$EnumValueDescriptorProto$1
5290:             1             16  com.google.protobuf.DescriptorProtos$EnumValueOptions$1
5291:             1             16  com.google.protobuf.DescriptorProtos$FieldDescriptorProto$1
5292:             1             16  com.google.protobuf.DescriptorProtos$FieldDescriptorProto$Label$1
5293:             1             16  com.google.protobuf.DescriptorProtos$FieldDescriptorProto$Type$1
5294:             1             16  com.google.protobuf.DescriptorProtos$FieldOptions$1
5295:             1             16  com.google.protobuf.DescriptorProtos$FieldOptions$2
5296:             1             16  com.google.protobuf.DescriptorProtos$FileDescriptorProto$1
5297:             1             16  com.google.protobuf.DescriptorProtos$FileOptions$1
5298:             1             16  com.google.protobuf.DescriptorProtos$MessageOptions$1
5299:             1             16  com.google.protobuf.DescriptorProtos$MethodDescriptorProto$1
5300:             1             16  com.google.protobuf.DescriptorProtos$MethodOptions$1
5301:             1             16  com.google.protobuf.DescriptorProtos$OneofDescriptorProto$1
5302:             1             16  com.google.protobuf.DescriptorProtos$ServiceDescriptorProto$1
5303:             1             16  com.google.protobuf.Descriptors$EnumValueDescriptor$1
5304:             1             16  com.google.protobuf.Descriptors$EnumValueDescriptor$2
5305:             1             16  com.google.protobuf.Descriptors$FieldDescriptor$1
5306:             1             16  com.google.protobuf.Empty$1
5307:             1             16  com.google.protobuf.SmallSortedMap$EmptySet$1
5308:             1             16  com.google.protobuf.SmallSortedMap$EmptySet$2
5309:             1             16  com.google.protobuf.UnknownFieldSet$Parser
5310:             1             16  com.google.protobuf.Utf8$UnsafeProcessor
5311:             1             16  com.sun.jmx.interceptor.DefaultMBeanServerInterceptor$ResourceContext$1 (java.management@21.0.6)
5312:             1             16  com.sun.jmx.mbeanserver.DefaultMXBeanMappingFactory (java.management@21.0.6)
5313:             1             16  com.sun.jmx.mbeanserver.MBeanAnalyzer$MethodOrder (java.management@21.0.6)
5314:             1             16  com.sun.management.internal.HotSpotDiagnostic (jdk.management@21.0.6)
5315:             1             16  com.sun.management.internal.PlatformMBeanProviderImpl$$Lambda/0x00007fcc102e6520 (jdk.management@21.0.6)
5316:             1             16  io.grpc.ClientInterceptors$2
5317:             1             16  io.grpc.Codec$Identity
5318:             1             16  io.grpc.Deadline$SystemTicker
5319:             1             16  io.grpc.LoadBalancer$1
5320:             1             16  io.grpc.LoadBalancerProvider$UnknownConfig
5321:             1             16  io.grpc.Metadata$1
5322:             1             16  io.grpc.Metadata$2
5323:             1             16  io.grpc.Status$StatusCodeMarshaller
5324:             1             16  io.grpc.Status$StatusMessageMarshaller
5325:             1             16  io.grpc.ThreadLocalContextStorage
5326:             1             16  io.grpc.internal.CallTracer$1
5327:             1             16  io.grpc.internal.CompositeReadableBuffer$1
5328:             1             16  io.grpc.internal.CompositeReadableBuffer$2
5329:             1             16  io.grpc.internal.CompositeReadableBuffer$3
5330:             1             16  io.grpc.internal.CompositeReadableBuffer$4
5331:             1             16  io.grpc.internal.CompositeReadableBuffer$5
5332:             1             16  io.grpc.internal.DelayedClientCall$8
5333:             1             16  io.grpc.internal.DnsNameResolverProvider
5334:             1             16  io.grpc.internal.GrpcUtil$1
5335:             1             16  io.grpc.internal.GrpcUtil$2
5336:             1             16  io.grpc.internal.GrpcUtil$3
5337:             1             16  io.grpc.internal.GrpcUtil$4
5338:             1             16  io.grpc.internal.GrpcUtil$5
5339:             1             16  io.grpc.internal.GrpcUtil$TimeoutMarshaller
5340:             1             16  io.grpc.internal.Http2ClientStreamTransportState$1
5341:             1             16  io.grpc.internal.JndiResourceResolverFactory
5342:             1             16  io.grpc.internal.KeepAliveEnforcer$SystemTicker
5343:             1             16  io.grpc.internal.ManagedChannelImpl$1
5344:             1             16  io.grpc.internal.ManagedChannelImpl$2
5345:             1             16  io.grpc.internal.ManagedChannelImpl$5
5346:             1             16  io.grpc.internal.NoopClientStream
5347:             1             16  io.grpc.internal.PickFirstLoadBalancerProvider
5348:             1             16  io.grpc.internal.ProxyDetectorImpl$1
5349:             1             16  io.grpc.internal.ProxyDetectorImpl$2
5350:             1             16  io.grpc.internal.ServerImpl$NoopListener
5351:             1             16  io.grpc.internal.ServerImplBuilder$DefaultFallbackRegistry
5352:             1             16  io.grpc.internal.SharedResourceHolder$1
5353:             1             16  io.grpc.netty.NettyAdaptiveCumulator
5354:             1             16  io.grpc.netty.UdsNameResolverProvider
5355:             1             16  io.grpc.util.OutlierDetectionLoadBalancerProvider
5356:             1             16  io.grpc.util.SecretRoundRobinLoadBalancerProvider$Provider
5357:             1             16  io.netty.bootstrap.ChannelInitializerExtensions$EmptyExtensions
5358:             1             16  io.netty.buffer.AbstractReferenceCountedByteBuf$1
5359:             1             16  io.netty.buffer.ByteBufUtil$1
5360:             1             16  io.netty.buffer.ByteBufUtil$2
5361:             1             16  io.netty.buffer.PoolThreadCache$MemoryRegionCache$1
5362:             1             16  io.netty.buffer.PooledSlicedByteBuf$1
5363:             1             16  io.netty.buffer.PooledUnsafeDirectByteBuf$1
5364:             1             16  io.netty.channel.AbstractChannelHandlerContext$WriteTask$1
5365:             1             16  io.netty.channel.ChannelFutureListener$1
5366:             1             16  io.netty.channel.ChannelFutureListener$2
5367:             1             16  io.netty.channel.ChannelFutureListener$3
5368:             1             16  io.netty.channel.ChannelHandlerMask$1
5369:             1             16  io.netty.channel.ChannelOutboundBuffer$1
5370:             1             16  io.netty.channel.ChannelOutboundBuffer$Entry$1
5371:             1             16  io.netty.channel.DefaultChannelPipeline$1
5372:             1             16  io.netty.channel.DefaultMessageSizeEstimator$HandleImpl
5373:             1             16  io.netty.channel.DefaultSelectStrategy
5374:             1             16  io.netty.channel.DefaultSelectStrategyFactory
5375:             1             16  io.netty.handler.codec.ByteToMessageDecoder$1
5376:             1             16  io.netty.handler.codec.ByteToMessageDecoder$2
5377:             1             16  io.netty.handler.codec.CodecOutputList$1
5378:             1             16  io.netty.handler.codec.CodecOutputList$2
5379:             1             16  io.netty.handler.codec.http2.DefaultHttp2LocalFlowController$2
5380:             1             16  io.netty.handler.codec.http2.Http2ConnectionPrefaceAndSettingsFrameWrittenEvent
5381:             1             16  io.netty.handler.codec.http2.Http2HeadersEncoder$1
5382:             1             16  io.netty.handler.codec.http2.Http2HeadersEncoder$2
5383:             1             16  io.netty.handler.codec.http2.Http2PromisedRequestVerifier$1
5384:             1             16  io.netty.handler.codec.http2.WeightedFairQueueByteDistributor$StateOnlyComparator
5385:             1             16  io.netty.handler.codec.http2.WeightedFairQueueByteDistributor$StatePseudoTimeComparator
5386:             1             16  io.netty.util.AbstractReferenceCounted$1
5387:             1             16  io.netty.util.AsciiString$1
5388:             1             16  io.netty.util.AsciiString$2
5389:             1             16  io.netty.util.NettyRuntime$AvailableProcessorsHolder
5390:             1             16  io.netty.util.Recycler$1
5391:             1             16  io.netty.util.collection.IntCollections$EmptyMap
5392:             1             16  io.netty.util.concurrent.AbstractScheduledEventExecutor$1
5393:             1             16  io.netty.util.concurrent.AbstractScheduledEventExecutor$2
5394:             1             16  io.netty.util.concurrent.DefaultEventExecutorChooserFactory
5395:             1             16  io.netty.util.concurrent.FastThreadLocal
5396:             1             16  io.netty.util.concurrent.RejectedExecutionHandlers$1
5397:             1             16  io.netty.util.concurrent.SingleThreadEventExecutor$1
5398:             1             16  io.netty.util.internal.CleanerJava9
5399:             1             16  io.netty.util.internal.PlatformDependent$1
5400:             1             16  io.netty.util.internal.PlatformDependent$2
5401:             1             16  io.netty.util.internal.TypeParameterMatcher$1
5402:             1             16  io.perfmark.Impl
5403:             1             16  io.perfmark.TaskCloseable
5404:             1             16  io.prometheus.client.SampleNameFilter$AllowAll
5405:             1             16  io.prometheus.client.dropwizard.samplebuilder.DefaultSampleBuilder
5406:             1             16  io.undertow.predicate.AuthenticationRequiredPredicate
5407:             1             16  io.undertow.security.impl.BasicAuthenticationMechanism$Factory
5408:             1             16  io.undertow.security.impl.ClientCertAuthenticationMechanism$Factory
5409:             1             16  io.undertow.security.impl.DigestAuthenticationMechanism$Factory
5410:             1             16  io.undertow.security.impl.ExternalAuthenticationMechanism$Factory
5411:             1             16  io.undertow.security.impl.GenericHeaderAuthenticationMechanism$Factory
5412:             1             16  io.undertow.security.impl.SecurityContextFactoryImpl
5413:             1             16  io.undertow.server.handlers.HttpContinueReadHandler$1
5414:             1             16  io.undertow.server.handlers.resource.ResourceManager$1
5415:             1             16  io.undertow.servlet.core.ApplicationListeners$1
5416:             1             16  io.undertow.servlet.core.DefaultAuthorizationManager
5417:             1             16  io.undertow.servlet.core.ServletRequestContextThreadSetupAction
5418:             1             16  io.undertow.servlet.handlers.ServletDispatchingHandler
5419:             1             16  io.undertow.servlet.handlers.security.ServletFormAuthenticationMechanism$1
5420:             1             16  io.undertow.servlet.handlers.security.ServletFormAuthenticationMechanism$Factory
5421:             1             16  io.undertow.servlet.util.DefaultClassIntrospector
5422:             1             16  io.undertow.util.DateUtils$1
5423:             1             16  io.undertow.util.DateUtils$2
5424:             1             16  io.undertow.util.DateUtils$3
5425:             1             16  io.undertow.util.DateUtils$4
5426:             1             16  io.undertow.util.URLUtils$1
5427:             1             16  io.undertow.util.URLUtils$2
5428:             1             16  jakarta.xml.bind.ContextFinder$1
5429:             1             16  java.io.FileDescriptor$1 (java.base@21.0.6)
5430:             1             16  java.io.FilePermission$1 (java.base@21.0.6)
5431:             1             16  java.io.FilePermissionCollection$$Lambda/0x00007fcc10057150 (java.base@21.0.6)
5432:             1             16  java.io.PrintStream$1 (java.base@21.0.6)
5433:             1             16  java.io.PrintWriter$1 (java.base@21.0.6)
5434:             1             16  java.io.RandomAccessFile$2 (java.base@21.0.6)
5435:             1             16  java.lang.ApplicationShutdownHooks$1 (java.base@21.0.6)
5436:             1             16  java.lang.CharacterData00 (java.base@21.0.6)
5437:             1             16  java.lang.CharacterDataLatin1 (java.base@21.0.6)
5438:             1             16  java.lang.Class$$Lambda/0x00007fcc1007aa78 (java.base@21.0.6)
5439:             1             16  java.lang.ClassLoader$$DefineAccessByGuice$$/0x00007fcc10116400 (java.base@21.0.6)
5440:             1             16  java.lang.InheritableThreadLocal (java.base@21.0.6)
5441:             1             16  java.lang.Module$$Lambda/0x00007fcc100415c8 (java.base@21.0.6)
5442:             1             16  java.lang.ProcessHandleImpl$$Lambda/0x00007fcc103fc130 (java.base@21.0.6)
5443:             1             16  java.lang.Runtime (java.base@21.0.6)
5444:             1             16  java.lang.String$CaseInsensitiveComparator (java.base@21.0.6)
5445:             1             16  java.lang.System$2 (java.base@21.0.6)
5446:             1             16  java.lang.System$LoggerFinder$$Lambda/0x00007fcc102f10a8 (java.base@21.0.6)
5447:             1             16  java.lang.Terminator$1 (java.base@21.0.6)
5448:             1             16  java.lang.invoke.ClassSpecializer$1 (java.base@21.0.6)
5449:             1             16  java.lang.invoke.MemberName$Factory (java.base@21.0.6)
5450:             1             16  java.lang.invoke.MethodHandleImpl$1 (java.base@21.0.6)
5451:             1             16  java.lang.management.DefaultPlatformMBeanProvider$5$$Lambda/0x00007fcc103477e8 (java.management@21.0.6)
5452:             1             16  java.lang.management.ManagementFactory$$Lambda/0x00007fcc102e5710 (java.management@21.0.6)
5453:             1             16  java.lang.management.ManagementFactory$$Lambda/0x00007fcc102f73a0 (java.management@21.0.6)
5454:             1             16  java.lang.management.ManagementFactory$$Lambda/0x00007fcc102f75e0 (java.management@21.0.6)
5455:             1             16  java.lang.management.ManagementFactory$$Lambda/0x00007fcc102f7810 (java.management@21.0.6)
5456:             1             16  java.lang.module.ModuleDescriptor$1 (java.base@21.0.6)
5457:             1             16  java.lang.module.ModuleDescriptor$Builder$$Lambda/0x800000002 (java.base@21.0.6)
5458:             1             16  java.lang.ref.Cleaner$1 (java.base@21.0.6)
5459:             1             16  java.lang.ref.Reference$1 (java.base@21.0.6)
5460:             1             16  java.lang.reflect.AccessFlag$1 (java.base@21.0.6)
5461:             1             16  java.lang.reflect.AccessFlag$10 (java.base@21.0.6)
5462:             1             16  java.lang.reflect.AccessFlag$11 (java.base@21.0.6)
5463:             1             16  java.lang.reflect.AccessFlag$12 (java.base@21.0.6)
5464:             1             16  java.lang.reflect.AccessFlag$13 (java.base@21.0.6)
5465:             1             16  java.lang.reflect.AccessFlag$14 (java.base@21.0.6)
5466:             1             16  java.lang.reflect.AccessFlag$15 (java.base@21.0.6)
5467:             1             16  java.lang.reflect.AccessFlag$16 (java.base@21.0.6)
5468:             1             16  java.lang.reflect.AccessFlag$17 (java.base@21.0.6)
5469:             1             16  java.lang.reflect.AccessFlag$18 (java.base@21.0.6)
5470:             1             16  java.lang.reflect.AccessFlag$2 (java.base@21.0.6)
5471:             1             16  java.lang.reflect.AccessFlag$3 (java.base@21.0.6)
5472:             1             16  java.lang.reflect.AccessFlag$4 (java.base@21.0.6)
5473:             1             16  java.lang.reflect.AccessFlag$5 (java.base@21.0.6)
5474:             1             16  java.lang.reflect.AccessFlag$6 (java.base@21.0.6)
5475:             1             16  java.lang.reflect.AccessFlag$7 (java.base@21.0.6)
5476:             1             16  java.lang.reflect.AccessFlag$8 (java.base@21.0.6)
5477:             1             16  java.lang.reflect.AccessFlag$9 (java.base@21.0.6)
5478:             1             16  java.lang.reflect.Proxy$$Lambda/0x00007fcc10068438 (java.base@21.0.6)
5479:             1             16  java.lang.reflect.Proxy$ProxyBuilder$$Lambda/0x00007fcc100696a8 (java.base@21.0.6)
5480:             1             16  java.lang.reflect.ProxyGenerator$$Lambda/0x00007fcc1006a1f0 (java.base@21.0.6)
5481:             1             16  java.lang.reflect.ProxyGenerator$$Lambda/0x00007fcc1006a420 (java.base@21.0.6)
5482:             1             16  java.lang.reflect.ReflectAccess (java.base@21.0.6)
5483:             1             16  java.net.InetAddress$$Lambda/0x00007fcc103dd528 (java.base@21.0.6)
5484:             1             16  java.net.InetAddress$$Lambda/0x00007fcc103dd758 (java.base@21.0.6)
5485:             1             16  java.net.InetAddress$1 (java.base@21.0.6)
5486:             1             16  java.net.InetAddress$PlatformResolver (java.base@21.0.6)
5487:             1             16  java.net.URI$1 (java.base@21.0.6)
5488:             1             16  java.net.URL$3 (java.base@21.0.6)
5489:             1             16  java.net.URL$DefaultFactory (java.base@21.0.6)
5490:             1             16  java.net.spi.InetAddressResolver$LookupPolicy (java.base@21.0.6)
5491:             1             16  java.nio.Bits$1 (java.base@21.0.6)
5492:             1             16  java.nio.Buffer$1 (java.base@21.0.6)
5493:             1             16  java.nio.Buffer$2 (java.base@21.0.6)
5494:             1             16  java.nio.channels.spi.SelectorProvider$Holder$$Lambda/0x00007fcc10350e78 (java.base@21.0.6)
5495:             1             16  java.nio.file.Files$AcceptAllFilter (java.base@21.0.6)
5496:             1             16  java.security.AllPermissionCollection (java.base@21.0.6)
5497:             1             16  java.security.ProtectionDomain$JavaSecurityAccessImpl (java.base@21.0.6)
5498:             1             16  java.security.Security$$Lambda/0x80000000b (java.base@21.0.6)
5499:             1             16  java.security.Security$1 (java.base@21.0.6)
5500:             1             16  java.security.Security$2 (java.base@21.0.6)
5501:             1             16  java.security.Signature$1 (java.base@21.0.6)
5502:             1             16  java.security.spec.EncodedKeySpec$$Lambda/0x00007fcc1036eb28 (java.base@21.0.6)
5503:             1             16  java.text.DontCareFieldPosition$1 (java.base@21.0.6)
5504:             1             16  java.time.ZoneOffset$$Lambda/0x80000000c (java.base@21.0.6)
5505:             1             16  java.time.chrono.IsoChronology (java.base@21.0.6)
5506:             1             16  java.time.format.DateTimeFormatter$$Lambda/0x80000000d (java.base@21.0.6)
5507:             1             16  java.time.format.DateTimeFormatter$$Lambda/0x80000000e (java.base@21.0.6)
5508:             1             16  java.time.format.DateTimeFormatterBuilder$$Lambda/0x80000000f (java.base@21.0.6)
5509:             1             16  java.time.format.DateTimeFormatterBuilder$InstantPrinterParser (java.base@21.0.6)
5510:             1             16  java.time.format.DateTimeTextProvider (java.base@21.0.6)
5511:             1             16  java.time.format.DateTimeTextProvider$1 (java.base@21.0.6)
5512:             1             16  java.time.temporal.TemporalQueries$1 (java.base@21.0.6)
5513:             1             16  java.time.temporal.TemporalQueries$2 (java.base@21.0.6)
5514:             1             16  java.time.temporal.TemporalQueries$3 (java.base@21.0.6)
5515:             1             16  java.time.temporal.TemporalQueries$4 (java.base@21.0.6)
5516:             1             16  java.time.temporal.TemporalQueries$5 (java.base@21.0.6)
5517:             1             16  java.time.temporal.TemporalQueries$6 (java.base@21.0.6)
5518:             1             16  java.time.temporal.TemporalQueries$7 (java.base@21.0.6)
5519:             1             16  java.util.Collections$EmptyEnumeration (java.base@21.0.6)
5520:             1             16  java.util.Collections$EmptyIterator (java.base@21.0.6)
5521:             1             16  java.util.Collections$EmptyList (java.base@21.0.6)
5522:             1             16  java.util.Collections$EmptySet (java.base@21.0.6)
5523:             1             16  java.util.Collections$ReverseComparator (java.base@21.0.6)
5524:             1             16  java.util.EnumMap$1 (java.base@21.0.6)
5525:             1             16  java.util.ImmutableCollections$Access$1 (java.base@21.0.6)
5526:             1             16  java.util.ResourceBundle$1 (java.base@21.0.6)
5527:             1             16  java.util.ResourceBundle$Control (java.base@21.0.6)
5528:             1             16  java.util.ResourceBundle$ResourceBundleControlProviderHolder$$Lambda/0x00007fcc10571a20 (java.base@21.0.6)
5529:             1             16  java.util.ResourceBundle$ResourceBundleControlProviderHolder$$Lambda/0x00007fcc105720b0 (java.base@21.0.6)
5530:             1             16  java.util.Spliterators$EmptySpliterator$OfDouble (java.base@21.0.6)
5531:             1             16  java.util.Spliterators$EmptySpliterator$OfInt (java.base@21.0.6)
5532:             1             16  java.util.Spliterators$EmptySpliterator$OfLong (java.base@21.0.6)
5533:             1             16  java.util.Spliterators$EmptySpliterator$OfRef (java.base@21.0.6)
5534:             1             16  java.util.concurrent.CompletableFuture$Delayer$DaemonThreadFactory (java.base@21.0.6)
5535:             1             16  java.util.concurrent.ForkJoinPool$2 (java.base@21.0.6)
5536:             1             16  java.util.concurrent.ForkJoinPool$DefaultForkJoinWorkerThreadFactory (java.base@21.0.6)
5537:             1             16  java.util.concurrent.ThreadPoolExecutor$CallerRunsPolicy (java.base@21.0.6)
5538:             1             16  java.util.concurrent.ThreadPoolExecutor$DiscardOldestPolicy (java.base@21.0.6)
5539:             1             16  java.util.concurrent.ThreadPoolExecutor$DiscardPolicy (java.base@21.0.6)
5540:             1             16  java.util.function.Function$$Lambda/0x00007fcc10347a18 (java.base@21.0.6)
5541:             1             16  java.util.jar.JavaUtilJarAccessImpl (java.base@21.0.6)
5542:             1             16  java.util.logging.ErrorManager (java.logging@21.0.6)
5543:             1             16  java.util.logging.Level$$Lambda/0x800000011 (java.logging@21.0.6)
5544:             1             16  java.util.logging.Level$KnownLevel$$Lambda/0x800000021 (java.logging@21.0.6)
5545:             1             16  java.util.logging.Level$KnownLevel$$Lambda/0x800000022 (java.logging@21.0.6)
5546:             1             16  java.util.logging.Level$KnownLevel$$Lambda/0x800000023 (java.logging@21.0.6)
5547:             1             16  java.util.logging.LogManager$LoggingProviderAccess (java.logging@21.0.6)
5548:             1             16  java.util.logging.Logging (java.logging@21.0.6)
5549:             1             16  java.util.regex.CharPredicates$$Lambda/0x00007fcc10062200 (java.base@21.0.6)
5550:             1             16  java.util.regex.CharPredicates$$Lambda/0x800000025 (java.base@21.0.6)
5551:             1             16  java.util.regex.CharPredicates$$Lambda/0x800000026 (java.base@21.0.6)
5552:             1             16  java.util.regex.Pattern$$Lambda/0x00007fcc10178000 (java.base@21.0.6)
5553:             1             16  java.util.regex.Pattern$$Lambda/0x00007fcc10576008 (java.base@21.0.6)
5554:             1             16  java.util.stream.Collectors$$Lambda/0x00007fcc10075ef8 (java.base@21.0.6)
5555:             1             16  java.util.stream.Collectors$$Lambda/0x00007fcc10076108 (java.base@21.0.6)
5556:             1             16  java.util.stream.Collectors$$Lambda/0x00007fcc10076328 (java.base@21.0.6)
5557:             1             16  java.util.stream.Collectors$$Lambda/0x00007fcc10347c48 (java.base@21.0.6)
5558:             1             16  java.util.stream.Collectors$$Lambda/0x00007fcc10348080 (java.base@21.0.6)
5559:             1             16  java.util.stream.Collectors$$Lambda/0x00007fcc1057ebf0 (java.base@21.0.6)
5560:             1             16  java.util.stream.Collectors$$Lambda/0x00007fcc1057ee10 (java.base@21.0.6)
5561:             1             16  java.util.stream.Collectors$$Lambda/0x800000039 (java.base@21.0.6)
5562:             1             16  java.util.stream.Collectors$$Lambda/0x80000003e (java.base@21.0.6)
5563:             1             16  java.util.stream.Collectors$$Lambda/0x800000040 (java.base@21.0.6)
5564:             1             16  java.util.stream.Collectors$$Lambda/0x800000041 (java.base@21.0.6)
5565:             1             16  java.util.stream.Collectors$$Lambda/0x800000042 (java.base@21.0.6)
5566:             1             16  java.util.stream.Collectors$$Lambda/0x800000043 (java.base@21.0.6)
5567:             1             16  java.util.stream.Collectors$$Lambda/0x800000045 (java.base@21.0.6)
5568:             1             16  java.util.stream.FindOps$FindSink$OfRef$$Lambda/0x800000048 (java.base@21.0.6)
5569:             1             16  java.util.stream.FindOps$FindSink$OfRef$$Lambda/0x800000049 (java.base@21.0.6)
5570:             1             16  java.util.stream.FindOps$FindSink$OfRef$$Lambda/0x80000004a (java.base@21.0.6)
5571:             1             16  java.util.stream.FindOps$FindSink$OfRef$$Lambda/0x80000004b (java.base@21.0.6)
5572:             1             16  java.util.stream.LongPipeline$$Lambda/0x00007fcc1057d7f8 (java.base@21.0.6)
5573:             1             16  java.util.stream.LongPipeline$$Lambda/0x00007fcc10842310 (java.base@21.0.6)
5574:             1             16  java.util.stream.Nodes$EmptyNode$OfDouble (java.base@21.0.6)
5575:             1             16  java.util.stream.Nodes$EmptyNode$OfInt (java.base@21.0.6)
5576:             1             16  java.util.stream.Nodes$EmptyNode$OfLong (java.base@21.0.6)
5577:             1             16  java.util.stream.Nodes$EmptyNode$OfRef (java.base@21.0.6)
5578:             1             16  java.util.stream.ReferencePipeline$$Lambda/0x00007fcc1034eb20 (java.base@21.0.6)
5579:             1             16  java.util.zip.ZipFile$1 (java.base@21.0.6)
5580:             1             16  javax.management.JMX (java.management@21.0.6)
5581:             1             16  javax.management.MBeanServerBuilder (java.management@21.0.6)
5582:             1             16  javax.management.NotificationBroadcasterSupport$1 (java.management@21.0.6)
5583:             1             16  jdk.incubator.vector.ByteVector$$Lambda/0x00007fcc108480d0 (jdk.incubator.vector@21.0.6)
5584:             1             16  jdk.incubator.vector.ByteVector$$Lambda/0x00007fcc10848c98 (jdk.incubator.vector@21.0.6)
5585:             1             16  jdk.incubator.vector.ByteVector$$Lambda/0x00007fcc10849860 (jdk.incubator.vector@21.0.6)
5586:             1             16  jdk.incubator.vector.ByteVector$$Lambda/0x00007fcc1084a428 (jdk.incubator.vector@21.0.6)
5587:             1             16  jdk.incubator.vector.ByteVector$$Lambda/0x00007fcc1084aff0 (jdk.incubator.vector@21.0.6)
5588:             1             16  jdk.incubator.vector.FloatVector$$Lambda/0x00007fcc103f7468 (jdk.incubator.vector@21.0.6)
5589:             1             16  jdk.incubator.vector.FloatVector$$Lambda/0x00007fcc103f8018 (jdk.incubator.vector@21.0.6)
5590:             1             16  jdk.incubator.vector.FloatVector$$Lambda/0x00007fcc103f8bc8 (jdk.incubator.vector@21.0.6)
5591:             1             16  jdk.incubator.vector.FloatVector$$Lambda/0x00007fcc103f9778 (jdk.incubator.vector@21.0.6)
5592:             1             16  jdk.incubator.vector.FloatVector$$Lambda/0x00007fcc103fa328 (jdk.incubator.vector@21.0.6)
5593:             1             16  jdk.incubator.vector.FloatVector$$Lambda/0x00007fcc108466c8 (jdk.incubator.vector@21.0.6)
5594:             1             16  jdk.incubator.vector.FloatVector$$Lambda/0x00007fcc1084b410 (jdk.incubator.vector@21.0.6)
5595:             1             16  jdk.incubator.vector.FloatVector$$Lambda/0x00007fcc1084b810 (jdk.incubator.vector@21.0.6)
5596:             1             16  jdk.incubator.vector.FloatVector$$Lambda/0x00007fcc1084eff8 (jdk.incubator.vector@21.0.6)
5597:             1             16  jdk.incubator.vector.FloatVector$$Lambda/0x00007fcc1084f208 (jdk.incubator.vector@21.0.6)
5598:             1             16  jdk.incubator.vector.FloatVector$$Lambda/0x00007fcc1084f608 (jdk.incubator.vector@21.0.6)
5599:             1             16  jdk.incubator.vector.FloatVector$$Lambda/0x00007fcc1084fa08 (jdk.incubator.vector@21.0.6)
5600:             1             16  jdk.incubator.vector.FloatVector$$Lambda/0x00007fcc1084fc18 (jdk.incubator.vector@21.0.6)
5601:             1             16  jdk.incubator.vector.FloatVector$$Lambda/0x00007fcc10850018 (jdk.incubator.vector@21.0.6)
5602:             1             16  jdk.incubator.vector.FloatVector$$Lambda/0x00007fcc10850228 (jdk.incubator.vector@21.0.6)
5603:             1             16  jdk.incubator.vector.FloatVector$$Lambda/0x00007fcc10850438 (jdk.incubator.vector@21.0.6)
5604:             1             16  jdk.incubator.vector.FloatVector$$Lambda/0x00007fcc10850838 (jdk.incubator.vector@21.0.6)
5605:             1             16  jdk.incubator.vector.FloatVector$$Lambda/0x00007fcc10850a48 (jdk.incubator.vector@21.0.6)
5606:             1             16  jdk.incubator.vector.FloatVector$$Lambda/0x00007fcc10850c58 (jdk.incubator.vector@21.0.6)
5607:             1             16  jdk.incubator.vector.IntVector$$Lambda/0x00007fcc103f2f50 (jdk.incubator.vector@21.0.6)
5608:             1             16  jdk.incubator.vector.IntVector$$Lambda/0x00007fcc103f3fb0 (jdk.incubator.vector@21.0.6)
5609:             1             16  jdk.incubator.vector.IntVector$$Lambda/0x00007fcc103f4b70 (jdk.incubator.vector@21.0.6)
5610:             1             16  jdk.incubator.vector.IntVector$$Lambda/0x00007fcc103f5730 (jdk.incubator.vector@21.0.6)
5611:             1             16  jdk.incubator.vector.IntVector$$Lambda/0x00007fcc103f62f0 (jdk.incubator.vector@21.0.6)
5612:             1             16  jdk.incubator.vector.VectorIntrinsics$$Lambda/0x00007fcc108462c8 (jdk.incubator.vector@21.0.6)
5613:             1             16  jdk.internal.icu.impl.Norm2AllModes$NoopNormalizer2 (java.base@21.0.6)
5614:             1             16  jdk.internal.icu.impl.NormalizerImpl$IsAcceptable (java.base@21.0.6)
5615:             1             16  jdk.internal.icu.text.NormalizerBase$NFCMode (java.base@21.0.6)
5616:             1             16  jdk.internal.icu.text.NormalizerBase$NFDMode (java.base@21.0.6)
5617:             1             16  jdk.internal.icu.text.NormalizerBase$NFKCMode (java.base@21.0.6)
5618:             1             16  jdk.internal.icu.text.NormalizerBase$NFKDMode (java.base@21.0.6)
5619:             1             16  jdk.internal.icu.text.NormalizerBase$NONEMode (java.base@21.0.6)
5620:             1             16  jdk.internal.icu.util.VersionInfo (java.base@21.0.6)
5621:             1             16  jdk.internal.jimage.ImageReaderFactory$1 (java.base@21.0.6)
5622:             1             16  jdk.internal.logger.LazyLoggers$1 (java.base@21.0.6)
5623:             1             16  jdk.internal.math.FloatingDecimal$1 (java.base@21.0.6)
5624:             1             16  jdk.internal.misc.CarrierThreadLocal (java.base@21.0.6)
5625:             1             16  jdk.internal.misc.ScopedMemoryAccess (java.base@21.0.6)
5626:             1             16  jdk.internal.misc.TerminatingThreadLocal$1 (java.base@21.0.6)
5627:             1             16  jdk.internal.misc.Unsafe (java.base@21.0.6)
5628:             1             16  jdk.internal.module.DefaultRoots$$Lambda/0x80000004e (java.base@21.0.6)
5629:             1             16  jdk.internal.module.DefaultRoots$$Lambda/0x80000004f (java.base@21.0.6)
5630:             1             16  jdk.internal.module.DefaultRoots$$Lambda/0x800000050 (java.base@21.0.6)
5631:             1             16  jdk.internal.module.DefaultRoots$$Lambda/0x800000051 (java.base@21.0.6)
5632:             1             16  jdk.internal.module.ModuleBootstrap$$Lambda/0x00007fcc10041398 (java.base@21.0.6)
5633:             1             16  jdk.internal.module.ModuleResolution (java.base@21.0.6)
5634:             1             16  jdk.internal.perf.Perf (java.base@21.0.6)
5635:             1             16  jdk.internal.platform.CgroupSubsystemFactory$$Lambda/0x00007fcc10344048 (java.base@21.0.6)
5636:             1             16  jdk.internal.platform.cgroupv1.CgroupV1Subsystem$$Lambda/0x00007fcc10345348 (java.base@21.0.6)
5637:             1             16  jdk.internal.util.Preconditions$1 (java.base@21.0.6)
5638:             1             16  jdk.internal.util.Preconditions$2 (java.base@21.0.6)
5639:             1             16  jdk.internal.util.Preconditions$3 (java.base@21.0.6)
5640:             1             16  jdk.jfr.internal.SecuritySupport$$Lambda/0x00007fcc103523a0 (jdk.jfr@21.0.6)
5641:             1             16  jdk.jfr.internal.SecuritySupport$Privileged (jdk.jfr@21.0.6)
5642:             1             16  jdk.jfr.internal.consumer.FileAccess$UnPrivileged (jdk.jfr@21.0.6)
5643:             1             16  jdk.jfr.internal.dcmd.DCmdCheck$$Lambda/0x00007fcc1035a9c8 (jdk.jfr@21.0.6)
5644:             1             16  jdk.jfr.internal.dcmd.DCmdDump$$Lambda/0x00007fcc1035a7b8 (jdk.jfr@21.0.6)
5645:             1             16  jdk.jfr.internal.dcmd.DCmdStart$$Lambda/0x00007fcc10353ee8 (jdk.jfr@21.0.6)
5646:             1             16  jdk.jfr.internal.dcmd.DCmdStart$$Lambda/0x00007fcc1035a5a8 (jdk.jfr@21.0.6)
5647:             1             16  jdk.jfr.internal.dcmd.DCmdStop$$Lambda/0x00007fcc10350620 (jdk.jfr@21.0.6)
5648:             1             16  jdk.jfr.internal.dcmd.DCmdView$$Lambda/0x00007fcc10350410 (jdk.jfr@21.0.6)
5649:             1             16  jdk.jfr.internal.jfc.model.JFCModel$$Lambda/0x00007fcc1035a158 (jdk.jfr@21.0.6)
5650:             1             16  jdk.jfr.internal.jfc.model.JFCModel$$Lambda/0x00007fcc1035a378 (jdk.jfr@21.0.6)
5651:             1             16  jdk.management.jfr.SettingDescriptorInfo$1 (jdk.management.jfr@21.0.6)
5652:             1             16  jdk.net.LinuxSocketOptions (jdk.net@21.0.6)
5653:             1             16  kotlin.KotlinVersion$Companion
5654:             1             16  kotlin.KotlinVersionCurrentValue
5655:             1             16  kotlin.Result$Companion
5656:             1             16  kotlin.SafePublicationLazyImpl$Companion
5657:             1             16  kotlin.UInt$Companion
5658:             1             16  kotlin.ULong$Companion
5659:             1             16  kotlin.UNINITIALIZED_VALUE
5660:             1             16  kotlin.Unit
5661:             1             16  kotlin._Assertions
5662:             1             16  kotlin.collections.AbstractList$Companion
5663:             1             16  kotlin.collections.EmptyIterator
5664:             1             16  kotlin.collections.EmptyList
5665:             1             16  kotlin.collections.EmptyMap
5666:             1             16  kotlin.collections.EmptySet
5667:             1             16  kotlin.collections.builders.MapBuilder$Companion
5668:             1             16  kotlin.coroutines.ContinuationInterceptor$Key
5669:             1             16  kotlin.coroutines.CoroutineContext$DefaultImpls$$Lambda/0x00007fcc104b27d0
5670:             1             16  kotlin.coroutines.EmptyCoroutineContext
5671:             1             16  kotlin.coroutines.jvm.internal.CompletedContinuation
5672:             1             16  kotlin.internal.jdk8.JDK8PlatformImplementations
5673:             1             16  kotlin.internal.jdk8.JDK8PlatformImplementations$ReflectSdkVersion
5674:             1             16  kotlin.jvm.internal.CallableReference$NoReceiver
5675:             1             16  kotlin.jvm.internal.StringCompanionObject
5676:             1             16  kotlin.properties.Delegates
5677:             1             16  kotlin.random.Random$Default
5678:             1             16  kotlin.random.XorWowRandom$Companion
5679:             1             16  kotlin.random.jdk8.PlatformThreadLocalRandom
5680:             1             16  kotlin.ranges.IntProgression$Companion
5681:             1             16  kotlin.ranges.IntRange$Companion
5682:             1             16  kotlin.reflect.jvm.internal.CachesKt$$Lambda$0
5683:             1             16  kotlin.reflect.jvm.internal.CachesKt$$Lambda$1
5684:             1             16  kotlin.reflect.jvm.internal.CachesKt$$Lambda$2
5685:             1             16  kotlin.reflect.jvm.internal.CachesKt$$Lambda$3
5686:             1             16  kotlin.reflect.jvm.internal.CachesKt$$Lambda$4
5687:             1             16  kotlin.reflect.jvm.internal.KDeclarationContainerImpl$Companion
5688:             1             16  kotlin.reflect.jvm.internal.KPropertyImpl$Companion
5689:             1             16  kotlin.reflect.jvm.internal.ReflectProperties$Val$1
5690:             1             16  kotlin.reflect.jvm.internal.ReflectionFactoryImpl
5691:             1             16  kotlin.reflect.jvm.internal.RuntimeTypeMapper
5692:             1             16  kotlin.reflect.jvm.internal.RuntimeTypeMapperKt$$Lambda$0
5693:             1             16  kotlin.reflect.jvm.internal.calls.CallerImpl$Companion
5694:             1             16  kotlin.reflect.jvm.internal.impl.SpecialJvmAnnotations
5695:             1             16  kotlin.reflect.jvm.internal.impl.builtins.BuiltInsLoader$Companion
5696:             1             16  kotlin.reflect.jvm.internal.impl.builtins.BuiltInsLoader$Companion$$Lambda$0
5697:             1             16  kotlin.reflect.jvm.internal.impl.builtins.CompanionObjectMapping
5698:             1             16  kotlin.reflect.jvm.internal.impl.builtins.PrimitiveType$Companion
5699:             1             16  kotlin.reflect.jvm.internal.impl.builtins.ReflectionTypes$Companion
5700:             1             16  kotlin.reflect.jvm.internal.impl.builtins.StandardNames
5701:             1             16  kotlin.reflect.jvm.internal.impl.builtins.StandardNames$FqNames
5702:             1             16  kotlin.reflect.jvm.internal.impl.builtins.functions.FunctionTypeKindExtractor$Companion
5703:             1             16  kotlin.reflect.jvm.internal.impl.builtins.jvm.CloneableClassScope$Companion
5704:             1             16  kotlin.reflect.jvm.internal.impl.builtins.jvm.FallbackBuiltIns$Companion
5705:             1             16  kotlin.reflect.jvm.internal.impl.builtins.jvm.JavaToKotlinClassMap
5706:             1             16  kotlin.reflect.jvm.internal.impl.builtins.jvm.JavaToKotlinClassMapper
5707:             1             16  kotlin.reflect.jvm.internal.impl.builtins.jvm.JvmBuiltInClassDescriptorFactory$$Lambda$1
5708:             1             16  kotlin.reflect.jvm.internal.impl.builtins.jvm.JvmBuiltInClassDescriptorFactory$Companion
5709:             1             16  kotlin.reflect.jvm.internal.impl.builtins.jvm.JvmBuiltInsCustomizer$$Lambda$6
5710:             1             16  kotlin.reflect.jvm.internal.impl.builtins.jvm.JvmBuiltInsPackageFragmentProvider$Companion
5711:             1             16  kotlin.reflect.jvm.internal.impl.builtins.jvm.JvmBuiltInsSignatures
5712:             1             16  kotlin.reflect.jvm.internal.impl.descriptors.DescriptorVisibilities$10
5713:             1             16  kotlin.reflect.jvm.internal.impl.descriptors.DescriptorVisibilities$11
5714:             1             16  kotlin.reflect.jvm.internal.impl.descriptors.DescriptorVisibilities$12
5715:             1             16  kotlin.reflect.jvm.internal.impl.descriptors.Modality$Companion
5716:             1             16  kotlin.reflect.jvm.internal.impl.descriptors.ScopesHolderForClass$Companion
5717:             1             16  kotlin.reflect.jvm.internal.impl.descriptors.SourceElement$1
5718:             1             16  kotlin.reflect.jvm.internal.impl.descriptors.SupertypeLoopChecker$EMPTY
5719:             1             16  kotlin.reflect.jvm.internal.impl.descriptors.Visibilities
5720:             1             16  kotlin.reflect.jvm.internal.impl.descriptors.annotations.Annotations$Companion
5721:             1             16  kotlin.reflect.jvm.internal.impl.descriptors.annotations.Annotations$Companion$EMPTY$1
5722:             1             16  kotlin.reflect.jvm.internal.impl.descriptors.deserialization.AdditionalClassPartsProvider$None
5723:             1             16  kotlin.reflect.jvm.internal.impl.descriptors.deserialization.PlatformDependentDeclarationFilter$All
5724:             1             16  kotlin.reflect.jvm.internal.impl.descriptors.impl.ModuleAwareClassDescriptor$Companion
5725:             1             16  kotlin.reflect.jvm.internal.impl.descriptors.impl.PackageViewDescriptorFactory$Companion
5726:             1             16  kotlin.reflect.jvm.internal.impl.descriptors.impl.PackageViewDescriptorFactory$Default
5727:             1             16  kotlin.reflect.jvm.internal.impl.descriptors.impl.ValueParameterDescriptorImpl$Companion
5728:             1             16  kotlin.reflect.jvm.internal.impl.descriptors.runtime.components.ReflectClassStructure
5729:             1             16  kotlin.reflect.jvm.internal.impl.descriptors.runtime.components.ReflectKotlinClass$Factory
5730:             1             16  kotlin.reflect.jvm.internal.impl.descriptors.runtime.components.RuntimeErrorReporter
5731:             1             16  kotlin.reflect.jvm.internal.impl.descriptors.runtime.components.RuntimeModuleData$Companion
5732:             1             16  kotlin.reflect.jvm.internal.impl.descriptors.runtime.components.RuntimeSourceElementFactory
5733:             1             16  kotlin.reflect.jvm.internal.impl.descriptors.runtime.structure.Java16SealedRecordLoader
5734:             1             16  kotlin.reflect.jvm.internal.impl.descriptors.runtime.structure.Java8ParameterNamesLoader
5735:             1             16  kotlin.reflect.jvm.internal.impl.descriptors.runtime.structure.ReflectClassUtilKt$$Lambda$0
5736:             1             16  kotlin.reflect.jvm.internal.impl.descriptors.runtime.structure.ReflectClassUtilKt$$Lambda$1
5737:             1             16  kotlin.reflect.jvm.internal.impl.descriptors.runtime.structure.ReflectJavaAnnotationArgument$Factory
5738:             1             16  kotlin.reflect.jvm.internal.impl.descriptors.runtime.structure.ReflectJavaClass$$Lambda$0
5739:             1             16  kotlin.reflect.jvm.internal.impl.descriptors.runtime.structure.ReflectJavaClass$$Lambda$1
5740:             1             16  kotlin.reflect.jvm.internal.impl.descriptors.runtime.structure.ReflectJavaType$Factory
5741:             1             16  kotlin.reflect.jvm.internal.impl.incremental.components.LookupTracker$DO_NOTHING
5742:             1             16  kotlin.reflect.jvm.internal.impl.load.java.AbstractAnnotationTypeQualifierResolver$Companion
5743:             1             16  kotlin.reflect.jvm.internal.impl.load.java.BuiltinMethodsWithSpecialGenericSignature
5744:             1             16  kotlin.reflect.jvm.internal.impl.load.java.BuiltinSpecialProperties
5745:             1             16  kotlin.reflect.jvm.internal.impl.load.java.ClassicBuiltinSpecialProperties
5746:             1             16  kotlin.reflect.jvm.internal.impl.load.java.ClassicBuiltinSpecialProperties$$Lambda$0
5747:             1             16  kotlin.reflect.jvm.internal.impl.load.java.ErasedOverridabilityCondition
5748:             1             16  kotlin.reflect.jvm.internal.impl.load.java.FakePureImplementationsProvider
5749:             1             16  kotlin.reflect.jvm.internal.impl.load.java.FieldOverridabilityCondition
5750:             1             16  kotlin.reflect.jvm.internal.impl.load.java.JavaClassesTracker$Default
5751:             1             16  kotlin.reflect.jvm.internal.impl.load.java.JavaIncompatibilityRulesOverridabilityCondition
5752:             1             16  kotlin.reflect.jvm.internal.impl.load.java.JavaIncompatibilityRulesOverridabilityCondition$Companion
5753:             1             16  kotlin.reflect.jvm.internal.impl.load.java.JavaNullabilityAnnotationsStatus$Companion
5754:             1             16  kotlin.reflect.jvm.internal.impl.load.java.JavaTypeEnhancementState$Companion
5755:             1             16  kotlin.reflect.jvm.internal.impl.load.java.JvmAbi
5756:             1             16  kotlin.reflect.jvm.internal.impl.load.java.NullabilityAnnotationStates$Companion
5757:             1             16  kotlin.reflect.jvm.internal.impl.load.java.ReportLevel$Companion
5758:             1             16  kotlin.reflect.jvm.internal.impl.load.java.SpecialBuiltinMembers$$Lambda$0
5759:             1             16  kotlin.reflect.jvm.internal.impl.load.java.SpecialGenericSignatures$Companion
5760:             1             16  kotlin.reflect.jvm.internal.impl.load.java.components.JavaAnnotationMapper
5761:             1             16  kotlin.reflect.jvm.internal.impl.load.java.components.JavaDeprecatedAnnotationDescriptor$$Lambda$0
5762:             1             16  kotlin.reflect.jvm.internal.impl.load.java.components.JavaPropertyInitializerEvaluator$DoNothing
5763:             1             16  kotlin.reflect.jvm.internal.impl.load.java.components.JavaResolverCache$1
5764:             1             16  kotlin.reflect.jvm.internal.impl.load.java.components.SignaturePropagator$1
5765:             1             16  kotlin.reflect.jvm.internal.impl.load.java.descriptors.JavaMethodDescriptor$1
5766:             1             16  kotlin.reflect.jvm.internal.impl.load.java.descriptors.JavaMethodDescriptor$2
5767:             1             16  kotlin.reflect.jvm.internal.impl.load.java.lazy.JavaResolverSettings$Default
5768:             1             16  kotlin.reflect.jvm.internal.impl.load.java.lazy.TypeParameterResolver$EMPTY
5769:             1             16  kotlin.reflect.jvm.internal.impl.load.java.lazy.descriptors.LazyJavaClassDescriptor$Companion
5770:             1             16  kotlin.reflect.jvm.internal.impl.load.java.lazy.descriptors.LazyJavaClassMemberScope$$Lambda$5
5771:             1             16  kotlin.reflect.jvm.internal.impl.load.java.lazy.descriptors.LazyJavaPackageScope$KotlinClassLookupResult$NotFound
5772:             1             16  kotlin.reflect.jvm.internal.impl.load.java.typeEnhancement.JavaTypeQualifiers$Companion
5773:             1             16  kotlin.reflect.jvm.internal.impl.load.java.typeEnhancement.SignatureEnhancement$$Lambda$2
5774:             1             16  kotlin.reflect.jvm.internal.impl.load.java.typeEnhancement.SignatureEnhancement$$Lambda$3
5775:             1             16  kotlin.reflect.jvm.internal.impl.load.java.typeEnhancement.SignatureEnhancement$$Lambda$4
5776:             1             16  kotlin.reflect.jvm.internal.impl.load.kotlin.AbstractBinaryClassAnnotationLoader$Companion
5777:             1             16  kotlin.reflect.jvm.internal.impl.load.kotlin.DeserializationComponentsForJava$Companion
5778:             1             16  kotlin.reflect.jvm.internal.impl.load.kotlin.DeserializationComponentsForJavaKt$makeLazyJavaPackageFragmentProvider$javaResolverComponents$1
5779:             1             16  kotlin.reflect.jvm.internal.impl.load.kotlin.DeserializedDescriptorResolver$Companion
5780:             1             16  kotlin.reflect.jvm.internal.impl.load.kotlin.JavaFlexibleTypeDeserializer
5781:             1             16  kotlin.reflect.jvm.internal.impl.load.kotlin.JvmType$Companion
5782:             1             16  kotlin.reflect.jvm.internal.impl.load.kotlin.JvmTypeFactoryImpl
5783:             1             16  kotlin.reflect.jvm.internal.impl.load.kotlin.PackagePartProvider$Empty
5784:             1             16  kotlin.reflect.jvm.internal.impl.load.kotlin.SignatureBuildingComponents
5785:             1             16  kotlin.reflect.jvm.internal.impl.load.kotlin.SignatureBuildingComponents$$Lambda$0
5786:             1             16  kotlin.reflect.jvm.internal.impl.load.kotlin.TypeMappingConfigurationImpl
5787:             1             16  kotlin.reflect.jvm.internal.impl.load.kotlin.TypeMappingMode$Companion
5788:             1             16  kotlin.reflect.jvm.internal.impl.load.kotlin.header.KotlinClassHeader$Kind$Companion
5789:             1             16  kotlin.reflect.jvm.internal.impl.metadata.ProtoBuf$Annotation$1
5790:             1             16  kotlin.reflect.jvm.internal.impl.metadata.ProtoBuf$Annotation$Argument$1
5791:             1             16  kotlin.reflect.jvm.internal.impl.metadata.ProtoBuf$Annotation$Argument$Value$1
5792:             1             16  kotlin.reflect.jvm.internal.impl.metadata.ProtoBuf$Annotation$Argument$Value$Type$1
5793:             1             16  kotlin.reflect.jvm.internal.impl.metadata.ProtoBuf$Class$1
5794:             1             16  kotlin.reflect.jvm.internal.impl.metadata.ProtoBuf$Class$Kind$1
5795:             1             16  kotlin.reflect.jvm.internal.impl.metadata.ProtoBuf$Constructor$1
5796:             1             16  kotlin.reflect.jvm.internal.impl.metadata.ProtoBuf$Contract$1
5797:             1             16  kotlin.reflect.jvm.internal.impl.metadata.ProtoBuf$EnumEntry$1
5798:             1             16  kotlin.reflect.jvm.internal.impl.metadata.ProtoBuf$Function$1
5799:             1             16  kotlin.reflect.jvm.internal.impl.metadata.ProtoBuf$MemberKind$1
5800:             1             16  kotlin.reflect.jvm.internal.impl.metadata.ProtoBuf$Modality$1
5801:             1             16  kotlin.reflect.jvm.internal.impl.metadata.ProtoBuf$Package$1
5802:             1             16  kotlin.reflect.jvm.internal.impl.metadata.ProtoBuf$PackageFragment$1
5803:             1             16  kotlin.reflect.jvm.internal.impl.metadata.ProtoBuf$Property$1
5804:             1             16  kotlin.reflect.jvm.internal.impl.metadata.ProtoBuf$QualifiedNameTable$1
5805:             1             16  kotlin.reflect.jvm.internal.impl.metadata.ProtoBuf$QualifiedNameTable$QualifiedName$1
5806:             1             16  kotlin.reflect.jvm.internal.impl.metadata.ProtoBuf$QualifiedNameTable$QualifiedName$Kind$1
5807:             1             16  kotlin.reflect.jvm.internal.impl.metadata.ProtoBuf$StringTable$1
5808:             1             16  kotlin.reflect.jvm.internal.impl.metadata.ProtoBuf$Type$1
5809:             1             16  kotlin.reflect.jvm.internal.impl.metadata.ProtoBuf$Type$Argument$1
5810:             1             16  kotlin.reflect.jvm.internal.impl.metadata.ProtoBuf$Type$Argument$Projection$1
5811:             1             16  kotlin.reflect.jvm.internal.impl.metadata.ProtoBuf$TypeParameter$1
5812:             1             16  kotlin.reflect.jvm.internal.impl.metadata.ProtoBuf$TypeParameter$Variance$1
5813:             1             16  kotlin.reflect.jvm.internal.impl.metadata.ProtoBuf$TypeTable$1
5814:             1             16  kotlin.reflect.jvm.internal.impl.metadata.ProtoBuf$ValueParameter$1
5815:             1             16  kotlin.reflect.jvm.internal.impl.metadata.ProtoBuf$VersionRequirementTable$1
5816:             1             16  kotlin.reflect.jvm.internal.impl.metadata.ProtoBuf$Visibility$1
5817:             1             16  kotlin.reflect.jvm.internal.impl.metadata.builtins.BuiltInsBinaryVersion$Companion
5818:             1             16  kotlin.reflect.jvm.internal.impl.metadata.deserialization.BinaryVersion$Companion
5819:             1             16  kotlin.reflect.jvm.internal.impl.metadata.deserialization.VersionRequirementTable$Companion
5820:             1             16  kotlin.reflect.jvm.internal.impl.metadata.jvm.JvmProtoBuf$JvmFieldSignature$1
5821:             1             16  kotlin.reflect.jvm.internal.impl.metadata.jvm.JvmProtoBuf$JvmMethodSignature$1
5822:             1             16  kotlin.reflect.jvm.internal.impl.metadata.jvm.JvmProtoBuf$JvmPropertySignature$1
5823:             1             16  kotlin.reflect.jvm.internal.impl.metadata.jvm.JvmProtoBuf$StringTableTypes$1
5824:             1             16  kotlin.reflect.jvm.internal.impl.metadata.jvm.JvmProtoBuf$StringTableTypes$Record$1
5825:             1             16  kotlin.reflect.jvm.internal.impl.metadata.jvm.JvmProtoBuf$StringTableTypes$Record$Operation$1
5826:             1             16  kotlin.reflect.jvm.internal.impl.metadata.jvm.deserialization.ClassMapperLite
5827:             1             16  kotlin.reflect.jvm.internal.impl.metadata.jvm.deserialization.JvmFlags
5828:             1             16  kotlin.reflect.jvm.internal.impl.metadata.jvm.deserialization.JvmMetadataVersion$Companion
5829:             1             16  kotlin.reflect.jvm.internal.impl.metadata.jvm.deserialization.JvmNameResolverBase$Companion
5830:             1             16  kotlin.reflect.jvm.internal.impl.metadata.jvm.deserialization.JvmProtoBufUtil
5831:             1             16  kotlin.reflect.jvm.internal.impl.name.CallableId$Companion
5832:             1             16  kotlin.reflect.jvm.internal.impl.name.ClassId$Companion
5833:             1             16  kotlin.reflect.jvm.internal.impl.name.FqName$Companion
5834:             1             16  kotlin.reflect.jvm.internal.impl.name.FqNameUnsafe$Companion
5835:             1             16  kotlin.reflect.jvm.internal.impl.name.SpecialNames
5836:             1             16  kotlin.reflect.jvm.internal.impl.name.StandardClassIds
5837:             1             16  kotlin.reflect.jvm.internal.impl.protobuf.SmallSortedMap$EmptySet$1
5838:             1             16  kotlin.reflect.jvm.internal.impl.protobuf.SmallSortedMap$EmptySet$2
5839:             1             16  kotlin.reflect.jvm.internal.impl.renderer.ClassifierNamePolicy$FULLY_QUALIFIED
5840:             1             16  kotlin.reflect.jvm.internal.impl.renderer.ClassifierNamePolicy$SHORT
5841:             1             16  kotlin.reflect.jvm.internal.impl.renderer.ClassifierNamePolicy$SOURCE_CODE_QUALIFIED
5842:             1             16  kotlin.reflect.jvm.internal.impl.renderer.DescriptorRenderer$$Lambda$0
5843:             1             16  kotlin.reflect.jvm.internal.impl.renderer.DescriptorRenderer$$Lambda$1
5844:             1             16  kotlin.reflect.jvm.internal.impl.renderer.DescriptorRenderer$$Lambda$10
5845:             1             16  kotlin.reflect.jvm.internal.impl.renderer.DescriptorRenderer$$Lambda$2
5846:             1             16  kotlin.reflect.jvm.internal.impl.renderer.DescriptorRenderer$$Lambda$3
5847:             1             16  kotlin.reflect.jvm.internal.impl.renderer.DescriptorRenderer$$Lambda$4
5848:             1             16  kotlin.reflect.jvm.internal.impl.renderer.DescriptorRenderer$$Lambda$5
5849:             1             16  kotlin.reflect.jvm.internal.impl.renderer.DescriptorRenderer$$Lambda$6
5850:             1             16  kotlin.reflect.jvm.internal.impl.renderer.DescriptorRenderer$$Lambda$7
5851:             1             16  kotlin.reflect.jvm.internal.impl.renderer.DescriptorRenderer$$Lambda$8
5852:             1             16  kotlin.reflect.jvm.internal.impl.renderer.DescriptorRenderer$$Lambda$9
5853:             1             16  kotlin.reflect.jvm.internal.impl.renderer.DescriptorRenderer$Companion
5854:             1             16  kotlin.reflect.jvm.internal.impl.renderer.DescriptorRenderer$ValueParametersHandler$DEFAULT
5855:             1             16  kotlin.reflect.jvm.internal.impl.renderer.DescriptorRendererModifier$Companion
5856:             1             16  kotlin.reflect.jvm.internal.impl.renderer.DescriptorRendererOptionsImpl$$Lambda$0
5857:             1             16  kotlin.reflect.jvm.internal.impl.renderer.DescriptorRendererOptionsImpl$$Lambda$1
5858:             1             16  kotlin.reflect.jvm.internal.impl.renderer.ExcludedTypeAnnotations
5859:             1             16  kotlin.reflect.jvm.internal.impl.resolve.CliStdlibClassFinderImpl
5860:             1             16  kotlin.reflect.jvm.internal.impl.resolve.MemberComparator$NameAndTypeMemberComparator
5861:             1             16  kotlin.reflect.jvm.internal.impl.resolve.OverridingUtil$1
5862:             1             16  kotlin.reflect.jvm.internal.impl.resolve.constants.ConstantValueFactory
5863:             1             16  kotlin.reflect.jvm.internal.impl.resolve.descriptorUtil.DescriptorUtilsKt$$Lambda$0
5864:             1             16  kotlin.reflect.jvm.internal.impl.resolve.jvm.SyntheticJavaPartsProvider$Companion
5865:             1             16  kotlin.reflect.jvm.internal.impl.resolve.scopes.ChainedMemberScope$Companion
5866:             1             16  kotlin.reflect.jvm.internal.impl.resolve.scopes.DescriptorKindFilter$Companion
5867:             1             16  kotlin.reflect.jvm.internal.impl.resolve.scopes.MemberScope$Companion
5868:             1             16  kotlin.reflect.jvm.internal.impl.resolve.scopes.MemberScope$Companion$$Lambda$0
5869:             1             16  kotlin.reflect.jvm.internal.impl.resolve.scopes.MemberScope$Empty
5870:             1             16  kotlin.reflect.jvm.internal.impl.serialization.deserialization.ClassDeserializer$Companion
5871:             1             16  kotlin.reflect.jvm.internal.impl.serialization.deserialization.ContractDeserializer$Companion
5872:             1             16  kotlin.reflect.jvm.internal.impl.serialization.deserialization.ContractDeserializer$Companion$DEFAULT$1
5873:             1             16  kotlin.reflect.jvm.internal.impl.serialization.deserialization.DeserializationConfiguration$Default
5874:             1             16  kotlin.reflect.jvm.internal.impl.serialization.deserialization.EnumEntriesDeserializationSupport$Default
5875:             1             16  kotlin.reflect.jvm.internal.impl.serialization.deserialization.ErrorReporter$1
5876:             1             16  kotlin.reflect.jvm.internal.impl.serialization.deserialization.FlexibleTypeDeserializer$ThrowException
5877:             1             16  kotlin.reflect.jvm.internal.impl.serialization.deserialization.JvmEnumEntriesDeserializationSupport
5878:             1             16  kotlin.reflect.jvm.internal.impl.serialization.deserialization.LocalClassifierTypeSettings$Default
5879:             1             16  kotlin.reflect.jvm.internal.impl.serialization.deserialization.ProtoEnumFlags
5880:             1             16  kotlin.reflect.jvm.internal.impl.serialization.deserialization.builtins.BuiltInsPackageFragmentImpl$Companion
5881:             1             16  kotlin.reflect.jvm.internal.impl.storage.EmptySimpleLock
5882:             1             16  kotlin.reflect.jvm.internal.impl.storage.LockBasedStorageManager$ExceptionHandlingStrategy$1
5883:             1             16  kotlin.reflect.jvm.internal.impl.storage.SimpleLock$Companion
5884:             1             16  kotlin.reflect.jvm.internal.impl.types.AbstractNullabilityChecker
5885:             1             16  kotlin.reflect.jvm.internal.impl.types.AbstractStrictEqualityTypeChecker
5886:             1             16  kotlin.reflect.jvm.internal.impl.types.AbstractTypeChecker
5887:             1             16  kotlin.reflect.jvm.internal.impl.types.AbstractTypeConstructor$$Lambda$1
5888:             1             16  kotlin.reflect.jvm.internal.impl.types.DefaultTypeAttributeTranslator
5889:             1             16  kotlin.reflect.jvm.internal.impl.types.DisjointKeysUnionTypeSubstitution$Companion
5890:             1             16  kotlin.reflect.jvm.internal.impl.types.FlexibleTypeImpl$Companion
5891:             1             16  kotlin.reflect.jvm.internal.impl.types.KotlinTypeFactory
5892:             1             16  kotlin.reflect.jvm.internal.impl.types.KotlinTypeFactory$EMPTY_REFINED_TYPE_FACTORY$1
5893:             1             16  kotlin.reflect.jvm.internal.impl.types.TypeCheckerState$SupertypesPolicy$LowerIfFlexible
5894:             1             16  kotlin.reflect.jvm.internal.impl.types.TypeCheckerState$SupertypesPolicy$None
5895:             1             16  kotlin.reflect.jvm.internal.impl.types.TypeConstructorSubstitution$Companion
5896:             1             16  kotlin.reflect.jvm.internal.impl.types.TypeParameterUpperBoundEraser$Companion
5897:             1             16  kotlin.reflect.jvm.internal.impl.types.TypeSubstitution$Companion
5898:             1             16  kotlin.reflect.jvm.internal.impl.types.TypeSubstitution$Companion$EMPTY$1
5899:             1             16  kotlin.reflect.jvm.internal.impl.types.checker.KotlinTypePreparator$Default
5900:             1             16  kotlin.reflect.jvm.internal.impl.types.checker.KotlinTypeRefiner$Default
5901:             1             16  kotlin.reflect.jvm.internal.impl.types.checker.NewKotlinTypeChecker$Companion
5902:             1             16  kotlin.reflect.jvm.internal.impl.types.checker.SimpleClassicTypeSystemContext
5903:             1             16  kotlin.reflect.jvm.internal.impl.types.checker.StrictEqualityTypeChecker
5904:             1             16  kotlin.reflect.jvm.internal.impl.types.error.ErrorModuleDescriptor
5905:             1             16  kotlin.reflect.jvm.internal.impl.types.error.ErrorModuleDescriptor$$Lambda$0
5906:             1             16  kotlin.reflect.jvm.internal.impl.types.error.ErrorUtils
5907:             1             16  kotlin.reflect.jvm.internal.impl.types.typesApproximation.CapturedTypeApproximationKt$$Lambda$1
5908:             1             16  kotlin.reflect.jvm.internal.impl.util.CheckResult$IllegalFunctionName
5909:             1             16  kotlin.reflect.jvm.internal.impl.util.CheckResult$SuccessCheck
5910:             1             16  kotlin.reflect.jvm.internal.impl.util.Checks$2
5911:             1             16  kotlin.reflect.jvm.internal.impl.util.Checks$3
5912:             1             16  kotlin.reflect.jvm.internal.impl.util.Checks$4
5913:             1             16  kotlin.reflect.jvm.internal.impl.util.EmptyArrayMap
5914:             1             16  kotlin.reflect.jvm.internal.impl.util.IsKPropertyCheck
5915:             1             16  kotlin.reflect.jvm.internal.impl.util.ModuleVisibilityHelper$EMPTY
5916:             1             16  kotlin.reflect.jvm.internal.impl.util.NoDefaultAndVarargsCheck
5917:             1             16  kotlin.reflect.jvm.internal.impl.util.NullableArrayMapAccessor
5918:             1             16  kotlin.reflect.jvm.internal.impl.util.OperatorChecks
5919:             1             16  kotlin.reflect.jvm.internal.impl.util.OperatorChecks$$Lambda$0
5920:             1             16  kotlin.reflect.jvm.internal.impl.util.OperatorChecks$$Lambda$1
5921:             1             16  kotlin.reflect.jvm.internal.impl.util.OperatorChecks$$Lambda$2
5922:             1             16  kotlin.reflect.jvm.internal.impl.util.OperatorNameConventions
5923:             1             16  kotlin.reflect.jvm.internal.impl.util.ReturnsCheck$ReturnsBoolean$$Lambda$0
5924:             1             16  kotlin.reflect.jvm.internal.impl.util.ReturnsCheck$ReturnsInt$$Lambda$0
5925:             1             16  kotlin.reflect.jvm.internal.impl.util.ReturnsCheck$ReturnsUnit$$Lambda$0
5926:             1             16  kotlin.reflect.jvm.internal.impl.utils.FunctionsKt$$Lambda$3
5927:             1             16  kotlin.reflect.jvm.internal.impl.utils.FunctionsKt$$Lambda$4
5928:             1             16  kotlin.reflect.jvm.internal.impl.utils.FunctionsKt$$Lambda$5
5929:             1             16  kotlin.reflect.jvm.internal.impl.utils.FunctionsKt$$Lambda$6
5930:             1             16  kotlin.reflect.jvm.internal.impl.utils.FunctionsKt$$Lambda$7
5931:             1             16  kotlin.reflect.jvm.internal.impl.utils.FunctionsKt$ALWAYS_NULL$1
5932:             1             16  kotlin.reflect.jvm.internal.impl.utils.SmartSet$Companion
5933:             1             16  kotlin.reflect.jvm.internal.impl.utils.WrappedValues$1
5934:             1             16  kotlin.sequences.EmptySequence
5935:             1             16  kotlin.sequences.SequencesKt__SequencesKt$$Lambda/0x00007fcc10271b50
5936:             1             16  kotlin.sequences.SequencesKt__SequencesKt$$Lambda/0x00007fcc10271f78
5937:             1             16  kotlin.sequences.SequencesKt__SequencesKt$$Lambda/0x00007fcc106fd2e0
5938:             1             16  kotlin.sequences.SequencesKt___SequencesKt$$Lambda/0x00007fcc10260648
5939:             1             16  kotlin.text.Charsets
5940:             1             16  kotlin.text.LinesIterator$State
5941:             1             16  kotlin.text.Regex$Companion
5942:             1             16  kotlin.time.Duration$Companion
5943:             1             16  kotlinx.coroutines.Active
5944:             1             16  kotlinx.coroutines.CoroutineContextKt$$Lambda/0x00007fcc104c45b8
5945:             1             16  kotlinx.coroutines.CoroutineDispatcher$Key$$Lambda/0x00007fcc104ae7c0
5946:             1             16  kotlinx.coroutines.CoroutineExceptionHandler$Key
5947:             1             16  kotlinx.coroutines.Dispatchers
5948:             1             16  kotlinx.coroutines.ExecutorCoroutineDispatcher$Key$$Lambda/0x00007fcc104aebd0
5949:             1             16  kotlinx.coroutines.GlobalScope
5950:             1             16  kotlinx.coroutines.Job$Key
5951:             1             16  kotlinx.coroutines.NonDisposableHandle
5952:             1             16  kotlinx.coroutines.ThreadLocalEventLoop
5953:             1             16  kotlinx.coroutines.channels.ChannelResult$Companion
5954:             1             16  kotlinx.coroutines.channels.ChannelResult$Failed
5955:             1             16  kotlinx.coroutines.flow.internal.NoOpContinuation
5956:             1             16  kotlinx.coroutines.flow.internal.SafeCollector$$Lambda/0x00007fcc104db9b0
5957:             1             16  kotlinx.coroutines.internal.LockFreeTaskQueueCore$Companion
5958:             1             16  kotlinx.coroutines.internal.ThreadContextKt$$Lambda/0x00007fcc104c88c8
5959:             1             16  kotlinx.coroutines.internal.ThreadContextKt$$Lambda/0x00007fcc104c8ad8
5960:             1             16  kotlinx.coroutines.internal.ThreadContextKt$$Lambda/0x00007fcc104c8ee8
5961:             1             16  kotlinx.coroutines.scheduling.CoroutineScheduler$Companion
5962:             1             16  kotlinx.coroutines.scheduling.NanoTimeSource
5963:             1             16  mu.KMarkerFactory
5964:             1             16  mu.KotlinLogging
5965:             1             16  mu.internal.KLoggerFactory
5966:             1             16  mu.internal.KLoggerNameResolver
5967:             1             16  net.engio.mbassy.bus.MessagePublication$Factory
5968:             1             16  net.engio.mbassy.listener.MetadataReader$1
5969:             1             16  net.engio.mbassy.subscription.Subscription$1
5970:             1             16  net.engio.mbassy.subscription.SubscriptionFactory
5971:             1             16  org.apache.commons.io.IOUtils$$Lambda/0x00007fcc1003f710
5972:             1             16  org.apache.commons.io.IOUtils$$Lambda/0x00007fcc1003f920
5973:             1             16  org.apache.commons.io.IOUtils$$Lambda/0x00007fcc1003fb30
5974:             1             16  org.bouncycastle.crypto.CryptoServicesRegistrar$1
5975:             1             16  org.bouncycastle.crypto.signers.StandardDSAEncoding
5976:             1             16  org.bouncycastle.crypto.util.DigestFactory$1
5977:             1             16  org.bouncycastle.crypto.util.DigestFactory$10
5978:             1             16  org.bouncycastle.crypto.util.DigestFactory$11
5979:             1             16  org.bouncycastle.crypto.util.DigestFactory$12
5980:             1             16  org.bouncycastle.crypto.util.DigestFactory$2
5981:             1             16  org.bouncycastle.crypto.util.DigestFactory$3
5982:             1             16  org.bouncycastle.crypto.util.DigestFactory$4
5983:             1             16  org.bouncycastle.crypto.util.DigestFactory$5
5984:             1             16  org.bouncycastle.crypto.util.DigestFactory$6
5985:             1             16  org.bouncycastle.crypto.util.DigestFactory$7
5986:             1             16  org.bouncycastle.crypto.util.DigestFactory$8
5987:             1             16  org.bouncycastle.crypto.util.DigestFactory$9
5988:             1             16  org.bouncycastle.jcajce.provider.asymmetric.dsa.KeyFactorySpi
5989:             1             16  org.bouncycastle.jcajce.provider.asymmetric.elgamal.KeyFactorySpi
5990:             1             16  org.bouncycastle.jcajce.provider.asymmetric.gost.KeyFactorySpi
5991:             1             16  org.bouncycastle.jcajce.provider.asymmetric.rsa.KeyFactorySpi
5992:             1             16  org.bouncycastle.pqc.jcajce.provider.lms.LMSKeyFactorySpi
5993:             1             16  org.bouncycastle.pqc.jcajce.provider.newhope.NHKeyFactorySpi
5994:             1             16  org.bouncycastle.pqc.jcajce.provider.picnic.PicnicKeyFactorySpi
5995:             1             16  org.bouncycastle.pqc.jcajce.provider.sphincs.Sphincs256KeyFactorySpi
5996:             1             16  org.glassfish.hk2.internal.StarFilter
5997:             1             16  org.glassfish.hk2.utilities.cache.Cache$1
5998:             1             16  org.glassfish.hk2.utilities.cache.LRUHybridCache$1
5999:             1             16  org.glassfish.hk2.utilities.cache.LRUHybridCache$CacheEntryImplComparator
6000:             1             16  org.glassfish.jersey.inject.hk2.AbstractHk2InjectionManager$$Lambda/0x00007fcc10732e00
6001:             1             16  org.glassfish.jersey.inject.hk2.JerseyClassAnalyzer$$Lambda/0x00007fcc10707b78
6002:             1             16  org.glassfish.jersey.inject.hk2.JerseyClassAnalyzer$$Lambda/0x00007fcc10707db8
6003:             1             16  org.glassfish.jersey.inject.hk2.JerseyErrorService
6004:             1             16  org.glassfish.jersey.internal.AbstractRuntimeDelegate$$Lambda/0x00007fcc107143b0
6005:             1             16  org.glassfish.jersey.internal.ContextResolverFactory$NullContextResolverAdapter
6006:             1             16  org.glassfish.jersey.internal.LocalizationMessages$BundleSupplier
6007:             1             16  org.glassfish.jersey.internal.ServiceFinder$DefaultServiceIteratorProvider
6008:             1             16  org.glassfish.jersey.internal.config.SystemPropertiesConfigurationModel$$Lambda/0x00007fcc106ee000
6009:             1             16  org.glassfish.jersey.internal.config.SystemPropertiesConfigurationModel$$Lambda/0x00007fcc106ee230
6010:             1             16  org.glassfish.jersey.internal.config.SystemPropertiesConfigurationModel$$Lambda/0x00007fcc106ee460
6011:             1             16  org.glassfish.jersey.internal.config.SystemPropertiesConfigurationModel$$Lambda/0x00007fcc106ee690
6012:             1             16  org.glassfish.jersey.internal.guava.CacheBuilder$1
6013:             1             16  org.glassfish.jersey.internal.guava.Equivalence$Equals
6014:             1             16  org.glassfish.jersey.internal.guava.Iterators$1
6015:             1             16  org.glassfish.jersey.internal.guava.Iterators$2
6016:             1             16  org.glassfish.jersey.internal.guava.LocalCache$1
6017:             1             16  org.glassfish.jersey.internal.guava.LocalCache$2
6018:             1             16  org.glassfish.jersey.internal.guava.Ticker$1
6019:             1             16  org.glassfish.jersey.internal.inject.AbstractBinder$$Lambda/0x00007fcc106bb5d0
6020:             1             16  org.glassfish.jersey.internal.inject.ForeignDescriptorImpl$$Lambda/0x00007fcc1080dfa0
6021:             1             16  org.glassfish.jersey.internal.inject.Injections$$Lambda/0x00007fcc10681518
6022:             1             16  org.glassfish.jersey.internal.inject.ParamConverters$CharacterProvider
6023:             1             16  org.glassfish.jersey.internal.inject.ParamConverters$DateProvider
6024:             1             16  org.glassfish.jersey.internal.inject.ParamConverters$InputStreamProvider
6025:             1             16  org.glassfish.jersey.internal.inject.ParamConverters$OptionalProvider
6026:             1             16  org.glassfish.jersey.internal.inject.ParamConverters$StringConstructor
6027:             1             16  org.glassfish.jersey.internal.inject.ParamConverters$TypeFromString
6028:             1             16  org.glassfish.jersey.internal.inject.ParamConverters$TypeFromStringEnum
6029:             1             16  org.glassfish.jersey.internal.inject.ParamConverters$TypeValueOf
6030:             1             16  org.glassfish.jersey.internal.inject.Providers$$Lambda/0x00007fcc10733a50
6031:             1             16  org.glassfish.jersey.internal.inject.Providers$$Lambda/0x00007fcc10733c80
6032:             1             16  org.glassfish.jersey.internal.inject.Providers$$Lambda/0x00007fcc107379f0
6033:             1             16  org.glassfish.jersey.internal.inject.Providers$$Lambda/0x00007fcc1073e000
6034:             1             16  org.glassfish.jersey.internal.inject.Providers$$Lambda/0x00007fcc1073e4a0
6035:             1             16  org.glassfish.jersey.internal.inject.Providers$$Lambda/0x00007fcc10811390
6036:             1             16  org.glassfish.jersey.internal.inject.Providers$$Lambda/0x00007fcc108115c0
6037:             1             16  org.glassfish.jersey.internal.routing.CombinedMediaType$1
6038:             1             16  org.glassfish.jersey.internal.util.ReflectionHelper$$Lambda/0x00007fcc10664560
6039:             1             16  org.glassfish.jersey.internal.util.ReflectionHelper$1
6040:             1             16  org.glassfish.jersey.internal.util.ReflectionHelper$11
6041:             1             16  org.glassfish.jersey.internal.util.collection.Cache$$Lambda/0x00007fcc106b55e0
6042:             1             16  org.glassfish.jersey.internal.util.collection.ImmutableCollectors$$Lambda/0x00007fcc107021f8
6043:             1             16  org.glassfish.jersey.internal.util.collection.ImmutableCollectors$$Lambda/0x00007fcc10702408
6044:             1             16  org.glassfish.jersey.internal.util.collection.ImmutableCollectors$$Lambda/0x00007fcc10702628
6045:             1             16  org.glassfish.jersey.internal.util.collection.ImmutableCollectors$$Lambda/0x00007fcc10702860
6046:             1             16  org.glassfish.jersey.internal.util.collection.StringIgnoreCaseKeyComparator
6047:             1             16  org.glassfish.jersey.internal.util.collection.Values$1
6048:             1             16  org.glassfish.jersey.internal.util.collection.Values$2
6049:             1             16  org.glassfish.jersey.jackson.internal.JacksonAutoDiscoverable
6050:             1             16  org.glassfish.jersey.logging.LoggingFeatureAutoDiscoverable
6051:             1             16  org.glassfish.jersey.media.multipart.MultiPartFeature
6052:             1             16  org.glassfish.jersey.media.multipart.MultiPartFeatureAutodiscoverable
6053:             1             16  org.glassfish.jersey.media.multipart.internal.FormDataParamInjectionFeature
6054:             1             16  org.glassfish.jersey.message.internal.AcceptableMediaType$1
6055:             1             16  org.glassfish.jersey.message.internal.BasicTypesMessageProvider
6056:             1             16  org.glassfish.jersey.message.internal.ByteArrayProvider
6057:             1             16  org.glassfish.jersey.message.internal.CacheControlProvider
6058:             1             16  org.glassfish.jersey.message.internal.CommittingOutputStream$$Lambda/0x00007fcc10813b48
6059:             1             16  org.glassfish.jersey.message.internal.CookieProvider
6060:             1             16  org.glassfish.jersey.message.internal.DataSourceProvider
6061:             1             16  org.glassfish.jersey.message.internal.DateProvider
6062:             1             16  org.glassfish.jersey.message.internal.EntityTagProvider
6063:             1             16  org.glassfish.jersey.message.internal.EnumMessageProvider
6064:             1             16  org.glassfish.jersey.message.internal.FileProvider
6065:             1             16  org.glassfish.jersey.message.internal.FormProvider
6066:             1             16  org.glassfish.jersey.message.internal.HttpHeaderReader$1
6067:             1             16  org.glassfish.jersey.message.internal.HttpHeaderReader$AcceptableLanguageTagListReader$1
6068:             1             16  org.glassfish.jersey.message.internal.HttpHeaderReader$AcceptableMediaTypeListReader$1
6069:             1             16  org.glassfish.jersey.message.internal.HttpHeaderReader$AcceptableTokenListReader$1
6070:             1             16  org.glassfish.jersey.message.internal.HttpHeaderReader$MediaTypeListReader$1
6071:             1             16  org.glassfish.jersey.message.internal.HttpHeaderReader$QualitySourceMediaTypeListReader$1
6072:             1             16  org.glassfish.jersey.message.internal.HttpHeaderReader$StringListReader$1
6073:             1             16  org.glassfish.jersey.message.internal.InboundMessageContext$1
6074:             1             16  org.glassfish.jersey.message.internal.InputStreamProvider
6075:             1             16  org.glassfish.jersey.message.internal.LinkProvider
6076:             1             16  org.glassfish.jersey.message.internal.LocaleProvider
6077:             1             16  org.glassfish.jersey.message.internal.MediaTypeProvider
6078:             1             16  org.glassfish.jersey.message.internal.MediaTypes$$Lambda/0x00007fcc10731b18
6079:             1             16  org.glassfish.jersey.message.internal.MediaTypes$$Lambda/0x00007fcc1083de30
6080:             1             16  org.glassfish.jersey.message.internal.MediaTypes$$Lambda/0x00007fcc1083e070
6081:             1             16  org.glassfish.jersey.message.internal.MediaTypes$$Lambda/0x00007fcc1083e2a0
6082:             1             16  org.glassfish.jersey.message.internal.MediaTypes$1
6083:             1             16  org.glassfish.jersey.message.internal.MediaTypes$2
6084:             1             16  org.glassfish.jersey.message.internal.MessageBodyFactory$$Lambda/0x00007fcc106f16c0
6085:             1             16  org.glassfish.jersey.message.internal.MessageBodyFactory$$Lambda/0x00007fcc106f18f0
6086:             1             16  org.glassfish.jersey.message.internal.MessageBodyFactory$$Lambda/0x00007fcc106f1b20
6087:             1             16  org.glassfish.jersey.message.internal.MessageBodyFactory$1
6088:             1             16  org.glassfish.jersey.message.internal.MessageBodyFactory$2
6089:             1             16  org.glassfish.jersey.message.internal.NewCookieProvider
6090:             1             16  org.glassfish.jersey.message.internal.Quality$1
6091:             1             16  org.glassfish.jersey.message.internal.Quality$2
6092:             1             16  org.glassfish.jersey.message.internal.QualitySourceMediaType$1
6093:             1             16  org.glassfish.jersey.message.internal.ReaderProvider
6094:             1             16  org.glassfish.jersey.message.internal.RenderedImageProvider
6095:             1             16  org.glassfish.jersey.message.internal.SourceProvider$StreamSourceReader
6096:             1             16  org.glassfish.jersey.message.internal.StreamingOutputProvider
6097:             1             16  org.glassfish.jersey.message.internal.StringHeaderProvider
6098:             1             16  org.glassfish.jersey.message.internal.StringMessageProvider
6099:             1             16  org.glassfish.jersey.message.internal.TracingLogger$1
6100:             1             16  org.glassfish.jersey.message.internal.UriProvider
6101:             1             16  org.glassfish.jersey.model.ContractProvider$Builder$$Lambda/0x00007fcc1066e7c0
6102:             1             16  org.glassfish.jersey.model.Parameter$$Lambda/0x00007fcc106e0888
6103:             1             16  org.glassfish.jersey.model.Parameter$$Lambda/0x00007fcc106e1218
6104:             1             16  org.glassfish.jersey.model.Parameter$$Lambda/0x00007fcc106e1448
6105:             1             16  org.glassfish.jersey.model.Parameter$$Lambda/0x00007fcc106e1658
6106:             1             16  org.glassfish.jersey.model.Parameter$$Lambda/0x00007fcc106e1878
6107:             1             16  org.glassfish.jersey.model.Parameter$ParameterService
6108:             1             16  org.glassfish.jersey.model.internal.CommonConfig$$Lambda/0x00007fcc106f8a78
6109:             1             16  org.glassfish.jersey.model.internal.CommonConfig$$Lambda/0x00007fcc106fb598
6110:             1             16  org.glassfish.jersey.model.internal.ComponentBag$$Lambda/0x00007fcc10666c08
6111:             1             16  org.glassfish.jersey.model.internal.ComponentBag$$Lambda/0x00007fcc10667270
6112:             1             16  org.glassfish.jersey.model.internal.ComponentBag$$Lambda/0x00007fcc106674b0
6113:             1             16  org.glassfish.jersey.model.internal.ComponentBag$$Lambda/0x00007fcc106676f0
6114:             1             16  org.glassfish.jersey.model.internal.ComponentBag$$Lambda/0x00007fcc10667930
6115:             1             16  org.glassfish.jersey.model.internal.ComponentBag$$Lambda/0x00007fcc10667b70
6116:             1             16  org.glassfish.jersey.model.internal.ComponentBag$$Lambda/0x00007fcc10667db0
6117:             1             16  org.glassfish.jersey.model.internal.ComponentBag$$Lambda/0x00007fcc106683f0
6118:             1             16  org.glassfish.jersey.model.internal.ComponentBag$$Lambda/0x00007fcc106fa630
6119:             1             16  org.glassfish.jersey.model.internal.ComponentBag$$Lambda/0x00007fcc106fb388
6120:             1             16  org.glassfish.jersey.server.ApplicationHandler$1
6121:             1             16  org.glassfish.jersey.server.ChunkedResponseWriter
6122:             1             16  org.glassfish.jersey.server.ComponentProviderConfigurator$$Lambda/0x00007fcc106e8a20
6123:             1             16  org.glassfish.jersey.server.ComponentProviderConfigurator$$Lambda/0x00007fcc106e8c50
6124:             1             16  org.glassfish.jersey.server.ComponentProviderConfigurator$$Lambda/0x00007fcc107377d0
6125:             1             16  org.glassfish.jersey.server.DefaultExceptionMapper
6126:             1             16  org.glassfish.jersey.server.ExternalRequestScopeConfigurator$1
6127:             1             16  org.glassfish.jersey.server.ModelProcessorConfigurator$$Lambda/0x00007fcc1072c030
6128:             1             16  org.glassfish.jersey.server.ModelProcessorConfigurator$$Lambda/0x00007fcc1072c270
6129:             1             16  org.glassfish.jersey.server.ResourceModelConfigurator$$Lambda/0x00007fcc1072f9a0
6130:             1             16  org.glassfish.jersey.server.ServerRuntime$Responder$$Lambda/0x00007fcc10821038
6131:             1             16  org.glassfish.jersey.server.ServerRuntime$Responder$$Lambda/0x00007fcc108216d8
6132:             1             16  org.glassfish.jersey.server.filter.internal.ServerFiltersAutoDiscoverable
6133:             1             16  org.glassfish.jersey.server.internal.LocalizationMessages$BundleSupplier
6134:             1             16  org.glassfish.jersey.server.internal.MappableExceptionWrapperInterceptor
6135:             1             16  org.glassfish.jersey.server.internal.monitoring.EmptyRequestEventBuilder
6136:             1             16  org.glassfish.jersey.server.internal.routing.AbstractMethodSelectingRouter$1
6137:             1             16  org.glassfish.jersey.server.internal.routing.MatchedEndpointExtractorStage
6138:             1             16  org.glassfish.jersey.server.internal.routing.PushMatchedUriRouter
6139:             1             16  org.glassfish.jersey.server.internal.routing.Routers$1
6140:             1             16  org.glassfish.jersey.server.internal.routing.UriRoutingContext$$Lambda/0x00007fcc10806f58
6141:             1             16  org.glassfish.jersey.server.model.Parameter$ServerParameterService
6142:             1             16  org.glassfish.jersey.server.model.ResourceMethod$Builder$$Lambda/0x00007fcc1071f438
6143:             1             16  org.glassfish.jersey.server.model.ResourceMethodValidator$$Lambda/0x00007fcc10742110
6144:             1             16  org.glassfish.jersey.server.model.RuntimeResource$$Lambda/0x00007fcc1072f548
6145:             1             16  org.glassfish.jersey.server.model.RuntimeResource$1
6146:             1             16  org.glassfish.jersey.server.model.internal.ModelErrors$$Lambda/0x00007fcc10744c20
6147:             1             16  org.glassfish.jersey.server.model.internal.ResourceMethodInvocationHandlerFactory$$Lambda/0x00007fcc1073a620
6148:             1             16  org.glassfish.jersey.server.spi.internal.ParameterValueHelper$$Lambda/0x00007fcc1073fa78
6149:             1             16  org.glassfish.jersey.server.wadl.WadlFeature
6150:             1             16  org.glassfish.jersey.servlet.WebComponent$$Lambda/0x00007fcc10663248
6151:             1             16  org.glassfish.jersey.servlet.WebComponent$$Lambda/0x00007fcc10748c30
6152:             1             16  org.glassfish.jersey.servlet.WebComponent$3
6153:             1             16  org.glassfish.jersey.spi.AbstractThreadPoolProvider$$Lambda/0x00007fcc1074b788
6154:             1             16  org.glassfish.jersey.uri.PathPattern$1
6155:             1             16  org.glassfish.jersey.uri.PatternWithGroups$EmptyStringMatchResult
6156:             1             16  org.glassfish.jersey.uri.UriTemplate$$Lambda/0x00007fcc10810d38
6157:             1             16  org.glassfish.jersey.uri.UriTemplate$1
6158:             1             16  org.jboss.threads.ContextHandler$1
6159:             1             16  org.jboss.threads.DiscardingExecutor
6160:             1             16  org.jboss.threads.JBossExecutors$3
6161:             1             16  org.jboss.threads.Version$$Lambda/0x00007fcc10768848
6162:             1             16  org.jvnet.hk2.external.generator.ServiceLocatorGeneratorImpl
6163:             1             16  org.jvnet.hk2.internal.PerLookupContext
6164:             1             16  org.jvnet.hk2.internal.Utilities$4
6165:             1             16  org.reflections.ReflectionUtils$$Lambda/0x00007fcc10629000
6166:             1             16  org.reflections.ReflectionUtils$$Lambda/0x00007fcc1062a800
6167:             1             16  org.reflections.ReflectionUtils$$Lambda/0x00007fcc1062e480
6168:             1             16  org.reflections.ReflectionUtils$$Lambda/0x00007fcc1062e8b0
6169:             1             16  org.reflections.ReflectionUtils$$Lambda/0x00007fcc1062eaf0
6170:             1             16  org.reflections.ReflectionUtils$$Lambda/0x00007fcc1062f3d8
6171:             1             16  org.reflections.ReflectionUtils$$Lambda/0x00007fcc1062f618
6172:             1             16  org.reflections.ReflectionUtils$$Lambda/0x00007fcc1062f858
6173:             1             16  org.reflections.ReflectionUtils$$Lambda/0x00007fcc1062fa98
6174:             1             16  org.reflections.ReflectionUtils$$Lambda/0x00007fcc1062fcd8
6175:             1             16  org.reflections.ReflectionUtils$1
6176:             1             16  org.reflections.ReflectionUtils$2
6177:             1             16  org.reflections.ReflectionUtils$2$$Lambda/0x00007fcc1062ae48
6178:             1             16  org.reflections.ReflectionUtils$3
6179:             1             16  org.reflections.Reflections$$Lambda/0x00007fcc10616888
6180:             1             16  org.reflections.Reflections$$Lambda/0x00007fcc10616ab8
6181:             1             16  org.reflections.Reflections$$Lambda/0x00007fcc10616ce8
6182:             1             16  org.reflections.Reflections$$Lambda/0x00007fcc1062cd50
6183:             1             16  org.reflections.Reflections$$Lambda/0x00007fcc1062cf80
6184:             1             16  org.reflections.Reflections$$Lambda/0x00007fcc1062d1b0
6185:             1             16  org.reflections.Reflections$$Lambda/0x00007fcc1062d3f0
6186:             1             16  org.reflections.Reflections$$Lambda/0x00007fcc1062d620
6187:             1             16  org.reflections.Reflections$$Lambda/0x00007fcc1062d830
6188:             1             16  org.reflections.Reflections$$Lambda/0x00007fcc1062da60
6189:             1             16  org.reflections.Reflections$$Lambda/0x00007fcc1062dc70
6190:             1             16  org.reflections.Reflections$$Lambda/0x00007fcc10630000
6191:             1             16  org.reflections.Reflections$$Lambda/0x00007fcc10630660
6192:             1             16  org.reflections.scanners.Scanners$$Lambda/0x00007fcc106154d0
6193:             1             16  org.reflections.util.ConfigurationBuilder$$Lambda/0x00007fcc10615e48
6194:             1             16  org.reflections.util.JavassistHelper$$Lambda/0x00007fcc106246a0
6195:             1             16  org.reflections.util.JavassistHelper$$Lambda/0x00007fcc106248d0
6196:             1             16  org.reflections.util.JavassistHelper$$Lambda/0x00007fcc10627ab8
6197:             1             16  org.reflections.util.NameHelper$$Lambda/0x00007fcc10631cb0
6198:             1             16  org.reflections.util.NameHelper$$Lambda/0x00007fcc10633808
6199:             1             16  org.reflections.util.NameHelper$$Lambda/0x00007fcc10633a48
6200:             1             16  org.reflections.util.QueryFunction$$Lambda/0x00007fcc10629210
6201:             1             16  org.reflections.util.QueryFunction$$Lambda/0x00007fcc10629440
6202:             1             16  org.reflections.util.QueryFunction$$Lambda/0x00007fcc1062b058
6203:             1             16  org.reflections.util.QueryFunction$$Lambda/0x00007fcc10632538
6204:             1             16  org.reflections.vfs.ZipDir$$Lambda/0x00007fcc10619800
6205:             1             16  org.slf4j.helpers.NOPLoggerFactory
6206:             1             16  org.slf4j.helpers.NOPMDCAdapter
6207:             1             16  org.wildfly.common.context.ContextManager$$Lambda/0x00007fcc10760438
6208:             1             16  org.xnio.Buffers$5
6209:             1             16  org.xnio.ChannelListeners$1
6210:             1             16  org.xnio.ChannelListeners$2
6211:             1             16  org.xnio.ChannelListeners$23
6212:             1             16  org.xnio.ChannelListeners$3
6213:             1             16  org.xnio.IoUtils$10
6214:             1             16  org.xnio.IoUtils$4
6215:             1             16  org.xnio.IoUtils$5
6216:             1             16  org.xnio.IoUtils$6
6217:             1             16  org.xnio.IoUtils$8
6218:             1             16  org.xnio.IoUtils$ManagerNotifier
6219:             1             16  org.xnio.IoUtils$ResultNotifier
6220:             1             16  org.xnio.Option$1
6221:             1             16  org.xnio.Option$2
6222:             1             16  org.xnio.Option$3
6223:             1             16  org.xnio.Option$4
6224:             1             16  org.xnio.Option$5
6225:             1             16  org.xnio.Option$6
6226:             1             16  org.xnio.Option$7
6227:             1             16  org.xnio.Option$8
6228:             1             16  org.xnio.StreamConnection$$Lambda/0x00007fcc107f5b38
6229:             1             16  org.xnio.Xnio$1
6230:             1             16  org.xnio.XnioWorker$$Lambda/0x00007fcc10756c00
6231:             1             16  org.xnio.XnioWorker$$Lambda/0x00007fcc10760878
6232:             1             16  org.xnio.XnioWorker$$Lambda/0x00007fcc10760a88
6233:             1             16  org.xnio.XnioWorker$5
6234:             1             16  org.xnio.XnioWorker$6
6235:             1             16  org.xnio.channels.Configurable$1
6236:             1             16  org.yaml.snakeyaml.external.com.google.gdata.util.common.base.UnicodeEscaper$2
6237:             1             16  picocli.CommandLine$Help$ColorScheme$1
6238:             1             16  sun.management.ManagementFactoryHelper$$Lambda/0x00007fcc1035c418 (java.management@21.0.6)
6239:             1             16  sun.management.ThreadImpl$$Lambda/0x00007fcc10842100 (java.management@21.0.6)
6240:             1             16  sun.misc.Unsafe (jdk.unsupported@21.0.6)
6241:             1             16  sun.net.spi.DefaultProxySelector (java.base@21.0.6)
6242:             1             16  sun.net.www.protocol.file.Handler (java.base@21.0.6)
6243:             1             16  sun.net.www.protocol.jar.Handler (java.base@21.0.6)
6244:             1             16  sun.net.www.protocol.jar.JarFileFactory (java.base@21.0.6)
6245:             1             16  sun.net.www.protocol.jrt.Handler (java.base@21.0.6)
6246:             1             16  sun.nio.ch.DefaultSelectorProvider$$Lambda/0x00007fcc10374020 (java.base@21.0.6)
6247:             1             16  sun.nio.ch.EPollSelectorProvider (java.base@21.0.6)
6248:             1             16  sun.nio.ch.ExtendedSocketOption$1 (java.base@21.0.6)
6249:             1             16  sun.nio.ch.FileChannelImpl$2 (java.base@21.0.6)
6250:             1             16  sun.nio.ch.FileChannelImpl$3 (java.base@21.0.6)
6251:             1             16  sun.nio.ch.FileDispatcherImpl (java.base@21.0.6)
6252:             1             16  sun.nio.ch.Net$1 (java.base@21.0.6)
6253:             1             16  sun.nio.ch.Util$1 (java.base@21.0.6)
6254:             1             16  sun.nio.fs.NativeBuffers$1 (java.base@21.0.6)
6255:             1             16  sun.reflect.generics.tree.BooleanSignature (java.base@21.0.6)
6256:             1             16  sun.reflect.generics.tree.BottomSignature (java.base@21.0.6)
6257:             1             16  sun.reflect.generics.tree.ByteSignature (java.base@21.0.6)
6258:             1             16  sun.reflect.generics.tree.IntSignature (java.base@21.0.6)
6259:             1             16  sun.reflect.generics.tree.LongSignature (java.base@21.0.6)
6260:             1             16  sun.reflect.generics.tree.VoidDescriptor (java.base@21.0.6)
6261:             1             16  sun.security.pkcs11.SunPKCS11$$Lambda/0x00007fcc103b6210 (jdk.crypto.cryptoki@21.0.6)
6262:             1             16  sun.security.provider.AbstractDrbg$$Lambda/0x00007fcc103d5fc8 (java.base@21.0.6)
6263:             1             16  sun.security.provider.DRBG$$Lambda/0x00007fcc103d4b08 (java.base@21.0.6)
6264:             1             16  sun.security.util.AlgorithmDecomposer (java.base@21.0.6)
6265:             1             16  sun.security.util.ByteArrayLexOrder (java.base@21.0.6)
6266:             1             16  sun.security.util.ByteArrayTagOrder (java.base@21.0.6)
6267:             1             16  sun.security.util.ManifestDigester$$Lambda/0x00007fcc10360470 (java.base@21.0.6)
6268:             1             16  sun.security.x509.X500Name$$Lambda/0x00007fcc1036c918 (java.base@21.0.6)
6269:             1             16  sun.util.cldr.CLDRBaseLocaleDataMetaInfo (java.base@21.0.6)
6270:             1             16  sun.util.cldr.CLDRLocaleProviderAdapter$$Lambda/0x80000005f (java.base@21.0.6)
6271:             1             16  sun.util.cldr.CLDRLocaleProviderAdapter$$Lambda/0x800000061 (java.base@21.0.6)
6272:             1             16  sun.util.locale.InternalLocaleBuilder$CaseInsensitiveChar (java.base@21.0.6)
6273:             1             16  sun.util.locale.provider.CalendarDataUtility$CalendarWeekParameterGetter (java.base@21.0.6)
6274:             1             16  sun.util.locale.provider.LocaleProviderAdapter$$Lambda/0x800000068 (java.base@21.0.6)
6275:             1             16  sun.util.locale.provider.LocaleProviderAdapter$$Lambda/0x800000069 (java.base@21.0.6)
6276:             1             16  sun.util.locale.provider.TimeZoneNameUtility$TimeZoneNameGetter (java.base@21.0.6)
6277:             1             16  sun.util.logging.internal.LoggingProviderImpl (java.logging@21.0.6)
6278:             1             16  sun.util.resources.LocaleData$LocaleDataStrategy (java.base@21.0.6)
6279:             1             16  sun.util.resources.cldr.provider.CLDRLocaleDataMetaInfo (jdk.localedata@21.0.6)
Total       6042644      725054760
