9:
 num     #instances         #bytes  class name (module)
-------------------------------------------------------
   1:       3686051      722395424  [B (java.base@21.0.6)
   2:       1344086      705785568  [F (java.base@21.0.6)
   3:        567486      146577072  [Ljava.lang.Object; (java.base@21.0.6)
   4:       1015063      121807560  com.aerospike.vector.index.hnsw.GraphVertex
   5:       1344075       96773400  com.github.benmanes.caffeine.cache.PSWMS
   6:       1344081       64515888  com.aerospike.vector.client.proto.Vector
   7:       1344080       64515840  com.aerospike.vector.client.proto.FloatData
   8:       1394067       55762680  java.util.concurrent.ConcurrentHashMap$Node (java.base@21.0.6)
   9:       1344080       43010560  com.google.protobuf.FloatArrayList
  10:       1228235       39303520  java.lang.String (java.base@21.0.6)
  11:         75567       37068744  [J (java.base@21.0.6)
  12:        377864       33252032  java.util.LinkedHashMap (java.base@21.0.6)
  13:       1015063       32482016  com.aerospike.vector.common.HashableByteArray
  14:           514       26284240  [Ljava.util.concurrent.ConcurrentHashMap$Node; (java.base@21.0.6)
  15:         23489       24428024  [Lio.netty.handler.codec.http2.HpackHeaderField;
  16:        349231       19556936  java.util.LinkedHashMap$Entry (java.base@21.0.6)
  17:        128141       16067968  [I (java.base@21.0.6)
  18:        329015       15792720  com.aerospike.client.Key
  19:        366318       15240336  [Ljava.util.HashMap$Node; (java.base@21.0.6)
  20:        329011       13160440  com.aerospike.vector.storage.StorageRecord
  21:        329011       10528352  com.aerospike.vector.storage.AerospikeStorageRecordId
  22:        329344        7904256  java.util.LinkedHashMap$LinkedEntrySet (java.base@21.0.6)
  23:        329011        7896264  com.aerospike.client.Value$LongValue
  24:         23471        6196344  io.grpc.netty.NettyClientHandler
  25:         74133        5930576  [S (java.base@21.0.6)
  26:        175168        5605376  java.util.ArrayList (java.base@21.0.6)
  27:         10857        5385072  io.grpc.internal.ManagedChannelImpl
  28:         23510        5266240  io.netty.channel.epoll.EpollSocketChannel
  29:         47064        5083096  [Lio.netty.util.internal.PriorityQueueNode;
  30:         23471        5069736  io.grpc.netty.NettyClientTransport
  31:         46984        4134592  io.netty.channel.DefaultChannelHandlerContext
  32:         69195        3874920  java.util.IdentityHashMap (java.base@21.0.6)
  33:         44865        3589200  java.lang.StackTraceElement (java.base@21.0.6)
  34:         47128        3393216  io.netty.util.collection.IntObjectHashMap
  35:         23488        3388800  [Lio.netty.handler.codec.http2.HpackEncoder$NameEntry;
  36:         23488        3388800  [Lio.netty.handler.codec.http2.HpackEncoder$NameValueEntry;
  37:         46976        3382272  io.netty.handler.codec.http2.DefaultHttp2Connection$DefaultEndpoint
  38:         94826        3034432  java.util.ArrayDeque (java.base@21.0.6)
  39:         15230        2959320  java.lang.Class (java.base@21.0.6)
  40:         46000        2944000  java.util.HashMap (java.base@21.0.6)
  41:         89744        2871808  java.util.concurrent.atomic.LongAdder (java.base@21.0.6)
  42:        117440        2818560  io.netty.handler.codec.http2.DefaultHttp2Connection$DefaultPropertyKey
  43:         66953        2678120  java.util.HashMap$Node (java.base@21.0.6)
  44:         23488        2630656  io.grpc.internal.TransportTracer
  45:         65528        2621120  java.net.InetAddress$InetAddressHolder (java.base@21.0.6)
  46:         11071        2568472  io.grpc.internal.InternalSubchannel
  47:         23658        2460432  io.netty.handler.codec.http2.WeightedFairQueueByteDistributor$State
  48:         23530        2258880  io.netty.channel.DefaultChannelPipeline$HeadContext
  49:         56297        2251880  io.grpc.InternalLogId
  50:         68008        2176256  java.util.Collections$UnmodifiableRandomAccessList (java.base@21.0.6)
  51:         89278        2142672  io.grpc.internal.ReflectionLongAdderCounter
  52:         23530        2070640  io.netty.channel.ChannelOutboundBuffer
  53:         23530        2070640  io.netty.channel.DefaultChannelPipeline$TailContext
  54:         23488        2066944  io.netty.handler.codec.http2.DefaultHttp2ConnectionDecoder
  55:         23488        2066944  io.netty.handler.codec.http2.HpackEncoder
  56:         49215        1968600  io.netty.util.AsciiString
  57:         23557        1884560  java.util.TreeMap (java.base@21.0.6)
  58:         23530        1882400  io.netty.channel.DefaultChannelPipeline
  59:         23510        1880800  io.netty.channel.epoll.EpollSocketChannel$EpollSocketChannelUnsafe
  60:         23510        1880800  io.netty.channel.epoll.EpollSocketChannelConfig
  61:         23488        1879040  io.netty.handler.codec.http2.DefaultHttp2Connection
  62:         23471        1877680  io.grpc.internal.CallCredentialsApplyingTransportFactory$CallCredentialsApplyingTransport
  63:         23488        1691136  io.grpc.netty.AbstractNettyHandler$FlowControlPinger
  64:         23488        1691136  io.netty.handler.codec.http2.Http2Settings
  65:         23454        1688688  io.grpc.StatusException
  66:         10936        1574784  java.net.URI (java.base@21.0.6)
  67:         47233        1511456  io.netty.util.internal.DefaultPriorityQueue
  68:         23530        1505920  io.netty.channel.AbstractChannel$CloseFuture
  69:         47060        1505920  io.netty.channel.VoidChannelPromise
  70:         23488        1503232  io.netty.handler.codec.http2.DefaultHttp2Connection$ConnectionStream
  71:         23488        1503232  io.netty.handler.codec.http2.DefaultHttp2LocalFlowController$AutoRefillState
  72:         23488        1503232  io.netty.handler.codec.http2.DefaultHttp2RemoteFlowController
  73:         23488        1503232  io.netty.handler.codec.http2.WeightedFairQueueByteDistributor
  74:         45870        1467840  java.util.Collections$SetFromMap (java.base@21.0.6)
  75:         11784        1414080  java.lang.reflect.Constructor (java.base@21.0.6)
  76:         43687        1397984  java.net.InetSocketAddress$InetSocketAddressHolder (java.base@21.0.6)
  77:         43650        1396800  java.net.Inet4Address (java.base@21.0.6)
  78:         43510        1392320  io.grpc.EquivalentAddressGroup
  79:         24556        1375136  io.netty.handler.codec.http2.HpackEncoder$NameValueEntry
  80:         23488        1315328  io.netty.handler.codec.http2.DefaultHttp2ConnectionEncoder
  81:         23488        1315328  io.netty.handler.codec.http2.DefaultHttp2FrameReader
  82:         23488        1315328  io.netty.handler.codec.http2.DefaultHttp2LocalFlowController
  83:         23488        1315328  io.netty.handler.codec.http2.DefaultHttp2RemoteFlowController$FlowState
  84:         23488        1315328  io.netty.handler.codec.http2.HpackDecoder
  85:         23471        1314376  io.netty.handler.codec.http2.StreamBufferingEncoder
  86:         23454        1313424  java.nio.channels.UnresolvedAddressException (java.base@21.0.6)
  87:         40926        1309632  java.util.concurrent.ConcurrentLinkedQueue$Node (java.base@21.0.6)
  88:         10857        1302840  io.grpc.netty.NettyChannelBuilder$NettyTransportFactory
  89:         23890        1270960  [C (java.base@21.0.6)
  90:         21930        1228080  io.grpc.internal.CallTracer
  91:         76498        1223968  java.lang.Object (java.base@21.0.6)
  92:         47356        1136544  java.lang.Long (java.base@21.0.6)
  93:         47128        1131072  io.netty.util.collection.IntObjectHashMap$1
  94:         47128        1131072  io.netty.util.collection.IntObjectHashMap$EntrySet
  95:         47128        1131072  io.netty.util.collection.IntObjectHashMap$KeySet
  96:         23488        1127424  io.grpc.netty.WriteQueue
  97:         23488        1127424  io.netty.handler.codec.http2.DefaultHttp2Connection$ActiveStreams
  98:         23488        1127424  io.netty.handler.codec.http2.HpackDynamicTable
  99:         23488        1127424  io.netty.handler.codec.http2.HpackHuffmanEncoder
 100:         23454        1125792  io.grpc.netty.ProtocolNegotiators$WaitUntilActiveHandler
 101:         46314        1111536  java.util.LinkedHashSet (java.base@21.0.6)
 102:         34417        1101344  java.util.concurrent.ConcurrentLinkedQueue (java.base@21.0.6)
 103:         45657        1095768  java.util.IdentityHashMap$KeySet (java.base@21.0.6)
 104:         27219        1088760  io.grpc.Status
 105:         21928        1052544  io.grpc.internal.ChannelTracer
 106:         43687        1048488  java.net.InetSocketAddress (java.base@21.0.6)
 107:         10857        1042272  io.grpc.internal.DelayedClientTransport
 108:         10857         955416  io.grpc.NameResolver$Args
 109:         23530         941200  io.netty.channel.DefaultChannelId
 110:         23511         940440  io.netty.channel.AdaptiveRecvByteBufAllocator
 111:         23488         939520  io.grpc.netty.Utils$FlowControlReader
 112:         23488         939520  io.netty.handler.codec.http2.DefaultHttp2HeadersEncoder
 113:         23488         939520  io.netty.handler.codec.http2.HpackHuffmanEncoder$EncodeProcessor
 114:         23471         938840  io.grpc.netty.ClientTransportLifecycleManager
 115:         23471         938840  io.grpc.netty.GrpcHttp2HeadersUtils$GrpcHttp2ClientHeadersDecoder
 116:         23454         938160  io.grpc.netty.WriteBufferingAndExceptionHandler
 117:         11071         885680  io.grpc.internal.ManagedChannelImpl$SubchannelImpl
 118:         21947         877880  com.google.common.base.Stopwatch
 119:         21878         875120  java.net.Inet6Address (java.base@21.0.6)
 120:         21878         875120  java.net.Inet6Address$Inet6AddressHolder (java.base@21.0.6)
 121:         10858         868640  com.google.common.collect.SingletonImmutableBiMap
 122:         21714         868560  io.grpc.internal.CallCredentialsApplyingTransportFactory
 123:         33329         799896  java.util.HashSet (java.base@21.0.6)
 124:         10922         786384  java.net.NetworkInterface (java.base@21.0.6)
 125:         23564         754048  io.netty.channel.SucceededChannelFuture
 126:         23534         753088  io.netty.util.internal.logging.LocationAwareSlf4JLogger
 127:         23488         751616  io.netty.handler.codec.http2.DefaultHttp2Connection$DefaultStream$PropertyMap
 128:         23488         751616  io.netty.handler.codec.http2.DefaultHttp2Connection$PropertyKeyRegistry
 129:         23488         751616  io.netty.handler.codec.http2.DefaultHttp2RemoteFlowController$WritabilityMonitor
 130:         23488         751616  io.netty.handler.codec.http2.HpackHuffmanDecoder
 131:         23488         751616  io.netty.handler.codec.http2.HpackHuffmanEncoder$EncodedLengthProcessor
 132:         23488         751616  io.netty.handler.codec.http2.Http2FrameLogger
 133:         23488         751616  io.netty.handler.codec.http2.Http2InboundFrameLogger
 134:         23488         751616  io.netty.handler.codec.http2.Http2OutboundFrameLogger
 135:         23471         751072  io.grpc.internal.AtomicBackoff$State
 136:         23471         751072  io.grpc.internal.InternalSubchannel$CallTracingTransport
 137:         23471         751072  io.grpc.internal.InternalSubchannel$TransportListener
 138:         23471         751072  io.grpc.netty.NettyChannelBuilder$NettyTransportFactory$1
 139:         23471         751072  io.grpc.netty.NettyClientHandler$1
 140:         23471         751072  io.grpc.netty.NettyClientHandler$2
 141:         21928         701696  io.grpc.internal.ChannelLoggerImpl
 142:         21843         698976  java.net.InterfaceAddress (java.base@21.0.6)
 143:         21714         694848  io.grpc.internal.ManagedChannelImpl$ExecutorHolder
 144:         10857         694848  io.grpc.internal.Rescheduler
 145:         41553         664848  java.util.concurrent.atomic.AtomicBoolean (java.base@21.0.6)
 146:         37488         599808  java.lang.Integer (java.base@21.0.6)
 147:          6223         597408  io.netty.buffer.PoolSubpage
 148:         24467         587208  java.util.concurrent.atomic.AtomicLong (java.base@21.0.6)
 149:          3961         570384  java.lang.reflect.Method (java.base@21.0.6)
 150:         23530         564720  io.netty.channel.VoidChannelPromise$1
 151:         23530         564720  io.netty.channel.epoll.AbstractEpollChannel$AbstractEpollUnsafe$1
 152:         23530         564720  io.netty.channel.epoll.LinuxSocket
 153:         23510         564240  io.netty.channel.epoll.AbstractEpollStreamChannel$1
 154:         23489         563736  io.grpc.Attributes
 155:         23488         563712  io.grpc.netty.WriteQueue$1
 156:         23488         563712  io.netty.handler.codec.http2.DefaultHttp2FrameWriter
 157:         23488         563712  io.netty.handler.codec.http2.DefaultHttp2LocalFlowController$1
 158:         23488         563712  io.netty.handler.codec.http2.DefaultHttp2RemoteFlowController$1
 159:         23488         563712  io.netty.handler.codec.http2.WeightedFairQueueByteDistributor$1
 160:         23488         563712  io.netty.util.collection.CharObjectHashMap$1
 161:         23488         563712  io.netty.util.collection.CharObjectHashMap$EntrySet
 162:         23488         563712  io.netty.util.collection.CharObjectHashMap$KeySet
 163:         23471         563304  io.grpc.internal.CallCredentialsApplyingTransportFactory$CallCredentialsApplyingTransport$1
 164:         23471         563304  io.grpc.internal.InternalSubchannel$TransportLogger
 165:         23471         563304  io.grpc.netty.NettyClientHandler$FrameListener
 166:         23471         563304  io.grpc.netty.NettyClientHandler$PingCountingFrameWriter
 167:         23471         563304  io.netty.handler.codec.http2.StreamBufferingEncoder$1
 168:         23454         562896  io.grpc.netty.ProtocolNegotiators$GrpcNegotiationHandler
 169:         23454         562896  io.netty.handler.codec.http2.DefaultHttp2ConnectionDecoder$PrefaceFrameListener
 170:         11596         556608  java.lang.ref.WeakReference (java.base@21.0.6)
 171:         11072         531456  io.grpc.internal.AutoConfiguredLoadBalancerFactory$AutoConfiguredLoadBalancer
 172:         21915         525960  java.util.HashMap$KeySet (java.base@21.0.6)
 173:         21862         524688  java.util.concurrent.atomic.AtomicReference (java.base@21.0.6)
 174:         21722         521328  io.grpc.internal.FixedObjectPool
 175:         10857         521136  io.grpc.internal.ManagedChannelImpl$RealChannel
 176:         10857         521136  io.grpc.internal.ManagedChannelImpl$UncommittedRetriableStreamsRegistry
 177:         10856         521088  io.grpc.NameResolverRegistry
 178:         11072         442880  io.grpc.internal.PickFirstLoadBalancer
 179:         11071         442840  io.grpc.LoadBalancer$CreateSubchannelArgs
 180:          3948         442176  io.netty.buffer.PooledUnsafeDirectByteBuf
 181:         10975         439000  java.util.concurrent.CountDownLatch$Sync (java.base@21.0.6)
 182:         10857         434280  io.grpc.SynchronizationContext
 183:          3750         418520  [Ljava.lang.StackTraceElement; (java.base@21.0.6)
 184:          3546         397152  java.security.Provider$Service (java.base@21.0.6)
 185:         24257         388112  java.util.concurrent.atomic.AtomicInteger (java.base@21.0.6)
 186:          6880         385280  io.netty.util.internal.shaded.org.jctools.queues.unpadded.MpscUnpaddedArrayQueue
 187:         11072         354304  io.grpc.internal.ManagedChannelImpl$LbHelperImpl
 188:         11071         354272  io.grpc.ConnectivityStateInfo
 189:         11071         354272  io.grpc.internal.InternalSubchannel$1
 190:         11071         354272  io.grpc.internal.InternalSubchannel$Index
 191:         11071         354272  io.grpc.internal.ManagedChannelImpl$SubchannelImpl$1ManagedInternalSubchannelCallback
 192:         11071         354272  io.grpc.internal.PickFirstLoadBalancer$1
 193:         10924         349544  [Ljava.net.InetAddress; (java.base@21.0.6)
 194:         10922         349496  [Ljava.net.InterfaceAddress; (java.base@21.0.6)
 195:         10857         347424  io.grpc.internal.AtomicBackoff
 196:         10857         347424  io.grpc.internal.AutoConfiguredLoadBalancerFactory
 197:         10857         347424  io.grpc.internal.ConnectivityStateManager
 198:         10857         347424  io.grpc.internal.DelayedClientTransport$1
 199:         10857         347424  io.grpc.internal.DelayedClientTransport$2
 200:         10857         347424  io.grpc.internal.DelayedClientTransport$PickerState
 201:         10857         347424  io.grpc.internal.ManagedChannelImpl$1ChannelCallTracerFactory
 202:         10857         347424  io.grpc.internal.ManagedChannelImpl$ChannelStreamProvider
 203:         10857         347424  io.grpc.internal.ManagedChannelImpl$IdleModeStateAggregator
 204:         10857         347424  io.grpc.internal.MetricRecorderImpl
 205:         10857         347424  io.grpc.internal.ScParser
 206:           550         325600  io.netty.util.internal.shaded.org.jctools.queues.MpscChunkedArrayQueue
 207:          7951         318040  java.security.Provider$ServiceKey (java.base@21.0.6)
 208:          7010         280400  java.util.concurrent.locks.ReentrantLock$NonfairSync (java.base@21.0.6)
 209:          6932         277280  io.grpc.internal.PickFirstLoadBalancer$RequestConnectionPicker
 210:          4312         275968  java.lang.invoke.MemberName (java.base@21.0.6)
 211:         11416         273984  java.util.LinkedHashMap$LinkedKeySet (java.base@21.0.6)
 212:          8545         273440  io.netty.util.Recycler$DefaultHandle
 213:          6708         268320  io.netty.buffer.PoolThreadCache$SubPageMemoryRegionCache
 214:         11130         267120  java.util.HashMap$EntrySet (java.base@21.0.6)
 215:          6643         265720  java.util.Hashtable$Entry (java.base@21.0.6)
 216:         10975         263400  java.util.concurrent.CountDownLatch (java.base@21.0.6)
 217:         10862         260688  io.grpc.internal.SharedResourcePool
 218:         10861         260664  io.netty.channel.ReflectiveChannelFactory
 219:         10860         260640  io.netty.channel.WriteBufferWaterMark
 220:         10857         260568  io.grpc.internal.ManagedChannelImpl$3
 221:         10857         260568  io.grpc.internal.ManagedChannelImpl$DelayedTransportListener
 222:         10857         260568  io.grpc.internal.ManagedChannelImpl$IdleModeTimer
 223:         10857         260568  io.grpc.internal.ManagedChannelImpl$RealChannel$1
 224:         10857         260568  io.grpc.internal.ManagedChannelImpl$RestrictedScheduledExecutor
 225:         10857         260568  io.grpc.internal.RetriableStream$ChannelBufferMeter
 226:         10856         260544  io.grpc.NameResolverRegistry$NameResolverFactory
 227:         10855         260520  com.aerospike.vector.interconnect.InterconnectChannelProvider$MultiAddressNameResolverFactory
 228:         10855         260520  io.grpc.internal.NameResolverFactoryToProviderFacade
 229:          3729         208824  io.netty.channel.AbstractChannel$AnnotatedConnectException
 230:          3729         208824  java.net.ConnectException (java.base@21.0.6)
 231:           182         198496  [Lio.netty.buffer.PoolSubpage;
 232:          2974         190336  java.lang.invoke.MethodType (java.base@21.0.6)
 233:          3296         184576  java.lang.ref.SoftReference (java.base@21.0.6)
 234:          1716         183192  [Ljava.lang.String; (java.base@21.0.6)
 235:          5632         180224  com.aerospike.client.async.HashedWheelTimer$HashedWheelBucket
 236:          3749         179952  io.grpc.LoadBalancer$PickResult
 237:         11073         177232  [[Ljava.lang.Object; (java.base@21.0.6)
 238:         10922         174752  [Ljava.net.NetworkInterface; (java.base@21.0.6)
 239:         10877         174032  io.grpc.internal.ExponentialBackoffPolicy$Provider
 240:         10859         173744  io.grpc.netty.ProtocolNegotiators$PlaintextProtocolNegotiator
 241:         10857         173712  io.grpc.netty.NettyChannelBuilder$LocalSocketPicker
 242:          6594         158256  java.util.concurrent.locks.ReentrantLock (java.base@21.0.6)
 243:          3185         152880  io.netty.buffer.PoolThreadCache$MemoryRegionCache$Entry
 244:          2314         148096  io.grpc.internal.ExponentialBackoffPolicy
 245:          2278         145792  java.util.WeakHashMap$Entry (java.base@21.0.6)
 246:           891         144560  [Ljava.util.WeakHashMap$Entry; (java.base@21.0.6)
 247:          2975         142800  jdk.internal.util.WeakReferenceKey (java.base@21.0.6)
 248:          3770         140208  [Ljava.lang.Class; (java.base@21.0.6)
 249:           236         137824  io.netty.util.internal.shaded.org.jctools.queues.MpscUnboundedArrayQueue
 250:          2092         133888  sun.util.locale.LocaleObjectCache$CacheEntry (java.base@21.0.6)
 251:          2079         133056  kotlin.reflect.jvm.internal.impl.protobuf.SmallSortedMap$1
 252:          3089         123560  java.util.concurrent.locks.AbstractQueuedSynchronizer$SharedNode (java.base@21.0.6)
 253:            10         117360  [Ljava.util.Hashtable$Entry; (java.base@21.0.6)
 254:           818         107976  [Ljava.lang.ref.SoftReference; (java.base@21.0.6)
 255:          3047          97504  java.lang.invoke.ResolvedMethodName (java.base@21.0.6)
 256:          1088          95744  io.netty.channel.ChannelOutboundBuffer$Entry
 257:          1952          93696  java.lang.invoke.LambdaForm$Name (java.base@21.0.6)
 258:           526          92576  java.lang.Thread (java.base@21.0.6)
 259:          3748          89952  io.grpc.internal.PickFirstLoadBalancer$Picker
 260:           578          83232  kotlin.reflect.jvm.internal.impl.metadata.ProtoBuf$Function
 261:          1118          80496  java.lang.invoke.DirectMethodHandle$Constructor (java.base@21.0.6)
 262:          1341          75096  java.lang.ThreadLocal$ThreadLocalMap$Entry (java.base@21.0.6)
 263:          2316          74112  java.util.Random (java.base@21.0.6)
 264:           715          68640  java.util.concurrent.ConcurrentHashMap (java.base@21.0.6)
 265:          1180          66080  java.lang.invoke.DirectMethodHandle (java.base@21.0.6)
 266:           573          64176  kotlin.reflect.jvm.internal.impl.metadata.ProtoBuf$Type
 267:           344          60544  [Lio.netty.buffer.PoolThreadCache$MemoryRegionCache;
 268:          1424          56960  com.google.inject.Key
 269:           497          55664  java.lang.reflect.Field (java.base@21.0.6)
 270:           385          55568  [Ljava.lang.ThreadLocal$ThreadLocalMap$Entry; (java.base@21.0.6)
 271:          1725          55200  java.security.Provider$UString (java.base@21.0.6)
 272:           201          54424  [Ljava.lang.ClassValue$Entry; (java.base@21.0.6)
 273:           837          53568  java.lang.invoke.BoundMethodHandle$Species_LL (java.base@21.0.6)
 274:          1113          53424  kotlin.reflect.jvm.internal.impl.name.FqNameUnsafe
 275:           143          52928  [Ljava.lang.invoke.MethodHandle; (java.base@21.0.6)
 276:          1313          52520  sun.reflect.annotation.AnnotationInvocationHandler (java.base@21.0.6)
 277:          1063          51024  sun.util.locale.BaseLocale (java.base@21.0.6)
 278:          1586          50752  sun.reflect.generics.tree.SimpleClassTypeSignature (java.base@21.0.6)
 279:          1050          50400  java.lang.ref.ReferenceQueue (java.base@21.0.6)
 280:          2079          49896  kotlin.reflect.jvm.internal.impl.protobuf.FieldSet
 281:           688          49536  java.util.WeakHashMap (java.base@21.0.6)
 282:           768          49152  io.netty.buffer.PoolChunkList
 283:          1024          49152  io.netty.handler.codec.CodecOutputList
 284:           563          48600  [Ljava.lang.invoke.LambdaForm$Name; (java.base@21.0.6)
 285:           428          47936  java.net.URL (java.base@21.0.6)
 286:          1196          47840  java.util.concurrent.locks.AbstractQueuedSynchronizer$ConditionObject (java.base@21.0.6)
 287:          1186          47440  com.google.inject.spi.Dependency
 288:           388          46560  com.google.common.cache.LocalCache$Segment
 289:          1439          46048  com.google.inject.TypeLiteral
 290:            22          45408  [Lcom.aerospike.client.async.HashedWheelTimer$HashedWheelBucket;
 291:           515          45320  io.netty.util.concurrent.ScheduledFutureTask
 292:          1078          43120  java.util.concurrent.ConcurrentSkipListMap$Node (java.base@21.0.6)
 293:          1338          42816  kotlin.reflect.jvm.internal.ReflectProperties$LazySoftVal
 294:           657          42048  java.lang.reflect.Parameter (java.base@21.0.6)
 295:          1044          41760  sun.util.locale.BaseLocale$Key (java.base@21.0.6)
 296:           400          41600  kotlin.reflect.jvm.internal.impl.metadata.ProtoBuf$Annotation$Argument$Value
 297:           232          40832  io.netty.util.internal.InternalThreadLocalMap
 298:           558          40176  java.lang.invoke.LambdaForm (java.base@21.0.6)
 299:           488          39040  kotlin.reflect.jvm.internal.impl.metadata.ProtoBuf$ValueParameter
 300:          1600          38400  io.netty.buffer.IntPriorityQueue
 301:          1584          38016  sun.reflect.generics.tree.ClassTypeSignature (java.base@21.0.6)
 302:           134          37520  java.util.concurrent.atomic.Striped64$Cell (java.base@21.0.6)
 303:          1134          36288  kotlin.reflect.jvm.internal.impl.name.FqName
 304:           338          36272  [Ljava.security.ProtectionDomain; (java.base@21.0.6)
 305:           503          36216  java.util.concurrent.ThreadPoolExecutor$Worker (java.base@21.0.6)
 306:          1095          35040  org.bouncycastle.asn1.ASN1ObjectIdentifier
 307:           420          33600  jdk.internal.ref.CleanerImpl$PhantomCleanableRef (java.base@21.0.6)
 308:           838          33520  java.lang.invoke.LambdaForm$NamedFunction (java.base@21.0.6)
 309:             8          32992  [Ljava.nio.ByteBuffer; (java.base@21.0.6)
 310:          1028          32896  com.codahale.metrics.WeightedSnapshot$WeightedSample
 311:            59          31152  [Ljava.util.concurrent.ForkJoinTask; (java.base@21.0.6)
 312:           947          30304  io.netty.handler.codec.http2.HpackHeaderField
 313:           631          30288  java.lang.Package (java.base@21.0.6)
 314:           126          30240  kotlin.reflect.jvm.internal.impl.metadata.ProtoBuf$Class
 315:           629          30192  java.lang.Thread$FieldHolder (java.base@21.0.6)
 316:           198          30096  java.util.jar.JarFile$JarFileEntry (java.base@21.0.6)
 317:           178          29904  org.jvnet.hk2.internal.SystemDescriptor
 318:           118          29264  io.netty.channel.epoll.EpollEventLoop
 319:           261          29232  com.google.protobuf.Descriptors$FieldDescriptor
 320:          1586          29152  [Lsun.reflect.generics.tree.TypeArgument; (java.base@21.0.6)
 321:           715          28600  java.util.LinkedList (java.base@21.0.6)
 322:           321          28248  java.nio.DirectByteBuffer (java.base@21.0.6)
 323:           503          28168  java.lang.invoke.BoundMethodHandle$Species_L (java.base@21.0.6)
 324:           703          28120  kotlin.SafePublicationLazyImpl
 325:           881          27432  [Ljava.lang.reflect.Type; (java.base@21.0.6)
 326:           262          27248  com.google.protobuf.DescriptorProtos$FieldDescriptorProto
 327:           174          26448  sun.nio.fs.UnixFileAttributes (java.base@21.0.6)
 328:           825          26400  com.github.benmanes.caffeine.cache.TimerWheel$Sentinel
 329:           550          26400  io.netty.util.Recycler$LocalPool
 330:           550          26400  kotlin.reflect.jvm.internal.impl.metadata.ProtoBuf$Annotation
 331:           651          26040  com.google.inject.internal.SingleParameterInjector
 332:           122          25848  [Z (java.base@21.0.6)
 333:           538          25824  java.util.concurrent.locks.AbstractQueuedSynchronizer$ConditionNode (java.base@21.0.6)
 334:           398          25472  com.fasterxml.jackson.databind.introspect.AnnotatedMethod
 335:           624          24960  java.util.LinkedList$Node (java.base@21.0.6)
 336:          1033          24792  java.lang.Double (java.base@21.0.6)
 337:           599          23960  kotlin.SynchronizedLazyImpl
 338:           494          23712  java.lang.invoke.MethodTypeForm (java.base@21.0.6)
 339:           358          22912  java.security.AccessControlContext (java.base@21.0.6)
 340:           545          21800  java.util.concurrent.ConcurrentSkipListMap$Index (java.base@21.0.6)
 341:            94          21056  org.glassfish.hk2.internal.ConstantActiveDescriptor
 342:           174          20880  java.util.zip.ZipFile$Source (java.base@21.0.6)
 343:           517          20680  com.google.common.cache.LocalCache$StrongEntry
 344:           287          20664  java.util.concurrent.locks.ReentrantReadWriteLock$NonfairSync (java.base@21.0.6)
 345:           424          20352  com.fasterxml.jackson.databind.util.internal.PrivateMaxEntriesMap$Node
 346:           141          20304  com.fasterxml.jackson.databind.deser.CreatorProperty
 347:           230          20240  io.netty.buffer.PoolThreadCache
 348:           315          20160  io.netty.buffer.PooledSlicedByteBuf
 349:           153          19584  org.glassfish.hk2.utilities.DescriptorImpl
 350:           601          19200  [Ljava.security.cert.Certificate; (java.base@21.0.6)
 351:           140          19040  kotlin.reflect.jvm.internal.impl.metadata.ProtoBuf$Property
 352:            59          18880  java.util.concurrent.ForkJoinPool$WorkQueue (java.base@21.0.6)
 353:           471          18840  java.math.BigInteger (java.base@21.0.6)
 354:           292          18688  com.google.inject.internal.ChildBindingAlreadySetError
 355:            97          18624  com.google.common.cache.LocalCache
 356:           582          18624  java.lang.Class$AnnotationData (java.base@21.0.6)
 357:           568          18176  io.netty.util.internal.LongAdderCounter
 358:           250          18000  jdk.internal.ref.Cleaner (java.base@21.0.6)
 359:           248          17856  java.util.logging.LogManager$LoggerWeakRef (java.logging@21.0.6)
 360:           130          17680  com.fasterxml.jackson.databind.deser.impl.FieldProperty
 361:           245          17640  java.lang.Package$VersionInfo (java.base@21.0.6)
 362:           200          17600  java.lang.ClassValue$ClassValueMap (java.base@21.0.6)
 363:           550          17600  kotlin.reflect.jvm.internal.impl.renderer.DescriptorRendererOptionsImpl$property$$inlined$vetoable$1
 364:           439          17560  kotlin.reflect.jvm.internal.impl.protobuf.SmallSortedMap$Entry
 365:           730          17520  com.fasterxml.jackson.databind.introspect.AnnotationMap
 366:           656          15744  java.util.LinkedHashMap$LinkedValues (java.base@21.0.6)
 367:           174          15312  java.util.jar.JarFile (java.base@21.0.6)
 368:           638          15312  kotlin.reflect.jvm.internal.impl.name.Name
 369:           376          15040  java.lang.module.ModuleDescriptor$Exports (java.base@21.0.6)
 370:           208          14976  ch.qos.logback.classic.Logger
 371:           264          14784  sun.security.util.KnownOIDs (java.base@21.0.6)
 372:           184          14720  com.google.inject.internal.ProviderInstanceBindingImpl
 373:           204          14688  java.util.zip.Inflater (java.base@21.0.6)
 374:           303          14544  java.util.concurrent.FutureTask (java.base@21.0.6)
 375:           359          14360  sun.reflect.generics.reflectiveObjects.ParameterizedTypeImpl (java.base@21.0.6)
 376:           178          14240  java.io.FileCleanable (java.base@21.0.6)
 377:           584          14016  com.google.common.cache.LocalCache$StrongValueReference
 378:           219          14016  java.lang.ref.Finalizer (java.base@21.0.6)
 379:            54          13664  [Lio.netty.buffer.IntPriorityQueue;
 380:           280          13440  com.fasterxml.jackson.databind.introspect.AnnotatedParameter
 381:           105          13440  java.util.regex.Pattern (java.base@21.0.6)
 382:           208          13312  sun.security.pkcs11.SunPKCS11$Descriptor (jdk.crypto.cryptoki@21.0.6)
 383:           531          12744  java.util.concurrent.atomic.AtomicReferenceArray (java.base@21.0.6)
 384:           398          12736  kotlin.reflect.jvm.internal.impl.name.ClassId
 385:           393          12576  io.grpc.SynchronizationContext$ScheduledHandle
 386:           174          12528  jdk.internal.loader.URLClassPath$JarLoader (java.base@21.0.6)
 387:           104          12480  com.google.protobuf.DescriptorProtos$DescriptorProto
 388:           221          12376  kotlin.reflect.jvm.internal.impl.metadata.ProtoBuf$QualifiedNameTable$QualifiedName
 389:           103          12360  com.google.protobuf.Descriptors$Descriptor
 390:           385          12320  java.lang.ThreadLocal$ThreadLocalMap (java.base@21.0.6)
 391:           384          12288  com.fasterxml.jackson.databind.introspect.MemberKey
 392:           384          12288  java.util.concurrent.CopyOnWriteArrayList (java.base@21.0.6)
 393:           219          12264  java.util.TreeMap$Entry (java.base@21.0.6)
 394:           255          12240  com.google.common.collect.LinkedHashMultiset
 395:           507          12168  com.google.common.collect.SingletonImmutableList
 396:           251          12048  kotlin.reflect.jvm.internal.impl.metadata.ProtoBuf$Annotation$Argument
 397:           210          11760  java.lang.ClassValue$Entry (java.base@21.0.6)
 398:           288          11520  java.util.concurrent.locks.ReentrantReadWriteLock (java.base@21.0.6)
 399:            64          11264  io.netty.buffer.PoolArena$HeapArena
 400:           117          11232  java.util.logging.Logger (java.logging@21.0.6)
 401:           193          10808  java.io.FileDescriptor (java.base@21.0.6)
 402:            64          10752  io.netty.buffer.PoolArena$DirectArena
 403:           221          10608  sun.security.util.ObjectIdentifier (java.base@21.0.6)
 404:           331          10592  com.google.inject.internal.WeakKeySet$KeyAndSource
 405:           186          10416  org.glassfish.hk2.utilities.cache.LRUHybridCache$OriginThreadAwareFuture
 406:           426          10224  io.grpc.internal.LogExceptionRunnable
 407:           426          10224  org.glassfish.jersey.internal.routing.CombinedMediaType$EffectiveMediaType
 408:           424          10176  com.fasterxml.jackson.databind.util.internal.PrivateMaxEntriesMap$WeightedValue
 409:           420          10080  org.glassfish.hk2.utilities.reflection.internal.MethodWrapperImpl
 410:           209          10032  java.util.logging.LogManager$LogNode (java.logging@21.0.6)
 411:           311           9952  sun.reflect.generics.factory.CoreReflectionFactory (java.base@21.0.6)
 412:            54           9936  io.netty.util.concurrent.FastThreadLocalThread
 413:           138           9936  java.lang.invoke.BoundMethodHandle$Species_LLL (java.base@21.0.6)
 414:           155           9920  java.security.CodeSource (java.base@21.0.6)
 415:           307           9824  javax.management.ImmutableDescriptor (java.management@21.0.6)
 416:           177           9800  [Lsun.reflect.generics.tree.TypeSignature; (java.base@21.0.6)
 417:           174           9744  java.io.RandomAccessFile (java.base@21.0.6)
 418:           199           9552  java.util.zip.ZipFile$CleanableResource (java.base@21.0.6)
 419:           118           9440  com.google.inject.internal.ConstructorBindingImpl
 420:           393           9432  io.grpc.SynchronizationContext$ManagedRunnable
 421:           392           9408  io.grpc.internal.ManagedChannelImpl$SubchannelImpl$1ShutdownSubchannel
 422:           292           9344  com.google.inject.spi.Message
 423:            64           9216  [Lio.netty.handler.codec.CodecOutputList;
 424:           228           9120  com.google.inject.spi.InjectionPoint
 425:           126           9072  java.lang.invoke.DirectMethodHandle$Accessor (java.base@21.0.6)
 426:           224           8960  com.fasterxml.jackson.databind.PropertyName
 427:           139           8896  com.google.inject.internal.SingletonScope$1
 428:           250           8776  [Lcom.google.protobuf.Descriptors$FieldDescriptor;
 429:           213           8520  org.glassfish.jersey.server.internal.routing.WildcardMethodSelectingRouter$ConsumesProducesAcceptor
 430:           354           8496  io.netty.channel.unix.FileDescriptor
 431:           177           8496  sun.reflect.generics.tree.MethodTypeSignature (java.base@21.0.6)
 432:           208           8320  com.sun.jmx.mbeanserver.ConvertingMethod (java.management@21.0.6)
 433:           173           8304  java.lang.module.ModuleDescriptor$Requires (java.base@21.0.6)
 434:           256           8192  java.util.ImmutableCollections$List12 (java.base@21.0.6)
 435:           170           8160  com.google.inject.spi.ElementSource
 436:           169           8112  com.fasterxml.jackson.databind.introspect.AnnotatedField
 437:           168           8064  com.codahale.metrics.EWMA
 438:            63           8064  kotlin.reflect.jvm.internal.KProperty1Impl
 439:           200           8000  io.undertow.util.HttpString
 440:           250           8000  java.nio.DirectByteBuffer$Deallocator (java.base@21.0.6)
 441:            71           7952  java.lang.module.ModuleDescriptor (java.base@21.0.6)
 442:           329           7896  com.google.common.collect.RegularImmutableList
 443:           123           7872  com.google.inject.internal.MembersInjectorImpl
 444:           328           7872  java.lang.Character$UnicodeBlock (java.base@21.0.6)
 445:           325           7800  kotlin.reflect.jvm.internal.impl.protobuf.LiteralByteString
 446:           139           7784  kotlin.reflect.jvm.internal.impl.metadata.ProtoBuf$Type$Argument
 447:           320           7680  com.google.inject.Key$AnnotationInstanceStrategy
 448:           238           7616  java.util.ImmutableCollections$Set12 (java.base@21.0.6)
 449:           118           7552  com.aerospike.connect.metrics.AerospikeGauge
 450:            39           7488  java.util.concurrent.ForkJoinWorkerThread (java.base@21.0.6)
 451:           186           7440  org.glassfish.hk2.utilities.cache.LRUHybridCache$HybridCacheEntryImpl
 452:           184           7360  java.io.File (java.base@21.0.6)
 453:            92           7360  net.engio.mbassy.listener.MessageHandler
 454:            54           7344  io.netty.buffer.PoolChunk
 455:           228           7296  com.google.inject.internal.ProvisionListenerCallbackStore$KeyBinding
 456:           130           7280  java.security.ProtectionDomain (java.base@21.0.6)
 457:           123           7176  [Lcom.google.inject.internal.SingleParameterInjector;
 458:           223           7136  java.util.regex.Pattern$BmpCharProperty (java.base@21.0.6)
 459:           178           7120  jdk.internal.reflect.DirectMethodHandleAccessor (java.base@21.0.6)
 460:            25           7000  [Lcom.github.benmanes.caffeine.cache.Node;
 461:           125           7000  sun.reflect.generics.repository.ClassRepository (java.base@21.0.6)
 462:           145           6960  com.google.inject.internal.CycleDetectingLock$CycleDetectingLockFactory$ReentrantCycleDetectingLock
 463:           288           6912  java.util.concurrent.locks.ReentrantReadWriteLock$ReadLock (java.base@21.0.6)
 464:           288           6912  java.util.concurrent.locks.ReentrantReadWriteLock$WriteLock (java.base@21.0.6)
 465:           172           6880  com.google.inject.internal.MoreTypes$ParameterizedTypeImpl
 466:           172           6880  io.netty.buffer.PoolThreadCache$NormalMemoryRegionCache
 467:            50           6800  kotlin.reflect.jvm.internal.KMutableProperty1Impl
 468:            96           6792  [Ljava.lang.reflect.Parameter; (java.base@21.0.6)
 469:            69           6624  jdk.internal.module.ModuleReferenceImpl (java.base@21.0.6)
 470:           118           6608  java.util.logging.Logger$ConfigurationData (java.logging@21.0.6)
 471:           204           6528  java.util.zip.Inflater$InflaterZStreamRef (java.base@21.0.6)
 472:            74           6512  java.util.concurrent.ConcurrentSkipListMap (java.base@21.0.6)
 473:            89           6408  java.lang.invoke.MethodHandleImpl$AsVarargsCollector (java.base@21.0.6)
 474:           100           6400  kotlin.reflect.jvm.internal.impl.metadata.ProtoBuf$Constructor
 475:           266           6384  java.util.Collections$UnmodifiableSet (java.base@21.0.6)
 476:            72           6336  java.lang.Module (java.base@21.0.6)
 477:            11           6160  com.github.benmanes.caffeine.cache.MpscGrowableArrayQueue
 478:           109           6104  sun.reflect.generics.repository.ConstructorRepository (java.base@21.0.6)
 479:           190           6080  jdk.internal.module.ServicesCatalog$ServiceProvider (java.base@21.0.6)
 480:            75           6000  com.fasterxml.jackson.databind.type.SimpleType
 481:           125           6000  kotlin.reflect.jvm.internal.impl.metadata.ProtoBuf$TypeTable
 482:           187           5984  java.lang.RuntimePermission (java.base@21.0.6)
 483:           249           5976  jdk.proxy2.$Proxy3 (jdk.proxy2)
 484:           124           5952  io.netty.util.concurrent.DefaultPromise
 485:            57           5928  javax.management.openmbean.OpenMBeanAttributeInfoSupport (java.management@21.0.6)
 486:             1           5896  [Lio.undertow.util.StatusCodes$Entry;
 487:           105           5880  com.aerospike.vector.index.InternalIndexId
 488:           122           5856  com.google.inject.internal.ConstructorInjector
 489:           122           5856  org.xnio.SingleOption
 490:            17           5848  io.grpc.netty.NettyServerHandler
 491:           242           5808  jdk.internal.reflect.DirectConstructorHandleAccessor (java.base@21.0.6)
 492:            66           5720  [Ljavax.management.MBeanAttributeInfo; (java.management@21.0.6)
 493:           119           5712  java.util.Collections$UnmodifiableMap (java.base@21.0.6)
 494:           174           5568  java.util.zip.ZipFile$Source$Key (java.base@21.0.6)
 495:           138           5520  java.util.concurrent.locks.AbstractQueuedSynchronizer$ExclusiveNode (java.base@21.0.6)
 496:           302           5472  [Lsun.reflect.generics.tree.FormalTypeParameter; (java.base@21.0.6)
 497:            85           5440  java.io.ObjectStreamField (java.base@21.0.6)
 498:            56           5376  io.netty.channel.AdaptiveRecvByteBufAllocator$HandleImpl
 499:            96           5376  java.lang.invoke.VarHandle$AccessDescriptor (java.base@21.0.6)
 500:           331           5296  com.google.common.collect.Count
 501:            93           5208  com.sun.management.internal.DiagnosticCommandArgumentInfo (jdk.management@21.0.6)
 502:           276           5200  [Lsun.reflect.generics.tree.FieldTypeSignature; (java.base@21.0.6)
 503:            65           5200  javax.management.MBeanInfo (java.management@21.0.6)
 504:            59           5192  java.lang.invoke.BoundMethodHandle$Species_LLLLL (java.base@21.0.6)
 505:             9           5184  com.aerospike.vector.index.metrics.PerIndexMetrics
 506:            92           5152  net.engio.mbassy.subscription.Subscription
 507:            64           5120  io.netty.buffer.UnpooledUnsafeDirectByteBuf
 508:            71           5112  com.codahale.metrics.ExponentiallyDecayingReservoir
 509:           125           5000  sun.reflect.generics.tree.ClassSignature (java.base@21.0.6)
 510:           103           4944  com.google.protobuf.GeneratedMessageV3$FieldAccessorTable
 511:            68           4896  io.grpc.MethodDescriptor
 512:           122           4880  com.google.inject.internal.ConstructorBindingImpl$Factory
 513:           122           4880  com.google.inject.internal.DefaultConstructionProxyFactory$FastClassProxy
 514:           101           4848  javax.management.MBeanAttributeInfo (java.management@21.0.6)
 515:           201           4824  java.util.WeakHashMap$KeySet (java.base@21.0.6)
 516:            26           4784  kotlin.reflect.jvm.internal.KClassImpl$Data
 517:            18           4752  [Ljava.lang.invoke.MemberName; (java.base@21.0.6)
 518:            59           4720  mu.internal.LocationAwareKLogger
 519:           117           4680  net.engio.mbassy.common.WeakConcurrentSet$WeakEntry
 520:           219           4672  [Lcom.sun.jmx.mbeanserver.MXBeanMapping; (java.management@21.0.6)
 521:           146           4672  jdk.internal.loader.AbstractClassLoaderValue$Sub (java.base@21.0.6)
 522:            97           4656  [Lcom.google.common.cache.LocalCache$Segment;
 523:           288           4608  java.util.concurrent.locks.ReentrantReadWriteLock$Sync$ThreadLocalHoldCounter (java.base@21.0.6)
 524:            71           4576  [Lcom.fasterxml.jackson.databind.deser.SettableBeanProperty;
 525:            11           4576  kotlin.reflect.jvm.internal.impl.renderer.DescriptorRendererOptionsImpl
 526:            94           4512  com.aerospike.vector.client.proto.IndexId
 527:           112           4480  kotlin.reflect.jvm.internal.impl.storage.LockBasedStorageManager$LockBasedNotNullLazyValue
 528:            43           4472  org.jvnet.hk2.internal.ClazzCreator
 529:           139           4448  com.google.inject.internal.ConstructionContext
 530:           139           4448  com.google.inject.internal.InternalFactoryToProviderAdapter
 531:           139           4448  com.google.inject.internal.ProviderToInternalFactoryAdapter
 532:            92           4416  net.engio.mbassy.common.WeakConcurrentSet
 533:            25           4400  com.fasterxml.jackson.databind.deser.BeanDeserializer
 534:            61           4392  java.lang.invoke.LambdaFormEditor$Transform (java.base@21.0.6)
 535:            39           4368  java.util.concurrent.ThreadPoolExecutor (java.base@21.0.6)
 536:           136           4352  io.grpc.protobuf.lite.ProtoLiteUtils$MessageMarshaller
 537:            68           4352  sun.reflect.generics.repository.MethodRepository (java.base@21.0.6)
 538:           157           4336  [Lcom.fasterxml.jackson.databind.JavaType;
 539:           135           4320  sun.reflect.generics.scope.ClassScope (java.base@21.0.6)
 540:            67           4288  com.google.common.cache.LocalCache$WeakEntry
 541:            66           4224  java.lang.invoke.DirectMethodHandle$Special (java.base@21.0.6)
 542:            75           4200  com.aerospike.vector.client.proto.HnswCachingParams
 543:           174           4176  sun.nio.fs.UnixFileAttributes$UnixAsBasicFileAttributes (java.base@21.0.6)
 544:             1           4112  [Lio.netty.handler.codec.http2.HpackStaticTable$HeaderNameIndex;
 545:           256           4096  java.lang.Byte (java.base@21.0.6)
 546:           256           4096  java.lang.Short (java.base@21.0.6)
 547:           102           4080  io.netty.handler.codec.http2.HpackEncoder$NameEntry
 548:             6           4080  io.netty.util.internal.shaded.org.jctools.queues.MpscArrayQueue
 549:           127           4064  java.security.Permissions (java.base@21.0.6)
 550:            56           4032  kotlinx.coroutines.internal.DispatchedContinuation
 551:            33           3960  com.fasterxml.jackson.databind.introspect.AnnotatedClass
 552:           123           3936  sun.security.util.LazyCodeSourcePermissionCollection (java.base@21.0.6)
 553:           122           3904  com.google.inject.internal.aop.AbstractGlueGenerator$$Lambda/0x000079d52c117000
 554:            61           3904  java.lang.invoke.DirectMethodHandle$Interface (java.base@21.0.6)
 555:            54           3888  com.aerospike.connect.metrics.AerospikeCounter
 556:            23           3864  com.fasterxml.jackson.module.kotlin.KotlinValueInstantiator
 557:           161           3864  jdk.proxy2.$Proxy10 (jdk.proxy2)
 558:            34           3808  com.aerospike.vector.client.proto.IndexDefinition
 559:           118           3776  io.netty.channel.epoll.EpollEventArray
 560:           118           3776  io.netty.util.internal.ThreadExecutorMap$1
 561:           156           3744  kotlin.reflect.jvm.internal.impl.protobuf.SmallSortedMap$EntrySet
 562:           103           3736  [Lcom.google.protobuf.GeneratedMessageV3$FieldAccessorTable$FieldAccessor;
 563:           116           3712  java.security.BasicPermissionCollection (java.base@21.0.6)
 564:            58           3712  org.jvnet.hk2.internal.ServiceLocatorImpl$IgdCacheKey
 565:           154           3696  java.util.Collections$SingletonSet (java.base@21.0.6)
 566:           154           3696  java.util.ImmutableCollections$SetN (java.base@21.0.6)
 567:            77           3696  sun.reflect.generics.reflectiveObjects.TypeVariableImpl (java.base@21.0.6)
 568:            20           3680  io.netty.channel.epoll.EpollServerSocketChannel
 569:            92           3680  net.engio.mbassy.dispatch.FilteredMessageDispatcher
 570:            92           3680  net.engio.mbassy.subscription.SubscriptionContext
 571:            50           3600  java.util.concurrent.LinkedBlockingQueue (java.base@21.0.6)
 572:            32           3584  kotlin.reflect.jvm.internal.KFunctionImpl
 573:            34           3536  java.lang.Class$ReflectionData (java.base@21.0.6)
 574:            55           3520  com.google.protobuf.Descriptors$OneofDescriptor
 575:            44           3520  com.google.protobuf.GeneratedMessageV3$FieldAccessorTable$SingularFieldAccessor$ReflectionInvoker
 576:            44           3520  kotlin.reflect.jvm.internal.impl.metadata.ProtoBuf$TypeParameter
 577:           109           3488  sun.reflect.generics.scope.ConstructorScope (java.base@21.0.6)
 578:           145           3480  kotlin.reflect.jvm.internal.KCallableImpl$$Lambda$0
 579:           145           3480  kotlin.reflect.jvm.internal.KCallableImpl$$Lambda$1
 580:           145           3480  kotlin.reflect.jvm.internal.KCallableImpl$$Lambda$2
 581:           145           3480  kotlin.reflect.jvm.internal.KCallableImpl$$Lambda$3
 582:           145           3480  kotlin.reflect.jvm.internal.KCallableImpl$$Lambda$4
 583:            36           3456  com.fasterxml.jackson.databind.type.MapType
 584:            91           3432  [Ljava.lang.reflect.Method; (java.base@21.0.6)
 585:            53           3392  sun.security.util.NamedCurve (java.base@21.0.6)
 586:            47           3384  com.sun.management.internal.DiagnosticCommandInfo (jdk.management@21.0.6)
 587:           101           3360  [Ljavax.management.ObjectName$Property; (java.management@21.0.6)
 588:            84           3360  kotlin.reflect.jvm.internal.impl.types.error.ErrorTypeKind
 589:            38           3344  com.google.inject.internal.InternalProviderInstanceBindingImpl
 590:            23           3312  com.fasterxml.jackson.databind.util.internal.PrivateMaxEntriesMap
 591:           138           3312  jdk.proxy2.$Proxy11 (jdk.proxy2)
 592:           103           3296  [[C (java.base@21.0.6)
 593:            51           3264  com.aerospike.vector.client.proto.HnswHealerParams
 594:            68           3264  java.lang.invoke.LambdaForm$Kind (java.base@21.0.6)
 595:            37           3256  com.fasterxml.jackson.databind.type.CollectionType
 596:            14           3248  org.glassfish.hk2.internal.ActiveDescriptorBuilderImpl$BuiltActiveDescriptor
 597:            58           3248  org.glassfish.hk2.utilities.general.internal.DoubleNode
 598:            58           3248  org.jvnet.hk2.internal.CacheKey
 599:            45           3240  com.google.protobuf.DescriptorProtos$MethodDescriptorProto
 600:           134           3216  kotlin.reflect.jvm.internal.KCallableImpl$$Lambda$5
 601:            67           3216  sun.reflect.annotation.AnnotationType (java.base@21.0.6)
 602:            56           3136  com.codahale.metrics.ExponentialMovingAverages
 603:            56           3136  com.google.protobuf.DescriptorProtos$OneofDescriptorProto
 604:            98           3136  java.util.concurrent.ConcurrentHashMap$KeySetView (java.base@21.0.6)
 605:            39           3120  com.google.inject.internal.InstanceBindingImpl
 606:           130           3120  java.util.Arrays$ArrayList (java.base@21.0.6)
 607:            78           3120  org.glassfish.hk2.utilities.cache.Cache$OriginThreadAwareFuture
 608:            43           3096  org.jvnet.hk2.internal.ServiceHandleImpl
 609:            77           3080  com.fasterxml.jackson.databind.type.TypeBindings
 610:            64           3072  io.netty.channel.AbstractChannelHandlerContext$WriteTask
 611:            64           3072  io.netty.channel.unix.IovArray
 612:           128           3072  jdk.proxy2.$Proxy32 (jdk.proxy2)
 613:             1           3040  [Ljava.lang.Character$UnicodeBlock; (java.base@21.0.6)
 614:            25           3000  sun.net.www.protocol.jar.URLJarFile (java.base@21.0.6)
 615:            62           2976  com.google.inject.internal.Errors
 616:           124           2976  java.security.SecureClassLoader$CodeSourceKey (java.base@21.0.6)
 617:            62           2976  jdk.internal.loader.BuiltinClassLoader$LoadedModule (java.base@21.0.6)
 618:           123           2952  org.jvnet.hk2.internal.IndexedListData
 619:            46           2944  com.aerospike.flow.CancellableFlow$tickerFlow$1
 620:            23           2944  com.google.inject.internal.InjectorBindingData
 621:            92           2944  java.util.UUID (java.base@21.0.6)
 622:            92           2944  net.engio.mbassy.dispatch.MessageDispatcher
 623:           125           2928  [Lsun.reflect.generics.tree.ClassTypeSignature; (java.base@21.0.6)
 624:           122           2928  com.google.inject.internal.aop.ImmutableStringTrie
 625:             2           2912  [[B (java.base@21.0.6)
 626:            45           2880  com.google.protobuf.DescriptorProtos$MethodOptions
 627:            40           2880  java.lang.invoke.BoundMethodHandle$Species_LLJ (java.base@21.0.6)
 628:            60           2880  kotlin.reflect.jvm.internal.impl.load.java.typeEnhancement.PredefinedFunctionEnhancementInfo
 629:            90           2880  org.glassfish.hk2.utilities.reflection.ParameterizedTypeImpl
 630:            17           2856  io.grpc.netty.NettyServerTransport
 631:            89           2848  java.util.regex.Pattern$GroupHead (java.base@21.0.6)
 632:            89           2848  java.util.regex.Pattern$GroupTail (java.base@21.0.6)
 633:           118           2832  io.netty.channel.epoll.EpollEventLoop$1
 634:            44           2816  com.google.protobuf.Descriptors$MethodDescriptor
 635:            88           2816  io.netty.util.internal.ThreadExecutorMap$2
 636:            88           2816  java.util.Collections$UnmodifiableList (java.base@21.0.6)
 637:            27           2808  org.glassfish.jersey.server.model.ResourceMethodInvoker
 638:            10           2800  java.util.concurrent.ConcurrentHashMap$CounterCell (java.base@21.0.6)
 639:            87           2784  java.lang.invoke.Invokers (java.base@21.0.6)
 640:            12           2784  org.jvnet.hk2.internal.ConstantActiveDescriptor
 641:            58           2784  org.jvnet.hk2.internal.ServiceLocatorImpl$IgdValue
 642:            69           2760  com.google.inject.internal.InternalFactoryToInitializableAdapter
 643:            86           2752  com.codahale.metrics.Histogram
 644:            86           2752  org.glassfish.hk2.utilities.reflection.internal.ClassReflectionHelperImpl$LifecycleKey
 645:           114           2736  com.google.inject.name.NamedImpl
 646:            57           2736  io.netty.handler.codec.http.HttpResponseStatus
 647:           113           2712  kotlin.reflect.jvm.internal.KProperty1Impl$$Lambda$0
 648:           113           2712  kotlin.reflect.jvm.internal.KProperty1Impl$$Lambda$1
 649:           113           2712  kotlin.reflect.jvm.internal.KPropertyImpl$$Lambda$0
 650:           113           2712  kotlin.reflect.jvm.internal.KPropertyImpl$$Lambda$1
 651:            13           2704  kotlin.reflect.jvm.internal.impl.serialization.deserialization.descriptors.DeserializedSimpleFunctionDescriptor
 652:            56           2688  com.codahale.metrics.Meter
 653:            24           2688  org.glassfish.jersey.internal.guava.LocalCache$Segment
 654:            24           2688  sun.security.ec.SunEC$ProviderServiceA (jdk.crypto.ec@21.0.6)
 655:            47           2632  com.sun.management.internal.DiagnosticCommandImpl$Wrapper (jdk.management@21.0.6)
 656:            47           2632  jdk.internal.vm.SharedThreadContainer (java.base@21.0.6)
 657:            41           2624  javax.management.MBeanOperationInfo (java.management@21.0.6)
 658:           109           2616  javax.management.ObjectName$Property (java.management@21.0.6)
 659:           108           2592  com.aerospike.connect.metrics.TickerPriority
 660:            27           2592  com.aerospike.vector.client.proto.HnswParams
 661:            54           2592  com.aerospike.vector.heartbeat.Heartbeat$SocketEndpoint
 662:            54           2592  io.netty.buffer.LongLongHashMap
 663:            46           2576  com.aerospike.vector.index.IndexLogEntry
 664:            23           2576  com.google.inject.internal.ProviderMethod$FastClassProviderMethod
 665:            80           2560  sun.reflect.generics.tree.FormalTypeParameter (java.base@21.0.6)
 666:            53           2544  java.security.spec.EllipticCurve (java.base@21.0.6)
 667:            16           2536  [Ljava.lang.Byte; (java.base@21.0.6)
 668:            45           2520  com.fasterxml.jackson.databind.introspect.AnnotatedConstructor
 669:            78           2496  java.util.regex.Pattern$Slice (java.base@21.0.6)
 670:            28           2464  com.aerospike.connect.metrics.AerospikeTimer
 671:            34           2448  com.aerospike.vector.index.IndexUpdateOperation
 672:            51           2448  javax.management.ObjectName (java.management@21.0.6)
 673:            61           2440  java.util.regex.Pattern$Branch (java.base@21.0.6)
 674:            76           2432  [Lio.netty.util.concurrent.GenericFutureListener;
 675:            76           2432  com.fasterxml.jackson.databind.type.TypeBindings$AsKey
 676:            38           2432  com.sun.jmx.mbeanserver.MXBeanSupport (java.management@21.0.6)
 677:            76           2432  io.netty.util.concurrent.DefaultFutureListeners
 678:            61           2400  [Ljava.util.regex.Pattern$Node; (java.base@21.0.6)
 679:            30           2400  com.aerospike.connect.metrics.AerospikeHistogram
 680:            49           2352  com.aerospike.vector.index.RequestPerformanceMetrics
 681:            97           2328  java.util.Collections$UnmodifiableCollection (java.base@21.0.6)
 682:            58           2320  org.jvnet.hk2.internal.NarrowResults
 683:            58           2320  org.jvnet.hk2.internal.ServiceLocatorImpl$UnqualifiedIndexedFilter
 684:            36           2304  java.lang.invoke.VarHandleReferences$FieldInstanceReadWrite (java.base@21.0.6)
 685:            96           2304  java.lang.reflect.Executable$ParameterData (java.base@21.0.6)
 686:            94           2256  com.google.inject.internal.Initializables$1
 687:            94           2256  jdk.proxy2.$Proxy22 (jdk.proxy2)
 688:            56           2240  io.netty.channel.epoll.EpollRecvByteAllocatorStreamingHandle
 689:            40           2240  jdk.incubator.vector.VectorOperators$ConversionImpl (jdk.incubator.vector@21.0.6)
 690:            28           2240  org.jvnet.hk2.internal.SystemInjecteeImpl
 691:            93           2232  java.util.regex.Pattern$$Lambda/0x80000002a (java.base@21.0.6)
 692:             1           2208  [Lsun.security.util.KnownOIDs; (java.base@21.0.6)
 693:            23           2208  com.google.inject.internal.InjectorImpl
 694:            69           2208  jdk.internal.module.SystemModuleFinders$2 (java.base@21.0.6)
 695:            92           2208  jdk.proxy2.$Proxy37 (jdk.proxy2)
 696:            92           2208  net.engio.mbassy.dispatch.ReflectiveHandlerInvocation
 697:            25           2200  com.aerospike.vector.index.IndexMetrics
 698:            68           2176  io.grpc.ServerMethodDefinition
 699:            68           2176  sun.reflect.generics.scope.MethodScope (java.base@21.0.6)
 700:            30           2160  java.time.temporal.ChronoField (java.base@21.0.6)
 701:            45           2160  java.util.regex.Pattern$BnM (java.base@21.0.6)
 702:            90           2160  kotlin.reflect.jvm.internal.impl.load.java.typeEnhancement.TypeEnhancementInfo
 703:            54           2160  kotlin.reflect.jvm.internal.impl.storage.LockBasedStorageManager$MapBasedMemoizedFunction
 704:            30           2160  org.glassfish.hk2.utilities.InjecteeImpl
 705:            27           2160  org.glassfish.jersey.server.model.Invocable
 706:            27           2160  org.glassfish.jersey.server.model.ResourceMethod$Data
 707:            67           2144  [Ljava.util.concurrent.atomic.Striped64$Cell; (java.base@21.0.6)
 708:             5           2120  com.github.benmanes.caffeine.cache.SSSMSA
 709:            88           2112  io.netty.util.concurrent.SingleThreadEventExecutor$4
 710:           103           2088  [Lcom.google.protobuf.GeneratedMessageV3$FieldAccessorTable$OneofAccessor;
 711:            29           2088  org.glassfish.jersey.uri.PathTemplate
 712:           130           2080  [Ljava.security.Principal; (java.base@21.0.6)
 713:           130           2080  java.security.ProtectionDomain$Key (java.base@21.0.6)
 714:             1           2064  [Ljava.lang.Integer; (java.base@21.0.6)
 715:             1           2064  [Ljava.lang.Long; (java.base@21.0.6)
 716:             1           2064  [Ljava.lang.Short; (java.base@21.0.6)
 717:            86           2064  io.netty.buffer.PoolThreadCache$FreeOnFinalize
 718:            43           2064  jakarta.ws.rs.core.Response$Status
 719:            43           2064  java.util.PropertyPermission (java.base@21.0.6)
 720:            16           2048  com.fasterxml.jackson.databind.deser.std.MapDeserializer
 721:            64           2048  io.netty.handler.codec.CodecOutputList$CodecOutputLists
 722:           128           2048  java.lang.Character (java.base@21.0.6)
 723:            63           2016  java.lang.module.ModuleDescriptor$Provides (java.base@21.0.6)
 724:            63           2016  java.lang.module.ResolvedModule (java.base@21.0.6)
 725:            84           2016  java.util.Collections$SingletonList (java.base@21.0.6)
 726:            42           2016  javax.management.MBeanParameterInfo (java.management@21.0.6)
 727:            63           2016  kotlin.coroutines.CombinedContext
 728:            18           2016  sun.security.ec.SunEC$ProviderService (jdk.crypto.ec@21.0.6)
 729:            25           2000  com.aerospike.vector.client.proto.HnswIndexUpdate
 730:             5           1960  java.util.concurrent.ForkJoinPool (java.base@21.0.6)
 731:           101           1952  [Ljava.lang.annotation.Annotation; (java.base@21.0.6)
 732:            61           1952  jdk.internal.module.ModuleReferenceImpl$CachedHash (java.base@21.0.6)
 733:            61           1952  kotlin.reflect.jvm.internal.KClassImpl
 734:            81           1944  sun.reflect.generics.tree.TypeVariableSignature (java.base@21.0.6)
 735:            40           1920  com.aerospike.vector.client.proto.HnswIndexMergeParams
 736:            60           1920  com.google.inject.internal.ErrorId
 737:            51           1912  [Ljavax.management.MBeanOperationInfo; (java.management@21.0.6)
 738:            75           1904  [Ljava.lang.reflect.TypeVariable; (java.base@21.0.6)
 739:            39           1872  com.sun.jmx.mbeanserver.WeakIdentityHashMap$IdentityWeakReference (java.management@21.0.6)
 740:            78           1872  java.util.regex.Pattern$BitClass (java.base@21.0.6)
 741:            58           1856  org.jvnet.hk2.internal.ImmediateResults
 742:            46           1840  com.google.inject.internal.InjectorImpl$1
 743:            57           1824  org.glassfish.hk2.utilities.ContextualInput
 744:            25           1800  com.fasterxml.jackson.databind.deser.impl.BeanPropertyMap
 745:            45           1800  net.engio.mbassy.listener.MessageListener
 746:            28           1792  kotlinx.coroutines.CancellableContinuationImpl
 747:            48           1776  [Ljava.lang.annotation.ElementType; (java.base@21.0.6)
 748:            74           1776  com.google.common.cache.LocalCache$LocalLoadingCache
 749:            33           1768  [Lcom.fasterxml.jackson.databind.introspect.AnnotationMap;
 750:            44           1760  com.google.inject.spi.ModuleSource
 751:            20           1760  io.grpc.internal.ManagedChannelOrphanWrapper$ManagedChannelReference
 752:            20           1760  io.netty.channel.epoll.EpollServerSocketChannelConfig
 753:            54           1728  java.security.spec.ECPoint (java.base@21.0.6)
 754:            54           1728  java.util.regex.Pattern$BmpCharPropertyGreedy (java.base@21.0.6)
 755:            36           1728  kotlin.reflect.jvm.internal.calls.CallerImpl$Constructor
 756:            24           1728  org.glassfish.jersey.server.model.Parameter
 757:            34           1712  [Ljava.time.format.DateTimeFormatterBuilder$DateTimePrinterParser; (java.base@21.0.6)
 758:            40           1704  [Ljava.math.BigInteger; (java.base@21.0.6)
 759:             6           1680  com.github.benmanes.caffeine.cache.BoundedBuffer$RingBuffer
 760:            70           1680  com.google.common.collect.AbstractMultiset$ElementSet
 761:            70           1680  com.google.common.collect.AbstractMultiset$EntrySet
 762:            42           1680  java.time.format.DateTimeFormatterBuilder$NumberPrinterParser (java.base@21.0.6)
 763:            19           1672  java.lang.invoke.BoundMethodHandle$SpeciesData (java.base@21.0.6)
 764:            19           1672  kotlin.reflect.jvm.internal.impl.serialization.deserialization.DeserializationContext
 765:            52           1664  io.netty.handler.codec.http2.HpackStaticTable$HeaderNameIndex
 766:            16           1664  javax.management.openmbean.OpenMBeanParameterInfoSupport (java.management@21.0.6)
 767:            26           1664  kotlin.reflect.jvm.internal.impl.protobuf.GeneratedMessageLite$GeneratedExtension
 768:            23           1656  com.google.common.collect.ArrayListMultimap
 769:            23           1656  kotlinx.coroutines.flow.internal.SafeCollector
 770:            17           1632  io.grpc.internal.KeepAliveManager
 771:            68           1632  io.grpc.stub.ServerCalls$UnaryServerCallHandler
 772:            34           1632  java.util.concurrent.atomic.AtomicReferenceFieldUpdater$AtomicReferenceFieldUpdaterImpl (java.base@21.0.6)
 773:           102           1632  java.util.regex.Pattern$$Lambda/0x800000029 (java.base@21.0.6)
 774:            50           1600  io.netty.channel.ChannelOption
 775:            20           1600  io.netty.channel.epoll.AbstractEpollServerChannel$EpollServerSocketUnsafe
 776:            50           1600  java.util.concurrent.LinkedBlockingQueue$Node (java.base@21.0.6)
 777:            40           1600  java.util.concurrent.atomic.AtomicIntegerFieldUpdater$AtomicIntegerFieldUpdaterImpl (java.base@21.0.6)
 778:            20           1600  javax.management.openmbean.ArrayType (java.management@21.0.6)
 779:            22           1584  com.aerospike.client.async.NettyEventLoop
 780:            22           1584  java.time.format.DateTimeFormatter (java.base@21.0.6)
 781:            33           1584  java.time.temporal.ValueRange (java.base@21.0.6)
 782:            28           1568  kotlinx.coroutines.ChildContinuation
 783:            15           1560  com.google.inject.internal.ProviderMethod$ReflectionProviderMethod
 784:            39           1560  jakarta.ws.rs.core.MediaType
 785:            39           1560  java.util.concurrent.Executors$DefaultThreadFactory (java.base@21.0.6)
 786:            65           1560  jdk.internal.module.SystemModuleFinders$3 (java.base@21.0.6)
 787:            39           1560  org.glassfish.jersey.internal.util.collection.Cache$OriginThreadAwareFuture
 788:            32           1536  java.math.BigDecimal (java.base@21.0.6)
 789:            64           1536  java.util.ImmutableCollections$ListN (java.base@21.0.6)
 790:            19           1520  com.google.inject.assistedinject.FactoryProvider2$AssistData
 791:            21           1512  [Ljdk.incubator.vector.VectorOperators$ConversionImpl; (jdk.incubator.vector@21.0.6)
 792:             7           1512  java.text.DecimalFormat (java.base@21.0.6)
 793:            63           1512  jdk.internal.module.SystemModuleFinders$SystemModuleReader (java.base@21.0.6)
 794:            47           1496  [Lcom.sun.management.internal.DiagnosticCommandArgumentInfo; (jdk.management@21.0.6)
 795:            31           1488  java.lang.invoke.VarHandle$AccessMode (java.base@21.0.6)
 796:             5           1480  com.github.benmanes.caffeine.cache.SSW
 797:            92           1472  [Lnet.engio.mbassy.listener.IMessageFilter;
 798:            23           1472  com.aerospike.flow.CancellableFlow$job$1
 799:            23           1472  kotlinx.coroutines.flow.AbstractFlow$collect$1
 800:            61           1464  io.netty.channel.DefaultMaxMessagesRecvByteBufAllocator$MaxMessageHandle$1
 801:            61           1464  io.netty.channel.epoll.EpollRecvByteAllocatorHandle$1
 802:            61           1464  io.netty.channel.unix.PreferredDirectByteBufAllocator
 803:            61           1464  java.util.regex.Pattern$BranchConn (java.base@21.0.6)
 804:            26           1456  [Ljava.util.Map$Entry; (java.base@21.0.6)
 805:            45           1456  [Lnet.engio.mbassy.subscription.Subscription;
 806:            26           1456  com.google.protobuf.DescriptorProtos$EnumValueDescriptorProto
 807:            26           1456  java.util.ResourceBundle$KeyElementReference (java.base@21.0.6)
 808:            26           1456  kotlinx.coroutines.ChildHandleNode
 809:            13           1456  org.jcp.xml.dsig.internal.dom.XMLDSigRI$ProviderService (java.xml.crypto@21.0.6)
 810:            30           1440  org.glassfish.jersey.model.ContractProvider
 811:            18           1440  org.glassfish.jersey.server.model.Resource$Data
 812:            30           1440  org.glassfish.jersey.uri.PathPattern
 813:            45           1440  org.jvnet.hk2.internal.ClazzCreator$ResolutionInfo
 814:            10           1440  sun.nio.ch.ServerSocketChannelImpl (java.base@21.0.6)
 815:            22           1408  com.aerospike.client.async.HashedWheelTimer
 816:            44           1408  com.sun.jmx.mbeanserver.PerInterface$MethodAndSig (java.management@21.0.6)
 817:            44           1408  java.util.regex.Pattern$$Lambda/0x800000032 (java.base@21.0.6)
 818:            44           1408  java.util.regex.Pattern$CharPropertyGreedy (java.base@21.0.6)
 819:            25           1400  ch.qos.logback.core.status.InfoStatus
 820:            25           1400  com.aerospike.vector.client.proto.IndexStorage
 821:            58           1392  org.glassfish.hk2.utilities.cache.internal.WeakCARCacheImpl$CarValue
 822:            43           1376  java.lang.management.ManagementPermission (java.management@21.0.6)
 823:            23           1368  [Ljava.lang.invoke.MethodType; (java.base@21.0.6)
 824:             9           1368  com.google.protobuf.DescriptorProtos$FileOptions
 825:            19           1368  kotlin.reflect.jvm.internal.impl.serialization.deserialization.TypeDeserializer
 826:             5           1360  [Ljava.util.concurrent.ForkJoinPool$WorkQueue; (java.base@21.0.6)
 827:            34           1360  com.fasterxml.jackson.databind.MapperFeature
 828:            28           1352  [Lkotlin.reflect.KProperty;
 829:            13           1352  java.util.ResourceBundle$CacheKey (java.base@21.0.6)
 830:            21           1344  com.aerospike.vector.index.BatchIndexMetadata
 831:            21           1344  com.aerospike.vector.index.InternalIndexDefinition
 832:            56           1344  io.undertow.util.StatusCodes$Entry
 833:            33           1320  sun.security.util.DerInputStream (java.base@21.0.6)
 834:            33           1320  sun.security.util.DerValue (java.base@21.0.6)
 835:            33           1320  sun.security.x509.RDN (java.base@21.0.6)
 836:            54           1296  com.codahale.metrics.Counter
 837:            54           1296  io.netty.util.concurrent.FastThreadLocalRunnable
 838:            54           1296  kotlin.enums.EnumEntriesList
 839:            27           1296  kotlin.reflect.jvm.internal.impl.metadata.ProtoBuf$EnumEntry
 840:            54           1296  org.bouncycastle.asn1.ASN1ObjectIdentifier$OidHandle
 841:            23           1288  com.google.inject.internal.InjectorJitBindingData
 842:            23           1288  java.lang.reflect.AccessFlag (java.base@21.0.6)
 843:            23           1288  java.util.Collections$SynchronizedMap (java.base@21.0.6)
 844:            32           1280  com.sun.jmx.mbeanserver.DefaultMXBeanMappingFactory$IdentityMapping (java.management@21.0.6)
 845:            40           1280  com.sun.jmx.mbeanserver.NamedObject (java.management@21.0.6)
 846:            20           1280  io.netty.bootstrap.ServerBootstrap$ServerBootstrapAcceptor
 847:            16           1280  java.lang.invoke.BoundMethodHandle$Species_LLLL (java.base@21.0.6)
 848:            32           1280  org.glassfish.jersey.internal.util.collection.Values$LazyValueImpl
 849:            52           1248  jdk.proxy1.$Proxy0 (jdk.proxy1)
 850:             6           1248  kotlin.reflect.jvm.internal.impl.serialization.deserialization.descriptors.DeserializedClassDescriptor
 851:            31           1240  kotlin.reflect.jvm.internal.impl.storage.LockBasedStorageManager$LockBasedLazyValue
 852:             9           1224  com.google.protobuf.DescriptorProtos$FileDescriptorProto
 853:             3           1200  [Ljava.lang.invoke.LambdaForm; (java.base@21.0.6)
 854:            25           1200  com.google.common.collect.RegularImmutableSet
 855:            50           1200  kotlin.reflect.jvm.internal.KMutableProperty1Impl$$Lambda$0
 856:            30           1200  kotlin.reflect.jvm.internal.impl.storage.LockBasedStorageManager$MapBasedMemoizedFunctionToNotNull
 857:            30           1200  org.glassfish.jersey.uri.PatternWithGroups
 858:            21           1176  com.aerospike.vector.client.proto.HnswBatchingParams
 859:            49           1176  java.util.Optional (java.base@21.0.6)
 860:            49           1176  java.util.jar.Attributes$Name (java.base@21.0.6)
 861:            21           1176  kotlin.reflect.jvm.internal.impl.load.java.SpecialGenericSignatures$Companion$NameAndSignature
 862:            21           1176  org.glassfish.jersey.server.internal.ServerTraceEvent
 863:            29           1160  com.fasterxml.jackson.databind.DeserializationFeature
 864:            29           1160  com.fasterxml.jackson.databind.introspect.AnnotatedClass$Creators
 865:            29           1160  java.util.Locale (java.base@21.0.6)
 866:            29           1160  java.util.regex.Pattern$Ques (java.base@21.0.6)
 867:            24           1152  com.google.protobuf.MapField
 868:            18           1152  java.util.EnumMap (java.base@21.0.6)
 869:            48           1152  java.util.TreeMap$EntrySet (java.base@21.0.6)
 870:            24           1152  java.util.regex.Pattern$Curly (java.base@21.0.6)
 871:            24           1152  kotlinx.coroutines.EventLoopImplBase$DelayedResumeTask
 872:            18           1152  org.glassfish.jersey.server.model.Resource
 873:            36           1152  org.glassfish.jersey.server.model.ResourceMethod
 874:            36           1152  sun.nio.fs.UnixFileKey (java.base@21.0.6)
 875:            24           1152  sun.security.x509.OIDMap$OIDInfo (java.base@21.0.6)
 876:            13           1144  javax.management.openmbean.CompositeType (java.management@21.0.6)
 877:            13           1144  kotlin.reflect.jvm.internal.impl.serialization.deserialization.descriptors.DeserializedMemberScope$OptimizedImplementation
 878:            28           1120  com.codahale.metrics.Timer
 879:            20           1120  io.grpc.internal.BackoffPolicyRetryScheduler
 880:             2           1120  io.undertow.servlet.api.DeploymentInfo
 881:            35           1120  kotlinx.coroutines.ExecutorCoroutineDispatcherImpl
 882:            35           1120  kotlinx.coroutines.SupervisorJobImpl
 883:            10           1120  org.xnio.nio.NioTcpServer
 884:            27           1112  [Ljava.io.ObjectStreamField; (java.base@21.0.6)
 885:            23           1104  com.aerospike.flow.CancellableFlow
 886:            46           1104  com.google.inject.internal.FailableCache$1
 887:            46           1104  java.util.concurrent.atomic.AtomicLongArray (java.base@21.0.6)
 888:            46           1104  jdk.proxy1.$Proxy7 (jdk.proxy1)
 889:             4           1088  [Lio.netty.buffer.PoolArena;
 890:            17           1088  com.sun.jmx.mbeanserver.PerInterface (java.management@21.0.6)
 891:            17           1088  io.netty.channel.DefaultChannelPromise
 892:            34           1088  io.netty.handler.codec.http2.Http2ConnectionHandler$FrameDecoder
 893:            34           1088  java.util.concurrent.ForkJoinTask$RunnableExecuteAction (java.base@21.0.6)
 894:            27           1080  [Lorg.glassfish.jersey.server.internal.routing.Router;
 895:            27           1080  kotlinx.coroutines.StandaloneCoroutine
 896:             9           1080  org.glassfish.hk2.utilities.binding.AbstractBindingBuilder$ClassBasedBindingBuilder
 897:            27           1080  org.glassfish.jersey.server.model.MethodHandler$ClassBasedMethodHandler
 898:            27           1080  sun.security.provider.PolicyFile$PolicyEntry (java.base@21.0.6)
 899:            38           1072  [Ljavax.management.MBeanParameterInfo; (java.management@21.0.6)
 900:            15           1064  [Lcom.google.protobuf.Descriptors$Descriptor;
 901:            19           1064  [Ljava.lang.invoke.BoundMethodHandle$SpeciesData; (java.base@21.0.6)
 902:            19           1064  kotlin.reflect.jvm.internal.impl.util.Checks
 903:            19           1064  org.glassfish.jersey.server.model.internal.JavaResourceMethodDispatcherProvider$ResponseOutInvoker
 904:            22           1056  com.aerospike.client.cluster.Node$AsyncPool
 905:            33           1056  io.grpc.ServerInterceptors$InterceptCallHandler
 906:            44           1056  java.util.concurrent.ConcurrentSkipListMap$KeySet (java.base@21.0.6)
 907:            33           1056  sun.security.x509.AVA (java.base@21.0.6)
 908:             6           1040  [Lio.netty.util.concurrent.EventExecutor;
 909:             1           1040  [Ljava.lang.Character; (java.base@21.0.6)
 910:            26           1040  com.fasterxml.jackson.databind.SerializationFeature
 911:            26           1040  com.google.protobuf.Descriptors$DescriptorPool$PackageDescriptor
 912:            13           1040  java.util.concurrent.ConcurrentHashMap$TreeNode (java.base@21.0.6)
 913:            26           1040  kotlin.reflect.jvm.internal.impl.protobuf.GeneratedMessageLite$ExtensionDescriptor
 914:            43           1032  com.google.protobuf.ByteString$LiteralByteString
 915:            43           1032  java.util.concurrent.ConcurrentSkipListMap$Values (java.base@21.0.6)
 916:            16           1024  java.lang.invoke.BoundMethodHandle$Species_LJ (java.base@21.0.6)
 917:             8           1024  java.text.DecimalFormatSymbols (java.base@21.0.6)
 918:            32           1024  kotlin.reflect.jvm.internal.KFunctionImpl$$Lambda$0
 919:            63           1008  com.google.inject.assistedinject.FactoryProvider2$ThreadLocalProvider
 920:            21           1008  org.glassfish.jersey.inject.hk2.Hk2Helper$1
 921:             6           1008  org.glassfish.jersey.internal.guava.LocalCache
 922:            25           1000  com.google.protobuf.Descriptors$EnumValueDescriptor
 923:            31            992  java.lang.ProcessEnvironment$Value (java.base@21.0.6)
 924:            31            992  java.lang.ProcessEnvironment$Variable (java.base@21.0.6)
 925:            31            992  java.security.Provider$EngineDescription (java.base@21.0.6)
 926:            41            984  kotlin.reflect.jvm.internal.impl.metadata.deserialization.Flags$BooleanFlagField
 927:            15            960  com.codahale.metrics.SlidingTimeWindowArrayReservoir
 928:            20            960  io.grpc.internal.RetryingNameResolver
 929:            40            960  java.util.HashMap$Values (java.base@21.0.6)
 930:            24            960  org.glassfish.jersey.internal.guava.LocalCache$AccessQueue$1
 931:            20            960  sun.nio.fs.UnixPath (java.base@21.0.6)
 932:            17            952  io.grpc.internal.KeepAliveEnforcer
 933:            17            952  io.grpc.netty.Http2ControlFrameLimitEncoder
 934:            23            920  com.fasterxml.jackson.databind.deser.impl.PropertyBasedCreator
 935:            23            920  com.google.inject.internal.ConstructorInjectorStore$1
 936:            23            920  com.google.inject.internal.MembersInjectorStore
 937:            23            920  com.google.inject.internal.MembersInjectorStore$1
 938:            23            920  com.google.inject.internal.WeakKeySet
 939:            23            920  org.yaml.snakeyaml.tokens.Token$ID
 940:            23            920  picocli.CommandLine$Help$Ansi$Style
 941:            38            912  jdk.proxy2.$Proxy8 (jdk.proxy2)
 942:            38            912  org.bouncycastle.jce.provider.BouncyCastleProvider$JcaCryptoService
 943:            38            912  org.glassfish.jersey.inject.hk2.ContextInjectionResolverImpl$CacheKey
 944:            28            896  [Ljava.security.spec.AlgorithmParameterSpec; (java.base@21.0.6)
 945:            28            896  [Lorg.bouncycastle.asn1.x509.AlgorithmIdentifier;
 946:             8            896  com.sun.security.sasl.Provider$ProviderService (java.security.sasl@21.0.6)
 947:            14            896  javax.management.openmbean.SimpleType (java.management@21.0.6)
 948:            16            896  org.glassfish.jersey.message.internal.MsgTraceEvent
 949:            28            896  org.jboss.logging.Slf4jLocationAwareLogger
 950:            13            888  [Lkotlin.reflect.KParameter;
 951:             8            880  [D (java.base@21.0.6)
 952:            22            880  com.aerospike.client.async.EventState
 953:            22            880  com.google.protobuf.GeneratedMessageV3$FieldAccessorTable$SingularFieldAccessor
 954:            22            880  io.netty.resolver.AddressResolverGroup$1
 955:            22            880  io.netty.resolver.InetSocketAddressResolver
 956:            10            880  sun.invoke.util.Wrapper (java.base@21.0.6)
 957:            10            880  sun.security.x509.X500Name (java.base@21.0.6)
 958:            12            864  com.google.inject.internal.LinkedBindingImpl
 959:             9            864  java.lang.invoke.BoundMethodHandle$Species_LLLLLL (java.base@21.0.6)
 960:            18            864  java.lang.invoke.VarForm (java.base@21.0.6)
 961:            36            864  kotlinx.coroutines.internal.Symbol
 962:            27            864  org.glassfish.jersey.server.internal.routing.MethodRouting
 963:            27            864  org.glassfish.jersey.server.internal.routing.PushMethodHandlerRouter
 964:            26            856  [Lcom.google.protobuf.Descriptors$OneofDescriptor;
 965:             1            840  [[[C (java.base@21.0.6)
 966:             7            840  com.aerospike.client.policy.WritePolicy
 967:             7            840  com.fasterxml.jackson.databind.cfg.BaseSettings
 968:            35            840  java.util.regex.Pattern$Start (java.base@21.0.6)
 969:            35            840  jdk.proxy1.$Proxy13 (jdk.proxy1)
 970:            35            840  kotlin.reflect.jvm.internal.KClassImpl$$Lambda$0
 971:             7            840  kotlin.reflect.jvm.internal.impl.serialization.deserialization.builtins.BuiltInsPackageFragmentImpl
 972:            35            840  kotlinx.coroutines.internal.ContextScope
 973:            13            832  com.fasterxml.jackson.core.JsonToken
 974:            26            832  com.fasterxml.jackson.databind.introspect.AnnotationCollector$OneAnnotation
 975:            26            832  java.security.spec.ECFieldF2m (java.base@21.0.6)
 976:            13            832  java.util.ResourceBundle$BundleReference (java.base@21.0.6)
 977:            26            832  kotlin.reflect.jvm.internal.KClassImpl$Data$$Lambda$2
 978:            26            832  kotlin.reflect.jvm.internal.KClassImpl$Data$$Lambda$6
 979:            26            832  kotlin.reflect.jvm.internal.KClassImpl$Data$$Lambda$7
 980:            26            832  kotlin.reflect.jvm.internal.KClassImpl$Data$$Lambda$8
 981:            26            832  org.glassfish.hk2.utilities.binding.AbstractBinder$2
 982:             1            816  [Lcom.aerospike.client.cluster.Connection;
 983:             3            816  [Lcom.fasterxml.jackson.core.sym.CharsToNameCanonicalizer$Bucket;
 984:            17            816  io.grpc.internal.ServerImpl$ServerTransportListenerImpl
 985:            17            816  io.grpc.netty.NettyServerHandler$1
 986:            34            816  io.netty.handler.codec.http2.DefaultHttp2ConnectionDecoder$FrameReadListener
 987:            34            816  java.time.format.DateTimeFormatterBuilder$CompositePrinterParser (java.base@21.0.6)
 988:            20            800  io.netty.util.internal.RecyclableArrayList
 989:            10            800  io.undertow.Undertow$ListenerConfig
 990:            25            800  jdk.incubator.vector.VectorOperators$UnaryImpl (jdk.incubator.vector@21.0.6)
 991:            10            800  sun.util.calendar.ZoneInfo (java.base@21.0.6)
 992:            33            792  [Lsun.security.x509.AVA; (java.base@21.0.6)
 993:            33            792  com.aerospike.connect.metrics.DefaultSettableGauge
 994:             9            792  com.fasterxml.jackson.databind.deser.std.CollectionDeserializer
 995:            11            792  com.sun.jmx.mbeanserver.DefaultMXBeanMappingFactory$CompositeMapping (java.management@21.0.6)
 996:             7            784  org.glassfish.jersey.internal.inject.SupplierClassBinding
 997:            24            768  com.google.protobuf.MapField$MutabilityAwareMap
 998:            16            768  java.time.temporal.ChronoUnit (java.base@21.0.6)
 999:            32            768  jdk.proxy2.$Proxy23 (jdk.proxy2)
1000:            24            768  kotlin.reflect.jvm.internal.impl.load.java.typeEnhancement.JavaTypeQualifiers
1001:            19            760  com.fasterxml.jackson.core.JsonParser$Feature
1002:             5            760  sun.security.provider.HashDrbg (java.base@21.0.6)
1003:            31            744  com.google.inject.internal.ConstantFactory
1004:             3            744  kotlinx.coroutines.scheduling.CoroutineScheduler$Worker
1005:            23            736  com.aerospike.flow.CancellableFlow$job$1$1
1006:            23            736  com.fasterxml.jackson.databind.util.LRUMap
1007:            23            736  com.fasterxml.jackson.databind.util.internal.LinkedDeque
1008:            23            736  com.google.inject.internal.ConstructorInjectorStore
1009:            23            736  com.google.inject.internal.ProvisionListenerCallbackStore
1010:            23            736  kotlin.reflect.jvm.internal.impl.incremental.components.NoLookupLocation
1011:            23            736  org.glassfish.jersey.server.spi.internal.ParamValueFactoryWithSource
1012:            13            728  kotlin.reflect.jvm.internal.impl.types.SimpleTypeImpl
1013:             7            728  org.glassfish.jersey.internal.inject.SupplierInstanceBinding
1014:            18            720  com.aerospike.client.Operation$Type
1015:            18            720  com.google.protobuf.Descriptors$FieldDescriptor$Type
1016:            10            720  io.undertow.server.protocol.http.HttpOpenListener
1017:             9            720  java.lang.invoke.BoundMethodHandle$Species_LLLJ (java.base@21.0.6)
1018:            15            720  java.lang.invoke.SimpleMethodHandle (java.base@21.0.6)
1019:            45            720  org.bouncycastle.pqc.jcajce.provider.sphincsplus.SPHINCSPlusKeyFactorySpi
1020:            18            720  org.glassfish.jersey.message.ReaderModel
1021:            18            720  org.glassfish.jersey.message.WriterModel
1022:            10            720  org.xnio.nio.NioTcpServerHandle
1023:            19            712  [Lkotlin.reflect.jvm.internal.impl.util.Check;
1024:            22            704  com.aerospike.client.async.NettyCommand$InboundHandler
1025:            22            704  com.aerospike.client.async.NettyConnection
1026:            22            704  com.aerospike.client.async.ScheduleTask
1027:            22            704  com.aerospike.vector.storage.AerospikeStorageId
1028:            22            704  io.netty.resolver.DefaultNameResolver
1029:            22            704  java.lang.reflect.ClassFileFormatVersion (java.base@21.0.6)
1030:            22            704  java.util.AbstractMap$SimpleImmutableEntry (java.base@21.0.6)
1031:            11            704  org.glassfish.jersey.internal.guava.LocalCache$StrongAccessEntry
1032:            11            704  sun.nio.ch.SelectionKeyImpl (java.base@21.0.6)
1033:            29            696  com.google.common.collect.SingletonImmutableSet
1034:            29            696  jdk.proxy2.$Proxy53 (jdk.proxy2)
1035:            29            696  org.bouncycastle.jcajce.provider.asymmetric.compositesignatures.KeyFactorySpi
1036:            29            696  org.glassfish.jersey.uri.internal.UriPart
1037:             1            688  [Lkotlin.reflect.jvm.internal.impl.types.error.ErrorTypeKind;
1038:            17            680  io.grpc.Status$Code
1039:            17            680  io.grpc.netty.GrpcHttp2HeadersUtils$GrpcHttp2ServerHeadersDecoder
1040:             5            680  sun.security.x509.X509CertImpl (java.base@21.0.6)
1041:            28            672  com.fasterxml.jackson.databind.introspect.AnnotatedMethodMap
1042:            12            672  com.google.inject.internal.FactoryProxy
1043:            28            672  com.google.protobuf.GeneratedMessageV3$FieldAccessorTable$SyntheticOneofAccessor
1044:            12            672  java.lang.OutOfMemoryError (java.base@21.0.6)
1045:            12            672  java.lang.WeakPairMap$Pair$Weak (java.base@21.0.6)
1046:            12            672  java.lang.WeakPairMap$Pair$Weak$1 (java.base@21.0.6)
1047:            21            672  sun.security.x509.AVAKeyword (java.base@21.0.6)
1048:             9            648  io.netty.handler.codec.http2.Http2Exception$StacklessHttp2Exception
1049:             9            648  java.lang.invoke.MethodHandleImpl$IntrinsicMethodHandle (java.base@21.0.6)
1050:            27            648  java.security.spec.ECFieldFp (java.base@21.0.6)
1051:            27            648  java.time.LocalTime (java.base@21.0.6)
1052:             9            648  kotlin.reflect.jvm.internal.impl.storage.LockBasedStorageManager$5
1053:            27            648  org.glassfish.jersey.server.internal.routing.PushMatchedMethodRouter
1054:            27            648  org.glassfish.jersey.server.internal.routing.Routers$EndpointRouter
1055:             9            648  org.glassfish.jersey.server.model.RuntimeResource
1056:            13            640  [Ljava.nio.channels.SelectionKey; (java.base@21.0.6)
1057:            10            640  com.aerospike.vector.cluster.Cluster$ClusterEpoch
1058:             8            640  com.google.protobuf.DescriptorProtos$EnumDescriptorProto
1059:             8            640  com.google.protobuf.Descriptors$FileDescriptor
1060:            20            640  io.grpc.internal.DelayedClientTransport$3
1061:            20            640  io.grpc.internal.ManagedChannelOrphanWrapper
1062:            20            640  io.grpc.netty.NettyServer$3
1063:            20            640  io.grpc.netty.NettyServer$ListenSocket
1064:            20            640  io.netty.bootstrap.ServerBootstrap$ServerBootstrapAcceptor$1
1065:            20            640  java.security.SecurityPermission (java.base@21.0.6)
1066:            10            640  java.util.Hashtable (java.base@21.0.6)
1067:            20            640  kotlin.reflect.jvm.internal.impl.serialization.deserialization.AnnotationDeserializer
1068:            10            640  org.xnio.nio.QueuedNioTcpServer2
1069:            14            624  [Lcom.google.protobuf.Descriptors$EnumValueDescriptor;
1070:            13            624  com.aerospike.vector.client.proto.StandaloneIndexParams
1071:            13            624  com.aerospike.vector.index.IndexCreateOperation
1072:            39            624  java.time.format.DateTimeFormatterBuilder$CharLiteralPrinterParser (java.base@21.0.6)
1073:            13            624  javax.management.MBeanNotificationInfo (java.management@21.0.6)
1074:             6            624  jdk.incubator.vector.LaneType (jdk.incubator.vector@21.0.6)
1075:            26            624  kotlin.reflect.jvm.internal.KClassImpl$Data$$Lambda$0
1076:            26            624  kotlin.reflect.jvm.internal.KClassImpl$Data$$Lambda$1
1077:            26            624  kotlin.reflect.jvm.internal.KClassImpl$Data$$Lambda$10
1078:            26            624  kotlin.reflect.jvm.internal.KClassImpl$Data$$Lambda$11
1079:            26            624  kotlin.reflect.jvm.internal.KClassImpl$Data$$Lambda$12
1080:            26            624  kotlin.reflect.jvm.internal.KClassImpl$Data$$Lambda$13
1081:            26            624  kotlin.reflect.jvm.internal.KClassImpl$Data$$Lambda$14
1082:            26            624  kotlin.reflect.jvm.internal.KClassImpl$Data$$Lambda$15
1083:            26            624  kotlin.reflect.jvm.internal.KClassImpl$Data$$Lambda$16
1084:            26            624  kotlin.reflect.jvm.internal.KClassImpl$Data$$Lambda$17
1085:            26            624  kotlin.reflect.jvm.internal.KClassImpl$Data$$Lambda$3
1086:            26            624  kotlin.reflect.jvm.internal.KClassImpl$Data$$Lambda$4
1087:            26            624  kotlin.reflect.jvm.internal.KClassImpl$Data$$Lambda$5
1088:            26            624  kotlin.reflect.jvm.internal.KClassImpl$Data$$Lambda$9
1089:            26            624  kotlin.reflect.jvm.internal.KDeclarationContainerImpl$Data$$Lambda$0
1090:            26            624  kotlin.reflect.jvm.internal.impl.protobuf.ExtensionRegistryLite$ObjectIntPair
1091:            13            624  sun.security.jca.ProviderConfig (java.base@21.0.6)
1092:             7            616  com.google.protobuf.Descriptors$EnumDescriptor
1093:             7            616  java.util.concurrent.TimeUnit (java.base@21.0.6)
1094:            12            608  [Ljava.lang.invoke.LambdaFormEditor$Transform; (java.base@21.0.6)
1095:             4            608  java.util.GregorianCalendar (java.base@21.0.6)
1096:            19            608  kotlin.reflect.jvm.internal.impl.serialization.deserialization.MemberDeserializer
1097:            25            600  java.time.Duration (java.base@21.0.6)
1098:            15            600  kotlinx.coroutines.NodeList
1099:            15            600  sun.security.x509.AlgorithmId (java.base@21.0.6)
1100:             5            592  [Lsun.invoke.util.Wrapper; (java.base@21.0.6)
1101:            26            584  [Ljavax.management.MBeanNotificationInfo; (java.management@21.0.6)
1102:            18            576  com.google.protobuf.DescriptorProtos$FieldDescriptorProto$Type
1103:            24            576  com.google.protobuf.MapField$ImmutableMessageConverter
1104:             8            576  java.lang.reflect.ProxyGenerator$PrimitiveTypeInfo (java.base@21.0.6)
1105:             8            576  java.util.Collections$SingletonMap (java.base@21.0.6)
1106:            24            576  kotlinx.coroutines.DisposeOnCancel
1107:            24            576  org.glassfish.jersey.internal.guava.LocalCache$AccessQueue
1108:            18            576  org.glassfish.jersey.server.model.Resource$1
1109:            18            576  org.jvnet.hk2.internal.SoftAnnotatedElementAnnotationInfo
1110:             9            576  sun.util.resources.Bundles$BundleReference (java.base@21.0.6)
1111:             1            560  [Ljava.lang.invoke.LambdaForm$Kind; (java.base@21.0.6)
1112:             5            560  com.aerospike.vector.index.metrics.CacheMetrics
1113:            10            560  com.google.protobuf.GeneratedMessageV3$FieldAccessorTable$SingularMessageFieldAccessor
1114:            14            560  com.google.protobuf.WireFormat$FieldType
1115:            14            560  io.grpc.internal.GrpcUtil$Http2Error
1116:            14            560  io.netty.handler.codec.http2.Http2Error
1117:            10            560  io.undertow.Undertow$ListenerInfo
1118:            10            560  java.lang.invoke.VarHandleLongs$FieldInstanceReadWrite (java.base@21.0.6)
1119:             5            560  jdk.incubator.vector.ByteVector$ByteSpecies (jdk.incubator.vector@21.0.6)
1120:             5            560  jdk.incubator.vector.FloatVector$FloatSpecies (jdk.incubator.vector@21.0.6)
1121:             5            560  jdk.incubator.vector.IntVector$IntSpecies (jdk.incubator.vector@21.0.6)
1122:            14            560  jdk.incubator.vector.VectorOperators$ImplCache (jdk.incubator.vector@21.0.6)
1123:            14            560  kotlin.reflect.jvm.internal.impl.protobuf.WireFormat$FieldType
1124:            10            560  org.jvnet.hk2.internal.IterableProviderImpl
1125:            10            560  sun.nio.ch.ServerSocketAdaptor (java.base@21.0.6)
1126:            23            552  com.google.common.cache.LocalCache$LocalManualCache
1127:            23            552  com.google.inject.internal.InjectorImpl$InjectorOptions
1128:            23            552  com.google.inject.internal.InjectorShell$InjectorFactory
1129:            23            552  com.google.inject.internal.ProvisionListenerCallbackStore$1
1130:            23            552  com.google.inject.internal.WeakKeySet$$Lambda/0x000079d52c0c4e20
1131:            23            552  com.google.inject.spi.BindingSourceRestriction$PermitMapConstruction$PermitMapImpl
1132:            23            552  kotlinx.coroutines.flow.SafeFlow
1133:            17            544  com.fasterxml.jackson.databind.type.ClassKey
1134:            17            544  com.google.common.collect.ImmutableMapEntry
1135:            17            544  io.grpc.netty.NettyServerHandler$KeepAlivePinger
1136:            17            544  io.grpc.netty.NettyServerHandler$WriteMonitoringFrameWriter
1137:            34            544  io.netty.handler.codec.http2.Http2Flags
1138:            17            544  javax.management.StandardMBean (java.management@21.0.6)
1139:            17            544  sun.nio.ch.SocketOptionRegistry$RegistryKey (java.base@21.0.6)
1140:             1            528  [Lio.netty.handler.codec.http2.HpackStaticTable$HeaderIndex;
1141:             6            528  com.google.inject.internal.Initializer$InjectableReference
1142:            22            528  io.netty.util.internal.TypeParameterMatcher$ReflectiveMatcher
1143:            22            528  jdk.proxy2.$Proxy9 (jdk.proxy2)
1144:            13            520  com.fasterxml.jackson.core.JsonGenerator$Feature
1145:             5            520  sun.security.x509.X509CertInfo (java.base@21.0.6)
1146:            16            512  com.github.benmanes.caffeine.cache.AccessOrderDeque
1147:             8            512  com.google.protobuf.DescriptorProtos$ServiceDescriptorProto
1148:             8            512  java.io.FilePermission (java.base@21.0.6)
1149:             8            512  java.nio.HeapByteBuffer (java.base@21.0.6)
1150:             8            512  kotlin.reflect.jvm.internal.impl.builtins.PrimitiveType
1151:             8            512  kotlin.reflect.jvm.internal.impl.resolve.jvm.JvmPrimitiveType
1152:             3            504  com.aerospike.vector.index.IndexCatalog
1153:             9            504  com.github.benmanes.caffeine.cache.PSW
1154:             9            504  com.google.protobuf.GeneratedMessageV3$FieldAccessorTable$SingularStringFieldAccessor
1155:             9            504  io.grpc.Metadata$AsciiKey
1156:             9            504  java.lang.invoke.VarHandleInts$FieldInstanceReadWrite (java.base@21.0.6)
1157:             9            504  java.util.logging.Level$KnownLevel (java.logging@21.0.6)
1158:             7            504  kotlin.reflect.jvm.internal.impl.serialization.deserialization.descriptors.DeserializedPackageMemberScope
1159:             7            504  sun.management.MemoryPoolImpl (java.management@21.0.6)
1160:             2            496  [Lcom.fasterxml.jackson.databind.DeserializationFeature;
1161:             1            496  [Lcom.google.inject.internal.ErrorId;
1162:             8            496  [Lkotlin.annotation.AnnotationTarget;
1163:             2            496  io.grpc.netty.NettyServer
1164:             5            488  [Ljdk.incubator.vector.LaneType; (jdk.incubator.vector@21.0.6)
1165:            10            480  com.aerospike.vector.cluster.Cluster$ClusterState
1166:            20            480  com.aerospike.vector.hlc.HlcTimestamp
1167:            15            480  com.codahale.metrics.ChunkedAssociativeLongArray
1168:             3            480  com.fasterxml.jackson.databind.deser.std.StdValueInstantiator
1169:            12            480  com.fasterxml.jackson.dataformat.yaml.YAMLGenerator$Feature
1170:             6            480  com.google.protobuf.SmallSortedMap$1
1171:            12            480  io.grpc.ServiceDescriptor
1172:            20            480  io.netty.channel.ServerChannelRecvByteBufAllocator
1173:            20            480  io.undertow.util.SimpleAttachmentKey
1174:            15            480  java.util.Date (java.base@21.0.6)
1175:            12            480  java.util.concurrent.atomic.AtomicLongFieldUpdater$CASUpdater (java.base@21.0.6)
1176:            20            480  jdk.proxy2.$Proxy55 (jdk.proxy2)
1177:            15            480  kotlin.annotation.AnnotationTarget
1178:             6            480  kotlin.reflect.jvm.internal.impl.descriptors.impl.ValueParameterDescriptorImpl
1179:             6            480  kotlin.reflect.jvm.internal.impl.serialization.deserialization.descriptors.DeserializedClassDescriptor$DeserializedClassMemberScope
1180:             6            480  kotlinx.coroutines.sync.MutexImpl
1181:            12            480  org.glassfish.jersey.server.internal.routing.Route
1182:            20            480  org.xnio.ChannelListener$SimpleSetter
1183:             7            464  [Lcom.google.protobuf.Descriptors$MethodDescriptor;
1184:            29            464  java.lang.ThreadLocal (java.base@21.0.6)
1185:             7            456  [Lcom.google.common.collect.ImmutableMapEntry;
1186:            19            456  kotlin.reflect.jvm.internal.KFunctionImpl$$Lambda$2
1187:            19            456  kotlin.reflect.jvm.internal.impl.metadata.deserialization.TypeTable
1188:            19            456  kotlin.reflect.jvm.internal.impl.serialization.deserialization.TypeDeserializer$$Lambda$0
1189:            19            456  kotlin.reflect.jvm.internal.impl.serialization.deserialization.TypeDeserializer$$Lambda$1
1190:            19            456  org.glassfish.jersey.server.internal.inject.EntityParamValueParamProvider$EntityValueSupplier
1191:             1            456  org.jboss.threads.EnhancedQueueExecutor
1192:             2            448  [Lcom.fasterxml.jackson.databind.SerializationFeature;
1193:             7            448  [Ljdk.incubator.vector.AbstractSpecies; (jdk.incubator.vector@21.0.6)
1194:             7            448  com.google.protobuf.DescriptorProtos$MessageOptions
1195:            14            448  io.netty.handler.codec.http2.HpackStaticTable$HeaderIndex
1196:            14            448  kotlin.reflect.jvm.internal.impl.renderer.DescriptorRendererModifier
1197:             2            448  kotlin.reflect.jvm.internal.impl.serialization.deserialization.descriptors.DeserializedPropertyDescriptor
1198:             7            448  org.glassfish.jersey.server.model.internal.JavaResourceMethodDispatcherProvider$TypeOutInvoker
1199:            14            448  org.glassfish.jersey.server.monitoring.RequestEvent$Type
1200:             2            448  org.xnio.nio.WorkerThread
1201:             4            448  sun.util.calendar.Gregorian$Date (java.base@21.0.6)
1202:             5            440  com.aerospike.client.policy.Policy
1203:            11            440  io.undertow.security.impl.DigestAuthorizationToken
1204:             5            440  java.net.SocketPermission (java.base@21.0.6)
1205:            11            440  sun.nio.ch.DummySocketImpl (java.base@21.0.6)
1206:             3            432  [Ljava.util.concurrent.RunnableScheduledFuture; (java.base@21.0.6)
1207:            18            432  com.aerospike.vector.interconnect.InterconnectChannelProvider$MultiAddressNameResolverFactory$newNameResolver$1
1208:             3            432  com.fasterxml.jackson.databind.DeserializationConfig
1209:            18            432  io.grpc.internal.Rescheduler$FutureRunnable
1210:             6            432  java.nio.DirectLongBufferU (java.base@21.0.6)
1211:            18            432  java.text.DateFormat$Field (java.base@21.0.6)
1212:             9            432  java.util.logging.Level (java.logging@21.0.6)
1213:             9            432  jdk.internal.loader.NativeLibraries$NativeLibraryImpl (java.base@21.0.6)
1214:             9            432  kotlin.reflect.jvm.internal.impl.load.kotlin.TypeMappingMode
1215:             6            432  kotlin.reflect.jvm.internal.impl.serialization.deserialization.ProtoContainer$Class
1216:             9            432  org.glassfish.jersey.inject.hk2.SupplierFactoryBridge
1217:             9            432  sun.security.x509.URIName (java.base@21.0.6)
1218:             9            432  sun.util.resources.Bundles$CacheKey (java.base@21.0.6)
1219:            23            424  [Ljavax.management.MBeanConstructorInfo; (java.management@21.0.6)
1220:            10            424  [Lsun.security.x509.RDN; (java.base@21.0.6)
1221:            13            416  ch.qos.logback.core.spi.ContextAwareBase
1222:            13            416  com.fasterxml.jackson.databind.type.LogicalType
1223:            13            416  com.fasterxml.jackson.module.kotlin.BucketGenerator
1224:            13            416  com.fasterxml.jackson.module.kotlin.ConstructorValueCreator
1225:             4            416  java.lang.invoke.BoundMethodHandle$Species_LLLLLLL (java.base@21.0.6)
1226:            13            416  jdk.incubator.vector.VectorOperators$BinaryImpl (jdk.incubator.vector@21.0.6)
1227:            13            416  kotlin.reflect.jvm.internal.impl.metadata.ProtoBuf$Annotation$Argument$Value$Type
1228:            13            416  kotlin.reflect.jvm.internal.impl.serialization.deserialization.descriptors.DeserializedMemberScope$OptimizedImplementation$$Lambda$3
1229:            13            416  kotlin.reflect.jvm.internal.impl.serialization.deserialization.descriptors.DeserializedMemberScope$OptimizedImplementation$$Lambda$4
1230:            13            416  org.glassfish.jersey.uri.UriComponent$Type
1231:            17            408  io.grpc.internal.KeepAliveManager$1
1232:            17            408  io.grpc.internal.KeepAliveManager$2
1233:            17            408  io.grpc.netty.Http2ControlFrameLimitEncoder$1
1234:            17            408  io.grpc.netty.NettyServer$1$1LoopReleaser
1235:            17            408  io.grpc.netty.NettyServerHandler$FrameListener
1236:            17            408  io.grpc.netty.NettyServerTransport$1TerminationNotifier
1237:            17            408  io.netty.channel.$Proxy47
1238:            17            408  sun.nio.ch.OptionKey (java.base@21.0.6)
1239:             5            400  com.fasterxml.jackson.databind.introspect.BasicBeanDescription
1240:            10            400  com.google.common.collect.ImmutableMapEntry$NonTerminalImmutableMapEntry
1241:            10            400  com.google.inject.spi.TypeConverterBinding
1242:            10            400  io.undertow.server.protocol.http.HttpRequestParser$$generated
1243:             5            400  java.net.URLPermission (java.base@21.0.6)
1244:             5            400  java.util.Properties (java.base@21.0.6)
1245:            10            400  kotlin.reflect.jvm.internal.impl.types.error.ErrorScopeKind
1246:            10            400  org.glassfish.jersey.server.internal.inject.ParamInjectionResolver
1247:            10            400  org.xnio.nio.NioTcpServer$1
1248:            10            400  org.xnio.nio.NioXnioWorker$NioWorkerMetrics$$Lambda/0x000079d52c7a4c68
1249:            10            400  sun.reflect.generics.repository.FieldRepository (java.base@21.0.6)
1250:            16            392  [Lcom.google.protobuf.Descriptors$FileDescriptor;
1251:             7            392  com.cronutils.model.field.constraint.FieldConstraints
1252:             7            392  com.sun.jmx.mbeanserver.DefaultMXBeanMappingFactory$CollectionMapping (java.management@21.0.6)
1253:             7            392  java.text.DigitList (java.base@21.0.6)
1254:             7            392  sun.management.MemoryPoolImpl$CollectionSensor (java.management@21.0.6)
1255:             5            384  [Ljava.lang.invoke.LambdaForm$NamedFunction; (java.base@21.0.6)
1256:            16            384  com.aerospike.vector.index.IndexServiceInternalGrpc$IndexServiceInternalMethodDescriptorSupplier
1257:            16            384  com.aerospike.vector.index.IndexServiceInternalGrpc$MethodHandlers
1258:             3            384  com.aerospike.vector.index.hnsw.Hnsw
1259:             3            384  com.fasterxml.jackson.databind.ObjectMapper
1260:             3            384  com.fasterxml.jackson.databind.SerializationConfig
1261:             3            384  com.fasterxml.jackson.databind.deser.DefaultDeserializationContext$Impl
1262:             3            384  com.fasterxml.jackson.databind.ser.DefaultSerializerProvider$Impl
1263:             6            384  com.google.common.collect.RegularImmutableMap
1264:             6            384  com.google.inject.assistedinject.FactoryProvider2
1265:            12            384  com.google.protobuf.LongArrayList
1266:             6            384  com.google.protobuf.MapEntry$Metadata
1267:            12            384  io.grpc.ServerServiceDefinition
1268:            12            384  java.lang.NamedPackage (java.base@21.0.6)
1269:            12            384  java.lang.annotation.ElementType (java.base@21.0.6)
1270:            12            384  java.net.StandardSocketOptions$StdSocketOption (java.base@21.0.6)
1271:             4            384  java.security.SecureRandom (java.base@21.0.6)
1272:            12            384  java.security.spec.RSAKeyGenParameterSpec (java.base@21.0.6)
1273:             4            384  java.text.DateFormatSymbols (java.base@21.0.6)
1274:             6            384  java.util.PropertyResourceBundle (java.base@21.0.6)
1275:            16            384  java.util.regex.Pattern$$Lambda/0x800000031 (java.base@21.0.6)
1276:             6            384  kotlin.reflect.jvm.internal.impl.serialization.deserialization.descriptors.DeserializedClassDescriptor$memberScopeHolder$1
1277:            12            384  org.glassfish.jersey.model.Parameter$Source
1278:            16            384  org.xnio.OptionMap
1279:             8            384  org.xnio.SequenceOption
1280:            12            384  sun.reflect.annotation.TypeAnnotation$TypeAnnotationTarget (java.base@21.0.6)
1281:             6            384  sun.util.locale.provider.LocaleResources$ResourceReference (java.base@21.0.6)
1282:            23            368  com.google.inject.internal.InjectorShell$LoggerFactory
1283:             2            368  io.grpc.internal.ServerImpl
1284:             1            360  [Ljakarta.ws.rs.core.Response$Status;
1285:             5            360  com.google.inject.internal.InjectorImpl$SyntheticProviderBindingImpl
1286:             9            360  com.google.protobuf.Descriptors$FieldDescriptor$JavaType
1287:             9            360  com.google.protobuf.WireFormat$JavaType
1288:             5            360  io.netty.channel.ServerChannelRecvByteBufAllocator$1
1289:             3            360  io.undertow.servlet.api.ServletInfo
1290:             9            360  io.undertow.util.FastConcurrentDirectDeque$Node
1291:             9            360  java.util.RegularEnumSet (java.base@21.0.6)
1292:             9            360  kotlin.reflect.jvm.internal.impl.metadata.builtins.BuiltInsBinaryVersion
1293:             9            360  kotlin.reflect.jvm.internal.impl.protobuf.WireFormat$JavaType
1294:             5            360  kotlin.reflect.jvm.internal.impl.types.error.ErrorType
1295:             3            360  org.glassfish.jersey.server.ResourceConfig$ImmutableState
1296:             9            360  org.glassfish.jersey.server.internal.routing.WildcardMethodSelectingRouter
1297:            15            360  org.yaml.snakeyaml.nodes.Tag
1298:            15            360  sun.invoke.util.ValueConversions$WrapperCache (java.base@21.0.6)
1299:             5            360  sun.security.util.MemoryCache$SoftCacheEntry (java.base@21.0.6)
1300:             2            352  [Ljava.text.DateFormat$Field; (java.base@21.0.6)
1301:             4            352  com.aerospike.vector.exchange.Exchange$ExchangePayload
1302:            11            352  com.fasterxml.jackson.annotation.JsonFormat$Feature
1303:            11            352  com.fasterxml.jackson.annotation.JsonFormat$Shape
1304:            11            352  com.github.benmanes.caffeine.cache.BoundedLocalCache$PerformCleanupTask
1305:            11            352  java.lang.invoke.MethodHandleImpl$Intrinsic (java.base@21.0.6)
1306:            11            352  kotlin.reflect.jvm.internal.impl.renderer.DescriptorRendererImpl
1307:            11            352  org.bouncycastle.asn1.x509.AlgorithmIdentifier
1308:            11            352  org.bouncycastle.jcajce.provider.asymmetric.ec.KeyFactorySpi$EC
1309:            11            352  org.yaml.snakeyaml.events.Event$ID
1310:             4            352  sun.security.provider.SHA2$SHA256 (java.base@21.0.6)
1311:             4            336  [Lcom.fasterxml.jackson.databind.cfg.CoercionAction;
1312:             3            336  com.aerospike.vector.index.hnsw.store.CachedHnswGraphStore
1313:             6            336  com.fasterxml.jackson.core.io.SerializedString
1314:             7            336  com.google.protobuf.Descriptors$ServiceDescriptor
1315:             6            336  io.netty.channel.epoll.EpollEventLoopGroup
1316:             7            336  java.nio.file.attribute.FileTime (java.base@21.0.6)
1317:             3            336  java.util.concurrent.ScheduledThreadPoolExecutor (java.base@21.0.6)
1318:             6            336  java.util.stream.StreamOpFlag (java.base@21.0.6)
1319:             7            336  javax.management.StandardEmitterMBean (java.management@21.0.6)
1320:             7            336  kotlin.reflect.jvm.internal.calls.CallerImpl$Method$Instance
1321:             7            336  kotlin.reflect.jvm.internal.impl.serialization.deserialization.ProtoBasedClassDataFinder
1322:             2            336  org.bouncycastle.jce.provider.BouncyCastleProvider
1323:             7            336  org.glassfish.jersey.message.internal.AcceptableMediaType
1324:             7            336  sun.management.MemoryPoolImpl$PoolSensor (java.management@21.0.6)
1325:             3            336  sun.security.provider.NativePRNG$RandomIO (java.base@21.0.6)
1326:             2            320  [Lcom.google.protobuf.DescriptorProtos$FieldDescriptorProto$Type;
1327:             2            320  [Lcom.google.protobuf.Descriptors$FieldDescriptor$Type;
1328:             2            320  [Lcom.google.protobuf.WireFormat$FieldType;
1329:             1            320  [Lorg.bouncycastle.crypto.CryptoServiceProperties;
1330:             1            320  com.aerospike.client.cluster.Cluster
1331:            10            320  com.aerospike.client.exp.Exp$Type
1332:            10            320  com.fasterxml.jackson.databind.cfg.CoercionInputShape
1333:             2            320  com.fasterxml.jackson.databind.ser.BeanPropertyWriter
1334:            10            320  com.github.benmanes.caffeine.cache.BoundedLocalCache$BoundedLocalManualCache
1335:             1            320  com.github.benmanes.caffeine.cache.SSLA
1336:             5            320  com.google.common.io.BaseEncoding$Alphabet
1337:            10            320  com.google.inject.internal.asm.$Type
1338:            10            320  io.undertow.server.ConnectorStatisticsImpl
1339:            10            320  io.undertow.server.protocol.http2.Http2UpgradeHandler
1340:            10            320  java.nio.file.StandardOpenOption (java.base@21.0.6)
1341:            10            320  jdk.incubator.vector.VectorOperators$ComparisonImpl (jdk.incubator.vector@21.0.6)
1342:             8            320  kotlin.reflect.jvm.internal.impl.builtins.jvm.JavaToKotlinClassMap$PlatformMutabilityMapping
1343:             8            320  kotlin.reflect.jvm.internal.impl.metadata.ProtoBuf$QualifiedNameTable
1344:             8            320  kotlin.reflect.jvm.internal.impl.metadata.ProtoBuf$StringTable
1345:            10            320  org.bouncycastle.crypto.CryptoServicePurpose
1346:             8            320  sun.reflect.generics.reflectiveObjects.WildcardTypeImpl (java.base@21.0.6)
1347:             2            320  sun.security.provider.Sun (java.base@21.0.6)
1348:             4            320  sun.security.rsa.RSAPublicKeyImpl (java.base@21.0.6)
1349:             3            312  [[Ljava.lang.String; (java.base@21.0.6)
1350:             1            312  [[Ljava.math.BigInteger; (java.base@21.0.6)
1351:             3            312  ch.qos.logback.core.ConsoleAppender
1352:            13            312  com.aerospike.vector.node.NodeId
1353:             3            312  java.text.SimpleDateFormat (java.base@21.0.6)
1354:            13            312  java.util.concurrent.ConcurrentHashMap$ValuesView (java.base@21.0.6)
1355:            13            312  java.util.regex.Pattern$StartS (java.base@21.0.6)
1356:            13            312  kotlin.reflect.jvm.internal.impl.serialization.deserialization.descriptors.DeserializedMemberScope$$Lambda$0
1357:            13            312  kotlin.reflect.jvm.internal.impl.serialization.deserialization.descriptors.DeserializedMemberScope$$Lambda$1
1358:            13            312  kotlin.reflect.jvm.internal.impl.serialization.deserialization.descriptors.DeserializedMemberScope$OptimizedImplementation$$Lambda$0
1359:            13            312  kotlin.reflect.jvm.internal.impl.serialization.deserialization.descriptors.DeserializedMemberScope$OptimizedImplementation$$Lambda$1
1360:            13            312  kotlin.reflect.jvm.internal.impl.serialization.deserialization.descriptors.DeserializedMemberScope$OptimizedImplementation$$Lambda$2
1361:            13            312  kotlinx.coroutines.internal.Removed
1362:            13            312  sun.util.logging.internal.LoggingProviderImpl$JULWrapper (java.logging@21.0.6)
1363:             2            304  [Lio.grpc.Status$Code;
1364:             1            288  [Lcom.fasterxml.jackson.databind.MapperFeature;
1365:             6            288  [Lorg.glassfish.jersey.internal.guava.LocalCache$Segment;
1366:             2            288  [Lorg.glassfish.jersey.internal.util.collection.KeyComparatorHashMap$Entry;
1367:             3            288  com.aerospike.vector.index.IndexLog
1368:            12            288  com.aerospike.vector.index.metrics.Fitness
1369:             6            288  com.fasterxml.jackson.core.json.JsonWriteFeature
1370:             9            288  com.fasterxml.jackson.databind.node.JsonNodeType
1371:             6            288  com.google.protobuf.MapEntry
1372:             4            288  com.sun.management.internal.GarbageCollectorExtImpl (jdk.management@21.0.6)
1373:             4            288  io.netty.buffer.SizeClasses
1374:             9            288  io.netty.handler.codec.http.HttpMethod$EnumNameMap$Node
1375:             6            288  io.netty.util.internal.ObjectPool$RecyclerObjectPool$1
1376:             4            288  io.undertow.servlet.handlers.ServletChain
1377:             9            288  java.lang.ClassValue$Version (java.base@21.0.6)
1378:             6            288  java.lang.invoke.LambdaForm$BasicType (java.base@21.0.6)
1379:             9            288  java.lang.reflect.AccessFlag$Location (java.base@21.0.6)
1380:             9            288  java.net.NetPermission (java.base@21.0.6)
1381:             9            288  java.nio.file.attribute.PosixFilePermission (java.base@21.0.6)
1382:             9            288  java.util.concurrent.Executors$AutoShutdownDelegatedExecutorService (java.base@21.0.6)
1383:             3            288  java.util.concurrent.ScheduledThreadPoolExecutor$ScheduledFutureTask (java.base@21.0.6)
1384:            12            288  java.util.regex.Pattern$Begin (java.base@21.0.6)
1385:             9            288  jdk.incubator.vector.VectorOperators$AssociativeImpl (jdk.incubator.vector@21.0.6)
1386:             9            288  jdk.internal.org.objectweb.asm.Type (java.base@21.0.6)
1387:             6            288  kotlin.reflect.jvm.internal.impl.descriptors.ScopesHolderForClass
1388:             6            288  kotlin.reflect.jvm.internal.impl.metadata.jvm.deserialization.JvmMetadataVersion
1389:             6            288  kotlin.reflect.jvm.internal.impl.serialization.deserialization.descriptors.DeserializedClassDescriptor$DeserializedClassTypeConstructor
1390:             6            288  kotlinx.coroutines.sync.SemaphoreSegment
1391:             6            288  org.bouncycastle.jcajce.provider.config.ProviderConfigurationPermission
1392:             9            288  org.glassfish.jersey.inject.hk2.Hk2Helper$$Lambda/0x000079d52c6a28e8
1393:            12            288  org.glassfish.jersey.inject.hk2.Hk2Helper$$Lambda/0x000079d52c6a3d38
1394:            12            288  org.glassfish.jersey.inject.hk2.InstanceSupplierFactoryBridge
1395:             9            288  org.glassfish.jersey.server.internal.routing.PushMatchedTemplateRouter
1396:             9            288  org.glassfish.jersey.server.model.HandlerConstructor
1397:             4            288  sun.nio.cs.UTF_8$Encoder (java.base@21.0.6)
1398:             9            288  sun.reflect.generics.tree.Wildcard (java.base@21.0.6)
1399:             4            288  sun.security.provider.MoreDrbgParameters (java.base@21.0.6)
1400:             4            288  sun.util.locale.provider.LocaleResources (java.base@21.0.6)
1401:             5            280  [[Lcom.github.benmanes.caffeine.cache.Node;
1402:             5            280  com.aerospike.vector.index.CentroidMapEntry
1403:             7            280  com.aerospike.vector.index.IndexLogEntryList
1404:             7            280  com.cronutils.parser.CronParserField
1405:             7            280  com.fasterxml.jackson.module.kotlin.KotlinFeature
1406:             5            280  io.grpc.Metadata$TrustedAsciiKey
1407:             7            280  java.lang.invoke.MethodHandles$Lookup (java.base@21.0.6)
1408:             7            280  kotlin.reflect.jvm.internal.impl.load.java.JavaNullabilityAnnotationsStatus
1409:             7            280  kotlin.reflect.jvm.internal.impl.types.error.ErrorEntity
1410:             7            280  kotlin.time.DurationUnit
1411:             5            280  kotlinx.coroutines.channels.ChannelSegment
1412:             5            280  org.glassfish.hk2.utilities.general.Hk2ThreadLocal$Key
1413:             5            280  sun.security.x509.AuthorityKeyIdentifierExtension (java.base@21.0.6)
1414:             5            280  sun.util.locale.provider.LocaleProviderAdapter$Type (java.base@21.0.6)
1415:             1            272  [Lkotlinx.coroutines.internal.ThreadSafeHeapNode;
1416:             2            272  com.fasterxml.jackson.databind.deser.impl.MethodProperty
1417:            17            272  io.grpc.netty.AbstractNettyHandler$AllowPingLimiter
1418:            17            272  io.grpc.netty.NettyServerHandler$ServerChannelLogger
1419:             2            272  sun.nio.ch.EPollSelectorImpl (java.base@21.0.6)
1420:             1            264  [Ljava.lang.invoke.VarHandle$AccessMode; (java.base@21.0.6)
1421:             3            264  com.aerospike.vector.heartbeat.Heartbeat$HeartbeatMessage
1422:             3            264  com.aerospike.vector.index.ReindexEnqueuer
1423:            11            264  com.aerospike.vector.index.metrics.SizeProvider
1424:             3            264  com.fasterxml.jackson.core.sym.ByteQuadsCanonicalizer
1425:             3            264  com.fasterxml.jackson.core.sym.CharsToNameCanonicalizer
1426:             3            264  com.google.protobuf.GeneratedMessageV3$FieldAccessorTable$SingularEnumFieldAccessor
1427:            11            264  io.grpc.Attributes$Key
1428:             3            264  java.nio.DirectByteBufferR (java.base@21.0.6)
1429:            11            264  java.util.regex.Pattern$Dollar (java.base@21.0.6)
1430:             3            264  javax.management.openmbean.OpenMBeanOperationInfoSupport (java.management@21.0.6)
1431:            11            264  jdk.internal.misc.InternalLock (java.base@21.0.6)
1432:            11            264  jdk.proxy1.$Proxy1 (jdk.proxy1)
1433:            11            264  kotlin.reflect.jvm.internal.impl.renderer.DescriptorRendererImpl$$Lambda$0
1434:            11            264  kotlin.reflect.jvm.internal.impl.utils.SmartSet
1435:            11            264  org.glassfish.jersey.internal.guava.LocalCache$StrongValueReference
1436:            11            264  org.xnio.Xnio$MBeanCloseable
1437:             3            264  sun.nio.cs.StreamEncoder (java.base@21.0.6)
1438:             2            256  [Lio.grpc.internal.GrpcUtil$Http2Error;
1439:             2            256  [Lio.netty.handler.codec.http2.Http2Error;
1440:             1            256  [Ljava.time.temporal.ChronoField; (java.base@21.0.6)
1441:             8            256  com.aerospike.vector.client.proto.StandaloneIndexState
1442:             8            256  com.aerospike.vector.cluster.QuantumFaultType
1443:             2            256  com.aerospike.vector.server.grpc.service.GrpcTransactService
1444:             8            256  com.cronutils.model.definition.CronNicknames
1445:             8            256  com.cronutils.model.field.CronFieldName
1446:             4            256  com.fasterxml.jackson.core.Base64Variant
1447:             2            256  com.fasterxml.jackson.databind.MappingJsonFactory
1448:             8            256  com.fasterxml.jackson.databind.introspect.AnnotationIntrospectorPair
1449:             4            256  com.google.common.collect.MapMakerInternalMap$WeakKeyStrongValueSegment
1450:             8            256  com.google.protobuf.Descriptors$DescriptorPool
1451:             2            256  io.grpc.internal.DnsNameResolver
1452:             8            256  io.prometheus.client.Collector$Type
1453:             8            256  java.math.RoundingMode (java.base@21.0.6)
1454:             8            256  java.util.BitSet (java.base@21.0.6)
1455:             4            256  org.bouncycastle.crypto.params.DHParameters
1456:             4            256  org.glassfish.hk2.utilities.general.internal.WeakHashClockImpl
1457:             2            248  [Ljava.math.BigDecimal; (java.base@21.0.6)
1458:             3            248  [Ljava.util.logging.Level; (java.logging@21.0.6)
1459:             2            248  [[J (java.base@21.0.6)
1460:             1            248  org.jvnet.hk2.internal.AutoActiveDescriptor
1461:             1            248  org.jvnet.hk2.internal.ServiceLocatorImpl
1462:            10            240  [Lorg.xnio.nio.NioTcpServerHandle;
1463:             5            240  com.aerospike.vector.client.proto.ProjectionFilter
1464:            10            240  com.aerospike.vector.cluster.ClusterServiceGrpc$ClusterServiceMethodDescriptorSupplier
1465:            10            240  com.aerospike.vector.cluster.ClusterServiceGrpc$MethodHandlers
1466:             3            240  com.aerospike.vector.index.PerIndexData
1467:            15            240  com.aerospike.vector.inject.VectorDbGuiceModule$$FastClassByGuice$$677791
1468:             6            240  com.codahale.metrics.ChunkedAssociativeLongArray$Chunk
1469:             6            240  com.codahale.metrics.jvm.JmxAttributeGauge
1470:             5            240  com.fasterxml.jackson.core.JsonEncoding
1471:             5            240  io.netty.handler.codec.http.HttpStatusClass
1472:             6            240  io.netty.handler.codec.http2.Http2Headers$PseudoHeaderName
1473:            10            240  io.undertow.UndertowLogger_$logger
1474:             6            240  it.unimi.dsi.util.SplitMix64Random
1475:            10            240  java.nio.charset.CoderResult (java.base@21.0.6)
1476:             5            240  java.time.format.DateTimeFormatterBuilder$NanosPrinterParser (java.base@21.0.6)
1477:             6            240  java.time.format.TextStyle (java.base@21.0.6)
1478:            10            240  javax.security.auth.x500.X500Principal (java.base@21.0.6)
1479:            10            240  jdk.proxy2.$Proxy52 (jdk.proxy2)
1480:             6            240  kotlin.reflect.jvm.internal.impl.descriptors.ClassKind
1481:             6            240  kotlin.reflect.jvm.internal.impl.load.java.AnnotationQualifierApplicabilityType
1482:            10            240  kotlin.reflect.jvm.internal.impl.resolve.scopes.DescriptorKindFilter
1483:            10            240  kotlin.reflect.jvm.internal.impl.resolve.scopes.DescriptorKindFilter$Companion$MaskToName
1484:             2            240  kotlinx.coroutines.channels.ConflatedBufferedChannel
1485:            10            240  org.bouncycastle.jce.spec.ECNamedCurveGenParameterSpec
1486:            10            240  org.glassfish.jersey.inject.hk2.InjectionResolverWrapper
1487:             6            240  org.glassfish.jersey.internal.JaxrsProviders
1488:             6            240  org.glassfish.jersey.message.internal.MessagingBinders$EnabledProvidersBinder$Provider
1489:            10            240  org.xnio.ChannelListeners$10
1490:            10            240  org.xnio.nio.NioTcpServerHandle$1
1491:            10            240  org.xnio.nio.QueuedNioTcpServer2$$Lambda/0x000079d52c7a4e98
1492:            10            240  org.xnio.nio.QueuedNioTcpServer2$$Lambda/0x000079d52c7a50b0
1493:            10            240  org.xnio.nio.QueuedNioTcpServer2$$Lambda/0x000079d52c7a54e8
1494:            10            240  sun.security.x509.KeyIdentifier (java.base@21.0.6)
1495:             7            224  com.aerospike.vector.client.proto.NodeRole
1496:             7            224  com.aerospike.vector.cluster.QuantumFault
1497:             7            224  com.aerospike.vector.index.config.CacheConfig
1498:             7            224  com.codahale.metrics.jvm.MemoryUsageGaugeSet$3
1499:             7            224  com.fasterxml.jackson.annotation.JsonInclude$Include
1500:             7            224  com.fasterxml.jackson.annotation.PropertyAccessor
1501:             7            224  com.google.inject.internal.TypeConverterBindingProcessor$5
1502:             7            224  com.google.protobuf.LazyStringArrayList
1503:             2            224  com.sun.security.sasl.gsskerb.JdkSASL$ProviderService (jdk.security.jgss@21.0.6)
1504:             7            224  io.netty.handler.codec.http2.Http2Stream$State
1505:             7            224  io.undertow.servlet.core.ContextClassLoaderSetupAction$1
1506:             7            224  io.undertow.servlet.core.ServletRequestContextThreadSetupAction$1
1507:             4            224  java.lang.RuntimeException (java.base@21.0.6)
1508:             7            224  java.lang.System$Logger$Level (java.base@21.0.6)
1509:             2            224  java.lang.invoke.BoundMethodHandle$Species_LLLLLLLL (java.base@21.0.6)
1510:             7            224  java.util.regex.Pattern$SliceI (java.base@21.0.6)
1511:             7            224  jdk.net.ExtendedSocketOptions$ExtSocketOption (jdk.net@21.0.6)
1512:             7            224  kotlin.reflect.jvm.internal.impl.metadata.ProtoBuf$Class$Kind
1513:             7            224  kotlin.reflect.jvm.internal.impl.metadata.deserialization.NameResolverImpl
1514:             2            224  kotlin.reflect.jvm.internal.impl.serialization.deserialization.descriptors.DeserializedTypeParameterDescriptor
1515:             4            224  org.glassfish.hk2.utilities.general.internal.WeakHashLRUImpl
1516:             7            224  org.glassfish.jersey.jackson.internal.jackson.jaxrs.util.ClassKey
1517:             7            224  org.glassfish.jersey.uri.internal.UriTemplateParser$Variables$State
1518:             7            224  org.yaml.snakeyaml.scanner.Constant
1519:             2            224  sun.security.jgss.SunProvider$ProviderService (java.security.jgss@21.0.6)
1520:             1            224  sun.security.pkcs11.SunPKCS11 (jdk.crypto.cryptoki@21.0.6)
1521:             3            216  [[Ljdk.incubator.vector.VectorOperators$ConversionImpl; (jdk.incubator.vector@21.0.6)
1522:             3            216  ch.qos.logback.classic.pattern.ThrowableProxyConverter
1523:             3            216  com.aerospike.vector.index.hnsw.store.PersistentHnswGraphStore
1524:             9            216  com.aerospike.vector.index.metrics.PerIndexMetrics$$Lambda/0x000079d52c89d000
1525:             9            216  com.aerospike.vector.index.metrics.PerIndexMetrics$$Lambda/0x000079d52c89da78
1526:             9            216  com.aerospike.vector.index.metrics.PerIndexMetrics$$Lambda/0x000079d52c89dc90
1527:             9            216  com.aerospike.vector.index.metrics.PerIndexMetrics$$Lambda/0x000079d52c89fb30
1528:             9            216  com.aerospike.vector.index.metrics.PerIndexMetrics$$Lambda/0x000079d52c89fd48
1529:             9            216  com.aerospike.vector.index.metrics.PerIndexMetrics$$Lambda/0x000079d52c8a0000
1530:             9            216  com.aerospike.vector.index.metrics.PerIndexMetrics$$Lambda/0x000079d52c8a0218
1531:             9            216  com.aerospike.vector.index.metrics.PerIndexMetrics$$Lambda/0x000079d52c8a0430
1532:             9            216  com.aerospike.vector.index.metrics.PerIndexMetrics$$Lambda/0x000079d52c8a0648
1533:             9            216  com.aerospike.vector.index.metrics.PerIndexMetrics$$Lambda/0x000079d52c8a0860
1534:             9            216  com.aerospike.vector.index.metrics.PerIndexMetrics$$Lambda/0x000079d52c8a0a78
1535:             9            216  com.aerospike.vector.index.metrics.PerIndexMetrics$$Lambda/0x000079d52c8a10c0
1536:             9            216  com.aerospike.vector.index.metrics.PerIndexMetrics$$Lambda/0x000079d52c8a12d8
1537:             9            216  com.aerospike.vector.index.metrics.PerIndexMetrics$$Lambda/0x000079d52c8a14f0
1538:             9            216  com.aerospike.vector.index.metrics.PerIndexMetrics$$Lambda/0x000079d52c8a1708
1539:             9            216  com.aerospike.vector.index.metrics.PerIndexMetrics$$Lambda/0x000079d52c8a1d50
1540:             9            216  com.aerospike.vector.index.metrics.PerIndexMetrics$$Lambda/0x000079d52c8a1f68
1541:             9            216  com.aerospike.vector.index.metrics.PerIndexMetrics$$Lambda/0x000079d52c8a2180
1542:             9            216  com.aerospike.vector.index.metrics.PerIndexMetrics$$Lambda/0x000079d52c8a2398
1543:             9            216  com.aerospike.vector.index.metrics.PerIndexMetrics$$Lambda/0x000079d52c8a25b0
1544:             9            216  com.aerospike.vector.index.metrics.PerIndexMetrics$$Lambda/0x000079d52c8a27c8
1545:             9            216  com.aerospike.vector.index.metrics.PerIndexMetrics$$Lambda/0x000079d52c8a2bf8
1546:             9            216  com.aerospike.vector.index.metrics.PerIndexMetrics$$Lambda/0x000079d52c8a2e10
1547:             9            216  com.aerospike.vector.index.metrics.PerIndexMetrics$$Lambda/0x000079d52c8a3028
1548:             9            216  com.aerospike.vector.index.metrics.PerIndexMetrics$$Lambda/0x000079d52c8a3458
1549:             9            216  com.aerospike.vector.index.metrics.PerIndexMetrics$$Lambda/0x000079d52c8a3670
1550:             9            216  com.aerospike.vector.index.metrics.PerIndexMetrics$$Lambda/0x000079d52c8a3888
1551:             9            216  com.aerospike.vector.index.metrics.PerIndexMetrics$$Lambda/0x000079d52c8a3aa0
1552:             9            216  com.aerospike.vector.index.metrics.PerIndexMetrics$$Lambda/0x000079d52c8a3cb8
1553:             9            216  com.aerospike.vector.index.metrics.PerIndexMetrics$$Lambda/0x000079d52c8a40e8
1554:             9            216  com.aerospike.vector.index.metrics.PerIndexMetrics$$Lambda/0x000079d52c8a4730
1555:             9            216  com.aerospike.vector.index.metrics.PerIndexMetrics$$Lambda/0x000079d52c8a4948
1556:             9            216  com.aerospike.vector.index.metrics.PerIndexMetrics$$Lambda/0x000079d52c8a4b60
1557:             9            216  com.aerospike.vector.index.metrics.PerIndexMetrics$$Lambda/0x000079d52c8a4d78
1558:             9            216  com.aerospike.vector.index.metrics.PerIndexMetrics$$Lambda/0x000079d52c8a4f90
1559:             9            216  com.aerospike.vector.index.metrics.PerIndexMetrics$$Lambda/0x000079d52c8a51a8
1560:             9            216  com.aerospike.vector.index.metrics.PerIndexMetrics$$Lambda/0x000079d52c8a53c0
1561:             3            216  com.fasterxml.jackson.databind.PropertyMetadata
1562:             9            216  com.google.inject.internal.TypeConverterBindingProcessor$6
1563:             9            216  io.netty.handler.codec.http.HttpMethod
1564:             3            216  java.lang.reflect.ProxyGenerator$ProxyMethod (java.base@21.0.6)
1565:             3            216  java.time.temporal.JulianFields$Field (java.base@21.0.6)
1566:             9            216  java.util.concurrent.Executors$AutoShutdownDelegatedExecutorService$$Lambda/0x000079d52c3e83a8 (java.base@21.0.6)
1567:             9            216  jdk.proxy2.$Proxy51 (jdk.proxy2)
1568:             9            216  jdk.proxy2.$Proxy57 (jdk.proxy2)
1569:             9            216  jdk.proxy2.$Proxy64 (jdk.proxy2)
1570:             9            216  kotlin.reflect.jvm.internal.impl.types.AbstractTypeConstructor$$Lambda$0
1571:             9            216  kotlin.reflect.jvm.internal.impl.types.AbstractTypeConstructor$$Lambda$2
1572:             3            216  org.glassfish.jersey.model.internal.ComponentBag
1573:             9            216  org.glassfish.jersey.server.internal.routing.AbstractMethodSelectingRouter$4
1574:             9            216  org.glassfish.jersey.server.internal.routing.PushMatchedRuntimeResourceRouter
1575:             9            216  org.jvnet.hk2.component.MultiMap
1576:             9            216  sun.security.x509.DNSName (java.base@21.0.6)
1577:             9            216  sun.security.x509.GeneralName (java.base@21.0.6)
1578:             2            208  [Lio.undertow.security.impl.DigestAuthorizationToken;
1579:             1            208  [Ljava.time.LocalTime; (java.base@21.0.6)
1580:             2            208  ch.qos.logback.classic.PatternLayout
1581:             2            208  ch.qos.logback.classic.pattern.NamedConverter$NameCache
1582:             2            208  java.util.jar.JarVerifier (java.base@21.0.6)
1583:             2            208  kotlin.reflect.jvm.internal.impl.descriptors.impl.PropertyGetterDescriptorImpl
1584:             2            208  kotlinx.coroutines.channels.BufferedChannel
1585:             2            208  org.jboss.threads.EnhancedQueueExecutor$PoolThreadNode
1586:             2            208  sun.nio.ch.FileChannelImpl (java.base@21.0.6)
1587:             1            200  [Ljava.lang.reflect.AccessFlag; (java.base@21.0.6)
1588:             1            200  [Lkotlin.reflect.jvm.internal.impl.incremental.components.NoLookupLocation;
1589:             1            200  [Lorg.yaml.snakeyaml.tokens.Token$ID;
1590:             1            200  [Lpicocli.CommandLine$Help$Ansi$Style;
1591:             5            200  [Lsun.nio.fs.NativeBuffer; (java.base@21.0.6)
1592:             1            200  ch.qos.logback.classic.LoggerContext
1593:             1            200  com.aerospike.vector.cluster.ClusterMonitor
1594:             5            200  com.aerospike.vector.config.NodeRoleSet
1595:             5            200  com.fasterxml.jackson.databind.cfg.JsonNodeFeature
1596:             5            200  io.netty.channel.epoll.EpollRecvByteAllocatorHandle
1597:             5            200  io.netty.handler.logging.LogLevel
1598:             5            200  java.lang.invoke.VarHandle$AccessType (java.base@21.0.6)
1599:             5            200  java.net.HostPortrange (java.base@21.0.6)
1600:             5            200  java.util.ImmutableCollections$MapN (java.base@21.0.6)
1601:             5            200  jdk.incubator.vector.VectorShape (jdk.incubator.vector@21.0.6)
1602:             5            200  jdk.internal.loader.NativeLibraries (java.base@21.0.6)
1603:             5            200  kotlin.reflect.jvm.internal.ComputableClassValue
1604:             5            200  kotlin.reflect.jvm.internal.impl.types.KotlinTypeFactory$$Lambda$0
1605:             5            200  kotlin.reflect.jvm.internal.impl.types.error.ErrorTypeConstructor
1606:             5            200  org.yaml.snakeyaml.DumperOptions$ScalarStyle
1607:             5            200  sun.nio.fs.NativeBuffer (java.base@21.0.6)
1608:             5            200  sun.security.x509.KeyUsageExtension (java.base@21.0.6)
1609:             5            200  sun.security.x509.SubjectKeyIdentifierExtension (java.base@21.0.6)
1610:             1            192  [Lcom.aerospike.client.async.EventState;
1611:             1            192  [Lcom.aerospike.client.async.NettyEventLoop;
1612:             1            192  [Lcom.aerospike.client.cluster.Node$AsyncPool;
1613:             1            192  [Ljava.lang.reflect.ClassFileFormatVersion; (java.base@21.0.6)
1614:             6            192  ch.qos.logback.core.pattern.LiteralConverter
1615:             4            192  ch.qos.logback.core.util.COWArrayList
1616:             2            192  com.aerospike.client.policy.BatchPolicy
1617:             6            192  com.aerospike.connect.metrics.ThreadStatesGaugeSet$$Lambda/0x000079d52c337ab0
1618:             1            192  com.aerospike.vector.VectorDbMain$addShutdownHook$1
1619:             8            192  com.aerospike.vector.client.proto.IndexServiceGrpc$IndexServiceMethodDescriptorSupplier
1620:             8            192  com.aerospike.vector.client.proto.IndexServiceGrpc$MethodHandlers
1621:             8            192  com.aerospike.vector.client.proto.UserAdminServiceGrpc$MethodHandlers
1622:             8            192  com.aerospike.vector.client.proto.UserAdminServiceGrpc$UserAdminServiceMethodDescriptorSupplier
1623:             6            192  com.aerospike.vector.client.proto.VectorDistanceMetric
1624:             6            192  com.aerospike.vector.client.proto.WriteType
1625:             1            192  com.aerospike.vector.cluster.ClusterRegister
1626:             3            192  com.aerospike.vector.heartbeat.Heartbeat$ClusterPayload
1627:             6            192  com.aerospike.vector.index.metrics.NodeFitnessProbabilities
1628:             8            192  com.aerospike.vector.index.metrics.PerIndexMetrics$$Lambda/0x000079d52c89d218
1629:             8            192  com.aerospike.vector.index.metrics.PerIndexMetrics$$Lambda/0x000079d52c89d648
1630:             6            192  com.cronutils.model.field.definition.FieldDefinition
1631:             6            192  com.cronutils.model.field.value.SpecialChar
1632:             6            192  com.fasterxml.jackson.annotation.JsonAutoDetect$Visibility
1633:             6            192  com.fasterxml.jackson.core.JsonParser$NumberType
1634:             4            192  com.fasterxml.jackson.core.util.Separators$Spacing
1635:             3            192  com.fasterxml.jackson.databind.cfg.ConfigOverrides
1636:            12            192  com.fasterxml.jackson.databind.node.IntNode
1637:             4            192  com.fasterxml.jackson.databind.ser.impl.ReadOnlyClassToSerializerMap$Bucket
1638:             8            192  com.google.inject.matcher.Matchers$IdenticalTo
1639:             4            192  com.sun.jmx.mbeanserver.DefaultMXBeanMappingFactory$ArrayMapping (java.management@21.0.6)
1640:             4            192  com.sun.jmx.mbeanserver.DefaultMXBeanMappingFactory$EnumMapping (java.management@21.0.6)
1641:             6            192  io.grpc.internal.KeepAliveManager$State
1642:             2            192  io.netty.buffer.PooledByteBufAllocator
1643:             4            192  io.undertow.server.handlers.cache.LRUCache$CacheEntry
1644:             8            192  jakarta.ws.rs.core.MultivaluedHashMap
1645:             6            192  jakarta.ws.rs.core.Response$Status$Family
1646:             4            192  java.io.FileOutputStream (java.base@21.0.6)
1647:             6            192  java.lang.StringBuilder (java.base@21.0.6)
1648:             6            192  java.lang.Thread$State (java.base@21.0.6)
1649:             3            192  java.lang.ThreadGroup (java.base@21.0.6)
1650:             3            192  java.lang.invoke.BoundMethodHandle$Species_LI (java.base@21.0.6)
1651:             3            192  java.lang.invoke.VarHandleReferences$Array (java.base@21.0.6)
1652:             4            192  java.security.MessageDigest$Delegate$CloneableDelegate (java.base@21.0.6)
1653:             3            192  jdk.internal.foreign.layout.ValueLayouts$OfFloatImpl (java.base@21.0.6)
1654:             3            192  jdk.internal.foreign.layout.ValueLayouts$OfIntImpl (java.base@21.0.6)
1655:             6            192  jdk.internal.perf.PerfCounter (java.base@21.0.6)
1656:             2            192  kotlin.collections.builders.MapBuilder
1657:             8            192  kotlin.reflect.jvm.internal.impl.builtins.PrimitiveType$$Lambda$0
1658:             8            192  kotlin.reflect.jvm.internal.impl.builtins.PrimitiveType$$Lambda$1
1659:             8            192  kotlin.reflect.jvm.internal.impl.load.kotlin.JvmType$Primitive
1660:             6            192  kotlin.reflect.jvm.internal.impl.load.kotlin.header.KotlinClassHeader$Kind
1661:             6            192  kotlin.reflect.jvm.internal.impl.metadata.ProtoBuf$Visibility
1662:             8            192  kotlin.reflect.jvm.internal.impl.protobuf.LazyStringArrayList
1663:             8            192  kotlin.reflect.jvm.internal.impl.protobuf.UnmodifiableLazyStringList
1664:             6            192  kotlin.reflect.jvm.internal.impl.serialization.deserialization.ClassDeserializer$ClassKey
1665:             6            192  kotlin.reflect.jvm.internal.impl.types.IndexedParametersSubstitution
1666:             4            192  org.bouncycastle.crypto.params.DSAParameters
1667:             6            192  org.bouncycastle.pqc.jcajce.provider.dilithium.DilithiumKeyFactorySpi
1668:             4            192  org.glassfish.hk2.utilities.cache.LRUHybridCache
1669:             8            192  org.glassfish.jersey.internal.util.collection.Values$InstanceValue
1670:             6            192  org.glassfish.jersey.jackson.internal.jackson.jaxrs.cfg.JaxRSFeature
1671:             6            192  org.jboss.logging.Logger$Level
1672:             4            192  org.jvnet.hk2.internal.FactoryCreator
1673:             6            192  sun.security.util.DisabledAlgorithmConstraints$Constraint$Operator (java.base@21.0.6)
1674:             6            192  sun.security.x509.AccessDescription (java.base@21.0.6)
1675:             3            184  [Ljava.lang.invoke.LambdaForm$BasicType; (java.base@21.0.6)
1676:             1            184  [Lorg.glassfish.jersey.server.internal.ServerTraceEvent;
1677:             1            184  com.aerospike.client.cluster.Node
1678:             1            184  com.aerospike.vector.index.IndexService
1679:             1            184  com.aerospike.vector.index.StandaloneIndexWorker
1680:             1            184  io.undertow.server.protocol.http.HttpServerConnection
1681:             1            184  java.util.logging.LogManager$Cleaner (java.logging@21.0.6)
1682:             1            184  jdk.internal.loader.ClassLoaders$AppClassLoader (java.base@21.0.6)
1683:             1            184  jdk.internal.loader.ClassLoaders$BootClassLoader (java.base@21.0.6)
1684:             1            184  jdk.internal.loader.ClassLoaders$PlatformClassLoader (java.base@21.0.6)
1685:             1            184  kotlin.reflect.jvm.internal.impl.descriptors.impl.PropertyDescriptorImpl
1686:             1            184  kotlin.reflect.jvm.internal.impl.serialization.deserialization.DeserializationComponents
1687:             2            176  [Ljava.nio.file.attribute.PosixFilePermission; (java.base@21.0.6)
1688:             2            176  com.aerospike.vector.exchange.ClusterServiceState
1689:             2            176  io.grpc.InternalChannelz$ServerSocketMap
1690:             1            176  io.undertow.servlet.core.DeploymentImpl
1691:             1            176  java.lang.ref.Finalizer$FinalizerThread (java.base@21.0.6)
1692:             1            176  java.lang.ref.Reference$ReferenceHandler (java.base@21.0.6)
1693:             1            176  jdk.internal.misc.InnocuousThread (java.base@21.0.6)
1694:             1            176  kotlin.reflect.jvm.internal.impl.descriptors.impl.ClassConstructorDescriptorImpl
1695:             2            176  org.glassfish.jersey.jackson.internal.jackson.jaxrs.util.LRUMap
1696:             1            168  [Lcom.fasterxml.jackson.core.JsonParser$Feature;
1697:             6            168  [Lcom.fasterxml.jackson.databind.ser.Serializers;
1698:             3            168  [Lcom.github.benmanes.caffeine.cache.RemovalCause;
1699:             7            168  [Lcom.google.protobuf.Descriptors$ServiceDescriptor;
1700:             1            168  [Lkotlin.reflect.jvm.internal.impl.util.Checks;
1701:             3            168  [Lsun.invoke.util.ValueConversions$WrapperCache; (java.base@21.0.6)
1702:             1            168  [Lsun.security.util.ObjectIdentifier; (java.base@21.0.6)
1703:             1            168  [Lsun.util.locale.BaseLocale; (java.base@21.0.6)
1704:             1            168  [[Ljava.lang.Byte; (java.base@21.0.6)
1705:             7            168  ch.qos.logback.classic.Level
1706:             3            168  com.aerospike.vector.client.proto.ProjectionSpec
1707:             1            168  com.aerospike.vector.exchange.ExchangeService
1708:             3            168  com.aerospike.vector.index.IndexCatalog$cancellableFlow$1
1709:             3            168  com.aerospike.vector.index.IndexLog$cancellableFlow$1
1710:             1            168  com.aerospike.vector.index.Indexer
1711:             7            168  com.aerospike.vector.index.metrics.PerIndexMetrics$$Lambda/0x000079d52c8a5e88
1712:             7            168  com.codahale.metrics.jvm.MemoryUsageGaugeSet$$Lambda/0x000079d52c336a20
1713:             7            168  com.codahale.metrics.jvm.MemoryUsageGaugeSet$$Lambda/0x000079d52c336c38
1714:             7            168  com.codahale.metrics.jvm.MemoryUsageGaugeSet$$Lambda/0x000079d52c336e50
1715:             7            168  com.codahale.metrics.jvm.MemoryUsageGaugeSet$$Lambda/0x000079d52c337068
1716:             7            168  com.cronutils.parser.FieldParser
1717:             3            168  com.fasterxml.jackson.databind.cfg.DeserializerFactoryConfig
1718:             1            168  com.fasterxml.jackson.dataformat.yaml.YAMLFactory
1719:             3            168  com.github.benmanes.caffeine.cache.PSA
1720:             3            168  com.google.common.io.BaseEncoding$Base64Encoding
1721:             3            168  java.io.BufferedWriter (java.base@21.0.6)
1722:             3            168  java.lang.invoke.VarHandleBooleans$FieldInstanceReadWrite (java.base@21.0.6)
1723:             7            168  java.util.concurrent.ConcurrentHashMap$EntrySetView (java.base@21.0.6)
1724:             7            168  java.util.regex.Pattern$$Lambda/0x000079d52c060ec0 (java.base@21.0.6)
1725:             1            168  jdk.internal.jimage.ImageReader$SharedImageReader (java.base@21.0.6)
1726:             7            168  jdk.proxy1.$Proxy49 (jdk.proxy1)
1727:             7            168  jdk.proxy2.$Proxy59 (jdk.proxy2)
1728:             7            168  kotlin.reflect.jvm.internal.impl.descriptors.impl.AbstractClassDescriptor$1
1729:             7            168  kotlin.reflect.jvm.internal.impl.descriptors.impl.AbstractClassDescriptor$2
1730:             7            168  kotlin.reflect.jvm.internal.impl.descriptors.impl.AbstractClassDescriptor$3
1731:             3            168  kotlin.reflect.jvm.internal.impl.resolve.scopes.SubstitutingScope
1732:             7            168  kotlin.reflect.jvm.internal.impl.serialization.deserialization.DeserializedPackageFragmentImpl$$Lambda$0
1733:             7            168  kotlin.reflect.jvm.internal.impl.serialization.deserialization.DeserializedPackageFragmentImpl$$Lambda$1
1734:             7            168  kotlin.reflect.jvm.internal.impl.types.TypeSubstitutor
1735:             7            168  org.bouncycastle.asn1.ASN1Tag
1736:             1            168  sun.nio.ch.SocketChannelImpl (java.base@21.0.6)
1737:             1            160  [Lcom.aerospike.client.Operation$Type;
1738:             2            160  [Lcom.aerospike.vector.client.proto.StandaloneIndexState;
1739:             5            160  [Lcom.aerospike.vector.config.InterconnectChannelType;
1740:             2            160  [Lcom.cronutils.model.field.CronFieldName;
1741:             2            160  [Lcom.google.common.cache.LocalCache$EntryFactory;
1742:             5            160  [Ljava.util.concurrent.ConcurrentHashMap$CounterCell; (java.base@21.0.6)
1743:             2            160  [Lkotlin.reflect.jvm.internal.impl.builtins.PrimitiveType;
1744:             1            160  [Lkotlin.reflect.jvm.internal.impl.protobuf.WireFormat$FieldType;
1745:             2            160  [Lorg.glassfish.jersey.internal.guava.LocalCache$EntryFactory;
1746:             2            160  ch.qos.logback.classic.encoder.PatternLayoutEncoder
1747:             5            160  ch.qos.logback.core.pattern.parser.TokenStream$TokenizerState
1748:             4            160  ch.qos.logback.core.util.CachingDateFormatter
1749:             5            160  com.aerospike.client.async.EventLoopType
1750:             5            160  com.aerospike.client.policy.RecordExistsAction
1751:             5            160  com.aerospike.client.policy.Replica
1752:             4            160  com.aerospike.vector.heartbeat.Heartbeat$SocketEndpointList
1753:             5            160  com.aerospike.vector.index.cache.FuzzyExpiry
1754:             2            160  com.aerospike.vector.metrics.ConnectionMetrics
1755:             5            160  com.fasterxml.jackson.annotation.Nulls
1756:             5            160  com.fasterxml.jackson.core.JsonFactory$Feature
1757:             4            160  com.fasterxml.jackson.core.StreamReadCapability
1758:             4            160  com.fasterxml.jackson.databind.cfg.SerializerFactoryConfig
1759:             2            160  com.fasterxml.jackson.databind.deser.std.StringCollectionDeserializer
1760:             4            160  com.fasterxml.jackson.databind.util.TypeKey
1761:             5            160  com.github.benmanes.caffeine.cache.FrequencySketch
1762:             5            160  com.github.benmanes.caffeine.cache.TimerWheel
1763:             5            160  com.github.benmanes.caffeine.cache.WriteOrderDeque
1764:             4            160  com.google.protobuf.Descriptors$FileDescriptor$Syntax
1765:             1            160  com.sun.crypto.provider.SunJCE (java.base@21.0.6)
1766:             1            160  com.sun.security.sasl.Provider (java.security.sasl@21.0.6)
1767:             1            160  com.sun.security.sasl.gsskerb.JdkSASL (jdk.security.jgss@21.0.6)
1768:             5            160  io.grpc.ConnectivityState
1769:             5            160  io.grpc.MethodDescriptor$MethodType
1770:             2            160  io.netty.buffer.UnpooledByteBufAllocator$InstrumentedUnpooledUnsafeDirectByteBuf
1771:             5            160  io.netty.util.concurrent.DefaultEventExecutorChooserFactory$PowerOfTwoEventExecutorChooser
1772:             5            160  io.netty.util.internal.logging.InternalLogLevel
1773:            10            160  io.undertow.server.ConnectorStatisticsImpl$BytesReceivedAccumulator
1774:            10            160  io.undertow.server.ConnectorStatisticsImpl$BytesSentAccumulator
1775:             2            160  io.undertow.server.DefaultByteBufferPool
1776:             5            160  jakarta.servlet.DispatcherType
1777:             5            160  jakarta.servlet.http.MappingMatch
1778:             1            160  java.lang.invoke.BoundMethodHandle$Species_LLLLLLLLLLLLLL (java.base@21.0.6)
1779:             4            160  java.lang.module.ModuleDescriptor$Opens (java.base@21.0.6)
1780:             5            160  java.time.format.SignStyle (java.base@21.0.6)
1781:             4            160  java.util.jar.Manifest (java.base@21.0.6)
1782:             5            160  java.util.regex.Pattern$CharProperty (java.base@21.0.6)
1783:             5            160  java.util.stream.StreamOpFlag$Type (java.base@21.0.6)
1784:             2            160  javax.management.openmbean.TabularType (java.management@21.0.6)
1785:             5            160  jdk.incubator.vector.VectorOperators$TestImpl (jdk.incubator.vector@21.0.6)
1786:             4            160  jdk.internal.reflect.MethodHandleObjectFieldAccessorImpl (java.base@21.0.6)
1787:             5            160  kotlin.KotlinVersion
1788:             5            160  kotlin.reflect.jvm.internal.impl.builtins.jvm.JvmBuiltInsCustomizer$JDKMemberStatus
1789:             5            160  kotlin.reflect.jvm.internal.impl.load.java.JavaDefaultQualifiers
1790:             5            160  kotlin.reflect.jvm.internal.impl.types.AbstractTypeConstructor$Supertypes
1791:             5            160  kotlin.reflect.jvm.internal.impl.types.TypeProjectionImpl
1792:             5            160  kotlin.reflect.jvm.internal.impl.types.error.ErrorScope
1793:             4            160  kotlinx.coroutines.channels.BufferedChannel$BufferedChannelIterator
1794:             5            160  kotlinx.coroutines.scheduling.CoroutineScheduler$WorkerState
1795:             5            160  org.bouncycastle.jcajce.provider.asymmetric.ec.KeyFactorySpi$ECMQV
1796:             2            160  org.glassfish.hk2.utilities.cache.internal.WeakCARCacheImpl
1797:             5            160  org.glassfish.jersey.internal.util.ExtendedLogger
1798:             5            160  org.glassfish.jersey.message.internal.HttpHeaderReader$Event
1799:             1            160  org.glassfish.jersey.server.ServerBootstrapBag
1800:             1            160  org.glassfish.jersey.server.internal.ProcessingProviders
1801:             1            160  org.jcp.xml.dsig.internal.dom.XMLDSigRI (java.xml.crypto@21.0.6)
1802:             5            160  picocli.CommandLine$ParseResult$GroupValidationResult$Type
1803:             1            160  sun.security.ec.SunEC (jdk.crypto.ec@21.0.6)
1804:             1            160  sun.security.jca.ProviderList$1 (java.base@21.0.6)
1805:             5            160  sun.security.jca.ServiceId (java.base@21.0.6)
1806:             1            160  sun.security.jgss.SunProvider (java.security.jgss@21.0.6)
1807:             1            160  sun.security.provider.certpath.ldap.JdkLDAP (java.naming@21.0.6)
1808:             1            160  sun.security.rsa.SunRsaSign (java.base@21.0.6)
1809:             1            160  sun.security.smartcardio.SunPCSC (java.smartcardio@21.0.6)
1810:             1            160  sun.security.ssl.SunJSSE (java.base@21.0.6)
1811:             4            160  sun.security.x509.BasicConstraintsExtension (java.base@21.0.6)
1812:             5            160  sun.security.x509.CertificateExtensions (java.base@21.0.6)
1813:             5            160  sun.security.x509.CertificateValidity (java.base@21.0.6)
1814:             5            160  sun.security.x509.PolicyInformation (java.base@21.0.6)
1815:             1            152  com.aerospike.vector.cluster.PaxosProposer
1816:             1            152  com.aerospike.vector.heartbeat.AdjacencyMonitor
1817:             1            152  com.aerospike.vector.index.cache.IndexCacheCoordinator
1818:             1            152  io.undertow.servlet.spec.ServletContextImpl
1819:             1            152  kotlin.reflect.jvm.internal.impl.serialization.deserialization.builtins.BuiltInSerializerProtocol
1820:             1            152  sun.util.cldr.CLDRLocaleProviderAdapter (java.base@21.0.6)
1821:             2            144  [Lcom.aerospike.vector.client.proto.NodeRole;
1822:             6            144  [Lcom.github.benmanes.caffeine.cache.Buffer;
1823:             1            144  [Lio.netty.handler.codec.http.HttpMethod$EnumNameMap$Node;
1824:             1            144  [Ljava.time.temporal.ChronoUnit; (java.base@21.0.6)
1825:             2            144  [Lkotlin.reflect.jvm.internal.impl.metadata.ProtoBuf$Class$Kind;
1826:             6            144  [Lkotlin.reflect.jvm.internal.impl.types.TypeProjection;
1827:             1            144  [Lorg.glassfish.jersey.message.internal.MsgTraceEvent;
1828:             2            144  ch.qos.logback.classic.pattern.LoggerConverter
1829:             6            144  com.aerospike.vector.client.proto.TransactServiceGrpc$MethodHandlers
1830:             6            144  com.aerospike.vector.client.proto.TransactServiceGrpc$TransactServiceMethodDescriptorSupplier
1831:             1            144  com.aerospike.vector.embedded.client.config.ClientPolicyConfig
1832:             1            144  com.aerospike.vector.index.IndexCleaner
1833:             6            144  com.aerospike.vector.index.TransactServiceInternalGrpc$MethodHandlers
1834:             6            144  com.aerospike.vector.index.TransactServiceInternalGrpc$TransactServiceInternalMethodDescriptorSupplier
1835:             1            144  com.aerospike.vector.index.merge.coordinator.IndexMergeCoordinator
1836:             3            144  com.aerospike.vector.index.metrics.IndexMetricsRegistry
1837:             6            144  com.aerospike.vector.index.metrics.PerIndexMetrics$$Lambda/0x000079d52c89e858
1838:             6            144  com.aerospike.vector.index.metrics.PerIndexMetrics$$Lambda/0x000079d52c89ea70
1839:             6            144  com.aerospike.vector.index.metrics.PerIndexMetrics$$Lambda/0x000079d52c89ec88
1840:             6            144  com.aerospike.vector.index.metrics.PerIndexMetrics$$Lambda/0x000079d52c89eea0
1841:             6            144  com.aerospike.vector.index.metrics.PerIndexMetrics$$Lambda/0x000079d52c89f0b8
1842:             6            144  com.aerospike.vector.index.metrics.PerIndexMetrics$$Lambda/0x000079d52c89f2d0
1843:             6            144  com.aerospike.vector.index.metrics.PerIndexMetrics$$Lambda/0x000079d52c89f4e8
1844:             6            144  com.aerospike.vector.index.metrics.PerIndexMetrics$$Lambda/0x000079d52c8a0c90
1845:             6            144  com.aerospike.vector.index.metrics.PerIndexMetrics$$Lambda/0x000079d52c8a0ea8
1846:             6            144  com.aerospike.vector.index.metrics.PerIndexMetrics$$Lambda/0x000079d52c8a1920
1847:             6            144  com.aerospike.vector.index.metrics.PerIndexMetrics$$Lambda/0x000079d52c8a1b38
1848:             6            144  com.aerospike.vector.index.metrics.PerIndexMetrics$$Lambda/0x000079d52c8a29e0
1849:             6            144  com.aerospike.vector.index.metrics.PerIndexMetrics$$Lambda/0x000079d52c8a3240
1850:             6            144  com.aerospike.vector.index.metrics.PerIndexMetrics$$Lambda/0x000079d52c8a3ed0
1851:             6            144  com.aerospike.vector.index.metrics.PerIndexMetrics$$Lambda/0x000079d52c8a4300
1852:             6            144  com.aerospike.vector.index.metrics.PerIndexMetrics$$Lambda/0x000079d52c8a4518
1853:             6            144  com.aerospike.vector.index.metrics.PerIndexMetrics$$Lambda/0x000079d52c8a5a60
1854:             1            144  com.aerospike.vector.server.grpc.GrpcInterconnectServer
1855:             3            144  com.fasterxml.jackson.core.Version
1856:             3            144  com.fasterxml.jackson.core.sym.ByteQuadsCanonicalizer$TableInfo
1857:             2            144  com.fasterxml.jackson.core.util.Separators
1858:             3            144  com.fasterxml.jackson.databind.cfg.CoercionConfigs
1859:             6            144  com.fasterxml.jackson.databind.ser.std.ToStringSerializer
1860:             3            144  com.fasterxml.jackson.databind.util.EnumResolver
1861:             6            144  com.github.benmanes.caffeine.cache.BoundedBuffer
1862:             6            144  com.github.benmanes.caffeine.cache.BoundedLocalCache$$Lambda/0x000079d52c4ce450
1863:             2            144  com.github.benmanes.caffeine.cache.BoundedLocalCache$BoundedPolicy
1864:             6            144  com.google.inject.assistedinject.BindingCollector
1865:             6            144  com.google.protobuf.FieldSet
1866:             6            144  com.google.protobuf.MapEntry$Metadata$1
1867:             3            144  io.netty.buffer.EmptyByteBuf
1868:             6            144  io.netty.util.Recycler$2
1869:             3            144  io.netty.util.concurrent.DefaultThreadFactory
1870:             6            144  io.netty.util.concurrent.MultithreadEventExecutorGroup$1
1871:             6            144  io.netty.util.internal.ObjectPool$RecyclerObjectPool
1872:             2            144  io.undertow.servlet.core.ManagedServlet
1873:             2            144  io.undertow.servlet.core.ManagedServlet$DefaultInstanceStrategy
1874:             3            144  java.io.FileInputStream (java.base@21.0.6)
1875:             2            144  java.io.PrintStream (java.base@21.0.6)
1876:             9            144  java.lang.ClassValue$Identity (java.base@21.0.6)
1877:             3            144  java.lang.Runtime$Version (java.base@21.0.6)
1878:             2            144  java.lang.invoke.MethodHandleImpl$WrappedMember (java.base@21.0.6)
1879:             2            144  java.nio.DirectIntBufferRU (java.base@21.0.6)
1880:             6            144  java.util.Collections$UnmodifiableMap$UnmodifiableEntrySet (java.base@21.0.6)
1881:             3            144  java.util.HexFormat (java.base@21.0.6)
1882:             2            144  java.util.Locale$Category (java.base@21.0.6)
1883:             3            144  java.util.concurrent.ScheduledThreadPoolExecutor$DelayedWorkQueue (java.base@21.0.6)
1884:             6            144  java.util.concurrent.locks.ReentrantReadWriteLock$Sync$HoldCounter (java.base@21.0.6)
1885:             6            144  java.util.regex.Pattern$$Lambda/0x000079d52c061140 (java.base@21.0.6)
1886:             3            144  javax.management.MBeanConstructorInfo (java.management@21.0.6)
1887:             2            144  jdk.internal.foreign.layout.ValueLayouts$OfAddressImpl (java.base@21.0.6)
1888:             6            144  jdk.proxy2.$Proxy21 (jdk.proxy2)
1889:             6            144  jdk.proxy2.$Proxy24 (jdk.proxy2)
1890:             6            144  jdk.proxy2.$Proxy6 (jdk.proxy2)
1891:             6            144  kotlin.reflect.jvm.internal.impl.descriptors.ScopesHolderForClass$$Lambda$0
1892:             6            144  kotlin.reflect.jvm.internal.impl.descriptors.impl.AbstractClassDescriptor$1$1
1893:             3            144  kotlin.reflect.jvm.internal.impl.descriptors.impl.LazyClassReceiverParameterDescriptor
1894:             6            144  kotlin.reflect.jvm.internal.impl.serialization.deserialization.descriptors.DeserializedClassDescriptor$$Lambda$0
1895:             6            144  kotlin.reflect.jvm.internal.impl.serialization.deserialization.descriptors.DeserializedClassDescriptor$$Lambda$1
1896:             6            144  kotlin.reflect.jvm.internal.impl.serialization.deserialization.descriptors.DeserializedClassDescriptor$$Lambda$2
1897:             6            144  kotlin.reflect.jvm.internal.impl.serialization.deserialization.descriptors.DeserializedClassDescriptor$$Lambda$3
1898:             6            144  kotlin.reflect.jvm.internal.impl.serialization.deserialization.descriptors.DeserializedClassDescriptor$$Lambda$4
1899:             6            144  kotlin.reflect.jvm.internal.impl.serialization.deserialization.descriptors.DeserializedClassDescriptor$DeserializedClassMemberScope$$Lambda$0
1900:             6            144  kotlin.reflect.jvm.internal.impl.serialization.deserialization.descriptors.DeserializedClassDescriptor$DeserializedClassMemberScope$$Lambda$1
1901:             6            144  kotlin.reflect.jvm.internal.impl.serialization.deserialization.descriptors.DeserializedClassDescriptor$DeserializedClassMemberScope$$Lambda$2
1902:             6            144  kotlin.reflect.jvm.internal.impl.serialization.deserialization.descriptors.DeserializedClassDescriptor$DeserializedClassTypeConstructor$$Lambda$0
1903:             3            144  kotlin.reflect.jvm.internal.impl.types.Variance
1904:             3            144  kotlinx.coroutines.internal.LockFreeTaskQueueCore
1905:             6            144  kotlinx.coroutines.sync.MutexImpl$$Lambda/0x000079d52c55a2f8
1906:             6            144  kotlinx.coroutines.sync.SemaphoreAndMutexImpl$$Lambda/0x000079d52c559ef0
1907:             6            144  org.glassfish.jersey.internal.guava.LocalCache$LocalManualCache
1908:             2            144  org.glassfish.jersey.internal.util.collection.KeyComparatorHashMap
1909:             6            144  org.glassfish.jersey.internal.util.collection.LRU$LRUFactory$1
1910:             6            144  org.xnio.nio.Log_$logger
1911:             3            144  sun.net.spi.DefaultProxySelector$NonProxyInfo (java.base@21.0.6)
1912:             1            144  sun.reflect.misc.MethodUtil (java.base@21.0.6)
1913:             3            144  sun.security.x509.CRLDistributionPointsExtension (java.base@21.0.6)
1914:             3            144  sun.security.x509.DistributionPoint (java.base@21.0.6)
1915:             1            144  sun.util.locale.provider.JRELocaleProviderAdapter (java.base@21.0.6)
1916:             2            136  [Lsun.security.jca.ProviderConfig; (java.base@21.0.6)
1917:             1            136  com.aerospike.vector.heartbeat.HeartbeatTransmitter
1918:             1            136  com.aerospike.vector.interconnect.InterconnectChannelProvider
1919:             1            136  com.aerospike.vector.server.grpc.GrpcVectorDbServer
1920:             1            136  java.lang.invoke.BoundMethodHandle$Species_LLLLLLLLLLL (java.base@21.0.6)
1921:             2            128  [Lcom.aerospike.vector.client.proto.VectorDistanceMetric;
1922:             2            128  [Lcom.aerospike.vector.client.proto.WriteType;
1923:             2            128  [Lio.netty.handler.codec.http.HttpStatusClass;
1924:             2            128  [Ljava.lang.OutOfMemoryError; (java.base@21.0.6)
1925:             1            128  [Ljavax.management.openmbean.SimpleType; (java.management@21.0.6)
1926:             2            128  [Lkotlin.reflect.jvm.internal.impl.metadata.ProtoBuf$Visibility;
1927:             1            128  [Lkotlin.reflect.jvm.internal.impl.renderer.DescriptorRendererModifier;
1928:             1            128  [Lorg.glassfish.jersey.server.monitoring.RequestEvent$Type;
1929:             2            128  [[Ljava.lang.invoke.MethodHandle; (java.base@21.0.6)
1930:             4            128  ch.qos.logback.core.pattern.parser.Token
1931:             4            128  ch.qos.logback.core.util.CachingDateFormatter$CacheTuple
1932:             1            128  com.aerospike.client.AerospikeClient
1933:             4            128  com.aerospike.client.BatchRecord$Type
1934:             4            128  com.aerospike.client.Log$Level
1935:             4            128  com.aerospike.client.cluster.Partitions
1936:             4            128  com.aerospike.client.policy.AuthMode
1937:             4            128  com.aerospike.client.policy.ReadModeSC
1938:             2            128  com.aerospike.vector.client.proto.AboutResponse
1939:             4            128  com.aerospike.vector.client.proto.ProjectionType
1940:             4            128  com.aerospike.vector.cluster.JoinRequestResult
1941:             4            128  com.aerospike.vector.cluster.events.StateChangeQualifier
1942:             4            128  com.aerospike.vector.exchange.ExchangeState
1943:             4            128  com.aerospike.vector.index.IndexLogEntry$OperationCase
1944:             1            128  com.aerospike.vector.index.StandaloneIndexCoordinator
1945:             4            128  com.fasterxml.jackson.annotation.JsonCreator$Mode
1946:             4            128  com.fasterxml.jackson.annotation.JsonProperty$Access
1947:             4            128  com.fasterxml.jackson.databind.cfg.CoercionAction
1948:             4            128  com.fasterxml.jackson.databind.cfg.ConstructorDetector$SingleArgConstructor
1949:             1            128  com.fasterxml.jackson.databind.deser.impl.SetterlessProperty
1950:             2            128  com.fasterxml.jackson.module.kotlin.ReflectionCache
1951:             4            128  com.google.inject.internal.Initializer$InjectableReferenceState
1952:             4            128  com.google.inject.internal.InternalFlags$CustomClassLoadingOption
1953:             2            128  com.google.protobuf.DescriptorProtos$EnumValueOptions
1954:             4            128  io.grpc.CallOptions$Key
1955:             4            128  io.grpc.ChannelLogger$ChannelLogLevel
1956:             4            128  io.grpc.InternalChannelz$ChannelTrace$Event$Severity
1957:             4            128  io.grpc.internal.ClientStreamListener$RpcProgress
1958:             4            128  io.grpc.netty.Utils$DefaultEventLoopGroupResource
1959:             4            128  io.netty.channel.DefaultChannelPipeline$AddStrategy
1960:             2            128  io.netty.channel.group.DefaultChannelGroup
1961:             4            128  io.netty.util.ResourceLeakDetector$Level
1962:             4            128  io.undertow.security.impl.SecurityContextImpl$AuthenticationState
1963:             1            128  io.undertow.server.session.InMemorySessionManager
1964:             4            128  io.undertow.servlet.api.TransportGuaranteeType
1965:             4            128  io.undertow.servlet.handlers.ServletChain$1
1966:             4            128  io.undertow.servlet.handlers.security.ServletSecurityRoleHandler
1967:             8            128  java.lang.Float (java.base@21.0.6)
1968:             2            128  java.lang.ModuleLayer (java.base@21.0.6)
1969:             2            128  java.lang.module.Configuration (java.base@21.0.6)
1970:             4            128  java.lang.module.ModuleDescriptor$Modifier (java.base@21.0.6)
1971:             4            128  java.lang.module.ModuleDescriptor$Requires$Modifier (java.base@21.0.6)
1972:             4            128  java.text.Normalizer$Form (java.base@21.0.6)
1973:             4            128  java.time.LocalDateTime (java.base@21.0.6)
1974:             4            128  java.time.format.DateTimeFormatterBuilder$OffsetIdPrinterParser (java.base@21.0.6)
1975:             4            128  java.time.format.DateTimeFormatterBuilder$SettingsParser (java.base@21.0.6)
1976:             2            128  java.time.format.DateTimeFormatterBuilder$ZoneTextPrinterParser (java.base@21.0.6)
1977:             4            128  java.util.concurrent.Executors$RunnableAdapter (java.base@21.0.6)
1978:             4            128  java.util.regex.Pattern$Qtype (java.base@21.0.6)
1979:             4            128  java.util.stream.StreamShape (java.base@21.0.6)
1980:             2            128  jdk.internal.foreign.layout.ValueLayouts$OfByteImpl (java.base@21.0.6)
1981:             2            128  jdk.internal.foreign.layout.ValueLayouts$OfCharImpl (java.base@21.0.6)
1982:             2            128  jdk.internal.foreign.layout.ValueLayouts$OfDoubleImpl (java.base@21.0.6)
1983:             2            128  jdk.internal.foreign.layout.ValueLayouts$OfLongImpl (java.base@21.0.6)
1984:             2            128  jdk.internal.foreign.layout.ValueLayouts$OfShortImpl (java.base@21.0.6)
1985:             4            128  jdk.internal.logger.BootstrapLogger$LoggingBackend (java.base@21.0.6)
1986:             4            128  jdk.internal.util.OperatingSystem (java.base@21.0.6)
1987:             4            128  jdk.jfr.internal.SecuritySupport$SafePath (jdk.jfr@21.0.6)
1988:             4            128  kotlin.reflect.jvm.internal.impl.descriptors.CallableMemberDescriptor$Kind
1989:             4            128  kotlin.reflect.jvm.internal.impl.descriptors.Modality
1990:             4            128  kotlin.reflect.jvm.internal.impl.descriptors.impl.FieldDescriptorImpl
1991:             4            128  kotlin.reflect.jvm.internal.impl.load.java.descriptors.JavaMethodDescriptor$ParameterNamesStatus
1992:             4            128  kotlin.reflect.jvm.internal.impl.metadata.ProtoBuf$MemberKind
1993:             4            128  kotlin.reflect.jvm.internal.impl.metadata.ProtoBuf$Modality
1994:             4            128  kotlin.reflect.jvm.internal.impl.metadata.ProtoBuf$Type$Argument$Projection
1995:             4            128  kotlin.reflect.jvm.internal.impl.metadata.deserialization.Flags$EnumLiteFlagField
1996:             4            128  kotlin.reflect.jvm.internal.impl.serialization.deserialization.AnnotatedCallableKind
1997:             4            128  kotlinx.coroutines.CoroutineStart
1998:             4            128  net.engio.mbassy.bus.MessagePublication$State
1999:             4            128  org.apache.commons.math3.ml.clustering.KMeansPlusPlusClusterer$EmptyClusterStrategy
2000:             4            128  org.bouncycastle.crypto.CryptoServicesPermission
2001:             4            128  org.bouncycastle.crypto.params.DSAValidationParameters
2002:             2            128  org.glassfish.jersey.internal.ServiceFinderBinder
2003:             2            128  org.glassfish.jersey.server.model.internal.ModelProcessorUtil$Method
2004:             4            128  org.glassfish.jersey.uri.internal.TemplateVariable$Position
2005:             4            128  org.slf4j.helpers.BasicMarker
2006:             4            128  org.yaml.snakeyaml.nodes.NodeId
2007:             4            128  picocli.CommandLine$TraceLevel
2008:             4            128  sun.nio.ch.Util$BufferCache (java.base@21.0.6)
2009:             4            128  sun.security.provider.DRBG (java.base@21.0.6)
2010:             4            128  sun.security.provider.certpath.X509CertPath (java.base@21.0.6)
2011:             1            120  [Lcom.fasterxml.jackson.core.JsonGenerator$Feature;
2012:             1            120  [Lcom.fasterxml.jackson.core.JsonToken;
2013:             1            120  [Lcom.fasterxml.jackson.databind.type.LogicalType;
2014:             4            120  [Lcom.google.protobuf.Descriptors$EnumDescriptor;
2015:             2            120  [Lkotlin.reflect.jvm.internal.impl.load.java.AnnotationQualifierApplicabilityType;
2016:             1            120  [Lkotlin.reflect.jvm.internal.impl.metadata.ProtoBuf$Annotation$Argument$Value$Type;
2017:             1            120  [Lorg.glassfish.jersey.uri.UriComponent$Type;
2018:             1            120  [[Z (java.base@21.0.6)
2019:             1            120  com.aerospike.client.policy.QueryPolicy
2020:             3            120  com.aerospike.vector.config.PortConfig
2021:             3            120  com.aerospike.vector.embedded.client.EventLoopProvider
2022:             1            120  com.aerospike.vector.index.healer.coordinator.IndexHealerCoordinator
2023:             1            120  com.aerospike.vector.index.healer.worker.IndexHealerWorker
2024:             1            120  com.aerospike.vector.index.merge.worker.IndexMergeWorker
2025:             5            120  com.aerospike.vector.index.metrics.PerIndexMetrics$$Lambda/0x000079d52c89d430
2026:             5            120  com.aerospike.vector.index.metrics.PerIndexMetrics$$Lambda/0x000079d52c89d860
2027:             3            120  com.fasterxml.jackson.core.sym.CharsToNameCanonicalizer$TableInfo
2028:             3            120  com.fasterxml.jackson.databind.deser.DeserializerCache
2029:             1            120  com.fasterxml.jackson.databind.module.SimpleModule
2030:             5            120  com.github.benmanes.caffeine.cache.stats.GuardedStatsCounter
2031:             3            120  com.google.common.collect.ImmutableMapEntrySet$RegularEntrySet
2032:             5            120  com.google.inject.internal.InjectorImpl$SyntheticProviderBindingImpl$1
2033:             3            120  com.google.inject.spi.ScopeBinding
2034:             5            120  com.sun.proxy.jdk.proxy1.$Proxy2 (jdk.proxy1)
2035:             3            120  io.netty.buffer.ReadOnlyByteBuf
2036:             1            120  io.undertow.Undertow
2037:             3            120  io.undertow.server.handlers.PredicateHandler
2038:             3            120  io.undertow.server.handlers.cache.LRUCache
2039:             3            120  io.undertow.servlet.api.ServletStackTraces
2040:             5            120  io.undertow.servlet.predicate.DispatcherTypePredicate
2041:             3            120  java.io.OutputStreamWriter (java.base@21.0.6)
2042:             3            120  java.lang.invoke.MethodHandleImpl$BindCaller$InjectedInvokerHolder (java.base@21.0.6)
2043:             5            120  java.net.URLPermission$Authority (java.base@21.0.6)
2044:             5            120  java.time.LocalDate (java.base@21.0.6)
2045:             3            120  java.util.concurrent.ConcurrentLinkedDeque$Node (java.base@21.0.6)
2046:             5            120  jdk.internal.math.FloatingDecimal$PreparedASCIIToBinaryBuffer (java.base@21.0.6)
2047:             3            120  jdk.internal.util.ClassFileDumper (java.base@21.0.6)
2048:             5            120  jdk.proxy2.$Proxy48 (jdk.proxy2)
2049:             5            120  jdk.proxy2.$Proxy63 (jdk.proxy2)
2050:             5            120  kotlin.ULong
2051:             5            120  kotlin.reflect.jvm.internal.ClassValueCache
2052:             3            120  kotlin.reflect.jvm.internal.impl.load.java.ReportLevel
2053:             3            120  kotlin.reflect.jvm.internal.impl.load.java.SpecialGenericSignatures$TypeSafeBarrierDescription
2054:             5            120  kotlin.reflect.jvm.internal.impl.load.java.typeEnhancement.NullabilityQualifierWithMigrationStatus
2055:             3            120  kotlin.reflect.jvm.internal.impl.resolve.scopes.receivers.ImplicitClassReceiver
2056:             3            120  kotlin.reflect.jvm.internal.impl.storage.LockBasedStorageManager
2057:             3            120  kotlin.reflect.jvm.internal.impl.types.model.TypeVariance
2058:             3            120  kotlinx.coroutines.scheduling.WorkQueue
2059:             3            120  org.apache.commons.io.StandardLineSeparator
2060:             3            120  org.glassfish.hk2.utilities.NamedImpl
2061:             3            120  org.glassfish.hk2.utilities.cache.Cache
2062:             3            120  org.glassfish.jersey.internal.inject.Providers$ProviderRuntime
2063:             3            120  org.glassfish.jersey.internal.util.collection.Cache
2064:             3            120  org.glassfish.jersey.uri.internal.TemplateVariable$PathTemplateVariable
2065:             5            120  org.xnio.Option$10
2066:             5            120  org.xnio._private.Messages_$logger
2067:             3            120  org.yaml.snakeyaml.DumperOptions$FlowStyle
2068:             5            120  sun.nio.fs.NativeBuffer$Deallocator (java.base@21.0.6)
2069:             5            120  sun.security.util.BitArray (java.base@21.0.6)
2070:             5            120  sun.security.util.Cache$EqualByteArray (java.base@21.0.6)
2071:             3            120  sun.security.x509.AuthorityInfoAccessExtension (java.base@21.0.6)
2072:             5            120  sun.security.x509.CertificateAlgorithmId (java.base@21.0.6)
2073:             3            120  sun.security.x509.CertificatePoliciesExtension (java.base@21.0.6)
2074:             5            120  sun.security.x509.CertificatePolicyId (java.base@21.0.6)
2075:             5            120  sun.security.x509.CertificateSerialNumber (java.base@21.0.6)
2076:             5            120  sun.security.x509.CertificateX509Key (java.base@21.0.6)
2077:             3            120  sun.security.x509.ExtendedKeyUsageExtension (java.base@21.0.6)
2078:             5            120  sun.security.x509.SerialNumber (java.base@21.0.6)
2079:             1            112  [Lcom.fasterxml.jackson.databind.node.IntNode;
2080:             1            112  [Lcom.fasterxml.jackson.dataformat.yaml.YAMLGenerator$Feature;
2081:             2            112  [Ljakarta.servlet.DispatcherType;
2082:             2            112  [Ljava.util.stream.StreamOpFlag$Type; (java.base@21.0.6)
2083:             1            112  [Lorg.glassfish.jersey.model.Parameter$Source;
2084:             1            112  [Lsun.reflect.annotation.TypeAnnotation$TypeAnnotationTarget; (java.base@21.0.6)
2085:             2            112  ch.qos.logback.classic.pattern.DateConverter
2086:             1            112  com.aerospike.vector.cluster.QuantumIntervalGenerator
2087:             2            112  com.fasterxml.jackson.databind.deser.std.NumberDeserializers$BooleanDeserializer
2088:             2            112  com.fasterxml.jackson.databind.deser.std.NumberDeserializers$FloatDeserializer
2089:             2            112  com.fasterxml.jackson.databind.deser.std.NumberDeserializers$IntegerDeserializer
2090:             2            112  com.fasterxml.jackson.databind.deser.std.NumberDeserializers$LongDeserializer
2091:             2            112  com.fasterxml.jackson.databind.introspect.VisibilityChecker$Std
2092:             2            112  com.google.common.io.BaseEncoding$StandardBaseEncoding
2093:             2            112  com.sun.jmx.mbeanserver.DefaultMXBeanMappingFactory$TabularMapping (java.management@21.0.6)
2094:             1            112  io.undertow.server.protocol.http.HttpResponseConduit
2095:             2            112  io.undertow.servlet.handlers.ServletPathMatch
2096:             2            112  java.io.BufferedOutputStream (java.base@21.0.6)
2097:             2            112  java.lang.ref.NativeReferenceQueue (java.base@21.0.6)
2098:             2            112  jdk.jfr.internal.jfc.JFC$KnownConfiguration (jdk.jfr@21.0.6)
2099:             1            112  kotlin.reflect.jvm.internal.impl.descriptors.impl.ModuleDescriptorImpl
2100:             1            112  kotlin.reflect.jvm.internal.impl.types.error.ErrorClassDescriptor
2101:             1            112  org.glassfish.jersey.message.internal.MessageBodyFactory
2102:             1            112  org.glassfish.jersey.server.ServerRuntime
2103:             2            112  sun.management.MemoryManagerImpl (java.management@21.0.6)
2104:             2            112  sun.security.provider.FileInputStreamPool$StreamRef (java.base@21.0.6)
2105:             1            112  sun.security.provider.certpath.ldap.JdkLDAP$ProviderService (java.naming@21.0.6)
2106:             2            112  sun.security.rsa.RSAUtil$KeyType (java.base@21.0.6)
2107:             1            112  sun.security.smartcardio.SunPCSC$ProviderService (java.smartcardio@21.0.6)
2108:             2            104  [Lcom.cronutils.model.field.value.SpecialChar;
2109:             1            104  [Lcom.fasterxml.jackson.annotation.JsonFormat$Feature;
2110:             1            104  [Lcom.fasterxml.jackson.annotation.JsonFormat$Shape;
2111:             4            104  [Lcom.fasterxml.jackson.databind.deser.Deserializers;
2112:             3            104  [Lcom.fasterxml.jackson.databind.deser.KeyDeserializers;
2113:             1            104  [Ljava.lang.invoke.MethodHandleImpl$Intrinsic; (java.base@21.0.6)
2114:             1            104  [Lorg.reflections.scanners.Scanners;
2115:             1            104  [Lorg.yaml.snakeyaml.events.Event$ID;
2116:             1            104  com.aerospike.client.policy.ScanPolicy
2117:             1            104  com.aerospike.vector.cluster.ClusterMetrics
2118:             1            104  com.aerospike.vector.config.VectorDbConfig
2119:             1            104  com.aerospike.vector.heartbeat.DiscoveryRegister
2120:             1            104  com.aerospike.vector.storage.index.AerospikeIndexMetaStore
2121:             1            104  com.fasterxml.jackson.core.util.InternCache
2122:             1            104  io.grpc.CallOptions
2123:             1            104  io.netty.util.concurrent.GlobalEventExecutor
2124:             1            104  java.util.logging.LogManager$RootLogger (java.logging@21.0.6)
2125:             1            104  jdk.internal.icu.impl.NormalizerImpl (java.base@21.0.6)
2126:             1            104  org.glassfish.jersey.internal.inject.InjectionResolverBinding
2127:             1            104  org.glassfish.jersey.internal.inject.InstanceBinding
2128:             1            104  org.xnio.nio.NioXnioWorker
2129:             1            104  sun.nio.ch.NioSocketImpl (java.base@21.0.6)
2130:             1             96  [Lcom.aerospike.client.exp.Exp$Type;
2131:             2             96  [Lcom.aerospike.vector.client.proto.ProjectionType;
2132:             2             96  [Lcom.fasterxml.jackson.annotation.JsonCreator$Mode;
2133:             2             96  [Lcom.fasterxml.jackson.annotation.JsonProperty$Access;
2134:             1             96  [Lcom.fasterxml.jackson.databind.cfg.CoercionInputShape;
2135:             1             96  [Ljava.lang.Runnable; (java.base@21.0.6)
2136:             2             96  [Ljava.nio.charset.CoderResult; (java.base@21.0.6)
2137:             1             96  [Ljava.nio.file.StandardOpenOption; (java.base@21.0.6)
2138:             4             96  [Ljava.security.CodeSigner; (java.base@21.0.6)
2139:             4             96  [Ljava.util.concurrent.atomic.AtomicReferenceArray; (java.base@21.0.6)
2140:             2             96  [Ljdk.internal.util.OperatingSystem; (java.base@21.0.6)
2141:             2             96  [Lkotlin.reflect.KClass;
2142:             2             96  [Lkotlin.reflect.jvm.internal.impl.metadata.ProtoBuf$MemberKind;
2143:             2             96  [Lkotlin.reflect.jvm.internal.impl.metadata.ProtoBuf$Modality;
2144:             1             96  [Lkotlin.reflect.jvm.internal.impl.types.error.ErrorScopeKind;
2145:             1             96  [Lorg.bouncycastle.crypto.CryptoServicePurpose;
2146:             1             96  [[I (java.base@21.0.6)
2147:             2             96  ch.qos.logback.classic.pattern.LevelConverter
2148:             2             96  ch.qos.logback.classic.pattern.LineSeparatorConverter
2149:             2             96  ch.qos.logback.classic.pattern.MessageConverter
2150:             3             96  ch.qos.logback.classic.spi.Configurator$ExecutionStatus
2151:             2             96  ch.qos.logback.core.joran.spi.ConsoleTarget
2152:             3             96  ch.qos.logback.core.spi.FilterReply
2153:             4             96  com.aerospike.client.Value$StringValue
2154:             3             96  com.aerospike.client.policy.GenerationPolicy
2155:             1             96  com.aerospike.client.policy.TxnRollPolicy
2156:             1             96  com.aerospike.client.policy.TxnVerifyPolicy
2157:             4             96  com.aerospike.connect.metrics.GarbageCollectorMetricSet$$Lambda/0x000079d52c3341f8
2158:             4             96  com.aerospike.connect.metrics.GarbageCollectorMetricSet$$Lambda/0x000079d52c334410
2159:             2             96  com.aerospike.vector.client.proto.BoolData
2160:             4             96  com.aerospike.vector.client.proto.ClusterInfoServiceGrpc$ClusterInfoServiceMethodDescriptorSupplier
2161:             4             96  com.aerospike.vector.client.proto.ClusterInfoServiceGrpc$MethodHandlers
2162:             3             96  com.aerospike.vector.client.proto.IndexMode
2163:             3             96  com.aerospike.vector.client.proto.Status
2164:             3             96  com.aerospike.vector.client.proto.Vector$DataCase
2165:             2             96  com.aerospike.vector.cluster.ClusterEpoch
2166:             3             96  com.aerospike.vector.cluster.MonitorState
2167:             3             96  com.aerospike.vector.cluster.PaxosAcceptorState
2168:             3             96  com.aerospike.vector.cluster.PaxosProposerState
2169:             3             96  com.aerospike.vector.cluster.messages.proposer.ProposalId
2170:             2             96  com.aerospike.vector.config.FlowControlConfig
2171:             1             96  com.aerospike.vector.index.config.HealerConfig
2172:             2             96  com.aerospike.vector.partitions.PartitionServiceState
2173:             2             96  com.fasterxml.jackson.annotation.JsonInclude$Value
2174:             3             96  com.fasterxml.jackson.core.Base64Variant$PaddingReadBehaviour
2175:             1             96  com.fasterxml.jackson.core.util.DefaultPrettyPrinter
2176:             4             96  com.fasterxml.jackson.databind.cfg.ConstructorDetector
2177:             3             96  com.fasterxml.jackson.databind.cfg.MutableCoercionConfig
2178:             3             96  com.fasterxml.jackson.databind.introspect.SimpleMixInResolver
2179:             4             96  com.fasterxml.jackson.databind.ser.BeanSerializerFactory
2180:             3             96  com.fasterxml.jackson.databind.ser.SerializerCache
2181:             3             96  com.fasterxml.jackson.databind.util.AccessPattern
2182:             3             96  com.google.common.collect.ImmutableEntry
2183:             4             96  com.google.common.util.concurrent.UncaughtExceptionHandlers$Exiter
2184:             3             96  com.google.inject.Stage
2185:             3             96  com.google.inject.internal.InjectorImpl$JitLimitation
2186:             3             96  com.google.inject.internal.InternalFlags$NullableProvidesOption
2187:             3             96  com.google.inject.internal.MoreTypes$WildcardTypeImpl
2188:             3             96  com.google.inject.spi.InjectionPoint$Position
2189:             3             96  com.google.protobuf.DescriptorProtos$FieldDescriptorProto$Label
2190:             1             96  com.google.protobuf.DescriptorProtos$FieldOptions
2191:             3             96  com.google.protobuf.Descriptors$DescriptorPool$SearchFilter
2192:             3             96  com.google.protobuf.MapField$StorageMode
2193:             4             96  com.sun.proxy.jdk.proxy1.$Proxy27 (jdk.proxy1)
2194:             3             96  io.grpc.Context
2195:             3             96  io.grpc.Context$Key
2196:             3             96  io.grpc.SecurityLevel
2197:             3             96  io.grpc.TlsChannelCredentials$Feature
2198:             3             96  io.grpc.TlsServerCredentials$Feature
2199:             3             96  io.grpc.internal.ManagedChannelImpl$ResolutionState
2200:             3             96  io.grpc.netty.NegotiationType
2201:             3             96  io.netty.buffer.UnreleasableByteBuf
2202:             3             96  io.netty.handler.codec.http2.HpackDecoder$HeaderType
2203:             3             96  io.netty.handler.codec.http2.HpackUtil$IndexType
2204:             3             96  io.netty.handler.codec.http2.Http2Exception$ShutdownHint
2205:             3             96  io.undertow.Undertow$ListenerType
2206:             3             96  io.undertow.security.api.AuthenticationMechanism$AuthenticationMechanismOutcome
2207:             6             96  io.undertow.server.handlers.ResponseCodeHandler
2208:             1             96  io.undertow.server.protocol.http.ParseState
2209:             3             96  io.undertow.servlet.api.DeploymentManager$State
2210:             3             96  io.undertow.servlet.core.ApplicationListeners$ListenerState
2211:             3             96  io.undertow.servlet.handlers.ServletPathMatch$Type
2212:             3             96  io.undertow.servlet.spec.HttpServletResponseImpl$ResponseState
2213:             3             96  io.undertow.util.FastConcurrentDirectDeque
2214:             3             96  io.undertow.util.SubstringMap$SubstringMatch
2215:             3             96  jakarta.servlet.SessionTrackingMode
2216:             3             96  java.lang.ProcessImpl$LaunchMechanism (java.base@21.0.6)
2217:             3             96  java.lang.WeakPairMap (java.base@21.0.6)
2218:             3             96  java.lang.annotation.RetentionPolicy (java.base@21.0.6)
2219:             1             96  java.lang.invoke.BoundMethodHandle$Specializer (java.base@21.0.6)
2220:             3             96  java.lang.invoke.MethodHandleImpl$ArrayAccess (java.base@21.0.6)
2221:             2             96  java.lang.ref.ReferenceQueue$Null (java.base@21.0.6)
2222:             2             96  java.net.InetAddress$CachedLookup (java.base@21.0.6)
2223:             3             96  java.net.Proxy$Type (java.base@21.0.6)
2224:             1             96  java.net.SocksSocketImpl (java.base@21.0.6)
2225:             3             96  java.net.StandardProtocolFamily (java.base@21.0.6)
2226:             3             96  java.security.DrbgParameters$Capability (java.base@21.0.6)
2227:             4             96  java.time.Instant (java.base@21.0.6)
2228:             3             96  java.time.ZoneOffset (java.base@21.0.6)
2229:             2             96  java.time.format.DateTimeFormatterBuilder$TextPrinterParser (java.base@21.0.6)
2230:             3             96  java.time.format.ResolverStyle (java.base@21.0.6)
2231:             2             96  java.time.temporal.IsoFields$Unit (java.base@21.0.6)
2232:             3             96  java.util.Base64$Encoder (java.base@21.0.6)
2233:             1             96  java.util.ServiceLoader (java.base@21.0.6)
2234:             3             96  java.util.Vector (java.base@21.0.6)
2235:             2             96  java.util.concurrent.SynchronousQueue (java.base@21.0.6)
2236:             4             96  java.util.jar.Attributes (java.base@21.0.6)
2237:             1             96  java.util.logging.LogManager (java.logging@21.0.6)
2238:             2             96  java.util.regex.Pattern$Loop (java.base@21.0.6)
2239:             3             96  java.util.stream.Collector$Characteristics (java.base@21.0.6)
2240:             2             96  java.util.stream.FindOps$FindOp (java.base@21.0.6)
2241:             3             96  java.util.stream.MatchOps$MatchKind (java.base@21.0.6)
2242:             3             96  java.util.zip.ZipCoder$Comparison (java.base@21.0.6)
2243:             1             96  jdk.internal.event.X509CertificateEvent (java.base@21.0.6)
2244:             3             96  jdk.internal.icu.util.CodePointTrie$ValueWidth (java.base@21.0.6)
2245:             6             96  jdk.internal.loader.ClassLoaderValue (java.base@21.0.6)
2246:             2             96  jdk.internal.math.FloatingDecimal$BinaryToASCIIBuffer (java.base@21.0.6)
2247:             4             96  jdk.internal.module.ServicesCatalog (java.base@21.0.6)
2248:             4             96  jdk.internal.util.Preconditions$4 (java.base@21.0.6)
2249:             4             96  jdk.proxy1.$Proxy36 (jdk.proxy1)
2250:             4             96  jdk.proxy2.$Proxy26 (jdk.proxy2)
2251:             4             96  jdk.proxy2.$Proxy50 (jdk.proxy2)
2252:             4             96  jdk.proxy2.$Proxy58 (jdk.proxy2)
2253:             3             96  kotlin.LazyThreadSafetyMode
2254:             3             96  kotlin.annotation.AnnotationRetention
2255:             3             96  kotlin.coroutines.intrinsics.CoroutineSingletons
2256:             3             96  kotlin.reflect.KParameter$Kind
2257:             2             96  kotlin.reflect.jvm.internal.calls.CallerImpl$Method$Static
2258:             3             96  kotlin.reflect.jvm.internal.impl.builtins.jvm.JvmBuiltIns$Kind
2259:             4             96  kotlin.reflect.jvm.internal.impl.descriptors.ModuleCapability
2260:             2             96  kotlin.reflect.jvm.internal.impl.descriptors.impl.AbstractTypeParameterDescriptor$TypeParameterTypeConstructor
2261:             3             96  kotlin.reflect.jvm.internal.impl.load.java.lazy.types.JavaTypeFlexibility
2262:             3             96  kotlin.reflect.jvm.internal.impl.load.java.typeEnhancement.NullabilityQualifier
2263:             3             96  kotlin.reflect.jvm.internal.impl.load.java.typeEnhancement.TypeComponentPosition
2264:             3             96  kotlin.reflect.jvm.internal.impl.metadata.ProtoBuf$QualifiedNameTable$QualifiedName$Kind
2265:             3             96  kotlin.reflect.jvm.internal.impl.metadata.ProtoBuf$TypeParameter$Variance
2266:             3             96  kotlin.reflect.jvm.internal.impl.metadata.jvm.JvmProtoBuf$StringTableTypes$Record$Operation
2267:             3             96  kotlin.reflect.jvm.internal.impl.renderer.AnnotationArgumentsRenderingPolicy
2268:             3             96  kotlin.reflect.jvm.internal.impl.renderer.OverrideRenderingPolicy
2269:             3             96  kotlin.reflect.jvm.internal.impl.renderer.ParameterNameRenderingPolicy
2270:             3             96  kotlin.reflect.jvm.internal.impl.renderer.PropertyAccessorRenderingPolicy
2271:             3             96  kotlin.reflect.jvm.internal.impl.resolve.ExternalOverridabilityCondition$Contract
2272:             3             96  kotlin.reflect.jvm.internal.impl.resolve.ExternalOverridabilityCondition$Result
2273:             2             96  kotlin.reflect.jvm.internal.impl.resolve.OverridingUtil
2274:             3             96  kotlin.reflect.jvm.internal.impl.resolve.OverridingUtil$OverrideCompatibilityInfo$Result
2275:             3             96  kotlin.reflect.jvm.internal.impl.storage.LockBasedStorageManager$NotValue
2276:             2             96  kotlin.reflect.jvm.internal.impl.types.KotlinTypeFactory$$Lambda$1
2277:             3             96  kotlin.reflect.jvm.internal.impl.types.TypeCheckerState$LowerCapturedTypePolicy
2278:             3             96  kotlin.reflect.jvm.internal.impl.types.TypeSubstitutor$VarianceConflictType
2279:             3             96  kotlin.reflect.jvm.internal.impl.types.model.CaptureStatus
2280:             4             96  kotlin.reflect.jvm.internal.impl.util.ValueParameterCountCheck$AtLeast
2281:             3             96  kotlinx.coroutines.channels.BufferOverflow
2282:             4             96  org.bouncycastle.asn1.x9.X962Parameters
2283:             3             96  org.bouncycastle.crypto.CryptoServicesRegistrar$Property
2284:             4             96  org.bouncycastle.crypto.params.DHValidationParameters
2285:             3             96  org.bouncycastle.jcajce.provider.asymmetric.mlkem.MLKEMKeyFactorySpi
2286:             3             96  org.bouncycastle.pqc.jcajce.provider.kyber.KyberKeyFactorySpi
2287:             3             96  org.glassfish.hk2.api.InstanceLifecycleEventType
2288:             3             96  org.glassfish.hk2.api.ServiceLocatorFactory$CreatePolicy
2289:             3             96  org.glassfish.jersey.Severity
2290:             1             96  org.glassfish.jersey.jackson.internal.jackson.jaxrs.json.JsonEndpointConfig
2291:             3             96  org.glassfish.jersey.message.internal.TracingLogger$Level
2292:             3             96  org.glassfish.jersey.model.internal.RankedProvider
2293:             3             96  org.glassfish.jersey.server.TracingConfig
2294:             2             96  org.glassfish.jersey.server.internal.inject.SingleValueExtractor
2295:             4             96  org.glassfish.jersey.server.internal.routing.PathMatchingRouter
2296:             3             96  org.glassfish.jersey.server.spi.internal.ValueParamProvider$Priority
2297:             3             96  org.glassfish.jersey.uri.JerseyQueryParamStyle
2298:             3             96  org.slf4j.helpers.Reporter$Level
2299:             3             96  org.xnio.FileAccess
2300:             2             96  org.xnio.TypeSequenceOption
2301:             3             96  picocli.CommandLine$Help$Ansi
2302:             3             96  picocli.CommandLine$Help$Visibility
2303:             3             96  picocli.CommandLine$LookBehind
2304:             3             96  picocli.CommandLine$Model$InitialValueState
2305:             3             96  sun.management.ManagementFactoryHelper$1 (java.management@21.0.6)
2306:             3             96  sun.security.provider.NativePRNG$Variant (java.base@21.0.6)
2307:             2             96  sun.security.util.MemoryCache (java.base@21.0.6)
2308:             1             88  [Lcom.fasterxml.jackson.databind.node.JsonNodeType;
2309:             1             88  [Lcom.google.protobuf.Descriptors$FieldDescriptor$JavaType;
2310:             1             88  [Lcom.google.protobuf.WireFormat$JavaType;
2311:             1             88  [Ljakarta.ws.rs.ext.ParamConverterProvider;
2312:             3             88  [Ljava.lang.invoke.MethodHandles$Lookup$ClassOption; (java.base@21.0.6)
2313:             1             88  [Ljava.lang.reflect.AccessFlag$Location; (java.base@21.0.6)
2314:             1             88  [Lkotlin.reflect.jvm.internal.impl.protobuf.WireFormat$JavaType;
2315:             3             88  [Lorg.glassfish.jersey.jackson.internal.jackson.jaxrs.cfg.Annotations;
2316:             1             88  ch.qos.logback.classic.layout.TTLLLayout
2317:             1             88  com.aerospike.vector.cluster.ClusterMetaMonitor
2318:             1             88  com.aerospike.vector.cluster.PaxosAcceptor
2319:             1             88  com.aerospike.vector.index.metrics.IndexMetricsTracker
2320:             1             88  com.aerospike.vector.storage.StorageOptions
2321:             1             88  com.fasterxml.jackson.databind.ser.BeanSerializer
2322:             1             88  com.google.common.collect.MapMakerInternalMap
2323:             1             88  com.google.inject.internal.asm.$Label
2324:             1             88  com.google.protobuf.MapFieldLite
2325:             1             88  io.undertow.server.protocol.http.CacheMap
2326:             1             88  io.undertow.server.protocol.http.HttpReadListener
2327:             1             88  io.undertow.servlet.core.ApplicationListeners
2328:             1             88  jdk.internal.org.objectweb.asm.Label (java.base@21.0.6)
2329:             1             88  jdk.management.jfr.FlightRecorderMXBeanImpl (jdk.management.jfr@21.0.6)
2330:             1             88  kotlin.reflect.jvm.internal.impl.metadata.ProtoBuf$Package
2331:             1             88  kotlin.reflect.jvm.internal.impl.metadata.jvm.JvmProtoBuf$StringTableTypes$Record
2332:             1             88  org.glassfish.jersey.jackson.internal.jackson.jaxrs.json.JacksonJaxbJsonProvider
2333:             1             88  org.xnio.nio.NioSocketConduit
2334:             2             80  [Lcom.aerospike.vector.client.proto.IndexMode;
2335:             2             80  [Lcom.aerospike.vector.client.proto.Status;
2336:             1             80  [Lcom.aerospike.vector.cluster.QuantumFaultType;
2337:             1             80  [Lcom.cronutils.model.definition.CronNicknames;
2338:             1             80  [Lcom.fasterxml.jackson.databind.ser.impl.ReadOnlyClassToSerializerMap$Bucket;
2339:             2             80  [Lcom.google.protobuf.DescriptorProtos$FieldDescriptorProto$Label;
2340:             2             80  [Lio.grpc.TlsChannelCredentials$Feature;
2341:             2             80  [Lio.grpc.TlsServerCredentials$Feature;
2342:             4             80  [Lio.netty.util.AsciiString;
2343:             1             80  [Lio.prometheus.client.Collector$Type;
2344:             2             80  [Ljava.lang.annotation.RetentionPolicy; (java.base@21.0.6)
2345:             1             80  [Ljava.lang.reflect.ProxyGenerator$PrimitiveTypeInfo; (java.base@21.0.6)
2346:             1             80  [Ljava.math.RoundingMode; (java.base@21.0.6)
2347:             2             80  [Ljava.util.stream.Collector$Characteristics; (java.base@21.0.6)
2348:             2             80  [Lkotlin.annotation.AnnotationRetention;
2349:             1             80  [Lkotlin.reflect.jvm.internal.impl.builtins.jvm.JavaToKotlinClassMap$PlatformMutabilityMapping;
2350:             1             80  [Lkotlin.reflect.jvm.internal.impl.resolve.jvm.JvmPrimitiveType;
2351:             2             80  [Lorg.xnio.FileAccess;
2352:             2             80  [Lpicocli.CommandLine$Help$Visibility;
2353:             2             80  com.aerospike.vector.client.proto.NodeId
2354:             1             80  com.aerospike.vector.client.proto.VectorSearchRequest
2355:             1             80  com.aerospike.vector.cluster.ClusterLimits
2356:             1             80  com.aerospike.vector.cluster.ClusterService
2357:             2             80  com.aerospike.vector.config.HeartbeatSeed
2358:             1             80  com.aerospike.vector.index.BatchIndexMergeRequest
2359:             1             80  com.aerospike.vector.index.HealCycleFinalizationRequest
2360:             1             80  com.aerospike.vector.index.IndexCacheCentroidRequest
2361:             1             80  com.aerospike.vector.index.IndexRequest
2362:             1             80  com.aerospike.vector.index.config.HnswConfig
2363:             1             80  com.aerospike.vector.metrics.VectorMetrics
2364:             1             80  com.aerospike.vector.storage.cluster.AerospikeClusterMetaStore
2365:             2             80  com.aerospike.vector.transact.KvsTransactService$VectorRecordCache
2366:             2             80  com.fasterxml.jackson.core.StreamWriteCapability
2367:             2             80  com.fasterxml.jackson.core.io.ContentReference
2368:             1             80  com.fasterxml.jackson.databind.cfg.ConfigOverride$Empty
2369:             2             80  com.fasterxml.jackson.databind.cfg.EnumFeature
2370:             1             80  com.fasterxml.jackson.databind.deser.std.FactoryBasedEnumDeserializer
2371:             1             80  com.fasterxml.jackson.databind.deser.std.StdKeyDeserializer$EnumKD
2372:             1             80  com.fasterxml.jackson.databind.deser.std.UntypedObjectDeserializer
2373:             2             80  com.fasterxml.jackson.databind.ser.std.NumberSerializers$DoubleSerializer
2374:             2             80  com.fasterxml.jackson.databind.ser.std.NumberSerializers$IntegerSerializer
2375:             2             80  com.fasterxml.jackson.databind.ser.std.NumberSerializers$LongSerializer
2376:             2             80  com.fasterxml.jackson.dataformat.yaml.YAMLParser$Feature
2377:             2             80  com.github.benmanes.caffeine.cache.Pacer
2378:             1             80  com.google.common.collect.LinkedHashMultimap
2379:             2             80  com.google.common.util.concurrent.LazyLogger
2380:             2             80  com.google.inject.internal.Annotations$AnnotationChecker
2381:             1             80  io.netty.util.ResourceLeakDetector$TraceRecord$1
2382:             2             80  io.prometheus.client.CollectorRegistry
2383:             2             80  io.undertow.servlet.spec.ContentTypeInfo
2384:             2             80  java.lang.invoke.VarHandleByteArrayAsInts$ArrayHandle (java.base@21.0.6)
2385:             2             80  java.lang.invoke.VarHandleByteArrayAsLongs$ArrayHandle (java.base@21.0.6)
2386:             2             80  java.time.ZonedDateTime (java.base@21.0.6)
2387:             2             80  java.util.concurrent.CompletableFuture$AsyncRun (java.base@21.0.6)
2388:             2             80  javax.management.NotificationBroadcasterSupport (java.management@21.0.6)
2389:             2             80  kotlin.reflect.jvm.internal.impl.descriptors.impl.AbstractTypeParameterDescriptor$1
2390:             2             80  kotlin.reflect.jvm.internal.impl.load.java.NullabilityAnnotationStatesImpl
2391:             1             80  kotlin.reflect.jvm.internal.impl.metadata.ProtoBuf$PackageFragment
2392:             1             80  kotlin.reflect.jvm.internal.impl.metadata.jvm.JvmProtoBuf$JvmPropertySignature
2393:             1             80  kotlinx.coroutines.channels.TickerChannelsKt$ticker$3
2394:             1             80  kotlinx.coroutines.scheduling.CoroutineScheduler
2395:             2             80  org.apache.commons.collections4.queue.CircularFifoQueue
2396:             5             80  org.bouncycastle.pqc.jcajce.provider.cmce.CMCEKeyFactorySpi
2397:             5             80  org.bouncycastle.pqc.jcajce.provider.ntru.NTRUKeyFactorySpi
2398:             1             80  org.glassfish.jersey.inject.hk2.ContextInjectionResolverImpl$1
2399:             2             80  org.glassfish.jersey.internal.inject.ParamConverters$StringConstructor$1
2400:             2             80  org.glassfish.jersey.model.internal.CommonConfig$FeatureRegistration
2401:             2             80  org.glassfish.jersey.server.ContainerFilteringStage
2402:             1             80  org.glassfish.jersey.server.ResourceConfig$WrappingResourceConfig
2403:             1             80  org.glassfish.jersey.servlet.ServletContainer
2404:             2             80  org.glassfish.jersey.uri.PathPattern$RightHandPath
2405:             5             80  org.jboss.threads.NullRunnable
2406:             1             80  picocli.CommandLine$Help$ColorScheme
2407:             2             80  sun.security.util.DisabledAlgorithmConstraints$KeySizeConstraint (java.base@21.0.6)
2408:             5             80  sun.security.x509.CertificateVersion (java.base@21.0.6)
2409:             2             80  sun.util.locale.provider.LocaleServiceProviderPool (java.base@21.0.6)
2410:             1             72  [Lcom.aerospike.vector.cluster.QuantumFault;
2411:             1             72  [Lcom.fasterxml.jackson.annotation.JsonInclude$Include;
2412:             1             72  [Lcom.fasterxml.jackson.annotation.PropertyAccessor;
2413:             1             72  [Lcom.fasterxml.jackson.module.kotlin.KotlinFeature;
2414:             1             72  [Lio.netty.handler.codec.http2.Http2Stream$State;
2415:             1             72  [Ljava.lang.System$Logger$Level; (java.base@21.0.6)
2416:             1             72  [Ljava.lang.management.MemoryPoolMXBean; (java.management@21.0.6)
2417:             1             72  [Ljava.util.concurrent.TimeUnit; (java.base@21.0.6)
2418:             1             72  [Lkotlin.jvm.functions.Function1;
2419:             3             72  [Lkotlin.reflect.jvm.internal.impl.descriptors.TypeParameterDescriptor;
2420:             1             72  [Lkotlin.reflect.jvm.internal.impl.types.error.ErrorEntity;
2421:             1             72  [Lkotlin.time.DurationUnit;
2422:             1             72  [Lorg.glassfish.jersey.uri.internal.UriTemplateParser$Variables$State;
2423:             1             72  [Lorg.reflections.vfs.Vfs$DefaultUrlTypes;
2424:             1             72  [[Ljdk.incubator.vector.AbstractSpecies; (jdk.incubator.vector@21.0.6)
2425:             1             72  ch.qos.logback.core.encoder.LayoutWrappingEncoder
2426:             3             72  ch.qos.logback.core.spi.FilterAttachableImpl
2427:             1             72  com.aerospike.connect.logging.LoggingConfig
2428:             1             72  com.aerospike.connect.metrics.Ticker$report$1
2429:             1             72  com.aerospike.vector.client.proto.IndexStatusResponse
2430:             1             72  com.aerospike.vector.client.proto.IndexUpdateRequest
2431:             1             72  com.aerospike.vector.cluster.Cluster$MergeMoveMessage
2432:             1             72  com.aerospike.vector.config.InterconnectConfig
2433:             3             72  com.aerospike.vector.config.PortRange
2434:             1             72  com.aerospike.vector.config.ServiceConfig
2435:             1             72  com.aerospike.vector.dns.AsyncDnsResolver$bestEffortDnsResolver$1
2436:             1             72  com.aerospike.vector.dns.AsyncDnsResolver$guaranteedDnsResolver$1
2437:             3             72  com.aerospike.vector.exchange.ExchangeServiceGrpc$ExchangeServiceMethodDescriptorSupplier
2438:             3             72  com.aerospike.vector.exchange.ExchangeServiceGrpc$MethodHandlers
2439:             1             72  com.aerospike.vector.heartbeat.AdjacentNode
2440:             1             72  com.aerospike.vector.heartbeat.DiscoveryRegister$queryEndpointsContinuously$1
2441:             1             72  com.aerospike.vector.heartbeat.HeartbeatService
2442:             1             72  com.aerospike.vector.index.BatchIndexMergeProxyRequest
2443:             3             72  com.aerospike.vector.index.CacheServiceGrpc$CacheServiceMethodDescriptorSupplier
2444:             3             72  com.aerospike.vector.index.CacheServiceGrpc$MethodHandlers
2445:             1             72  com.aerospike.vector.index.NodeCacheStatus
2446:             3             72  com.aerospike.vector.index.metrics.PerIndexMetrics$$Lambda/0x000079d52c89f700
2447:             3             72  com.aerospike.vector.index.metrics.PerIndexMetrics$$Lambda/0x000079d52c89f918
2448:             1             72  com.aerospike.vector.server.grpc.service.GrpcAuthService
2449:             1             72  com.aerospike.vector.transact.KvsTransactService
2450:             1             72  com.fasterxml.jackson.annotation.JsonFormat$Value
2451:             3             72  com.fasterxml.jackson.databind.deser.BeanDeserializerFactory
2452:             3             72  com.fasterxml.jackson.databind.jsontype.impl.StdSubtypeResolver
2453:             3             72  com.fasterxml.jackson.databind.ser.std.NumberSerializer
2454:             3             72  com.fasterxml.jackson.databind.util.RootNameLookup
2455:             1             72  com.fasterxml.jackson.databind.util.StdDateFormat
2456:             1             72  com.google.common.collect.AbstractMapBasedMultimap$AsMap
2457:             1             72  com.google.common.collect.EmptyImmutableListMultimap
2458:             1             72  com.google.common.collect.LinkedHashMultimap$ValueEntry
2459:             1             72  com.google.protobuf.CodedInputStream$ArrayDecoder
2460:             1             72  com.sun.jmx.interceptor.DefaultMBeanServerInterceptor (java.management@21.0.6)
2461:             1             72  com.sun.jmx.mbeanserver.DefaultMXBeanMappingFactory$Mappings (java.management@21.0.6)
2462:             1             72  com.sun.jmx.mbeanserver.MBeanIntrospector$MBeanInfoMap (java.management@21.0.6)
2463:             1             72  com.sun.jmx.mbeanserver.MBeanIntrospector$PerInterfaceMap (java.management@21.0.6)
2464:             3             72  io.netty.channel.ChannelMetadata
2465:             3             72  io.netty.util.concurrent.PromiseTask$SentinelRunnable
2466:             1             72  io.undertow.servlet.handlers.ServletInitialHandler
2467:             3             72  io.undertow.util.CopyOnWriteMap
2468:             1             72  java.lang.NullPointerException (java.base@21.0.6)
2469:             3             72  java.lang.ThreadLocal$SuppliedThreadLocal (java.base@21.0.6)
2470:             1             72  java.lang.invoke.BoundMethodHandle$Specializer$Factory (java.base@21.0.6)
2471:             1             72  java.lang.invoke.VarHandleReferences$FieldStaticReadWrite (java.base@21.0.6)
2472:             3             72  java.nio.charset.CodingErrorAction (java.base@21.0.6)
2473:             3             72  java.text.AttributedCharacterIterator$Attribute (java.base@21.0.6)
2474:             3             72  java.time.format.DateTimeFormatterBuilder$StringLiteralPrinterParser (java.base@21.0.6)
2475:             1             72  java.time.zone.ZoneRules (java.base@21.0.6)
2476:             3             72  java.util.ResourceBundle$NoFallbackControl (java.base@21.0.6)
2477:             3             72  java.util.TreeMap$KeySet (java.base@21.0.6)
2478:             3             72  java.util.TreeSet (java.base@21.0.6)
2479:             1             72  java.util.concurrent.ConcurrentHashMap$TreeBin (java.base@21.0.6)
2480:             1             72  java.util.concurrent.locks.ReentrantReadWriteLock$FairSync (java.base@21.0.6)
2481:             3             72  jdk.incubator.vector.Float512Vector (jdk.incubator.vector@21.0.6)
2482:             3             72  jdk.internal.math.FloatingDecimal$ExceptionalBinaryToASCIIBuffer (java.base@21.0.6)
2483:             3             72  jdk.internal.misc.Signal (java.base@21.0.6)
2484:             1             72  jdk.internal.ref.CleanerImpl$CleanerCleanable (java.base@21.0.6)
2485:             3             72  jdk.proxy2.$Proxy15 (jdk.proxy2)
2486:             3             72  jdk.proxy2.$Proxy16 (jdk.proxy2)
2487:             3             72  jdk.proxy2.$Proxy17 (jdk.proxy2)
2488:             3             72  jdk.proxy2.$Proxy29 (jdk.proxy2)
2489:             3             72  kotlin.jvm.internal.Ref$ObjectRef
2490:             1             72  kotlin.reflect.jvm.internal.impl.descriptors.impl.LazyPackageViewDescriptorImpl
2491:             3             72  kotlin.reflect.jvm.internal.impl.protobuf.ExtensionRegistryLite
2492:             3             72  kotlin.reflect.jvm.internal.impl.resolve.scopes.LazyScopeAdapter
2493:             3             72  kotlin.reflect.jvm.internal.impl.resolve.scopes.LazyScopeAdapter$$Lambda$0
2494:             3             72  kotlin.reflect.jvm.internal.impl.resolve.scopes.SubstitutingScope$$Lambda$0
2495:             3             72  kotlin.reflect.jvm.internal.impl.resolve.scopes.SubstitutingScope$$Lambda$1
2496:             3             72  kotlin.reflect.jvm.internal.impl.serialization.deserialization.descriptors.NonEmptyDeserializedAnnotations
2497:             3             72  kotlin.reflect.jvm.internal.impl.storage.DefaultSimpleLock
2498:             1             72  kotlinx.coroutines.channels.TickerChannelsKt$fixedPeriodTicker$1
2499:             1             72  net.engio.mbassy.bus.MBassador
2500:             1             72  net.engio.mbassy.subscription.SubscriptionManager
2501:             1             72  org.glassfish.jersey.internal.inject.InjecteeImpl
2502:             1             72  org.glassfish.jersey.server.ApplicationHandler
2503:             1             72  org.glassfish.jersey.server.ResourceConfig$RuntimeConfig
2504:             1             72  org.glassfish.jersey.uri.UriTemplate
2505:             1             72  org.slf4j.bridge.SLF4JBridgeHandler
2506:             3             72  org.slf4j.helpers.BasicMarkerFactory
2507:             1             72  sun.nio.ch.SocketAdaptor (java.base@21.0.6)
2508:             3             72  sun.security.x509.GeneralNames (java.base@21.0.6)
2509:             1             72  sun.util.locale.InternalLocaleBuilder (java.base@21.0.6)
2510:             2             64  [Lcom.aerospike.connect.logging.LogFormat;
2511:             2             64  [Lcom.aerospike.vector.client.proto.IndexType;
2512:             1             64  [Lcom.fasterxml.jackson.annotation.JsonAutoDetect$Visibility;
2513:             1             64  [Lcom.fasterxml.jackson.core.JsonParser$NumberType;
2514:             1             64  [Lcom.fasterxml.jackson.core.json.JsonWriteFeature;
2515:             3             64  [Lcom.fasterxml.jackson.databind.deser.ValueInstantiators;
2516:             3             64  [Lcom.fasterxml.jackson.databind.ser.BeanPropertyWriter;
2517:             1             64  [Lio.grpc.internal.KeepAliveManager$State;
2518:             1             64  [Lio.netty.handler.codec.http2.Http2Headers$PseudoHeaderName;
2519:             2             64  [Ljakarta.ws.rs.RuntimeType;
2520:             1             64  [Ljakarta.ws.rs.core.Response$Status$Family;
2521:             1             64  [Ljava.lang.Thread$State; (java.base@21.0.6)
2522:             1             64  [Ljava.lang.management.MemoryManagerMXBean; (java.management@21.0.6)
2523:             1             64  [Ljava.nio.charset.Charset; (java.base@21.0.6)
2524:             1             64  [Ljava.time.format.TextStyle; (java.base@21.0.6)
2525:             1             64  [Ljava.util.stream.StreamOpFlag; (java.base@21.0.6)
2526:             1             64  [Lkotlin.reflect.jvm.internal.impl.descriptors.ClassKind;
2527:             1             64  [Lkotlin.reflect.jvm.internal.impl.load.kotlin.header.KotlinClassHeader$Kind;
2528:             2             64  [Lnet.engio.mbassy.listener.Invoke;
2529:             2             64  [Lorg.glassfish.hk2.api.DescriptorVisibility;
2530:             1             64  [Lorg.glassfish.jersey.jackson.internal.jackson.jaxrs.cfg.JaxRSFeature;
2531:             1             64  [Lorg.glassfish.jersey.message.internal.MessagingBinders$EnabledProvidersBinder$Provider;
2532:             1             64  [Lorg.jboss.logging.Logger$Level;
2533:             2             64  [Lpicocli.CommandLine$ScopeType;
2534:             1             64  [Lsun.security.util.DisabledAlgorithmConstraints$Constraint$Operator; (java.base@21.0.6)
2535:             2             64  ch.qos.logback.classic.pattern.NamedConverter$CacheMissCalculator
2536:             1             64  ch.qos.logback.core.BasicStatusManager
2537:             2             64  com.aerospike.client.Host
2538:             2             64  com.aerospike.client.policy.CommitLevel
2539:             2             64  com.aerospike.client.policy.ReadModeAP
2540:             2             64  com.aerospike.connect.logging.LogFormat
2541:             2             64  com.aerospike.connect.metrics.AerospikeMetricRegistry
2542:             1             64  com.aerospike.vector.SerializedAerospikeStorageRecordId
2543:             1             64  com.aerospike.vector.VectorDbMain
2544:             2             64  com.aerospike.vector.auth.StaticRoles
2545:             2             64  com.aerospike.vector.client.proto.IndexDefinition$ParamsCase
2546:             2             64  com.aerospike.vector.client.proto.IndexType
2547:             1             64  com.aerospike.vector.client.proto.Key
2548:             1             64  com.aerospike.vector.client.proto.StandaloneIndexMetrics
2549:             1             64  com.aerospike.vector.cluster.Cluster$ClusterStateAppliedMessage
2550:             2             64  com.aerospike.vector.cluster.ClusterState
2551:             2             64  com.aerospike.vector.cluster.RegisterState
2552:             2             64  com.aerospike.vector.config.InterconnectChannelType
2553:             1             64  com.aerospike.vector.dns.AsyncDnsResolver
2554:             4             64  com.aerospike.vector.embedded.client.inject.VectorDbEmbeddedClientGuiceModule$$FastClassByGuice$$3cfd4e
2555:             1             64  com.aerospike.vector.index.HealCycleCompleteRequest
2556:             1             64  com.aerospike.vector.index.HealCycleStartRequest
2557:             2             64  com.aerospike.vector.index.IndexUpdateOperation$UpdateCase
2558:             1             64  com.aerospike.vector.index.merge.coordinator.IndexMergeCoordinator$1
2559:             1             64  com.aerospike.vector.index.metrics.NodeFitnessCalculator$computeFitnessProbabilities$queryProbabilities$1
2560:             1             64  com.aerospike.vector.index.metrics.NodeFitnessCalculator$computeFitnessProbabilities$updateProbabilities$1
2561:             1             64  com.aerospike.vector.interconnect.InterconnectService
2562:             1             64  com.aerospike.vector.interconnect.InterconnectService$invokeOnNode$1$grpcCall$1
2563:             1             64  com.aerospike.vector.interconnect.InterconnectService$invokeOnNode$1$grpcCall$2
2564:             1             64  com.aerospike.vector.partitions.PartitionService
2565:             2             64  com.aerospike.vector.server.grpc.GrpcInterconnectServer$getAsyncExecutor$1
2566:             2             64  com.aerospike.vector.server.grpc.GrpcVectorDbServer$getAsyncExecutor$1
2567:             1             64  com.aerospike.vector.server.grpc.service.GrpcUserAdminService
2568:             2             64  com.codahale.metrics.MetricRegistry
2569:             4             64  com.fasterxml.jackson.core.util.JacksonFeatureSet
2570:             2             64  com.fasterxml.jackson.databind.AnnotationIntrospector$ReferenceProperty$Type
2571:             1             64  com.fasterxml.jackson.databind.ObjectWriter
2572:             2             64  com.fasterxml.jackson.databind.deser.impl.NullsConstantProvider
2573:             2             64  com.fasterxml.jackson.databind.deser.std.StdKeyDeserializer$StringKD
2574:             4             64  com.fasterxml.jackson.databind.introspect.BasicClassIntrospector
2575:             2             64  com.fasterxml.jackson.databind.module.SimpleSerializers
2576:             2             64  com.fasterxml.jackson.module.kotlin.KotlinAnnotationIntrospector
2577:             2             64  com.fasterxml.jackson.module.kotlin.KotlinNamesAnnotationIntrospector
2578:             2             64  com.fasterxml.jackson.module.kotlin.SingletonSupport
2579:             1             64  com.google.common.cache.CacheStats
2580:             1             64  com.google.common.io.BaseEncoding$Base16Encoding
2581:             1             64  com.google.common.util.concurrent.ThreadFactoryBuilder$1
2582:             2             64  com.google.inject.internal.InternalFlags$BytecodeGenOption
2583:             2             64  com.google.inject.internal.InternalFlags$IncludeStackTraceOption
2584:             2             64  com.google.inject.internal.InternalProviderInstanceBindingImpl$InitializationTiming
2585:             2             64  com.google.inject.internal.util.SourceProvider
2586:             2             64  com.google.protobuf.BooleanArrayList
2587:             2             64  com.google.protobuf.TextFormat$Parser$SingularOverwritePolicy
2588:             2             64  com.sun.jmx.mbeanserver.ClassLoaderRepositorySupport$LoaderEntry (java.management@21.0.6)
2589:             2             64  com.sun.jmx.mbeanserver.WeakIdentityHashMap (java.management@21.0.6)
2590:             2             64  io.grpc.InternalKnownTransport
2591:             2             64  io.grpc.LoadBalancer$CreateSubchannelArgs$Key
2592:             2             64  io.grpc.internal.InternalHandlerRegistry
2593:             1             64  io.grpc.internal.ManagedChannelServiceConfig
2594:             2             64  io.grpc.internal.MessageDeframer$State
2595:             2             64  io.grpc.netty.CancelServerStreamCommand$PeerNotify
2596:             2             64  io.grpc.netty.NettyServer$1
2597:             2             64  io.grpc.netty.Utils$EventLoopGroupType
2598:             2             64  io.netty.buffer.PoolArena$SizeClass
2599:             2             64  io.netty.buffer.PooledByteBufAllocator$PoolThreadLocalCache
2600:             1             64  io.netty.buffer.UnpooledHeapByteBuf
2601:             2             64  io.netty.handler.codec.http2.Http2FrameLogger$Direction
2602:             2             64  io.undertow.security.api.AuthenticationMode
2603:             2             64  io.undertow.server.DefaultByteBufferPool$ThreadLocalData
2604:             1             64  io.undertow.server.protocol.ParseTimeoutUpdater
2605:             1             64  io.undertow.servlet.handlers.ServletPathMatches
2606:             2             64  io.undertow.servlet.handlers.ServletPathMatchesData$PathMatch
2607:             2             64  jakarta.ws.rs.RuntimeType
2608:             2             64  java.io.File$PathStatus (java.base@21.0.6)
2609:             2             64  java.lang.invoke.MethodHandles$Lookup$ClassOption (java.base@21.0.6)
2610:             2             64  java.lang.reflect.ReflectPermission (java.base@21.0.6)
2611:             2             64  java.security.CodeSigner (java.base@21.0.6)
2612:             2             64  java.security.Provider$OPType (java.base@21.0.6)
2613:             2             64  java.security.Timestamp (java.base@21.0.6)
2614:             2             64  java.sql.SQLPermission (java.sql@21.0.6)
2615:             2             64  java.time.OffsetDateTime (java.base@21.0.6)
2616:             2             64  java.time.OffsetTime (java.base@21.0.6)
2617:             2             64  java.time.ZoneRegion (java.base@21.0.6)
2618:             2             64  java.time.format.DateTimeFormatterBuilder$ZoneIdPrinterParser (java.base@21.0.6)
2619:             2             64  java.time.format.DateTimeTextProvider$LocaleStore (java.base@21.0.6)
2620:             1             64  java.util.ServiceLoader$LazyClassPathLookupIterator (java.base@21.0.6)
2621:             2             64  java.util.concurrent.CompletableFuture (java.base@21.0.6)
2622:             2             64  java.util.concurrent.CompletableFuture$TaskSubmitter (java.base@21.0.6)
2623:             2             64  java.util.concurrent.SynchronousQueue$Transferer (java.base@21.0.6)
2624:             2             64  java.util.logging.Logger$LoggerBundle (java.logging@21.0.6)
2625:             2             64  java.util.logging.LoggingPermission (java.logging@21.0.6)
2626:             2             64  java.util.regex.Pattern$Prolog (java.base@21.0.6)
2627:             2             64  jdk.incubator.vector.VectorOperators$TernaryImpl (jdk.incubator.vector@21.0.6)
2628:             1             64  jdk.internal.foreign.layout.ValueLayouts$OfBooleanImpl (java.base@21.0.6)
2629:             1             64  jdk.internal.icu.util.CodePointTrie$Fast16 (java.base@21.0.6)
2630:             2             64  jdk.internal.icu.util.CodePointTrie$Type (java.base@21.0.6)
2631:             1             64  jdk.internal.loader.URLClassPath (java.base@21.0.6)
2632:             2             64  kotlin.Pair
2633:             2             64  kotlin.reflect.jvm.internal.KDeclarationContainerImpl$MemberBelonginess
2634:             1             64  kotlin.reflect.jvm.internal.impl.builtins.jvm.FallbackBuiltIns
2635:             2             64  kotlin.reflect.jvm.internal.impl.descriptors.impl.AbstractTypeParameterDescriptor$2
2636:             1             64  kotlin.reflect.jvm.internal.impl.descriptors.runtime.structure.ReflectJavaClass$fields$1
2637:             1             64  kotlin.reflect.jvm.internal.impl.descriptors.runtime.structure.ReflectJavaClass$fields$2
2638:             1             64  kotlin.reflect.jvm.internal.impl.descriptors.runtime.structure.ReflectJavaClass$methods$2
2639:             1             64  kotlin.reflect.jvm.internal.impl.load.java.JavaTypeEnhancementState$Companion$DEFAULT$1
2640:             2             64  kotlin.reflect.jvm.internal.impl.load.java.structure.LightClassOriginKind
2641:             2             64  kotlin.reflect.jvm.internal.impl.load.java.typeEnhancement.MutabilityQualifier
2642:             1             64  kotlin.reflect.jvm.internal.impl.resolve.descriptorUtil.DescriptorUtilsKt$declaresOrInheritsDefaultValue$2
2643:             2             64  kotlin.reflect.jvm.internal.impl.serialization.deserialization.MemberDeserializer$$Lambda$3
2644:             2             64  kotlin.reflect.jvm.internal.impl.serialization.deserialization.descriptors.DeserializedContainerAbiStability
2645:             2             64  kotlin.reflect.jvm.internal.impl.types.TypeUsage
2646:             1             64  kotlin.sequences.SequencesKt___SequencesKt$flatMap$2
2647:             2             64  kotlin.text.Regex
2648:             1             64  kotlinx.coroutines.DefaultExecutor
2649:             1             64  kotlinx.coroutines.channels.BufferedChannelKt$createSegmentFunction$1
2650:             2             64  kotlinx.coroutines.channels.TickerMode
2651:             1             64  kotlinx.coroutines.flow.internal.SafeCollectorKt$emitFun$1
2652:             1             64  kotlinx.coroutines.sync.SemaphoreAndMutexImpl$addAcquireToQueue$createNewSegment$1
2653:             1             64  kotlinx.coroutines.sync.SemaphoreAndMutexImpl$tryResumeNextFromQueue$createNewSegment$1
2654:             2             64  net.engio.mbassy.listener.Invoke
2655:             2             64  org.apache.commons.collections4.queue.SynchronizedQueue
2656:             4             64  org.bouncycastle.jcajce.provider.asymmetric.ecgost12.KeyFactorySpi
2657:             1             64  org.bouncycastle.jce.provider.BouncyCastleProviderConfiguration
2658:             2             64  org.bouncycastle.pqc.jcajce.provider.falcon.FalconKeyFactorySpi
2659:             2             64  org.glassfish.hk2.api.DescriptorType
2660:             2             64  org.glassfish.hk2.api.DescriptorVisibility
2661:             2             64  org.glassfish.hk2.api.ServiceLocatorState
2662:             1             64  org.glassfish.jersey.internal.guava.ThreadFactoryBuilder$1
2663:             2             64  org.glassfish.jersey.internal.inject.AbstractBinder$$Lambda/0x000079d52c71c200
2664:             2             64  org.glassfish.jersey.internal.l10n.LocalizableMessageFactory
2665:             2             64  org.glassfish.jersey.internal.l10n.Localizer
2666:             2             64  org.glassfish.jersey.jackson.internal.jackson.jaxrs.cfg.Annotations
2667:             1             64  org.glassfish.jersey.message.internal.MediaTypes$3
2668:             2             64  org.glassfish.jersey.message.internal.MessageBodyFactory$ModelLookupKey
2669:             2             64  org.glassfish.jersey.model.internal.RankedComparator$Order
2670:             1             64  org.glassfish.jersey.server.internal.JerseyResourceContext
2671:             2             64  org.glassfish.jersey.servlet.WebConfig$ConfigType
2672:             2             64  org.slf4j.helpers.Reporter$TargetChoice
2673:             1             64  org.wildfly.common.context.ContextManager
2674:             2             64  org.xnio.XnioWorker$WorkerThreadFactory$1
2675:             1             64  org.xnio.nio.NioSocketStreamConnection
2676:             2             64  picocli.CommandLine$ParseResult$GroupValidationResult
2677:             2             64  picocli.CommandLine$ScopeType
2678:             1             64  sun.nio.ch.IOVecWrapper (java.base@21.0.6)
2679:             2             64  sun.nio.ch.NativeThreadSet (java.base@21.0.6)
2680:             2             64  sun.security.jca.ProviderList (java.base@21.0.6)
2681:             2             64  sun.security.util.DisabledAlgorithmConstraints$DisabledConstraint (java.base@21.0.6)
2682:             1             56  [Lch.qos.logback.core.pattern.parser.TokenStream$TokenizerState;
2683:             1             56  [Lcom.aerospike.client.async.EventLoopType;
2684:             1             56  [Lcom.aerospike.client.policy.RecordExistsAction;
2685:             1             56  [Lcom.aerospike.client.policy.Replica;
2686:             1             56  [Lcom.fasterxml.jackson.annotation.Nulls;
2687:             1             56  [Lcom.fasterxml.jackson.core.JsonEncoding;
2688:             1             56  [Lcom.fasterxml.jackson.core.JsonFactory$Feature;
2689:             1             56  [Lcom.fasterxml.jackson.databind.cfg.JsonNodeFeature;
2690:             1             56  [Lcom.google.common.cache.RemovalCause;
2691:             1             56  [Lio.grpc.ConnectivityState;
2692:             1             56  [Lio.grpc.MethodDescriptor$MethodType;
2693:             1             56  [Lio.grpc.MetricInstrument;
2694:             1             56  [Lio.netty.handler.logging.LogLevel;
2695:             1             56  [Lio.netty.util.internal.logging.InternalLogLevel;
2696:             1             56  [Ljakarta.servlet.http.MappingMatch;
2697:             1             56  [Ljava.lang.invoke.VarHandle$AccessType; (java.base@21.0.6)
2698:             1             56  [Ljava.time.format.SignStyle; (java.base@21.0.6)
2699:             1             56  [Ljdk.incubator.vector.VectorShape; (jdk.incubator.vector@21.0.6)
2700:             1             56  [Lkotlin.reflect.jvm.internal.impl.builtins.jvm.JvmBuiltInsCustomizer$JDKMemberStatus;
2701:             1             56  [Lkotlinx.coroutines.scheduling.CoroutineScheduler$WorkerState;
2702:             1             56  [Lorg.glassfish.jersey.internal.guava.RemovalCause;
2703:             1             56  [Lorg.glassfish.jersey.message.internal.HttpHeaderReader$Event;
2704:             1             56  [Lorg.yaml.snakeyaml.DumperOptions$ScalarStyle;
2705:             1             56  [Lpicocli.CommandLine$ParseResult$GroupValidationResult$Type;
2706:             1             56  [Lsun.util.locale.provider.LocaleProviderAdapter$Type; (java.base@21.0.6)
2707:             1             56  [[Ljava.lang.invoke.LambdaForm$Name; (java.base@21.0.6)
2708:             1             56  com.aerospike.client.cluster.Connection
2709:             1             56  com.aerospike.client.cluster.Pool
2710:             1             56  com.aerospike.client.policy.BatchWritePolicy
2711:             1             56  com.aerospike.connect.metrics.Ticker
2712:             1             56  com.aerospike.connect.metrics.Ticker$1
2713:             1             56  com.aerospike.connect.metrics.manage.app.ManageApplication
2714:             1             56  com.aerospike.connect.metrics.manage.server.ManageServer
2715:             1             56  com.aerospike.vector.client.proto.AddUserRequest
2716:             1             56  com.aerospike.vector.client.proto.ClusteringState
2717:             1             56  com.aerospike.vector.client.proto.Field
2718:             1             56  com.aerospike.vector.client.proto.GcInvalidVerticesRequest
2719:             1             56  com.aerospike.vector.client.proto.GetRequest
2720:             1             56  com.aerospike.vector.client.proto.IsIndexedRequest
2721:             1             56  com.aerospike.vector.client.proto.MapEntry
2722:             1             56  com.aerospike.vector.client.proto.Neighbor
2723:             1             56  com.aerospike.vector.client.proto.PutRequest
2724:             1             56  com.aerospike.vector.client.proto.Record
2725:             1             56  com.aerospike.vector.cluster.Cluster$LearnMessage
2726:             1             56  com.aerospike.vector.cluster.ClusterMetaMonitor$cancellableFlow$1
2727:             1             56  com.aerospike.vector.cluster.TickGenerator$cancellableFlow$1
2728:             1             56  com.aerospike.vector.distance.VectorDistanceServiceCpu
2729:             1             56  com.aerospike.vector.dns.AsyncDnsResolver$1
2730:             1             56  com.aerospike.vector.dns.AsyncDnsResolver$2
2731:             1             56  com.aerospike.vector.exchange.Exchange$ExchangeCommit
2732:             1             56  com.aerospike.vector.exchange.Exchange$ExchangeReadyToCommit
2733:             1             56  com.aerospike.vector.exchange.ExchangeService$1
2734:             1             56  com.aerospike.vector.heartbeat.AdjacencyMonitor$cancellableFlow$1
2735:             1             56  com.aerospike.vector.heartbeat.DiscoveryRegister$1
2736:             1             56  com.aerospike.vector.heartbeat.HeartbeatTransmitter$1
2737:             1             56  com.aerospike.vector.index.DeleteProxyRequest
2738:             1             56  com.aerospike.vector.index.ExistsProxyRequest
2739:             1             56  com.aerospike.vector.index.GetProxyRequest
2740:             1             56  com.aerospike.vector.index.IndexMetricsResponse
2741:             1             56  com.aerospike.vector.index.Indexer$batchProcessingCancellableFlow$1
2742:             1             56  com.aerospike.vector.index.Indexer$indexMaintainerCancellableFlow$1
2743:             1             56  com.aerospike.vector.index.IsIndexedProxyRequest
2744:             1             56  com.aerospike.vector.index.NodeBatchIndexMergeComplete
2745:             1             56  com.aerospike.vector.index.PutProxyRequest
2746:             1             56  com.aerospike.vector.index.StandaloneIndexBuildAbortRequest
2747:             1             56  com.aerospike.vector.index.StandaloneIndexBuildCompletedRequest
2748:             1             56  com.aerospike.vector.index.StandaloneIndexBuildStartRequest
2749:             1             56  com.aerospike.vector.index.StandaloneIndexCoordinator$cancellableFlow$1
2750:             1             56  com.aerospike.vector.index.StandaloneIndexWorker$cancellableFlow$1
2751:             1             56  com.aerospike.vector.index.VectorSearchProxyRequest
2752:             1             56  com.aerospike.vector.index.cache.IndexCacheCoordinator$1
2753:             1             56  com.aerospike.vector.index.cache.IndexCacheCoordinator$2
2754:             1             56  com.aerospike.vector.index.healer.coordinator.IndexHealerCoordinator$cancellableFlow$1
2755:             1             56  com.aerospike.vector.index.healer.worker.IndexHealerWorker$cancellableFlow$1
2756:             1             56  com.aerospike.vector.index.merge.worker.IndexMergeWorker$1
2757:             1             56  com.aerospike.vector.index.metrics.CacheMetricRefresher$cancellableFlow$1
2758:             1             56  com.aerospike.vector.index.metrics.IndexMetricsTracker$refreshClusterMetricsFlow$1
2759:             1             56  com.aerospike.vector.interconnect.InterconnectDirectory
2760:             1             56  com.aerospike.vector.server.grpc.service.GrpcIndexService
2761:             1             56  com.aerospike.vector.storage.AerospikeStorageFactory
2762:             1             56  com.codahale.metrics.json.MetricsModule$TimerSerializer
2763:             1             56  com.fasterxml.jackson.databind.introspect.DefaultAccessorNamingStrategy$Provider
2764:             1             56  com.google.protobuf.ExtensionRegistry
2765:             1             56  com.sun.jmx.mbeanserver.JmxMBeanServer (java.management@21.0.6)
2766:             1             56  com.sun.jmx.mbeanserver.MBeanServerDelegateImpl (java.management@21.0.6)
2767:             1             56  com.sun.management.internal.DiagnosticCommandImpl (jdk.management@21.0.6)
2768:             1             56  com.sun.management.internal.OperatingSystemImpl (jdk.management@21.0.6)
2769:             1             56  io.grpc.InternalChannelz
2770:             1             56  io.netty.util.ResourceLeakDetector
2771:             1             56  io.netty.util.concurrent.DefaultPromise$StacklessCancellationException
2772:             1             56  io.undertow.security.handlers.SecurityInitialHandler
2773:             1             56  io.undertow.server.session.SessionCookieConfig
2774:             1             56  java.io.BufferedInputStream (java.base@21.0.6)
2775:             1             56  java.io.PrintWriter (java.base@21.0.6)
2776:             1             56  java.lang.ArithmeticException (java.base@21.0.6)
2777:             1             56  java.lang.ArrayStoreException (java.base@21.0.6)
2778:             1             56  java.lang.ClassCastException (java.base@21.0.6)
2779:             1             56  java.lang.ExceptionInInitializerError (java.base@21.0.6)
2780:             1             56  java.lang.ThreadBuilders$VirtualThreadFactory (java.base@21.0.6)
2781:             1             56  java.lang.UnsupportedOperationException (java.base@21.0.6)
2782:             1             56  java.lang.VirtualMachineError (java.base@21.0.6)
2783:             1             56  java.net.Socket (java.base@21.0.6)
2784:             1             56  java.net.UnknownHostException (java.base@21.0.6)
2785:             1             56  java.security.UnresolvedPermission (java.base@21.0.6)
2786:             1             56  java.util.Collections$UnmodifiableSortedMap (java.base@21.0.6)
2787:             1             56  java.util.ResourceBundle$2 (java.base@21.0.6)
2788:             1             56  java.util.ServiceLoader$ModuleServicesLookupIterator (java.base@21.0.6)
2789:             1             56  jdk.internal.event.SecurityProviderServiceEvent (java.base@21.0.6)
2790:             1             56  jdk.internal.loader.ArchivedClassLoaders (java.base@21.0.6)
2791:             1             56  jdk.net.ExtendedSocketOptions$1 (jdk.net@21.0.6)
2792:             1             56  kotlin.reflect.jvm.internal.impl.metadata.jvm.JvmProtoBuf$StringTableTypes
2793:             1             56  kotlin.reflect.jvm.internal.impl.name.CallableId
2794:             1             56  kotlin.reflect.jvm.internal.impl.types.ClassTypeConstructorImpl
2795:             1             56  kotlinx.coroutines.scheduling.DefaultScheduler
2796:             1             56  org.glassfish.jersey.server.internal.inject.PrimitiveValueOfExtractor
2797:             1             56  org.glassfish.jersey.server.internal.inject.WebTargetValueParamProvider
2798:             1             56  org.glassfish.jersey.server.model.ResourceMethodInvoker$Builder
2799:             1             56  org.glassfish.jersey.server.model.internal.JavaResourceMethodDispatcherProvider$VoidOutInvoker
2800:             1             56  org.glassfish.jersey.servlet.WebComponent
2801:             1             56  org.glassfish.jersey.servlet.WebComponent$WebComponentBinder
2802:             1             56  org.jboss.threads.EnhancedQueueExecutor$SchedulerTask
2803:             1             56  org.jvnet.hk2.internal.PerLocatorUtilities
2804:             1             56  org.jvnet.mimepull.MIMEConfig
2805:             1             56  picocli.CommandLine$Help$Ansi$Text
2806:             1             56  sun.nio.cs.StandardCharsets$Aliases (java.base@21.0.6)
2807:             1             56  sun.nio.cs.StandardCharsets$Cache (java.base@21.0.6)
2808:             1             56  sun.nio.cs.UTF_8$Decoder (java.base@21.0.6)
2809:             1             56  sun.security.provider.DSAPublicKeyImpl (java.base@21.0.6)
2810:             1             56  sun.security.util.KnownOIDs$1 (java.base@21.0.6)
2811:             1             56  sun.security.util.KnownOIDs$10 (java.base@21.0.6)
2812:             1             56  sun.security.util.KnownOIDs$2 (java.base@21.0.6)
2813:             1             56  sun.security.util.KnownOIDs$3 (java.base@21.0.6)
2814:             1             56  sun.security.util.KnownOIDs$4 (java.base@21.0.6)
2815:             1             56  sun.security.util.KnownOIDs$5 (java.base@21.0.6)
2816:             1             56  sun.security.util.KnownOIDs$6 (java.base@21.0.6)
2817:             1             56  sun.security.util.KnownOIDs$7 (java.base@21.0.6)
2818:             1             56  sun.security.util.KnownOIDs$8 (java.base@21.0.6)
2819:             1             56  sun.security.util.KnownOIDs$9 (java.base@21.0.6)
2820:             1             56  sun.util.resources.Bundles$1 (java.base@21.0.6)
2821:             3             48  [Lch.qos.logback.core.filter.Filter;
2822:             1             48  [Lcom.aerospike.client.BatchRecord$Type;
2823:             1             48  [Lcom.aerospike.client.Log$Level;
2824:             1             48  [Lcom.aerospike.client.policy.AuthMode;
2825:             1             48  [Lcom.aerospike.client.policy.ReadModeSC;
2826:             1             48  [Lcom.aerospike.vector.cluster.JoinRequestResult;
2827:             1             48  [Lcom.aerospike.vector.cluster.events.StateChangeQualifier;
2828:             1             48  [Lcom.aerospike.vector.config.NodeRoleSet;
2829:             1             48  [Lcom.aerospike.vector.exchange.ExchangeState;
2830:             1             48  [Lcom.aerospike.vector.index.IndexLogEntry$OperationCase;
2831:             1             48  [Lcom.fasterxml.jackson.core.StreamReadCapability;
2832:             1             48  [Lcom.fasterxml.jackson.core.util.Separators$Spacing;
2833:             1             48  [Lcom.fasterxml.jackson.databind.cfg.ConstructorDetector$SingleArgConstructor;
2834:             1             48  [Lcom.google.common.collect.MapMakerInternalMap$Segment;
2835:             1             48  [Lcom.google.inject.internal.Initializer$InjectableReferenceState;
2836:             1             48  [Lcom.google.inject.internal.InternalFlags$CustomClassLoadingOption;
2837:             1             48  [Lcom.google.protobuf.Descriptors$FileDescriptor$Syntax;
2838:             2             48  [Lcom.sun.jmx.mbeanserver.ClassLoaderRepositorySupport$LoaderEntry; (java.management@21.0.6)
2839:             1             48  [Lio.grpc.ChannelLogger$ChannelLogLevel;
2840:             1             48  [Lio.grpc.InternalChannelz$ChannelTrace$Event$Severity;
2841:             1             48  [Lio.grpc.internal.ClientStreamListener$RpcProgress;
2842:             1             48  [Lio.netty.channel.DefaultChannelPipeline$AddStrategy;
2843:             1             48  [Lio.netty.util.ResourceLeakDetector$Level;
2844:             1             48  [Lio.undertow.security.impl.SecurityContextImpl$AuthenticationState;
2845:             2             48  [Lio.undertow.server.handlers.form.FormParserFactory$ParserDefinition;
2846:             1             48  [Lio.undertow.servlet.api.TransportGuaranteeType;
2847:             1             48  [Ljava.lang.ThreadGroup; (java.base@21.0.6)
2848:             1             48  [Ljava.lang.ThreadLocal; (java.base@21.0.6)
2849:             1             48  [Ljava.lang.module.ModuleDescriptor$Modifier; (java.base@21.0.6)
2850:             1             48  [Ljava.lang.module.ModuleDescriptor$Requires$Modifier; (java.base@21.0.6)
2851:             3             48  [Ljava.lang.reflect.Field; (java.base@21.0.6)
2852:             1             48  [Ljava.text.Normalizer$Form; (java.base@21.0.6)
2853:             1             48  [Ljava.time.format.DateTimeFormatterBuilder$SettingsParser; (java.base@21.0.6)
2854:             1             48  [Ljava.time.temporal.IsoFields$Field; (java.base@21.0.6)
2855:             1             48  [Ljava.util.regex.Pattern$Qtype; (java.base@21.0.6)
2856:             1             48  [Ljava.util.stream.StreamShape; (java.base@21.0.6)
2857:             1             48  [Ljdk.internal.logger.BootstrapLogger$LoggingBackend; (java.base@21.0.6)
2858:             1             48  [Lkotlin.reflect.jvm.internal.impl.builtins.functions.FunctionTypeKind;
2859:             1             48  [Lkotlin.reflect.jvm.internal.impl.descriptors.CallableMemberDescriptor$Kind;
2860:             1             48  [Lkotlin.reflect.jvm.internal.impl.descriptors.Modality;
2861:             1             48  [Lkotlin.reflect.jvm.internal.impl.load.java.SpecialGenericSignatures$TypeSafeBarrierDescription;
2862:             1             48  [Lkotlin.reflect.jvm.internal.impl.load.java.descriptors.JavaMethodDescriptor$ParameterNamesStatus;
2863:             1             48  [Lkotlin.reflect.jvm.internal.impl.metadata.ProtoBuf$Type$Argument$Projection;
2864:             1             48  [Lkotlin.reflect.jvm.internal.impl.serialization.deserialization.AnnotatedCallableKind;
2865:             1             48  [Lkotlinx.coroutines.CoroutineStart;
2866:             1             48  [Lnet.engio.mbassy.bus.MessagePublication$State;
2867:             1             48  [Lorg.apache.commons.math3.ml.clustering.KMeansPlusPlusClusterer$EmptyClusterStrategy;
2868:             1             48  [Lorg.bouncycastle.crypto.params.DHParameters;
2869:             1             48  [Lorg.bouncycastle.crypto.params.DSAParameters;
2870:             1             48  [Lorg.glassfish.jersey.uri.internal.TemplateVariable$Position;
2871:             1             48  [Lorg.yaml.snakeyaml.nodes.NodeId;
2872:             1             48  [Lpicocli.CommandLine$TraceLevel;
2873:             1             48  ch.qos.logback.classic.util.ContextInitializer
2874:             2             48  ch.qos.logback.core.pattern.FormatInfo
2875:             1             48  com.aerospike.client.async.NettyEventLoops
2876:             1             48  com.aerospike.client.policy.BatchDeletePolicy
2877:             1             48  com.aerospike.connect.metrics.manage.config.ManageServerConfig
2878:             1             48  com.aerospike.connect.metrics.manage.service.PrometheusExports
2879:             1             48  com.aerospike.vector.client.proto.AuthRequest
2880:             1             48  com.aerospike.vector.client.proto.ClusterNodeEndpointsRequest
2881:             1             48  com.aerospike.vector.client.proto.DeleteRequest
2882:             1             48  com.aerospike.vector.client.proto.ExistsRequest
2883:             1             48  com.aerospike.vector.client.proto.GrantRolesRequest
2884:             1             48  com.aerospike.vector.client.proto.IndexCreateRequest
2885:             1             48  com.aerospike.vector.client.proto.IndexDropRequest
2886:             1             48  com.aerospike.vector.client.proto.IndexGetRequest
2887:             1             48  com.aerospike.vector.client.proto.IndexStatusRequest
2888:             1             48  com.aerospike.vector.client.proto.MapKey
2889:             1             48  com.aerospike.vector.client.proto.RevokeRolesRequest
2890:             1             48  com.aerospike.vector.client.proto.ServerEndpoint
2891:             1             48  com.aerospike.vector.client.proto.UpdateCredentialsRequest
2892:             1             48  com.aerospike.vector.client.proto.User
2893:             1             48  com.aerospike.vector.client.proto.Value
2894:             1             48  com.aerospike.vector.cluster.Cluster$AcceptMessage
2895:             1             48  com.aerospike.vector.cluster.Cluster$JoinReject
2896:             1             48  com.aerospike.vector.cluster.Cluster$JoinRequest
2897:             1             48  com.aerospike.vector.cluster.Cluster$PrepareMessage
2898:             1             48  com.aerospike.vector.cluster.Cluster$ProposalId
2899:             2             48  com.aerospike.vector.cluster.ClusterId
2900:             2             48  com.aerospike.vector.cluster.QuantumIntervalGenerator$$Lambda/0x000079d52c4ebf30
2901:             1             48  com.aerospike.vector.cluster.TickGenerator
2902:             1             48  com.aerospike.vector.exchange.ExchangeClusterStateService
2903:             2             48  com.aerospike.vector.exchange.NodeState
2904:             1             48  com.aerospike.vector.heartbeat.Heartbeat$EndpointsQuery
2905:             2             48  com.aerospike.vector.heartbeat.HeartbeatServiceGrpc$HeartbeatServiceMethodDescriptorSupplier
2906:             2             48  com.aerospike.vector.heartbeat.HeartbeatServiceGrpc$MethodHandlers
2907:             1             48  com.aerospike.vector.index.BatchBucketStore
2908:             1             48  com.aerospike.vector.index.BatchIndexStatusResponse
2909:             1             48  com.aerospike.vector.index.EvictCachedVerticesRequest
2910:             1             48  com.aerospike.vector.index.ExistsProxyResponse
2911:             1             48  com.aerospike.vector.index.GetProxyResponse
2912:             3             48  com.aerospike.vector.index.IndexCatalog$$FastClassByGuice$$26ccd31
2913:             3             48  com.aerospike.vector.index.IndexLog$$FastClassByGuice$$255632d
2914:             1             48  com.aerospike.vector.index.IsIndexedProxyResponse
2915:             1             48  com.aerospike.vector.index.MarkCachedVerticesInvalidRequest
2916:             1             48  com.aerospike.vector.index.VectorSearchProxyResponse
2917:             1             48  com.aerospike.vector.index.config.IndexCleanupConfig
2918:             1             48  com.aerospike.vector.index.merge.coordinator.config.IndexBatchMergeConfig
2919:             1             48  com.aerospike.vector.index.metrics.CacheMetricRefresher
2920:             3             48  com.aerospike.vector.index.metrics.IndexMetricsRegistry$$FastClassByGuice$$28f28b5
2921:             3             48  com.aerospike.vector.server.grpc.service.GrpcTransactService$$FastClassByGuice$$63a9264
2922:             1             48  com.aerospike.vector.storage.AerospikeStorageKvs
2923:             2             48  com.codahale.metrics.jvm.MemoryUsageGaugeSet$$Lambda/0x000079d52c337280
2924:             2             48  com.fasterxml.jackson.databind.InjectableValues$Std
2925:             2             48  com.fasterxml.jackson.databind.ObjectMapper$1
2926:             1             48  com.fasterxml.jackson.databind.ObjectWriter$GeneratorSettings
2927:             2             48  com.fasterxml.jackson.databind.module.SimpleDeserializers
2928:             2             48  com.fasterxml.jackson.databind.ser.std.BooleanSerializer
2929:             1             48  com.fasterxml.jackson.databind.ser.std.CalendarSerializer
2930:             1             48  com.fasterxml.jackson.databind.ser.std.DateSerializer
2931:             1             48  com.fasterxml.jackson.databind.type.TypeFactory
2932:             2             48  com.fasterxml.jackson.module.kotlin.KotlinDeserializers
2933:             2             48  com.fasterxml.jackson.module.kotlin.KotlinInstantiators
2934:             1             48  com.github.benmanes.caffeine.cache.BoundedLocalCache$BoundedLocalLoadingCache
2935:             2             48  com.github.benmanes.caffeine.cache.BoundedLocalCache$BoundedPolicy$BoundedEviction
2936:             2             48  com.github.benmanes.caffeine.cache.BoundedLocalCache$EntrySetView
2937:             1             48  com.github.benmanes.caffeine.cache.NodeFactory$DeadWeakKey
2938:             1             48  com.github.benmanes.caffeine.cache.NodeFactory$RetiredWeakKey
2939:             2             48  com.google.common.base.Joiner
2940:             2             48  com.google.inject.internal.Annotations$AnnotationChecker$1
2941:             1             48  com.google.protobuf.GeneratedMessageV3$FieldAccessorTable$RealOneofAccessor
2942:             1             48  com.google.protobuf.TextFormat$Parser
2943:             1             48  com.sun.management.internal.OperatingSystemImpl$ProcessCpuTicks (jdk.management@21.0.6)
2944:             1             48  com.sun.management.internal.OperatingSystemImpl$SystemCpuTicks (jdk.management@21.0.6)
2945:             2             48  io.grpc.DecompressorRegistry$DecompressorInfo
2946:             2             48  io.grpc.internal.ServerImpl$ServerListenerImpl
2947:             2             48  io.grpc.netty.NettyServer$SharedResourceReferenceCounter
2948:             2             48  io.netty.buffer.PooledByteBufAllocator$1
2949:             2             48  io.netty.buffer.PooledByteBufAllocatorMetric
2950:             2             48  io.netty.channel.group.DefaultChannelGroup$1
2951:             2             48  io.netty.channel.group.VoidChannelGroupFuture
2952:             1             48  io.netty.handler.codec.http.HttpStatusClass$1
2953:             2             48  io.netty.util.concurrent.ThreadPerTaskExecutor
2954:             2             48  io.undertow.server.DefaultByteBufferPool$ThreadLocalCache
2955:             2             48  io.undertow.server.handlers.form.FormEncodedDataDefinition
2956:             2             48  io.undertow.server.handlers.form.FormParserFactory
2957:             1             48  io.undertow.server.protocol.http.ServerFixedLengthStreamSinkConduit
2958:             1             48  io.undertow.servlet.core.DeploymentManagerImpl
2959:             2             48  io.undertow.servlet.core.ManagedServlet$DefaultInstanceStrategy$1
2960:             2             48  io.undertow.servlet.handlers.ServletHandler
2961:             1             48  io.undertow.servlet.handlers.security.CachedAuthenticatedSessionHandler
2962:             1             48  io.undertow.servlet.spec.SessionCookieConfigImpl
2963:             2             48  io.undertow.servlet.util.ConstructorInstanceFactory
2964:             1             48  io.undertow.util.PathMatcher
2965:             2             48  io.undertow.util.SubstringMap
2966:             1             48  jakarta.xml.bind.JAXBElement
2967:             2             48  java.io.FilePermissionCollection (java.base@21.0.6)
2968:             1             48  java.lang.Module$ArchivedData (java.base@21.0.6)
2969:             1             48  java.lang.invoke.VarHandleLongs$Array (java.base@21.0.6)
2970:             1             48  java.lang.module.ModuleDescriptor$Version (java.base@21.0.6)
2971:             2             48  java.nio.ByteOrder (java.base@21.0.6)
2972:             2             48  java.nio.channels.spi.AbstractSelector$1 (java.base@21.0.6)
2973:             2             48  java.nio.file.attribute.PosixFilePermissions$1 (java.base@21.0.6)
2974:             2             48  java.time.format.DateTimeFormatterBuilder$1 (java.base@21.0.6)
2975:             3             48  java.util.Base64$Decoder (java.base@21.0.6)
2976:             2             48  java.util.ResourceBundle$SingleFormatControl (java.base@21.0.6)
2977:             1             48  java.util.zip.ZipCoder$UTF8ZipCoder (java.base@21.0.6)
2978:             1             48  jdk.internal.jimage.ImageHeader (java.base@21.0.6)
2979:             2             48  jdk.internal.misc.Signal$NativeHandler (java.base@21.0.6)
2980:             1             48  jdk.internal.org.objectweb.asm.ConstantDynamic (java.base@21.0.6)
2981:             1             48  jdk.internal.org.objectweb.asm.Handle (java.base@21.0.6)
2982:             2             48  jdk.internal.reflect.ReflectionFactory$Config (java.base@21.0.6)
2983:             2             48  jdk.proxy2.$Proxy14 (jdk.proxy2)
2984:             2             48  jdk.proxy2.$Proxy25 (jdk.proxy2)
2985:             2             48  jdk.proxy2.$Proxy34 (jdk.proxy2)
2986:             2             48  jdk.proxy2.$Proxy5 (jdk.proxy2)
2987:             2             48  jdk.proxy2.$Proxy65 (jdk.proxy2)
2988:             2             48  jdk.proxy2.$Proxy66 (jdk.proxy2)
2989:             2             48  jdk.proxy2.$Proxy68 (jdk.proxy2)
2990:             1             48  kotlin.reflect.jvm.internal.impl.descriptors.NotFoundClasses
2991:             2             48  kotlin.reflect.jvm.internal.impl.descriptors.impl.AbstractTypeParameterDescriptor$2$1
2992:             1             48  kotlin.reflect.jvm.internal.impl.descriptors.impl.ModuleDependenciesImpl
2993:             1             48  kotlin.reflect.jvm.internal.impl.descriptors.impl.ReceiverParameterDescriptorImpl
2994:             1             48  kotlin.reflect.jvm.internal.impl.descriptors.runtime.structure.Java16SealedRecordLoader$Cache
2995:             1             48  kotlin.reflect.jvm.internal.impl.load.java.Jsr305Settings
2996:             2             48  kotlin.reflect.jvm.internal.impl.load.java.NullabilityAnnotationStatesImpl$$Lambda$0
2997:             2             48  kotlin.reflect.jvm.internal.impl.load.java.typeEnhancement.EnhancedTypeAnnotations
2998:             1             48  kotlin.reflect.jvm.internal.impl.metadata.jvm.JvmProtoBuf$JvmFieldSignature
2999:             1             48  kotlin.reflect.jvm.internal.impl.metadata.jvm.JvmProtoBuf$JvmMethodSignature
3000:             2             48  kotlin.reflect.jvm.internal.impl.serialization.deserialization.descriptors.DeserializedAnnotations
3001:             2             48  kotlin.reflect.jvm.internal.impl.serialization.deserialization.descriptors.DeserializedTypeParameterDescriptor$$Lambda$0
3002:             2             48  kotlin.reflect.jvm.internal.impl.types.TypeUtils$SpecialType
3003:             1             48  kotlinx.coroutines.channels.ProducerCoroutine
3004:             2             48  kotlinx.coroutines.scheduling.GlobalQueue
3005:             1             48  net.engio.mbassy.common.StrongConcurrentSet
3006:             2             48  org.bouncycastle.math.field.PrimeField
3007:             3             48  org.bouncycastle.pqc.jcajce.provider.bike.BIKEKeyFactorySpi
3008:             3             48  org.bouncycastle.pqc.jcajce.provider.hqc.HQCKeyFactorySpi
3009:             1             48  org.glassfish.hk2.utilities.reflection.internal.ClassReflectionHelperImpl
3010:             1             48  org.glassfish.jersey.inject.hk2.ContextInjectionResolverImpl
3011:             1             48  org.glassfish.jersey.inject.hk2.Hk2BootstrapBinder
3012:             1             48  org.glassfish.jersey.inject.hk2.JerseyClassAnalyzer$Binder
3013:             1             48  org.glassfish.jersey.jackson.internal.jackson.jaxrs.json.JsonMapperConfigurator
3014:             1             48  org.glassfish.jersey.media.multipart.internal.FormDataParamInjectionFeature$1
3015:             1             48  org.glassfish.jersey.message.internal.QualitySourceMediaType
3016:             2             48  org.glassfish.jersey.spi.AbstractThreadPoolProvider$$Lambda/0x000079d52c75d9f0
3017:             2             48  org.jboss.threads.DelegatingExecutorService
3018:             2             48  org.jboss.threads.EnhancedQueueExecutor$TerminateWaiterNode
3019:             2             48  org.jboss.threads.Messages_$logger
3020:             2             48  org.slf4j.helpers.ThreadLocalMapOfStacks
3021:             2             48  org.xnio.Option$9
3022:             2             48  org.xnio.XnioWorker$WorkerThreadFactory$1$1
3023:             1             48  org.xnio.conduits.ConduitStreamSinkChannel
3024:             1             48  org.xnio.conduits.ConduitStreamSourceChannel
3025:             1             48  org.xnio.nio.NioXnio
3026:             1             48  org.xnio.nio.NioXnioWorker$NioWorkerMetrics
3027:             1             48  org.xnio.nio.WorkerThread$TimeKey
3028:             3             48  sun.nio.ch.SocketDispatcher (java.base@21.0.6)
3029:             2             48  sun.nio.ch.Util$2 (java.base@21.0.6)
3030:             1             48  sun.reflect.annotation.AnnotatedTypeFactory$AnnotatedTypeBaseImpl (java.base@21.0.6)
3031:             2             48  sun.security.jca.ProviderList$3 (java.base@21.0.6)
3032:             2             48  sun.security.provider.FileInputStreamPool$UnclosableInputStream (java.base@21.0.6)
3033:             1             48  sun.security.provider.PolicyFile$PolicyInfo (java.base@21.0.6)
3034:             1             48  sun.security.util.DisabledAlgorithmConstraints (java.base@21.0.6)
3035:             1             48  sun.security.util.DisabledAlgorithmConstraints$DenyAfterConstraint (java.base@21.0.6)
3036:             2             48  sun.util.resources.LocaleData (java.base@21.0.6)
3037:             1             40  [Lch.qos.logback.classic.spi.Configurator$ExecutionStatus;
3038:             2             40  [Lch.qos.logback.core.Appender;
3039:             1             40  [Lch.qos.logback.core.spi.FilterReply;
3040:             1             40  [Lcom.aerospike.client.policy.GenerationPolicy;
3041:             1             40  [Lcom.aerospike.vector.client.proto.Vector$DataCase;
3042:             1             40  [Lcom.aerospike.vector.cluster.MonitorState;
3043:             1             40  [Lcom.aerospike.vector.cluster.PaxosAcceptorState;
3044:             1             40  [Lcom.aerospike.vector.cluster.PaxosProposerState;
3045:             1             40  [Lcom.fasterxml.jackson.core.Base64Variant$PaddingReadBehaviour;
3046:             1             40  [Lcom.fasterxml.jackson.databind.util.AccessPattern;
3047:             1             40  [Lcom.fasterxml.jackson.databind.util.internal.PrivateMaxEntriesMap$DrainStatus;
3048:             1             40  [Lcom.google.common.cache.LocalCache$Strength;
3049:             1             40  [Lcom.google.inject.Stage;
3050:             1             40  [Lcom.google.inject.internal.InjectorImpl$JitLimitation;
3051:             1             40  [Lcom.google.inject.internal.InternalFlags$ColorizeOption;
3052:             1             40  [Lcom.google.inject.internal.InternalFlags$NullableProvidesOption;
3053:             1             40  [Lcom.google.inject.spi.InjectionPoint$Position;
3054:             1             40  [Lcom.google.protobuf.Descriptors$DescriptorPool$SearchFilter;
3055:             1             40  [Lcom.google.protobuf.MapField$StorageMode;
3056:             1             40  [Lcom.google.protobuf.WireFormat$Utf8Validation;
3057:             1             40  [Lio.grpc.SecurityLevel;
3058:             1             40  [Lio.grpc.internal.ManagedChannelImpl$ResolutionState;
3059:             1             40  [Lio.grpc.netty.NegotiationType;
3060:             1             40  [Lio.netty.handler.codec.http2.HpackDecoder$HeaderType;
3061:             1             40  [Lio.netty.handler.codec.http2.HpackUtil$IndexType;
3062:             1             40  [Lio.netty.handler.codec.http2.Http2Exception$ShutdownHint;
3063:             1             40  [Lio.undertow.Undertow$ListenerType;
3064:             1             40  [Lio.undertow.security.api.AuthenticationMechanism$AuthenticationMechanismOutcome;
3065:             1             40  [Lio.undertow.servlet.api.DeploymentManager$State;
3066:             1             40  [Lio.undertow.servlet.api.ServletStackTraces;
3067:             1             40  [Lio.undertow.servlet.core.ApplicationListeners$ListenerState;
3068:             1             40  [Lio.undertow.servlet.handlers.ServletPathMatch$Type;
3069:             1             40  [Lio.undertow.servlet.spec.HttpServletResponseImpl$ResponseState;
3070:             1             40  [Ljakarta.servlet.SessionTrackingMode;
3071:             1             40  [Ljava.lang.ProcessImpl$LaunchMechanism; (java.base@21.0.6)
3072:             1             40  [Ljava.lang.invoke.MethodHandleImpl$ArrayAccess; (java.base@21.0.6)
3073:             1             40  [Ljava.lang.reflect.Constructor; (java.base@21.0.6)
3074:             1             40  [Ljava.net.Proxy$Type; (java.base@21.0.6)
3075:             1             40  [Ljava.net.StandardProtocolFamily; (java.base@21.0.6)
3076:             1             40  [Ljava.security.DrbgParameters$Capability; (java.base@21.0.6)
3077:             1             40  [Ljava.time.format.ResolverStyle; (java.base@21.0.6)
3078:             1             40  [Ljava.time.temporal.JulianFields$Field; (java.base@21.0.6)
3079:             1             40  [Ljava.util.stream.MatchOps$MatchKind; (java.base@21.0.6)
3080:             1             40  [Ljava.util.zip.ZipCoder$Comparison; (java.base@21.0.6)
3081:             1             40  [Ljdk.internal.icu.util.CodePointTrie$ValueWidth; (java.base@21.0.6)
3082:             1             40  [Ljdk.internal.module.ServicesCatalog; (java.base@21.0.6)
3083:             1             40  [Lkotlin.LazyThreadSafetyMode;
3084:             1             40  [Lkotlin.coroutines.intrinsics.CoroutineSingletons;
3085:             1             40  [Lkotlin.reflect.KParameter$Kind;
3086:             1             40  [Lkotlin.reflect.jvm.internal.impl.builtins.jvm.JvmBuiltIns$Kind;
3087:             1             40  [Lkotlin.reflect.jvm.internal.impl.load.java.ReportLevel;
3088:             1             40  [Lkotlin.reflect.jvm.internal.impl.load.java.lazy.types.JavaTypeFlexibility;
3089:             1             40  [Lkotlin.reflect.jvm.internal.impl.load.java.typeEnhancement.NullabilityQualifier;
3090:             1             40  [Lkotlin.reflect.jvm.internal.impl.load.java.typeEnhancement.TypeComponentPosition;
3091:             1             40  [Lkotlin.reflect.jvm.internal.impl.metadata.ProtoBuf$QualifiedNameTable$QualifiedName$Kind;
3092:             1             40  [Lkotlin.reflect.jvm.internal.impl.metadata.ProtoBuf$TypeParameter$Variance;
3093:             1             40  [Lkotlin.reflect.jvm.internal.impl.metadata.jvm.JvmProtoBuf$StringTableTypes$Record$Operation;
3094:             1             40  [Lkotlin.reflect.jvm.internal.impl.renderer.AnnotationArgumentsRenderingPolicy;
3095:             1             40  [Lkotlin.reflect.jvm.internal.impl.renderer.OverrideRenderingPolicy;
3096:             1             40  [Lkotlin.reflect.jvm.internal.impl.renderer.ParameterNameRenderingPolicy;
3097:             1             40  [Lkotlin.reflect.jvm.internal.impl.renderer.PropertyAccessorRenderingPolicy;
3098:             1             40  [Lkotlin.reflect.jvm.internal.impl.resolve.ExternalOverridabilityCondition$Contract;
3099:             1             40  [Lkotlin.reflect.jvm.internal.impl.resolve.ExternalOverridabilityCondition$Result;
3100:             1             40  [Lkotlin.reflect.jvm.internal.impl.resolve.OverridingUtil$OverrideCompatibilityInfo$Result;
3101:             1             40  [Lkotlin.reflect.jvm.internal.impl.storage.LockBasedStorageManager$NotValue;
3102:             1             40  [Lkotlin.reflect.jvm.internal.impl.types.TypeCheckerState$LowerCapturedTypePolicy;
3103:             1             40  [Lkotlin.reflect.jvm.internal.impl.types.TypeSubstitutor$VarianceConflictType;
3104:             1             40  [Lkotlin.reflect.jvm.internal.impl.types.Variance;
3105:             1             40  [Lkotlin.reflect.jvm.internal.impl.types.model.CaptureStatus;
3106:             1             40  [Lkotlin.reflect.jvm.internal.impl.types.model.TypeVariance;
3107:             1             40  [Lkotlinx.coroutines.channels.BufferOverflow;
3108:             1             40  [Lorg.apache.commons.io.StandardLineSeparator;
3109:             1             40  [Lorg.bouncycastle.asn1.ASN1ObjectIdentifier;
3110:             1             40  [Lorg.glassfish.hk2.api.InstanceLifecycleEventType;
3111:             1             40  [Lorg.glassfish.hk2.api.ServiceLocatorFactory$CreatePolicy;
3112:             1             40  [Lorg.glassfish.jersey.Severity;
3113:             1             40  [Lorg.glassfish.jersey.internal.inject.ParamConverters$OptionalProvider$Optionals;
3114:             1             40  [Lorg.glassfish.jersey.internal.inject.Providers$ProviderRuntime;
3115:             1             40  [Lorg.glassfish.jersey.message.internal.TracingLogger$Level;
3116:             1             40  [Lorg.glassfish.jersey.server.TracingConfig;
3117:             1             40  [Lorg.glassfish.jersey.server.model.ResourceMethod$JaxrsType;
3118:             1             40  [Lorg.glassfish.jersey.server.spi.internal.ValueParamProvider$Priority;
3119:             1             40  [Lorg.glassfish.jersey.uri.JerseyQueryParamStyle;
3120:             1             40  [Lorg.slf4j.helpers.Reporter$Level;
3121:             1             40  [Lorg.yaml.snakeyaml.DumperOptions$FlowStyle;
3122:             1             40  [Lpicocli.CommandLine$Help$Ansi;
3123:             1             40  [Lpicocli.CommandLine$LookBehind;
3124:             1             40  [Lpicocli.CommandLine$Model$InitialValueState;
3125:             1             40  [Lsun.security.provider.NativePRNG$Variant; (java.base@21.0.6)
3126:             1             40  [[[Ljdk.incubator.vector.VectorOperators$ConversionImpl; (jdk.incubator.vector@21.0.6)
3127:             1             40  ch.qos.logback.classic.spi.LogbackServiceProvider
3128:             1             40  ch.qos.logback.classic.spi.LoggerContextVO
3129:             1             40  ch.qos.logback.classic.util.LogbackMDCAdapter
3130:             1             40  ch.qos.logback.core.helpers.CyclicBuffer
3131:             1             40  com.aerospike.client.policy.BatchUDFPolicy
3132:             1             40  com.aerospike.connect.logging.inject.LoggingGuiceModule
3133:             1             40  com.aerospike.connect.metrics.ThreadStatesGaugeSet
3134:             1             40  com.aerospike.connect.serde.SerdeGuiceModule
3135:             1             40  com.aerospike.vector.client.proto.AuthResponse
3136:             1             40  com.aerospike.vector.client.proto.ClusterId
3137:             1             40  com.aerospike.vector.client.proto.ClusterNodeEndpoints
3138:             1             40  com.aerospike.vector.client.proto.DropUserRequest
3139:             1             40  com.aerospike.vector.client.proto.GetUserRequest
3140:             1             40  com.aerospike.vector.client.proto.HnswSearchParams
3141:             1             40  com.aerospike.vector.client.proto.IndexDefinitionList
3142:             1             40  com.aerospike.vector.client.proto.IndexListRequest
3143:             1             40  com.aerospike.vector.client.proto.List
3144:             1             40  com.aerospike.vector.client.proto.ListRolesResponse
3145:             1             40  com.aerospike.vector.client.proto.ListUsersResponse
3146:             1             40  com.aerospike.vector.client.proto.Map
3147:             1             40  com.aerospike.vector.client.proto.ServerEndpointList
3148:             1             40  com.aerospike.vector.cluster.Cluster$ReClusterMessage
3149:             1             40  com.aerospike.vector.cluster.serde.ClientTlsConfigDeserializer
3150:             1             40  com.aerospike.vector.cluster.serde.ServerTlsConfigDeserializer
3151:             1             40  com.aerospike.vector.config.ClusterConfig
3152:             1             40  com.aerospike.vector.exchange.ExchangeLimits
3153:             1             40  com.aerospike.vector.heartbeat.Heartbeat$EndpointsResponse
3154:             1             40  com.aerospike.vector.hlc.HlcClock
3155:             1             40  com.aerospike.vector.index.CentroidMap
3156:             1             40  com.aerospike.vector.index.metrics.ClusterIndexMetricsCollector
3157:             1             40  com.aerospike.vector.inject.VectorDbGuiceModule
3158:             1             40  com.aerospike.vector.server.grpc.server.interceptor.InterconnectAuthorizationServerInterceptor
3159:             1             40  com.aerospike.vector.server.grpc.service.GrpcClusterInfoService
3160:             1             40  com.aerospike.vector.server.grpc.service.internal.GrpcIndexServiceInternal
3161:             1             40  com.aerospike.vector.server.grpc.service.internal.GrpcTransactServiceInternal
3162:             1             40  com.aerospike.vector.storage.index.AerospikeStorageIndexCleaner
3163:             1             40  com.codahale.metrics.json.MetricsModule$MeterSerializer
3164:             1             40  com.cronutils.model.definition.CronDefinition
3165:             1             40  com.cronutils.model.field.definition.DayOfWeekFieldDefinition
3166:             1             40  com.fasterxml.jackson.core.StreamReadConstraints
3167:             1             40  com.fasterxml.jackson.core.util.BufferRecycler
3168:             1             40  com.fasterxml.jackson.databind.ObjectWriter$Prefetch
3169:             1             40  com.fasterxml.jackson.databind.deser.impl.FailingDeserializer
3170:             1             40  com.fasterxml.jackson.databind.deser.std.JsonNodeDeserializer
3171:             1             40  com.fasterxml.jackson.databind.ser.std.NumberSerializers$FloatSerializer
3172:             1             40  com.fasterxml.jackson.databind.ser.std.NumberSerializers$IntLikeSerializer
3173:             1             40  com.fasterxml.jackson.databind.ser.std.NumberSerializers$ShortSerializer
3174:             1             40  com.google.common.base.Splitter
3175:             1             40  com.google.common.util.concurrent.AbstractFuture$Listener
3176:             1             40  com.google.inject.internal.SingleMethodInjector
3177:             1             40  com.google.protobuf.WireFormat$FieldType$1
3178:             1             40  com.google.protobuf.WireFormat$FieldType$2
3179:             1             40  com.google.protobuf.WireFormat$FieldType$3
3180:             1             40  com.google.protobuf.WireFormat$FieldType$4
3181:             1             40  com.sun.jmx.mbeanserver.ClassLoaderRepositorySupport (java.management@21.0.6)
3182:             1             40  com.sun.jmx.mbeanserver.DefaultMXBeanMappingFactory$MXBeanRefMapping (java.management@21.0.6)
3183:             1             40  com.sun.jmx.mbeanserver.MXBeanLookup (java.management@21.0.6)
3184:             1             40  com.sun.jmx.mbeanserver.Repository (java.management@21.0.6)
3185:             1             40  io.grpc.MetricInstrumentRegistry
3186:             1             40  io.grpc.SynchronizationContext$1
3187:             1             40  io.grpc.internal.InstantTimeProvider
3188:             1             40  io.grpc.internal.ManagedChannelImpl$NameResolverListener
3189:             1             40  io.grpc.internal.ProxyDetectorImpl
3190:             1             40  io.grpc.internal.SharedResourceHolder
3191:             1             40  io.undertow.servlet.core.ErrorPages
3192:             1             40  io.undertow.servlet.core.ManagedFilters
3193:             1             40  io.undertow.servlet.core.ManagedServlets
3194:             1             40  io.undertow.servlet.core.SessionListenerBridge
3195:             1             40  io.undertow.servlet.handlers.ServletPathMatchesData
3196:             1             40  it.unimi.dsi.util.XoRoShiRo128PlusRandomGenerator
3197:             1             40  java.lang.ProcessEnvironment$StringEnvironment (java.base@21.0.6)
3198:             1             40  java.lang.invoke.VarHandleByteArrayAsChars$ArrayHandle (java.base@21.0.6)
3199:             1             40  java.lang.invoke.VarHandleByteArrayAsDoubles$ArrayHandle (java.base@21.0.6)
3200:             1             40  java.lang.invoke.VarHandleByteArrayAsFloats$ArrayHandle (java.base@21.0.6)
3201:             1             40  java.lang.invoke.VarHandleByteArrayAsShorts$ArrayHandle (java.base@21.0.6)
3202:             1             40  java.net.InetAddress$CachedLocalHost (java.base@21.0.6)
3203:             1             40  java.security.AlgorithmParameters (java.base@21.0.6)
3204:             1             40  java.text.DontCareFieldPosition (java.base@21.0.6)
3205:             1             40  java.util.concurrent.LinkedTransferQueue$DualNode (java.base@21.0.6)
3206:             1             40  java.util.logging.LogManager$LoggerContext (java.logging@21.0.6)
3207:             1             40  java.util.logging.LogManager$SystemLoggerContext (java.logging@21.0.6)
3208:             1             40  java.util.regex.Pattern$NotBehind (java.base@21.0.6)
3209:             1             40  javax.xml.namespace.QName (java.xml@21.0.6)
3210:             1             40  jdk.internal.event.ThreadSleepEvent (java.base@21.0.6)
3211:             1             40  jdk.internal.icu.impl.Norm2AllModes (java.base@21.0.6)
3212:             1             40  jdk.internal.reflect.MethodHandleIntegerFieldAccessorImpl (java.base@21.0.6)
3213:             1             40  kotlin.random.XorWowRandom
3214:             1             40  kotlin.reflect.jvm.internal.impl.builtins.functions.FunctionTypeKind$Function
3215:             1             40  kotlin.reflect.jvm.internal.impl.builtins.functions.FunctionTypeKind$KFunction
3216:             1             40  kotlin.reflect.jvm.internal.impl.builtins.functions.FunctionTypeKind$KSuspendFunction
3217:             1             40  kotlin.reflect.jvm.internal.impl.builtins.functions.FunctionTypeKind$SuspendFunction
3218:             1             40  kotlin.reflect.jvm.internal.impl.load.java.SpecialGenericSignatures$TypeSafeBarrierDescription$MAP_GET_OR_DEFAULT
3219:             1             40  kotlin.reflect.jvm.internal.impl.metadata.ProtoBuf$Contract
3220:             1             40  kotlin.reflect.jvm.internal.impl.metadata.ProtoBuf$VersionRequirementTable
3221:             1             40  kotlin.reflect.jvm.internal.impl.protobuf.WireFormat$FieldType$1
3222:             1             40  kotlin.reflect.jvm.internal.impl.protobuf.WireFormat$FieldType$2
3223:             1             40  kotlin.reflect.jvm.internal.impl.protobuf.WireFormat$FieldType$3
3224:             1             40  kotlin.reflect.jvm.internal.impl.protobuf.WireFormat$FieldType$4
3225:             1             40  kotlin.reflect.jvm.internal.impl.serialization.deserialization.MemberDeserializer$$Lambda$2
3226:             1             40  kotlin.reflect.jvm.internal.impl.storage.LockBasedStorageManager$1
3227:             1             40  kotlin.reflect.jvm.internal.impl.storage.LockBasedStorageManager$CacheWithNullableValuesBasedOnMemoizedFunction
3228:             1             40  kotlin.reflect.jvm.internal.impl.types.checker.NewKotlinTypeCheckerImpl
3229:             1             40  kotlin.reflect.jvm.internal.impl.util.ReturnsCheck$ReturnsBoolean
3230:             1             40  kotlin.reflect.jvm.internal.impl.util.ReturnsCheck$ReturnsInt
3231:             1             40  kotlin.reflect.jvm.internal.impl.util.ReturnsCheck$ReturnsUnit
3232:             1             40  org.glassfish.hk2.internal.ServiceLocatorFactoryImpl
3233:             1             40  org.glassfish.jersey.inject.hk2.ContextInjectionResolverImpl$Binder
3234:             1             40  org.glassfish.jersey.inject.hk2.JerseyErrorService$Binder
3235:             1             40  org.glassfish.jersey.inject.hk2.RequestContext$Binder
3236:             1             40  org.glassfish.jersey.internal.config.JerseySystemPropertiesConfigurationModel
3237:             1             40  org.glassfish.jersey.internal.inject.ParamConverters$OptionalProvider$Optionals$1
3238:             1             40  org.glassfish.jersey.internal.inject.ParamConverters$OptionalProvider$Optionals$2
3239:             1             40  org.glassfish.jersey.internal.inject.ParamConverters$OptionalProvider$Optionals$3
3240:             1             40  org.glassfish.jersey.jackson.internal.jackson.jaxrs.cfg.AnnotationBundleKey
3241:             1             40  org.glassfish.jersey.media.multipart.internal.MultiPartReaderServerSide
3242:             1             40  org.glassfish.jersey.message.internal.HttpHeaderReader$AcceptableLanguageTagListReader
3243:             1             40  org.glassfish.jersey.message.internal.HttpHeaderReader$AcceptableMediaTypeListReader
3244:             1             40  org.glassfish.jersey.message.internal.HttpHeaderReader$AcceptableTokenListReader
3245:             1             40  org.glassfish.jersey.message.internal.HttpHeaderReader$QualitySourceMediaTypeListReader
3246:             1             40  org.glassfish.jersey.server.ResourceBag
3247:             1             40  org.glassfish.jersey.server.ServerExecutorProvidersConfigurator$DefaultBackgroundSchedulerProvider
3248:             1             40  org.glassfish.jersey.server.ServerExecutorProvidersConfigurator$DefaultManagedAsyncExecutorProvider
3249:             1             40  org.glassfish.jersey.server.internal.RuntimeDelegateImpl
3250:             1             40  org.glassfish.jersey.server.internal.inject.BeanParamValueParamProvider
3251:             1             40  org.glassfish.jersey.server.internal.inject.DelegatedInjectionValueParamProvider
3252:             1             40  org.glassfish.jersey.server.internal.inject.FormParamValueParamProvider
3253:             1             40  org.glassfish.jersey.server.internal.inject.WebTargetValueParamProvider$BindingModel
3254:             1             40  org.glassfish.jersey.server.model.ResourceModel
3255:             1             40  org.jvnet.hk2.internal.PerLocatorUtilities$1
3256:             1             40  org.jvnet.hk2.internal.PerLocatorUtilities$2
3257:             1             40  org.jvnet.hk2.internal.PerLocatorUtilities$3
3258:             1             40  org.reflections.scanners.Scanners$1
3259:             1             40  org.reflections.scanners.Scanners$10
3260:             1             40  org.reflections.scanners.Scanners$11
3261:             1             40  org.reflections.scanners.Scanners$2
3262:             1             40  org.reflections.scanners.Scanners$3
3263:             1             40  org.reflections.scanners.Scanners$4
3264:             1             40  org.reflections.scanners.Scanners$5
3265:             1             40  org.reflections.scanners.Scanners$6
3266:             1             40  org.reflections.scanners.Scanners$7
3267:             1             40  org.reflections.scanners.Scanners$8
3268:             1             40  org.reflections.scanners.Scanners$9
3269:             1             40  org.slf4j.helpers.FormattingTuple
3270:             1             40  org.slf4j.helpers.NOP_FallbackServiceProvider
3271:             1             40  org.slf4j.helpers.SubstituteServiceProvider
3272:             1             40  org.xnio.XnioWorker$WorkerThreadFactory
3273:             1             40  picocli.CommandLine$Range
3274:             1             40  sun.management.MemoryImpl (java.management@21.0.6)
3275:             1             40  sun.nio.cs.ISO_8859_1 (java.base@21.0.6)
3276:             1             40  sun.nio.cs.StandardCharsets (java.base@21.0.6)
3277:             1             40  sun.nio.cs.US_ASCII (java.base@21.0.6)
3278:             1             40  sun.nio.cs.UTF_16 (java.base@21.0.6)
3279:             1             40  sun.nio.cs.UTF_16BE (java.base@21.0.6)
3280:             1             40  sun.nio.cs.UTF_16LE (java.base@21.0.6)
3281:             1             40  sun.nio.cs.UTF_8 (java.base@21.0.6)
3282:             1             40  sun.nio.fs.LinuxFileSystem (java.base@21.0.6)
3283:             1             40  sun.security.provider.DSAParameters (java.base@21.0.6)
3284:             1             40  sun.security.provider.PolicyFile (java.base@21.0.6)
3285:             1             32  [Lch.qos.logback.core.joran.spi.ConsoleTarget;
3286:             1             32  [Lcom.aerospike.client.Host;
3287:             1             32  [Lcom.aerospike.client.policy.CommitLevel;
3288:             1             32  [Lcom.aerospike.client.policy.ReadModeAP;
3289:             1             32  [Lcom.aerospike.vector.auth.StaticRoles;
3290:             1             32  [Lcom.aerospike.vector.client.proto.IndexDefinition$ParamsCase;
3291:             1             32  [Lcom.aerospike.vector.cluster.RegisterState;
3292:             1             32  [Lcom.aerospike.vector.index.IndexUpdateOperation$UpdateCase;
3293:             1             32  [Lcom.fasterxml.jackson.core.StreamWriteCapability;
3294:             1             32  [Lcom.fasterxml.jackson.databind.AnnotationIntrospector$ReferenceProperty$Type;
3295:             1             32  [Lcom.fasterxml.jackson.databind.cfg.EnumFeature;
3296:             1             32  [Lcom.fasterxml.jackson.dataformat.yaml.YAMLParser$Feature;
3297:             1             32  [Lcom.fasterxml.jackson.module.kotlin.SingletonSupport;
3298:             1             32  [Lcom.google.common.collect.MapMakerInternalMap$Strength;
3299:             1             32  [Lcom.google.inject.internal.InternalFlags$BytecodeGenOption;
3300:             1             32  [Lcom.google.inject.internal.InternalFlags$IncludeStackTraceOption;
3301:             1             32  [Lcom.google.inject.internal.InternalProviderInstanceBindingImpl$InitializationTiming;
3302:             1             32  [Lcom.google.protobuf.TextFormat$Parser$SingularOverwritePolicy;
3303:             1             32  [Lio.grpc.InternalKnownTransport;
3304:             2             32  [Lio.grpc.ServerInterceptor;
3305:             1             32  [Lio.grpc.internal.MessageDeframer$State;
3306:             1             32  [Lio.grpc.netty.CancelServerStreamCommand$PeerNotify;
3307:             1             32  [Lio.grpc.netty.Utils$EventLoopGroupType;
3308:             1             32  [Lio.netty.buffer.PoolArena$SizeClass;
3309:             1             32  [Lio.netty.handler.codec.http2.Http2FrameLogger$Direction;
3310:             1             32  [Lio.undertow.security.api.AuthenticationMode;
3311:             1             32  [Ljava.io.File$PathStatus; (java.base@21.0.6)
3312:             2             32  [Ljava.lang.Throwable; (java.base@21.0.6)
3313:             1             32  [Ljava.security.Provider$OPType; (java.base@21.0.6)
3314:             1             32  [Ljava.time.temporal.IsoFields$Unit; (java.base@21.0.6)
3315:             1             32  [Ljava.util.Locale$Category; (java.base@21.0.6)
3316:             1             32  [Ljdk.internal.icu.util.CodePointTrie$Type; (java.base@21.0.6)
3317:             1             32  [Lkotlin.reflect.jvm.internal.KDeclarationContainerImpl$MemberBelonginess;
3318:             1             32  [Lkotlin.reflect.jvm.internal.impl.load.java.structure.LightClassOriginKind;
3319:             1             32  [Lkotlin.reflect.jvm.internal.impl.load.java.typeEnhancement.MutabilityQualifier;
3320:             1             32  [Lkotlin.reflect.jvm.internal.impl.name.FqName;
3321:             1             32  [Lkotlin.reflect.jvm.internal.impl.name.Name;
3322:             1             32  [Lkotlin.reflect.jvm.internal.impl.renderer.RenderingFormat;
3323:             1             32  [Lkotlin.reflect.jvm.internal.impl.resolve.scopes.MemberScope;
3324:             1             32  [Lkotlin.reflect.jvm.internal.impl.serialization.deserialization.descriptors.DeserializedContainerAbiStability;
3325:             1             32  [Lkotlin.reflect.jvm.internal.impl.types.TypeUsage;
3326:             1             32  [Lkotlinx.coroutines.channels.TickerMode;
3327:             1             32  [Lorg.glassfish.hk2.api.DescriptorType;
3328:             1             32  [Lorg.glassfish.hk2.api.ServiceLocatorState;
3329:             1             32  [Lorg.glassfish.jersey.inject.hk2.Hk2InjectionManagerFactory$Hk2InjectionManagerStrategy;
3330:             1             32  [Lorg.glassfish.jersey.internal.guava.LocalCache$Strength;
3331:             1             32  [Lorg.glassfish.jersey.model.internal.RankedComparator$Order;
3332:             1             32  [Lorg.glassfish.jersey.server.spi.internal.ResourceMethodDispatcher$Provider;
3333:             1             32  [Lorg.glassfish.jersey.servlet.WebConfig$ConfigType;
3334:             1             32  [Lorg.glassfish.jersey.uri.PathPattern$RightHandPath;
3335:             1             32  [Lorg.slf4j.helpers.Reporter$TargetChoice;
3336:             2             32  [Lsun.reflect.annotation.TypeAnnotation; (java.base@21.0.6)
3337:             1             32  [Lsun.security.rsa.RSAUtil$KeyType; (java.base@21.0.6)
3338:             1             32  ch.qos.logback.classic.BasicConfigurator
3339:             2             32  ch.qos.logback.classic.pattern.ClassNameOnlyAbbreviator
3340:             2             32  ch.qos.logback.classic.pattern.EnsureExceptionHandling
3341:             1             32  ch.qos.logback.classic.spi.TurboFilterList
3342:             1             32  ch.qos.logback.core.spi.ContextAwareImpl
3343:             2             32  ch.qos.logback.core.spi.LogbackLock
3344:             1             32  com.aerospike.connect.aerospike.config.AerospikeSeedsDeserializer
3345:             1             32  com.aerospike.connect.aerospike.config.AuthModeDeserializer
3346:             1             32  com.aerospike.connect.logging.LoggingConfigurator
3347:             1             32  com.aerospike.connect.metrics.ErrorRegistry
3348:             1             32  com.aerospike.connect.metrics.OperatingSystemGaugeSet
3349:             1             32  com.aerospike.connect.metrics.manage.service.PrometheusMetricsWebService
3350:             2             32  com.aerospike.vector.auth.InsecureAuthService
3351:             1             32  com.aerospike.vector.client.proto.AboutRequest
3352:             1             32  com.aerospike.vector.client.proto.Boolean
3353:             1             32  com.aerospike.vector.cluster.QuantumIntervalGenerator$$Lambda/0x000079d52c4ecf88
3354:             1             32  com.aerospike.vector.config.AdvertisedListener
3355:             1             32  com.aerospike.vector.config.HeartbeatConfig
3356:             1             32  com.aerospike.vector.config.NodeRoleSetDeserializer
3357:             1             32  com.aerospike.vector.config.PortRangeDeserializer
3358:             1             32  com.aerospike.vector.embedded.client.config.VectorDbEmbeddedClientConfig
3359:             1             32  com.aerospike.vector.embedded.client.inject.VectorDbEmbeddedClientGuiceModule
3360:             1             32  com.aerospike.vector.heartbeat.NetworkClique
3361:             1             32  com.aerospike.vector.index.DeleteProxyResponse
3362:             1             32  com.aerospike.vector.index.PutProxyResponse
3363:             1             32  com.aerospike.vector.index.StandaloneIndexBuildAbortResponse
3364:             1             32  com.aerospike.vector.index.StandaloneIndexBuildCompletedResponse
3365:             1             32  com.aerospike.vector.index.StandaloneIndexBuildStartResponse
3366:             1             32  com.aerospike.vector.index.StandaloneIndexMetricsRequest
3367:             1             32  com.aerospike.vector.index.config.BatchingConfig
3368:             1             32  com.aerospike.vector.index.inject.IndexGuiceModule
3369:             1             32  com.aerospike.vector.interconnect.InterconnectChannelProvider$special$$inlined$CoroutineExceptionHandler$1
3370:             1             32  com.aerospike.vector.interconnect.InterconnectService$special$$inlined$CoroutineExceptionHandler$1
3371:             1             32  com.aerospike.vector.node.NodeIdDeserializer
3372:             1             32  com.aerospike.vector.server.grpc.StaticGrpcNettySslContextFactory
3373:             1             32  com.aerospike.vector.server.grpc.service.GrpcAboutService
3374:             1             32  com.aerospike.vector.server.grpc.service.internal.GrpcCacheServiceInternal
3375:             1             32  com.aerospike.vector.server.grpc.service.internal.GrpcClusterService
3376:             1             32  com.aerospike.vector.server.grpc.service.internal.GrpcExchangeService
3377:             1             32  com.aerospike.vector.server.grpc.service.internal.GrpcHeartbeatService
3378:             2             32  com.aerospike.vector.server.grpc.service.internal.GrpcTransactServiceInternal$$FastClassByGuice$$6f04b85
3379:             1             32  com.aerospike.vector.server.grpc.service.internal.ServiceScopeLauncher
3380:             1             32  com.aerospike.vector.storage.StorageType
3381:             1             32  com.aerospike.vector.storage.index.AerospikeStorageVerticesCleaner
3382:             1             32  com.aerospike.vector.transact.metrics.TransactionMetrics
3383:             1             32  com.codahale.metrics.json.MetricsModule$MetricRegistrySerializer
3384:             1             32  com.codahale.metrics.jvm.MemoryUsageGaugeSet
3385:             1             32  com.cronutils.parser.CronParser
3386:             1             32  com.fasterxml.jackson.annotation.JsonSetter$Value
3387:             1             32  com.fasterxml.jackson.core.util.DefaultIndenter
3388:             1             32  com.fasterxml.jackson.core.util.MinimalPrettyPrinter
3389:             1             32  com.fasterxml.jackson.databind.AnnotationIntrospector$ReferenceProperty
3390:             1             32  com.fasterxml.jackson.databind.cfg.ContextAttributes$Impl
3391:             1             32  com.fasterxml.jackson.databind.cfg.DatatypeFeatures
3392:             1             32  com.fasterxml.jackson.databind.deser.std.NumberDeserializers$NumberDeserializer
3393:             1             32  com.fasterxml.jackson.databind.deser.std.StringDeserializer
3394:             1             32  com.fasterxml.jackson.databind.deser.std.UntypedObjectDeserializerNR
3395:             1             32  com.fasterxml.jackson.databind.ext.OptionalHandlerFactory
3396:             1             32  com.fasterxml.jackson.databind.ser.impl.FailingSerializer
3397:             2             32  com.fasterxml.jackson.databind.ser.impl.PropertySerializerMap$Empty
3398:             1             32  com.fasterxml.jackson.databind.ser.impl.ReadOnlyClassToSerializerMap
3399:             1             32  com.fasterxml.jackson.databind.ser.std.UUIDSerializer
3400:             1             32  com.fasterxml.jackson.databind.util.internal.PrivateMaxEntriesMap$DrainStatus$1
3401:             1             32  com.fasterxml.jackson.databind.util.internal.PrivateMaxEntriesMap$DrainStatus$2
3402:             1             32  com.fasterxml.jackson.databind.util.internal.PrivateMaxEntriesMap$DrainStatus$3
3403:             1             32  com.fasterxml.jackson.databind.util.internal.PrivateMaxEntriesMap$EntrySet
3404:             2             32  com.fasterxml.jackson.module.kotlin.KotlinKeySerializers
3405:             2             32  com.fasterxml.jackson.module.kotlin.KotlinSerializers
3406:             1             32  com.github.benmanes.caffeine.cache.DisabledBuffer
3407:             1             32  com.github.benmanes.caffeine.cache.DisabledScheduler
3408:             1             32  com.github.benmanes.caffeine.cache.RemovalCause$1
3409:             1             32  com.github.benmanes.caffeine.cache.RemovalCause$2
3410:             1             32  com.github.benmanes.caffeine.cache.RemovalCause$3
3411:             1             32  com.github.benmanes.caffeine.cache.RemovalCause$4
3412:             1             32  com.github.benmanes.caffeine.cache.RemovalCause$5
3413:             1             32  com.github.benmanes.caffeine.cache.SingletonWeigher
3414:             1             32  com.github.benmanes.caffeine.cache.SystemScheduler
3415:             1             32  com.github.benmanes.caffeine.cache.SystemTicker
3416:             1             32  com.github.benmanes.caffeine.cache.stats.DisabledStatsCounter
3417:             1             32  com.google.common.base.Joiner$MapJoiner
3418:             1             32  com.google.common.cache.CacheBuilder$NullListener
3419:             1             32  com.google.common.cache.CacheBuilder$OneWeigher
3420:             1             32  com.google.common.cache.LocalCache$EntryFactory$1
3421:             1             32  com.google.common.cache.LocalCache$EntryFactory$2
3422:             1             32  com.google.common.cache.LocalCache$EntryFactory$3
3423:             1             32  com.google.common.cache.LocalCache$EntryFactory$4
3424:             1             32  com.google.common.cache.LocalCache$EntryFactory$5
3425:             1             32  com.google.common.cache.LocalCache$EntryFactory$6
3426:             1             32  com.google.common.cache.LocalCache$EntryFactory$7
3427:             1             32  com.google.common.cache.LocalCache$EntryFactory$8
3428:             1             32  com.google.common.cache.LocalCache$Strength$1
3429:             1             32  com.google.common.cache.LocalCache$Strength$2
3430:             1             32  com.google.common.cache.LocalCache$Strength$3
3431:             1             32  com.google.common.cache.RemovalCause$1
3432:             1             32  com.google.common.cache.RemovalCause$2
3433:             1             32  com.google.common.cache.RemovalCause$3
3434:             1             32  com.google.common.cache.RemovalCause$4
3435:             1             32  com.google.common.cache.RemovalCause$5
3436:             1             32  com.google.common.collect.Iterators$ArrayItr
3437:             1             32  com.google.common.collect.Iterators$EmptyModifiableIterator
3438:             1             32  com.google.common.collect.MapMakerInternalMap$Strength$1
3439:             1             32  com.google.common.collect.MapMakerInternalMap$Strength$2
3440:             1             32  com.google.common.collect.RegularImmutableAsList
3441:             1             32  com.google.common.util.concurrent.AbstractFuture$Waiter
3442:             1             32  com.google.common.util.concurrent.DirectExecutor
3443:             1             32  com.google.inject.Key$NullAnnotationStrategy
3444:             1             32  com.google.inject.internal.BytecodeGen$1
3445:             2             32  com.google.inject.internal.CycleDetectingLock$CycleDetectingLockFactory
3446:             1             32  com.google.inject.internal.InternalFlags$ColorizeOption$1
3447:             1             32  com.google.inject.internal.InternalFlags$ColorizeOption$2
3448:             1             32  com.google.inject.internal.InternalFlags$ColorizeOption$3
3449:             1             32  com.google.inject.internal.ProvisionListenerStackCallback
3450:             1             32  com.google.protobuf.Empty
3451:             1             32  com.google.protobuf.GeneratedMessageV3$FieldAccessorTable$MapFieldAccessor
3452:             1             32  com.google.protobuf.IntArrayList
3453:             1             32  com.google.protobuf.ProtobufArrayList
3454:             1             32  com.google.protobuf.WireFormat$Utf8Validation$1
3455:             1             32  com.google.protobuf.WireFormat$Utf8Validation$2
3456:             1             32  com.google.protobuf.WireFormat$Utf8Validation$3
3457:             1             32  com.sun.jmx.remote.util.ClassLogger (java.management@21.0.6)
3458:             1             32  com.sun.management.internal.PlatformMBeanProviderImpl$2 (jdk.management@21.0.6)
3459:             1             32  com.sun.management.internal.PlatformMBeanProviderImpl$5 (jdk.management@21.0.6)
3460:             2             32  io.grpc.Codec$Gzip
3461:             1             32  io.grpc.DecompressorRegistry
3462:             1             32  io.grpc.LoadBalancerRegistry
3463:             1             32  io.grpc.NameResolver$ConfigOrError
3464:             1             32  io.grpc.internal.DnsNameResolver$JdkAddressResolver
3465:             2             32  io.grpc.internal.GrpcUtil$AcceptEncodingMarshaller
3466:             1             32  io.grpc.internal.ReadableBuffers$ByteArrayWrapper
3467:             1             32  io.grpc.internal.RetryingNameResolver$RetryingListener
3468:             1             32  io.grpc.internal.SharedResourceHolder$Instance
3469:             1             32  io.grpc.internal.StatsTraceContext
3470:             1             32  io.grpc.netty.ProtocolNegotiationEvent
3471:             1             32  io.netty.buffer.UnpooledByteBufAllocator
3472:             1             32  io.netty.buffer.UnpooledByteBufAllocator$UnpooledByteBufAllocatorMetric
3473:             1             32  io.netty.channel.ChannelOption$1
3474:             1             32  io.netty.handler.codec.http2.ReadOnlyHttp2Headers
3475:             1             32  io.netty.resolver.DefaultAddressResolverGroup
3476:             1             32  io.netty.util.ResourceLeakDetectorFactory$DefaultResourceLeakDetectorFactory
3477:             1             32  io.netty.util.concurrent.DefaultEventExecutorChooserFactory$GenericEventExecutorChooser
3478:             1             32  io.netty.util.concurrent.FailedFuture
3479:             1             32  io.netty.util.internal.ThreadExecutorMap$3
3480:             2             32  io.netty.util.internal.logging.Slf4JLoggerFactory
3481:             1             32  io.perfmark.Tag
3482:             1             32  io.undertow.conduits.ReadDataStreamSourceConduit
3483:             1             32  io.undertow.security.handlers.AuthenticationMechanismsHandler
3484:             1             32  io.undertow.server.AbstractServerConnection$CloseSetter
3485:             1             32  io.undertow.server.handlers.PathHandler
3486:             1             32  io.undertow.server.protocol.http.HttpOpenListener$1
3487:             1             32  io.undertow.server.protocol.http.HttpServerConnection$1
3488:             1             32  io.undertow.servlet.core.ServletContainerImpl
3489:             1             32  io.undertow.servlet.handlers.RedirectDirHandler
3490:             1             32  io.undertow.servlet.handlers.security.ServletConfidentialityConstraintHandler
3491:             1             32  io.undertow.servlet.spec.ServletConfigImpl
3492:             1             32  io.undertow.servlet.spec.ServletContextImpl$ServletContextSessionConfig
3493:             2             32  java.lang.Boolean (java.base@21.0.6)
3494:             1             32  java.lang.ProcessHandleImpl (java.base@21.0.6)
3495:             2             32  java.lang.Shutdown$Lock (java.base@21.0.6)
3496:             1             32  java.lang.invoke.MethodHandleImpl$ArrayAccessor$1 (java.base@21.0.6)
3497:             1             32  java.lang.invoke.MethodHandleImpl$BindCaller$1 (java.base@21.0.6)
3498:             2             32  java.lang.ref.NativeReferenceQueue$Lock (java.base@21.0.6)
3499:             1             32  java.lang.reflect.Proxy$1 (java.base@21.0.6)
3500:             1             32  java.math.MutableBigInteger (java.base@21.0.6)
3501:             1             32  java.net.Inet6AddressImpl (java.base@21.0.6)
3502:             1             32  java.net.Proxy (java.base@21.0.6)
3503:             1             32  java.net.Socket$SocketInputStream (java.base@21.0.6)
3504:             1             32  java.net.Socket$SocketOutputStream (java.base@21.0.6)
3505:             1             32  java.text.FieldPosition (java.base@21.0.6)
3506:             1             32  java.time.temporal.IsoFields$Field$1 (java.base@21.0.6)
3507:             1             32  java.time.temporal.IsoFields$Field$2 (java.base@21.0.6)
3508:             1             32  java.time.temporal.IsoFields$Field$3 (java.base@21.0.6)
3509:             1             32  java.time.temporal.IsoFields$Field$4 (java.base@21.0.6)
3510:             1             32  java.util.Collections$3 (java.base@21.0.6)
3511:             1             32  java.util.Collections$EmptyMap (java.base@21.0.6)
3512:             1             32  java.util.Collections$SynchronizedCollection (java.base@21.0.6)
3513:             1             32  java.util.Collections$SynchronizedSet (java.base@21.0.6)
3514:             1             32  java.util.Comparators$NaturalOrderComparator (java.base@21.0.6)
3515:             1             32  java.util.Locale$Cache (java.base@21.0.6)
3516:             1             32  java.util.ResourceBundle$Control$CandidateListCache (java.base@21.0.6)
3517:             1             32  java.util.ServiceLoader$2 (java.base@21.0.6)
3518:             1             32  java.util.concurrent.ConcurrentLinkedDeque (java.base@21.0.6)
3519:             1             32  java.util.concurrent.Executors$DelegatedScheduledExecutorService (java.base@21.0.6)
3520:             1             32  java.util.concurrent.ThreadLocalRandom (java.base@21.0.6)
3521:             2             32  java.util.concurrent.ThreadPoolExecutor$AbortPolicy (java.base@21.0.6)
3522:             1             32  javax.management.ObjectInstance (java.management@21.0.6)
3523:             1             32  jdk.internal.icu.impl.Norm2AllModes$Norm2AllModesSingleton (java.base@21.0.6)
3524:             1             32  jdk.internal.module.ModuleBootstrap$SafeModuleFinder (java.base@21.0.6)
3525:             1             32  jdk.internal.module.ModuleHashes (java.base@21.0.6)
3526:             1             32  jdk.internal.ref.CleanerImpl (java.base@21.0.6)
3527:             1             32  jdk.internal.util.ReferencedKeyMap (java.base@21.0.6)
3528:             1             32  jdk.internal.vm.ThreadContainers$RootContainer$TrackingRootContainer (java.base@21.0.6)
3529:             1             32  jdk.jfr.internal.management.StreamManager (jdk.jfr@21.0.6)
3530:             1             32  jdk.management.jfr.internal.FlightRecorderMXBeanProvider$SingleMBeanComponent (jdk.management.jfr@21.0.6)
3531:             1             32  kotlin.reflect.jvm.internal.KPackageImpl
3532:             1             32  kotlin.reflect.jvm.internal.WeakClassLoaderBox
3533:             1             32  kotlin.reflect.jvm.internal.impl.builtins.functions.BuiltInFictitiousFunctionClassFactory
3534:             1             32  kotlin.reflect.jvm.internal.impl.builtins.functions.FunctionTypeKindExtractor
3535:             1             32  kotlin.reflect.jvm.internal.impl.descriptors.impl.CompositePackageFragmentProvider
3536:             1             32  kotlin.reflect.jvm.internal.impl.descriptors.impl.SubpackagesScope
3537:             1             32  kotlin.reflect.jvm.internal.impl.descriptors.runtime.structure.Java8ParameterNamesLoader$Cache
3538:             1             32  kotlin.reflect.jvm.internal.impl.load.java.JavaTypeEnhancementState
3539:             1             32  kotlin.reflect.jvm.internal.impl.renderer.RenderingFormat$HTML
3540:             1             32  kotlin.reflect.jvm.internal.impl.renderer.RenderingFormat$PLAIN
3541:             1             32  kotlin.reflect.jvm.internal.impl.resolve.OverridingUtil$OverrideCompatibilityInfo
3542:             1             32  kotlin.reflect.jvm.internal.impl.resolve.sam.SamConversionResolverImpl
3543:             1             32  kotlin.reflect.jvm.internal.impl.resolve.scopes.ChainedMemberScope
3544:             1             32  kotlin.reflect.jvm.internal.impl.resolve.scopes.receivers.TransientReceiver
3545:             1             32  kotlin.reflect.jvm.internal.impl.serialization.deserialization.AnnotationAndConstantLoaderImpl
3546:             1             32  kotlin.reflect.jvm.internal.impl.serialization.deserialization.ClassDeserializer
3547:             1             32  kotlin.reflect.jvm.internal.impl.types.TypeAttributes$Companion
3548:             1             32  kotlinx.coroutines.CoroutineDispatcher$Key
3549:             2             32  kotlinx.coroutines.Empty
3550:             1             32  kotlinx.coroutines.EventLoopImplBase$DelayedTaskQueue
3551:             1             32  kotlinx.coroutines.ExecutorCoroutineDispatcher$Key
3552:             1             32  net.engio.mbassy.bus.BusRuntime
3553:             1             32  org.bouncycastle.asn1.ASN1BitString$1
3554:             1             32  org.bouncycastle.asn1.ASN1Integer$1
3555:             1             32  org.bouncycastle.asn1.ASN1ObjectIdentifier$1
3556:             1             32  org.bouncycastle.asn1.ASN1OctetString$1
3557:             1             32  org.bouncycastle.asn1.ASN1RelativeOID$1
3558:             1             32  org.bouncycastle.asn1.ASN1Sequence$1
3559:             1             32  org.bouncycastle.asn1.ASN1Set$1
3560:             1             32  org.bouncycastle.asn1.DLSet
3561:             2             32  org.bouncycastle.jcajce.provider.asymmetric.dh.KeyFactorySpi
3562:             2             32  org.bouncycastle.jcajce.provider.asymmetric.dstu.KeyFactorySpi
3563:             2             32  org.bouncycastle.jcajce.provider.asymmetric.ecgost.KeyFactorySpi
3564:             1             32  org.bouncycastle.jcajce.provider.asymmetric.edec.KeyFactorySpi$Ed25519
3565:             1             32  org.bouncycastle.jcajce.provider.asymmetric.edec.KeyFactorySpi$Ed448
3566:             1             32  org.bouncycastle.jcajce.provider.asymmetric.edec.KeyFactorySpi$X25519
3567:             1             32  org.bouncycastle.jcajce.provider.asymmetric.edec.KeyFactorySpi$X448
3568:             1             32  org.bouncycastle.jcajce.provider.asymmetric.mldsa.MLDSAKeyFactorySpi$Hash
3569:             1             32  org.bouncycastle.jcajce.provider.asymmetric.slhdsa.SLHDSAKeyFactorySpi$Hash
3570:             2             32  org.bouncycastle.pqc.jcajce.provider.xmss.XMSSKeyFactorySpi
3571:             2             32  org.bouncycastle.pqc.jcajce.provider.xmss.XMSSMTKeyFactorySpi
3572:             1             32  org.bouncycastle.util.BigIntegers$Cache
3573:             1             32  org.bouncycastle.util.encoders.HexEncoder
3574:             1             32  org.glassfish.hk2.utilities.ServiceLocatorUtilities$ImmediateImpl
3575:             1             32  org.glassfish.hk2.utilities.ServiceLocatorUtilities$InheritableThreadImpl
3576:             1             32  org.glassfish.hk2.utilities.ServiceLocatorUtilities$PerLookupImpl
3577:             1             32  org.glassfish.hk2.utilities.ServiceLocatorUtilities$PerThreadImpl
3578:             1             32  org.glassfish.hk2.utilities.ServiceLocatorUtilities$SingletonImpl
3579:             1             32  org.glassfish.jersey.inject.hk2.Hk2InjectionManagerFactory$Hk2InjectionManagerStrategy$1
3580:             1             32  org.glassfish.jersey.inject.hk2.Hk2InjectionManagerFactory$Hk2InjectionManagerStrategy$2
3581:             1             32  org.glassfish.jersey.inject.hk2.JerseyClassAnalyzer
3582:             1             32  org.glassfish.jersey.internal.ContextResolverFactory
3583:             1             32  org.glassfish.jersey.internal.ExceptionMapperFactory$$Lambda/0x000079d52c702c90
3584:             1             32  org.glassfish.jersey.internal.guava.LocalCache$EntryFactory$1
3585:             1             32  org.glassfish.jersey.internal.guava.LocalCache$EntryFactory$2
3586:             1             32  org.glassfish.jersey.internal.guava.LocalCache$EntryFactory$3
3587:             1             32  org.glassfish.jersey.internal.guava.LocalCache$EntryFactory$4
3588:             1             32  org.glassfish.jersey.internal.guava.LocalCache$EntryFactory$5
3589:             1             32  org.glassfish.jersey.internal.guava.LocalCache$EntryFactory$6
3590:             1             32  org.glassfish.jersey.internal.guava.LocalCache$EntryFactory$7
3591:             1             32  org.glassfish.jersey.internal.guava.LocalCache$EntryFactory$8
3592:             1             32  org.glassfish.jersey.internal.guava.LocalCache$NullEntry
3593:             1             32  org.glassfish.jersey.internal.guava.LocalCache$Strength$1
3594:             1             32  org.glassfish.jersey.internal.guava.LocalCache$Strength$2
3595:             1             32  org.glassfish.jersey.internal.guava.RemovalCause$1
3596:             1             32  org.glassfish.jersey.internal.guava.RemovalCause$2
3597:             1             32  org.glassfish.jersey.internal.guava.RemovalCause$3
3598:             1             32  org.glassfish.jersey.internal.guava.RemovalCause$4
3599:             1             32  org.glassfish.jersey.internal.guava.RemovalCause$5
3600:             1             32  org.glassfish.jersey.internal.inject.CustomAnnotationLiteral
3601:             1             32  org.glassfish.jersey.internal.inject.ForeignDescriptorImpl
3602:             2             32  org.glassfish.jersey.internal.inject.ReferencingFactory$EmptyReferenceFactory
3603:             1             32  org.glassfish.jersey.internal.routing.CombinedMediaType
3604:             1             32  org.glassfish.jersey.media.multipart.internal.EntityPartReader
3605:             1             32  org.glassfish.jersey.media.multipart.internal.EntityPartWriter
3606:             1             32  org.glassfish.jersey.media.multipart.internal.FormDataParamValueParamProvider
3607:             1             32  org.glassfish.jersey.media.multipart.internal.SingleEntityPartReader
3608:             1             32  org.glassfish.jersey.media.multipart.internal.SingleEntityPartWriter
3609:             1             32  org.glassfish.jersey.message.internal.HttpHeaderReader$MediaTypeListReader
3610:             1             32  org.glassfish.jersey.message.internal.HttpHeaderReader$StringListReader
3611:             1             32  org.glassfish.jersey.message.internal.SourceProvider$SourceWriter
3612:             1             32  org.glassfish.jersey.model.internal.ManagedObjectsFinalizer
3613:             1             32  org.glassfish.jersey.process.internal.Stages$LinkedStage
3614:             1             32  org.glassfish.jersey.server.BackgroundSchedulerLiteral
3615:             1             32  org.glassfish.jersey.server.internal.inject.CookieParamValueParamProvider
3616:             1             32  org.glassfish.jersey.server.internal.inject.DelegatedInjectionValueParamProvider$$Lambda/0x000079d52c770718
3617:             1             32  org.glassfish.jersey.server.internal.inject.EntityParamValueParamProvider
3618:             1             32  org.glassfish.jersey.server.internal.inject.FormParamValueParamProvider$MultipartFormParamValueProvider
3619:             1             32  org.glassfish.jersey.server.internal.inject.HeaderParamValueParamProvider
3620:             1             32  org.glassfish.jersey.server.internal.inject.MatrixParamValueParamProvider
3621:             1             32  org.glassfish.jersey.server.internal.inject.PathParamValueParamProvider
3622:             1             32  org.glassfish.jersey.server.internal.inject.QueryParamValueParamProvider
3623:             1             32  org.glassfish.jersey.server.internal.inject.WebTargetValueParamProvider$1
3624:             1             32  org.glassfish.jersey.server.internal.monitoring.MonitoringContainerListener
3625:             1             32  org.glassfish.jersey.server.internal.process.ReferencesInitializer
3626:             1             32  org.glassfish.jersey.server.internal.routing.RoutingStage
3627:             1             32  org.glassfish.jersey.server.model.ResourceMethod$JaxrsType$1
3628:             1             32  org.glassfish.jersey.server.model.ResourceMethod$JaxrsType$2
3629:             1             32  org.glassfish.jersey.server.model.ResourceMethod$JaxrsType$3
3630:             1             32  org.jboss.threads.EnhancedQueueExecutor$TaskNode
3631:             1             32  org.jboss.threads.EnhancedQueueExecutor$ThreadBody
3632:             1             32  org.jboss.threads.Waiter
3633:             2             32  org.jvnet.hk2.internal.DescriptorComparator
3634:             1             32  org.jvnet.hk2.internal.DynamicConfigurationServiceImpl
3635:             1             32  org.jvnet.hk2.internal.PopulatorImpl
3636:             1             32  org.jvnet.hk2.internal.SingletonContext
3637:             1             32  org.jvnet.hk2.internal.Utilities$AnnotationInformation
3638:             1             32  org.reflections.vfs.Vfs$DefaultUrlTypes$1
3639:             1             32  org.reflections.vfs.Vfs$DefaultUrlTypes$2
3640:             1             32  org.reflections.vfs.Vfs$DefaultUrlTypes$3
3641:             1             32  org.reflections.vfs.Vfs$DefaultUrlTypes$4
3642:             1             32  org.reflections.vfs.Vfs$DefaultUrlTypes$5
3643:             1             32  org.reflections.vfs.Vfs$DefaultUrlTypes$6
3644:             1             32  org.reflections.vfs.Vfs$DefaultUrlTypes$7
3645:             1             32  org.slf4j.helpers.BasicMDCAdapter
3646:             1             32  org.slf4j.helpers.SubstituteLoggerFactory
3647:             1             32  org.wildfly.common.context.ContextPermission
3648:             1             32  picocli.CommandLine$Tracer
3649:             1             32  sun.management.CompilationImpl (java.management@21.0.6)
3650:             1             32  sun.management.ManagementFactoryHelper$LoggingMXBeanAccess (java.management@21.0.6)
3651:             1             32  sun.management.ManagementFactoryHelper$PlatformLoggingImpl (java.management@21.0.6)
3652:             1             32  sun.management.RuntimeImpl (java.management@21.0.6)
3653:             1             32  sun.management.VMManagementImpl (java.management@21.0.6)
3654:             1             32  sun.net.sdp.SdpProvider (java.base@21.0.6)
3655:             1             32  sun.nio.ch.AllocatedNativeObject (java.base@21.0.6)
3656:             2             32  sun.nio.ch.EventFD (java.base@21.0.6)
3657:             1             32  sun.security.provider.SeedGenerator$URLSeedGenerator (java.base@21.0.6)
3658:             1             32  sun.util.cldr.CLDRCalendarDataProviderImpl (java.base@21.0.6)
3659:             1             32  sun.util.cldr.CLDRTimeZoneNameProviderImpl (java.base@21.0.6)
3660:             1             32  sun.util.locale.BaseLocale$Cache (java.base@21.0.6)
3661:             1             32  sun.util.locale.provider.CalendarProviderImpl (java.base@21.0.6)
3662:             1             32  sun.util.locale.provider.DateFormatSymbolsProviderImpl (java.base@21.0.6)
3663:             1             32  sun.util.locale.provider.DecimalFormatSymbolsProviderImpl (java.base@21.0.6)
3664:             1             32  sun.util.locale.provider.NumberFormatProviderImpl (java.base@21.0.6)
3665:             1             32  sun.util.locale.provider.TimeZoneNameProviderImpl (java.base@21.0.6)
3666:             1             24  [Lcom.aerospike.client.cluster.Node;
3667:             1             24  [Lcom.aerospike.client.cluster.Pool;
3668:             1             24  [Lcom.aerospike.vector.storage.StorageType;
3669:             1             24  [Lcom.github.benmanes.caffeine.cache.DisabledBuffer;
3670:             1             24  [Lcom.github.benmanes.caffeine.cache.DisabledScheduler;
3671:             1             24  [Lcom.github.benmanes.caffeine.cache.SingletonWeigher;
3672:             1             24  [Lcom.github.benmanes.caffeine.cache.SystemScheduler;
3673:             1             24  [Lcom.github.benmanes.caffeine.cache.SystemTicker;
3674:             1             24  [Lcom.github.benmanes.caffeine.cache.stats.DisabledStatsCounter;
3675:             1             24  [Lcom.google.common.cache.CacheBuilder$NullListener;
3676:             1             24  [Lcom.google.common.cache.CacheBuilder$OneWeigher;
3677:             1             24  [Lcom.google.common.collect.Iterators$EmptyModifiableIterator;
3678:             1             24  [Lcom.google.common.util.concurrent.DirectExecutor;
3679:             1             24  [Lcom.google.inject.Key$NullAnnotationStrategy;
3680:             1             24  [Lio.grpc.internal.DnsNameResolver$JdkAddressResolver;
3681:             1             24  [Lio.undertow.security.api.AuthenticationMechanism;
3682:             1             24  [Ljakarta.ws.rs.core.MediaType;
3683:             1             24  [Ljava.net.URL; (java.base@21.0.6)
3684:             1             24  [Ljava.time.ZoneOffset; (java.base@21.0.6)
3685:             1             24  [Ljava.util.Comparators$NaturalOrderComparator; (java.base@21.0.6)
3686:             1             24  [Ljava.util.jar.Manifest; (java.base@21.0.6)
3687:             1             24  [Ljdk.internal.access.JavaSecurityAccess$ProtectionDomainCache; (java.base@21.0.6)
3688:             1             24  [Lorg.glassfish.jersey.internal.guava.LocalCache$NullEntry;
3689:             1             24  [Lorg.xnio.nio.WorkerThread;
3690:             1             24  ch.qos.logback.classic.util.ContextInitializer$1
3691:             1             24  ch.qos.logback.core.LifeCycleManager
3692:             1             24  ch.qos.logback.core.spi.AppenderAttachableImpl
3693:             1             24  ch.qos.logback.core.util.StatusPrinter2
3694:             1             24  com.aerospike.connect.aerospike.config.AerospikeClientSeedConfig
3695:             1             24  com.aerospike.connect.io.FilePathResolver
3696:             1             24  com.aerospike.connect.metrics.DebugLoggerProxy
3697:             1             24  com.aerospike.connect.metrics.ErrorLoggerProxy
3698:             1             24  com.aerospike.connect.metrics.ErrorRegistry$1
3699:             1             24  com.aerospike.connect.metrics.FileDescriptorGaugeSet
3700:             1             24  com.aerospike.connect.metrics.FileDescriptorGaugeSet$$Lambda/0x000079d52c32b940
3701:             1             24  com.aerospike.connect.metrics.FileDescriptorGaugeSet$$Lambda/0x000079d52c32bb58
3702:             1             24  com.aerospike.connect.metrics.InfoLoggerProxy
3703:             1             24  com.aerospike.connect.metrics.OffLoggerProxy
3704:             1             24  com.aerospike.connect.metrics.OperatingSystemGaugeSet$$Lambda/0x000079d52c338a58
3705:             1             24  com.aerospike.connect.metrics.OperatingSystemGaugeSet$$Lambda/0x000079d52c338c70
3706:             1             24  com.aerospike.connect.metrics.ThreadStatesGaugeSet$$Lambda/0x000079d52c333c00
3707:             1             24  com.aerospike.connect.metrics.ThreadStatesGaugeSet$$Lambda/0x000079d52c337cc8
3708:             1             24  com.aerospike.connect.metrics.ThreadStatesGaugeSet$$Lambda/0x000079d52c338000
3709:             1             24  com.aerospike.connect.metrics.ThreadStatesGaugeSet$$Lambda/0x000079d52c338218
3710:             1             24  com.aerospike.connect.metrics.ThreadStatesGaugeSet$$Lambda/0x000079d52c338430
3711:             1             24  com.aerospike.connect.metrics.TraceLoggerProxy
3712:             1             24  com.aerospike.connect.metrics.WarnLoggerProxy
3713:             1             24  com.aerospike.connect.metrics.manage.service.AboutServerWebService
3714:             1             24  com.aerospike.connect.serde.FileResolvingDeserializer
3715:             1             24  com.aerospike.connect.tls.TlsContextLoader
3716:             1             24  com.aerospike.connect.tls.reload.SSLContextFactory
3717:             1             24  com.aerospike.vector.client.proto.AboutServiceGrpc$AboutServiceMethodDescriptorSupplier
3718:             1             24  com.aerospike.vector.client.proto.AboutServiceGrpc$MethodHandlers
3719:             1             24  com.aerospike.vector.client.proto.AuthServiceGrpc$AuthServiceMethodDescriptorSupplier
3720:             1             24  com.aerospike.vector.client.proto.AuthServiceGrpc$MethodHandlers
3721:             1             24  com.aerospike.vector.cluster.QuantumIntervalGenerator$$Lambda/0x000079d52c4ec730
3722:             1             24  com.aerospike.vector.cluster.QuantumIntervalGenerator$$Lambda/0x000079d52c4ecb58
3723:             1             24  com.aerospike.vector.cluster.QuantumIntervalGenerator$$Lambda/0x000079d52c4ed1a0
3724:             1             24  com.aerospike.vector.cluster.QuantumIntervalGenerator$$Lambda/0x000079d52c4ed3b8
3725:             1             24  com.aerospike.vector.cluster.QuantumIntervalGenerator$$Lambda/0x000079d52c4ed5d0
3726:             1             24  com.aerospike.vector.config.ManageConfig
3727:             1             24  com.aerospike.vector.config.tls.TlsConfigRegistry
3728:             1             24  com.aerospike.vector.embedded.client.store.SingleInstanceClientStore
3729:             1             24  com.aerospike.vector.eventbus.inject.EventBusGuiceModule
3730:             1             24  com.aerospike.vector.eventbus.inject.EventBusGuiceModule$$Lambda/0x000079d52c4a7d08
3731:             1             24  com.aerospike.vector.index.IndexCleaner$$Lambda/0x000079d52c567978
3732:             1             24  com.aerospike.vector.index.IndexService$$Lambda/0x000079d52c55a9d8
3733:             1             24  com.aerospike.vector.index.QueueSize
3734:             1             24  com.aerospike.vector.index.cache.LoadBalancedCacheFriendlyNodeSelector
3735:             1             24  com.aerospike.vector.index.hnsw.GraphVertexStorageAdaptor
3736:             1             24  com.aerospike.vector.index.merge.coordinator.IndexMergeCoordinator$currentPendingBatches$1
3737:             1             24  com.aerospike.vector.index.serde.IndexDefinitionSerializer
3738:             1             24  com.aerospike.vector.index.serde.IndexIdSerializer
3739:             1             24  com.aerospike.vector.index.serde.IndexLogEntryListSerializer
3740:             1             24  com.aerospike.vector.index.serde.InternalIndexIdSerializer
3741:             1             24  com.aerospike.vector.interconnect.BearerTokenCallCredentials
3742:             1             24  com.aerospike.vector.interconnect.InterconnectChannelProvider$$Lambda/0x000079d52c4cb320
3743:             1             24  com.aerospike.vector.server.grpc.GrpcInterconnectServer$setupMetrics$1
3744:             1             24  com.aerospike.vector.server.grpc.GrpcNettySslContextFactory
3745:             1             24  com.aerospike.vector.server.grpc.GrpcVectorDbServer$setupMetrics$1
3746:             1             24  com.aerospike.vector.storage.inject.AerospikeStorageGuiceModule
3747:             1             24  com.aerospike.vector.transact.inject.TransactGuiceModule
3748:             1             24  com.codahale.metrics.json.MetricsModule$CounterSerializer
3749:             1             24  com.codahale.metrics.json.MetricsModule$GaugeSerializer
3750:             1             24  com.codahale.metrics.json.MetricsModule$HistogramSerializer
3751:             1             24  com.codahale.metrics.jvm.ClassLoadingGaugeSet$$Lambda/0x000079d52c32b2f8
3752:             1             24  com.codahale.metrics.jvm.ClassLoadingGaugeSet$$Lambda/0x000079d52c32b510
3753:             1             24  com.codahale.metrics.jvm.JvmAttributeGaugeSet
3754:             1             24  com.codahale.metrics.jvm.JvmAttributeGaugeSet$$Lambda/0x000079d52c32a000
3755:             1             24  com.codahale.metrics.jvm.JvmAttributeGaugeSet$$Lambda/0x000079d52c32a218
3756:             1             24  com.codahale.metrics.jvm.JvmAttributeGaugeSet$$Lambda/0x000079d52c32a430
3757:             1             24  com.codahale.metrics.jvm.MemoryUsageGaugeSet$$Lambda/0x000079d52c334848
3758:             1             24  com.codahale.metrics.jvm.MemoryUsageGaugeSet$$Lambda/0x000079d52c334a60
3759:             1             24  com.codahale.metrics.jvm.MemoryUsageGaugeSet$$Lambda/0x000079d52c334c78
3760:             1             24  com.codahale.metrics.jvm.MemoryUsageGaugeSet$$Lambda/0x000079d52c334e90
3761:             1             24  com.codahale.metrics.jvm.MemoryUsageGaugeSet$$Lambda/0x000079d52c3350a8
3762:             1             24  com.codahale.metrics.jvm.MemoryUsageGaugeSet$$Lambda/0x000079d52c3352c0
3763:             1             24  com.codahale.metrics.jvm.MemoryUsageGaugeSet$$Lambda/0x000079d52c3354d8
3764:             1             24  com.codahale.metrics.jvm.MemoryUsageGaugeSet$$Lambda/0x000079d52c3356f0
3765:             1             24  com.codahale.metrics.jvm.MemoryUsageGaugeSet$$Lambda/0x000079d52c335d60
3766:             1             24  com.codahale.metrics.jvm.MemoryUsageGaugeSet$$Lambda/0x000079d52c335f78
3767:             1             24  com.codahale.metrics.jvm.MemoryUsageGaugeSet$$Lambda/0x000079d52c336190
3768:             1             24  com.codahale.metrics.jvm.MemoryUsageGaugeSet$$Lambda/0x000079d52c3363a8
3769:             1             24  com.codahale.metrics.jvm.MemoryUsageGaugeSet$1
3770:             1             24  com.codahale.metrics.jvm.MemoryUsageGaugeSet$2
3771:             1             24  com.codahale.metrics.jvm.ThreadDeadlockDetector
3772:             1             24  com.cronutils.descriptor.CronDescriptor
3773:             1             24  com.cronutils.mapper.WeekDay
3774:             1             24  com.cronutils.model.definition.CronConstraintsFactory$2
3775:             1             24  com.fasterxml.jackson.annotation.JsonFormat$Features
3776:             1             24  com.fasterxml.jackson.annotation.JsonIgnoreProperties$Value
3777:             1             24  com.fasterxml.jackson.annotation.JsonIncludeProperties$Value
3778:             1             24  com.fasterxml.jackson.core.ErrorReportConfiguration
3779:             1             24  com.fasterxml.jackson.databind.cfg.DefaultCacheProvider
3780:             1             24  com.fasterxml.jackson.databind.deser.impl.JDKValueInstantiators$ArrayListInstantiator
3781:             1             24  com.fasterxml.jackson.databind.deser.impl.JDKValueInstantiators$HashSetInstantiator
3782:             1             24  com.fasterxml.jackson.databind.deser.impl.JDKValueInstantiators$LinkedHashMapInstantiator
3783:             1             24  com.fasterxml.jackson.databind.ext.Java7HandlersImpl
3784:             1             24  com.fasterxml.jackson.databind.ext.Java7SupportImpl
3785:             1             24  com.fasterxml.jackson.databind.introspect.AnnotationCollector$EmptyCollector
3786:             1             24  com.fasterxml.jackson.databind.introspect.JacksonAnnotationIntrospector
3787:             1             24  com.fasterxml.jackson.databind.jsontype.impl.SubTypeValidator
3788:             1             24  com.fasterxml.jackson.databind.module.SimpleKeyDeserializers
3789:             1             24  com.fasterxml.jackson.databind.node.TextNode
3790:             1             24  com.fasterxml.jackson.databind.ser.impl.UnknownSerializer
3791:             1             24  com.fasterxml.jackson.databind.ser.std.NullSerializer
3792:             1             24  com.fasterxml.jackson.databind.ser.std.StringSerializer
3793:             1             24  com.fasterxml.jackson.databind.type.TypeParser
3794:             1             24  com.fasterxml.jackson.module.kotlin.ReflectionCache$BooleanTriState$Empty
3795:             1             24  com.fasterxml.jackson.module.kotlin.ReflectionCache$BooleanTriState$False
3796:             1             24  com.fasterxml.jackson.module.kotlin.ReflectionCache$BooleanTriState$True
3797:             1             24  com.github.benmanes.caffeine.cache.BoundedLocalCache$KeySetView
3798:             1             24  com.github.benmanes.caffeine.cache.LocalLoadingCache$$Lambda/0x000079d52c55dab0
3799:             1             24  com.google.common.base.CharMatcher$None
3800:             1             24  com.google.common.base.CharMatcher$Whitespace
3801:             1             24  com.google.common.base.Splitter$1
3802:             1             24  com.google.common.base.Suppliers$SupplierOfInstance
3803:             1             24  com.google.common.cache.CacheLoader$FunctionToCacheLoader
3804:             1             24  com.google.common.collect.AbstractMapBasedMultimap$AsMap$AsMapEntries
3805:             1             24  com.google.common.collect.AbstractMultimap$Values
3806:             1             24  com.google.common.collect.ImmutableSet$EmptySetBuilderImpl
3807:             1             24  com.google.common.collect.Maps$Values
3808:             1             24  com.google.inject.internal.Messages$1
3809:             1             24  com.google.inject.internal.Messages$2
3810:             1             24  com.google.inject.internal.Messages$3
3811:             1             24  com.google.inject.internal.SingleMethodInjector$1
3812:             1             24  com.google.inject.internal.aop.GeneratedClassDefiner
3813:             1             24  com.google.inject.matcher.Matchers$SubclassesOf
3814:             1             24  com.google.protobuf.ExtensionRegistryLite
3815:             1             24  com.google.protobuf.TextFormat$Printer
3816:             1             24  com.google.protobuf.TypeRegistry
3817:             1             24  com.google.protobuf.UnknownFieldSet
3818:             1             24  com.google.protobuf.UnsafeUtil$JvmMemoryAccessor
3819:             1             24  com.sun.jmx.mbeanserver.DescriptorCache (java.management@21.0.6)
3820:             1             24  com.sun.jmx.mbeanserver.MBeanInstantiator (java.management@21.0.6)
3821:             1             24  com.sun.jmx.mbeanserver.MXBeanIntrospector (java.management@21.0.6)
3822:             1             24  com.sun.jmx.mbeanserver.SecureClassLoaderRepository (java.management@21.0.6)
3823:             1             24  com.sun.management.internal.HotSpotThreadImpl (jdk.management@21.0.6)
3824:             1             24  com.sun.management.internal.PlatformMBeanProviderImpl$1 (jdk.management@21.0.6)
3825:             1             24  com.sun.management.internal.PlatformMBeanProviderImpl$3 (jdk.management@21.0.6)
3826:             1             24  com.sun.management.internal.PlatformMBeanProviderImpl$4 (jdk.management@21.0.6)
3827:             1             24  com.sun.proxy.jdk.proxy1.$Proxy28 (jdk.proxy1)
3828:             1             24  io.grpc.CompressorRegistry
3829:             1             24  io.grpc.ConfiguratorRegistry
3830:             1             24  io.grpc.InternalMethodDescriptor
3831:             1             24  io.grpc.internal.RetryingNameResolver$DelayedNameResolverRefresh
3832:             1             24  io.grpc.internal.TransportTracer$Factory
3833:             1             24  io.netty.channel.DefaultMessageSizeEstimator
3834:             1             24  io.netty.handler.codec.http.HttpMethod$EnumNameMap
3835:             1             24  io.netty.util.concurrent.DefaultPromise$CauseHolder
3836:             1             24  io.netty.util.concurrent.GlobalEventExecutor$1
3837:             1             24  io.netty.util.concurrent.GlobalEventExecutor$TaskRunner
3838:             1             24  io.perfmark.Link
3839:             1             24  io.undertow.security.impl.CachedAuthenticatedSessionMechanism
3840:             1             24  io.undertow.server.handlers.DisableCacheHandler
3841:             1             24  io.undertow.server.handlers.HttpContinueReadHandler
3842:             1             24  io.undertow.server.protocol.ParseTimeoutUpdater$1
3843:             1             24  io.undertow.server.session.PathParameterSessionConfig
3844:             1             24  io.undertow.server.session.SecureRandomSessionIdGenerator
3845:             1             24  io.undertow.server.session.SessionListeners
3846:             1             24  io.undertow.servlet.api.LoggingExceptionHandler
3847:             1             24  io.undertow.servlet.core.ContextClassLoaderSetupAction
3848:             1             24  io.undertow.servlet.core.InMemorySessionManagerFactory
3849:             1             24  io.undertow.servlet.core.SessionListenerBridge$1
3850:             1             24  io.undertow.servlet.handlers.SendErrorPageHandler
3851:             1             24  io.undertow.servlet.handlers.ServletInitialHandler$1
3852:             1             24  io.undertow.servlet.handlers.ServletInitialHandler$2
3853:             1             24  io.undertow.servlet.handlers.security.CachedAuthenticatedSessionHandler$SecurityNotificationReceiver
3854:             1             24  io.undertow.servlet.handlers.security.CachedAuthenticatedSessionHandler$ServletAuthenticatedSessionManager
3855:             1             24  io.undertow.servlet.handlers.security.SSLInformationAssociationHandler
3856:             1             24  io.undertow.servlet.handlers.security.ServletAuthenticationCallHandler
3857:             1             24  io.undertow.servlet.spec.ServletContextImpl$1
3858:             1             24  io.undertow.servlet.spec.ServletContextImpl$2
3859:             1             24  io.undertow.servlet.spec.ServletContextImpl$3
3860:             1             24  io.undertow.servlet.spec.ServletContextImpl$4
3861:             1             24  io.undertow.servlet.spec.ServletContextImpl$5
3862:             1             24  io.undertow.servlet.util.ImmediateInstanceHandle
3863:             1             24  io.undertow.util.HeaderTokenParser
3864:             1             24  io.undertow.util.MimeMappings
3865:             1             24  java.io.UnixFileSystem (java.base@21.0.6)
3866:             1             24  java.lang.ProcessHandleImpl$$Lambda/0x000079d52c3fb908 (java.base@21.0.6)
3867:             1             24  java.lang.management.DefaultPlatformMBeanProvider$1 (java.management@21.0.6)
3868:             1             24  java.lang.management.DefaultPlatformMBeanProvider$10 (java.management@21.0.6)
3869:             1             24  java.lang.management.DefaultPlatformMBeanProvider$2 (java.management@21.0.6)
3870:             1             24  java.lang.management.DefaultPlatformMBeanProvider$3 (java.management@21.0.6)
3871:             1             24  java.lang.management.DefaultPlatformMBeanProvider$5 (java.management@21.0.6)
3872:             1             24  java.lang.management.DefaultPlatformMBeanProvider$6 (java.management@21.0.6)
3873:             1             24  java.lang.management.DefaultPlatformMBeanProvider$7 (java.management@21.0.6)
3874:             1             24  java.lang.management.DefaultPlatformMBeanProvider$9 (java.management@21.0.6)
3875:             1             24  java.lang.ref.Cleaner (java.base@21.0.6)
3876:             1             24  java.net.SocketPermissionCollection (java.base@21.0.6)
3877:             1             24  java.security.AllPermission (java.base@21.0.6)
3878:             1             24  java.security.Policy$PolicyInfo (java.base@21.0.6)
3879:             1             24  java.security.Policy$UnsupportedEmptyCollection (java.base@21.0.6)
3880:             1             24  java.security.ProtectionDomain$JavaSecurityAccessImpl$1 (java.base@21.0.6)
3881:             1             24  java.text.MessageFormat$Field (java.base@21.0.6)
3882:             1             24  java.time.Clock$SystemClock (java.base@21.0.6)
3883:             1             24  java.time.Period (java.base@21.0.6)
3884:             1             24  java.time.format.DecimalStyle (java.base@21.0.6)
3885:             1             24  java.util.Comparator$$Lambda/0x000079d52c076930 (java.base@21.0.6)
3886:             1             24  java.util.EnumMap$Values (java.base@21.0.6)
3887:             1             24  java.util.IdentityHashMap$EntrySet (java.base@21.0.6)
3888:             1             24  java.util.IdentityHashMap$Values (java.base@21.0.6)
3889:             1             24  java.util.Locale$Builder (java.base@21.0.6)
3890:             1             24  java.util.PropertyPermissionCollection (java.base@21.0.6)
3891:             1             24  java.util.concurrent.CompletableFuture$AltResult (java.base@21.0.6)
3892:             1             24  java.util.concurrent.ConcurrentSkipListSet (java.base@21.0.6)
3893:             1             24  java.util.concurrent.CopyOnWriteArrayList$COWIterator (java.base@21.0.6)
3894:             1             24  java.util.logging.LogManager$VisitedLoggers (java.logging@21.0.6)
3895:             1             24  java.util.regex.CharPredicates$$Lambda/0x000079d52c573530 (java.base@21.0.6)
3896:             1             24  java.util.regex.Pattern$LastNode (java.base@21.0.6)
3897:             1             24  java.util.regex.Pattern$LookBehindEndNode (java.base@21.0.6)
3898:             1             24  java.util.regex.Pattern$Node (java.base@21.0.6)
3899:             1             24  jdk.internal.icu.impl.Norm2AllModes$ComposeNormalizer2 (java.base@21.0.6)
3900:             1             24  jdk.internal.icu.impl.Norm2AllModes$DecomposeNormalizer2 (java.base@21.0.6)
3901:             1             24  jdk.internal.icu.text.NormalizerBase$ModeImpl (java.base@21.0.6)
3902:             1             24  jdk.internal.icu.util.CodePointTrie$Data16 (java.base@21.0.6)
3903:             1             24  jdk.internal.jimage.ImageReader (java.base@21.0.6)
3904:             1             24  jdk.internal.jimage.ImageStringsReader (java.base@21.0.6)
3905:             1             24  jdk.internal.jimage.decompressor.Decompressor (java.base@21.0.6)
3906:             1             24  jdk.internal.logger.BootstrapLogger$RedirectedLoggers (java.base@21.0.6)
3907:             1             24  jdk.internal.logger.LazyLoggers$LazyLoggerFactories (java.base@21.0.6)
3908:             1             24  jdk.internal.misc.ThreadTracker (java.base@21.0.6)
3909:             1             24  jdk.internal.module.ModulePatcher (java.base@21.0.6)
3910:             1             24  jdk.internal.module.ModuleTarget (java.base@21.0.6)
3911:             1             24  jdk.internal.platform.CgroupMetrics (java.base@21.0.6)
3912:             1             24  jdk.internal.platform.cgroupv2.CgroupV2Subsystem (java.base@21.0.6)
3913:             1             24  jdk.internal.platform.cgroupv2.CgroupV2SubsystemController (java.base@21.0.6)
3914:             1             24  jdk.internal.reflect.ReflectionFactory (java.base@21.0.6)
3915:             1             24  jdk.internal.util.ReferencedKeySet (java.base@21.0.6)
3916:             1             24  jdk.proxy2.$Proxy19 (jdk.proxy2)
3917:             1             24  jdk.proxy2.$Proxy20 (jdk.proxy2)
3918:             1             24  jdk.proxy2.$Proxy30 (jdk.proxy2)
3919:             1             24  jdk.proxy2.$Proxy31 (jdk.proxy2)
3920:             1             24  jdk.proxy2.$Proxy33 (jdk.proxy2)
3921:             1             24  jdk.proxy2.$Proxy35 (jdk.proxy2)
3922:             1             24  jdk.proxy2.$Proxy38 (jdk.proxy2)
3923:             1             24  jdk.proxy2.$Proxy39 (jdk.proxy2)
3924:             1             24  jdk.proxy2.$Proxy40 (jdk.proxy2)
3925:             1             24  jdk.proxy2.$Proxy42 (jdk.proxy2)
3926:             1             24  jdk.proxy2.$Proxy43 (jdk.proxy2)
3927:             1             24  jdk.proxy2.$Proxy44 (jdk.proxy2)
3928:             1             24  jdk.proxy2.$Proxy45 (jdk.proxy2)
3929:             1             24  jdk.proxy2.$Proxy46 (jdk.proxy2)
3930:             1             24  jdk.proxy2.$Proxy54 (jdk.proxy2)
3931:             1             24  jdk.proxy2.$Proxy56 (jdk.proxy2)
3932:             1             24  jdk.proxy2.$Proxy60 (jdk.proxy2)
3933:             1             24  jdk.proxy2.$Proxy61 (jdk.proxy2)
3934:             1             24  jdk.proxy2.$Proxy62 (jdk.proxy2)
3935:             1             24  jdk.proxy2.$Proxy67 (jdk.proxy2)
3936:             1             24  jdk.proxy2.$Proxy69 (jdk.proxy2)
3937:             1             24  jdk.proxy2.$Proxy70 (jdk.proxy2)
3938:             1             24  jdk.proxy2.$Proxy71 (jdk.proxy2)
3939:             1             24  jdk.proxy2.$Proxy72 (jdk.proxy2)
3940:             1             24  kotlin.ranges.IntRange
3941:             1             24  kotlin.reflect.jvm.internal.KPackageImpl$$Lambda$0
3942:             1             24  kotlin.reflect.jvm.internal.impl.builtins.KotlinBuiltIns$1
3943:             1             24  kotlin.reflect.jvm.internal.impl.builtins.KotlinBuiltIns$2
3944:             1             24  kotlin.reflect.jvm.internal.impl.builtins.KotlinBuiltIns$3
3945:             1             24  kotlin.reflect.jvm.internal.impl.descriptors.DescriptorVisibilities$1
3946:             1             24  kotlin.reflect.jvm.internal.impl.descriptors.DescriptorVisibilities$2
3947:             1             24  kotlin.reflect.jvm.internal.impl.descriptors.DescriptorVisibilities$3
3948:             1             24  kotlin.reflect.jvm.internal.impl.descriptors.DescriptorVisibilities$4
3949:             1             24  kotlin.reflect.jvm.internal.impl.descriptors.DescriptorVisibilities$5
3950:             1             24  kotlin.reflect.jvm.internal.impl.descriptors.DescriptorVisibilities$6
3951:             1             24  kotlin.reflect.jvm.internal.impl.descriptors.DescriptorVisibilities$7
3952:             1             24  kotlin.reflect.jvm.internal.impl.descriptors.DescriptorVisibilities$8
3953:             1             24  kotlin.reflect.jvm.internal.impl.descriptors.DescriptorVisibilities$9
3954:             1             24  kotlin.reflect.jvm.internal.impl.descriptors.NotFoundClasses$$Lambda$0
3955:             1             24  kotlin.reflect.jvm.internal.impl.descriptors.NotFoundClasses$$Lambda$1
3956:             1             24  kotlin.reflect.jvm.internal.impl.descriptors.PackageFragmentProviderImpl
3957:             1             24  kotlin.reflect.jvm.internal.impl.descriptors.Visibilities$Inherited
3958:             1             24  kotlin.reflect.jvm.internal.impl.descriptors.Visibilities$Internal
3959:             1             24  kotlin.reflect.jvm.internal.impl.descriptors.Visibilities$InvisibleFake
3960:             1             24  kotlin.reflect.jvm.internal.impl.descriptors.Visibilities$Local
3961:             1             24  kotlin.reflect.jvm.internal.impl.descriptors.Visibilities$Private
3962:             1             24  kotlin.reflect.jvm.internal.impl.descriptors.Visibilities$PrivateToThis
3963:             1             24  kotlin.reflect.jvm.internal.impl.descriptors.Visibilities$Protected
3964:             1             24  kotlin.reflect.jvm.internal.impl.descriptors.Visibilities$Public
3965:             1             24  kotlin.reflect.jvm.internal.impl.descriptors.Visibilities$Unknown
3966:             1             24  kotlin.reflect.jvm.internal.impl.descriptors.impl.LazyPackageViewDescriptorImpl$$Lambda$0
3967:             1             24  kotlin.reflect.jvm.internal.impl.descriptors.impl.LazyPackageViewDescriptorImpl$$Lambda$1
3968:             1             24  kotlin.reflect.jvm.internal.impl.descriptors.impl.LazyPackageViewDescriptorImpl$$Lambda$2
3969:             1             24  kotlin.reflect.jvm.internal.impl.descriptors.impl.ModuleDescriptorImpl$$Lambda$0
3970:             1             24  kotlin.reflect.jvm.internal.impl.descriptors.java.JavaVisibilities$PackageVisibility
3971:             1             24  kotlin.reflect.jvm.internal.impl.descriptors.java.JavaVisibilities$ProtectedAndPackage
3972:             1             24  kotlin.reflect.jvm.internal.impl.descriptors.java.JavaVisibilities$ProtectedStaticVisibility
3973:             1             24  kotlin.reflect.jvm.internal.impl.load.java.JavaDescriptorVisibilities$1
3974:             1             24  kotlin.reflect.jvm.internal.impl.load.java.JavaDescriptorVisibilities$2
3975:             1             24  kotlin.reflect.jvm.internal.impl.load.java.JavaDescriptorVisibilities$3
3976:             1             24  kotlin.reflect.jvm.internal.impl.load.java.Jsr305Settings$$Lambda$0
3977:             1             24  kotlin.reflect.jvm.internal.impl.metadata.deserialization.VersionRequirementTable
3978:             1             24  kotlin.reflect.jvm.internal.impl.resolve.jvm.CompositeSyntheticJavaPartsProvider
3979:             1             24  kotlin.reflect.jvm.internal.impl.serialization.deserialization.ClassDeserializer$$Lambda$0
3980:             1             24  kotlin.reflect.jvm.internal.impl.serialization.deserialization.DeserializedClassDataFinder
3981:             1             24  kotlin.reflect.jvm.internal.impl.serialization.deserialization.builtins.BuiltInsLoaderImpl
3982:             1             24  kotlin.reflect.jvm.internal.impl.types.NullableSimpleType
3983:             1             24  kotlin.reflect.jvm.internal.impl.types.TypeAttributes
3984:             1             24  kotlin.reflect.jvm.internal.impl.types.error.ErrorPropertyDescriptor
3985:             1             24  kotlin.reflect.jvm.internal.impl.util.MemberKindCheck$Member
3986:             1             24  kotlin.reflect.jvm.internal.impl.util.MemberKindCheck$MemberOrExtension
3987:             1             24  kotlin.reflect.jvm.internal.impl.util.ValueParameterCountCheck$Equals
3988:             1             24  kotlin.reflect.jvm.internal.impl.util.ValueParameterCountCheck$NoValueParameters
3989:             1             24  kotlin.reflect.jvm.internal.impl.util.ValueParameterCountCheck$SingleValueParameter
3990:             1             24  kotlinx.coroutines.Unconfined
3991:             1             24  kotlinx.coroutines.internal.ResizableAtomicArray
3992:             1             24  net.engio.mbassy.bus.AbstractSyncAsyncMessageBus$1
3993:             1             24  net.engio.mbassy.bus.config.Feature$AsynchronousHandlerInvocation$1
3994:             1             24  net.engio.mbassy.bus.config.Feature$AsynchronousMessageDispatch$1
3995:             1             24  net.engio.mbassy.listener.MetadataReader
3996:             1             24  org.apache.commons.collections4.queue.UnmodifiableQueue
3997:             1             24  org.bouncycastle.asn1.DLSequence
3998:             1             24  org.bouncycastle.crypto.CryptoServicesRegistrar$ThreadLocalSecureRandomProvider
3999:             1             24  org.bouncycastle.jcajce.provider.asymmetric.EXTERNAL$ExternalKeyInfoConverter
4000:             1             24  org.bouncycastle.jcajce.provider.drbg.EntropyDaemon
4001:             1             24  org.bouncycastle.jcajce.util.ProviderJcaJceHelper
4002:             1             24  org.glassfish.hk2.utilities.reflection.Logger
4003:             1             24  org.glassfish.hk2.utilities.reflection.internal.ClassReflectionHelperImpl$1
4004:             1             24  org.glassfish.hk2.utilities.reflection.internal.ClassReflectionHelperImpl$2
4005:             1             24  org.glassfish.hk2.utilities.reflection.internal.ClassReflectionHelperImpl$3
4006:             1             24  org.glassfish.hk2.utilities.reflection.internal.ClassReflectionHelperImpl$4
4007:             1             24  org.glassfish.jersey.inject.hk2.AbstractHk2InjectionManager$$Lambda/0x000079d52c867b28
4008:             1             24  org.glassfish.jersey.inject.hk2.ContextInjectionResolverImpl$$Lambda/0x000079d52c69d5c0
4009:             1             24  org.glassfish.jersey.inject.hk2.ContextInjectionResolverImpl$$Lambda/0x000079d52c69da40
4010:             1             24  org.glassfish.jersey.inject.hk2.ContextInjectionResolverImpl$3
4011:             1             24  org.glassfish.jersey.inject.hk2.Hk2RequestScope
4012:             1             24  org.glassfish.jersey.inject.hk2.ImmediateHk2InjectionManager
4013:             1             24  org.glassfish.jersey.inject.hk2.JerseyClassAnalyzer$$Lambda/0x000079d52c690c50
4014:             1             24  org.glassfish.jersey.inject.hk2.JerseyClassAnalyzer$Binder$$Lambda/0x000079d52c690800
4015:             1             24  org.glassfish.jersey.inject.hk2.RequestContext
4016:             1             24  org.glassfish.jersey.internal.ExceptionMapperFactory
4017:             1             24  org.glassfish.jersey.internal.config.SystemPropertiesConfigurationProvider
4018:             1             24  org.glassfish.jersey.internal.inject.ParamConverterFactory
4019:             1             24  org.glassfish.jersey.internal.inject.ParamConverters$AggregatedProvider
4020:             1             24  org.glassfish.jersey.internal.inject.ParamConverters$OptionalCustomProvider
4021:             1             24  org.glassfish.jersey.jackson.JacksonFeature
4022:             1             24  org.glassfish.jersey.media.multipart.internal.MultiPartWriter
4023:             1             24  org.glassfish.jersey.message.internal.FormMultivaluedMapProvider
4024:             1             24  org.glassfish.jersey.message.internal.SourceProvider$DomSourceReader
4025:             1             24  org.glassfish.jersey.message.internal.SourceProvider$SaxSourceReader
4026:             1             24  org.glassfish.jersey.model.Parameter$ParameterService$1
4027:             1             24  org.glassfish.jersey.model.Parameter$ParameterService$10
4028:             1             24  org.glassfish.jersey.model.Parameter$ParameterService$2
4029:             1             24  org.glassfish.jersey.model.Parameter$ParameterService$3
4030:             1             24  org.glassfish.jersey.model.Parameter$ParameterService$4
4031:             1             24  org.glassfish.jersey.model.Parameter$ParameterService$5
4032:             1             24  org.glassfish.jersey.model.Parameter$ParameterService$6
4033:             1             24  org.glassfish.jersey.model.Parameter$ParameterService$7
4034:             1             24  org.glassfish.jersey.model.Parameter$ParameterService$8
4035:             1             24  org.glassfish.jersey.model.Parameter$ParameterService$9
4036:             1             24  org.glassfish.jersey.model.internal.CommonConfig$$Lambda/0x000079d52c6660d0
4037:             1             24  org.glassfish.jersey.model.internal.ComponentBag$$Lambda/0x000079d52c6674a0
4038:             1             24  org.glassfish.jersey.model.internal.RankedComparator
4039:             1             24  org.glassfish.jersey.process.JerseyProcessingUncaughtExceptionHandler
4040:             1             24  org.glassfish.jersey.process.internal.AbstractExecutorProvidersConfigurator$$Lambda/0x000079d52c75d000
4041:             1             24  org.glassfish.jersey.process.internal.AbstractExecutorProvidersConfigurator$$Lambda/0x000079d52c75fc38
4042:             1             24  org.glassfish.jersey.process.internal.ExecutorProviders$ExecutorServiceSupplier
4043:             1             24  org.glassfish.jersey.process.internal.ExecutorProviders$ScheduledExecutorServiceSupplier
4044:             1             24  org.glassfish.jersey.process.internal.Stages$1
4045:             1             24  org.glassfish.jersey.server.ApplicationHandler$$Lambda/0x000079d52c77eef8
4046:             1             24  org.glassfish.jersey.server.ComponentProviderConfigurator$$Lambda/0x000079d52c6bbb50
4047:             1             24  org.glassfish.jersey.server.JerseyResourceContextConfigurator$$Lambda/0x000079d52c6bb060
4048:             1             24  org.glassfish.jersey.server.JerseyResourceContextConfigurator$$Lambda/0x000079d52c6bb288
4049:             1             24  org.glassfish.jersey.server.JerseyResourceContextConfigurator$$Lambda/0x000079d52c6bb4c0
4050:             1             24  org.glassfish.jersey.server.ModelProcessorConfigurator$$Lambda/0x000079d52c759600
4051:             1             24  org.glassfish.jersey.server.ServerRuntime$$Lambda/0x000079d52c77aef0
4052:             1             24  org.glassfish.jersey.server.internal.JsonWithPaddingInterceptor
4053:             1             24  org.glassfish.jersey.server.internal.inject.AsyncResponseValueParamProvider
4054:             1             24  org.glassfish.jersey.server.internal.inject.DelegatedInjectionValueParamProvider$$Lambda/0x000079d52c6ba2f8
4055:             1             24  org.glassfish.jersey.server.internal.inject.FormParamValueParamProvider$MultipartFormParamValueProvider$$Lambda/0x000079d52c6b8200
4056:             1             24  org.glassfish.jersey.server.internal.inject.HeaderParamValueParamProvider$HeaderParamValueProvider
4057:             1             24  org.glassfish.jersey.server.internal.inject.MultivaluedParameterExtractorFactory
4058:             1             24  org.glassfish.jersey.server.internal.inject.ParamExtractorConfigurator$$Lambda/0x000079d52c6aeae0
4059:             1             24  org.glassfish.jersey.server.internal.inject.PathParamValueParamProvider$PathParamValueProvider
4060:             1             24  org.glassfish.jersey.server.internal.inject.QueryParamValueParamProvider$QueryParamValueProvider
4061:             1             24  org.glassfish.jersey.server.internal.inject.ValueParamProviderConfigurator$$Lambda/0x000079d52c6af368
4062:             1             24  org.glassfish.jersey.server.internal.inject.ValueParamProviderConfigurator$$Lambda/0x000079d52c6af580
4063:             1             24  org.glassfish.jersey.server.internal.inject.ValueParamProviderConfigurator$$Lambda/0x000079d52c6af7b0
4064:             1             24  org.glassfish.jersey.server.internal.inject.ValueParamProviderConfigurator$$Lambda/0x000079d52c6af9c8
4065:             1             24  org.glassfish.jersey.server.internal.inject.ValueParamProviderConfigurator$$Lambda/0x000079d52c6b9150
4066:             1             24  org.glassfish.jersey.server.internal.inject.ValueParamProviderConfigurator$$Lambda/0x000079d52c6ba0c0
4067:             1             24  org.glassfish.jersey.server.internal.inject.ValueParamProviderConfigurator$$Lambda/0x000079d52c6ba9b8
4068:             1             24  org.glassfish.jersey.server.internal.routing.MatchResultInitializerRouter
4069:             1             24  org.glassfish.jersey.server.model.Parameter$ServerParameterService$1
4070:             1             24  org.glassfish.jersey.server.model.Parameter$ServerParameterService$2
4071:             1             24  org.glassfish.jersey.server.model.ResourceModel$1
4072:             1             24  org.glassfish.jersey.server.model.RuntimeResourceModel
4073:             1             24  org.glassfish.jersey.server.model.internal.JavaResourceMethodDispatcherProvider
4074:             1             24  org.glassfish.jersey.server.model.internal.ResourceMethodDispatcherFactory
4075:             1             24  org.glassfish.jersey.server.model.internal.ResourceMethodInvocationHandlerFactory
4076:             1             24  org.glassfish.jersey.server.model.internal.ResourceMethodInvocationHandlerFactory$$Lambda/0x000079d52c76ca60
4077:             1             24  org.glassfish.jersey.server.model.internal.ResourceMethodInvokerConfigurator$$Lambda/0x000079d52c76d070
4078:             1             24  org.glassfish.jersey.server.model.internal.VoidVoidDispatcherProvider
4079:             1             24  org.glassfish.jersey.server.wadl.internal.generators.WadlGeneratorJAXBGrammarGenerator$1
4080:             1             24  org.glassfish.jersey.server.wadl.processor.OptionsMethodProcessor
4081:             1             24  org.glassfish.jersey.servlet.WebComponent$WebComponentBinder$$Lambda/0x000079d52c6a69d8
4082:             1             24  org.glassfish.jersey.servlet.WebComponent$WebComponentBinder$$Lambda/0x000079d52c6a7010
4083:             1             24  org.glassfish.jersey.servlet.WebComponent$WebComponentBinder$$Lambda/0x000079d52c6a7228
4084:             1             24  org.glassfish.jersey.servlet.WebServletConfig
4085:             1             24  org.jboss.logging.Slf4jLoggerProvider
4086:             1             24  org.jboss.threads.EnhancedQueueExecutor$MXBeanImpl
4087:             1             24  org.jboss.threads.EnhancedQueueExecutor$TreeSetQueue
4088:             1             24  org.jboss.threads.LoggingUncaughtExceptionHandler
4089:             1             24  org.jboss.threads.RejectingExecutor
4090:             1             24  org.jvnet.hk2.internal.DefaultClassAnalyzer
4091:             1             24  org.jvnet.hk2.internal.InstantiationServiceImpl
4092:             1             24  org.jvnet.hk2.internal.ServiceHandleComparator
4093:             1             24  org.jvnet.hk2.internal.ServiceLocatorImpl$10
4094:             1             24  org.jvnet.hk2.internal.ServiceLocatorImpl$3
4095:             1             24  org.jvnet.hk2.internal.ServiceLocatorImpl$4
4096:             1             24  org.jvnet.hk2.internal.ServiceLocatorImpl$8
4097:             1             24  org.jvnet.hk2.internal.ServiceLocatorRuntimeImpl
4098:             1             24  org.jvnet.hk2.internal.SingletonContext$1
4099:             1             24  org.jvnet.hk2.internal.SingletonContext$2
4100:             1             24  org.jvnet.hk2.internal.ThreeThirtyResolver
4101:             1             24  org.reflections.util.FilterBuilder
4102:             1             24  org.reflections.util.FilterBuilder$Exclude
4103:             1             24  org.slf4j.helpers.BasicMDCAdapter$1
4104:             1             24  org.wildfly.common.net.CidrAddressTable
4105:             1             24  org.xnio.IoUtils$1
4106:             1             24  org.xnio.IoUtils$2
4107:             1             24  org.xnio.IoUtils$3
4108:             1             24  org.xnio.LocalSocketAddress
4109:             1             24  org.xnio.XnioWorker$1
4110:             1             24  org.xnio.XnioWorker$EnhancedQueueExecutorTaskPool
4111:             1             24  org.xnio.conduits.ReadReadyHandler$ChannelListenerHandler
4112:             1             24  org.xnio.conduits.WriteReadyHandler$ChannelListenerHandler
4113:             1             24  org.xnio.nio.NioXnio$3
4114:             1             24  org.xnio.nio.NioXnio$4
4115:             1             24  org.xnio.nio.NioXnio$DefaultSelectorCreator
4116:             1             24  org.yaml.snakeyaml.external.com.google.gdata.util.common.base.PercentEscaper
4117:             1             24  sun.management.ClassLoadingImpl (java.management@21.0.6)
4118:             1             24  sun.nio.ch.IOVecWrapper$Deallocator (java.base@21.0.6)
4119:             1             24  sun.nio.ch.NioSocketImpl$$Lambda/0x000079d52c3e1f30 (java.base@21.0.6)
4120:             1             24  sun.nio.ch.NioSocketImpl$1 (java.base@21.0.6)
4121:             1             24  sun.nio.ch.NioSocketImpl$2 (java.base@21.0.6)
4122:             1             24  sun.nio.fs.LinuxFileSystemProvider (java.base@21.0.6)
4123:             1             24  sun.reflect.annotation.TypeAnnotation$LocationInfo (java.base@21.0.6)
4124:             1             24  sun.reflect.generics.tree.ArrayTypeSignature (java.base@21.0.6)
4125:             1             24  sun.security.jca.ProviderConfig$ProviderLoader (java.base@21.0.6)
4126:             1             24  sun.security.provider.AbstractDrbg$SeederHolder$$Lambda/0x000079d52c3d7900 (java.base@21.0.6)
4127:             1             24  sun.security.util.DisabledAlgorithmConstraints$Constraints (java.base@21.0.6)
4128:             1             24  sun.util.calendar.Gregorian (java.base@21.0.6)
4129:             1             16  [Lch.qos.logback.classic.spi.StackTraceElementProxy;
4130:             1             16  [Lch.qos.logback.classic.spi.ThrowableProxy;
4131:             1             16  [Lcom.fasterxml.jackson.databind.AbstractTypeResolver;
4132:             1             16  [Lcom.fasterxml.jackson.databind.deser.BeanDeserializerModifier;
4133:             1             16  [Lcom.fasterxml.jackson.databind.ser.BeanSerializerModifier;
4134:             1             16  [Lcom.fasterxml.jackson.databind.util.ClassUtil$Ctor;
4135:             1             16  [Lcom.google.inject.internal.util.StackTraceElements$InMemoryStackTraceElement;
4136:             1             16  [Lcom.google.inject.spi.ProvisionListener;
4137:             1             16  [Lio.grpc.StreamTracer;
4138:             1             16  [Lio.netty.util.DefaultAttributeMap$DefaultAttribute;
4139:             1             16  [Lio.undertow.servlet.core.ManagedListener;
4140:             1             16  [Ljava.io.File; (java.base@21.0.6)
4141:             1             16  [Ljava.lang.Thread; (java.base@21.0.6)
4142:             1             16  [Ljava.lang.management.LockInfo; (java.management@21.0.6)
4143:             1             16  [Ljava.lang.management.MonitorInfo; (java.management@21.0.6)
4144:             1             16  [Ljava.lang.reflect.AnnotatedType; (java.base@21.0.6)
4145:             1             16  [Ljava.nio.file.attribute.FileAttribute; (java.base@21.0.6)
4146:             1             16  [Ljava.security.Provider; (java.base@21.0.6)
4147:             1             16  [Ljava.security.cert.X509Certificate; (java.base@21.0.6)
4148:             1             16  [Ljava.text.FieldPosition; (java.base@21.0.6)
4149:             1             16  [Ljava.time.LocalDateTime; (java.base@21.0.6)
4150:             1             16  [Ljava.time.zone.ZoneOffsetTransitionRule; (java.base@21.0.6)
4151:             1             16  [Ljava.util.logging.Handler; (java.logging@21.0.6)
4152:             1             16  [Ljavax.security.cert.X509Certificate; (java.base@21.0.6)
4153:             1             16  [Lnet.engio.mbassy.listener.Filter;
4154:             1             16  [Lorg.bouncycastle.asn1.ASN1Encodable;
4155:             1             16  [Lorg.bouncycastle.math.ec.ECFieldElement;
4156:             1             16  [Lorg.bouncycastle.math.ec.ECPoint;
4157:             1             16  [Lorg.jboss.threads.EnhancedQueueExecutor$AbstractScheduledFuture;
4158:             1             16  [Lorg.wildfly.common.net.CidrAddressTable$Mapping;
4159:             1             16  [Lsun.reflect.annotation.TypeAnnotation$LocationInfo$Location; (java.base@21.0.6)
4160:             1             16  ch.qos.logback.classic.PatternLayout$$Lambda/0x000079d52c089ec0
4161:             1             16  ch.qos.logback.classic.PatternLayout$$Lambda/0x000079d52c08a0d0
4162:             1             16  ch.qos.logback.classic.PatternLayout$$Lambda/0x000079d52c08a5f0
4163:             1             16  ch.qos.logback.classic.PatternLayout$$Lambda/0x000079d52c08a800
4164:             1             16  ch.qos.logback.classic.PatternLayout$$Lambda/0x000079d52c08ad28
4165:             1             16  ch.qos.logback.classic.PatternLayout$$Lambda/0x000079d52c08af38
4166:             1             16  ch.qos.logback.classic.PatternLayout$$Lambda/0x000079d52c08b458
4167:             1             16  ch.qos.logback.classic.PatternLayout$$Lambda/0x000079d52c08b668
4168:             1             16  ch.qos.logback.classic.PatternLayout$$Lambda/0x000079d52c08b878
4169:             1             16  ch.qos.logback.classic.PatternLayout$$Lambda/0x000079d52c08bd98
4170:             1             16  ch.qos.logback.classic.PatternLayout$$Lambda/0x000079d52c08bfa8
4171:             1             16  ch.qos.logback.classic.PatternLayout$$Lambda/0x000079d52c08ca08
4172:             1             16  ch.qos.logback.classic.PatternLayout$$Lambda/0x000079d52c08cc18
4173:             1             16  ch.qos.logback.classic.PatternLayout$$Lambda/0x000079d52c08ce28
4174:             1             16  ch.qos.logback.classic.PatternLayout$$Lambda/0x000079d52c08d348
4175:             1             16  ch.qos.logback.classic.PatternLayout$$Lambda/0x000079d52c08d558
4176:             1             16  ch.qos.logback.classic.PatternLayout$$Lambda/0x000079d52c08d768
4177:             1             16  ch.qos.logback.classic.PatternLayout$$Lambda/0x000079d52c08dca8
4178:             1             16  ch.qos.logback.classic.PatternLayout$$Lambda/0x000079d52c08deb8
4179:             1             16  ch.qos.logback.classic.PatternLayout$$Lambda/0x000079d52c08e3d8
4180:             1             16  ch.qos.logback.classic.PatternLayout$$Lambda/0x000079d52c08e5e8
4181:             1             16  ch.qos.logback.classic.PatternLayout$$Lambda/0x000079d52c08eb08
4182:             1             16  ch.qos.logback.classic.PatternLayout$$Lambda/0x000079d52c08ed18
4183:             1             16  ch.qos.logback.classic.PatternLayout$$Lambda/0x000079d52c08f238
4184:             1             16  ch.qos.logback.classic.PatternLayout$$Lambda/0x000079d52c08f448
4185:             1             16  ch.qos.logback.classic.PatternLayout$$Lambda/0x000079d52c08f970
4186:             1             16  ch.qos.logback.classic.PatternLayout$$Lambda/0x000079d52c08fb80
4187:             1             16  ch.qos.logback.classic.PatternLayout$$Lambda/0x000079d52c08fd90
4188:             1             16  ch.qos.logback.classic.PatternLayout$$Lambda/0x000079d52c090000
4189:             1             16  ch.qos.logback.classic.PatternLayout$$Lambda/0x000079d52c090898
4190:             1             16  ch.qos.logback.classic.PatternLayout$$Lambda/0x000079d52c090aa8
4191:             1             16  ch.qos.logback.classic.PatternLayout$$Lambda/0x000079d52c090cb8
4192:             1             16  ch.qos.logback.classic.PatternLayout$$Lambda/0x000079d52c090ec8
4193:             1             16  ch.qos.logback.classic.PatternLayout$$Lambda/0x000079d52c0910d8
4194:             1             16  ch.qos.logback.classic.PatternLayout$$Lambda/0x000079d52c0912e8
4195:             1             16  ch.qos.logback.classic.PatternLayout$$Lambda/0x000079d52c091810
4196:             1             16  ch.qos.logback.classic.PatternLayout$$Lambda/0x000079d52c091a20
4197:             1             16  ch.qos.logback.classic.PatternLayout$$Lambda/0x000079d52c091f40
4198:             1             16  ch.qos.logback.classic.PatternLayout$$Lambda/0x000079d52c092150
4199:             1             16  ch.qos.logback.classic.PatternLayout$$Lambda/0x000079d52c092688
4200:             1             16  ch.qos.logback.classic.PatternLayout$$Lambda/0x000079d52c092ba8
4201:             1             16  ch.qos.logback.classic.PatternLayout$$Lambda/0x000079d52c0930c8
4202:             1             16  ch.qos.logback.classic.PatternLayout$$Lambda/0x000079d52c0935f0
4203:             1             16  ch.qos.logback.classic.PatternLayout$$Lambda/0x000079d52c093b08
4204:             1             16  ch.qos.logback.classic.PatternLayout$$Lambda/0x000079d52c094028
4205:             1             16  ch.qos.logback.classic.PatternLayout$$Lambda/0x000079d52c094888
4206:             1             16  ch.qos.logback.classic.PatternLayout$$Lambda/0x000079d52c094dc0
4207:             1             16  ch.qos.logback.classic.PatternLayout$$Lambda/0x000079d52c0952f8
4208:             1             16  ch.qos.logback.classic.PatternLayout$$Lambda/0x000079d52c095830
4209:             1             16  ch.qos.logback.classic.PatternLayout$$Lambda/0x000079d52c095d68
4210:             1             16  ch.qos.logback.classic.PatternLayout$$Lambda/0x000079d52c0962a0
4211:             1             16  ch.qos.logback.classic.PatternLayout$$Lambda/0x000079d52c0967d8
4212:             1             16  ch.qos.logback.classic.PatternLayout$$Lambda/0x000079d52c096d10
4213:             1             16  ch.qos.logback.classic.PatternLayout$$Lambda/0x000079d52c097248
4214:             1             16  ch.qos.logback.classic.PatternLayout$$Lambda/0x000079d52c097780
4215:             1             16  ch.qos.logback.classic.PatternLayout$$Lambda/0x000079d52c097cb8
4216:             1             16  ch.qos.logback.classic.PatternLayout$$Lambda/0x000079d52c098328
4217:             1             16  ch.qos.logback.classic.PatternLayout$$Lambda/0x000079d52c098860
4218:             1             16  ch.qos.logback.classic.PatternLayout$$Lambda/0x000079d52c098d98
4219:             1             16  ch.qos.logback.classic.PatternLayout$$Lambda/0x000079d52c0992d0
4220:             1             16  ch.qos.logback.classic.PatternLayout$$Lambda/0x000079d52c099808
4221:             1             16  ch.qos.logback.classic.PatternLayout$$Lambda/0x000079d52c099d48
4222:             1             16  ch.qos.logback.classic.PatternLayout$$Lambda/0x000079d52c09a268
4223:             1             16  ch.qos.logback.classic.PatternLayout$$Lambda/0x000079d52c09a788
4224:             1             16  ch.qos.logback.classic.PatternLayout$$Lambda/0x000079d52c09a998
4225:             1             16  ch.qos.logback.classic.PatternLayout$$Lambda/0x000079d52c09aed8
4226:             1             16  ch.qos.logback.core.joran.spi.ConsoleTarget$1
4227:             1             16  ch.qos.logback.core.joran.spi.ConsoleTarget$2
4228:             1             16  ch.qos.logback.core.pattern.parser.Parser$$Lambda/0x000079d52c089470
4229:             1             16  ch.qos.logback.core.pattern.parser.Parser$$Lambda/0x000079d52c0899a0
4230:             1             16  com.aerospike.client.Value$InfinityValue
4231:             1             16  com.aerospike.client.Value$NullValue
4232:             1             16  com.aerospike.client.Value$WildcardValue
4233:             1             16  com.aerospike.client.policy.InfoPolicy
4234:             1             16  com.aerospike.connect.feature.FeatureKey$Companion
4235:             1             16  com.aerospike.connect.io.FilePathResolver$$FastClassByGuice$$8ae8b
4236:             1             16  com.aerospike.connect.io.FilePathResolver$Companion
4237:             1             16  com.aerospike.connect.logging.AboutConnector
4238:             1             16  com.aerospike.connect.logging.LogFormat$Companion
4239:             1             16  com.aerospike.connect.logging.LogLevelExtensions
4240:             1             16  com.aerospike.connect.logging.LoggingConfig$Companion
4241:             1             16  com.aerospike.connect.logging.inject.LoggingGuiceModule$$FastClassByGuice$$1d37f4
4242:             1             16  com.aerospike.connect.metrics.AerospikeMetricFilter
4243:             1             16  com.aerospike.connect.metrics.AerospikeMetricRegistry$$Lambda/0x000079d52c8b3b28
4244:             1             16  com.aerospike.connect.metrics.AerospikeMetricRegistry$$Lambda/0x000079d52c8bb720
4245:             1             16  com.aerospike.connect.metrics.AerospikeMetricRegistry$Companion
4246:             1             16  com.aerospike.connect.metrics.ConnectionMetric$$FastClassByGuice$$479f56f
4247:             1             16  com.aerospike.connect.metrics.ErrorRegistry$$FastClassByGuice$$7ca767
4248:             1             16  com.aerospike.connect.metrics.ErrorRegistry$Companion
4249:             1             16  com.aerospike.connect.metrics.ErrorRegistry$Companion$log$1
4250:             1             16  com.aerospike.connect.metrics.GarbageCollectorMetricSet$Companion
4251:             1             16  com.aerospike.connect.metrics.OperatingSystemGaugeSet$Companion
4252:             1             16  com.aerospike.connect.metrics.ThreadStatesGaugeSet$Companion
4253:             1             16  com.aerospike.connect.metrics.Ticker$$FastClassByGuice$$5ce939a
4254:             1             16  com.aerospike.connect.metrics.Ticker$Companion
4255:             1             16  com.aerospike.connect.metrics.Ticker$putMetrics$1$1
4256:             1             16  com.aerospike.connect.metrics.Ticker$report$2
4257:             1             16  com.aerospike.connect.metrics.Ticker$report$3$1
4258:             1             16  com.aerospike.connect.metrics.Ticker$reportMetrics$1$1
4259:             1             16  com.aerospike.connect.metrics.TickerPriority$Companion
4260:             1             16  com.aerospike.connect.metrics.inject.MetricsGuiceModule$Companion
4261:             1             16  com.aerospike.connect.metrics.manage.app.ManageApplication$Companion
4262:             1             16  com.aerospike.connect.metrics.manage.app.ManageJacksonFeature
4263:             1             16  com.aerospike.connect.metrics.manage.app.ManageJacksonFeature$Companion
4264:             1             16  com.aerospike.connect.metrics.manage.app.ManageServiceLister
4265:             1             16  com.aerospike.connect.metrics.manage.app.ManageServiceLister$$Lambda/0x000079d52c5fba18
4266:             1             16  com.aerospike.connect.metrics.manage.app.ManageServiceLister$$Lambda/0x000079d52c5fbc28
4267:             1             16  com.aerospike.connect.metrics.manage.app.ManageServiceLister$$Lambda/0x000079d52c636a50
4268:             1             16  com.aerospike.connect.metrics.manage.server.Binding
4269:             1             16  com.aerospike.connect.metrics.manage.server.ManageServer$$FastClassByGuice$$74edbbd
4270:             1             16  com.aerospike.connect.metrics.manage.server.ManageServer$$Lambda/0x000079d52c5ffc08
4271:             1             16  com.aerospike.connect.metrics.manage.server.ManageServer$$Lambda/0x000079d52c604430
4272:             1             16  com.aerospike.connect.metrics.manage.server.ManageServer$Companion
4273:             1             16  com.aerospike.connect.metrics.manage.service.AboutServerWebService$$FastClassByGuice$$768415b
4274:             1             16  com.aerospike.connect.metrics.manage.service.LoggingWebService$$FastClassByGuice$$79c751f
4275:             1             16  com.aerospike.connect.metrics.manage.service.MetricsWebService$$FastClassByGuice$$75f48d1
4276:             1             16  com.aerospike.connect.metrics.manage.service.PrometheusExports$Companion
4277:             1             16  com.aerospike.connect.metrics.manage.service.PrometheusMetricsWebService$$FastClassByGuice$$78a09b2
4278:             1             16  com.aerospike.connect.serde.SerdeGuiceModule$Companion
4279:             1             16  com.aerospike.connect.tls.TlsContextLoader$$FastClassByGuice$$c50132
4280:             1             16  com.aerospike.connect.tls.TlsContextLoader$Companion
4281:             1             16  com.aerospike.connect.tls.inject.TlsGuiceModule$$Lambda/0x000079d52c33f078
4282:             1             16  com.aerospike.connect.tls.inject.TlsGuiceModule$$Lambda/0x000079d52c3b2550
4283:             1             16  com.aerospike.connect.tls.inject.TlsGuiceModule$Companion
4284:             1             16  com.aerospike.connect.tls.pem.BouncyCastlePemParser
4285:             1             16  com.aerospike.connect.tls.pem.BouncyCastlePemParser$$Lambda/0x000079d52c386d30
4286:             1             16  com.aerospike.connect.tls.pem.BouncyCastlePemParser$$Lambda/0x000079d52c3b2340
4287:             1             16  com.aerospike.connect.tls.pem.BouncyCastlePemParser$Companion
4288:             1             16  com.aerospike.connect.tls.reload.SSLContextFactory$$FastClassByGuice$$7390cc1
4289:             1             16  com.aerospike.connect.tls.reload.SSLContextFactory$$Lambda/0x000079d52c5ff7f8
4290:             1             16  com.aerospike.connect.tls.reload.SSLContextFactory$Companion
4291:             1             16  com.aerospike.flow.CancellableFlow$$Lambda/0x000079d52c4da0a8
4292:             1             16  com.aerospike.flow.CancellableFlow$Companion
4293:             1             16  com.aerospike.flow.CancellableFlow$job$1$1$$Lambda/0x000079d52c906098
4294:             1             16  com.aerospike.vector.GrpcValueBuilder
4295:             1             16  com.aerospike.vector.SerializedAerospikeStorageRecordId$1
4296:             1             16  com.aerospike.vector.VectorDbMain$$Lambda/0x000079d52c564c10
4297:             1             16  com.aerospike.vector.VectorDbMain$$Lambda/0x000079d52c568000
4298:             1             16  com.aerospike.vector.VectorDbMain$Companion
4299:             1             16  com.aerospike.vector.VectorDbStatus
4300:             1             16  com.aerospike.vector.VectorExtensions
4301:             1             16  com.aerospike.vector.auth.InsecureAuthService$$FastClassByGuice$$3336a92
4302:             1             16  com.aerospike.vector.auth.NoUserContext
4303:             1             16  com.aerospike.vector.client.proto.AboutRequest$1
4304:             1             16  com.aerospike.vector.client.proto.AboutResponse$1
4305:             1             16  com.aerospike.vector.client.proto.AboutResponse$2
4306:             1             16  com.aerospike.vector.client.proto.AboutServiceGrpc$AboutServiceFileDescriptorSupplier
4307:             1             16  com.aerospike.vector.client.proto.AddUserRequest$1
4308:             1             16  com.aerospike.vector.client.proto.AuthRequest$1
4309:             1             16  com.aerospike.vector.client.proto.AuthResponse$1
4310:             1             16  com.aerospike.vector.client.proto.AuthServiceGrpc$AuthServiceFileDescriptorSupplier
4311:             1             16  com.aerospike.vector.client.proto.BoolData$1
4312:             1             16  com.aerospike.vector.client.proto.Boolean$1
4313:             1             16  com.aerospike.vector.client.proto.ClusterId$1
4314:             1             16  com.aerospike.vector.client.proto.ClusterInfoServiceGrpc$ClusterInfoServiceFileDescriptorSupplier
4315:             1             16  com.aerospike.vector.client.proto.ClusterNodeEndpoints$1
4316:             1             16  com.aerospike.vector.client.proto.ClusterNodeEndpoints$Builder$EndpointsConverter
4317:             1             16  com.aerospike.vector.client.proto.ClusterNodeEndpointsRequest$1
4318:             1             16  com.aerospike.vector.client.proto.ClusteringState$1
4319:             1             16  com.aerospike.vector.client.proto.DeleteRequest$1
4320:             1             16  com.aerospike.vector.client.proto.DropUserRequest$1
4321:             1             16  com.aerospike.vector.client.proto.ExistsRequest$1
4322:             1             16  com.aerospike.vector.client.proto.Field$1
4323:             1             16  com.aerospike.vector.client.proto.FloatData$1
4324:             1             16  com.aerospike.vector.client.proto.GcInvalidVerticesRequest$1
4325:             1             16  com.aerospike.vector.client.proto.GetRequest$1
4326:             1             16  com.aerospike.vector.client.proto.GetUserRequest$1
4327:             1             16  com.aerospike.vector.client.proto.GrantRolesRequest$1
4328:             1             16  com.aerospike.vector.client.proto.HnswBatchingParams$1
4329:             1             16  com.aerospike.vector.client.proto.HnswCachingParams$1
4330:             1             16  com.aerospike.vector.client.proto.HnswHealerParams$1
4331:             1             16  com.aerospike.vector.client.proto.HnswIndexMergeParams$1
4332:             1             16  com.aerospike.vector.client.proto.HnswIndexUpdate$1
4333:             1             16  com.aerospike.vector.client.proto.HnswParams$1
4334:             1             16  com.aerospike.vector.client.proto.HnswSearchParams$1
4335:             1             16  com.aerospike.vector.client.proto.IndexCreateRequest$1
4336:             1             16  com.aerospike.vector.client.proto.IndexDefinition$1
4337:             1             16  com.aerospike.vector.client.proto.IndexDefinitionList$1
4338:             1             16  com.aerospike.vector.client.proto.IndexDropRequest$1
4339:             1             16  com.aerospike.vector.client.proto.IndexGetRequest$1
4340:             1             16  com.aerospike.vector.client.proto.IndexId$1
4341:             1             16  com.aerospike.vector.client.proto.IndexListRequest$1
4342:             1             16  com.aerospike.vector.client.proto.IndexMode$1
4343:             1             16  com.aerospike.vector.client.proto.IndexServiceGrpc$IndexServiceFileDescriptorSupplier
4344:             1             16  com.aerospike.vector.client.proto.IndexStatusRequest$1
4345:             1             16  com.aerospike.vector.client.proto.IndexStatusResponse$1
4346:             1             16  com.aerospike.vector.client.proto.IndexStorage$1
4347:             1             16  com.aerospike.vector.client.proto.IndexType$1
4348:             1             16  com.aerospike.vector.client.proto.IndexUpdateRequest$1
4349:             1             16  com.aerospike.vector.client.proto.IsIndexedRequest$1
4350:             1             16  com.aerospike.vector.client.proto.Key$1
4351:             1             16  com.aerospike.vector.client.proto.List$1
4352:             1             16  com.aerospike.vector.client.proto.ListRolesResponse$1
4353:             1             16  com.aerospike.vector.client.proto.ListUsersResponse$1
4354:             1             16  com.aerospike.vector.client.proto.Map$1
4355:             1             16  com.aerospike.vector.client.proto.MapEntry$1
4356:             1             16  com.aerospike.vector.client.proto.MapKey$1
4357:             1             16  com.aerospike.vector.client.proto.Neighbor$1
4358:             1             16  com.aerospike.vector.client.proto.NodeId$1
4359:             1             16  com.aerospike.vector.client.proto.NodeRole$1
4360:             1             16  com.aerospike.vector.client.proto.ProjectionFilter$1
4361:             1             16  com.aerospike.vector.client.proto.ProjectionSpec$1
4362:             1             16  com.aerospike.vector.client.proto.ProjectionType$1
4363:             1             16  com.aerospike.vector.client.proto.PutRequest$1
4364:             1             16  com.aerospike.vector.client.proto.Record$1
4365:             1             16  com.aerospike.vector.client.proto.RevokeRolesRequest$1
4366:             1             16  com.aerospike.vector.client.proto.ServerEndpoint$1
4367:             1             16  com.aerospike.vector.client.proto.ServerEndpointList$1
4368:             1             16  com.aerospike.vector.client.proto.StandaloneIndexMetrics$1
4369:             1             16  com.aerospike.vector.client.proto.StandaloneIndexParams$1
4370:             1             16  com.aerospike.vector.client.proto.StandaloneIndexState$1
4371:             1             16  com.aerospike.vector.client.proto.Status$1
4372:             1             16  com.aerospike.vector.client.proto.TransactServiceGrpc$TransactServiceFileDescriptorSupplier
4373:             1             16  com.aerospike.vector.client.proto.UpdateCredentialsRequest$1
4374:             1             16  com.aerospike.vector.client.proto.User$1
4375:             1             16  com.aerospike.vector.client.proto.UserAdminServiceGrpc$UserAdminServiceFileDescriptorSupplier
4376:             1             16  com.aerospike.vector.client.proto.Value$1
4377:             1             16  com.aerospike.vector.client.proto.Vector$1
4378:             1             16  com.aerospike.vector.client.proto.VectorDistanceMetric$1
4379:             1             16  com.aerospike.vector.client.proto.VectorSearchRequest$1
4380:             1             16  com.aerospike.vector.client.proto.WriteType$1
4381:             1             16  com.aerospike.vector.clock.SystemClock$Companion
4382:             1             16  com.aerospike.vector.cluster.Cluster$AcceptMessage$1
4383:             1             16  com.aerospike.vector.cluster.Cluster$ClusterEpoch$1
4384:             1             16  com.aerospike.vector.cluster.Cluster$ClusterState$1
4385:             1             16  com.aerospike.vector.cluster.Cluster$ClusterStateAppliedMessage$1
4386:             1             16  com.aerospike.vector.cluster.Cluster$JoinReject$1
4387:             1             16  com.aerospike.vector.cluster.Cluster$JoinRequest$1
4388:             1             16  com.aerospike.vector.cluster.Cluster$LearnMessage$1
4389:             1             16  com.aerospike.vector.cluster.Cluster$MergeMoveMessage$1
4390:             1             16  com.aerospike.vector.cluster.Cluster$PrepareMessage$1
4391:             1             16  com.aerospike.vector.cluster.Cluster$ProposalId$1
4392:             1             16  com.aerospike.vector.cluster.Cluster$ReClusterMessage$1
4393:             1             16  com.aerospike.vector.cluster.ClusterEpoch$Companion
4394:             1             16  com.aerospike.vector.cluster.ClusterId$Companion
4395:             1             16  com.aerospike.vector.cluster.ClusterLimits$$FastClassByGuice$$15477c2
4396:             1             16  com.aerospike.vector.cluster.ClusterLimits$Companion
4397:             1             16  com.aerospike.vector.cluster.ClusterLock
4398:             1             16  com.aerospike.vector.cluster.ClusterLock$$FastClassByGuice$$14f52ed
4399:             1             16  com.aerospike.vector.cluster.ClusterMetaMonitor$$FastClassByGuice$$1fc229c
4400:             1             16  com.aerospike.vector.cluster.ClusterMetrics$$FastClassByGuice$$1ec9018
4401:             1             16  com.aerospike.vector.cluster.ClusterMetrics$$Lambda/0x000079d52c4d3920
4402:             1             16  com.aerospike.vector.cluster.ClusterMetrics$$Lambda/0x000079d52c4d72b0
4403:             1             16  com.aerospike.vector.cluster.ClusterMetrics$$Lambda/0x000079d52c4d74c0
4404:             1             16  com.aerospike.vector.cluster.ClusterMetrics$$Lambda/0x000079d52c4d76d0
4405:             1             16  com.aerospike.vector.cluster.ClusterMetrics$$Lambda/0x000079d52c4d78e0
4406:             1             16  com.aerospike.vector.cluster.ClusterMetrics$$Lambda/0x000079d52c4d9330
4407:             1             16  com.aerospike.vector.cluster.ClusterMetrics$$Lambda/0x000079d52c4d9540
4408:             1             16  com.aerospike.vector.cluster.ClusterMetrics$Companion
4409:             1             16  com.aerospike.vector.cluster.ClusterMonitor$$FastClassByGuice$$1c254b1
4410:             1             16  com.aerospike.vector.cluster.ClusterMonitor$$Lambda/0x000079d52c4ef278
4411:             1             16  com.aerospike.vector.cluster.ClusterMonitor$$Lambda/0x000079d52c58e9a0
4412:             1             16  com.aerospike.vector.cluster.ClusterMonitor$$Lambda/0x000079d52c58fcb0
4413:             1             16  com.aerospike.vector.cluster.ClusterMonitor$$Lambda/0x000079d52c594648
4414:             1             16  com.aerospike.vector.cluster.ClusterMonitor$$Lambda/0x000079d52c7b01f8
4415:             1             16  com.aerospike.vector.cluster.ClusterMonitor$$Lambda/0x000079d52c856f80
4416:             1             16  com.aerospike.vector.cluster.ClusterMonitor$$Lambda/0x000079d52c857190
4417:             1             16  com.aerospike.vector.cluster.ClusterMonitor$$Lambda/0x000079d52c85e1f8
4418:             1             16  com.aerospike.vector.cluster.ClusterMonitor$$Lambda/0x000079d52c85e628
4419:             1             16  com.aerospike.vector.cluster.ClusterMonitor$$Lambda/0x000079d52c85f778
4420:             1             16  com.aerospike.vector.cluster.ClusterMonitor$$Lambda/0x000079d52c860420
4421:             1             16  com.aerospike.vector.cluster.ClusterMonitor$$Lambda/0x000079d52c860630
4422:             1             16  com.aerospike.vector.cluster.ClusterMonitor$$Lambda/0x000079d52c899870
4423:             1             16  com.aerospike.vector.cluster.ClusterMonitor$$Lambda/0x000079d52c8f1618
4424:             1             16  com.aerospike.vector.cluster.ClusterMonitor$Companion
4425:             1             16  com.aerospike.vector.cluster.ClusterRegister$$FastClassByGuice$$17ac5b9
4426:             1             16  com.aerospike.vector.cluster.ClusterRegister$$Lambda/0x000079d52c4e9670
4427:             1             16  com.aerospike.vector.cluster.ClusterRegister$$Lambda/0x000079d52c804cd8
4428:             1             16  com.aerospike.vector.cluster.ClusterRegister$$Lambda/0x000079d52c8daba0
4429:             1             16  com.aerospike.vector.cluster.ClusterRegister$Companion
4430:             1             16  com.aerospike.vector.cluster.ClusterService$$FastClassByGuice$$1df350a
4431:             1             16  com.aerospike.vector.cluster.ClusterServiceGrpc$ClusterServiceFileDescriptorSupplier
4432:             1             16  com.aerospike.vector.cluster.ClusterState$$FastClassByGuice$$1bfa0ce
4433:             1             16  com.aerospike.vector.cluster.ClusterState$Companion
4434:             1             16  com.aerospike.vector.cluster.PaxosAcceptor$$FastClassByGuice$$1896bd0
4435:             1             16  com.aerospike.vector.cluster.PaxosAcceptor$$Lambda/0x000079d52c4ea738
4436:             1             16  com.aerospike.vector.cluster.PaxosAcceptor$$Lambda/0x000079d52c7ff980
4437:             1             16  com.aerospike.vector.cluster.PaxosAcceptor$$Lambda/0x000079d52c905870
4438:             1             16  com.aerospike.vector.cluster.PaxosAcceptor$Companion
4439:             1             16  com.aerospike.vector.cluster.PaxosProposer$$FastClassByGuice$$16ef031
4440:             1             16  com.aerospike.vector.cluster.PaxosProposer$$Lambda/0x000079d52c4e8838
4441:             1             16  com.aerospike.vector.cluster.PaxosProposer$Companion
4442:             1             16  com.aerospike.vector.cluster.PaxosProposer$learnSendAsync$2$$Lambda/0x000079d52c803950
4443:             1             16  com.aerospike.vector.cluster.QuantumIntervalGenerator$$FastClassByGuice$$1a7fbec
4444:             1             16  com.aerospike.vector.cluster.QuantumIntervalGenerator$$Lambda/0x000079d52c4eb728
4445:             1             16  com.aerospike.vector.cluster.QuantumIntervalGenerator$Companion
4446:             1             16  com.aerospike.vector.cluster.TickGenerator$$FastClassByGuice$$190a23f
4447:             1             16  com.aerospike.vector.config.InterconnectConfig$Companion
4448:             1             16  com.aerospike.vector.config.NodeRoleSet$Companion
4449:             1             16  com.aerospike.vector.config.PortRangeKeyDeserializer
4450:             1             16  com.aerospike.vector.config.ServiceConfig$Companion
4451:             1             16  com.aerospike.vector.distance.CosineVectorDistanceCpu
4452:             1             16  com.aerospike.vector.distance.CosineVectorDistanceCpu$$FastClassByGuice$$384de13
4453:             1             16  com.aerospike.vector.distance.DotProductVectorDistanceCpu
4454:             1             16  com.aerospike.vector.distance.DotProductVectorDistanceCpu$$FastClassByGuice$$396ec74
4455:             1             16  com.aerospike.vector.distance.HammingVectorDistanceCpu
4456:             1             16  com.aerospike.vector.distance.HammingVectorDistanceCpu$$FastClassByGuice$$3ba38b1
4457:             1             16  com.aerospike.vector.distance.ManhattanVectorDistanceCpu
4458:             1             16  com.aerospike.vector.distance.ManhattanVectorDistanceCpu$$FastClassByGuice$$3aad0f5
4459:             1             16  com.aerospike.vector.distance.SquaredEuclideanVectorDistanceCpu
4460:             1             16  com.aerospike.vector.distance.SquaredEuclideanVectorDistanceCpu$$FastClassByGuice$$37e3c17
4461:             1             16  com.aerospike.vector.distance.VectorDistance$Companion
4462:             1             16  com.aerospike.vector.distance.VectorDistance$Companion$$Lambda/0x000079d52c5021d0
4463:             1             16  com.aerospike.vector.distance.VectorDistance$Companion$$Lambda/0x000079d52c502610
4464:             1             16  com.aerospike.vector.distance.VectorDistanceServiceCpu$$FastClassByGuice$$3c40b3c
4465:             1             16  com.aerospike.vector.distance.VectorDistanceServiceCpu$$Lambda/0x000079d52c502e28
4466:             1             16  com.aerospike.vector.distance.VectorDistanceServiceCpu$Companion
4467:             1             16  com.aerospike.vector.dns.AsyncDnsResolver$$FastClassByGuice$$d64d4d
4468:             1             16  com.aerospike.vector.embedded.client.inject.VectorDbEmbeddedClientGuiceModule$Companion
4469:             1             16  com.aerospike.vector.embedded.client.store.SingleInstanceClientStore$$FastClassByGuice$$35b7a7d
4470:             1             16  com.aerospike.vector.eventbus.inject.EventBusGuiceModule$$FastClassByGuice$$2af36e
4471:             1             16  com.aerospike.vector.exchange.Exchange$ExchangeCommit$1
4472:             1             16  com.aerospike.vector.exchange.Exchange$ExchangePayload$1
4473:             1             16  com.aerospike.vector.exchange.Exchange$ExchangePayload$2
4474:             1             16  com.aerospike.vector.exchange.Exchange$ExchangePayload$Builder$AdvertisedListenersConverter
4475:             1             16  com.aerospike.vector.exchange.Exchange$ExchangeReadyToCommit$1
4476:             1             16  com.aerospike.vector.exchange.ExchangeClusterStateService$$FastClassByGuice$$20aba95
4477:             1             16  com.aerospike.vector.exchange.ExchangeClusterStateService$$Lambda/0x000079d52c4a97d8
4478:             1             16  com.aerospike.vector.exchange.ExchangeClusterStateService$Companion
4479:             1             16  com.aerospike.vector.exchange.ExchangeLimits$$FastClassByGuice$$6b99b0e
4480:             1             16  com.aerospike.vector.exchange.ExchangeLimits$Companion
4481:             1             16  com.aerospike.vector.exchange.ExchangeService$$FastClassByGuice$$6ce1759
4482:             1             16  com.aerospike.vector.exchange.ExchangeService$$Lambda/0x000079d52c5e3138
4483:             1             16  com.aerospike.vector.exchange.ExchangeService$$Lambda/0x000079d52c805500
4484:             1             16  com.aerospike.vector.exchange.ExchangeService$$Lambda/0x000079d52c811360
4485:             1             16  com.aerospike.vector.exchange.ExchangeService$$Lambda/0x000079d52c8128f8
4486:             1             16  com.aerospike.vector.exchange.ExchangeService$$Lambda/0x000079d52c8dadb0
4487:             1             16  com.aerospike.vector.exchange.ExchangeService$Companion
4488:             1             16  com.aerospike.vector.exchange.ExchangeServiceGrpc$ExchangeServiceFileDescriptorSupplier
4489:             1             16  com.aerospike.vector.heartbeat.AdjacencyMonitor$$FastClassByGuice$$1096107
4490:             1             16  com.aerospike.vector.heartbeat.AdjacencyMonitor$$Lambda/0x000079d52c4d9a68
4491:             1             16  com.aerospike.vector.heartbeat.AdjacencyMonitor$Companion
4492:             1             16  com.aerospike.vector.heartbeat.AdjacentNode$Companion
4493:             1             16  com.aerospike.vector.heartbeat.DiscoveryRegister$$FastClassByGuice$$11cd766
4494:             1             16  com.aerospike.vector.heartbeat.DiscoveryRegister$$Lambda/0x000079d52c4db2a8
4495:             1             16  com.aerospike.vector.heartbeat.DiscoveryRegister$$Lambda/0x000079d52c5fe4f0
4496:             1             16  com.aerospike.vector.heartbeat.DiscoveryRegister$$Lambda/0x000079d52c85fda0
4497:             1             16  com.aerospike.vector.heartbeat.DiscoveryRegister$Companion
4498:             1             16  com.aerospike.vector.heartbeat.Heartbeat$ClusterPayload$1
4499:             1             16  com.aerospike.vector.heartbeat.Heartbeat$EndpointsQuery$1
4500:             1             16  com.aerospike.vector.heartbeat.Heartbeat$EndpointsResponse$1
4501:             1             16  com.aerospike.vector.heartbeat.Heartbeat$EndpointsResponse$Builder$ResponseConverter
4502:             1             16  com.aerospike.vector.heartbeat.Heartbeat$HeartbeatMessage$1
4503:             1             16  com.aerospike.vector.heartbeat.Heartbeat$SocketEndpoint$1
4504:             1             16  com.aerospike.vector.heartbeat.Heartbeat$SocketEndpointList$1
4505:             1             16  com.aerospike.vector.heartbeat.HeartbeatService$$FastClassByGuice$$13d9d73
4506:             1             16  com.aerospike.vector.heartbeat.HeartbeatServiceGrpc$HeartbeatServiceFileDescriptorSupplier
4507:             1             16  com.aerospike.vector.heartbeat.HeartbeatTransmitter$$FastClassByGuice$$1257986
4508:             1             16  com.aerospike.vector.heartbeat.HeartbeatTransmitter$$Lambda/0x000079d52c4dbdc8
4509:             1             16  com.aerospike.vector.heartbeat.HeartbeatTransmitter$Companion
4510:             1             16  com.aerospike.vector.heartbeat.NetworkClique$$Lambda/0x000079d52c4e6f40
4511:             1             16  com.aerospike.vector.heartbeat.NetworkClique$$Lambda/0x000079d52c594ae0
4512:             1             16  com.aerospike.vector.heartbeat.NetworkClique$Companion
4513:             1             16  com.aerospike.vector.heartbeat.SocketEndpointKt$Dsl$Companion
4514:             1             16  com.aerospike.vector.hlc.HlcClock$$FastClassByGuice$$acc534
4515:             1             16  com.aerospike.vector.hlc.HlcClock$Companion
4516:             1             16  com.aerospike.vector.hlc.HlcTimestamp$Companion
4517:             1             16  com.aerospike.vector.index.BatchBucketStore$$FastClassByGuice$$24a62a5
4518:             1             16  com.aerospike.vector.index.BatchBucketStore$$Lambda/0x000079d52c5042b0
4519:             1             16  com.aerospike.vector.index.BatchBucketStore$Companion
4520:             1             16  com.aerospike.vector.index.BatchIndexMergeProxyRequest$1
4521:             1             16  com.aerospike.vector.index.BatchIndexMergeRequest$1
4522:             1             16  com.aerospike.vector.index.BatchIndexMetadata$Companion
4523:             1             16  com.aerospike.vector.index.BatchIndexStatusResponse$1
4524:             1             16  com.aerospike.vector.index.CacheServiceGrpc$CacheServiceFileDescriptorSupplier
4525:             1             16  com.aerospike.vector.index.CentroidMap$1
4526:             1             16  com.aerospike.vector.index.CentroidMapEntry$1
4527:             1             16  com.aerospike.vector.index.DeleteProxyRequest$1
4528:             1             16  com.aerospike.vector.index.DeleteProxyResponse$1
4529:             1             16  com.aerospike.vector.index.EvictCachedVerticesRequest$1
4530:             1             16  com.aerospike.vector.index.ExistsProxyRequest$1
4531:             1             16  com.aerospike.vector.index.ExistsProxyResponse$1
4532:             1             16  com.aerospike.vector.index.GetProxyRequest$1
4533:             1             16  com.aerospike.vector.index.GetProxyResponse$1
4534:             1             16  com.aerospike.vector.index.HealCycleCompleteRequest$1
4535:             1             16  com.aerospike.vector.index.HealCycleFinalizationRequest$1
4536:             1             16  com.aerospike.vector.index.HealCycleStartRequest$1
4537:             1             16  com.aerospike.vector.index.IndexCacheCentroidRequest$1
4538:             1             16  com.aerospike.vector.index.IndexCatalog$$Lambda/0x000079d52c5575b8
4539:             1             16  com.aerospike.vector.index.IndexCatalog$Companion
4540:             1             16  com.aerospike.vector.index.IndexCleaner$$FastClassByGuice$$2df0c19
4541:             1             16  com.aerospike.vector.index.IndexCleaner$$Lambda/0x000079d52c566748
4542:             1             16  com.aerospike.vector.index.IndexCleaner$Companion
4543:             1             16  com.aerospike.vector.index.IndexCreateOperation$1
4544:             1             16  com.aerospike.vector.index.IndexLog$$Lambda/0x000079d52c504ce0
4545:             1             16  com.aerospike.vector.index.IndexLog$Companion
4546:             1             16  com.aerospike.vector.index.IndexLog$Companion$$Lambda/0x000079d52c7726b8
4547:             1             16  com.aerospike.vector.index.IndexLog$Companion$$Lambda/0x000079d52c7728c8
4548:             1             16  com.aerospike.vector.index.IndexLog$Companion$$Lambda/0x000079d52c8979a8
4549:             1             16  com.aerospike.vector.index.IndexLogEntry$1
4550:             1             16  com.aerospike.vector.index.IndexLogEntryList$1
4551:             1             16  com.aerospike.vector.index.IndexLogEntryListKt$Dsl$Companion
4552:             1             16  com.aerospike.vector.index.IndexMetrics$1
4553:             1             16  com.aerospike.vector.index.IndexMetricsResponse$1
4554:             1             16  com.aerospike.vector.index.IndexRequest$1
4555:             1             16  com.aerospike.vector.index.IndexService$$FastClassByGuice$$2ac12ac
4556:             1             16  com.aerospike.vector.index.IndexService$$Lambda/0x000079d52c55a7c8
4557:             1             16  com.aerospike.vector.index.IndexService$Companion
4558:             1             16  com.aerospike.vector.index.IndexServiceInternalGrpc$IndexServiceInternalFileDescriptorSupplier
4559:             1             16  com.aerospike.vector.index.IndexUpdateOperation$1
4560:             1             16  com.aerospike.vector.index.Indexer$$FastClassByGuice$$27513a8
4561:             1             16  com.aerospike.vector.index.Indexer$$Lambda/0x000079d52c557a80
4562:             1             16  com.aerospike.vector.index.Indexer$Companion
4563:             1             16  com.aerospike.vector.index.InternalIndexId$1
4564:             1             16  com.aerospike.vector.index.IsIndexedProxyRequest$1
4565:             1             16  com.aerospike.vector.index.IsIndexedProxyResponse$1
4566:             1             16  com.aerospike.vector.index.MarkCachedVerticesInvalidRequest$1
4567:             1             16  com.aerospike.vector.index.NodeBatchIndexMergeComplete$1
4568:             1             16  com.aerospike.vector.index.NodeCacheStatus$1
4569:             1             16  com.aerospike.vector.index.PutProxyRequest$1
4570:             1             16  com.aerospike.vector.index.PutProxyResponse$1
4571:             1             16  com.aerospike.vector.index.QueueSize$Companion
4572:             1             16  com.aerospike.vector.index.ReindexEnqueuer$$FastClassByGuice$$5aed877
4573:             1             16  com.aerospike.vector.index.ReindexEnqueuer$Companion
4574:             1             16  com.aerospike.vector.index.RequestPerformanceMetrics$1
4575:             1             16  com.aerospike.vector.index.StandaloneIndexBuildAbortRequest$1
4576:             1             16  com.aerospike.vector.index.StandaloneIndexBuildAbortResponse$1
4577:             1             16  com.aerospike.vector.index.StandaloneIndexBuildCompletedRequest$1
4578:             1             16  com.aerospike.vector.index.StandaloneIndexBuildCompletedResponse$1
4579:             1             16  com.aerospike.vector.index.StandaloneIndexBuildStartRequest$1
4580:             1             16  com.aerospike.vector.index.StandaloneIndexBuildStartResponse$1
4581:             1             16  com.aerospike.vector.index.StandaloneIndexCoordinator$$FastClassByGuice$$3167f7b
4582:             1             16  com.aerospike.vector.index.StandaloneIndexCoordinator$$Lambda/0x000079d52c559250
4583:             1             16  com.aerospike.vector.index.StandaloneIndexCoordinator$Companion
4584:             1             16  com.aerospike.vector.index.StandaloneIndexMetricsRequest$1
4585:             1             16  com.aerospike.vector.index.StandaloneIndexWorker$$FastClassByGuice$$294ddec
4586:             1             16  com.aerospike.vector.index.StandaloneIndexWorker$$Lambda/0x000079d52c558d88
4587:             1             16  com.aerospike.vector.index.StandaloneIndexWorker$Companion
4588:             1             16  com.aerospike.vector.index.TransactServiceInternalGrpc$TransactServiceInternalFileDescriptorSupplier
4589:             1             16  com.aerospike.vector.index.VectorSearchProxyRequest$1
4590:             1             16  com.aerospike.vector.index.VectorSearchProxyResponse$1
4591:             1             16  com.aerospike.vector.index.cache.IndexCacheCoordinator$$FastClassByGuice$$22ec3d6
4592:             1             16  com.aerospike.vector.index.cache.IndexCacheCoordinator$$Lambda/0x000079d52c55f0c0
4593:             1             16  com.aerospike.vector.index.cache.IndexCacheCoordinator$Companion
4594:             1             16  com.aerospike.vector.index.cache.LoadBalancedCacheFriendlyNodeSelector$$Lambda/0x000079d52c55b3f0
4595:             1             16  com.aerospike.vector.index.cache.LoadBalancedCacheFriendlyNodeSelector$Companion
4596:             1             16  com.aerospike.vector.index.config.CacheConfig$Companion
4597:             1             16  com.aerospike.vector.index.config.HealerConfig$Companion
4598:             1             16  com.aerospike.vector.index.healer.coordinator.IndexHealerCoordinator$$FastClassByGuice$$2e54da9
4599:             1             16  com.aerospike.vector.index.healer.coordinator.IndexHealerCoordinator$$Lambda/0x000079d52c567d90
4600:             1             16  com.aerospike.vector.index.healer.coordinator.IndexHealerCoordinator$Companion
4601:             1             16  com.aerospike.vector.index.healer.coordinator.job.IndexHealerCoordinatorJob$$FastClassByGuice$$52cc989
4602:             1             16  com.aerospike.vector.index.healer.worker.CurrentBatchIds$$FastClassByGuice$$547ddfc
4603:             1             16  com.aerospike.vector.index.healer.worker.IndexHealerWorker$$FastClassByGuice$$2f2ff5b
4604:             1             16  com.aerospike.vector.index.healer.worker.IndexHealerWorker$$Lambda/0x000079d52c5652b8
4605:             1             16  com.aerospike.vector.index.healer.worker.IndexHealerWorker$$Lambda/0x000079d52c8186a8
4606:             1             16  com.aerospike.vector.index.healer.worker.IndexHealerWorker$Companion
4607:             1             16  com.aerospike.vector.index.healer.worker.VectorRecordScanProcessor$$FastClassByGuice$$55b5818
4608:             1             16  com.aerospike.vector.index.healer.worker.VertexRecordScanProcessor$$FastClassByGuice$$53c4830
4609:             1             16  com.aerospike.vector.index.healer.worker.job.IndexHealerWorkerAckJob$$FastClassByGuice$$57b5f30
4610:             1             16  com.aerospike.vector.index.healer.worker.job.IndexHealerWorkerCycleFinalizationJob$$FastClassByGuice$$5612db2
4611:             1             16  com.aerospike.vector.index.healer.worker.job.IndexHealerWorkerJob$$FastClassByGuice$$515833f
4612:             1             16  com.aerospike.vector.index.healer.worker.job.IndexHealerWorkerMarkerJob$$FastClassByGuice$$588cede
4613:             1             16  com.aerospike.vector.index.healer.worker.job.IndexHealerWorkerScanJobs$$FastClassByGuice$$5903788
4614:             1             16  com.aerospike.vector.index.hnsw.GraphVertex$Companion
4615:             1             16  com.aerospike.vector.index.hnsw.GraphVertexStorageAdaptor$$FastClassByGuice$$2323dbf
4616:             1             16  com.aerospike.vector.index.hnsw.GraphVertexStorageAdaptor$Companion
4617:             1             16  com.aerospike.vector.index.hnsw.Hnsw$$Lambda/0x000079d52c8c6710
4618:             1             16  com.aerospike.vector.index.hnsw.Hnsw$$Lambda/0x000079d52c8c6bb0
4619:             1             16  com.aerospike.vector.index.hnsw.Hnsw$Companion
4620:             1             16  com.aerospike.vector.index.hnsw.store.CachedHnswGraphStore$$FastClassByGuice$$4fed2a0
4621:             1             16  com.aerospike.vector.index.hnsw.store.CachedHnswGraphStore$$Lambda/0x000079d52c8b8238
4622:             1             16  com.aerospike.vector.index.hnsw.store.CachedHnswGraphStore$Companion
4623:             1             16  com.aerospike.vector.index.hnsw.store.InMemoryGraphStore$$FastClassByGuice$$4d2c8cc
4624:             1             16  com.aerospike.vector.index.hnsw.store.MemMapGraphStore$$FastClassByGuice$$50bf0e0
4625:             1             16  com.aerospike.vector.index.hnsw.store.PersistentHnswGraphStore$$FastClassByGuice$$4ee422c
4626:             1             16  com.aerospike.vector.index.hnsw.store.PersistentHnswGraphStore$$Lambda/0x000079d52c8b7de8
4627:             1             16  com.aerospike.vector.index.hnsw.store.PersistentHnswGraphStore$Companion
4628:             1             16  com.aerospike.vector.index.inject.IndexGuiceModule$$FastClassByGuice$$4cafec
4629:             1             16  com.aerospike.vector.index.inject.IndexGuiceModule$$Lambda/0x000079d52c3bbb70
4630:             1             16  com.aerospike.vector.index.inject.IndexGuiceModule$Companion
4631:             1             16  com.aerospike.vector.index.merge.BatchJobLauncher$$FastClassByGuice$$49b309b
4632:             1             16  com.aerospike.vector.index.merge.coordinator.CoordinatorBatchCleanJob$$FastClassByGuice$$4bf96ab
4633:             1             16  com.aerospike.vector.index.merge.coordinator.CoordinatorBatchCopyJob$$FastClassByGuice$$4818696
4634:             1             16  com.aerospike.vector.index.merge.coordinator.CoordinatorBatchMergeJob$$FastClassByGuice$$4a22551
4635:             1             16  com.aerospike.vector.index.merge.coordinator.IndexMergeCoordinator$$FastClassByGuice$$2b290b9
4636:             1             16  com.aerospike.vector.index.merge.coordinator.IndexMergeCoordinator$$Lambda/0x000079d52c55fcb8
4637:             1             16  com.aerospike.vector.index.merge.coordinator.IndexMergeCoordinator$Companion
4638:             1             16  com.aerospike.vector.index.merge.worker.IndexMergeWorker$$FastClassByGuice$$2cabf25
4639:             1             16  com.aerospike.vector.index.merge.worker.IndexMergeWorker$$Lambda/0x000079d52c563ad8
4640:             1             16  com.aerospike.vector.index.merge.worker.IndexMergeWorker$$Lambda/0x000079d52c567520
4641:             1             16  com.aerospike.vector.index.merge.worker.IndexMergeWorker$Companion
4642:             1             16  com.aerospike.vector.index.merge.worker.WorkerBatchMergeJob$$FastClassByGuice$$4c64bee
4643:             1             16  com.aerospike.vector.index.metrics.CacheMetricRefresher$$FastClassByGuice$$3061834
4644:             1             16  com.aerospike.vector.index.metrics.CacheMetricRefresher$$Lambda/0x000079d52c565998
4645:             1             16  com.aerospike.vector.index.metrics.CacheMetricRefresher$Companion
4646:             1             16  com.aerospike.vector.index.metrics.CacheMetrics$$Lambda/0x000079d52c8bb510
4647:             1             16  com.aerospike.vector.index.metrics.ClusterIndexMetricsCollector$$FastClassByGuice$$3606fee
4648:             1             16  com.aerospike.vector.index.metrics.IndexMetricsTracker$$FastClassByGuice$$21cb0dc
4649:             1             16  com.aerospike.vector.index.metrics.IndexMetricsTracker$$Lambda/0x000079d52c5584b8
4650:             1             16  com.aerospike.vector.index.metrics.IndexMetricsTracker$Companion
4651:             1             16  com.aerospike.vector.index.metrics.IndexMetricsTracker$refreshClusterMetricsFlow$1$$Lambda/0x000079d52c81a6b8
4652:             1             16  com.aerospike.vector.index.metrics.NodeFitnessCalculator
4653:             1             16  com.aerospike.vector.index.metrics.NodeFitnessCalculator$$Lambda/0x000079d52c5588c0
4654:             1             16  com.aerospike.vector.index.metrics.NodeFitnessCalculator$$Lambda/0x000079d52c8cc080
4655:             1             16  com.aerospike.vector.index.metrics.NodeFitnessCalculator$$Lambda/0x000079d52c8cc6c0
4656:             1             16  com.aerospike.vector.index.metrics.NodeFitnessCalculator$$Lambda/0x000079d52c8ccb08
4657:             1             16  com.aerospike.vector.index.metrics.NodeFitnessCalculator$$Lambda/0x000079d52c8ccf50
4658:             1             16  com.aerospike.vector.index.metrics.NodeFitnessCalculator$$Lambda/0x000079d52c8cd398
4659:             1             16  com.aerospike.vector.index.metrics.NodeFitnessCalculator$$Lambda/0x000079d52c8cd7e0
4660:             1             16  com.aerospike.vector.index.metrics.NodeFitnessCalculator$$Lambda/0x000079d52c8cde20
4661:             1             16  com.aerospike.vector.index.metrics.NodeFitnessCalculator$$Lambda/0x000079d52c8ce268
4662:             1             16  com.aerospike.vector.index.metrics.NodeFitnessCalculator$Companion
4663:             1             16  com.aerospike.vector.index.metrics.PerIndexMetrics$$Lambda/0x000079d52c89e430
4664:             1             16  com.aerospike.vector.index.metrics.PerIndexMetrics$$Lambda/0x000079d52c8a5c78
4665:             1             16  com.aerospike.vector.index.metrics.PerIndexMetrics$$Lambda/0x000079d52c8a8bd0
4666:             1             16  com.aerospike.vector.index.metrics.PerIndexMetrics$$Lambda/0x000079d52c8a8de0
4667:             1             16  com.aerospike.vector.index.metrics.PerIndexMetrics$$Lambda/0x000079d52c8ae580
4668:             1             16  com.aerospike.vector.index.metrics.PerIndexMetrics$$Lambda/0x000079d52c8ae790
4669:             1             16  com.aerospike.vector.index.metrics.PerIndexMetrics$$Lambda/0x000079d52c8afd60
4670:             1             16  com.aerospike.vector.index.metrics.PerIndexMetrics$$Lambda/0x000079d52c8b05d8
4671:             1             16  com.aerospike.vector.index.metrics.PerIndexMetrics$Companion
4672:             1             16  com.aerospike.vector.index.metrics.PerIndexMetrics$Companion$$Lambda/0x000079d52c8b1558
4673:             1             16  com.aerospike.vector.index.metrics.UpdateCacheSize
4674:             1             16  com.aerospike.vector.index.scan.Scanner$$FastClassByGuice$$5bccb34
4675:             1             16  com.aerospike.vector.inject.VectorDbGuiceModule$$Lambda/0x000079d52c4ad488
4676:             1             16  com.aerospike.vector.inject.VectorDbGuiceModule$Companion
4677:             1             16  com.aerospike.vector.interconnect.BearerTokenCallCredentials$Companion
4678:             1             16  com.aerospike.vector.interconnect.BlockingInterconnectListener$$Lambda/0x000079d52c85d288
4679:             1             16  com.aerospike.vector.interconnect.InterconnectChannelProvider$$FastClassByGuice$$e123e4
4680:             1             16  com.aerospike.vector.interconnect.InterconnectChannelProvider$$Lambda/0x000079d52c4cac20
4681:             1             16  com.aerospike.vector.interconnect.InterconnectChannelProvider$Companion
4682:             1             16  com.aerospike.vector.interconnect.InterconnectChannelProvider$MultiAddressNameResolverFactory$$Lambda/0x000079d52c4d6628
4683:             1             16  com.aerospike.vector.interconnect.InterconnectChannelProvider$createChannelsAsync$1$$Lambda/0x000079d52c4d2df0
4684:             1             16  com.aerospike.vector.interconnect.InterconnectChannelProvider$createChannelsAsync$1$$Lambda/0x000079d52c4d3238
4685:             1             16  com.aerospike.vector.interconnect.InterconnectDirectory$$FastClassByGuice$$bbe9f6
4686:             1             16  com.aerospike.vector.interconnect.InterconnectDirectory$$Lambda/0x000079d52c4ad698
4687:             1             16  com.aerospike.vector.interconnect.InterconnectDirectory$Companion
4688:             1             16  com.aerospike.vector.interconnect.InterconnectService$$FastClassByGuice$$f8e5b6
4689:             1             16  com.aerospike.vector.interconnect.InterconnectService$$Lambda/0x000079d52c4d2be0
4690:             1             16  com.aerospike.vector.interconnect.InterconnectService$Companion
4691:             1             16  com.aerospike.vector.metrics.VectorMetrics$$FastClassByGuice$$668c0d9
4692:             1             16  com.aerospike.vector.metrics.VectorMetrics$Companion
4693:             1             16  com.aerospike.vector.metrics.manage.service.IndexWebService$$FastClassByGuice$$77b2d6a
4694:             1             16  com.aerospike.vector.network.NetworkUtil
4695:             1             16  com.aerospike.vector.network.NetworkUtil$$Lambda/0x000079d52c4ad060
4696:             1             16  com.aerospike.vector.node.NodeId$Companion
4697:             1             16  com.aerospike.vector.partitions.PartitionAssigner
4698:             1             16  com.aerospike.vector.partitions.PartitionAssigner$$FastClassByGuice$$8b52bc
4699:             1             16  com.aerospike.vector.partitions.PartitionAssigner$Companion
4700:             1             16  com.aerospike.vector.partitions.PartitionService$$FastClassByGuice$$902280
4701:             1             16  com.aerospike.vector.partitions.PartitionService$$Lambda/0x000079d52c4acc58
4702:             1             16  com.aerospike.vector.partitions.PartitionService$Companion
4703:             1             16  com.aerospike.vector.security.inject.GrpcSecurityGuiceModule$Companion
4704:             1             16  com.aerospike.vector.serde.SerdeModuleRegistry
4705:             1             16  com.aerospike.vector.server.grpc.GrpcInterconnectServer$$Lambda/0x000079d52c5f93f8
4706:             1             16  com.aerospike.vector.server.grpc.GrpcInterconnectServer$Companion
4707:             1             16  com.aerospike.vector.server.grpc.GrpcNettySslContextFactory$$FastClassByGuice$$6506f64
4708:             1             16  com.aerospike.vector.server.grpc.GrpcNettySslContextFactory$$Lambda/0x000079d52c5ae088
4709:             1             16  com.aerospike.vector.server.grpc.GrpcNettySslContextFactory$Companion
4710:             1             16  com.aerospike.vector.server.grpc.GrpcVectorDbServer$$Lambda/0x000079d52c5cdfa0
4711:             1             16  com.aerospike.vector.server.grpc.GrpcVectorDbServer$Companion
4712:             1             16  com.aerospike.vector.server.grpc.StaticGrpcNettySslContextFactory$$Lambda/0x000079d52c5ae490
4713:             1             16  com.aerospike.vector.server.grpc.StaticGrpcNettySslContextFactory$Companion
4714:             1             16  com.aerospike.vector.server.grpc.server.interceptor.Constants
4715:             1             16  com.aerospike.vector.server.grpc.server.interceptor.InsecureAuthorizationServerInterceptor
4716:             1             16  com.aerospike.vector.server.grpc.server.interceptor.InsecureAuthorizationServerInterceptor$$FastClassByGuice$$34372b7
4717:             1             16  com.aerospike.vector.server.grpc.server.interceptor.InterconnectAuthorizationServerInterceptor$$FastClassByGuice$$712b18a
4718:             1             16  com.aerospike.vector.server.grpc.server.interceptor.InterconnectAuthorizationServerInterceptor$Companion
4719:             1             16  com.aerospike.vector.server.grpc.service.GrpcAboutService$$FastClassByGuice$$60626f2
4720:             1             16  com.aerospike.vector.server.grpc.service.GrpcAuthService$$FastClassByGuice$$5ed65f5
4721:             1             16  com.aerospike.vector.server.grpc.service.GrpcAuthService$Companion
4722:             1             16  com.aerospike.vector.server.grpc.service.GrpcClusterInfoService$$FastClassByGuice$$64fbbef
4723:             1             16  com.aerospike.vector.server.grpc.service.GrpcIndexService$$FastClassByGuice$$617afde
4724:             1             16  com.aerospike.vector.server.grpc.service.GrpcUserAdminService$$FastClassByGuice$$5fca460
4725:             1             16  com.aerospike.vector.server.grpc.service.internal.GrpcCacheServiceInternal$$FastClassByGuice$$705dfec
4726:             1             16  com.aerospike.vector.server.grpc.service.internal.GrpcClusterService$$FastClassByGuice$$6acf881
4727:             1             16  com.aerospike.vector.server.grpc.service.internal.GrpcExchangeService$$FastClassByGuice$$6d01dd8
4728:             1             16  com.aerospike.vector.server.grpc.service.internal.GrpcHeartbeatService$$FastClassByGuice$$695b923
4729:             1             16  com.aerospike.vector.server.grpc.service.internal.GrpcIndexServiceInternal$$FastClassByGuice$$6e4ac83
4730:             1             16  com.aerospike.vector.server.grpc.service.internal.GrpcTransactServiceInternal$$Lambda/0x000079d52c86dd10
4731:             1             16  com.aerospike.vector.server.grpc.service.internal.ServiceScopeLauncher$$FastClassByGuice$$68b3be1
4732:             1             16  com.aerospike.vector.server.security.AuthTokenManager$$FastClassByGuice$$5db9048
4733:             1             16  com.aerospike.vector.storage.AerospikeStorageFactory$$FastClassByGuice$$45c068b
4734:             1             16  com.aerospike.vector.storage.AerospikeStorageKvs$$FastClassByGuice$$3f7f97e
4735:             1             16  com.aerospike.vector.storage.AerospikeStorageKvs$Companion
4736:             1             16  com.aerospike.vector.storage.AerospikeStorageRecordGrpcConverter
4737:             1             16  com.aerospike.vector.storage.AerospikeStorageRecordGrpcConverter$$FastClassByGuice$$416b881
4738:             1             16  com.aerospike.vector.storage.AerospikeStorageRecordIdLocalizer
4739:             1             16  com.aerospike.vector.storage.AerospikeStorageRecordIdLocalizer$$FastClassByGuice$$42bd064
4740:             1             16  com.aerospike.vector.storage.AerospikeStorageRecordIdSerde
4741:             1             16  com.aerospike.vector.storage.AerospikeStorageRecordIdSerde$$FastClassByGuice$$405ca05
4742:             1             16  com.aerospike.vector.storage.AsyncRecordListener$$Lambda/0x000079d52c509a18
4743:             1             16  com.aerospike.vector.storage.AsyncRecordListener$Companion
4744:             1             16  com.aerospike.vector.storage.StorageOptions$Companion
4745:             1             16  com.aerospike.vector.storage.StorageType$Companion
4746:             1             16  com.aerospike.vector.storage.cluster.AerospikeClusterMetaStore$$FastClassByGuice$$3d306d3
4747:             1             16  com.aerospike.vector.storage.cluster.AerospikeClusterMetaStore$Companion
4748:             1             16  com.aerospike.vector.storage.cluster.AerospikeClusterMetaStore$getHlcClockGeneric$2$$Lambda/0x000079d52c7af2d0
4749:             1             16  com.aerospike.vector.storage.index.AerospikeIndexMetaStore$$FastClassByGuice$$3e5e813
4750:             1             16  com.aerospike.vector.storage.index.AerospikeIndexMetaStore$Companion
4751:             1             16  com.aerospike.vector.storage.index.AerospikeIndexMetaStore$getIndexLogGeneric$2$$Lambda/0x000079d52c509c28
4752:             1             16  com.aerospike.vector.storage.index.AerospikeStorageIndexCleaner$$FastClassByGuice$$43eab3e
4753:             1             16  com.aerospike.vector.storage.index.AerospikeStorageIndexCleaner$$Lambda/0x000079d52c503660
4754:             1             16  com.aerospike.vector.storage.index.AerospikeStorageIndexCleaner$Companion
4755:             1             16  com.aerospike.vector.storage.index.AerospikeStorageVerticesCleaner$$FastClassByGuice$$440cefe
4756:             1             16  com.aerospike.vector.storage.index.AerospikeStorageVerticesCleaner$$Lambda/0x000079d52c503cb8
4757:             1             16  com.aerospike.vector.storage.index.AerospikeStorageVerticesCleaner$Companion
4758:             1             16  com.aerospike.vector.storage.inject.AerospikeStorageGuiceModule$$FastClassByGuice$$5fcfe9
4759:             1             16  com.aerospike.vector.storage.inject.AerospikeStorageGuiceModule$Companion
4760:             1             16  com.aerospike.vector.transact.KvsTransactService$$FastClassByGuice$$3253c34
4761:             1             16  com.aerospike.vector.transact.KvsTransactService$$Lambda/0x000079d52c564a00
4762:             1             16  com.aerospike.vector.transact.KvsTransactService$Companion
4763:             1             16  com.aerospike.vector.transact.inject.TransactGuiceModule$Companion
4764:             1             16  com.aerospike.vector.transact.metrics.TransactionMetrics$$FastClassByGuice$$6287e20
4765:             1             16  com.aerospike.vector.transact.metrics.TransactionMetrics$Companion
4766:             1             16  com.codahale.metrics.Clock$UserTimeClock
4767:             1             16  com.codahale.metrics.MetricFilter$$Lambda/0x000079d52c4d6e70
4768:             1             16  com.codahale.metrics.WeightedSnapshot$$Lambda/0x000079d52c8b4118
4769:             1             16  com.cronutils.model.field.definition.FieldDefinition$$Lambda/0x000079d52c320828
4770:             1             16  com.cronutils.model.field.expression.Always
4771:             1             16  com.cronutils.model.field.expression.QuestionMark
4772:             1             16  com.cronutils.model.time.SingleExecutionTime$$Lambda/0x000079d52c326f78
4773:             1             16  com.cronutils.model.time.SingleExecutionTime$$Lambda/0x000079d52c3273b0
4774:             1             16  com.cronutils.parser.CronParser$$Lambda/0x000079d52c322c10
4775:             1             16  com.cronutils.parser.CronParserField$$Lambda/0x000079d52c3214d8
4776:             1             16  com.fasterxml.jackson.core.StreamWriteConstraints
4777:             1             16  com.fasterxml.jackson.core.io.JsonStringEncoder
4778:             1             16  com.fasterxml.jackson.core.util.DefaultPrettyPrinter$FixedSpaceIndenter
4779:             1             16  com.fasterxml.jackson.core.util.DefaultPrettyPrinter$NopIndenter
4780:             1             16  com.fasterxml.jackson.core.util.JsonRecyclerPools$ThreadLocalPool
4781:             1             16  com.fasterxml.jackson.databind.deser.std.StdKeyDeserializers
4782:             1             16  com.fasterxml.jackson.databind.introspect.AnnotationCollector$NoAnnotations
4783:             1             16  com.fasterxml.jackson.databind.introspect.NopAnnotationIntrospector$1
4784:             1             16  com.fasterxml.jackson.databind.jsontype.impl.LaissezFaireSubTypeValidator
4785:             1             16  com.fasterxml.jackson.databind.node.JsonNodeFactory
4786:             1             16  com.fasterxml.jackson.dataformat.yaml.util.StringQuotingChecker$Default
4787:             1             16  com.fasterxml.jackson.module.kotlin.BucketGenerator$Companion
4788:             1             16  com.fasterxml.jackson.module.kotlin.InternalCommonsKt$defaultConstructorMarker$2
4789:             1             16  com.fasterxml.jackson.module.kotlin.KotlinAnnotationIntrospector$Companion
4790:             1             16  com.fasterxml.jackson.module.kotlin.KotlinAnnotationIntrospector$Companion$UNIT_TYPE$2
4791:             1             16  com.fasterxml.jackson.module.kotlin.KotlinFeature$Companion
4792:             1             16  com.fasterxml.jackson.module.kotlin.KotlinKeyDeserializers
4793:             1             16  com.fasterxml.jackson.module.kotlin.KotlinModule$Builder$Companion
4794:             1             16  com.fasterxml.jackson.module.kotlin.KotlinModule$Companion
4795:             1             16  com.fasterxml.jackson.module.kotlin.ReflectionCache$BooleanTriState$Companion
4796:             1             16  com.fasterxml.jackson.module.kotlin.ReflectionCache$Companion
4797:             1             16  com.github.benmanes.caffeine.cache.BoundedLocalCache$$Lambda/0x000079d52c4bf350
4798:             1             16  com.github.benmanes.caffeine.cache.Caffeine$$Lambda/0x000079d52c4b5df8
4799:             1             16  com.github.benmanes.caffeine.cache.LocalCacheFactory$$Lambda/0x000079d52c4b7780
4800:             1             16  com.github.benmanes.caffeine.cache.NodeFactory$$Lambda/0x000079d52c4be000
4801:             1             16  com.github.benmanes.caffeine.cache.NodeFactory$DeadStrongKey
4802:             1             16  com.github.benmanes.caffeine.cache.NodeFactory$RetiredStrongKey
4803:             1             16  com.github.benmanes.caffeine.cache.SS$$Lambda/0x000079d52c4ba1b8
4804:             1             16  com.github.benmanes.caffeine.cache.SSL$$Lambda/0x000079d52c4ccf40
4805:             1             16  com.github.benmanes.caffeine.cache.SSLA$$Lambda/0x000079d52c4cd348
4806:             1             16  com.github.benmanes.caffeine.cache.SSS$$Lambda/0x000079d52c8ba878
4807:             1             16  com.github.benmanes.caffeine.cache.SSSMS$$Lambda/0x000079d52c8baa88
4808:             1             16  com.github.benmanes.caffeine.cache.SSSMSA$$Lambda/0x000079d52c8bac98
4809:             1             16  com.github.benmanes.caffeine.cache.SSW$$Lambda/0x000079d52c4ba3c8
4810:             1             16  com.google.common.base.CharMatcher$Is
4811:             1             16  com.google.common.base.Equivalence$Equals
4812:             1             16  com.google.common.base.Equivalence$Identity
4813:             1             16  com.google.common.base.Platform$JdkPatternCompiler
4814:             1             16  com.google.common.base.Ticker$1
4815:             1             16  com.google.common.cache.CacheBuilder$1
4816:             1             16  com.google.common.cache.CacheBuilder$2
4817:             1             16  com.google.common.cache.CacheBuilder$3
4818:             1             16  com.google.common.cache.LocalCache$1
4819:             1             16  com.google.common.cache.LocalCache$2
4820:             1             16  com.google.common.collect.MapMakerInternalMap$1
4821:             1             16  com.google.common.collect.MapMakerInternalMap$WeakKeyStrongValueEntry$Helper
4822:             1             16  com.google.common.util.concurrent.AbstractFuture$UnsafeAtomicHelper
4823:             1             16  com.google.inject.Scopes$1
4824:             1             16  com.google.inject.Scopes$2
4825:             1             16  com.google.inject.assistedinject.FactoryProvider2$$FastClassByGuice$$46e3594
4826:             1             16  com.google.inject.assistedinject.FactoryProvider2$1
4827:             1             16  com.google.inject.internal.Annotations$1
4828:             1             16  com.google.inject.internal.Annotations$AnnotationToStringConfig
4829:             1             16  com.google.inject.internal.BytecodeGen$$Lambda/0x000079d52c0f39f0
4830:             1             16  com.google.inject.internal.ChildBindingAlreadySetError$$Lambda/0x000079d52c41b948
4831:             1             16  com.google.inject.internal.ConstructorInjectorStore$$Lambda/0x000079d52c10e8a0
4832:             1             16  com.google.inject.internal.DeclaredMembers$$Lambda/0x000079d52c0d9470
4833:             1             16  com.google.inject.internal.DeclaredMembers$$Lambda/0x000079d52c0d96a0
4834:             1             16  com.google.inject.internal.DeclaredMembers$$Lambda/0x000079d52c0d98d0
4835:             1             16  com.google.inject.internal.DeclaredMembers$$Lambda/0x000079d52c0d9b00
4836:             1             16  com.google.inject.internal.DeclaredMembers$$Lambda/0x000079d52c0d9d30
4837:             1             16  com.google.inject.internal.DeclaredMembers$$Lambda/0x000079d52c0dbd70
4838:             1             16  com.google.inject.internal.DeclaredMembers$$Lambda/0x000079d52c0fcb30
4839:             1             16  com.google.inject.internal.DeclaredMembers$$Lambda/0x000079d52c0fcd60
4840:             1             16  com.google.inject.internal.DeclaredMembers$$Lambda/0x000079d52c0fcf90
4841:             1             16  com.google.inject.internal.DeclaredMembers$$Lambda/0x000079d52c0fd1c0
4842:             1             16  com.google.inject.internal.GuiceInternal
4843:             1             16  com.google.inject.internal.KotlinSupport$KotlinUnsupported
4844:             1             16  com.google.inject.internal.KotlinSupport$KotlinUnsupported$$Lambda/0x000079d52c0e6268
4845:             1             16  com.google.inject.internal.ProvidesMethodScanner
4846:             1             16  com.google.inject.internal.Scoping$1
4847:             1             16  com.google.inject.internal.Scoping$2
4848:             1             16  com.google.inject.internal.Scoping$3
4849:             1             16  com.google.inject.internal.Scoping$4
4850:             1             16  com.google.inject.internal.Scoping$5
4851:             1             16  com.google.inject.internal.SingletonScope
4852:             1             16  com.google.inject.internal.TypeConverterBindingProcessor$1
4853:             1             16  com.google.inject.internal.TypeConverterBindingProcessor$2
4854:             1             16  com.google.inject.internal.TypeConverterBindingProcessor$3
4855:             1             16  com.google.inject.internal.TypeConverterBindingProcessor$4
4856:             1             16  com.google.inject.internal.UniqueAnnotations$1
4857:             1             16  com.google.inject.internal.WeakKeySet$$Lambda/0x000079d52c415d48
4858:             1             16  com.google.inject.internal.aop.AbstractGlueGenerator$$Lambda/0x000079d52c112bf8
4859:             1             16  com.google.inject.internal.aop.HiddenClassDefiner
4860:             1             16  com.google.inject.internal.aop.UnsafeClassDefiner
4861:             1             16  com.google.inject.internal.aop.UnsafeClassDefiner$$Lambda/0x000079d52c0f6a00
4862:             1             16  com.google.inject.internal.aop.UnsafeClassDefiner$$Lambda/0x000079d52c0f7018
4863:             1             16  com.google.inject.internal.aop.UnsafeClassDefiner$ClassLoaderDefineClassHolder$$Lambda/0x000079d52c113620
4864:             1             16  com.google.inject.internal.util.NewThrowableFinder
4865:             1             16  com.google.inject.internal.util.StackTraceElements$1
4866:             1             16  com.google.inject.matcher.Matchers$Any
4867:             1             16  com.google.inject.spi.BindingSourceRestriction$$Lambda/0x000079d52c0d1678
4868:             1             16  com.google.inject.spi.BindingSourceRestriction$$Lambda/0x000079d52c0d18a8
4869:             1             16  com.google.inject.spi.BindingSourceRestriction$$Lambda/0x000079d52c0ff860
4870:             1             16  com.google.inject.spi.Elements$1
4871:             1             16  com.google.inject.spi.InjectionPoint$$Lambda/0x000079d52c10b088
4872:             1             16  com.google.inject.spi.InjectionPoint$$Lambda/0x000079d52c10b2c8
4873:             1             16  com.google.inject.spi.InjectionPoint$$Lambda/0x000079d52c10b508
4874:             1             16  com.google.inject.util.Modules$EmptyModule
4875:             1             16  com.google.protobuf.ByteString$2
4876:             1             16  com.google.protobuf.ByteString$ArraysByteArrayCopier
4877:             1             16  com.google.protobuf.DescriptorProtos$DescriptorProto$1
4878:             1             16  com.google.protobuf.DescriptorProtos$EnumDescriptorProto$1
4879:             1             16  com.google.protobuf.DescriptorProtos$EnumValueDescriptorProto$1
4880:             1             16  com.google.protobuf.DescriptorProtos$EnumValueOptions$1
4881:             1             16  com.google.protobuf.DescriptorProtos$FieldDescriptorProto$1
4882:             1             16  com.google.protobuf.DescriptorProtos$FieldDescriptorProto$Label$1
4883:             1             16  com.google.protobuf.DescriptorProtos$FieldDescriptorProto$Type$1
4884:             1             16  com.google.protobuf.DescriptorProtos$FieldOptions$1
4885:             1             16  com.google.protobuf.DescriptorProtos$FieldOptions$2
4886:             1             16  com.google.protobuf.DescriptorProtos$FileDescriptorProto$1
4887:             1             16  com.google.protobuf.DescriptorProtos$FileOptions$1
4888:             1             16  com.google.protobuf.DescriptorProtos$MessageOptions$1
4889:             1             16  com.google.protobuf.DescriptorProtos$MethodDescriptorProto$1
4890:             1             16  com.google.protobuf.DescriptorProtos$MethodOptions$1
4891:             1             16  com.google.protobuf.DescriptorProtos$OneofDescriptorProto$1
4892:             1             16  com.google.protobuf.DescriptorProtos$ServiceDescriptorProto$1
4893:             1             16  com.google.protobuf.Descriptors$EnumValueDescriptor$1
4894:             1             16  com.google.protobuf.Descriptors$EnumValueDescriptor$2
4895:             1             16  com.google.protobuf.Descriptors$FieldDescriptor$1
4896:             1             16  com.google.protobuf.Empty$1
4897:             1             16  com.google.protobuf.SmallSortedMap$EmptySet$1
4898:             1             16  com.google.protobuf.SmallSortedMap$EmptySet$2
4899:             1             16  com.google.protobuf.UnknownFieldSet$Parser
4900:             1             16  com.google.protobuf.Utf8$UnsafeProcessor
4901:             1             16  com.sun.jmx.interceptor.DefaultMBeanServerInterceptor$ResourceContext$1 (java.management@21.0.6)
4902:             1             16  com.sun.jmx.mbeanserver.DefaultMXBeanMappingFactory (java.management@21.0.6)
4903:             1             16  com.sun.jmx.mbeanserver.MBeanAnalyzer$MethodOrder (java.management@21.0.6)
4904:             1             16  com.sun.management.internal.HotSpotDiagnostic (jdk.management@21.0.6)
4905:             1             16  com.sun.management.internal.PlatformMBeanProviderImpl$$Lambda/0x000079d52c2e6520 (jdk.management@21.0.6)
4906:             1             16  io.grpc.ClientInterceptors$2
4907:             1             16  io.grpc.Codec$Identity
4908:             1             16  io.grpc.Deadline$SystemTicker
4909:             1             16  io.grpc.LoadBalancer$1
4910:             1             16  io.grpc.LoadBalancerProvider$UnknownConfig
4911:             1             16  io.grpc.Metadata$1
4912:             1             16  io.grpc.Metadata$2
4913:             1             16  io.grpc.Status$StatusCodeMarshaller
4914:             1             16  io.grpc.Status$StatusMessageMarshaller
4915:             1             16  io.grpc.ThreadLocalContextStorage
4916:             1             16  io.grpc.internal.CallTracer$1
4917:             1             16  io.grpc.internal.CompositeReadableBuffer$1
4918:             1             16  io.grpc.internal.CompositeReadableBuffer$2
4919:             1             16  io.grpc.internal.CompositeReadableBuffer$3
4920:             1             16  io.grpc.internal.CompositeReadableBuffer$4
4921:             1             16  io.grpc.internal.CompositeReadableBuffer$5
4922:             1             16  io.grpc.internal.DelayedClientCall$8
4923:             1             16  io.grpc.internal.DnsNameResolverProvider
4924:             1             16  io.grpc.internal.GrpcUtil$1
4925:             1             16  io.grpc.internal.GrpcUtil$2
4926:             1             16  io.grpc.internal.GrpcUtil$3
4927:             1             16  io.grpc.internal.GrpcUtil$4
4928:             1             16  io.grpc.internal.GrpcUtil$5
4929:             1             16  io.grpc.internal.GrpcUtil$TimeoutMarshaller
4930:             1             16  io.grpc.internal.Http2ClientStreamTransportState$1
4931:             1             16  io.grpc.internal.JndiResourceResolverFactory
4932:             1             16  io.grpc.internal.KeepAliveEnforcer$SystemTicker
4933:             1             16  io.grpc.internal.ManagedChannelImpl$1
4934:             1             16  io.grpc.internal.ManagedChannelImpl$2
4935:             1             16  io.grpc.internal.ManagedChannelImpl$5
4936:             1             16  io.grpc.internal.NoopClientStream
4937:             1             16  io.grpc.internal.PickFirstLoadBalancerProvider
4938:             1             16  io.grpc.internal.ProxyDetectorImpl$1
4939:             1             16  io.grpc.internal.ProxyDetectorImpl$2
4940:             1             16  io.grpc.internal.ServerImpl$NoopListener
4941:             1             16  io.grpc.internal.ServerImplBuilder$DefaultFallbackRegistry
4942:             1             16  io.grpc.internal.SharedResourceHolder$1
4943:             1             16  io.grpc.netty.NettyAdaptiveCumulator
4944:             1             16  io.grpc.netty.UdsNameResolverProvider
4945:             1             16  io.grpc.util.OutlierDetectionLoadBalancerProvider
4946:             1             16  io.grpc.util.SecretRoundRobinLoadBalancerProvider$Provider
4947:             1             16  io.netty.bootstrap.ChannelInitializerExtensions$EmptyExtensions
4948:             1             16  io.netty.buffer.AbstractReferenceCountedByteBuf$1
4949:             1             16  io.netty.buffer.ByteBufUtil$1
4950:             1             16  io.netty.buffer.ByteBufUtil$2
4951:             1             16  io.netty.buffer.CompositeByteBuf$1
4952:             1             16  io.netty.buffer.CompositeByteBuf$2
4953:             1             16  io.netty.buffer.PoolThreadCache$MemoryRegionCache$1
4954:             1             16  io.netty.buffer.PooledSlicedByteBuf$1
4955:             1             16  io.netty.buffer.PooledUnsafeDirectByteBuf$1
4956:             1             16  io.netty.channel.AbstractChannelHandlerContext$WriteTask$1
4957:             1             16  io.netty.channel.ChannelFutureListener$1
4958:             1             16  io.netty.channel.ChannelFutureListener$2
4959:             1             16  io.netty.channel.ChannelFutureListener$3
4960:             1             16  io.netty.channel.ChannelHandlerMask$1
4961:             1             16  io.netty.channel.ChannelOutboundBuffer$1
4962:             1             16  io.netty.channel.ChannelOutboundBuffer$Entry$1
4963:             1             16  io.netty.channel.DefaultChannelPipeline$1
4964:             1             16  io.netty.channel.DefaultMessageSizeEstimator$HandleImpl
4965:             1             16  io.netty.channel.DefaultSelectStrategy
4966:             1             16  io.netty.channel.DefaultSelectStrategyFactory
4967:             1             16  io.netty.handler.codec.ByteToMessageDecoder$1
4968:             1             16  io.netty.handler.codec.ByteToMessageDecoder$2
4969:             1             16  io.netty.handler.codec.CodecOutputList$1
4970:             1             16  io.netty.handler.codec.CodecOutputList$2
4971:             1             16  io.netty.handler.codec.http2.DefaultHttp2LocalFlowController$2
4972:             1             16  io.netty.handler.codec.http2.Http2ConnectionPrefaceAndSettingsFrameWrittenEvent
4973:             1             16  io.netty.handler.codec.http2.Http2HeadersEncoder$1
4974:             1             16  io.netty.handler.codec.http2.Http2HeadersEncoder$2
4975:             1             16  io.netty.handler.codec.http2.Http2PromisedRequestVerifier$1
4976:             1             16  io.netty.handler.codec.http2.WeightedFairQueueByteDistributor$StateOnlyComparator
4977:             1             16  io.netty.handler.codec.http2.WeightedFairQueueByteDistributor$StatePseudoTimeComparator
4978:             1             16  io.netty.util.AbstractReferenceCounted$1
4979:             1             16  io.netty.util.AsciiString$1
4980:             1             16  io.netty.util.AsciiString$2
4981:             1             16  io.netty.util.NettyRuntime$AvailableProcessorsHolder
4982:             1             16  io.netty.util.Recycler$1
4983:             1             16  io.netty.util.collection.IntCollections$EmptyMap
4984:             1             16  io.netty.util.concurrent.AbstractScheduledEventExecutor$1
4985:             1             16  io.netty.util.concurrent.AbstractScheduledEventExecutor$2
4986:             1             16  io.netty.util.concurrent.DefaultEventExecutorChooserFactory
4987:             1             16  io.netty.util.concurrent.FastThreadLocal
4988:             1             16  io.netty.util.concurrent.RejectedExecutionHandlers$1
4989:             1             16  io.netty.util.concurrent.SingleThreadEventExecutor$1
4990:             1             16  io.netty.util.internal.CleanerJava9
4991:             1             16  io.netty.util.internal.PlatformDependent$1
4992:             1             16  io.netty.util.internal.PlatformDependent$2
4993:             1             16  io.netty.util.internal.RecyclableArrayList$1
4994:             1             16  io.netty.util.internal.TypeParameterMatcher$1
4995:             1             16  io.perfmark.Impl
4996:             1             16  io.perfmark.TaskCloseable
4997:             1             16  io.prometheus.client.SampleNameFilter$AllowAll
4998:             1             16  io.prometheus.client.dropwizard.samplebuilder.DefaultSampleBuilder
4999:             1             16  io.undertow.predicate.AuthenticationRequiredPredicate
5000:             1             16  io.undertow.security.impl.BasicAuthenticationMechanism$Factory
5001:             1             16  io.undertow.security.impl.ClientCertAuthenticationMechanism$Factory
5002:             1             16  io.undertow.security.impl.DigestAuthenticationMechanism$Factory
5003:             1             16  io.undertow.security.impl.ExternalAuthenticationMechanism$Factory
5004:             1             16  io.undertow.security.impl.GenericHeaderAuthenticationMechanism$Factory
5005:             1             16  io.undertow.security.impl.SecurityContextFactoryImpl
5006:             1             16  io.undertow.server.handlers.HttpContinueReadHandler$1
5007:             1             16  io.undertow.server.handlers.resource.ResourceManager$1
5008:             1             16  io.undertow.servlet.core.ApplicationListeners$1
5009:             1             16  io.undertow.servlet.core.DefaultAuthorizationManager
5010:             1             16  io.undertow.servlet.core.ServletRequestContextThreadSetupAction
5011:             1             16  io.undertow.servlet.handlers.ServletDispatchingHandler
5012:             1             16  io.undertow.servlet.handlers.security.ServletFormAuthenticationMechanism$1
5013:             1             16  io.undertow.servlet.handlers.security.ServletFormAuthenticationMechanism$Factory
5014:             1             16  io.undertow.servlet.util.DefaultClassIntrospector
5015:             1             16  io.undertow.util.DateUtils$1
5016:             1             16  io.undertow.util.DateUtils$2
5017:             1             16  io.undertow.util.DateUtils$3
5018:             1             16  io.undertow.util.DateUtils$4
5019:             1             16  io.undertow.util.URLUtils$1
5020:             1             16  io.undertow.util.URLUtils$2
5021:             1             16  jakarta.xml.bind.ContextFinder$1
5022:             1             16  java.io.FileDescriptor$1 (java.base@21.0.6)
5023:             1             16  java.io.FilePermission$1 (java.base@21.0.6)
5024:             1             16  java.io.FilePermissionCollection$$Lambda/0x000079d52c057150 (java.base@21.0.6)
5025:             1             16  java.io.PrintStream$1 (java.base@21.0.6)
5026:             1             16  java.io.PrintWriter$1 (java.base@21.0.6)
5027:             1             16  java.io.RandomAccessFile$2 (java.base@21.0.6)
5028:             1             16  java.lang.ApplicationShutdownHooks$1 (java.base@21.0.6)
5029:             1             16  java.lang.CharacterData00 (java.base@21.0.6)
5030:             1             16  java.lang.CharacterDataLatin1 (java.base@21.0.6)
5031:             1             16  java.lang.Class$$Lambda/0x000079d52c07aa78 (java.base@21.0.6)
5032:             1             16  java.lang.ClassLoader$$DefineAccessByGuice$$/0x000079d52c116400 (java.base@21.0.6)
5033:             1             16  java.lang.InheritableThreadLocal (java.base@21.0.6)
5034:             1             16  java.lang.Module$$Lambda/0x000079d52c0415c8 (java.base@21.0.6)
5035:             1             16  java.lang.ProcessHandleImpl$$Lambda/0x000079d52c3fb6f8 (java.base@21.0.6)
5036:             1             16  java.lang.Runtime (java.base@21.0.6)
5037:             1             16  java.lang.String$CaseInsensitiveComparator (java.base@21.0.6)
5038:             1             16  java.lang.System$2 (java.base@21.0.6)
5039:             1             16  java.lang.System$LoggerFinder$$Lambda/0x000079d52c2f10a8 (java.base@21.0.6)
5040:             1             16  java.lang.Terminator$1 (java.base@21.0.6)
5041:             1             16  java.lang.invoke.ClassSpecializer$1 (java.base@21.0.6)
5042:             1             16  java.lang.invoke.MemberName$Factory (java.base@21.0.6)
5043:             1             16  java.lang.invoke.MethodHandleImpl$1 (java.base@21.0.6)
5044:             1             16  java.lang.management.DefaultPlatformMBeanProvider$5$$Lambda/0x000079d52c346c48 (java.management@21.0.6)
5045:             1             16  java.lang.management.ManagementFactory$$Lambda/0x000079d52c2e5710 (java.management@21.0.6)
5046:             1             16  java.lang.management.ManagementFactory$$Lambda/0x000079d52c2f73a0 (java.management@21.0.6)
5047:             1             16  java.lang.management.ManagementFactory$$Lambda/0x000079d52c2f75e0 (java.management@21.0.6)
5048:             1             16  java.lang.management.ManagementFactory$$Lambda/0x000079d52c2f7810 (java.management@21.0.6)
5049:             1             16  java.lang.module.ModuleDescriptor$1 (java.base@21.0.6)
5050:             1             16  java.lang.module.ModuleDescriptor$Builder$$Lambda/0x800000002 (java.base@21.0.6)
5051:             1             16  java.lang.ref.Cleaner$1 (java.base@21.0.6)
5052:             1             16  java.lang.ref.Reference$1 (java.base@21.0.6)
5053:             1             16  java.lang.reflect.AccessFlag$1 (java.base@21.0.6)
5054:             1             16  java.lang.reflect.AccessFlag$10 (java.base@21.0.6)
5055:             1             16  java.lang.reflect.AccessFlag$11 (java.base@21.0.6)
5056:             1             16  java.lang.reflect.AccessFlag$12 (java.base@21.0.6)
5057:             1             16  java.lang.reflect.AccessFlag$13 (java.base@21.0.6)
5058:             1             16  java.lang.reflect.AccessFlag$14 (java.base@21.0.6)
5059:             1             16  java.lang.reflect.AccessFlag$15 (java.base@21.0.6)
5060:             1             16  java.lang.reflect.AccessFlag$16 (java.base@21.0.6)
5061:             1             16  java.lang.reflect.AccessFlag$17 (java.base@21.0.6)
5062:             1             16  java.lang.reflect.AccessFlag$18 (java.base@21.0.6)
5063:             1             16  java.lang.reflect.AccessFlag$2 (java.base@21.0.6)
5064:             1             16  java.lang.reflect.AccessFlag$3 (java.base@21.0.6)
5065:             1             16  java.lang.reflect.AccessFlag$4 (java.base@21.0.6)
5066:             1             16  java.lang.reflect.AccessFlag$5 (java.base@21.0.6)
5067:             1             16  java.lang.reflect.AccessFlag$6 (java.base@21.0.6)
5068:             1             16  java.lang.reflect.AccessFlag$7 (java.base@21.0.6)
5069:             1             16  java.lang.reflect.AccessFlag$8 (java.base@21.0.6)
5070:             1             16  java.lang.reflect.AccessFlag$9 (java.base@21.0.6)
5071:             1             16  java.lang.reflect.Proxy$$Lambda/0x000079d52c068438 (java.base@21.0.6)
5072:             1             16  java.lang.reflect.Proxy$ProxyBuilder$$Lambda/0x000079d52c0696a8 (java.base@21.0.6)
5073:             1             16  java.lang.reflect.ProxyGenerator$$Lambda/0x000079d52c06a1f0 (java.base@21.0.6)
5074:             1             16  java.lang.reflect.ProxyGenerator$$Lambda/0x000079d52c06a420 (java.base@21.0.6)
5075:             1             16  java.lang.reflect.ReflectAccess (java.base@21.0.6)
5076:             1             16  java.net.InetAddress$$Lambda/0x000079d52c3dcaf0 (java.base@21.0.6)
5077:             1             16  java.net.InetAddress$$Lambda/0x000079d52c3dcd20 (java.base@21.0.6)
5078:             1             16  java.net.InetAddress$1 (java.base@21.0.6)
5079:             1             16  java.net.InetAddress$PlatformResolver (java.base@21.0.6)
5080:             1             16  java.net.URI$1 (java.base@21.0.6)
5081:             1             16  java.net.URL$3 (java.base@21.0.6)
5082:             1             16  java.net.URL$DefaultFactory (java.base@21.0.6)
5083:             1             16  java.net.spi.InetAddressResolver$LookupPolicy (java.base@21.0.6)
5084:             1             16  java.nio.Bits$1 (java.base@21.0.6)
5085:             1             16  java.nio.Buffer$1 (java.base@21.0.6)
5086:             1             16  java.nio.Buffer$2 (java.base@21.0.6)
5087:             1             16  java.nio.channels.spi.SelectorProvider$Holder$$Lambda/0x000079d52c3502d8 (java.base@21.0.6)
5088:             1             16  java.nio.file.Files$AcceptAllFilter (java.base@21.0.6)
5089:             1             16  java.security.AllPermissionCollection (java.base@21.0.6)
5090:             1             16  java.security.ProtectionDomain$JavaSecurityAccessImpl (java.base@21.0.6)
5091:             1             16  java.security.Security$$Lambda/0x80000000b (java.base@21.0.6)
5092:             1             16  java.security.Security$1 (java.base@21.0.6)
5093:             1             16  java.security.Security$2 (java.base@21.0.6)
5094:             1             16  java.security.Signature$1 (java.base@21.0.6)
5095:             1             16  java.security.spec.EncodedKeySpec$$Lambda/0x000079d52c36df88 (java.base@21.0.6)
5096:             1             16  java.text.DontCareFieldPosition$1 (java.base@21.0.6)
5097:             1             16  java.time.ZoneOffset$$Lambda/0x80000000c (java.base@21.0.6)
5098:             1             16  java.time.chrono.IsoChronology (java.base@21.0.6)
5099:             1             16  java.time.format.DateTimeFormatter$$Lambda/0x80000000d (java.base@21.0.6)
5100:             1             16  java.time.format.DateTimeFormatter$$Lambda/0x80000000e (java.base@21.0.6)
5101:             1             16  java.time.format.DateTimeFormatterBuilder$$Lambda/0x80000000f (java.base@21.0.6)
5102:             1             16  java.time.format.DateTimeFormatterBuilder$InstantPrinterParser (java.base@21.0.6)
5103:             1             16  java.time.format.DateTimeTextProvider (java.base@21.0.6)
5104:             1             16  java.time.format.DateTimeTextProvider$1 (java.base@21.0.6)
5105:             1             16  java.time.temporal.TemporalQueries$1 (java.base@21.0.6)
5106:             1             16  java.time.temporal.TemporalQueries$2 (java.base@21.0.6)
5107:             1             16  java.time.temporal.TemporalQueries$3 (java.base@21.0.6)
5108:             1             16  java.time.temporal.TemporalQueries$4 (java.base@21.0.6)
5109:             1             16  java.time.temporal.TemporalQueries$5 (java.base@21.0.6)
5110:             1             16  java.time.temporal.TemporalQueries$6 (java.base@21.0.6)
5111:             1             16  java.time.temporal.TemporalQueries$7 (java.base@21.0.6)
5112:             1             16  java.util.Collections$EmptyEnumeration (java.base@21.0.6)
5113:             1             16  java.util.Collections$EmptyIterator (java.base@21.0.6)
5114:             1             16  java.util.Collections$EmptyList (java.base@21.0.6)
5115:             1             16  java.util.Collections$EmptySet (java.base@21.0.6)
5116:             1             16  java.util.Collections$ReverseComparator (java.base@21.0.6)
5117:             1             16  java.util.EnumMap$1 (java.base@21.0.6)
5118:             1             16  java.util.ImmutableCollections$Access$1 (java.base@21.0.6)
5119:             1             16  java.util.ResourceBundle$1 (java.base@21.0.6)
5120:             1             16  java.util.ResourceBundle$Control (java.base@21.0.6)
5121:             1             16  java.util.ResourceBundle$ResourceBundleControlProviderHolder$$Lambda/0x000079d52c5710c8 (java.base@21.0.6)
5122:             1             16  java.util.ResourceBundle$ResourceBundleControlProviderHolder$$Lambda/0x000079d52c571758 (java.base@21.0.6)
5123:             1             16  java.util.Spliterators$EmptySpliterator$OfDouble (java.base@21.0.6)
5124:             1             16  java.util.Spliterators$EmptySpliterator$OfInt (java.base@21.0.6)
5125:             1             16  java.util.Spliterators$EmptySpliterator$OfLong (java.base@21.0.6)
5126:             1             16  java.util.Spliterators$EmptySpliterator$OfRef (java.base@21.0.6)
5127:             1             16  java.util.concurrent.CompletableFuture$Delayer$DaemonThreadFactory (java.base@21.0.6)
5128:             1             16  java.util.concurrent.ForkJoinPool$2 (java.base@21.0.6)
5129:             1             16  java.util.concurrent.ForkJoinPool$DefaultForkJoinWorkerThreadFactory (java.base@21.0.6)
5130:             1             16  java.util.concurrent.ThreadPoolExecutor$CallerRunsPolicy (java.base@21.0.6)
5131:             1             16  java.util.concurrent.ThreadPoolExecutor$DiscardOldestPolicy (java.base@21.0.6)
5132:             1             16  java.util.concurrent.ThreadPoolExecutor$DiscardPolicy (java.base@21.0.6)
5133:             1             16  java.util.function.Function$$Lambda/0x000079d52c346e78 (java.base@21.0.6)
5134:             1             16  java.util.jar.JavaUtilJarAccessImpl (java.base@21.0.6)
5135:             1             16  java.util.logging.ErrorManager (java.logging@21.0.6)
5136:             1             16  java.util.logging.Level$$Lambda/0x800000011 (java.logging@21.0.6)
5137:             1             16  java.util.logging.Level$KnownLevel$$Lambda/0x800000021 (java.logging@21.0.6)
5138:             1             16  java.util.logging.Level$KnownLevel$$Lambda/0x800000022 (java.logging@21.0.6)
5139:             1             16  java.util.logging.Level$KnownLevel$$Lambda/0x800000023 (java.logging@21.0.6)
5140:             1             16  java.util.logging.LogManager$LoggingProviderAccess (java.logging@21.0.6)
5141:             1             16  java.util.logging.Logging (java.logging@21.0.6)
5142:             1             16  java.util.regex.CharPredicates$$Lambda/0x000079d52c062200 (java.base@21.0.6)
5143:             1             16  java.util.regex.CharPredicates$$Lambda/0x800000025 (java.base@21.0.6)
5144:             1             16  java.util.regex.CharPredicates$$Lambda/0x800000026 (java.base@21.0.6)
5145:             1             16  java.util.regex.Pattern$$Lambda/0x000079d52c178000 (java.base@21.0.6)
5146:             1             16  java.util.regex.Pattern$$Lambda/0x000079d52c5756b0 (java.base@21.0.6)
5147:             1             16  java.util.stream.Collectors$$Lambda/0x000079d52c0762c8 (java.base@21.0.6)
5148:             1             16  java.util.stream.Collectors$$Lambda/0x000079d52c0764d8 (java.base@21.0.6)
5149:             1             16  java.util.stream.Collectors$$Lambda/0x000079d52c0766f8 (java.base@21.0.6)
5150:             1             16  java.util.stream.Collectors$$Lambda/0x000079d52c3470a8 (java.base@21.0.6)
5151:             1             16  java.util.stream.Collectors$$Lambda/0x000079d52c3474e0 (java.base@21.0.6)
5152:             1             16  java.util.stream.Collectors$$Lambda/0x000079d52c57e4d0 (java.base@21.0.6)
5153:             1             16  java.util.stream.Collectors$$Lambda/0x000079d52c57e6f0 (java.base@21.0.6)
5154:             1             16  java.util.stream.Collectors$$Lambda/0x800000039 (java.base@21.0.6)
5155:             1             16  java.util.stream.Collectors$$Lambda/0x80000003e (java.base@21.0.6)
5156:             1             16  java.util.stream.Collectors$$Lambda/0x800000040 (java.base@21.0.6)
5157:             1             16  java.util.stream.Collectors$$Lambda/0x800000041 (java.base@21.0.6)
5158:             1             16  java.util.stream.Collectors$$Lambda/0x800000042 (java.base@21.0.6)
5159:             1             16  java.util.stream.Collectors$$Lambda/0x800000043 (java.base@21.0.6)
5160:             1             16  java.util.stream.Collectors$$Lambda/0x800000045 (java.base@21.0.6)
5161:             1             16  java.util.stream.FindOps$FindSink$OfRef$$Lambda/0x800000048 (java.base@21.0.6)
5162:             1             16  java.util.stream.FindOps$FindSink$OfRef$$Lambda/0x800000049 (java.base@21.0.6)
5163:             1             16  java.util.stream.FindOps$FindSink$OfRef$$Lambda/0x80000004a (java.base@21.0.6)
5164:             1             16  java.util.stream.FindOps$FindSink$OfRef$$Lambda/0x80000004b (java.base@21.0.6)
5165:             1             16  java.util.stream.LongPipeline$$Lambda/0x000079d52c57d0d8 (java.base@21.0.6)
5166:             1             16  java.util.stream.LongPipeline$$Lambda/0x000079d52c6d1b38 (java.base@21.0.6)
5167:             1             16  java.util.stream.Nodes$EmptyNode$OfDouble (java.base@21.0.6)
5168:             1             16  java.util.stream.Nodes$EmptyNode$OfInt (java.base@21.0.6)
5169:             1             16  java.util.stream.Nodes$EmptyNode$OfLong (java.base@21.0.6)
5170:             1             16  java.util.stream.Nodes$EmptyNode$OfRef (java.base@21.0.6)
5171:             1             16  java.util.stream.ReferencePipeline$$Lambda/0x000079d52c34df80 (java.base@21.0.6)
5172:             1             16  java.util.zip.ZipFile$1 (java.base@21.0.6)
5173:             1             16  javax.management.JMX (java.management@21.0.6)
5174:             1             16  javax.management.MBeanServerBuilder (java.management@21.0.6)
5175:             1             16  javax.management.NotificationBroadcasterSupport$1 (java.management@21.0.6)
5176:             1             16  jdk.incubator.vector.ByteVector$$Lambda/0x000079d52c6d8870 (jdk.incubator.vector@21.0.6)
5177:             1             16  jdk.incubator.vector.ByteVector$$Lambda/0x000079d52c6d9438 (jdk.incubator.vector@21.0.6)
5178:             1             16  jdk.incubator.vector.ByteVector$$Lambda/0x000079d52c6da000 (jdk.incubator.vector@21.0.6)
5179:             1             16  jdk.incubator.vector.ByteVector$$Lambda/0x000079d52c6dabc8 (jdk.incubator.vector@21.0.6)
5180:             1             16  jdk.incubator.vector.ByteVector$$Lambda/0x000079d52c6db790 (jdk.incubator.vector@21.0.6)
5181:             1             16  jdk.incubator.vector.FloatVector$$Lambda/0x000079d52c3f6a30 (jdk.incubator.vector@21.0.6)
5182:             1             16  jdk.incubator.vector.FloatVector$$Lambda/0x000079d52c3f7830 (jdk.incubator.vector@21.0.6)
5183:             1             16  jdk.incubator.vector.FloatVector$$Lambda/0x000079d52c3f83e0 (jdk.incubator.vector@21.0.6)
5184:             1             16  jdk.incubator.vector.FloatVector$$Lambda/0x000079d52c3f8f90 (jdk.incubator.vector@21.0.6)
5185:             1             16  jdk.incubator.vector.FloatVector$$Lambda/0x000079d52c3f9b40 (jdk.incubator.vector@21.0.6)
5186:             1             16  jdk.incubator.vector.FloatVector$$Lambda/0x000079d52c6d6e68 (jdk.incubator.vector@21.0.6)
5187:             1             16  jdk.incubator.vector.FloatVector$$Lambda/0x000079d52c6dbbb0 (jdk.incubator.vector@21.0.6)
5188:             1             16  jdk.incubator.vector.FloatVector$$Lambda/0x000079d52c6dbfb0 (jdk.incubator.vector@21.0.6)
5189:             1             16  jdk.incubator.vector.FloatVector$$Lambda/0x000079d52c6df798 (jdk.incubator.vector@21.0.6)
5190:             1             16  jdk.incubator.vector.FloatVector$$Lambda/0x000079d52c6df9a8 (jdk.incubator.vector@21.0.6)
5191:             1             16  jdk.incubator.vector.FloatVector$$Lambda/0x000079d52c6dfda8 (jdk.incubator.vector@21.0.6)
5192:             1             16  jdk.incubator.vector.FloatVector$$Lambda/0x000079d52c6e01a8 (jdk.incubator.vector@21.0.6)
5193:             1             16  jdk.incubator.vector.FloatVector$$Lambda/0x000079d52c6e03b8 (jdk.incubator.vector@21.0.6)
5194:             1             16  jdk.incubator.vector.FloatVector$$Lambda/0x000079d52c6e07b8 (jdk.incubator.vector@21.0.6)
5195:             1             16  jdk.incubator.vector.FloatVector$$Lambda/0x000079d52c6e09c8 (jdk.incubator.vector@21.0.6)
5196:             1             16  jdk.incubator.vector.FloatVector$$Lambda/0x000079d52c6e0bd8 (jdk.incubator.vector@21.0.6)
5197:             1             16  jdk.incubator.vector.FloatVector$$Lambda/0x000079d52c6e0fd8 (jdk.incubator.vector@21.0.6)
5198:             1             16  jdk.incubator.vector.FloatVector$$Lambda/0x000079d52c6e11e8 (jdk.incubator.vector@21.0.6)
5199:             1             16  jdk.incubator.vector.FloatVector$$Lambda/0x000079d52c6e13f8 (jdk.incubator.vector@21.0.6)
5200:             1             16  jdk.incubator.vector.IntVector$$Lambda/0x000079d52c3f29b8 (jdk.incubator.vector@21.0.6)
5201:             1             16  jdk.incubator.vector.IntVector$$Lambda/0x000079d52c3f3760 (jdk.incubator.vector@21.0.6)
5202:             1             16  jdk.incubator.vector.IntVector$$Lambda/0x000079d52c3f4320 (jdk.incubator.vector@21.0.6)
5203:             1             16  jdk.incubator.vector.IntVector$$Lambda/0x000079d52c3f4ee0 (jdk.incubator.vector@21.0.6)
5204:             1             16  jdk.incubator.vector.IntVector$$Lambda/0x000079d52c3f5aa0 (jdk.incubator.vector@21.0.6)
5205:             1             16  jdk.incubator.vector.VectorIntrinsics$$Lambda/0x000079d52c6d6a68 (jdk.incubator.vector@21.0.6)
5206:             1             16  jdk.internal.icu.impl.Norm2AllModes$NoopNormalizer2 (java.base@21.0.6)
5207:             1             16  jdk.internal.icu.impl.NormalizerImpl$IsAcceptable (java.base@21.0.6)
5208:             1             16  jdk.internal.icu.text.NormalizerBase$NFCMode (java.base@21.0.6)
5209:             1             16  jdk.internal.icu.text.NormalizerBase$NFDMode (java.base@21.0.6)
5210:             1             16  jdk.internal.icu.text.NormalizerBase$NFKCMode (java.base@21.0.6)
5211:             1             16  jdk.internal.icu.text.NormalizerBase$NFKDMode (java.base@21.0.6)
5212:             1             16  jdk.internal.icu.text.NormalizerBase$NONEMode (java.base@21.0.6)
5213:             1             16  jdk.internal.icu.util.VersionInfo (java.base@21.0.6)
5214:             1             16  jdk.internal.jimage.ImageReaderFactory$1 (java.base@21.0.6)
5215:             1             16  jdk.internal.logger.LazyLoggers$1 (java.base@21.0.6)
5216:             1             16  jdk.internal.math.FloatingDecimal$1 (java.base@21.0.6)
5217:             1             16  jdk.internal.misc.CarrierThreadLocal (java.base@21.0.6)
5218:             1             16  jdk.internal.misc.ScopedMemoryAccess (java.base@21.0.6)
5219:             1             16  jdk.internal.misc.TerminatingThreadLocal$1 (java.base@21.0.6)
5220:             1             16  jdk.internal.misc.Unsafe (java.base@21.0.6)
5221:             1             16  jdk.internal.module.DefaultRoots$$Lambda/0x80000004e (java.base@21.0.6)
5222:             1             16  jdk.internal.module.DefaultRoots$$Lambda/0x80000004f (java.base@21.0.6)
5223:             1             16  jdk.internal.module.DefaultRoots$$Lambda/0x800000050 (java.base@21.0.6)
5224:             1             16  jdk.internal.module.DefaultRoots$$Lambda/0x800000051 (java.base@21.0.6)
5225:             1             16  jdk.internal.module.ModuleBootstrap$$Lambda/0x000079d52c041398 (java.base@21.0.6)
5226:             1             16  jdk.internal.module.ModuleResolution (java.base@21.0.6)
5227:             1             16  jdk.internal.perf.Perf (java.base@21.0.6)
5228:             1             16  jdk.internal.platform.CgroupSubsystemFactory$$Lambda/0x000079d52c344270 (java.base@21.0.6)
5229:             1             16  jdk.internal.platform.cgroupv2.CgroupV2Subsystem$$Lambda/0x000079d52c6d10b8 (java.base@21.0.6)
5230:             1             16  jdk.internal.util.Preconditions$1 (java.base@21.0.6)
5231:             1             16  jdk.internal.util.Preconditions$2 (java.base@21.0.6)
5232:             1             16  jdk.internal.util.Preconditions$3 (java.base@21.0.6)
5233:             1             16  jdk.jfr.internal.SecuritySupport$$Lambda/0x000079d52c351800 (jdk.jfr@21.0.6)
5234:             1             16  jdk.jfr.internal.SecuritySupport$Privileged (jdk.jfr@21.0.6)
5235:             1             16  jdk.jfr.internal.consumer.FileAccess$UnPrivileged (jdk.jfr@21.0.6)
5236:             1             16  jdk.jfr.internal.dcmd.DCmdCheck$$Lambda/0x000079d52c359e28 (jdk.jfr@21.0.6)
5237:             1             16  jdk.jfr.internal.dcmd.DCmdDump$$Lambda/0x000079d52c359c18 (jdk.jfr@21.0.6)
5238:             1             16  jdk.jfr.internal.dcmd.DCmdStart$$Lambda/0x000079d52c353348 (jdk.jfr@21.0.6)
5239:             1             16  jdk.jfr.internal.dcmd.DCmdStart$$Lambda/0x000079d52c359a08 (jdk.jfr@21.0.6)
5240:             1             16  jdk.jfr.internal.dcmd.DCmdStop$$Lambda/0x000079d52c34fa80 (jdk.jfr@21.0.6)
5241:             1             16  jdk.jfr.internal.dcmd.DCmdView$$Lambda/0x000079d52c34f870 (jdk.jfr@21.0.6)
5242:             1             16  jdk.jfr.internal.jfc.model.JFCModel$$Lambda/0x000079d52c3595b8 (jdk.jfr@21.0.6)
5243:             1             16  jdk.jfr.internal.jfc.model.JFCModel$$Lambda/0x000079d52c3597d8 (jdk.jfr@21.0.6)
5244:             1             16  jdk.management.jfr.SettingDescriptorInfo$1 (jdk.management.jfr@21.0.6)
5245:             1             16  jdk.net.LinuxSocketOptions (jdk.net@21.0.6)
5246:             1             16  kotlin.KotlinVersion$Companion
5247:             1             16  kotlin.KotlinVersionCurrentValue
5248:             1             16  kotlin.Result$Companion
5249:             1             16  kotlin.SafePublicationLazyImpl$Companion
5250:             1             16  kotlin.UInt$Companion
5251:             1             16  kotlin.ULong$Companion
5252:             1             16  kotlin.UNINITIALIZED_VALUE
5253:             1             16  kotlin.Unit
5254:             1             16  kotlin._Assertions
5255:             1             16  kotlin.collections.AbstractList$Companion
5256:             1             16  kotlin.collections.EmptyIterator
5257:             1             16  kotlin.collections.EmptyList
5258:             1             16  kotlin.collections.EmptyMap
5259:             1             16  kotlin.collections.EmptySet
5260:             1             16  kotlin.collections.builders.MapBuilder$Companion
5261:             1             16  kotlin.coroutines.ContinuationInterceptor$Key
5262:             1             16  kotlin.coroutines.CoroutineContext$DefaultImpls$$Lambda/0x000079d52c4b27d0
5263:             1             16  kotlin.coroutines.EmptyCoroutineContext
5264:             1             16  kotlin.coroutines.jvm.internal.CompletedContinuation
5265:             1             16  kotlin.internal.jdk8.JDK8PlatformImplementations
5266:             1             16  kotlin.internal.jdk8.JDK8PlatformImplementations$ReflectSdkVersion
5267:             1             16  kotlin.jvm.internal.CallableReference$NoReceiver
5268:             1             16  kotlin.jvm.internal.StringCompanionObject
5269:             1             16  kotlin.properties.Delegates
5270:             1             16  kotlin.random.Random$Default
5271:             1             16  kotlin.random.XorWowRandom$Companion
5272:             1             16  kotlin.random.jdk8.PlatformThreadLocalRandom
5273:             1             16  kotlin.ranges.IntProgression$Companion
5274:             1             16  kotlin.ranges.IntRange$Companion
5275:             1             16  kotlin.reflect.jvm.internal.CachesKt$$Lambda$0
5276:             1             16  kotlin.reflect.jvm.internal.CachesKt$$Lambda$1
5277:             1             16  kotlin.reflect.jvm.internal.CachesKt$$Lambda$2
5278:             1             16  kotlin.reflect.jvm.internal.CachesKt$$Lambda$3
5279:             1             16  kotlin.reflect.jvm.internal.CachesKt$$Lambda$4
5280:             1             16  kotlin.reflect.jvm.internal.KDeclarationContainerImpl$Companion
5281:             1             16  kotlin.reflect.jvm.internal.KPropertyImpl$Companion
5282:             1             16  kotlin.reflect.jvm.internal.ReflectProperties$Val$1
5283:             1             16  kotlin.reflect.jvm.internal.ReflectionFactoryImpl
5284:             1             16  kotlin.reflect.jvm.internal.RuntimeTypeMapper
5285:             1             16  kotlin.reflect.jvm.internal.RuntimeTypeMapperKt$$Lambda$0
5286:             1             16  kotlin.reflect.jvm.internal.calls.CallerImpl$Companion
5287:             1             16  kotlin.reflect.jvm.internal.impl.SpecialJvmAnnotations
5288:             1             16  kotlin.reflect.jvm.internal.impl.builtins.BuiltInsLoader$Companion
5289:             1             16  kotlin.reflect.jvm.internal.impl.builtins.BuiltInsLoader$Companion$$Lambda$0
5290:             1             16  kotlin.reflect.jvm.internal.impl.builtins.CompanionObjectMapping
5291:             1             16  kotlin.reflect.jvm.internal.impl.builtins.PrimitiveType$Companion
5292:             1             16  kotlin.reflect.jvm.internal.impl.builtins.ReflectionTypes$Companion
5293:             1             16  kotlin.reflect.jvm.internal.impl.builtins.StandardNames
5294:             1             16  kotlin.reflect.jvm.internal.impl.builtins.StandardNames$FqNames
5295:             1             16  kotlin.reflect.jvm.internal.impl.builtins.functions.FunctionTypeKindExtractor$Companion
5296:             1             16  kotlin.reflect.jvm.internal.impl.builtins.jvm.CloneableClassScope$Companion
5297:             1             16  kotlin.reflect.jvm.internal.impl.builtins.jvm.FallbackBuiltIns$Companion
5298:             1             16  kotlin.reflect.jvm.internal.impl.builtins.jvm.JavaToKotlinClassMap
5299:             1             16  kotlin.reflect.jvm.internal.impl.builtins.jvm.JavaToKotlinClassMapper
5300:             1             16  kotlin.reflect.jvm.internal.impl.builtins.jvm.JvmBuiltInClassDescriptorFactory$$Lambda$1
5301:             1             16  kotlin.reflect.jvm.internal.impl.builtins.jvm.JvmBuiltInClassDescriptorFactory$Companion
5302:             1             16  kotlin.reflect.jvm.internal.impl.builtins.jvm.JvmBuiltInsCustomizer$$Lambda$6
5303:             1             16  kotlin.reflect.jvm.internal.impl.builtins.jvm.JvmBuiltInsPackageFragmentProvider$Companion
5304:             1             16  kotlin.reflect.jvm.internal.impl.builtins.jvm.JvmBuiltInsSignatures
5305:             1             16  kotlin.reflect.jvm.internal.impl.descriptors.DescriptorVisibilities$10
5306:             1             16  kotlin.reflect.jvm.internal.impl.descriptors.DescriptorVisibilities$11
5307:             1             16  kotlin.reflect.jvm.internal.impl.descriptors.DescriptorVisibilities$12
5308:             1             16  kotlin.reflect.jvm.internal.impl.descriptors.Modality$Companion
5309:             1             16  kotlin.reflect.jvm.internal.impl.descriptors.ScopesHolderForClass$Companion
5310:             1             16  kotlin.reflect.jvm.internal.impl.descriptors.SourceElement$1
5311:             1             16  kotlin.reflect.jvm.internal.impl.descriptors.SupertypeLoopChecker$EMPTY
5312:             1             16  kotlin.reflect.jvm.internal.impl.descriptors.Visibilities
5313:             1             16  kotlin.reflect.jvm.internal.impl.descriptors.annotations.Annotations$Companion
5314:             1             16  kotlin.reflect.jvm.internal.impl.descriptors.annotations.Annotations$Companion$EMPTY$1
5315:             1             16  kotlin.reflect.jvm.internal.impl.descriptors.deserialization.AdditionalClassPartsProvider$None
5316:             1             16  kotlin.reflect.jvm.internal.impl.descriptors.deserialization.PlatformDependentDeclarationFilter$All
5317:             1             16  kotlin.reflect.jvm.internal.impl.descriptors.impl.ModuleAwareClassDescriptor$Companion
5318:             1             16  kotlin.reflect.jvm.internal.impl.descriptors.impl.PackageViewDescriptorFactory$Companion
5319:             1             16  kotlin.reflect.jvm.internal.impl.descriptors.impl.PackageViewDescriptorFactory$Default
5320:             1             16  kotlin.reflect.jvm.internal.impl.descriptors.impl.ValueParameterDescriptorImpl$Companion
5321:             1             16  kotlin.reflect.jvm.internal.impl.descriptors.runtime.components.ReflectClassStructure
5322:             1             16  kotlin.reflect.jvm.internal.impl.descriptors.runtime.components.ReflectKotlinClass$Factory
5323:             1             16  kotlin.reflect.jvm.internal.impl.descriptors.runtime.components.RuntimeErrorReporter
5324:             1             16  kotlin.reflect.jvm.internal.impl.descriptors.runtime.components.RuntimeModuleData$Companion
5325:             1             16  kotlin.reflect.jvm.internal.impl.descriptors.runtime.components.RuntimeSourceElementFactory
5326:             1             16  kotlin.reflect.jvm.internal.impl.descriptors.runtime.structure.Java16SealedRecordLoader
5327:             1             16  kotlin.reflect.jvm.internal.impl.descriptors.runtime.structure.Java8ParameterNamesLoader
5328:             1             16  kotlin.reflect.jvm.internal.impl.descriptors.runtime.structure.ReflectClassUtilKt$$Lambda$0
5329:             1             16  kotlin.reflect.jvm.internal.impl.descriptors.runtime.structure.ReflectClassUtilKt$$Lambda$1
5330:             1             16  kotlin.reflect.jvm.internal.impl.descriptors.runtime.structure.ReflectJavaAnnotationArgument$Factory
5331:             1             16  kotlin.reflect.jvm.internal.impl.descriptors.runtime.structure.ReflectJavaClass$$Lambda$0
5332:             1             16  kotlin.reflect.jvm.internal.impl.descriptors.runtime.structure.ReflectJavaClass$$Lambda$1
5333:             1             16  kotlin.reflect.jvm.internal.impl.descriptors.runtime.structure.ReflectJavaType$Factory
5334:             1             16  kotlin.reflect.jvm.internal.impl.incremental.components.LookupTracker$DO_NOTHING
5335:             1             16  kotlin.reflect.jvm.internal.impl.load.java.AbstractAnnotationTypeQualifierResolver$Companion
5336:             1             16  kotlin.reflect.jvm.internal.impl.load.java.BuiltinMethodsWithSpecialGenericSignature
5337:             1             16  kotlin.reflect.jvm.internal.impl.load.java.BuiltinSpecialProperties
5338:             1             16  kotlin.reflect.jvm.internal.impl.load.java.ClassicBuiltinSpecialProperties
5339:             1             16  kotlin.reflect.jvm.internal.impl.load.java.ClassicBuiltinSpecialProperties$$Lambda$0
5340:             1             16  kotlin.reflect.jvm.internal.impl.load.java.ErasedOverridabilityCondition
5341:             1             16  kotlin.reflect.jvm.internal.impl.load.java.FakePureImplementationsProvider
5342:             1             16  kotlin.reflect.jvm.internal.impl.load.java.FieldOverridabilityCondition
5343:             1             16  kotlin.reflect.jvm.internal.impl.load.java.JavaClassesTracker$Default
5344:             1             16  kotlin.reflect.jvm.internal.impl.load.java.JavaIncompatibilityRulesOverridabilityCondition
5345:             1             16  kotlin.reflect.jvm.internal.impl.load.java.JavaIncompatibilityRulesOverridabilityCondition$Companion
5346:             1             16  kotlin.reflect.jvm.internal.impl.load.java.JavaNullabilityAnnotationsStatus$Companion
5347:             1             16  kotlin.reflect.jvm.internal.impl.load.java.JavaTypeEnhancementState$Companion
5348:             1             16  kotlin.reflect.jvm.internal.impl.load.java.JvmAbi
5349:             1             16  kotlin.reflect.jvm.internal.impl.load.java.NullabilityAnnotationStates$Companion
5350:             1             16  kotlin.reflect.jvm.internal.impl.load.java.ReportLevel$Companion
5351:             1             16  kotlin.reflect.jvm.internal.impl.load.java.SpecialBuiltinMembers$$Lambda$0
5352:             1             16  kotlin.reflect.jvm.internal.impl.load.java.SpecialGenericSignatures$Companion
5353:             1             16  kotlin.reflect.jvm.internal.impl.load.java.components.JavaAnnotationMapper
5354:             1             16  kotlin.reflect.jvm.internal.impl.load.java.components.JavaDeprecatedAnnotationDescriptor$$Lambda$0
5355:             1             16  kotlin.reflect.jvm.internal.impl.load.java.components.JavaPropertyInitializerEvaluator$DoNothing
5356:             1             16  kotlin.reflect.jvm.internal.impl.load.java.components.JavaResolverCache$1
5357:             1             16  kotlin.reflect.jvm.internal.impl.load.java.components.SignaturePropagator$1
5358:             1             16  kotlin.reflect.jvm.internal.impl.load.java.descriptors.JavaMethodDescriptor$1
5359:             1             16  kotlin.reflect.jvm.internal.impl.load.java.descriptors.JavaMethodDescriptor$2
5360:             1             16  kotlin.reflect.jvm.internal.impl.load.java.lazy.JavaResolverSettings$Default
5361:             1             16  kotlin.reflect.jvm.internal.impl.load.java.lazy.TypeParameterResolver$EMPTY
5362:             1             16  kotlin.reflect.jvm.internal.impl.load.java.lazy.descriptors.LazyJavaClassDescriptor$Companion
5363:             1             16  kotlin.reflect.jvm.internal.impl.load.java.lazy.descriptors.LazyJavaClassMemberScope$$Lambda$5
5364:             1             16  kotlin.reflect.jvm.internal.impl.load.java.lazy.descriptors.LazyJavaPackageScope$KotlinClassLookupResult$NotFound
5365:             1             16  kotlin.reflect.jvm.internal.impl.load.java.typeEnhancement.JavaTypeQualifiers$Companion
5366:             1             16  kotlin.reflect.jvm.internal.impl.load.java.typeEnhancement.SignatureEnhancement$$Lambda$2
5367:             1             16  kotlin.reflect.jvm.internal.impl.load.java.typeEnhancement.SignatureEnhancement$$Lambda$3
5368:             1             16  kotlin.reflect.jvm.internal.impl.load.java.typeEnhancement.SignatureEnhancement$$Lambda$4
5369:             1             16  kotlin.reflect.jvm.internal.impl.load.kotlin.AbstractBinaryClassAnnotationLoader$Companion
5370:             1             16  kotlin.reflect.jvm.internal.impl.load.kotlin.DeserializationComponentsForJava$Companion
5371:             1             16  kotlin.reflect.jvm.internal.impl.load.kotlin.DeserializedDescriptorResolver$Companion
5372:             1             16  kotlin.reflect.jvm.internal.impl.load.kotlin.JavaFlexibleTypeDeserializer
5373:             1             16  kotlin.reflect.jvm.internal.impl.load.kotlin.JvmType$Companion
5374:             1             16  kotlin.reflect.jvm.internal.impl.load.kotlin.JvmTypeFactoryImpl
5375:             1             16  kotlin.reflect.jvm.internal.impl.load.kotlin.PackagePartProvider$Empty
5376:             1             16  kotlin.reflect.jvm.internal.impl.load.kotlin.SignatureBuildingComponents
5377:             1             16  kotlin.reflect.jvm.internal.impl.load.kotlin.SignatureBuildingComponents$$Lambda$0
5378:             1             16  kotlin.reflect.jvm.internal.impl.load.kotlin.TypeMappingConfigurationImpl
5379:             1             16  kotlin.reflect.jvm.internal.impl.load.kotlin.TypeMappingMode$Companion
5380:             1             16  kotlin.reflect.jvm.internal.impl.load.kotlin.header.KotlinClassHeader$Kind$Companion
5381:             1             16  kotlin.reflect.jvm.internal.impl.metadata.ProtoBuf$Annotation$1
5382:             1             16  kotlin.reflect.jvm.internal.impl.metadata.ProtoBuf$Annotation$Argument$1
5383:             1             16  kotlin.reflect.jvm.internal.impl.metadata.ProtoBuf$Annotation$Argument$Value$1
5384:             1             16  kotlin.reflect.jvm.internal.impl.metadata.ProtoBuf$Annotation$Argument$Value$Type$1
5385:             1             16  kotlin.reflect.jvm.internal.impl.metadata.ProtoBuf$Class$1
5386:             1             16  kotlin.reflect.jvm.internal.impl.metadata.ProtoBuf$Class$Kind$1
5387:             1             16  kotlin.reflect.jvm.internal.impl.metadata.ProtoBuf$Constructor$1
5388:             1             16  kotlin.reflect.jvm.internal.impl.metadata.ProtoBuf$Contract$1
5389:             1             16  kotlin.reflect.jvm.internal.impl.metadata.ProtoBuf$EnumEntry$1
5390:             1             16  kotlin.reflect.jvm.internal.impl.metadata.ProtoBuf$Function$1
5391:             1             16  kotlin.reflect.jvm.internal.impl.metadata.ProtoBuf$MemberKind$1
5392:             1             16  kotlin.reflect.jvm.internal.impl.metadata.ProtoBuf$Modality$1
5393:             1             16  kotlin.reflect.jvm.internal.impl.metadata.ProtoBuf$Package$1
5394:             1             16  kotlin.reflect.jvm.internal.impl.metadata.ProtoBuf$PackageFragment$1
5395:             1             16  kotlin.reflect.jvm.internal.impl.metadata.ProtoBuf$Property$1
5396:             1             16  kotlin.reflect.jvm.internal.impl.metadata.ProtoBuf$QualifiedNameTable$1
5397:             1             16  kotlin.reflect.jvm.internal.impl.metadata.ProtoBuf$QualifiedNameTable$QualifiedName$1
5398:             1             16  kotlin.reflect.jvm.internal.impl.metadata.ProtoBuf$QualifiedNameTable$QualifiedName$Kind$1
5399:             1             16  kotlin.reflect.jvm.internal.impl.metadata.ProtoBuf$StringTable$1
5400:             1             16  kotlin.reflect.jvm.internal.impl.metadata.ProtoBuf$Type$1
5401:             1             16  kotlin.reflect.jvm.internal.impl.metadata.ProtoBuf$Type$Argument$1
5402:             1             16  kotlin.reflect.jvm.internal.impl.metadata.ProtoBuf$Type$Argument$Projection$1
5403:             1             16  kotlin.reflect.jvm.internal.impl.metadata.ProtoBuf$TypeParameter$1
5404:             1             16  kotlin.reflect.jvm.internal.impl.metadata.ProtoBuf$TypeParameter$Variance$1
5405:             1             16  kotlin.reflect.jvm.internal.impl.metadata.ProtoBuf$TypeTable$1
5406:             1             16  kotlin.reflect.jvm.internal.impl.metadata.ProtoBuf$ValueParameter$1
5407:             1             16  kotlin.reflect.jvm.internal.impl.metadata.ProtoBuf$VersionRequirementTable$1
5408:             1             16  kotlin.reflect.jvm.internal.impl.metadata.ProtoBuf$Visibility$1
5409:             1             16  kotlin.reflect.jvm.internal.impl.metadata.builtins.BuiltInsBinaryVersion$Companion
5410:             1             16  kotlin.reflect.jvm.internal.impl.metadata.deserialization.BinaryVersion$Companion
5411:             1             16  kotlin.reflect.jvm.internal.impl.metadata.deserialization.VersionRequirementTable$Companion
5412:             1             16  kotlin.reflect.jvm.internal.impl.metadata.jvm.JvmProtoBuf$JvmFieldSignature$1
5413:             1             16  kotlin.reflect.jvm.internal.impl.metadata.jvm.JvmProtoBuf$JvmMethodSignature$1
5414:             1             16  kotlin.reflect.jvm.internal.impl.metadata.jvm.JvmProtoBuf$JvmPropertySignature$1
5415:             1             16  kotlin.reflect.jvm.internal.impl.metadata.jvm.JvmProtoBuf$StringTableTypes$1
5416:             1             16  kotlin.reflect.jvm.internal.impl.metadata.jvm.JvmProtoBuf$StringTableTypes$Record$1
5417:             1             16  kotlin.reflect.jvm.internal.impl.metadata.jvm.JvmProtoBuf$StringTableTypes$Record$Operation$1
5418:             1             16  kotlin.reflect.jvm.internal.impl.metadata.jvm.deserialization.ClassMapperLite
5419:             1             16  kotlin.reflect.jvm.internal.impl.metadata.jvm.deserialization.JvmFlags
5420:             1             16  kotlin.reflect.jvm.internal.impl.metadata.jvm.deserialization.JvmMetadataVersion$Companion
5421:             1             16  kotlin.reflect.jvm.internal.impl.metadata.jvm.deserialization.JvmNameResolverBase$Companion
5422:             1             16  kotlin.reflect.jvm.internal.impl.metadata.jvm.deserialization.JvmProtoBufUtil
5423:             1             16  kotlin.reflect.jvm.internal.impl.name.CallableId$Companion
5424:             1             16  kotlin.reflect.jvm.internal.impl.name.ClassId$Companion
5425:             1             16  kotlin.reflect.jvm.internal.impl.name.FqName$Companion
5426:             1             16  kotlin.reflect.jvm.internal.impl.name.FqNameUnsafe$Companion
5427:             1             16  kotlin.reflect.jvm.internal.impl.name.SpecialNames
5428:             1             16  kotlin.reflect.jvm.internal.impl.name.StandardClassIds
5429:             1             16  kotlin.reflect.jvm.internal.impl.protobuf.SmallSortedMap$EmptySet$1
5430:             1             16  kotlin.reflect.jvm.internal.impl.protobuf.SmallSortedMap$EmptySet$2
5431:             1             16  kotlin.reflect.jvm.internal.impl.renderer.ClassifierNamePolicy$FULLY_QUALIFIED
5432:             1             16  kotlin.reflect.jvm.internal.impl.renderer.ClassifierNamePolicy$SHORT
5433:             1             16  kotlin.reflect.jvm.internal.impl.renderer.ClassifierNamePolicy$SOURCE_CODE_QUALIFIED
5434:             1             16  kotlin.reflect.jvm.internal.impl.renderer.DescriptorRenderer$$Lambda$0
5435:             1             16  kotlin.reflect.jvm.internal.impl.renderer.DescriptorRenderer$$Lambda$1
5436:             1             16  kotlin.reflect.jvm.internal.impl.renderer.DescriptorRenderer$$Lambda$10
5437:             1             16  kotlin.reflect.jvm.internal.impl.renderer.DescriptorRenderer$$Lambda$2
5438:             1             16  kotlin.reflect.jvm.internal.impl.renderer.DescriptorRenderer$$Lambda$3
5439:             1             16  kotlin.reflect.jvm.internal.impl.renderer.DescriptorRenderer$$Lambda$4
5440:             1             16  kotlin.reflect.jvm.internal.impl.renderer.DescriptorRenderer$$Lambda$5
5441:             1             16  kotlin.reflect.jvm.internal.impl.renderer.DescriptorRenderer$$Lambda$6
5442:             1             16  kotlin.reflect.jvm.internal.impl.renderer.DescriptorRenderer$$Lambda$7
5443:             1             16  kotlin.reflect.jvm.internal.impl.renderer.DescriptorRenderer$$Lambda$8
5444:             1             16  kotlin.reflect.jvm.internal.impl.renderer.DescriptorRenderer$$Lambda$9
5445:             1             16  kotlin.reflect.jvm.internal.impl.renderer.DescriptorRenderer$Companion
5446:             1             16  kotlin.reflect.jvm.internal.impl.renderer.DescriptorRenderer$ValueParametersHandler$DEFAULT
5447:             1             16  kotlin.reflect.jvm.internal.impl.renderer.DescriptorRendererModifier$Companion
5448:             1             16  kotlin.reflect.jvm.internal.impl.renderer.DescriptorRendererOptionsImpl$$Lambda$0
5449:             1             16  kotlin.reflect.jvm.internal.impl.renderer.DescriptorRendererOptionsImpl$$Lambda$1
5450:             1             16  kotlin.reflect.jvm.internal.impl.renderer.ExcludedTypeAnnotations
5451:             1             16  kotlin.reflect.jvm.internal.impl.resolve.CliStdlibClassFinderImpl
5452:             1             16  kotlin.reflect.jvm.internal.impl.resolve.MemberComparator$NameAndTypeMemberComparator
5453:             1             16  kotlin.reflect.jvm.internal.impl.resolve.OverridingUtil$1
5454:             1             16  kotlin.reflect.jvm.internal.impl.resolve.constants.ConstantValueFactory
5455:             1             16  kotlin.reflect.jvm.internal.impl.resolve.descriptorUtil.DescriptorUtilsKt$$Lambda$0
5456:             1             16  kotlin.reflect.jvm.internal.impl.resolve.jvm.SyntheticJavaPartsProvider$Companion
5457:             1             16  kotlin.reflect.jvm.internal.impl.resolve.scopes.ChainedMemberScope$Companion
5458:             1             16  kotlin.reflect.jvm.internal.impl.resolve.scopes.DescriptorKindFilter$Companion
5459:             1             16  kotlin.reflect.jvm.internal.impl.resolve.scopes.MemberScope$Companion
5460:             1             16  kotlin.reflect.jvm.internal.impl.resolve.scopes.MemberScope$Companion$$Lambda$0
5461:             1             16  kotlin.reflect.jvm.internal.impl.resolve.scopes.MemberScope$Empty
5462:             1             16  kotlin.reflect.jvm.internal.impl.serialization.deserialization.ClassDeserializer$Companion
5463:             1             16  kotlin.reflect.jvm.internal.impl.serialization.deserialization.ContractDeserializer$Companion
5464:             1             16  kotlin.reflect.jvm.internal.impl.serialization.deserialization.ContractDeserializer$Companion$DEFAULT$1
5465:             1             16  kotlin.reflect.jvm.internal.impl.serialization.deserialization.DeserializationConfiguration$Default
5466:             1             16  kotlin.reflect.jvm.internal.impl.serialization.deserialization.EnumEntriesDeserializationSupport$Default
5467:             1             16  kotlin.reflect.jvm.internal.impl.serialization.deserialization.ErrorReporter$1
5468:             1             16  kotlin.reflect.jvm.internal.impl.serialization.deserialization.FlexibleTypeDeserializer$ThrowException
5469:             1             16  kotlin.reflect.jvm.internal.impl.serialization.deserialization.JvmEnumEntriesDeserializationSupport
5470:             1             16  kotlin.reflect.jvm.internal.impl.serialization.deserialization.LocalClassifierTypeSettings$Default
5471:             1             16  kotlin.reflect.jvm.internal.impl.serialization.deserialization.ProtoEnumFlags
5472:             1             16  kotlin.reflect.jvm.internal.impl.serialization.deserialization.builtins.BuiltInsPackageFragmentImpl$Companion
5473:             1             16  kotlin.reflect.jvm.internal.impl.serialization.deserialization.builtins.BuiltInsResourceLoader
5474:             1             16  kotlin.reflect.jvm.internal.impl.storage.EmptySimpleLock
5475:             1             16  kotlin.reflect.jvm.internal.impl.storage.LockBasedStorageManager$CacheWithNullableValuesBasedOnMemoizedFunction$1
5476:             1             16  kotlin.reflect.jvm.internal.impl.storage.LockBasedStorageManager$ExceptionHandlingStrategy$1
5477:             1             16  kotlin.reflect.jvm.internal.impl.storage.SimpleLock$Companion
5478:             1             16  kotlin.reflect.jvm.internal.impl.types.AbstractNullabilityChecker
5479:             1             16  kotlin.reflect.jvm.internal.impl.types.AbstractStrictEqualityTypeChecker
5480:             1             16  kotlin.reflect.jvm.internal.impl.types.AbstractTypeChecker
5481:             1             16  kotlin.reflect.jvm.internal.impl.types.AbstractTypeConstructor$$Lambda$1
5482:             1             16  kotlin.reflect.jvm.internal.impl.types.DefaultTypeAttributeTranslator
5483:             1             16  kotlin.reflect.jvm.internal.impl.types.DisjointKeysUnionTypeSubstitution$Companion
5484:             1             16  kotlin.reflect.jvm.internal.impl.types.FlexibleTypeImpl$Companion
5485:             1             16  kotlin.reflect.jvm.internal.impl.types.KotlinTypeFactory
5486:             1             16  kotlin.reflect.jvm.internal.impl.types.KotlinTypeFactory$EMPTY_REFINED_TYPE_FACTORY$1
5487:             1             16  kotlin.reflect.jvm.internal.impl.types.TypeCheckerState$SupertypesPolicy$LowerIfFlexible
5488:             1             16  kotlin.reflect.jvm.internal.impl.types.TypeCheckerState$SupertypesPolicy$None
5489:             1             16  kotlin.reflect.jvm.internal.impl.types.TypeConstructorSubstitution$Companion
5490:             1             16  kotlin.reflect.jvm.internal.impl.types.TypeParameterUpperBoundEraser$Companion
5491:             1             16  kotlin.reflect.jvm.internal.impl.types.TypeSubstitution$Companion
5492:             1             16  kotlin.reflect.jvm.internal.impl.types.TypeSubstitution$Companion$EMPTY$1
5493:             1             16  kotlin.reflect.jvm.internal.impl.types.checker.KotlinTypePreparator$Default
5494:             1             16  kotlin.reflect.jvm.internal.impl.types.checker.KotlinTypeRefiner$Default
5495:             1             16  kotlin.reflect.jvm.internal.impl.types.checker.NewKotlinTypeChecker$Companion
5496:             1             16  kotlin.reflect.jvm.internal.impl.types.checker.SimpleClassicTypeSystemContext
5497:             1             16  kotlin.reflect.jvm.internal.impl.types.checker.StrictEqualityTypeChecker
5498:             1             16  kotlin.reflect.jvm.internal.impl.types.error.ErrorModuleDescriptor
5499:             1             16  kotlin.reflect.jvm.internal.impl.types.error.ErrorModuleDescriptor$$Lambda$0
5500:             1             16  kotlin.reflect.jvm.internal.impl.types.error.ErrorUtils
5501:             1             16  kotlin.reflect.jvm.internal.impl.types.typesApproximation.CapturedTypeApproximationKt$$Lambda$1
5502:             1             16  kotlin.reflect.jvm.internal.impl.util.CheckResult$IllegalFunctionName
5503:             1             16  kotlin.reflect.jvm.internal.impl.util.CheckResult$SuccessCheck
5504:             1             16  kotlin.reflect.jvm.internal.impl.util.Checks$2
5505:             1             16  kotlin.reflect.jvm.internal.impl.util.Checks$3
5506:             1             16  kotlin.reflect.jvm.internal.impl.util.Checks$4
5507:             1             16  kotlin.reflect.jvm.internal.impl.util.EmptyArrayMap
5508:             1             16  kotlin.reflect.jvm.internal.impl.util.IsKPropertyCheck
5509:             1             16  kotlin.reflect.jvm.internal.impl.util.ModuleVisibilityHelper$EMPTY
5510:             1             16  kotlin.reflect.jvm.internal.impl.util.NoDefaultAndVarargsCheck
5511:             1             16  kotlin.reflect.jvm.internal.impl.util.NullableArrayMapAccessor
5512:             1             16  kotlin.reflect.jvm.internal.impl.util.OperatorChecks
5513:             1             16  kotlin.reflect.jvm.internal.impl.util.OperatorChecks$$Lambda$0
5514:             1             16  kotlin.reflect.jvm.internal.impl.util.OperatorChecks$$Lambda$1
5515:             1             16  kotlin.reflect.jvm.internal.impl.util.OperatorChecks$$Lambda$2
5516:             1             16  kotlin.reflect.jvm.internal.impl.util.OperatorNameConventions
5517:             1             16  kotlin.reflect.jvm.internal.impl.util.ReturnsCheck$ReturnsBoolean$$Lambda$0
5518:             1             16  kotlin.reflect.jvm.internal.impl.util.ReturnsCheck$ReturnsInt$$Lambda$0
5519:             1             16  kotlin.reflect.jvm.internal.impl.util.ReturnsCheck$ReturnsUnit$$Lambda$0
5520:             1             16  kotlin.reflect.jvm.internal.impl.utils.FunctionsKt$$Lambda$3
5521:             1             16  kotlin.reflect.jvm.internal.impl.utils.FunctionsKt$$Lambda$4
5522:             1             16  kotlin.reflect.jvm.internal.impl.utils.FunctionsKt$$Lambda$5
5523:             1             16  kotlin.reflect.jvm.internal.impl.utils.FunctionsKt$$Lambda$6
5524:             1             16  kotlin.reflect.jvm.internal.impl.utils.FunctionsKt$$Lambda$7
5525:             1             16  kotlin.reflect.jvm.internal.impl.utils.FunctionsKt$ALWAYS_NULL$1
5526:             1             16  kotlin.reflect.jvm.internal.impl.utils.SmartSet$Companion
5527:             1             16  kotlin.reflect.jvm.internal.impl.utils.WrappedValues$1
5528:             1             16  kotlin.sequences.EmptySequence
5529:             1             16  kotlin.sequences.SequencesKt__SequencesKt$$Lambda/0x000079d52c271b50
5530:             1             16  kotlin.sequences.SequencesKt__SequencesKt$$Lambda/0x000079d52c271f78
5531:             1             16  kotlin.sequences.SequencesKt__SequencesKt$$Lambda/0x000079d52c7722c0
5532:             1             16  kotlin.sequences.SequencesKt___SequencesKt$$Lambda/0x000079d52c260648
5533:             1             16  kotlin.text.Charsets
5534:             1             16  kotlin.text.LinesIterator$State
5535:             1             16  kotlin.text.Regex$Companion
5536:             1             16  kotlin.time.Duration$Companion
5537:             1             16  kotlinx.coroutines.Active
5538:             1             16  kotlinx.coroutines.CoroutineContextKt$$Lambda/0x000079d52c4c45b8
5539:             1             16  kotlinx.coroutines.CoroutineDispatcher$Key$$Lambda/0x000079d52c4ae7c0
5540:             1             16  kotlinx.coroutines.CoroutineExceptionHandler$Key
5541:             1             16  kotlinx.coroutines.Dispatchers
5542:             1             16  kotlinx.coroutines.ExecutorCoroutineDispatcher$Key$$Lambda/0x000079d52c4aebd0
5543:             1             16  kotlinx.coroutines.GlobalScope
5544:             1             16  kotlinx.coroutines.Job$Key
5545:             1             16  kotlinx.coroutines.NonDisposableHandle
5546:             1             16  kotlinx.coroutines.ThreadLocalEventLoop
5547:             1             16  kotlinx.coroutines.channels.ChannelResult$Companion
5548:             1             16  kotlinx.coroutines.channels.ChannelResult$Failed
5549:             1             16  kotlinx.coroutines.flow.internal.NoOpContinuation
5550:             1             16  kotlinx.coroutines.flow.internal.SafeCollector$$Lambda/0x000079d52c4e0a08
5551:             1             16  kotlinx.coroutines.internal.LockFreeTaskQueueCore$Companion
5552:             1             16  kotlinx.coroutines.internal.ThreadContextKt$$Lambda/0x000079d52c4c88c8
5553:             1             16  kotlinx.coroutines.internal.ThreadContextKt$$Lambda/0x000079d52c4c8ad8
5554:             1             16  kotlinx.coroutines.internal.ThreadContextKt$$Lambda/0x000079d52c4c8ee8
5555:             1             16  kotlinx.coroutines.scheduling.CoroutineScheduler$Companion
5556:             1             16  kotlinx.coroutines.scheduling.NanoTimeSource
5557:             1             16  mu.KMarkerFactory
5558:             1             16  mu.KotlinLogging
5559:             1             16  mu.internal.KLoggerFactory
5560:             1             16  mu.internal.KLoggerNameResolver
5561:             1             16  net.engio.mbassy.bus.MessagePublication$Factory
5562:             1             16  net.engio.mbassy.listener.MetadataReader$1
5563:             1             16  net.engio.mbassy.subscription.Subscription$1
5564:             1             16  net.engio.mbassy.subscription.SubscriptionFactory
5565:             1             16  org.apache.commons.io.IOUtils$$Lambda/0x000079d52c03f710
5566:             1             16  org.apache.commons.io.IOUtils$$Lambda/0x000079d52c03f920
5567:             1             16  org.apache.commons.io.IOUtils$$Lambda/0x000079d52c03fb30
5568:             1             16  org.bouncycastle.crypto.CryptoServicesRegistrar$1
5569:             1             16  org.bouncycastle.crypto.signers.StandardDSAEncoding
5570:             1             16  org.bouncycastle.crypto.util.DigestFactory$1
5571:             1             16  org.bouncycastle.crypto.util.DigestFactory$10
5572:             1             16  org.bouncycastle.crypto.util.DigestFactory$11
5573:             1             16  org.bouncycastle.crypto.util.DigestFactory$12
5574:             1             16  org.bouncycastle.crypto.util.DigestFactory$2
5575:             1             16  org.bouncycastle.crypto.util.DigestFactory$3
5576:             1             16  org.bouncycastle.crypto.util.DigestFactory$4
5577:             1             16  org.bouncycastle.crypto.util.DigestFactory$5
5578:             1             16  org.bouncycastle.crypto.util.DigestFactory$6
5579:             1             16  org.bouncycastle.crypto.util.DigestFactory$7
5580:             1             16  org.bouncycastle.crypto.util.DigestFactory$8
5581:             1             16  org.bouncycastle.crypto.util.DigestFactory$9
5582:             1             16  org.bouncycastle.jcajce.provider.asymmetric.dsa.KeyFactorySpi
5583:             1             16  org.bouncycastle.jcajce.provider.asymmetric.elgamal.KeyFactorySpi
5584:             1             16  org.bouncycastle.jcajce.provider.asymmetric.gost.KeyFactorySpi
5585:             1             16  org.bouncycastle.jcajce.provider.asymmetric.rsa.KeyFactorySpi
5586:             1             16  org.bouncycastle.pqc.jcajce.provider.lms.LMSKeyFactorySpi
5587:             1             16  org.bouncycastle.pqc.jcajce.provider.newhope.NHKeyFactorySpi
5588:             1             16  org.bouncycastle.pqc.jcajce.provider.picnic.PicnicKeyFactorySpi
5589:             1             16  org.bouncycastle.pqc.jcajce.provider.sphincs.Sphincs256KeyFactorySpi
5590:             1             16  org.glassfish.hk2.internal.StarFilter
5591:             1             16  org.glassfish.hk2.utilities.cache.Cache$1
5592:             1             16  org.glassfish.hk2.utilities.cache.LRUHybridCache$1
5593:             1             16  org.glassfish.hk2.utilities.cache.LRUHybridCache$CacheEntryImplComparator
5594:             1             16  org.glassfish.jersey.inject.hk2.AbstractHk2InjectionManager$$Lambda/0x000079d52c762de0
5595:             1             16  org.glassfish.jersey.inject.hk2.JerseyClassAnalyzer$$Lambda/0x000079d52c714800
5596:             1             16  org.glassfish.jersey.inject.hk2.JerseyClassAnalyzer$$Lambda/0x000079d52c714a40
5597:             1             16  org.glassfish.jersey.inject.hk2.JerseyErrorService
5598:             1             16  org.glassfish.jersey.internal.AbstractRuntimeDelegate$$Lambda/0x000079d52c725570
5599:             1             16  org.glassfish.jersey.internal.ContextResolverFactory$NullContextResolverAdapter
5600:             1             16  org.glassfish.jersey.internal.LocalizationMessages$BundleSupplier
5601:             1             16  org.glassfish.jersey.internal.ServiceFinder$DefaultServiceIteratorProvider
5602:             1             16  org.glassfish.jersey.internal.config.SystemPropertiesConfigurationModel$$Lambda/0x000079d52c6bfce0
5603:             1             16  org.glassfish.jersey.internal.config.SystemPropertiesConfigurationModel$$Lambda/0x000079d52c704000
5604:             1             16  org.glassfish.jersey.internal.config.SystemPropertiesConfigurationModel$$Lambda/0x000079d52c704230
5605:             1             16  org.glassfish.jersey.internal.config.SystemPropertiesConfigurationModel$$Lambda/0x000079d52c704460
5606:             1             16  org.glassfish.jersey.internal.guava.CacheBuilder$1
5607:             1             16  org.glassfish.jersey.internal.guava.Equivalence$Equals
5608:             1             16  org.glassfish.jersey.internal.guava.Iterators$1
5609:             1             16  org.glassfish.jersey.internal.guava.Iterators$2
5610:             1             16  org.glassfish.jersey.internal.guava.LocalCache$1
5611:             1             16  org.glassfish.jersey.internal.guava.LocalCache$2
5612:             1             16  org.glassfish.jersey.internal.guava.Ticker$1
5613:             1             16  org.glassfish.jersey.internal.inject.AbstractBinder$$Lambda/0x000079d52c6a4b00
5614:             1             16  org.glassfish.jersey.internal.inject.ForeignDescriptorImpl$$Lambda/0x000079d52c839ec8
5615:             1             16  org.glassfish.jersey.internal.inject.Injections$$Lambda/0x000079d52c671968
5616:             1             16  org.glassfish.jersey.internal.inject.ParamConverters$CharacterProvider
5617:             1             16  org.glassfish.jersey.internal.inject.ParamConverters$DateProvider
5618:             1             16  org.glassfish.jersey.internal.inject.ParamConverters$InputStreamProvider
5619:             1             16  org.glassfish.jersey.internal.inject.ParamConverters$OptionalProvider
5620:             1             16  org.glassfish.jersey.internal.inject.ParamConverters$StringConstructor
5621:             1             16  org.glassfish.jersey.internal.inject.ParamConverters$TypeFromString
5622:             1             16  org.glassfish.jersey.internal.inject.ParamConverters$TypeFromStringEnum
5623:             1             16  org.glassfish.jersey.internal.inject.ParamConverters$TypeValueOf
5624:             1             16  org.glassfish.jersey.internal.inject.Providers$$Lambda/0x000079d52c7619d0
5625:             1             16  org.glassfish.jersey.internal.inject.Providers$$Lambda/0x000079d52c763a30
5626:             1             16  org.glassfish.jersey.internal.inject.Providers$$Lambda/0x000079d52c763c60
5627:             1             16  org.glassfish.jersey.internal.inject.Providers$$Lambda/0x000079d52c76e0d8
5628:             1             16  org.glassfish.jersey.internal.inject.Providers$$Lambda/0x000079d52c76e578
5629:             1             16  org.glassfish.jersey.internal.inject.Providers$$Lambda/0x000079d52c83cb80
5630:             1             16  org.glassfish.jersey.internal.inject.Providers$$Lambda/0x000079d52c83cdb0
5631:             1             16  org.glassfish.jersey.internal.routing.CombinedMediaType$1
5632:             1             16  org.glassfish.jersey.internal.util.ReflectionHelper$$Lambda/0x000079d52c664bb8
5633:             1             16  org.glassfish.jersey.internal.util.ReflectionHelper$1
5634:             1             16  org.glassfish.jersey.internal.util.ReflectionHelper$11
5635:             1             16  org.glassfish.jersey.internal.util.collection.Cache$$Lambda/0x000079d52c69d3b0
5636:             1             16  org.glassfish.jersey.internal.util.collection.ImmutableCollectors$$Lambda/0x000079d52c714400
5637:             1             16  org.glassfish.jersey.internal.util.collection.ImmutableCollectors$$Lambda/0x000079d52c718000
5638:             1             16  org.glassfish.jersey.internal.util.collection.ImmutableCollectors$$Lambda/0x000079d52c718220
5639:             1             16  org.glassfish.jersey.internal.util.collection.ImmutableCollectors$$Lambda/0x000079d52c718458
5640:             1             16  org.glassfish.jersey.internal.util.collection.StringIgnoreCaseKeyComparator
5641:             1             16  org.glassfish.jersey.internal.util.collection.Values$1
5642:             1             16  org.glassfish.jersey.internal.util.collection.Values$2
5643:             1             16  org.glassfish.jersey.jackson.internal.JacksonAutoDiscoverable
5644:             1             16  org.glassfish.jersey.logging.LoggingFeatureAutoDiscoverable
5645:             1             16  org.glassfish.jersey.media.multipart.MultiPartFeature
5646:             1             16  org.glassfish.jersey.media.multipart.MultiPartFeatureAutodiscoverable
5647:             1             16  org.glassfish.jersey.media.multipart.internal.FormDataParamInjectionFeature
5648:             1             16  org.glassfish.jersey.message.internal.AcceptableMediaType$1
5649:             1             16  org.glassfish.jersey.message.internal.BasicTypesMessageProvider
5650:             1             16  org.glassfish.jersey.message.internal.ByteArrayProvider
5651:             1             16  org.glassfish.jersey.message.internal.CacheControlProvider
5652:             1             16  org.glassfish.jersey.message.internal.CommittingOutputStream$$Lambda/0x000079d52c83eed0
5653:             1             16  org.glassfish.jersey.message.internal.CookieProvider
5654:             1             16  org.glassfish.jersey.message.internal.DataSourceProvider
5655:             1             16  org.glassfish.jersey.message.internal.DateProvider
5656:             1             16  org.glassfish.jersey.message.internal.EntityTagProvider
5657:             1             16  org.glassfish.jersey.message.internal.EnumMessageProvider
5658:             1             16  org.glassfish.jersey.message.internal.FileProvider
5659:             1             16  org.glassfish.jersey.message.internal.FormProvider
5660:             1             16  org.glassfish.jersey.message.internal.HttpHeaderReader$1
5661:             1             16  org.glassfish.jersey.message.internal.HttpHeaderReader$AcceptableLanguageTagListReader$1
5662:             1             16  org.glassfish.jersey.message.internal.HttpHeaderReader$AcceptableMediaTypeListReader$1
5663:             1             16  org.glassfish.jersey.message.internal.HttpHeaderReader$AcceptableTokenListReader$1
5664:             1             16  org.glassfish.jersey.message.internal.HttpHeaderReader$MediaTypeListReader$1
5665:             1             16  org.glassfish.jersey.message.internal.HttpHeaderReader$QualitySourceMediaTypeListReader$1
5666:             1             16  org.glassfish.jersey.message.internal.HttpHeaderReader$StringListReader$1
5667:             1             16  org.glassfish.jersey.message.internal.InboundMessageContext$1
5668:             1             16  org.glassfish.jersey.message.internal.InputStreamProvider
5669:             1             16  org.glassfish.jersey.message.internal.LinkProvider
5670:             1             16  org.glassfish.jersey.message.internal.LocaleProvider
5671:             1             16  org.glassfish.jersey.message.internal.MediaTypeProvider
5672:             1             16  org.glassfish.jersey.message.internal.MediaTypes$$Lambda/0x000079d52c766b18
5673:             1             16  org.glassfish.jersey.message.internal.MediaTypes$$Lambda/0x000079d52c8633d0
5674:             1             16  org.glassfish.jersey.message.internal.MediaTypes$$Lambda/0x000079d52c863610
5675:             1             16  org.glassfish.jersey.message.internal.MediaTypes$$Lambda/0x000079d52c863840
5676:             1             16  org.glassfish.jersey.message.internal.MediaTypes$1
5677:             1             16  org.glassfish.jersey.message.internal.MediaTypes$2
5678:             1             16  org.glassfish.jersey.message.internal.MessageBodyFactory$$Lambda/0x000079d52c7077a8
5679:             1             16  org.glassfish.jersey.message.internal.MessageBodyFactory$$Lambda/0x000079d52c7079d8
5680:             1             16  org.glassfish.jersey.message.internal.MessageBodyFactory$$Lambda/0x000079d52c707c08
5681:             1             16  org.glassfish.jersey.message.internal.MessageBodyFactory$1
5682:             1             16  org.glassfish.jersey.message.internal.MessageBodyFactory$2
5683:             1             16  org.glassfish.jersey.message.internal.NewCookieProvider
5684:             1             16  org.glassfish.jersey.message.internal.Quality$1
5685:             1             16  org.glassfish.jersey.message.internal.Quality$2
5686:             1             16  org.glassfish.jersey.message.internal.QualitySourceMediaType$1
5687:             1             16  org.glassfish.jersey.message.internal.ReaderProvider
5688:             1             16  org.glassfish.jersey.message.internal.RenderedImageProvider
5689:             1             16  org.glassfish.jersey.message.internal.SourceProvider$StreamSourceReader
5690:             1             16  org.glassfish.jersey.message.internal.StreamingOutputProvider
5691:             1             16  org.glassfish.jersey.message.internal.StringHeaderProvider
5692:             1             16  org.glassfish.jersey.message.internal.StringMessageProvider
5693:             1             16  org.glassfish.jersey.message.internal.TracingLogger$1
5694:             1             16  org.glassfish.jersey.message.internal.UriProvider
5695:             1             16  org.glassfish.jersey.model.ContractProvider$Builder$$Lambda/0x000079d52c66ed90
5696:             1             16  org.glassfish.jersey.model.Parameter$$Lambda/0x000079d52c6b45d0
5697:             1             16  org.glassfish.jersey.model.Parameter$$Lambda/0x000079d52c6b4f60
5698:             1             16  org.glassfish.jersey.model.Parameter$$Lambda/0x000079d52c6b5190
5699:             1             16  org.glassfish.jersey.model.Parameter$$Lambda/0x000079d52c6b53a0
5700:             1             16  org.glassfish.jersey.model.Parameter$$Lambda/0x000079d52c6b55c0
5701:             1             16  org.glassfish.jersey.model.Parameter$ParameterService
5702:             1             16  org.glassfish.jersey.model.internal.CommonConfig$$Lambda/0x000079d52c70c958
5703:             1             16  org.glassfish.jersey.model.internal.CommonConfig$$Lambda/0x000079d52c70f478
5704:             1             16  org.glassfish.jersey.model.internal.ComponentBag$$Lambda/0x000079d52c667260
5705:             1             16  org.glassfish.jersey.model.internal.ComponentBag$$Lambda/0x000079d52c6678c8
5706:             1             16  org.glassfish.jersey.model.internal.ComponentBag$$Lambda/0x000079d52c667b08
5707:             1             16  org.glassfish.jersey.model.internal.ComponentBag$$Lambda/0x000079d52c667d48
5708:             1             16  org.glassfish.jersey.model.internal.ComponentBag$$Lambda/0x000079d52c668000
5709:             1             16  org.glassfish.jersey.model.internal.ComponentBag$$Lambda/0x000079d52c668240
5710:             1             16  org.glassfish.jersey.model.internal.ComponentBag$$Lambda/0x000079d52c668480
5711:             1             16  org.glassfish.jersey.model.internal.ComponentBag$$Lambda/0x000079d52c668ab0
5712:             1             16  org.glassfish.jersey.model.internal.ComponentBag$$Lambda/0x000079d52c70e510
5713:             1             16  org.glassfish.jersey.model.internal.ComponentBag$$Lambda/0x000079d52c70f268
5714:             1             16  org.glassfish.jersey.server.ApplicationHandler$1
5715:             1             16  org.glassfish.jersey.server.ChunkedResponseWriter
5716:             1             16  org.glassfish.jersey.server.ComponentProviderConfigurator$$Lambda/0x000079d52c6bc7a0
5717:             1             16  org.glassfish.jersey.server.ComponentProviderConfigurator$$Lambda/0x000079d52c6bc9d0
5718:             1             16  org.glassfish.jersey.server.ComponentProviderConfigurator$$Lambda/0x000079d52c7617b0
5719:             1             16  org.glassfish.jersey.server.DefaultExceptionMapper
5720:             1             16  org.glassfish.jersey.server.ExternalRequestScopeConfigurator$1
5721:             1             16  org.glassfish.jersey.server.ModelProcessorConfigurator$$Lambda/0x000079d52c759838
5722:             1             16  org.glassfish.jersey.server.ModelProcessorConfigurator$$Lambda/0x000079d52c759a78
5723:             1             16  org.glassfish.jersey.server.ResourceModelConfigurator$$Lambda/0x000079d52c75f1b8
5724:             1             16  org.glassfish.jersey.server.ServerRuntime$Responder$$Lambda/0x000079d52c84b1e0
5725:             1             16  org.glassfish.jersey.server.ServerRuntime$Responder$$Lambda/0x000079d52c84b420
5726:             1             16  org.glassfish.jersey.server.filter.internal.ServerFiltersAutoDiscoverable
5727:             1             16  org.glassfish.jersey.server.internal.LocalizationMessages$BundleSupplier
5728:             1             16  org.glassfish.jersey.server.internal.MappableExceptionWrapperInterceptor
5729:             1             16  org.glassfish.jersey.server.internal.monitoring.EmptyRequestEventBuilder
5730:             1             16  org.glassfish.jersey.server.internal.routing.AbstractMethodSelectingRouter$1
5731:             1             16  org.glassfish.jersey.server.internal.routing.MatchedEndpointExtractorStage
5732:             1             16  org.glassfish.jersey.server.internal.routing.PushMatchedUriRouter
5733:             1             16  org.glassfish.jersey.server.internal.routing.Routers$1
5734:             1             16  org.glassfish.jersey.server.internal.routing.UriRoutingContext$$Lambda/0x000079d52c833018
5735:             1             16  org.glassfish.jersey.server.model.Parameter$ServerParameterService
5736:             1             16  org.glassfish.jersey.server.model.ResourceMethod$Builder$$Lambda/0x000079d52c730618
5737:             1             16  org.glassfish.jersey.server.model.ResourceMethodValidator$$Lambda/0x000079d52c770950
5738:             1             16  org.glassfish.jersey.server.model.RuntimeResource$$Lambda/0x000079d52c75ed60
5739:             1             16  org.glassfish.jersey.server.model.RuntimeResource$1
5740:             1             16  org.glassfish.jersey.server.model.internal.ModelErrors$$Lambda/0x000079d52c7740a0
5741:             1             16  org.glassfish.jersey.server.model.internal.ResourceMethodInvocationHandlerFactory$$Lambda/0x000079d52c76c850
5742:             1             16  org.glassfish.jersey.server.spi.internal.ParameterValueHelper$$Lambda/0x000079d52c76fb50
5743:             1             16  org.glassfish.jersey.server.wadl.WadlFeature
5744:             1             16  org.glassfish.jersey.servlet.WebComponent$$Lambda/0x000079d52c6638a0
5745:             1             16  org.glassfish.jersey.servlet.WebComponent$$Lambda/0x000079d52c778400
5746:             1             16  org.glassfish.jersey.servlet.WebComponent$3
5747:             1             16  org.glassfish.jersey.spi.AbstractThreadPoolProvider$$Lambda/0x000079d52c77ace0
5748:             1             16  org.glassfish.jersey.uri.PathPattern$1
5749:             1             16  org.glassfish.jersey.uri.PatternWithGroups$EmptyStringMatchResult
5750:             1             16  org.glassfish.jersey.uri.UriTemplate$$Lambda/0x000079d52c83c758
5751:             1             16  org.glassfish.jersey.uri.UriTemplate$1
5752:             1             16  org.jboss.threads.ContextHandler$1
5753:             1             16  org.jboss.threads.DiscardingExecutor
5754:             1             16  org.jboss.threads.JBossExecutors$3
5755:             1             16  org.jboss.threads.Version$$Lambda/0x000079d52c799898
5756:             1             16  org.jvnet.hk2.external.generator.ServiceLocatorGeneratorImpl
5757:             1             16  org.jvnet.hk2.internal.PerLookupContext
5758:             1             16  org.jvnet.hk2.internal.Utilities$4
5759:             1             16  org.reflections.ReflectionUtils$$Lambda/0x000079d52c62a800
5760:             1             16  org.reflections.ReflectionUtils$$Lambda/0x000079d52c62aa40
5761:             1             16  org.reflections.ReflectionUtils$$Lambda/0x000079d52c62bcc8
5762:             1             16  org.reflections.ReflectionUtils$$Lambda/0x000079d52c62e6b0
5763:             1             16  org.reflections.ReflectionUtils$$Lambda/0x000079d52c62eae0
5764:             1             16  org.reflections.ReflectionUtils$$Lambda/0x000079d52c62ed20
5765:             1             16  org.reflections.ReflectionUtils$$Lambda/0x000079d52c62f608
5766:             1             16  org.reflections.ReflectionUtils$$Lambda/0x000079d52c62f848
5767:             1             16  org.reflections.ReflectionUtils$$Lambda/0x000079d52c62fa88
5768:             1             16  org.reflections.ReflectionUtils$$Lambda/0x000079d52c62fcc8
5769:             1             16  org.reflections.ReflectionUtils$1
5770:             1             16  org.reflections.ReflectionUtils$2
5771:             1             16  org.reflections.ReflectionUtils$2$$Lambda/0x000079d52c62b088
5772:             1             16  org.reflections.ReflectionUtils$3
5773:             1             16  org.reflections.Reflections$$Lambda/0x000079d52c616598
5774:             1             16  org.reflections.Reflections$$Lambda/0x000079d52c6167c8
5775:             1             16  org.reflections.Reflections$$Lambda/0x000079d52c6169f8
5776:             1             16  org.reflections.Reflections$$Lambda/0x000079d52c62cf80
5777:             1             16  org.reflections.Reflections$$Lambda/0x000079d52c62d1b0
5778:             1             16  org.reflections.Reflections$$Lambda/0x000079d52c62d3e0
5779:             1             16  org.reflections.Reflections$$Lambda/0x000079d52c62d620
5780:             1             16  org.reflections.Reflections$$Lambda/0x000079d52c62d850
5781:             1             16  org.reflections.Reflections$$Lambda/0x000079d52c62da60
5782:             1             16  org.reflections.Reflections$$Lambda/0x000079d52c62dc90
5783:             1             16  org.reflections.Reflections$$Lambda/0x000079d52c62dea0
5784:             1             16  org.reflections.Reflections$$Lambda/0x000079d52c6307c0
5785:             1             16  org.reflections.Reflections$$Lambda/0x000079d52c630e20
5786:             1             16  org.reflections.scanners.Scanners$$Lambda/0x000079d52c6151e0
5787:             1             16  org.reflections.util.ConfigurationBuilder$$Lambda/0x000079d52c615b58
5788:             1             16  org.reflections.util.JavassistHelper$$Lambda/0x000079d52c624608
5789:             1             16  org.reflections.util.JavassistHelper$$Lambda/0x000079d52c624c98
5790:             1             16  org.reflections.util.JavassistHelper$$Lambda/0x000079d52c627c48
5791:             1             16  org.reflections.util.NameHelper$$Lambda/0x000079d52c632470
5792:             1             16  org.reflections.util.NameHelper$$Lambda/0x000079d52c636000
5793:             1             16  org.reflections.util.NameHelper$$Lambda/0x000079d52c636240
5794:             1             16  org.reflections.util.QueryFunction$$Lambda/0x000079d52c629410
5795:             1             16  org.reflections.util.QueryFunction$$Lambda/0x000079d52c629640
5796:             1             16  org.reflections.util.QueryFunction$$Lambda/0x000079d52c62b298
5797:             1             16  org.reflections.util.QueryFunction$$Lambda/0x000079d52c632cf8
5798:             1             16  org.reflections.vfs.ZipDir$$Lambda/0x000079d52c619598
5799:             1             16  org.slf4j.helpers.NOPLoggerFactory
5800:             1             16  org.slf4j.helpers.NOPMDCAdapter
5801:             1             16  org.wildfly.common.context.ContextManager$$Lambda/0x000079d52c791210
5802:             1             16  org.xnio.Buffers$5
5803:             1             16  org.xnio.ChannelListeners$1
5804:             1             16  org.xnio.ChannelListeners$2
5805:             1             16  org.xnio.ChannelListeners$23
5806:             1             16  org.xnio.ChannelListeners$3
5807:             1             16  org.xnio.IoUtils$10
5808:             1             16  org.xnio.IoUtils$4
5809:             1             16  org.xnio.IoUtils$5
5810:             1             16  org.xnio.IoUtils$6
5811:             1             16  org.xnio.IoUtils$8
5812:             1             16  org.xnio.IoUtils$ManagerNotifier
5813:             1             16  org.xnio.IoUtils$ResultNotifier
5814:             1             16  org.xnio.Option$1
5815:             1             16  org.xnio.Option$2
5816:             1             16  org.xnio.Option$3
5817:             1             16  org.xnio.Option$4
5818:             1             16  org.xnio.Option$5
5819:             1             16  org.xnio.Option$6
5820:             1             16  org.xnio.Option$7
5821:             1             16  org.xnio.Option$8
5822:             1             16  org.xnio.StreamConnection$$Lambda/0x000079d52c81ecd0
5823:             1             16  org.xnio.Xnio$1
5824:             1             16  org.xnio.XnioWorker$$Lambda/0x000079d52c790bc8
5825:             1             16  org.xnio.XnioWorker$$Lambda/0x000079d52c791650
5826:             1             16  org.xnio.XnioWorker$$Lambda/0x000079d52c791860
5827:             1             16  org.xnio.XnioWorker$5
5828:             1             16  org.xnio.XnioWorker$6
5829:             1             16  org.xnio.channels.Configurable$1
5830:             1             16  org.yaml.snakeyaml.external.com.google.gdata.util.common.base.UnicodeEscaper$2
5831:             1             16  picocli.CommandLine$Help$ColorScheme$1
5832:             1             16  sun.management.ManagementFactoryHelper$$Lambda/0x000079d52c35b878 (java.management@21.0.6)
5833:             1             16  sun.management.ThreadImpl$$Lambda/0x000079d52c6d1928 (java.management@21.0.6)
5834:             1             16  sun.misc.Unsafe (jdk.unsupported@21.0.6)
5835:             1             16  sun.net.spi.DefaultProxySelector (java.base@21.0.6)
5836:             1             16  sun.net.www.protocol.file.Handler (java.base@21.0.6)
5837:             1             16  sun.net.www.protocol.jar.Handler (java.base@21.0.6)
5838:             1             16  sun.net.www.protocol.jar.JarFileFactory (java.base@21.0.6)
5839:             1             16  sun.net.www.protocol.jrt.Handler (java.base@21.0.6)
5840:             1             16  sun.nio.ch.DefaultSelectorProvider$$Lambda/0x000079d52c373480 (java.base@21.0.6)
5841:             1             16  sun.nio.ch.EPollSelectorProvider (java.base@21.0.6)
5842:             1             16  sun.nio.ch.ExtendedSocketOption$1 (java.base@21.0.6)
5843:             1             16  sun.nio.ch.FileChannelImpl$2 (java.base@21.0.6)
5844:             1             16  sun.nio.ch.FileChannelImpl$3 (java.base@21.0.6)
5845:             1             16  sun.nio.ch.FileDispatcherImpl (java.base@21.0.6)
5846:             1             16  sun.nio.ch.Net$1 (java.base@21.0.6)
5847:             1             16  sun.nio.ch.Util$1 (java.base@21.0.6)
5848:             1             16  sun.nio.fs.NativeBuffers$1 (java.base@21.0.6)
5849:             1             16  sun.reflect.generics.tree.BooleanSignature (java.base@21.0.6)
5850:             1             16  sun.reflect.generics.tree.BottomSignature (java.base@21.0.6)
5851:             1             16  sun.reflect.generics.tree.ByteSignature (java.base@21.0.6)
5852:             1             16  sun.reflect.generics.tree.IntSignature (java.base@21.0.6)
5853:             1             16  sun.reflect.generics.tree.LongSignature (java.base@21.0.6)
5854:             1             16  sun.reflect.generics.tree.VoidDescriptor (java.base@21.0.6)
5855:             1             16  sun.security.pkcs11.SunPKCS11$$Lambda/0x000079d52c3b4d80 (jdk.crypto.cryptoki@21.0.6)
5856:             1             16  sun.security.provider.AbstractDrbg$$Lambda/0x000079d52c3d5590 (java.base@21.0.6)
5857:             1             16  sun.security.provider.DRBG$$Lambda/0x000079d52c3d40d0 (java.base@21.0.6)
5858:             1             16  sun.security.util.AlgorithmDecomposer (java.base@21.0.6)
5859:             1             16  sun.security.util.ByteArrayLexOrder (java.base@21.0.6)
5860:             1             16  sun.security.util.ByteArrayTagOrder (java.base@21.0.6)
5861:             1             16  sun.security.util.ManifestDigester$$Lambda/0x000079d52c35f8d0 (java.base@21.0.6)
5862:             1             16  sun.security.x509.X500Name$$Lambda/0x000079d52c36bd78 (java.base@21.0.6)
5863:             1             16  sun.util.cldr.CLDRBaseLocaleDataMetaInfo (java.base@21.0.6)
5864:             1             16  sun.util.cldr.CLDRLocaleProviderAdapter$$Lambda/0x80000005f (java.base@21.0.6)
5865:             1             16  sun.util.cldr.CLDRLocaleProviderAdapter$$Lambda/0x800000061 (java.base@21.0.6)
5866:             1             16  sun.util.locale.InternalLocaleBuilder$CaseInsensitiveChar (java.base@21.0.6)
5867:             1             16  sun.util.locale.provider.CalendarDataUtility$CalendarWeekParameterGetter (java.base@21.0.6)
5868:             1             16  sun.util.locale.provider.LocaleProviderAdapter$$Lambda/0x800000068 (java.base@21.0.6)
5869:             1             16  sun.util.locale.provider.LocaleProviderAdapter$$Lambda/0x800000069 (java.base@21.0.6)
5870:             1             16  sun.util.locale.provider.TimeZoneNameUtility$TimeZoneNameGetter (java.base@21.0.6)
5871:             1             16  sun.util.logging.internal.LoggingProviderImpl (java.logging@21.0.6)
5872:             1             16  sun.util.resources.LocaleData$LocaleDataStrategy (java.base@21.0.6)
5873:             1             16  sun.util.resources.cldr.provider.CLDRLocaleDataMetaInfo (jdk.localedata@21.0.6)
Total      23998020     2577118248
