9:
 num     #instances         #bytes  class name (module)
-------------------------------------------------------
   1:      22845247      731047904  com.aerospike.vector.common.HashableByteArray
   2:       4301295      711994384  [B (java.base@21.0.6)
   3:       9766564      546927584  java.util.LinkedHashMap$Entry (java.base@21.0.6)
   4:       1000010      528001512  [F (java.base@21.0.6)
   5:       2100794      402449720  [Ljava.lang.Object; (java.base@21.0.6)
   6:       9679780      309752960  com.aerospike.client.Bin
   7:        986523      141586720  [Ljava.util.HashMap$Node; (java.base@21.0.6)
   8:        968022      131650992  com.aerospike.client.async.AsyncWrite
   9:       1066617      127994040  com.aerospike.vector.index.hnsw.GraphVertex
  10:        968037      108420144  com.aerospike.client.async.NettyCommand
  11:        968022       92926592  [Lcom.aerospike.client.Bin;
  12:        985565       86729720  java.util.LinkedHashMap (java.base@21.0.6)
  13:       2903956       69694944  com.aerospike.client.Value$BytesValue
  14:       2064079       66050528  java.util.ArrayList (java.base@21.0.6)
  15:        968037       61954368  com.aerospike.client.async.HashedWheelTimer$HashedWheelTimeout
  16:        968036       54210016  com.aerospike.client.cluster.Partition
  17:       1000005       48000240  com.aerospike.vector.client.proto.Vector
  18:       1000004       48000192  com.aerospike.vector.client.proto.FloatData
  19:        980598       47068704  com.aerospike.client.Key
  20:       1117635       44705400  java.util.concurrent.ConcurrentHashMap$Node (java.base@21.0.6)
  21:        974617       38984680  com.aerospike.vector.storage.StorageRecord
  22:        967967       38718680  com.aerospike.vector.storage.AerospikeStorageKvs$asyncSaveChunk$jobs$1$1$1
  23:       1000004       32000128  com.google.protobuf.FloatArrayList
  24:        980665       31381280  kotlinx.coroutines.CompletableDeferredImpl
  25:        974617       31187744  com.aerospike.vector.storage.AerospikeStorageRecordId
  26:       1935934       30974944  com.aerospike.client.Value$IntegerValue
  27:        967967       30974944  com.aerospike.client.Value$ListValue
  28:        975451       23410824  java.util.LinkedHashMap$LinkedEntrySet (java.base@21.0.6)
  29:        975257       23406168  java.lang.Long (java.base@21.0.6)
  30:        968022       23232528  com.aerospike.client.Value$LongValue
  31:        967971       23231304  com.aerospike.client.Value$StringValue
  32:           719       17655904  [Ljava.util.concurrent.ConcurrentHashMap$Node; (java.base@21.0.6)
  33:        967967       15487472  com.aerospike.client.Value$BooleanValue
  34:        124587        3986784  java.lang.String (java.base@21.0.6)
  35:         16655        3653832  [I (java.base@21.0.6)
  36:         15413        2992768  java.lang.Class (java.base@21.0.6)
  37:         10888        2799472  [J (java.base@21.0.6)
  38:         10561        1520784  java.lang.reflect.Method (java.base@21.0.6)
  39:          9841         944736  com.aerospike.client.AerospikeException$Backoff
  40:         20397         815880  java.util.HashMap$Node (java.base@21.0.6)
  41:         10109         808656  [S (java.base@21.0.6)
  42:          7179         459456  kotlin.reflect.jvm.internal.impl.protobuf.SmallSortedMap$1
  43:          3546         397152  java.security.Provider$Service (java.base@21.0.6)
  44:          3248         363776  java.lang.reflect.Field (java.base@21.0.6)
  45:         21675         346800  java.lang.Object (java.base@21.0.6)
  46:          4983         318912  java.lang.invoke.MemberName (java.base@21.0.6)
  47:          7951         318040  java.security.Provider$ServiceKey (java.base@21.0.6)
  48:          2790         312480  kotlin.reflect.jvm.internal.impl.metadata.ProtoBuf$Type
  49:          9418         309768  [Ljava.lang.Class; (java.base@21.0.6)
  50:          3101         297696  io.netty.buffer.PoolSubpage
  51:          6643         265720  java.util.Hashtable$Entry (java.base@21.0.6)
  52:          1697         244368  kotlin.reflect.jvm.internal.impl.metadata.ProtoBuf$Function
  53:          9907         237768  kotlinx.coroutines.CompletedExceptionally
  54:          3979         222824  java.lang.ref.SoftReference (java.base@21.0.6)
  55:          3680         206080  io.netty.util.internal.shaded.org.jctools.queues.unpadded.MpscUnpaddedArrayQueue
  56:          4096         196608  com.aerospike.client.query.PartitionStatus
  57:          2995         191680  java.lang.invoke.MethodType (java.base@21.0.6)
  58:          2256         190392  [Ljava.lang.String; (java.base@21.0.6)
  59:          2847         182208  java.util.HashMap (java.base@21.0.6)
  60:          1799         172704  java.util.concurrent.ConcurrentHashMap (java.base@21.0.6)
  61:          4313         172520  java.util.concurrent.locks.ReentrantLock$NonfairSync (java.base@21.0.6)
  62:          7179         172296  kotlin.reflect.jvm.internal.impl.protobuf.FieldSet
  63:          3448         165504  java.lang.invoke.LambdaForm$Name (java.base@21.0.6)
  64:          6746         161904  java.util.jar.Attributes (java.base@21.0.6)
  65:          4884         156288  kotlin.reflect.jvm.internal.ReflectProperties$LazySoftVal
  66:           511         154248  [C (java.base@21.0.6)
  67:           256         151552  io.netty.util.internal.shaded.org.jctools.queues.MpscChunkedArrayQueue
  68:          4634         148288  java.util.Collections$UnmodifiableRandomAccessList (java.base@21.0.6)
  69:          2015         145080  kotlinx.coroutines.internal.DispatchedContinuation
  70:          3020         144960  jdk.internal.util.WeakReferenceKey (java.base@21.0.6)
  71:          3588         143520  io.netty.buffer.PoolThreadCache$SubPageMemoryRegionCache
  72:          8764         140224  java.lang.Integer (java.base@21.0.6)
  73:          1146         137520  java.lang.reflect.Constructor (java.base@21.0.6)
  74:          1129         135480  com.aerospike.client.policy.WritePolicy
  75:          2092         133888  sun.util.locale.LocaleObjectCache$CacheEntry (java.base@21.0.6)
  76:          1261         131144  java.lang.Class$ReflectionData (java.base@21.0.6)
  77:          4080         130560  io.netty.util.Recycler$DefaultHandle
  78:          1066         119392  io.netty.buffer.PooledUnsafeDirectByteBuf
  79:          1481         118480  kotlin.reflect.jvm.internal.impl.metadata.ProtoBuf$ValueParameter
  80:            16         117984  [Ljava.util.Hashtable$Entry; (java.base@21.0.6)
  81:           716         116352  [Ljava.util.WeakHashMap$Entry; (java.base@21.0.6)
  82:          3584         114688  com.aerospike.client.async.HashedWheelTimer$HashedWheelBucket
  83:           109         112824  [Lio.netty.handler.codec.http2.HpackHeaderField;
  84:           846         111672  [Ljava.lang.ref.SoftReference; (java.base@21.0.6)
  85:            94         111584  [Lio.netty.buffer.PoolSubpage;
  86:          1980         110880  kotlinx.coroutines.ChildHandleNode
  87:          1688         108032  java.util.WeakHashMap$Entry (java.base@21.0.6)
  88:          3218         102976  java.lang.invoke.ResolvedMethodName (java.base@21.0.6)
  89:          2546         101840  io.netty.util.AsciiString
  90:          2373          94920  kotlin.SafePublicationLazyImpl
  91:           975          93600  com.aerospike.vector.index.StandaloneIndexWorker$persistToStorage$4$1
  92:          3897          93528  java.util.concurrent.locks.ReentrantLock (java.base@21.0.6)
  93:          1932          92736  io.netty.buffer.PoolThreadCache$MemoryRegionCache$Entry
  94:           890          92520  [Ljava.lang.reflect.Method; (java.base@21.0.6)
  95:          1109          88720  java.lang.StackTraceElement (java.base@21.0.6)
  96:           975          85800  com.aerospike.vector.storage.AerospikeStorageKvs$put$2
  97:          1168          84096  java.lang.invoke.DirectMethodHandle$Constructor (java.base@21.0.6)
  98:          1688          81024  kotlin.reflect.jvm.internal.impl.name.FqNameUnsafe
  99:           765          79560  kotlin.reflect.jvm.internal.impl.metadata.ProtoBuf$Annotation$Argument$Value
 100:           583          79288  kotlin.reflect.jvm.internal.impl.metadata.ProtoBuf$Property
 101:          1944          77760  kotlin.reflect.jvm.internal.impl.storage.LockBasedStorageManager$LockBasedNotNullLazyValue
 102:           862          75856  io.netty.channel.ChannelOutboundBuffer$Entry
 103:           358          74464  kotlin.reflect.jvm.internal.impl.serialization.deserialization.descriptors.DeserializedSimpleFunctionDescriptor
 104:           124          72416  io.netty.util.internal.shaded.org.jctools.queues.MpscUnboundedArrayQueue
 105:           979          70488  kotlinx.coroutines.JobSupport$AwaitContinuation
 106:           975          70200  com.aerospike.vector.storage.AerospikeStorageKvs$asyncSaveChunk$1
 107:          2112          67584  kotlin.coroutines.CombinedContext
 108:           696          67496  [Ljava.lang.invoke.LambdaForm$Name; (java.base@21.0.6)
 109:          1178          65968  java.lang.invoke.DirectMethodHandle (java.base@21.0.6)
 110:          2693          64632  kotlin.reflect.jvm.internal.impl.name.Name
 111:          1133          63448  io.netty.handler.codec.http2.HpackEncoder$NameValueEntry
 112:           261          62640  kotlin.reflect.jvm.internal.impl.metadata.ProtoBuf$Class
 113:          1951          62432  java.util.ArrayList$Itr (java.base@21.0.6)
 114:           975          62400  com.aerospike.vector.storage.AerospikeStorageKvs$asyncSaveChunk$2
 115:          1807          57824  kotlin.reflect.jvm.internal.impl.name.FqName
 116:          1424          56960  com.google.inject.Key
 117:           879          56256  java.lang.invoke.BoundMethodHandle$Species_LL (java.base@21.0.6)
 118:          1001          56056  kotlinx.coroutines.ChildContinuation
 119:          1725          55200  java.security.Provider$UString (java.base@21.0.6)
 120:           979          54824  kotlinx.coroutines.ResumeAwaitOnCompletion
 121:           978          54768  kotlinx.coroutines.DisposeOnCompletion
 122:           978          54768  kotlinx.coroutines.TimeoutCoroutine
 123:          1369          54760  sun.reflect.annotation.AnnotationInvocationHandler (java.base@21.0.6)
 124:           201          54424  [Ljava.lang.ClassValue$Entry; (java.base@21.0.6)
 125:          1334          53360  kotlin.reflect.jvm.internal.impl.protobuf.SmallSortedMap$Entry
 126:          2198          52752  kotlin.reflect.jvm.internal.impl.protobuf.SmallSortedMap$EntrySet
 127:           142          52392  [Ljava.lang.invoke.MethodHandle; (java.base@21.0.6)
 128:          1072          51456  kotlin.reflect.jvm.internal.impl.metadata.ProtoBuf$Annotation
 129:          1608          51456  sun.reflect.generics.tree.SimpleClassTypeSignature (java.base@21.0.6)
 130:          1063          51024  sun.util.locale.BaseLocale (java.base@21.0.6)
 131:           579          50952  kotlin.reflect.jvm.internal.impl.metadata.jvm.JvmProtoBuf$StringTableTypes$Record
 132:           691          49752  java.lang.invoke.LambdaForm (java.base@21.0.6)
 133:           428          47936  java.net.URL (java.base@21.0.6)
 134:          1187          47480  com.google.inject.spi.Dependency
 135:           388          46560  com.google.common.cache.LocalCache$Segment
 136:          1439          46048  com.google.inject.TypeLiteral
 137:          1095          43800  kotlinx.coroutines.StandaloneCoroutine
 138:          1063          42520  java.util.Locale (java.base@21.0.6)
 139:           661          42304  java.lang.reflect.Parameter (java.base@21.0.6)
 140:           875          42000  java.lang.ref.ReferenceQueue (java.base@21.0.6)
 141:          1044          41760  sun.util.locale.BaseLocale$Key (java.base@21.0.6)
 142:            11          41296  [Ljava.nio.ByteBuffer; (java.base@21.0.6)
 143:          1024          40960  java.util.concurrent.locks.AbstractQueuedSynchronizer$ConditionObject (java.base@21.0.6)
 144:           180          40320  kotlin.reflect.jvm.internal.impl.serialization.deserialization.descriptors.DeserializedPropertyDescriptor
 145:           993          39720  kotlinx.coroutines.NodeList
 146:           177          39648  io.netty.channel.epoll.EpollSocketChannel
 147:           978          39120  kotlinx.coroutines.EventLoopImplBase$DelayedRunnableTask
 148:           222          39072  java.lang.Thread (java.base@21.0.6)
 149:           373          38792  io.netty.handler.codec.http2.WeightedFairQueueByteDistributor$State
 150:          1606          38544  sun.reflect.generics.tree.ClassTypeSignature (java.base@21.0.6)
 151:           513          36936  java.util.WeakHashMap (java.base@21.0.6)
 152:           316          35392  kotlin.reflect.jvm.internal.KFunctionImpl
 153:           438          35040  java.lang.invoke.DirectMethodHandle$StaticAccessor (java.base@21.0.6)
 154:          1095          35040  org.bouncycastle.asn1.ASN1ObjectIdentifier
 155:           727          34896  java.lang.ref.WeakReference (java.base@21.0.6)
 156:           850          34000  java.lang.invoke.LambdaForm$NamedFunction (java.base@21.0.6)
 157:           421          33680  jdk.internal.ref.CleanerImpl$PhantomCleanableRef (java.base@21.0.6)
 158:             1          32784  [Lcom.aerospike.client.query.PartitionStatus;
 159:          1017          32544  io.netty.handler.codec.http2.HpackHeaderField
 160:           184          32384  [Lio.netty.buffer.PoolThreadCache$MemoryRegionCache;
 161:           805          32200  java.net.InetAddress$InetAddressHolder (java.base@21.0.6)
 162:           465          32048  [Ljava.lang.reflect.Field; (java.base@21.0.6)
 163:          1324          31776  java.util.LinkedHashSet (java.base@21.0.6)
 164:           264          30432  [Lio.netty.util.internal.PriorityQueueNode;
 165:           629          30192  java.lang.Package (java.base@21.0.6)
 166:           538          30128  java.lang.invoke.BoundMethodHandle$Species_L (java.base@21.0.6)
 167:           753          30120  kotlin.SynchronizedLazyImpl
 168:           198          30096  java.util.jar.JarFile$JarFileEntry (java.base@21.0.6)
 169:           178          29904  org.jvnet.hk2.internal.SystemDescriptor
 170:          1608          29624  [Lsun.reflect.generics.tree.TypeArgument; (java.base@21.0.6)
 171:           924          29568  java.util.ArrayDeque (java.base@21.0.6)
 172:           231          29568  kotlin.reflect.jvm.internal.KProperty1Impl
 173:           261          29232  com.google.protobuf.Descriptors$FieldDescriptor
 174:           946          28984  [Ljava.lang.reflect.Type; (java.base@21.0.6)
 175:            14          28896  [Lcom.aerospike.client.async.HashedWheelTimer$HashedWheelBucket;
 176:           715          28600  java.util.LinkedList (java.base@21.0.6)
 177:           357          28560  kotlin.reflect.jvm.internal.impl.descriptors.impl.ValueParameterDescriptorImpl
 178:           356          28480  kotlin.reflect.jvm.internal.impl.metadata.jvm.JvmProtoBuf$JvmPropertySignature
 179:          1164          27936  java.util.jar.Attributes$Name (java.base@21.0.6)
 180:           262          27248  com.google.protobuf.DescriptorProtos$FieldDescriptorProto
 181:           672          26880  kotlin.reflect.jvm.internal.impl.storage.LockBasedStorageManager$MapBasedMemoizedFunction
 182:           174          26448  sun.nio.fs.UnixFileAttributes (java.base@21.0.6)
 183:           179          26288  [Ljava.lang.ThreadLocal$ThreadLocalMap$Entry; (java.base@21.0.6)
 184:           651          26040  com.google.inject.internal.SingleParameterInjector
 185:           108          25920  [Lio.netty.handler.codec.http2.HpackEncoder$NameEntry;
 186:           108          25920  [Lio.netty.handler.codec.http2.HpackEncoder$NameValueEntry;
 187:           123          25888  [Z (java.base@21.0.6)
 188:           402          25728  com.fasterxml.jackson.databind.introspect.AnnotatedMethod
 189:           453          25368  kotlin.reflect.jvm.internal.impl.metadata.ProtoBuf$Type$Argument
 190:           624          24960  java.util.LinkedList$Node (java.base@21.0.6)
 191:           444          24864  java.util.IdentityHashMap (java.base@21.0.6)
 192:           384          24576  io.netty.buffer.PoolChunkList
 193:           512          24576  io.netty.handler.codec.CodecOutputList
 194:           436          24416  java.lang.ThreadLocal$ThreadLocalMap$Entry (java.base@21.0.6)
 195:           508          24384  java.lang.invoke.MethodTypeForm (java.base@21.0.6)
 196:          1003          24072  kotlinx.coroutines.DisposeOnCancel
 197:           331          23832  io.netty.util.collection.IntObjectHashMap
 198:            82          22960  java.util.concurrent.atomic.Striped64$Cell (java.base@21.0.6)
 199:           476          22848  kotlin.reflect.jvm.internal.impl.metadata.ProtoBuf$Annotation$Argument
 200:           256          22528  io.netty.channel.DefaultChannelHandlerContext
 201:           310          22320  java.lang.invoke.LambdaFormEditor$Transform (java.base@21.0.6)
 202:           896          21504  io.netty.buffer.IntPriorityQueue
 203:            81          21384  io.grpc.netty.NettyClientHandler
 204:           665          21280  kotlin.reflect.jvm.internal.impl.name.ClassId
 205:            94          21056  org.glassfish.hk2.internal.ConstantActiveDescriptor
 206:           871          20904  java.util.HashSet (java.base@21.0.6)
 207:           174          20880  java.util.zip.ZipFile$Source (java.base@21.0.6)
 208:           517          20680  com.google.common.cache.LocalCache$StrongEntry
 209:           424          20352  com.fasterxml.jackson.databind.util.internal.PrivateMaxEntriesMap$Node
 210:           141          20304  com.fasterxml.jackson.databind.deser.CreatorProperty
 211:           358          20048  kotlin.reflect.jvm.internal.impl.types.SimpleTypeImpl
 212:           356          19936  kotlin.reflect.jvm.internal.impl.metadata.ProtoBuf$QualifiedNameTable$QualifiedName
 213:           819          19656  java.util.LinkedHashMap$LinkedKeySet (java.base@21.0.6)
 214:           153          19584  org.glassfish.hk2.utilities.DescriptorImpl
 215:           485          19400  kotlin.reflect.jvm.internal.impl.storage.LockBasedStorageManager$MapBasedMemoizedFunctionToNotNull
 216:           201          19296  io.netty.channel.DefaultChannelPipeline$HeadContext
 217:           601          19200  [Ljava.security.cert.Certificate; (java.base@21.0.6)
 218:           182          18928  kotlin.reflect.jvm.internal.impl.descriptors.impl.PropertyGetterDescriptorImpl
 219:            38          18848  io.grpc.internal.ManagedChannelImpl
 220:           471          18840  java.math.BigInteger (java.base@21.0.6)
 221:           292          18688  com.google.inject.internal.ChildBindingAlreadySetError
 222:            97          18624  com.google.common.cache.LocalCache
 223:           582          18624  java.lang.Class$AnnotationData (java.base@21.0.6)
 224:           774          18576  java.util.Collections$SingletonList (java.base@21.0.6)
 225:            35          18480  [Ljava.util.concurrent.ForkJoinTask; (java.base@21.0.6)
 226:           104          18304  io.netty.util.internal.InternalThreadLocalMap
 227:           564          18048  java.net.InetSocketAddress$InetSocketAddressHolder (java.base@21.0.6)
 228:           443          17720  jdk.internal.reflect.MethodHandleObjectFieldAccessorImpl (java.base@21.0.6)
 229:           246          17712  java.util.logging.LogManager$LoggerWeakRef (java.logging@21.0.6)
 230:           201          17688  io.netty.channel.ChannelOutboundBuffer
 231:           201          17688  io.netty.channel.DefaultChannelPipeline$TailContext
 232:           201          17688  io.netty.util.concurrent.ScheduledFutureTask
 233:           130          17680  com.fasterxml.jackson.databind.deser.impl.FieldProperty
 234:           367          17616  kotlin.reflect.jvm.internal.impl.metadata.jvm.JvmProtoBuf$JvmMethodSignature
 235:           200          17600  java.lang.ClassValue$ClassValueMap (java.base@21.0.6)
 236:           550          17600  kotlin.reflect.jvm.internal.impl.renderer.DescriptorRendererOptionsImpl$property$$inlined$vetoable$1
 237:           733          17592  com.fasterxml.jackson.databind.introspect.AnnotationMap
 238:            81          17496  io.grpc.netty.NettyClientTransport
 239:           243          17496  java.lang.Package$VersionInfo (java.base@21.0.6)
 240:           239          17208  java.util.concurrent.locks.ReentrantReadWriteLock$NonfairSync (java.base@21.0.6)
 241:           528          16896  io.netty.util.internal.DefaultPriorityQueue
 242:           528          16896  java.util.concurrent.atomic.LongAdder (java.base@21.0.6)
 243:           117          16848  java.net.URI (java.base@21.0.6)
 244:           351          16848  kotlin.reflect.jvm.internal.impl.metadata.jvm.JvmProtoBuf$JvmFieldSignature
 245:             1          16400  [Lkotlinx.coroutines.internal.ThreadSafeHeapNode;
 246:           507          16224  java.util.Collections$SetFromMap (java.base@21.0.6)
 247:           253          16192  io.netty.buffer.PooledSlicedByteBuf
 248:           201          16080  io.netty.channel.DefaultChannelPipeline
 249:           670          16080  java.util.LinkedHashMap$LinkedValues (java.base@21.0.6)
 250:           182          16016  java.nio.DirectByteBuffer (java.base@21.0.6)
 251:           216          15552  io.netty.handler.codec.http2.DefaultHttp2Connection$DefaultEndpoint
 252:           647          15528  kotlin.reflect.jvm.internal.KCallableImpl$$Lambda$0
 253:           647          15528  kotlin.reflect.jvm.internal.KCallableImpl$$Lambda$1
 254:           647          15528  kotlin.reflect.jvm.internal.KCallableImpl$$Lambda$2
 255:           647          15528  kotlin.reflect.jvm.internal.KCallableImpl$$Lambda$3
 256:           647          15528  kotlin.reflect.jvm.internal.KCallableImpl$$Lambda$4
 257:            62          15376  io.netty.channel.epoll.EpollEventLoop
 258:           174          15312  java.util.jar.JarFile (java.base@21.0.6)
 259:           636          15264  kotlin.reflect.jvm.internal.KCallableImpl$$Lambda$5
 260:           172          15136  kotlin.reflect.jvm.internal.impl.serialization.deserialization.DeserializationContext
 261:           376          15040  java.lang.module.ModuleDescriptor$Exports (java.base@21.0.6)
 262:           206          14832  java.util.concurrent.ThreadPoolExecutor$Worker (java.base@21.0.6)
 263:           463          14816  java.net.Inet4Address (java.base@21.0.6)
 264:           370          14800  sun.reflect.generics.reflectiveObjects.ParameterizedTypeImpl (java.base@21.0.6)
 265:           264          14784  sun.security.util.KnownOIDs (java.base@21.0.6)
 266:           205          14760  ch.qos.logback.classic.Logger
 267:           184          14720  com.google.inject.internal.ProviderInstanceBindingImpl
 268:           203          14616  java.util.zip.Inflater (java.base@21.0.6)
 269:           303          14544  java.util.concurrent.FutureTask (java.base@21.0.6)
 270:           223          14272  kotlin.reflect.jvm.internal.impl.metadata.ProtoBuf$Constructor
 271:           178          14240  java.io.FileCleanable (java.base@21.0.6)
 272:           177          14160  io.netty.channel.epoll.EpollSocketChannel$EpollSocketChannelUnsafe
 273:           177          14160  io.netty.channel.epoll.EpollSocketChannelConfig
 274:           584          14016  com.google.common.cache.LocalCache$StrongValueReference
 275:           342          13680  java.net.Inet6Address (java.base@21.0.6)
 276:           342          13680  java.net.Inet6Address$Inet6AddressHolder (java.base@21.0.6)
 277:           284          13632  java.lang.Thread$FieldHolder (java.base@21.0.6)
 278:           564          13536  java.net.InetSocketAddress (java.base@21.0.6)
 279:            65          13520  kotlin.reflect.jvm.internal.impl.serialization.deserialization.descriptors.DeserializedClassDescriptor
 280:           280          13440  com.fasterxml.jackson.databind.introspect.AnnotatedParameter
 281:           105          13440  java.util.regex.Pattern (java.base@21.0.6)
 282:           167          13360  java.util.TreeMap (java.base@21.0.6)
 283:           208          13312  sun.security.pkcs11.SunPKCS11$Descriptor (jdk.crypto.cryptoki@21.0.6)
 284:           236          13216  kotlin.reflect.jvm.internal.impl.serialization.deserialization.MemberDeserializer$$Lambda$5
 285:           540          12960  io.netty.handler.codec.http2.DefaultHttp2Connection$DefaultPropertyKey
 286:           141          12864  [Ljava.security.ProtectionDomain; (java.base@21.0.6)
 287:           201          12864  io.netty.channel.AbstractChannel$CloseFuture
 288:           402          12864  io.netty.channel.VoidChannelPromise
 289:           802          12832  java.util.concurrent.atomic.AtomicInteger (java.base@21.0.6)
 290:           532          12768  java.util.concurrent.atomic.AtomicReferenceArray (java.base@21.0.6)
 291:           499          12720  [Ljava.lang.reflect.Constructor; (java.base@21.0.6)
 292:           174          12528  jdk.internal.loader.URLClassPath$JarLoader (java.base@21.0.6)
 293:           104          12480  com.google.protobuf.DescriptorProtos$DescriptorProto
 294:           172          12384  kotlin.reflect.jvm.internal.impl.serialization.deserialization.TypeDeserializer
 295:           103          12360  com.google.protobuf.Descriptors$Descriptor
 296:           309          12360  kotlin.reflect.jvm.internal.impl.storage.LockBasedStorageManager$LockBasedLazyValue
 297:           386          12352  com.fasterxml.jackson.databind.introspect.MemberKey
 298:           256          12288  io.netty.util.Recycler$LocalPool
 299:           219          12264  java.util.TreeMap$Entry (java.base@21.0.6)
 300:           255          12240  com.google.common.collect.LinkedHashMultiset
 301:           507          12168  com.google.common.collect.SingletonImmutableList
 302:           380          12160  java.util.concurrent.CopyOnWriteArrayList (java.base@21.0.6)
 303:           505          12120  kotlin.reflect.jvm.internal.impl.protobuf.LiteralByteString
 304:           108          12096  io.grpc.internal.TransportTracer
 305:           210          11760  java.lang.ClassValue$Entry (java.base@21.0.6)
 306:           203          11720  [Ljava.lang.StackTraceElement; (java.base@21.0.6)
 307:           122          11712  io.netty.channel.AdaptiveRecvByteBufAllocator$HandleImpl
 308:           360          11520  kotlin.reflect.jvm.internal.impl.descriptors.impl.FieldDescriptorImpl
 309:           476          11424  kotlin.reflect.jvm.internal.impl.utils.SmartSet
 310:           117          11232  java.util.logging.Logger (java.logging@21.0.6)
 311:            35          11200  java.util.concurrent.ForkJoinPool$WorkQueue (java.base@21.0.6)
 312:           278          11120  kotlin.reflect.jvm.internal.impl.types.KotlinTypeFactory$$Lambda$0
 313:           231          11088  java.util.concurrent.locks.AbstractQueuedSynchronizer$ConditionNode (java.base@21.0.6)
 314:           153          11016  java.net.NetworkInterface (java.base@21.0.6)
 315:           195          10920  java.io.FileDescriptor (java.base@21.0.6)
 316:           221          10608  sun.security.util.ObjectIdentifier (java.base@21.0.6)
 317:           331          10592  com.google.inject.internal.WeakKeySet$KeyAndSource
 318:           330          10560  com.github.benmanes.caffeine.cache.TimerWheel$Sentinel
 319:           186          10416  org.glassfish.hk2.utilities.cache.LRUHybridCache$OriginThreadAwareFuture
 320:           322          10304  sun.reflect.generics.factory.CoreReflectionFactory (java.base@21.0.6)
 321:           143          10296  jdk.internal.ref.Cleaner (java.base@21.0.6)
 322:           426          10224  org.glassfish.jersey.internal.routing.CombinedMediaType$EffectiveMediaType
 323:           424          10176  com.fasterxml.jackson.databind.util.internal.PrivateMaxEntriesMap$WeightedValue
 324:           212          10176  kotlin.reflect.jvm.internal.impl.metadata.ProtoBuf$TypeTable
 325:           254          10160  io.grpc.InternalLogId
 326:           316          10112  kotlin.reflect.jvm.internal.KFunctionImpl$$Lambda$0
 327:           420          10080  org.glassfish.hk2.utilities.reflection.internal.MethodWrapperImpl
 328:           209          10032  java.util.logging.LogManager$LogNode (java.logging@21.0.6)
 329:           139          10008  java.lang.invoke.BoundMethodHandle$Species_LLL (java.base@21.0.6)
 330:           185           9944  [Lsun.reflect.generics.tree.TypeSignature; (java.base@21.0.6)
 331:           155           9920  java.security.CodeSource (java.base@21.0.6)
 332:           307           9824  javax.management.ImmutableDescriptor (java.management@21.0.6)
 333:           153           9792  java.security.AccessControlContext (java.base@21.0.6)
 334:            42           9744  io.grpc.internal.InternalSubchannel
 335:           174           9744  java.io.RandomAccessFile (java.base@21.0.6)
 336:           240           9600  java.util.concurrent.locks.ReentrantReadWriteLock (java.base@21.0.6)
 337:           199           9552  java.util.zip.ZipFile$CleanableResource (java.base@21.0.6)
 338:           108           9504  io.netty.handler.codec.http2.DefaultHttp2ConnectionDecoder
 339:           108           9504  io.netty.handler.codec.http2.HpackEncoder
 340:           132           9504  java.lang.invoke.DirectMethodHandle$Accessor (java.base@21.0.6)
 341:           118           9440  com.google.inject.internal.ConstructorBindingImpl
 342:           292           9344  com.google.inject.spi.Message
 343:            27           9288  io.grpc.netty.NettyServerHandler
 344:           290           9280  java.util.concurrent.ConcurrentLinkedQueue$Node (java.base@21.0.6)
 345:           288           9216  io.netty.util.internal.LongAdderCounter
 346:           228           9120  com.google.inject.spi.InjectionPoint
 347:           102           8976  io.netty.buffer.PoolThreadCache
 348:           224           8960  com.fasterxml.jackson.databind.PropertyName
 349:           139           8896  com.google.inject.internal.SingletonScope$1
 350:           185           8880  sun.reflect.generics.tree.MethodTypeSignature (java.base@21.0.6)
 351:           250           8776  [Lcom.google.protobuf.Descriptors$FieldDescriptor;
 352:           108           8640  io.netty.handler.codec.http2.DefaultHttp2Connection
 353:           215           8600  jdk.internal.reflect.DirectMethodHandleAccessor (java.base@21.0.6)
 354:           268           8576  kotlin.reflect.jvm.internal.impl.types.IndexedParametersSubstitution
 355:           153           8568  com.aerospike.vector.index.InternalIndexId
 356:           213           8520  org.glassfish.jersey.server.internal.routing.WildcardMethodSelectingRouter$ConsumesProducesAcceptor
 357:           354           8496  io.grpc.internal.ReflectionLongAdderCounter
 358:           208           8320  com.sun.jmx.mbeanserver.ConvertingMethod (java.management@21.0.6)
 359:           173           8304  java.lang.module.ModuleDescriptor$Requires (java.base@21.0.6)
 360:           170           8160  com.google.inject.spi.ElementSource
 361:           254           8128  io.netty.channel.SucceededChannelFuture
 362:           169           8112  com.fasterxml.jackson.databind.introspect.AnnotatedField
 363:           201           8040  io.netty.channel.DefaultChannelId
 364:           200           8000  io.undertow.util.HttpString
 365:           332           7968  jdk.internal.reflect.DirectConstructorHandleAccessor (java.base@21.0.6)
 366:            71           7952  java.lang.module.ModuleDescriptor (java.base@21.0.6)
 367:           331           7944  io.netty.util.collection.IntObjectHashMap$1
 368:           331           7944  io.netty.util.collection.IntObjectHashMap$EntrySet
 369:           331           7944  io.netty.util.collection.IntObjectHashMap$KeySet
 370:           329           7896  com.google.common.collect.RegularImmutableList
 371:           123           7872  com.google.inject.internal.MembersInjectorImpl
 372:           328           7872  java.lang.Character$UnicodeBlock (java.base@21.0.6)
 373:           243           7776  io.grpc.EquivalentAddressGroup
 374:           108           7776  io.grpc.netty.AbstractNettyHandler$FlowControlPinger
 375:           108           7776  io.netty.handler.codec.http2.Http2Settings
 376:           320           7680  com.google.inject.Key$AnnotationInstanceStrategy
 377:            30           7648  [Lio.netty.buffer.IntPriorityQueue;
 378:           238           7616  java.util.ImmutableCollections$Set12 (java.base@21.0.6)
 379:           134           7504  kotlin.reflect.jvm.internal.impl.resolve.scopes.SubstitutingScope
 380:           234           7488  java.net.InterfaceAddress (java.base@21.0.6)
 381:           311           7464  java.util.HashMap$EntrySet (java.base@21.0.6)
 382:           186           7440  org.glassfish.hk2.utilities.cache.LRUHybridCache$HybridCacheEntryImpl
 383:           116           7424  java.lang.ref.Finalizer (java.base@21.0.6)
 384:           103           7416  kotlin.reflect.jvm.internal.impl.storage.LockBasedStorageManager$5
 385:           115           7360  com.aerospike.vector.index.BatchIndexMetadata
 386:           184           7360  java.io.File (java.base@21.0.6)
 387:           306           7344  java.util.concurrent.atomic.AtomicLong (java.base@21.0.6)
 388:           228           7296  com.google.inject.internal.ProvisionListenerCallbackStore$KeyBinding
 389:           130           7280  java.security.ProtectionDomain (java.base@21.0.6)
 390:           303           7272  kotlin.reflect.jvm.internal.KFunctionImpl$$Lambda$2
 391:           150           7200  kotlin.reflect.jvm.internal.KParameterImpl
 392:           123           7176  [Lcom.google.inject.internal.SingleParameterInjector;
 393:           149           7152  com.aerospike.vector.client.proto.IndexId
 394:           223           7136  java.util.regex.Pattern$BmpCharProperty (java.base@21.0.6)
 395:           178           7120  io.netty.channel.AdaptiveRecvByteBufAllocator
 396:            89           7120  net.engio.mbassy.listener.MessageHandler
 397:            52           7072  kotlin.reflect.jvm.internal.KMutableProperty1Impl
 398:           268           7056  [Lkotlin.reflect.jvm.internal.impl.types.TypeProjection;
 399:           110           7048  [Ljava.lang.reflect.Parameter; (java.base@21.0.6)
 400:           292           7008  java.util.IdentityHashMap$KeySet (java.base@21.0.6)
 401:           125           7000  sun.reflect.generics.repository.ClassRepository (java.base@21.0.6)
 402:           218           6976  java.util.concurrent.ConcurrentLinkedQueue (java.base@21.0.6)
 403:           145           6960  com.google.inject.internal.CycleDetectingLock$CycleDetectingLockFactory$ReentrantCycleDetectingLock
 404:           108           6912  io.netty.handler.codec.http2.DefaultHttp2Connection$ConnectionStream
 405:           108           6912  io.netty.handler.codec.http2.DefaultHttp2LocalFlowController$AutoRefillState
 406:           108           6912  io.netty.handler.codec.http2.DefaultHttp2RemoteFlowController
 407:           108           6912  io.netty.handler.codec.http2.WeightedFairQueueByteDistributor
 408:           172           6880  com.google.inject.internal.MoreTypes$ParameterizedTypeImpl
 409:            66           6864  com.aerospike.client.AerospikeException$Timeout
 410:           285           6840  kotlin.reflect.jvm.internal.KPropertyImpl$$Lambda$1
 411:           284           6816  kotlin.reflect.jvm.internal.KFunctionImpl$$Lambda$1
 412:            37           6808  kotlin.reflect.jvm.internal.KClassImpl$Data
 413:           283           6792  kotlin.reflect.jvm.internal.KProperty1Impl$$Lambda$1
 414:           283           6792  kotlin.reflect.jvm.internal.impl.types.TypeSubstitutor
 415:           105           6720  com.aerospike.connect.metrics.AerospikeGauge
 416:           278           6672  java.util.HashMap$KeySet (java.base@21.0.6)
 417:            69           6624  jdk.internal.module.ModuleReferenceImpl (java.base@21.0.6)
 418:           118           6608  java.util.logging.Logger$ConfigurationData (java.logging@21.0.6)
 419:            75           6600  kotlin.reflect.jvm.internal.impl.serialization.deserialization.descriptors.DeserializedMemberScope$OptimizedImplementation
 420:            41           6560  kotlin.reflect.jvm.internal.impl.load.java.lazy.descriptors.LazyJavaClassMemberScope
 421:           203           6496  java.util.zip.Inflater$InflaterZStreamRef (java.base@21.0.6)
 422:            81           6480  io.grpc.internal.CallCredentialsApplyingTransportFactory$CallCredentialsApplyingTransport
 423:           160           6400  io.netty.handler.codec.http2.HpackEncoder$NameEntry
 424:           266           6384  java.util.Collections$UnmodifiableSet (java.base@21.0.6)
 425:            72           6336  java.lang.Module (java.base@21.0.6)
 426:            87           6264  java.lang.invoke.MethodHandleImpl$AsVarargsCollector (java.base@21.0.6)
 427:           258           6192  kotlin.reflect.jvm.internal.KPropertyImpl$$Lambda$0
 428:           257           6168  kotlin.reflect.jvm.internal.impl.serialization.deserialization.descriptors.NonEmptyDeserializedAnnotations
 429:           110           6160  kotlin.reflect.jvm.internal.impl.storage.LockBasedStorageManager$4
 430:           109           6104  sun.reflect.generics.repository.ConstructorRepository (java.base@21.0.6)
 431:           190           6080  jdk.internal.module.ServicesCatalog$ServiceProvider (java.base@21.0.6)
 432:           108           6048  io.netty.handler.codec.http2.DefaultHttp2ConnectionEncoder
 433:           108           6048  io.netty.handler.codec.http2.DefaultHttp2FrameReader
 434:           108           6048  io.netty.handler.codec.http2.DefaultHttp2LocalFlowController
 435:           108           6048  io.netty.handler.codec.http2.DefaultHttp2RemoteFlowController$FlowState
 436:           108           6048  io.netty.handler.codec.http2.HpackDecoder
 437:            75           6000  com.fasterxml.jackson.databind.type.SimpleType
 438:           187           5984  java.lang.RuntimePermission (java.base@21.0.6)
 439:           249           5976  jdk.proxy2.$Proxy3 (jdk.proxy2)
 440:            57           5928  javax.management.openmbean.OpenMBeanAttributeInfoSupport (java.management@21.0.6)
 441:             1           5896  [Lio.undertow.util.StatusCodes$Entry;
 442:            92           5888  kotlinx.coroutines.internal.DiagnosticCoroutineContextException
 443:           122           5856  com.google.inject.internal.ConstructorInjector
 444:           122           5856  org.xnio.SingleOption
 445:           240           5760  java.util.concurrent.locks.ReentrantReadWriteLock$ReadLock (java.base@21.0.6)
 446:           240           5760  java.util.concurrent.locks.ReentrantReadWriteLock$WriteLock (java.base@21.0.6)
 447:            72           5760  kotlin.reflect.jvm.internal.impl.metadata.ProtoBuf$TypeParameter
 448:           180           5760  kotlin.reflect.jvm.internal.impl.types.TypeProjectionImpl
 449:           239           5736  kotlin.reflect.jvm.internal.KProperty1Impl$$Lambda$0
 450:           179           5728  java.lang.ThreadLocal$ThreadLocalMap (java.base@21.0.6)
 451:            66           5720  [Ljavax.management.MBeanAttributeInfo; (java.management@21.0.6)
 452:           119           5712  java.util.Collections$UnmodifiableMap (java.base@21.0.6)
 453:            32           5632  io.netty.buffer.PoolArena$HeapArena
 454:           310           5600  [Lsun.reflect.generics.tree.FormalTypeParameter; (java.base@21.0.6)
 455:           100           5600  java.lang.invoke.VarHandle$AccessDescriptor (java.base@21.0.6)
 456:           175           5600  kotlin.reflect.jvm.internal.impl.serialization.deserialization.AnnotationDeserializer
 457:           174           5568  java.util.zip.ZipFile$Source$Key (java.base@21.0.6)
 458:            30           5520  io.netty.util.concurrent.FastThreadLocalThread
 459:           172           5504  kotlin.reflect.jvm.internal.impl.serialization.deserialization.MemberDeserializer
 460:            85           5440  java.io.ObjectStreamField (java.base@21.0.6)
 461:           286           5376  [Lsun.reflect.generics.tree.FieldTypeSignature; (java.base@21.0.6)
 462:            32           5376  io.netty.buffer.PoolArena$DirectArena
 463:           331           5296  com.google.common.collect.Count
 464:            93           5208  com.sun.management.internal.DiagnosticCommandArgumentInfo (jdk.management@21.0.6)
 465:            65           5200  javax.management.MBeanInfo (java.management@21.0.6)
 466:            65           5200  kotlin.reflect.jvm.internal.impl.serialization.deserialization.descriptors.DeserializedClassDescriptor$DeserializedClassMemberScope
 467:           108           5184  io.grpc.netty.WriteQueue
 468:           108           5184  io.netty.handler.codec.http2.DefaultHttp2Connection$ActiveStreams
 469:           108           5184  io.netty.handler.codec.http2.HpackDynamicTable
 470:           108           5184  io.netty.handler.codec.http2.HpackHuffmanEncoder
 471:            24           5184  kotlin.reflect.jvm.internal.impl.serialization.deserialization.descriptors.DeserializedClassConstructorDescriptor
 472:            58           5104  java.lang.invoke.BoundMethodHandle$Species_LLLLL (java.base@21.0.6)
 473:           125           5000  sun.reflect.generics.tree.ClassSignature (java.base@21.0.6)
 474:            89           4984  net.engio.mbassy.subscription.Subscription
 475:            27           4968  kotlin.reflect.jvm.internal.impl.load.java.descriptors.JavaMethodDescriptor
 476:           103           4944  com.google.protobuf.GeneratedMessageV3$FieldAccessorTable
 477:           154           4928  io.netty.util.internal.logging.LocationAwareSlf4JLogger
 478:            68           4896  io.grpc.MethodDescriptor
 479:           122           4880  com.google.inject.internal.ConstructorBindingImpl$Factory
 480:           122           4880  com.google.inject.internal.DefaultConstructionProxyFactory$FastClassProxy
 481:           122           4880  io.netty.channel.epoll.EpollRecvByteAllocatorStreamingHandle
 482:            76           4864  sun.reflect.generics.repository.MethodRepository (java.base@21.0.6)
 483:           101           4848  javax.management.MBeanAttributeInfo (java.management@21.0.6)
 484:           201           4824  io.netty.channel.VoidChannelPromise$1
 485:           201           4824  io.netty.channel.epoll.AbstractEpollChannel$AbstractEpollUnsafe$1
 486:           201           4824  io.netty.channel.epoll.LinuxSocket
 487:           201           4824  java.util.WeakHashMap$KeySet (java.base@21.0.6)
 488:           150           4800  java.util.ImmutableCollections$List12 (java.base@21.0.6)
 489:            18           4752  [Ljava.lang.invoke.MemberName; (java.base@21.0.6)
 490:           297           4752  java.util.concurrent.atomic.AtomicBoolean (java.base@21.0.6)
 491:            65           4680  kotlin.reflect.jvm.internal.impl.serialization.deserialization.ProtoContainer$Class
 492:           219           4672  [Lcom.sun.jmx.mbeanserver.MXBeanMapping; (java.management@21.0.6)
 493:           146           4672  jdk.internal.loader.AbstractClassLoaderValue$Sub (java.base@21.0.6)
 494:            97           4656  [Lcom.google.common.cache.LocalCache$Segment;
 495:            32           4608  [Lio.netty.handler.codec.CodecOutputList;
 496:            82           4592  io.grpc.internal.CallTracer
 497:            71           4576  [Lcom.fasterxml.jackson.databind.deser.SettableBeanProperty;
 498:           143           4576  java.nio.DirectByteBuffer$Deallocator (java.base@21.0.6)
 499:            11           4576  kotlin.reflect.jvm.internal.impl.renderer.DescriptorRendererOptionsImpl
 500:            38           4560  io.grpc.netty.NettyChannelBuilder$NettyTransportFactory
 501:           142           4544  sun.reflect.generics.scope.ClassScope (java.base@21.0.6)
 502:            27           4536  io.grpc.netty.NettyServerTransport
 503:            81           4536  io.netty.handler.codec.http2.StreamBufferingEncoder
 504:           113           4520  java.util.jar.Manifest (java.base@21.0.6)
 505:             8           4480  com.github.benmanes.caffeine.cache.MpscGrowableArrayQueue
 506:            16           4480  java.util.concurrent.ConcurrentHashMap$CounterCell (java.base@21.0.6)
 507:            43           4472  org.jvnet.hk2.internal.ClazzCreator
 508:           186           4464  io.netty.channel.unix.FileDescriptor
 509:           139           4448  com.google.inject.internal.ConstructionContext
 510:           139           4448  com.google.inject.internal.InternalFactoryToProviderAdapter
 511:           139           4448  com.google.inject.internal.ProviderToInternalFactoryAdapter
 512:           185           4440  java.util.concurrent.atomic.AtomicReference (java.base@21.0.6)
 513:            24           4416  io.netty.channel.epoll.EpollServerSocketChannel
 514:            23           4416  java.util.concurrent.ForkJoinWorkerThread (java.base@21.0.6)
 515:            25           4400  com.fasterxml.jackson.databind.deser.BeanDeserializer
 516:            55           4400  mu.internal.LocationAwareKLogger
 517:           156           4392  [Ljava.net.InetAddress; (java.base@21.0.6)
 518:           109           4360  com.google.common.base.Stopwatch
 519:           136           4352  io.grpc.protobuf.lite.ProtoLiteUtils$MessageMarshaller
 520:           157           4336  [Lcom.fasterxml.jackson.databind.JavaType;
 521:           153           4320  [Ljava.net.InterfaceAddress; (java.base@21.0.6)
 522:           108           4320  io.grpc.netty.Utils$FlowControlReader
 523:           108           4320  io.netty.handler.codec.http2.DefaultHttp2HeadersEncoder
 524:           108           4320  io.netty.handler.codec.http2.HpackHuffmanEncoder$EncodeProcessor
 525:            67           4288  com.google.common.cache.LocalCache$WeakEntry
 526:           178           4272  java.util.Arrays$ArrayList (java.base@21.0.6)
 527:            89           4272  net.engio.mbassy.common.WeakConcurrentSet
 528:            38           4256  java.util.concurrent.ThreadPoolExecutor (java.base@21.0.6)
 529:           177           4248  io.netty.channel.epoll.AbstractEpollStreamChannel$1
 530:            66           4224  java.lang.invoke.DirectMethodHandle$Special (java.base@21.0.6)
 531:           174           4176  sun.nio.fs.UnixFileAttributes$UnixAsBasicFileAttributes (java.base@21.0.6)
 532:            65           4160  kotlin.reflect.jvm.internal.impl.serialization.deserialization.descriptors.DeserializedClassDescriptor$memberScopeHolder$1
 533:            86           4128  kotlin.reflect.jvm.internal.impl.descriptors.ScopesHolderForClass
 534:           172           4128  kotlin.reflect.jvm.internal.impl.serialization.deserialization.TypeDeserializer$$Lambda$0
 535:           172           4128  kotlin.reflect.jvm.internal.impl.serialization.deserialization.TypeDeserializer$$Lambda$1
 536:             1           4112  [Lio.netty.handler.codec.http2.HpackStaticTable$HeaderNameIndex;
 537:           256           4096  java.lang.Byte (java.base@21.0.6)
 538:           256           4096  java.lang.Short (java.base@21.0.6)
 539:            34           4080  com.fasterxml.jackson.databind.introspect.AnnotatedClass
 540:            30           4080  io.netty.buffer.PoolChunk
 541:           102           4080  net.engio.mbassy.common.WeakConcurrentSet$WeakEntry
 542:           127           4064  java.security.Permissions (java.base@21.0.6)
 543:            63           4032  java.lang.invoke.DirectMethodHandle$Interface (java.base@21.0.6)
 544:           100           4000  java.util.concurrent.CountDownLatch$Sync (java.base@21.0.6)
 545:            55           3960  io.grpc.StatusException
 546:           123           3936  sun.security.util.LazyCodeSourcePermissionCollection (java.base@21.0.6)
 547:           122           3904  com.google.inject.internal.aop.AbstractGlueGenerator$$Lambda/0x00007fa788117000
 548:            44           3872  kotlin.reflect.jvm.internal.KProperty1Impl$Getter
 549:            23           3864  com.fasterxml.jackson.module.kotlin.KotlinValueInstantiator
 550:           161           3864  jdk.proxy2.$Proxy10 (jdk.proxy2)
 551:            21           3864  kotlin.reflect.jvm.internal.impl.load.java.lazy.descriptors.LazyJavaClassDescriptor
 552:            80           3840  io.grpc.internal.ChannelTracer
 553:           240           3840  java.util.concurrent.locks.ReentrantReadWriteLock$Sync$ThreadLocalHoldCounter (java.base@21.0.6)
 554:            47           3760  kotlin.reflect.jvm.internal.impl.load.kotlin.header.KotlinClassHeader
 555:            52           3744  java.util.concurrent.LinkedBlockingQueue (java.base@21.0.6)
 556:           103           3736  [Lcom.google.protobuf.GeneratedMessageV3$FieldAccessorTable$FieldAccessor;
 557:           116           3712  java.security.BasicPermissionCollection (java.base@21.0.6)
 558:            58           3712  org.jvnet.hk2.internal.ServiceLocatorImpl$IgdCacheKey
 559:           154           3696  java.util.ImmutableCollections$SetN (java.base@21.0.6)
 560:            77           3696  sun.reflect.generics.reflectiveObjects.TypeVariableImpl (java.base@21.0.6)
 561:            92           3680  io.netty.buffer.PoolThreadCache$NormalMemoryRegionCache
 562:            38           3648  io.grpc.internal.DelayedClientTransport
 563:           150           3600  kotlin.reflect.jvm.internal.KParameterImpl$$Lambda$0
 564:            89           3560  net.engio.mbassy.dispatch.FilteredMessageDispatcher
 565:            89           3560  net.engio.mbassy.subscription.SubscriptionContext
 566:           105           3552  [Ljavax.management.ObjectName$Property; (java.management@21.0.6)
 567:           134           3528  [Lkotlin.reflect.jvm.internal.impl.descriptors.TypeParameterDescriptor;
 568:            55           3520  com.google.protobuf.Descriptors$OneofDescriptor
 569:            44           3520  com.google.protobuf.GeneratedMessageV3$FieldAccessorTable$SingularFieldAccessor$ReflectionInvoker
 570:           109           3488  sun.reflect.generics.scope.ConstructorScope (java.base@21.0.6)
 571:             6           3456  com.aerospike.vector.index.metrics.PerIndexMetrics
 572:            36           3456  com.fasterxml.jackson.databind.type.MapType
 573:           108           3456  io.netty.handler.codec.http2.DefaultHttp2Connection$DefaultStream$PropertyMap
 574:           108           3456  io.netty.handler.codec.http2.DefaultHttp2Connection$PropertyKeyRegistry
 575:           108           3456  io.netty.handler.codec.http2.DefaultHttp2RemoteFlowController$WritabilityMonitor
 576:           108           3456  io.netty.handler.codec.http2.HpackHuffmanDecoder
 577:           108           3456  io.netty.handler.codec.http2.HpackHuffmanEncoder$EncodedLengthProcessor
 578:           108           3456  io.netty.handler.codec.http2.Http2FrameLogger
 579:           108           3456  io.netty.handler.codec.http2.Http2InboundFrameLogger
 580:           108           3456  io.netty.handler.codec.http2.Http2OutboundFrameLogger
 581:           143           3432  kotlin.reflect.jvm.internal.KCallableImpl$$Lambda$8
 582:            53           3392  sun.security.util.NamedCurve (java.base@21.0.6)
 583:            47           3384  com.sun.management.internal.DiagnosticCommandInfo (jdk.management@21.0.6)
 584:            42           3360  io.grpc.internal.ManagedChannelImpl$SubchannelImpl
 585:            84           3360  kotlin.reflect.jvm.internal.impl.types.error.ErrorTypeKind
 586:            38           3344  com.google.inject.internal.InternalProviderInstanceBindingImpl
 587:            38           3344  io.grpc.NameResolver$Args
 588:            23           3312  com.fasterxml.jackson.databind.util.internal.PrivateMaxEntriesMap
 589:           138           3312  jdk.proxy2.$Proxy11 (jdk.proxy2)
 590:            69           3312  kotlin.reflect.jvm.internal.impl.metadata.ProtoBuf$EnumEntry
 591:            59           3304  kotlin.reflect.jvm.internal.impl.types.TypeParameterUpperBoundEraser
 592:           103           3296  [[C (java.base@21.0.6)
 593:            68           3264  io.netty.util.concurrent.DefaultPromise
 594:            68           3264  java.lang.invoke.LambdaForm$Kind (java.base@21.0.6)
 595:            24           3264  kotlin.reflect.jvm.internal.impl.load.java.lazy.descriptors.LazyJavaPackageScope
 596:            37           3256  com.fasterxml.jackson.databind.type.CollectionType
 597:            14           3248  org.glassfish.hk2.internal.ActiveDescriptorBuilderImpl$BuiltActiveDescriptor
 598:            58           3248  org.glassfish.hk2.utilities.general.internal.DoubleNode
 599:            58           3248  org.jvnet.hk2.internal.CacheKey
 600:            45           3240  com.google.protobuf.DescriptorProtos$MethodDescriptorProto
 601:            81           3240  io.grpc.netty.ClientTransportLifecycleManager
 602:            81           3240  io.grpc.netty.GrpcHttp2HeadersUtils$GrpcHttp2ClientHeadersDecoder
 603:           134           3216  kotlin.reflect.jvm.internal.impl.resolve.scopes.SubstitutingScope$$Lambda$0
 604:           134           3216  kotlin.reflect.jvm.internal.impl.resolve.scopes.SubstitutingScope$$Lambda$1
 605:            67           3216  sun.reflect.annotation.AnnotationType (java.base@21.0.6)
 606:           100           3200  java.util.concurrent.ConcurrentHashMap$KeySetView (java.base@21.0.6)
 607:           132           3168  kotlin.reflect.jvm.internal.impl.metadata.deserialization.TypeTable
 608:            56           3136  com.google.protobuf.DescriptorProtos$OneofDescriptorProto
 609:            39           3120  com.google.common.collect.SingletonImmutableBiMap
 610:            39           3120  com.google.inject.internal.InstanceBindingImpl
 611:            65           3120  kotlin.reflect.jvm.internal.impl.serialization.deserialization.descriptors.DeserializedClassDescriptor$DeserializedClassTypeConstructor
 612:            78           3120  org.glassfish.hk2.utilities.cache.Cache$OriginThreadAwareFuture
 613:            43           3096  org.jvnet.hk2.internal.ServiceHandleImpl
 614:            77           3080  com.fasterxml.jackson.databind.type.TypeBindings
 615:            55           3080  java.nio.channels.UnresolvedAddressException (java.base@21.0.6)
 616:           128           3072  jdk.proxy2.$Proxy32 (jdk.proxy2)
 617:            24           3072  kotlin.reflect.jvm.internal.impl.load.java.lazy.descriptors.LazyJavaPackageFragment
 618:             1           3040  [Ljava.lang.Character$UnicodeBlock; (java.base@21.0.6)
 619:            76           3040  io.grpc.Status
 620:            76           3040  io.grpc.internal.CallCredentialsApplyingTransportFactory
 621:           126           3024  io.netty.channel.DefaultMaxMessagesRecvByteBufAllocator$MaxMessageHandle$1
 622:           126           3024  io.netty.channel.epoll.EpollRecvByteAllocatorHandle$1
 623:           126           3024  io.netty.channel.unix.PreferredDirectByteBufAllocator
 624:            25           3000  sun.net.www.protocol.jar.URLJarFile (java.base@21.0.6)
 625:            62           2976  com.aerospike.vector.heartbeat.Heartbeat$SocketEndpoint
 626:            62           2976  com.google.inject.internal.Errors
 627:           124           2976  java.security.SecureClassLoader$CodeSourceKey (java.base@21.0.6)
 628:            62           2976  jdk.internal.loader.BuiltinClassLoader$LoadedModule (java.base@21.0.6)
 629:           145           2952  [Ljava.lang.annotation.Annotation; (java.base@21.0.6)
 630:           123           2952  org.jvnet.hk2.internal.IndexedListData
 631:            92           2944  [Lio.netty.util.concurrent.GenericFutureListener;
 632:            46           2944  com.aerospike.flow.CancellableFlow$tickerFlow$1
 633:            23           2944  com.google.inject.internal.InjectorBindingData
 634:            92           2944  io.netty.util.concurrent.DefaultFutureListeners
 635:           125           2928  [Lsun.reflect.generics.tree.ClassTypeSignature; (java.base@21.0.6)
 636:           122           2928  com.google.inject.internal.aop.ImmutableStringTrie
 637:             2           2912  [[B (java.base@21.0.6)
 638:            45           2880  com.google.protobuf.DescriptorProtos$MethodOptions
 639:            40           2880  java.lang.invoke.BoundMethodHandle$Species_LLJ (java.base@21.0.6)
 640:            60           2880  kotlin.reflect.jvm.internal.impl.load.java.typeEnhancement.PredefinedFunctionEnhancementInfo
 641:            90           2880  org.glassfish.hk2.utilities.reflection.ParameterizedTypeImpl
 642:            12           2848  [Lcom.github.benmanes.caffeine.cache.Node;
 643:            89           2848  java.util.UUID (java.base@21.0.6)
 644:            89           2848  java.util.regex.Pattern$GroupHead (java.base@21.0.6)
 645:            89           2848  java.util.regex.Pattern$GroupTail (java.base@21.0.6)
 646:            89           2848  net.engio.mbassy.dispatch.MessageDispatcher
 647:            59           2832  kotlin.reflect.jvm.internal.impl.load.java.lazy.LazyJavaResolverContext
 648:            59           2832  kotlin.reflect.jvm.internal.impl.load.java.lazy.types.JavaTypeResolver
 649:            44           2816  com.google.protobuf.Descriptors$MethodDescriptor
 650:            88           2816  java.util.Collections$UnmodifiableList (java.base@21.0.6)
 651:           117           2808  javax.management.ObjectName$Property (java.management@21.0.6)
 652:            27           2808  org.glassfish.jersey.server.model.ResourceMethodInvoker
 653:           116           2784  java.util.Collections$SingletonSet (java.base@21.0.6)
 654:            12           2784  org.jvnet.hk2.internal.ConstantActiveDescriptor
 655:            58           2784  org.jvnet.hk2.internal.ServiceLocatorImpl$IgdValue
 656:            69           2760  com.google.inject.internal.InternalFactoryToInitializableAdapter
 657:            86           2752  java.lang.invoke.Invokers (java.base@21.0.6)
 658:            86           2752  org.glassfish.hk2.utilities.reflection.internal.ClassReflectionHelperImpl$LifecycleKey
 659:           114           2736  com.google.inject.name.NamedImpl
 660:            57           2736  io.netty.handler.codec.http.HttpResponseStatus
 661:            68           2720  kotlin.reflect.jvm.internal.impl.load.java.lazy.LazyJavaAnnotations
 662:            48           2688  kotlin.reflect.jvm.internal.impl.metadata.jvm.JvmProtoBuf$StringTableTypes
 663:            24           2688  org.glassfish.jersey.internal.guava.LocalCache$Segment
 664:            24           2688  sun.security.ec.SunEC$ProviderServiceA (jdk.crypto.ec@21.0.6)
 665:            83           2656  kotlin.reflect.jvm.internal.KClassImpl
 666:            55           2640  io.grpc.netty.ProtocolNegotiators$WaitUntilActiveHandler
 667:           110           2640  java.lang.reflect.Executable$ParameterData (java.base@21.0.6)
 668:            66           2640  java.util.concurrent.ConcurrentSkipListMap$Node (java.base@21.0.6)
 669:            47           2632  com.sun.management.internal.DiagnosticCommandImpl$Wrapper (jdk.management@21.0.6)
 670:            41           2624  javax.management.MBeanOperationInfo (java.management@21.0.6)
 671:           109           2616  io.grpc.Attributes
 672:            54           2592  com.codahale.metrics.EWMA
 673:            81           2592  io.grpc.internal.AtomicBackoff$State
 674:            81           2592  io.grpc.internal.InternalSubchannel$CallTracingTransport
 675:            81           2592  io.grpc.internal.InternalSubchannel$TransportListener
 676:            27           2592  io.grpc.internal.KeepAliveManager
 677:            81           2592  io.grpc.netty.NettyChannelBuilder$NettyTransportFactory$1
 678:            81           2592  io.grpc.netty.NettyClientHandler$1
 679:            81           2592  io.grpc.netty.NettyClientHandler$2
 680:           108           2592  io.grpc.netty.WriteQueue$1
 681:           108           2592  io.netty.handler.codec.http2.DefaultHttp2FrameWriter
 682:           108           2592  io.netty.handler.codec.http2.DefaultHttp2LocalFlowController$1
 683:           108           2592  io.netty.handler.codec.http2.DefaultHttp2RemoteFlowController$1
 684:           108           2592  io.netty.handler.codec.http2.WeightedFairQueueByteDistributor$1
 685:           108           2592  io.netty.util.collection.CharObjectHashMap$1
 686:           108           2592  io.netty.util.collection.CharObjectHashMap$EntrySet
 687:           108           2592  io.netty.util.collection.CharObjectHashMap$KeySet
 688:            46           2576  com.fasterxml.jackson.databind.introspect.AnnotatedConstructor
 689:            23           2576  com.google.inject.internal.ProviderMethod$FastClassProviderMethod
 690:            46           2576  jdk.internal.vm.SharedThreadContainer (java.base@21.0.6)
 691:            40           2560  com.sun.jmx.mbeanserver.MXBeanSupport (java.management@21.0.6)
 692:            80           2560  io.grpc.internal.ChannelLoggerImpl
 693:            32           2560  io.netty.buffer.UnpooledUnsafeDirectByteBuf
 694:            80           2560  sun.reflect.generics.tree.FormalTypeParameter (java.base@21.0.6)
 695:            29           2552  io.grpc.internal.ManagedChannelOrphanWrapper$ManagedChannelReference
 696:            29           2552  java.util.concurrent.ConcurrentSkipListMap (java.base@21.0.6)
 697:            53           2544  java.security.spec.EllipticCurve (java.base@21.0.6)
 698:            53           2544  javax.management.ObjectName (java.management@21.0.6)
 699:            53           2544  kotlin.reflect.jvm.internal.impl.metadata.jvm.deserialization.JvmMetadataVersion
 700:            16           2536  [Ljava.lang.Byte; (java.base@21.0.6)
 701:            21           2520  kotlin.reflect.jvm.internal.impl.load.java.lazy.descriptors.LazyJavaStaticClassScope
 702:            63           2520  kotlin.reflect.jvm.internal.impl.storage.LockBasedStorageManager
 703:            78           2496  java.util.regex.Pattern$Slice (java.base@21.0.6)
 704:           103           2472  kotlin.reflect.jvm.internal.impl.types.AbstractTypeConstructor$$Lambda$0
 705:           103           2472  kotlin.reflect.jvm.internal.impl.types.AbstractTypeConstructor$$Lambda$2
 706:           153           2448  [Ljava.net.NetworkInterface; (java.base@21.0.6)
 707:           102           2448  java.util.Collections$UnmodifiableCollection (java.base@21.0.6)
 708:           102           2448  jdk.proxy2.$Proxy37 (jdk.proxy2)
 709:            61           2440  java.util.regex.Pattern$Branch (java.base@21.0.6)
 710:            76           2432  com.fasterxml.jackson.databind.type.TypeBindings$AsKey
 711:            76           2432  io.grpc.internal.ManagedChannelImpl$ExecutorHolder
 712:            38           2432  io.grpc.internal.Rescheduler
 713:            76           2432  sun.reflect.generics.scope.MethodScope (java.base@21.0.6)
 714:           101           2424  com.aerospike.connect.metrics.TickerPriority
 715:            61           2400  [Ljava.util.regex.Pattern$Node; (java.base@21.0.6)
 716:           100           2400  java.util.concurrent.CountDownLatch (java.base@21.0.6)
 717:            75           2400  kotlin.reflect.jvm.internal.impl.serialization.deserialization.descriptors.DeserializedMemberScope$OptimizedImplementation$$Lambda$3
 718:            75           2400  kotlin.reflect.jvm.internal.impl.serialization.deserialization.descriptors.DeserializedMemberScope$OptimizedImplementation$$Lambda$4
 719:            58           2320  org.jvnet.hk2.internal.NarrowResults
 720:            58           2320  org.jvnet.hk2.internal.ServiceLocatorImpl$UnqualifiedIndexedFilter
 721:            36           2304  java.lang.invoke.VarHandleReferences$FieldInstanceReadWrite (java.base@21.0.6)
 722:            57           2280  kotlin.reflect.jvm.internal.impl.types.FlexibleTypeImpl
 723:            94           2256  com.google.inject.internal.Initializables$1
 724:            94           2256  jdk.proxy2.$Proxy22 (jdk.proxy2)
 725:            47           2256  kotlin.reflect.jvm.internal.impl.metadata.jvm.deserialization.JvmNameResolver
 726:            20           2240  com.aerospike.vector.client.proto.IndexDefinition
 727:            40           2240  jdk.incubator.vector.VectorOperators$ConversionImpl (jdk.incubator.vector@21.0.6)
 728:            28           2240  org.jvnet.hk2.internal.SystemInjecteeImpl
 729:            93           2232  java.util.regex.Pattern$$Lambda/0x80000002a (java.base@21.0.6)
 730:             1           2208  [Lsun.security.util.KnownOIDs; (java.base@21.0.6)
 731:            69           2208  com.aerospike.client.async.NettyCommand$InboundHandler
 732:            23           2208  com.google.inject.internal.InjectorImpl
 733:            69           2208  jdk.internal.module.SystemModuleFinders$2 (java.base@21.0.6)
 734:            92           2208  kotlin.reflect.jvm.internal.impl.descriptors.impl.AbstractClassDescriptor$1
 735:            92           2208  kotlin.reflect.jvm.internal.impl.descriptors.impl.AbstractClassDescriptor$2
 736:            92           2208  kotlin.reflect.jvm.internal.impl.descriptors.impl.AbstractClassDescriptor$3
 737:            55           2200  io.grpc.netty.WriteBufferingAndExceptionHandler
 738:            68           2176  io.grpc.ServerMethodDefinition
 739:            68           2176  kotlin.reflect.jvm.internal.impl.load.java.lazy.descriptors.LazyJavaPackageScope$FindClassRequest
 740:            30           2160  java.time.temporal.ChronoField (java.base@21.0.6)
 741:            45           2160  java.util.regex.Pattern$BnM (java.base@21.0.6)
 742:            90           2160  kotlin.reflect.jvm.internal.impl.load.java.typeEnhancement.TypeEnhancementInfo
 743:            30           2160  org.glassfish.hk2.utilities.InjecteeImpl
 744:            27           2160  org.glassfish.jersey.server.model.Invocable
 745:            27           2160  org.glassfish.jersey.server.model.ResourceMethod$Data
 746:            89           2136  net.engio.mbassy.dispatch.ReflectiveHandlerInvocation
 747:            66           2112  com.aerospike.client.async.NettyConnection
 748:            24           2112  io.netty.channel.epoll.EpollServerSocketChannelConfig
 749:           103           2088  [Lcom.google.protobuf.GeneratedMessageV3$FieldAccessorTable$OneofAccessor;
 750:            29           2088  org.glassfish.jersey.uri.PathTemplate
 751:           130           2080  [Ljava.security.Principal; (java.base@21.0.6)
 752:           130           2080  java.security.ProtectionDomain$Key (java.base@21.0.6)
 753:            65           2080  kotlin.reflect.jvm.internal.impl.serialization.deserialization.ClassDeserializer$ClassKey
 754:             1           2064  [Ljava.lang.Integer; (java.base@21.0.6)
 755:             1           2064  [Ljava.lang.Long; (java.base@21.0.6)
 756:             1           2064  [Ljava.lang.Short; (java.base@21.0.6)
 757:            43           2064  jakarta.ws.rs.core.Response$Status
 758:            43           2064  java.util.PropertyPermission (java.base@21.0.6)
 759:            86           2064  kotlin.reflect.jvm.internal.impl.descriptors.ScopesHolderForClass$$Lambda$0
 760:            86           2064  kotlin.reflect.jvm.internal.impl.load.java.lazy.descriptors.LazyJavaScope$$Lambda$0
 761:            86           2064  kotlin.reflect.jvm.internal.impl.load.java.lazy.descriptors.LazyJavaScope$$Lambda$1
 762:            86           2064  kotlin.reflect.jvm.internal.impl.load.java.lazy.descriptors.LazyJavaScope$$Lambda$2
 763:            86           2064  kotlin.reflect.jvm.internal.impl.load.java.lazy.descriptors.LazyJavaScope$$Lambda$3
 764:            86           2064  kotlin.reflect.jvm.internal.impl.load.java.lazy.descriptors.LazyJavaScope$$Lambda$4
 765:            86           2064  kotlin.reflect.jvm.internal.impl.load.java.lazy.descriptors.LazyJavaScope$$Lambda$5
 766:            86           2064  kotlin.reflect.jvm.internal.impl.load.java.lazy.descriptors.LazyJavaScope$$Lambda$6
 767:            86           2064  kotlin.reflect.jvm.internal.impl.load.java.lazy.descriptors.LazyJavaScope$$Lambda$7
 768:            86           2064  kotlin.reflect.jvm.internal.impl.load.java.lazy.descriptors.LazyJavaScope$$Lambda$8
 769:            16           2048  com.fasterxml.jackson.databind.deser.std.MapDeserializer
 770:           128           2048  java.lang.Character (java.base@21.0.6)
 771:            85           2040  sun.reflect.generics.tree.TypeVariableSignature (java.base@21.0.6)
 772:            42           2016  io.grpc.internal.AutoConfiguredLoadBalancerFactory$AutoConfiguredLoadBalancer
 773:            84           2016  io.grpc.internal.FixedObjectPool
 774:            63           2016  java.lang.module.ModuleDescriptor$Provides (java.base@21.0.6)
 775:            63           2016  java.lang.module.ResolvedModule (java.base@21.0.6)
 776:            42           2016  javax.management.MBeanParameterInfo (java.management@21.0.6)
 777:            18           2016  sun.security.ec.SunEC$ProviderService (jdk.crypto.ec@21.0.6)
 778:            62           1984  io.netty.channel.epoll.EpollEventArray
 779:            62           1984  io.netty.util.internal.ThreadExecutorMap$1
 780:            41           1968  com.sun.jmx.mbeanserver.WeakIdentityHashMap$IdentityWeakReference (java.management@21.0.6)
 781:            41           1968  kotlin.reflect.jvm.internal.impl.descriptors.impl.LazyClassReceiverParameterDescriptor
 782:             5           1960  java.util.concurrent.ForkJoinPool (java.base@21.0.6)
 783:            61           1952  jdk.internal.module.ModuleReferenceImpl$CachedHash (java.base@21.0.6)
 784:            81           1944  io.grpc.internal.CallCredentialsApplyingTransportFactory$CallCredentialsApplyingTransport$1
 785:            81           1944  io.grpc.internal.InternalSubchannel$TransportLogger
 786:            81           1944  io.grpc.netty.NettyClientHandler$FrameListener
 787:            81           1944  io.grpc.netty.NettyClientHandler$PingCountingFrameWriter
 788:            81           1944  io.netty.handler.codec.http2.StreamBufferingEncoder$1
 789:            20           1920  com.aerospike.vector.client.proto.HnswParams
 790:            60           1920  com.google.inject.internal.ErrorId
 791:            24           1920  io.netty.channel.epoll.AbstractEpollServerChannel$EpollServerSocketUnsafe
 792:            48           1920  java.util.concurrent.locks.AbstractQueuedSynchronizer$ExclusiveNode (java.base@21.0.6)
 793:            51           1912  [Ljavax.management.MBeanOperationInfo; (java.management@21.0.6)
 794:            75           1904  [Ljava.lang.reflect.TypeVariable; (java.base@21.0.6)
 795:            59           1888  kotlin.reflect.jvm.internal.impl.types.AbstractTypeConstructor$Supertypes
 796:            47           1880  com.google.inject.internal.InjectorImpl$1
 797:            47           1880  kotlin.reflect.jvm.internal.impl.load.kotlin.KotlinJvmBinarySourceElement
 798:            26           1872  com.codahale.metrics.ExponentiallyDecayingReservoir
 799:            78           1872  java.util.regex.Pattern$BitClass (java.base@21.0.6)
 800:            39           1872  kotlin.reflect.jvm.internal.impl.serialization.deserialization.ClassData
 801:            58           1856  org.jvnet.hk2.internal.ImmediateResults
 802:            33           1848  com.aerospike.vector.client.proto.HnswCachingParams
 803:            38           1824  io.grpc.internal.ManagedChannelImpl$RealChannel
 804:            38           1824  io.grpc.internal.ManagedChannelImpl$UncommittedRetriableStreamsRegistry
 805:            57           1824  org.glassfish.hk2.utilities.ContextualInput
 806:            49           1800  [Ljava.lang.annotation.ElementType; (java.base@21.0.6)
 807:            25           1800  com.fasterxml.jackson.databind.deser.impl.BeanPropertyMap
 808:            75           1800  kotlin.reflect.jvm.internal.impl.serialization.deserialization.descriptors.DeserializedMemberScope$$Lambda$0
 809:            75           1800  kotlin.reflect.jvm.internal.impl.serialization.deserialization.descriptors.DeserializedMemberScope$$Lambda$1
 810:            75           1800  kotlin.reflect.jvm.internal.impl.serialization.deserialization.descriptors.DeserializedMemberScope$OptimizedImplementation$$Lambda$0
 811:            75           1800  kotlin.reflect.jvm.internal.impl.serialization.deserialization.descriptors.DeserializedMemberScope$OptimizedImplementation$$Lambda$1
 812:            75           1800  kotlin.reflect.jvm.internal.impl.serialization.deserialization.descriptors.DeserializedMemberScope$OptimizedImplementation$$Lambda$2
 813:            14           1792  com.aerospike.client.async.AsyncRead
 814:            28           1792  kotlinx.coroutines.CancellableContinuationImpl
 815:            74           1776  com.google.common.cache.LocalCache$LocalLoadingCache
 816:            37           1776  io.grpc.NameResolverRegistry
 817:            33           1768  [Lcom.fasterxml.jackson.databind.introspect.AnnotationMap;
 818:            44           1760  com.google.inject.spi.ModuleSource
 819:            44           1760  net.engio.mbassy.listener.MessageListener
 820:            24           1728  com.aerospike.connect.metrics.AerospikeCounter
 821:            36           1728  io.grpc.LoadBalancer$PickResult
 822:            27           1728  io.netty.channel.DefaultChannelPromise
 823:            54           1728  java.security.spec.ECPoint (java.base@21.0.6)
 824:             8           1728  java.text.DecimalFormat (java.base@21.0.6)
 825:            54           1728  java.util.regex.Pattern$BmpCharPropertyGreedy (java.base@21.0.6)
 826:            36           1728  kotlin.reflect.jvm.internal.calls.CallerImpl$Constructor
 827:            72           1728  kotlin.reflect.jvm.internal.impl.descriptors.impl.AbstractClassDescriptor$1$1
 828:            24           1728  org.glassfish.jersey.server.model.Parameter
 829:            12           1728  sun.nio.ch.ServerSocketChannelImpl (java.base@21.0.6)
 830:            34           1712  [Ljava.time.format.DateTimeFormatterBuilder$DateTimePrinterParser; (java.base@21.0.6)
 831:            30           1712  [Ljava.util.Map$Entry; (java.base@21.0.6)
 832:            40           1704  [Ljava.math.BigInteger; (java.base@21.0.6)
 833:            53           1696  io.netty.handler.codec.http2.Http2ConnectionHandler$FrameDecoder
 834:            70           1680  com.google.common.collect.AbstractMultiset$ElementSet
 835:            70           1680  com.google.common.collect.AbstractMultiset$EntrySet
 836:            42           1680  io.grpc.LoadBalancer$CreateSubchannelArgs
 837:            42           1680  io.grpc.internal.PickFirstLoadBalancer
 838:            30           1680  java.lang.RuntimeException (java.base@21.0.6)
 839:            42           1680  java.time.format.DateTimeFormatterBuilder$NumberPrinterParser (java.base@21.0.6)
 840:            19           1672  java.lang.invoke.BoundMethodHandle$SpeciesData (java.base@21.0.6)
 841:            52           1664  io.netty.handler.codec.http2.HpackStaticTable$HeaderNameIndex
 842:            52           1664  java.util.concurrent.LinkedBlockingQueue$Node (java.base@21.0.6)
 843:            16           1664  javax.management.openmbean.OpenMBeanParameterInfoSupport (java.management@21.0.6)
 844:            26           1664  kotlin.reflect.jvm.internal.impl.protobuf.GeneratedMessageLite$GeneratedExtension
 845:            23           1656  com.google.common.collect.ArrayListMultimap
 846:            23           1656  kotlinx.coroutines.flow.internal.SafeCollector
 847:            41           1640  java.util.concurrent.atomic.AtomicIntegerFieldUpdater$AtomicIntegerFieldUpdaterImpl (java.base@21.0.6)
 848:            41           1640  kotlin.reflect.jvm.internal.impl.resolve.scopes.receivers.ImplicitClassReceiver
 849:            68           1632  io.grpc.stub.ServerCalls$UnaryServerCallHandler
 850:            34           1632  java.util.concurrent.atomic.AtomicReferenceFieldUpdater$AtomicReferenceFieldUpdaterImpl (java.base@21.0.6)
 851:           102           1632  java.util.regex.Pattern$$Lambda/0x800000029 (java.base@21.0.6)
 852:            34           1632  kotlin.reflect.jvm.internal.calls.CallerImpl$Method$Instance
 853:            68           1632  kotlin.reflect.jvm.internal.impl.load.java.lazy.LazyJavaAnnotations$$Lambda$0
 854:            29           1624  io.grpc.internal.BackoffPolicyRetryScheduler
 855:            25           1600  com.aerospike.vector.client.proto.HnswHealerParams
 856:            50           1600  io.netty.channel.ChannelOption
 857:            20           1600  javax.management.openmbean.ArrayType (java.management@21.0.6)
 858:            22           1584  java.time.format.DateTimeFormatter (java.base@21.0.6)
 859:            33           1584  java.time.temporal.ValueRange (java.base@21.0.6)
 860:            22           1584  kotlin.reflect.jvm.internal.impl.descriptors.impl.LazyPackageViewDescriptorImpl
 861:            15           1560  com.google.inject.internal.ProviderMethod$ReflectionProviderMethod
 862:            39           1560  jakarta.ws.rs.core.MediaType
 863:            65           1560  jdk.internal.module.SystemModuleFinders$3 (java.base@21.0.6)
 864:            65           1560  kotlin.reflect.jvm.internal.impl.serialization.deserialization.descriptors.DeserializedClassDescriptor$$Lambda$0
 865:            65           1560  kotlin.reflect.jvm.internal.impl.serialization.deserialization.descriptors.DeserializedClassDescriptor$$Lambda$1
 866:            65           1560  kotlin.reflect.jvm.internal.impl.serialization.deserialization.descriptors.DeserializedClassDescriptor$$Lambda$2
 867:            65           1560  kotlin.reflect.jvm.internal.impl.serialization.deserialization.descriptors.DeserializedClassDescriptor$$Lambda$3
 868:            65           1560  kotlin.reflect.jvm.internal.impl.serialization.deserialization.descriptors.DeserializedClassDescriptor$$Lambda$4
 869:            65           1560  kotlin.reflect.jvm.internal.impl.serialization.deserialization.descriptors.DeserializedClassDescriptor$DeserializedClassMemberScope$$Lambda$0
 870:            65           1560  kotlin.reflect.jvm.internal.impl.serialization.deserialization.descriptors.DeserializedClassDescriptor$DeserializedClassMemberScope$$Lambda$1
 871:            65           1560  kotlin.reflect.jvm.internal.impl.serialization.deserialization.descriptors.DeserializedClassDescriptor$DeserializedClassMemberScope$$Lambda$2
 872:            65           1560  kotlin.reflect.jvm.internal.impl.serialization.deserialization.descriptors.DeserializedClassDescriptor$DeserializedClassTypeConstructor$$Lambda$0
 873:            39           1560  org.glassfish.jersey.internal.util.collection.Cache$OriginThreadAwareFuture
 874:            24           1536  io.netty.bootstrap.ServerBootstrap$ServerBootstrapAcceptor
 875:            32           1536  io.netty.channel.unix.IovArray
 876:            48           1536  io.netty.util.internal.ThreadExecutorMap$2
 877:            32           1536  java.math.BigDecimal (java.base@21.0.6)
 878:            64           1536  java.util.ImmutableCollections$ListN (java.base@21.0.6)
 879:            19           1520  com.google.inject.assistedinject.FactoryProvider2$AssistData
 880:            38           1520  io.grpc.SynchronizationContext
 881:            38           1520  java.util.concurrent.Executors$DefaultThreadFactory (java.base@21.0.6)
 882:            21           1512  [Ljdk.incubator.vector.VectorOperators$ConversionImpl; (jdk.incubator.vector@21.0.6)
 883:            27           1512  io.grpc.internal.KeepAliveEnforcer
 884:            27           1512  io.grpc.netty.Http2ControlFrameLimitEncoder
 885:            63           1512  jdk.internal.module.SystemModuleFinders$SystemModuleReader (java.base@21.0.6)
 886:            63           1512  kotlin.reflect.jvm.internal.impl.storage.DefaultSimpleLock
 887:            47           1504  kotlin.reflect.jvm.internal.impl.descriptors.runtime.components.ReflectKotlinClass
 888:            47           1496  [Lcom.sun.management.internal.DiagnosticCommandArgumentInfo; (jdk.management@21.0.6)
 889:            62           1488  io.netty.channel.epoll.EpollEventLoop$1
 890:            31           1488  java.lang.invoke.VarHandle$AccessMode (java.base@21.0.6)
 891:            31           1488  kotlin.reflect.jvm.internal.impl.descriptors.impl.ReceiverParameterDescriptorImpl
 892:             5           1480  com.github.benmanes.caffeine.cache.SSW
 893:            23           1472  com.aerospike.flow.CancellableFlow$job$1
 894:            46           1472  kotlin.UnsafeLazyImpl
 895:            23           1472  kotlinx.coroutines.flow.AbstractFlow$collect$1
 896:            61           1464  io.grpc.internal.LogExceptionRunnable
 897:            61           1464  java.util.regex.Pattern$BranchConn (java.base@21.0.6)
 898:            29           1456  [Ljava.lang.invoke.LambdaFormEditor$Transform; (java.base@21.0.6)
 899:            26           1456  com.google.protobuf.DescriptorProtos$EnumValueDescriptorProto
 900:            26           1456  java.util.ResourceBundle$KeyElementReference (java.base@21.0.6)
 901:            13           1456  org.jcp.xml.dsig.internal.dom.XMLDSigRI$ProviderService (java.xml.crypto@21.0.6)
 902:            30           1440  io.netty.buffer.LongLongHashMap
 903:            30           1440  io.netty.channel.AbstractChannelHandlerContext$WriteTask
 904:            30           1440  org.glassfish.jersey.model.ContractProvider
 905:            18           1440  org.glassfish.jersey.server.model.Resource$Data
 906:            30           1440  org.glassfish.jersey.uri.PathPattern
 907:            45           1440  org.jvnet.hk2.internal.ClazzCreator$ResolutionInfo
 908:            89           1424  [Lnet.engio.mbassy.listener.IMessageFilter;
 909:            44           1416  [Lnet.engio.mbassy.subscription.Subscription;
 910:            59           1416  kotlin.reflect.jvm.internal.impl.types.TypeParameterUpperBoundEraser$$Lambda$0
 911:            59           1416  kotlin.reflect.jvm.internal.impl.types.TypeParameterUpperBoundEraser$$Lambda$1
 912:            44           1408  com.sun.jmx.mbeanserver.PerInterface$MethodAndSig (java.management@21.0.6)
 913:            44           1408  java.util.regex.Pattern$$Lambda/0x800000032 (java.base@21.0.6)
 914:            44           1408  java.util.regex.Pattern$CharPropertyGreedy (java.base@21.0.6)
 915:            25           1400  ch.qos.logback.core.status.InfoStatus
 916:            29           1392  io.grpc.internal.RetryingNameResolver
 917:            58           1392  org.glassfish.hk2.utilities.cache.internal.WeakCARCacheImpl$CarValue
 918:            43           1376  java.lang.management.ManagementPermission (java.management@21.0.6)
 919:            23           1368  [Ljava.lang.invoke.MethodType; (java.base@21.0.6)
 920:             9           1368  com.google.protobuf.DescriptorProtos$FileOptions
 921:            34           1360  com.fasterxml.jackson.databind.MapperFeature
 922:            28           1352  [Lkotlin.reflect.KProperty;
 923:            13           1352  java.util.ResourceBundle$CacheKey (java.base@21.0.6)
 924:            56           1344  com.aerospike.client.exp.Expression
 925:            42           1344  com.sun.jmx.mbeanserver.NamedObject (java.management@21.0.6)
 926:            42           1344  io.grpc.ConnectivityStateInfo
 927:            42           1344  io.grpc.internal.InternalSubchannel$1
 928:            42           1344  io.grpc.internal.InternalSubchannel$Index
 929:            42           1344  io.grpc.internal.ManagedChannelImpl$LbHelperImpl
 930:            42           1344  io.grpc.internal.ManagedChannelImpl$SubchannelImpl$1ManagedInternalSubchannelCallback
 931:            42           1344  io.grpc.internal.PickFirstLoadBalancer$1
 932:            56           1344  io.undertow.util.StatusCodes$Entry
 933:            12           1344  org.xnio.nio.NioTcpServer
 934:            55           1320  com.aerospike.vector.storage.index.AerospikeIndexMetaStore$storeIndexLogGeneric$2$1
 935:            55           1320  io.grpc.netty.ProtocolNegotiators$GrpcNegotiationHandler
 936:            55           1320  io.netty.handler.codec.http2.DefaultHttp2ConnectionDecoder$PrefaceFrameListener
 937:            33           1320  sun.security.util.DerInputStream (java.base@21.0.6)
 938:            33           1320  sun.security.util.DerValue (java.base@21.0.6)
 939:            33           1320  sun.security.x509.RDN (java.base@21.0.6)
 940:            41           1312  [Ljava.util.concurrent.atomic.Striped64$Cell; (java.base@21.0.6)
 941:            41           1312  kotlin.reflect.jvm.internal.impl.load.java.lazy.descriptors.LazyJavaClassMemberScope$$Lambda$0
 942:            41           1312  kotlin.reflect.jvm.internal.impl.load.java.lazy.descriptors.LazyJavaClassMemberScope$$Lambda$2
 943:            41           1312  kotlin.reflect.jvm.internal.impl.load.java.lazy.descriptors.LazyJavaClassMemberScope$$Lambda$4
 944:            27           1296  io.grpc.internal.ServerImpl$ServerTransportListenerImpl
 945:            27           1296  io.grpc.netty.NettyServerHandler$1
 946:            54           1296  kotlin.enums.EnumEntriesList
 947:            54           1296  org.bouncycastle.asn1.ASN1ObjectIdentifier$OidHandle
 948:            23           1288  com.google.inject.internal.InjectorJitBindingData
 949:            23           1288  java.lang.reflect.AccessFlag (java.base@21.0.6)
 950:            23           1288  java.util.Collections$SynchronizedMap (java.base@21.0.6)
 951:            32           1280  com.sun.jmx.mbeanserver.DefaultMXBeanMappingFactory$IdentityMapping (java.management@21.0.6)
 952:            16           1280  java.lang.invoke.BoundMethodHandle$Species_LLLL (java.base@21.0.6)
 953:            32           1280  org.glassfish.jersey.internal.util.collection.Values$LazyValueImpl
 954:            53           1272  io.netty.handler.codec.http2.DefaultHttp2ConnectionDecoder$FrameReadListener
 955:            52           1248  jdk.proxy1.$Proxy0 (jdk.proxy1)
 956:             9           1224  com.google.protobuf.DescriptorProtos$FileDescriptorProto
 957:            38           1216  io.grpc.internal.AtomicBackoff
 958:            38           1216  io.grpc.internal.AutoConfiguredLoadBalancerFactory
 959:            38           1216  io.grpc.internal.ConnectivityStateManager
 960:            38           1216  io.grpc.internal.DelayedClientTransport$1
 961:            38           1216  io.grpc.internal.DelayedClientTransport$2
 962:            38           1216  io.grpc.internal.DelayedClientTransport$PickerState
 963:            38           1216  io.grpc.internal.ManagedChannelImpl$1ChannelCallTracerFactory
 964:            38           1216  io.grpc.internal.ManagedChannelImpl$ChannelStreamProvider
 965:            38           1216  io.grpc.internal.ManagedChannelImpl$IdleModeStateAggregator
 966:            38           1216  io.grpc.internal.MetricRecorderImpl
 967:            38           1216  io.grpc.internal.ScParser
 968:             3           1200  [Ljava.lang.invoke.LambdaForm; (java.base@21.0.6)
 969:            30           1200  com.fasterxml.jackson.databind.introspect.AnnotatedClass$Creators
 970:            25           1200  com.google.common.collect.RegularImmutableSet
 971:            50           1200  kotlin.reflect.jvm.internal.KMutableProperty1Impl$$Lambda$0
 972:            25           1200  kotlin.reflect.jvm.internal.impl.load.java.lazy.LazyJavaTypeParameterResolver
 973:            10           1200  kotlin.reflect.jvm.internal.impl.serialization.deserialization.builtins.BuiltInsPackageFragmentImpl
 974:            30           1200  org.glassfish.jersey.uri.PatternWithGroups
 975:            37           1184  kotlin.reflect.jvm.internal.KClassImpl$Data$$Lambda$2
 976:            37           1184  kotlin.reflect.jvm.internal.KClassImpl$Data$$Lambda$6
 977:            37           1184  kotlin.reflect.jvm.internal.KClassImpl$Data$$Lambda$7
 978:            37           1184  kotlin.reflect.jvm.internal.KClassImpl$Data$$Lambda$8
 979:            21           1176  com.aerospike.vector.index.IndexLogEntry
 980:            21           1176  kotlin.reflect.jvm.internal.impl.load.java.SpecialGenericSignatures$Companion$NameAndSignature
 981:            21           1176  org.glassfish.jersey.server.internal.ServerTraceEvent
 982:            29           1160  com.fasterxml.jackson.databind.DeserializationFeature
 983:            29           1160  java.util.regex.Pattern$Ques (java.base@21.0.6)
 984:            48           1152  io.netty.util.concurrent.SingleThreadEventExecutor$4
 985:             9           1152  java.text.DecimalFormatSymbols (java.base@21.0.6)
 986:            48           1152  java.util.TreeMap$EntrySet (java.base@21.0.6)
 987:            24           1152  java.util.regex.Pattern$Curly (java.base@21.0.6)
 988:            24           1152  kotlin.reflect.jvm.internal.impl.load.java.lazy.descriptors.JvmPackageScope
 989:            18           1152  org.glassfish.jersey.server.model.Resource
 990:            36           1152  org.glassfish.jersey.server.model.ResourceMethod
 991:            36           1152  sun.nio.fs.UnixFileKey (java.base@21.0.6)
 992:            24           1152  sun.security.x509.OIDMap$OIDInfo (java.base@21.0.6)
 993:            13           1144  javax.management.openmbean.CompositeType (java.management@21.0.6)
 994:            47           1128  java.util.Optional (java.base@21.0.6)
 995:             2           1120  io.undertow.servlet.api.DeploymentInfo
 996:            10           1120  kotlin.reflect.jvm.internal.impl.serialization.deserialization.descriptors.DeserializedTypeParameterDescriptor
 997:            35           1120  kotlinx.coroutines.ExecutorCoroutineDispatcherImpl
 998:            35           1120  kotlinx.coroutines.SupervisorJobImpl
 999:            27           1112  [Ljava.io.ObjectStreamField; (java.base@21.0.6)
1000:            23           1104  com.aerospike.flow.CancellableFlow
1001:            23           1104  com.aerospike.vector.index.RequestPerformanceMetrics
1002:            46           1104  com.google.inject.internal.FailableCache$1
1003:            46           1104  io.netty.buffer.PoolThreadCache$FreeOnFinalize
1004:            46           1104  java.util.concurrent.atomic.AtomicLongArray (java.base@21.0.6)
1005:            46           1104  jdk.proxy1.$Proxy7 (jdk.proxy1)
1006:            46           1104  kotlin.reflect.jvm.internal.KClassImpl$$Lambda$0
1007:            46           1104  kotlin.reflect.jvm.internal.impl.resolve.scopes.InnerClassesScopeWrapper
1008:            46           1104  kotlin.reflect.jvm.internal.impl.types.NullableSimpleType
1009:            23           1104  kotlinx.coroutines.EventLoopImplBase$DelayedResumeTask
1010:            17           1088  com.sun.jmx.mbeanserver.PerInterface (java.management@21.0.6)
1011:            27           1080  [Lorg.glassfish.jersey.server.internal.routing.Router;
1012:            27           1080  io.grpc.netty.GrpcHttp2HeadersUtils$GrpcHttp2ServerHeadersDecoder
1013:            27           1080  java.util.concurrent.ConcurrentSkipListMap$Index (java.base@21.0.6)
1014:             9           1080  org.glassfish.hk2.utilities.binding.AbstractBindingBuilder$ClassBasedBindingBuilder
1015:            27           1080  org.glassfish.jersey.server.model.MethodHandler$ClassBasedMethodHandler
1016:            27           1080  sun.security.provider.PolicyFile$PolicyEntry (java.base@21.0.6)
1017:            38           1072  [Ljavax.management.MBeanParameterInfo; (java.management@21.0.6)
1018:            67           1072  io.grpc.internal.ExponentialBackoffPolicy$Provider
1019:            15           1064  [Lcom.google.protobuf.Descriptors$Descriptor;
1020:            19           1064  [Ljava.lang.invoke.BoundMethodHandle$SpeciesData; (java.base@21.0.6)
1021:            19           1064  kotlin.reflect.jvm.internal.impl.util.Checks
1022:            19           1064  org.glassfish.jersey.server.model.internal.JavaResourceMethodDispatcherProvider$ResponseOutInvoker
1023:            12           1056  com.aerospike.vector.index.IndexMetrics
1024:            33           1056  io.grpc.ServerInterceptors$InterceptCallHandler
1025:            44           1056  kotlin.reflect.jvm.internal.KPropertyImpl$Getter$$Lambda$0
1026:            33           1056  kotlin.reflect.jvm.internal.impl.load.java.lazy.ContextKt$$Lambda$0
1027:            33           1056  sun.security.x509.AVA (java.base@21.0.6)
1028:             1           1040  [Ljava.lang.Character; (java.base@21.0.6)
1029:            26           1040  com.fasterxml.jackson.databind.SerializationFeature
1030:            26           1040  com.google.protobuf.Descriptors$DescriptorPool$PackageDescriptor
1031:            13           1040  java.util.concurrent.ConcurrentHashMap$TreeNode (java.base@21.0.6)
1032:            26           1040  kotlin.reflect.jvm.internal.impl.protobuf.GeneratedMessageLite$ExtensionDescriptor
1033:            43           1032  com.google.protobuf.ByteString$LiteralByteString
1034:            43           1032  io.grpc.internal.SharedResourcePool
1035:            32           1024  io.netty.handler.codec.CodecOutputList$CodecOutputLists
1036:            16           1024  java.util.Hashtable (java.base@21.0.6)
1037:            14           1008  com.aerospike.client.async.NettyEventLoop
1038:            18           1008  com.codahale.metrics.ExponentialMovingAverages
1039:            63           1008  com.google.inject.assistedinject.FactoryProvider2$ThreadLocalProvider
1040:            42           1008  io.netty.channel.ReflectiveChannelFactory
1041:            21           1008  kotlin.reflect.jvm.internal.impl.load.java.lazy.descriptors.LazyJavaClassDescriptor$LazyJavaClassTypeConstructor
1042:            21           1008  org.glassfish.jersey.inject.hk2.Hk2Helper$1
1043:             6           1008  org.glassfish.jersey.internal.guava.LocalCache
1044:            21           1008  sun.nio.fs.UnixPath (java.base@21.0.6)
1045:            25           1000  com.google.protobuf.Descriptors$EnumValueDescriptor
1046:            31            992  java.security.Provider$EngineDescription (java.base@21.0.6)
1047:            41            984  io.netty.channel.WriteBufferWaterMark
1048:            41            984  kotlin.reflect.jvm.internal.impl.descriptors.runtime.structure.ReflectJavaMethod
1049:            41            984  kotlin.reflect.jvm.internal.impl.load.java.lazy.descriptors.LazyJavaClassMemberScope$$Lambda$1
1050:            41            984  kotlin.reflect.jvm.internal.impl.load.java.lazy.descriptors.LazyJavaClassMemberScope$$Lambda$3
1051:            41            984  kotlin.reflect.jvm.internal.impl.metadata.deserialization.Flags$BooleanFlagField
1052:            12            960  com.aerospike.connect.metrics.AerospikeHistogram
1053:            30            960  com.codahale.metrics.Histogram
1054:            12            960  io.undertow.Undertow$ListenerConfig
1055:            30            960  java.lang.ProcessEnvironment$Value (java.base@21.0.6)
1056:            30            960  java.lang.ProcessEnvironment$Variable (java.base@21.0.6)
1057:            15            960  java.util.EnumMap (java.base@21.0.6)
1058:            40            960  java.util.HashMap$Values (java.base@21.0.6)
1059:            40            960  kotlin.reflect.jvm.internal.impl.descriptors.runtime.components.RuntimeSourceElementFactory$RuntimeSourceElement
1060:            24            960  org.glassfish.jersey.internal.guava.LocalCache$AccessQueue$1
1061:            17            952  com.aerospike.vector.client.proto.HnswBatchingParams
1062:            17            952  com.aerospike.vector.client.proto.IndexStorage
1063:            59            944  kotlin.reflect.jvm.internal.impl.load.java.lazy.types.RawProjectionComputer
1064:            59            944  kotlin.reflect.jvm.internal.impl.types.TypeParameterErasureOptions
1065:            29            928  io.grpc.internal.DelayedClientTransport$3
1066:            29            928  io.grpc.internal.ManagedChannelOrphanWrapper
1067:            29            928  kotlin.reflect.jvm.internal.impl.resolve.scopes.receivers.TransientReceiver
1068:            23            920  com.fasterxml.jackson.databind.deser.impl.PropertyBasedCreator
1069:            23            920  com.google.inject.internal.ConstructorInjectorStore$1
1070:            23            920  com.google.inject.internal.MembersInjectorStore
1071:            23            920  com.google.inject.internal.MembersInjectorStore$1
1072:            23            920  com.google.inject.internal.WeakKeySet
1073:            23            920  org.yaml.snakeyaml.tokens.Token$ID
1074:            23            920  picocli.CommandLine$Help$Ansi$Style
1075:            38            912  io.grpc.internal.ManagedChannelImpl$3
1076:            38            912  io.grpc.internal.ManagedChannelImpl$DelayedTransportListener
1077:            38            912  io.grpc.internal.ManagedChannelImpl$IdleModeTimer
1078:            38            912  io.grpc.internal.ManagedChannelImpl$RealChannel$1
1079:            38            912  io.grpc.internal.ManagedChannelImpl$RestrictedScheduledExecutor
1080:            38            912  io.grpc.internal.RetriableStream$ChannelBufferMeter
1081:            38            912  jdk.proxy2.$Proxy8 (jdk.proxy2)
1082:            38            912  org.bouncycastle.jce.provider.BouncyCastleProvider$JcaCryptoService
1083:            38            912  org.glassfish.jersey.inject.hk2.ContextInjectionResolverImpl$CacheKey
1084:            28            896  [Ljava.security.spec.AlgorithmParameterSpec; (java.base@21.0.6)
1085:            28            896  [Lorg.bouncycastle.asn1.x509.AlgorithmIdentifier;
1086:            14            896  com.aerospike.client.async.HashedWheelTimer
1087:            14            896  com.aerospike.vector.cluster.Cluster$ClusterEpoch
1088:             8            896  com.sun.security.sasl.Provider$ProviderService (java.security.sasl@21.0.6)
1089:            14            896  java.lang.invoke.BoundMethodHandle$Species_LJ (java.base@21.0.6)
1090:            14            896  javax.management.openmbean.SimpleType (java.management@21.0.6)
1091:            16            896  org.glassfish.jersey.message.internal.MsgTraceEvent
1092:            28            896  org.jboss.logging.Slf4jLocationAwareLogger
1093:            13            888  [Lkotlin.reflect.KParameter;
1094:            37            888  io.grpc.NameResolverRegistry$NameResolverFactory
1095:            37            888  kotlin.reflect.jvm.internal.KClassImpl$Data$$Lambda$0
1096:            37            888  kotlin.reflect.jvm.internal.KClassImpl$Data$$Lambda$1
1097:            37            888  kotlin.reflect.jvm.internal.KClassImpl$Data$$Lambda$10
1098:            37            888  kotlin.reflect.jvm.internal.KClassImpl$Data$$Lambda$11
1099:            37            888  kotlin.reflect.jvm.internal.KClassImpl$Data$$Lambda$12
1100:            37            888  kotlin.reflect.jvm.internal.KClassImpl$Data$$Lambda$13
1101:            37            888  kotlin.reflect.jvm.internal.KClassImpl$Data$$Lambda$14
1102:            37            888  kotlin.reflect.jvm.internal.KClassImpl$Data$$Lambda$15
1103:            37            888  kotlin.reflect.jvm.internal.KClassImpl$Data$$Lambda$16
1104:            37            888  kotlin.reflect.jvm.internal.KClassImpl$Data$$Lambda$17
1105:            37            888  kotlin.reflect.jvm.internal.KClassImpl$Data$$Lambda$3
1106:            37            888  kotlin.reflect.jvm.internal.KClassImpl$Data$$Lambda$4
1107:            37            888  kotlin.reflect.jvm.internal.KClassImpl$Data$$Lambda$5
1108:            37            888  kotlin.reflect.jvm.internal.KClassImpl$Data$$Lambda$9
1109:            37            888  kotlin.reflect.jvm.internal.KDeclarationContainerImpl$Data$$Lambda$0
1110:             8            880  [D (java.base@21.0.6)
1111:            22            880  com.google.protobuf.GeneratedMessageV3$FieldAccessorTable$SingularFieldAccessor
1112:            10            880  sun.invoke.util.Wrapper (java.base@21.0.6)
1113:            10            880  sun.security.x509.X500Name (java.base@21.0.6)
1114:            36            864  com.aerospike.vector.interconnect.InterconnectChannelProvider$MultiAddressNameResolverFactory
1115:            18            864  com.codahale.metrics.Meter
1116:            27            864  com.fasterxml.jackson.databind.introspect.AnnotationCollector$OneAnnotation
1117:            12            864  com.google.inject.internal.LinkedBindingImpl
1118:            36            864  io.grpc.internal.NameResolverFactoryToProviderFacade
1119:            27            864  io.grpc.netty.NettyServerHandler$KeepAlivePinger
1120:            27            864  io.grpc.netty.NettyServerHandler$WriteMonitoringFrameWriter
1121:            12            864  io.undertow.server.protocol.http.HttpOpenListener
1122:             9            864  java.lang.invoke.BoundMethodHandle$Species_LLLLLL (java.base@21.0.6)
1123:            18            864  java.lang.invoke.VarForm (java.base@21.0.6)
1124:            36            864  jdk.proxy2.$Proxy53 (jdk.proxy2)
1125:            36            864  kotlinx.coroutines.internal.Symbol
1126:            27            864  org.glassfish.jersey.server.internal.routing.MethodRouting
1127:            27            864  org.glassfish.jersey.server.internal.routing.PushMethodHandlerRouter
1128:            12            864  org.xnio.nio.NioTcpServerHandle
1129:            26            856  [Lcom.google.protobuf.Descriptors$OneofDescriptor;
1130:             2            848  com.github.benmanes.caffeine.cache.SSSMSA
1131:            53            848  io.netty.handler.codec.http2.Http2Flags
1132:             1            840  [[[C (java.base@21.0.6)
1133:             7            840  com.fasterxml.jackson.databind.cfg.BaseSettings
1134:            35            840  io.grpc.internal.PickFirstLoadBalancer$Picker
1135:            35            840  java.util.regex.Pattern$Start (java.base@21.0.6)
1136:            35            840  jdk.proxy1.$Proxy13 (jdk.proxy1)
1137:            35            840  kotlinx.coroutines.internal.ContextScope
1138:            13            832  com.fasterxml.jackson.core.JsonToken
1139:            26            832  java.security.spec.ECFieldF2m (java.base@21.0.6)
1140:            13            832  java.util.ResourceBundle$BundleReference (java.base@21.0.6)
1141:            26            832  kotlin.reflect.jvm.internal.impl.storage.LockBasedStorageManager$KeyWithComputation
1142:            26            832  org.glassfish.hk2.utilities.binding.AbstractBinder$2
1143:            13            832  sun.nio.ch.SelectionKeyImpl (java.base@21.0.6)
1144:             1            816  [Lcom.aerospike.client.cluster.Connection;
1145:             3            816  [Lcom.fasterxml.jackson.core.sym.CharsToNameCanonicalizer$Bucket;
1146:            17            816  com.aerospike.vector.client.proto.HnswIndexMergeParams
1147:            34            816  java.time.format.DateTimeFormatterBuilder$CompositePrinterParser (java.base@21.0.6)
1148:            17            816  kotlin.reflect.jvm.internal.calls.CallerImpl$FieldGetter$Instance
1149:            10            800  java.lang.invoke.BoundMethodHandle$Species_LLLJ (java.base@21.0.6)
1150:            25            800  jdk.incubator.vector.VectorOperators$UnaryImpl (jdk.incubator.vector@21.0.6)
1151:            10            800  sun.util.calendar.ZoneInfo (java.base@21.0.6)
1152:            33            792  [Lsun.security.x509.AVA; (java.base@21.0.6)
1153:             9            792  com.aerospike.connect.metrics.AerospikeTimer
1154:            11            792  com.aerospike.vector.index.IndexUpdateOperation
1155:             9            792  com.fasterxml.jackson.databind.deser.std.CollectionDeserializer
1156:            11            792  com.sun.jmx.mbeanserver.DefaultMXBeanMappingFactory$CompositeMapping (java.management@21.0.6)
1157:             7            784  org.glassfish.jersey.internal.inject.SupplierClassBinding
1158:            44            768  [[Ljava.lang.Object; (java.base@21.0.6)
1159:            12            768  com.aerospike.vector.index.InternalIndexDefinition
1160:            24            768  io.grpc.netty.NettyServer$3
1161:            24            768  io.grpc.netty.NettyServer$ListenSocket
1162:            24            768  io.netty.bootstrap.ServerBootstrap$ServerBootstrapAcceptor$1
1163:            16            768  java.time.temporal.ChronoUnit (java.base@21.0.6)
1164:            32            768  jdk.proxy2.$Proxy23 (jdk.proxy2)
1165:            24            768  kotlin.reflect.jvm.internal.impl.load.java.lazy.LazyJavaPackageFragmentProvider$$Lambda$0
1166:            24            768  kotlin.reflect.jvm.internal.impl.load.java.lazy.descriptors.LazyJavaPackageScope$$Lambda$0
1167:            24            768  kotlin.reflect.jvm.internal.impl.load.java.lazy.descriptors.LazyJavaPackageScope$$Lambda$1
1168:            24            768  kotlin.reflect.jvm.internal.impl.load.java.typeEnhancement.JavaTypeQualifiers
1169:            12            768  org.xnio.nio.QueuedNioTcpServer2
1170:            12            768  sun.util.locale.provider.LocaleResources$ResourceReference (java.base@21.0.6)
1171:            24            760  [Lkotlin.reflect.jvm.internal.impl.resolve.scopes.MemberScope;
1172:            19            760  com.fasterxml.jackson.core.JsonParser$Feature
1173:             5            760  java.util.GregorianCalendar (java.base@21.0.6)
1174:             5            760  sun.security.provider.HashDrbg (java.base@21.0.6)
1175:            31            744  com.google.inject.internal.ConstantFactory
1176:            23            736  com.aerospike.flow.CancellableFlow$job$1$1
1177:            23            736  com.fasterxml.jackson.databind.util.LRUMap
1178:            23            736  com.fasterxml.jackson.databind.util.internal.LinkedDeque
1179:            23            736  com.google.inject.internal.ConstructorInjectorStore
1180:            23            736  com.google.inject.internal.ProvisionListenerCallbackStore
1181:            23            736  kotlin.reflect.jvm.internal.impl.incremental.components.NoLookupLocation
1182:            23            736  org.glassfish.jersey.server.spi.internal.ParamValueFactoryWithSource
1183:            13            728  com.github.benmanes.caffeine.cache.PSW
1184:             7            728  kotlin.reflect.jvm.internal.impl.load.java.lazy.descriptors.LazyJavaTypeParameterDescriptor
1185:             7            728  org.glassfish.jersey.internal.inject.SupplierInstanceBinding
1186:             5            720  [Ljava.util.concurrent.ForkJoinPool$WorkQueue; (java.base@21.0.6)
1187:            18            720  com.aerospike.client.Operation$Type
1188:            18            720  com.google.protobuf.Descriptors$FieldDescriptor$Type
1189:            30            720  io.netty.util.concurrent.FastThreadLocalRunnable
1190:            30            720  kotlin.reflect.jvm.internal.impl.resolve.scopes.LazyScopeAdapter
1191:            30            720  kotlin.reflect.jvm.internal.impl.resolve.scopes.LazyScopeAdapter$$Lambda$0
1192:            10            720  kotlin.reflect.jvm.internal.impl.serialization.deserialization.descriptors.DeserializedPackageMemberScope
1193:            45            720  org.bouncycastle.pqc.jcajce.provider.sphincsplus.SPHINCSPlusKeyFactorySpi
1194:            18            720  org.glassfish.jersey.message.ReaderModel
1195:            18            720  org.glassfish.jersey.message.WriterModel
1196:            19            712  [Lkotlin.reflect.jvm.internal.impl.util.Check;
1197:            15            704  [Ljava.nio.channels.SelectionKey; (java.base@21.0.6)
1198:            22            704  java.lang.reflect.ClassFileFormatVersion (java.base@21.0.6)
1199:            22            704  java.util.AbstractMap$SimpleImmutableEntry (java.base@21.0.6)
1200:            22            704  kotlin.reflect.jvm.internal.impl.descriptors.impl.SubpackagesScope
1201:            22            704  kotlin.reflect.jvm.internal.impl.resolve.scopes.ChainedMemberScope
1202:            11            704  org.glassfish.jersey.internal.guava.LocalCache$StrongAccessEntry
1203:            29            696  com.fasterxml.jackson.databind.introspect.AnnotatedMethodMap
1204:            29            696  com.google.common.collect.SingletonImmutableSet
1205:            29            696  org.bouncycastle.jcajce.provider.asymmetric.compositesignatures.KeyFactorySpi
1206:            29            696  org.glassfish.jersey.uri.internal.UriPart
1207:             1            688  [Lkotlin.reflect.jvm.internal.impl.types.error.ErrorTypeKind;
1208:            17            680  io.grpc.Status$Code
1209:            17            680  kotlin.reflect.jvm.internal.impl.descriptors.impl.AbstractTypeParameterDescriptor$1
1210:             5            680  sun.security.x509.X509CertImpl (java.base@21.0.6)
1211:            14            672  com.aerospike.client.cluster.Node$AsyncPool
1212:            14            672  com.aerospike.vector.cluster.Cluster$ClusterState
1213:            12            672  com.google.inject.internal.FactoryProxy
1214:            28            672  com.google.protobuf.GeneratedMessageV3$FieldAccessorTable$SyntheticOneofAccessor
1215:            12            672  io.undertow.Undertow$ListenerInfo
1216:            12            672  java.lang.OutOfMemoryError (java.base@21.0.6)
1217:            12            672  java.lang.WeakPairMap$Pair$Weak (java.base@21.0.6)
1218:            12            672  java.lang.WeakPairMap$Pair$Weak$1 (java.base@21.0.6)
1219:            14            672  java.lang.invoke.SimpleMethodHandle (java.base@21.0.6)
1220:             4            672  kotlin.reflect.jvm.internal.impl.descriptors.impl.SimpleFunctionDescriptorImpl
1221:            12            672  sun.nio.ch.ServerSocketAdaptor (java.base@21.0.6)
1222:            21            672  sun.security.x509.AVAKeyword (java.base@21.0.6)
1223:            27            648  com.aerospike.vector.interconnect.InterconnectChannelProvider$MultiAddressNameResolverFactory$newNameResolver$1
1224:            27            648  io.grpc.internal.KeepAliveManager$1
1225:            27            648  io.grpc.internal.KeepAliveManager$2
1226:            27            648  io.grpc.netty.Http2ControlFrameLimitEncoder$1
1227:            27            648  io.grpc.netty.NettyServer$1$1LoopReleaser
1228:            27            648  io.grpc.netty.NettyServerHandler$FrameListener
1229:            27            648  io.grpc.netty.NettyServerTransport$1TerminationNotifier
1230:             9            648  io.netty.handler.codec.http2.Http2Exception$StacklessHttp2Exception
1231:             9            648  java.lang.invoke.MethodHandleImpl$IntrinsicMethodHandle (java.base@21.0.6)
1232:            27            648  java.security.spec.ECFieldFp (java.base@21.0.6)
1233:            27            648  java.time.LocalTime (java.base@21.0.6)
1234:            27            648  kotlinx.coroutines.internal.Removed
1235:            27            648  org.glassfish.jersey.server.internal.routing.PushMatchedMethodRouter
1236:            27            648  org.glassfish.jersey.server.internal.routing.Routers$EndpointRouter
1237:             9            648  org.glassfish.jersey.server.model.RuntimeResource
1238:             8            640  com.google.protobuf.DescriptorProtos$EnumDescriptorProto
1239:             8            640  com.google.protobuf.Descriptors$FileDescriptor
1240:            40            640  io.grpc.netty.ProtocolNegotiators$PlaintextProtocolNegotiator
1241:            20            640  java.security.SecurityPermission (java.base@21.0.6)
1242:            10            640  kotlin.reflect.jvm.internal.impl.load.java.lazy.descriptors.ClassDeclaredMemberIndex
1243:            14            624  [Lcom.google.protobuf.Descriptors$EnumValueDescriptor;
1244:            13            624  com.google.protobuf.MapField
1245:            26            624  io.grpc.internal.Rescheduler$FutureRunnable
1246:            39            624  java.time.format.DateTimeFormatterBuilder$CharLiteralPrinterParser (java.base@21.0.6)
1247:            13            624  javax.management.MBeanNotificationInfo (java.management@21.0.6)
1248:             6            624  jdk.incubator.vector.LaneType (jdk.incubator.vector@21.0.6)
1249:             3            624  kotlin.reflect.jvm.internal.impl.load.java.lazy.JavaResolverComponents
1250:            26            624  kotlin.reflect.jvm.internal.impl.protobuf.ExtensionRegistryLite$ObjectIntPair
1251:            13            624  sun.security.jca.ProviderConfig (java.base@21.0.6)
1252:             7            616  com.google.protobuf.Descriptors$EnumDescriptor
1253:             7            616  java.util.concurrent.TimeUnit (java.base@21.0.6)
1254:            38            608  io.grpc.netty.NettyChannelBuilder$LocalSocketPicker
1255:            25            600  kotlin.reflect.jvm.internal.impl.load.java.lazy.LazyJavaTypeParameterResolver$$Lambda$0
1256:            15            600  sun.security.x509.AlgorithmId (java.base@21.0.6)
1257:             6            592  [Lio.netty.util.concurrent.EventExecutor;
1258:             5            592  [Lsun.invoke.util.Wrapper; (java.base@21.0.6)
1259:            26            584  [Ljavax.management.MBeanNotificationInfo; (java.management@21.0.6)
1260:             4            576  [Lio.netty.buffer.PoolArena;
1261:            24            576  com.codahale.metrics.Counter
1262:            18            576  com.google.protobuf.DescriptorProtos$FieldDescriptorProto$Type
1263:            18            576  com.google.protobuf.LongArrayList
1264:            24            576  io.netty.channel.ServerChannelRecvByteBufAllocator
1265:             8            576  java.lang.reflect.ProxyGenerator$PrimitiveTypeInfo (java.base@21.0.6)
1266:             6            576  java.text.DateFormatSymbols (java.base@21.0.6)
1267:             8            576  java.util.Collections$SingletonMap (java.base@21.0.6)
1268:            18            576  java.util.concurrent.ForkJoinTask$RunnableExecuteAction (java.base@21.0.6)
1269:            12            576  kotlin.reflect.jvm.internal.KTypeImpl
1270:            24            576  kotlin.reflect.jvm.internal.impl.descriptors.runtime.structure.ReflectJavaPackage
1271:            24            576  kotlin.reflect.jvm.internal.impl.load.java.lazy.descriptors.JvmPackageScope$$Lambda$0
1272:            24            576  kotlin.reflect.jvm.internal.impl.load.java.lazy.descriptors.LazyJavaPackageFragment$$Lambda$0
1273:            24            576  kotlin.reflect.jvm.internal.impl.load.java.lazy.descriptors.LazyJavaPackageFragment$$Lambda$1
1274:            24            576  kotlin.reflect.jvm.internal.impl.load.java.lazy.descriptors.LazyJavaPackageFragment$$Lambda$2
1275:            24            576  org.glassfish.jersey.internal.guava.LocalCache$AccessQueue
1276:            18            576  org.glassfish.jersey.server.model.Resource$1
1277:            18            576  org.jvnet.hk2.internal.SoftAnnotatedElementAnnotationInfo
1278:            24            576  org.xnio.ChannelListener$SimpleSetter
1279:             9            576  sun.util.resources.Bundles$BundleReference (java.base@21.0.6)
1280:             1            560  [Ljava.lang.invoke.LambdaForm$Kind; (java.base@21.0.6)
1281:            14            560  com.aerospike.client.async.EventState
1282:            14            560  com.aerospike.vector.storage.AsyncRecordListener
1283:            10            560  com.google.protobuf.GeneratedMessageV3$FieldAccessorTable$SingularMessageFieldAccessor
1284:            14            560  com.google.protobuf.WireFormat$FieldType
1285:            14            560  io.netty.handler.codec.http2.Http2Error
1286:            14            560  io.netty.resolver.AddressResolverGroup$1
1287:            14            560  io.netty.resolver.InetSocketAddressResolver
1288:            10            560  java.lang.invoke.VarHandleLongs$FieldInstanceReadWrite (java.base@21.0.6)
1289:             5            560  jdk.incubator.vector.ByteVector$ByteSpecies (jdk.incubator.vector@21.0.6)
1290:             5            560  jdk.incubator.vector.FloatVector$FloatSpecies (jdk.incubator.vector@21.0.6)
1291:             5            560  jdk.incubator.vector.IntVector$IntSpecies (jdk.incubator.vector@21.0.6)
1292:            14            560  jdk.incubator.vector.VectorOperators$ImplCache (jdk.incubator.vector@21.0.6)
1293:            14            560  kotlin.reflect.jvm.internal.impl.protobuf.WireFormat$FieldType
1294:            14            560  kotlin.reflect.jvm.internal.impl.serialization.deserialization.MemberDeserializer$$Lambda$0
1295:            14            560  kotlin.reflect.jvm.internal.impl.serialization.deserialization.MemberDeserializer$$Lambda$6
1296:            10            560  org.jvnet.hk2.internal.IterableProviderImpl
1297:             5            560  sun.util.calendar.Gregorian$Date (java.base@21.0.6)
1298:            23            552  com.google.common.cache.LocalCache$LocalManualCache
1299:            23            552  com.google.inject.internal.InjectorImpl$InjectorOptions
1300:            23            552  com.google.inject.internal.InjectorShell$InjectorFactory
1301:            23            552  com.google.inject.internal.ProvisionListenerCallbackStore$1
1302:            23            552  com.google.inject.internal.WeakKeySet$$Lambda/0x00007fa7880c4e20
1303:            23            552  com.google.inject.spi.BindingSourceRestriction$PermitMapConstruction$PermitMapImpl
1304:            23            552  java.time.Duration (java.base@21.0.6)
1305:             3            552  kotlin.reflect.jvm.internal.impl.descriptors.impl.PropertyDescriptorImpl
1306:             3            552  kotlin.reflect.jvm.internal.impl.serialization.deserialization.DeserializationComponents
1307:            23            552  kotlinx.coroutines.flow.SafeFlow
1308:            17            544  com.fasterxml.jackson.databind.type.ClassKey
1309:            17            544  com.google.common.collect.ImmutableMapEntry
1310:            17            544  javax.management.StandardMBean (java.management@21.0.6)
1311:            17            544  kotlin.reflect.jvm.internal.impl.descriptors.impl.AbstractTypeParameterDescriptor$2
1312:            17            544  sun.nio.ch.SocketOptionRegistry$RegistryKey (java.base@21.0.6)
1313:             1            528  [Lio.netty.handler.codec.http2.HpackStaticTable$HeaderIndex;
1314:            11            528  com.aerospike.vector.index.IndexCreateOperation
1315:             6            528  com.google.inject.internal.Initializer$InjectableReference
1316:            22            528  jdk.proxy2.$Proxy9 (jdk.proxy2)
1317:            11            528  kotlin.reflect.jvm.internal.impl.descriptors.impl.AbstractTypeParameterDescriptor$TypeParameterTypeConstructor
1318:            22            528  kotlin.reflect.jvm.internal.impl.descriptors.impl.LazyPackageViewDescriptorImpl$$Lambda$0
1319:            22            528  kotlin.reflect.jvm.internal.impl.descriptors.impl.LazyPackageViewDescriptorImpl$$Lambda$1
1320:            22            528  kotlin.reflect.jvm.internal.impl.descriptors.impl.LazyPackageViewDescriptorImpl$$Lambda$2
1321:            13            520  com.fasterxml.jackson.core.JsonGenerator$Feature
1322:             5            520  java.util.jar.JarVerifier (java.base@21.0.6)
1323:            13            520  sun.nio.ch.DummySocketImpl (java.base@21.0.6)
1324:            13            520  sun.reflect.generics.repository.FieldRepository (java.base@21.0.6)
1325:             5            520  sun.security.x509.X509CertInfo (java.base@21.0.6)
1326:             8            512  com.google.protobuf.DescriptorProtos$ServiceDescriptorProto
1327:             8            512  java.io.FilePermission (java.base@21.0.6)
1328:             8            512  java.nio.HeapByteBuffer (java.base@21.0.6)
1329:            16            512  java.util.Date (java.base@21.0.6)
1330:             8            512  kotlin.reflect.jvm.internal.impl.builtins.PrimitiveType
1331:             8            512  kotlin.reflect.jvm.internal.impl.resolve.jvm.JvmPrimitiveType
1332:             3            504  com.aerospike.vector.index.IndexCatalog
1333:             9            504  com.google.protobuf.GeneratedMessageV3$FieldAccessorTable$SingularStringFieldAccessor
1334:             9            504  io.grpc.Metadata$AsciiKey
1335:             9            504  java.lang.invoke.VarHandleInts$FieldInstanceReadWrite (java.base@21.0.6)
1336:             9            504  java.util.logging.Level$KnownLevel (java.logging@21.0.6)
1337:            21            504  jdk.proxy2.$Proxy55 (jdk.proxy2)
1338:            21            504  kotlin.reflect.jvm.internal.impl.load.java.lazy.descriptors.LazyJavaClassDescriptor$$Lambda$1
1339:            21            504  kotlin.reflect.jvm.internal.impl.load.java.lazy.descriptors.LazyJavaClassDescriptor$$Lambda$2
1340:            21            504  kotlin.reflect.jvm.internal.impl.load.java.lazy.descriptors.LazyJavaClassDescriptor$LazyJavaClassTypeConstructor$$Lambda$0
1341:             7            504  sun.management.MemoryPoolImpl (java.management@21.0.6)
1342:             2            496  [Lcom.fasterxml.jackson.databind.DeserializationFeature;
1343:             1            496  [Lcom.google.inject.internal.ErrorId;
1344:             8            496  [Lkotlin.annotation.AnnotationTarget;
1345:             2            496  io.grpc.netty.NettyServer
1346:             2            496  kotlinx.coroutines.scheduling.CoroutineScheduler$Worker
1347:             5            488  [Ljdk.incubator.vector.LaneType; (jdk.incubator.vector@21.0.6)
1348:            20            480  com.aerospike.connect.metrics.DefaultSettableGauge
1349:             6            480  com.aerospike.vector.client.proto.HnswIndexUpdate
1350:             3            480  com.fasterxml.jackson.databind.deser.std.StdValueInstantiator
1351:            12            480  com.fasterxml.jackson.dataformat.yaml.YAMLGenerator$Feature
1352:             6            480  com.google.protobuf.SmallSortedMap$1
1353:            12            480  io.grpc.ServiceDescriptor
1354:            12            480  io.undertow.server.protocol.http.HttpRequestParser$$generated
1355:            20            480  io.undertow.util.SimpleAttachmentKey
1356:            12            480  java.util.concurrent.atomic.AtomicLongFieldUpdater$CASUpdater (java.base@21.0.6)
1357:            15            480  kotlin.annotation.AnnotationTarget
1358:            20            480  kotlin.reflect.jvm.internal.impl.descriptors.runtime.structure.ReflectJavaClass
1359:            12            480  kotlin.reflect.jvm.internal.impl.metadata.builtins.BuiltInsBinaryVersion
1360:            10            480  kotlin.reflect.jvm.internal.impl.serialization.deserialization.ProtoBasedClassDataFinder
1361:             6            480  kotlinx.coroutines.sync.MutexImpl
1362:            12            480  org.glassfish.jersey.server.internal.routing.Route
1363:            12            480  org.xnio.nio.NioTcpServer$1
1364:            12            480  org.xnio.nio.NioXnioWorker$NioWorkerMetrics$$Lambda/0x00007fa788772d10
1365:             7            464  [Lcom.google.protobuf.Descriptors$MethodDescriptor;
1366:            29            464  java.lang.ThreadLocal (java.base@21.0.6)
1367:             7            456  [Lcom.google.common.collect.ImmutableMapEntry;
1368:            18            456  [[Ljava.lang.annotation.Annotation; (java.base@21.0.6)
1369:            19            456  jdk.proxy2.$Proxy70 (jdk.proxy2)
1370:            19            456  org.glassfish.jersey.server.internal.inject.EntityParamValueParamProvider$EntityValueSupplier
1371:             1            456  org.jboss.threads.EnhancedQueueExecutor
1372:             2            448  [Lcom.fasterxml.jackson.databind.SerializationFeature;
1373:             7            448  [Ljdk.incubator.vector.AbstractSpecies; (jdk.incubator.vector@21.0.6)
1374:            14            448  com.aerospike.client.async.ScheduleTask
1375:             7            448  com.google.protobuf.DescriptorProtos$MessageOptions
1376:            14            448  io.netty.handler.codec.http2.HpackStaticTable$HeaderIndex
1377:            14            448  io.netty.resolver.DefaultNameResolver
1378:             8            448  java.text.DigitList (java.base@21.0.6)
1379:             7            448  java.util.PropertyResourceBundle (java.base@21.0.6)
1380:            14            448  kotlin.reflect.jvm.internal.impl.descriptors.impl.FunctionDescriptorImpl$1
1381:            14            448  kotlin.reflect.jvm.internal.impl.renderer.DescriptorRendererModifier
1382:             7            448  org.glassfish.jersey.server.model.internal.JavaResourceMethodDispatcherProvider$TypeOutInvoker
1383:            14            448  org.glassfish.jersey.server.monitoring.RequestEvent$Type
1384:             2            448  org.xnio.nio.WorkerThread
1385:             5            440  com.aerospike.client.policy.Policy
1386:             5            440  com.aerospike.vector.exchange.Exchange$ExchangePayload
1387:             5            440  com.aerospike.vector.heartbeat.Heartbeat$HeartbeatMessage
1388:            11            440  io.undertow.security.impl.DigestAuthorizationToken
1389:             5            440  java.net.SocketPermission (java.base@21.0.6)
1390:            11            440  kotlin.reflect.jvm.internal.impl.metadata.ProtoBuf$QualifiedNameTable
1391:            11            440  kotlin.reflect.jvm.internal.impl.metadata.ProtoBuf$StringTable
1392:             3            432  [Ljava.util.concurrent.RunnableScheduledFuture; (java.base@21.0.6)
1393:             3            432  com.fasterxml.jackson.databind.DeserializationConfig
1394:            27            432  io.grpc.netty.AbstractNettyHandler$AllowPingLimiter
1395:            27            432  io.grpc.netty.NettyServerHandler$ServerChannelLogger
1396:             6            432  java.nio.DirectLongBufferU (java.base@21.0.6)
1397:            18            432  java.text.DateFormat$Field (java.base@21.0.6)
1398:             9            432  java.util.logging.Level (java.logging@21.0.6)
1399:             9            432  jdk.internal.loader.NativeLibraries$NativeLibraryImpl (java.base@21.0.6)
1400:            18            432  kotlin.reflect.jvm.internal.impl.load.java.lazy.descriptors.LazyJavaClassDescriptor$$Lambda$0
1401:             9            432  kotlin.reflect.jvm.internal.impl.load.kotlin.TypeMappingMode
1402:             9            432  org.glassfish.jersey.inject.hk2.SupplierFactoryBridge
1403:            18            432  org.xnio.OptionMap
1404:             9            432  sun.security.x509.URIName (java.base@21.0.6)
1405:             9            432  sun.util.resources.Bundles$CacheKey (java.base@21.0.6)
1406:            23            424  [Ljavax.management.MBeanConstructorInfo; (java.management@21.0.6)
1407:            10            424  [Lsun.security.x509.RDN; (java.base@21.0.6)
1408:            13            416  ch.qos.logback.core.spi.ContextAwareBase
1409:            13            416  com.aerospike.vector.storage.AerospikeStorageId
1410:            13            416  com.fasterxml.jackson.databind.type.LogicalType
1411:            13            416  com.fasterxml.jackson.module.kotlin.BucketGenerator
1412:            13            416  com.fasterxml.jackson.module.kotlin.ConstructorValueCreator
1413:            13            416  com.google.protobuf.MapField$MutabilityAwareMap
1414:             4            416  java.lang.invoke.BoundMethodHandle$Species_LLLLLLL (java.base@21.0.6)
1415:             4            416  java.text.SimpleDateFormat (java.base@21.0.6)
1416:            13            416  jdk.incubator.vector.VectorOperators$BinaryImpl (jdk.incubator.vector@21.0.6)
1417:            13            416  kotlin.reflect.jvm.internal.impl.metadata.ProtoBuf$Annotation$Argument$Value$Type
1418:            13            416  org.glassfish.jersey.uri.UriComponent$Type
1419:             4            416  org.jboss.threads.EnhancedQueueExecutor$PoolThreadNode
1420:            17            408  io.netty.channel.$Proxy47
1421:            17            408  java.util.concurrent.ConcurrentSkipListMap$Values (java.base@21.0.6)
1422:            17            408  kotlin.reflect.jvm.internal.impl.descriptors.runtime.structure.ReflectJavaTypeParameter
1423:            17            408  sun.nio.ch.OptionKey (java.base@21.0.6)
1424:             5            400  com.fasterxml.jackson.databind.introspect.BasicBeanDescription
1425:            10            400  com.google.common.collect.ImmutableMapEntry$NonTerminalImmutableMapEntry
1426:            10            400  com.google.inject.spi.TypeConverterBinding
1427:             5            400  java.net.URLPermission (java.base@21.0.6)
1428:             5            400  java.util.Properties (java.base@21.0.6)
1429:            10            400  kotlin.reflect.jvm.internal.impl.types.error.ErrorScopeKind
1430:            10            400  org.glassfish.jersey.server.internal.inject.ParamInjectionResolver
1431:            16            392  [Lcom.google.protobuf.Descriptors$FileDescriptor;
1432:             7            392  com.cronutils.model.field.constraint.FieldConstraints
1433:             7            392  com.sun.jmx.mbeanserver.DefaultMXBeanMappingFactory$CollectionMapping (java.management@21.0.6)
1434:             7            392  org.glassfish.hk2.utilities.general.Hk2ThreadLocal$Key
1435:             7            392  sun.management.MemoryPoolImpl$CollectionSensor (java.management@21.0.6)
1436:             5            384  [Ljava.lang.invoke.LambdaForm$NamedFunction; (java.base@21.0.6)
1437:            16            384  com.aerospike.vector.index.IndexServiceInternalGrpc$IndexServiceInternalMethodDescriptorSupplier
1438:            16            384  com.aerospike.vector.index.IndexServiceInternalGrpc$MethodHandlers
1439:             3            384  com.fasterxml.jackson.databind.ObjectMapper
1440:             3            384  com.fasterxml.jackson.databind.SerializationConfig
1441:             3            384  com.fasterxml.jackson.databind.deser.DefaultDeserializationContext$Impl
1442:             3            384  com.fasterxml.jackson.databind.ser.DefaultSerializerProvider$Impl
1443:             6            384  com.google.common.collect.RegularImmutableMap
1444:             6            384  com.google.inject.assistedinject.FactoryProvider2
1445:            12            384  io.grpc.ServerServiceDefinition
1446:            12            384  io.undertow.server.ConnectorStatisticsImpl
1447:            12            384  io.undertow.server.protocol.http2.Http2UpgradeHandler
1448:            12            384  java.lang.NamedPackage (java.base@21.0.6)
1449:            12            384  java.lang.annotation.ElementType (java.base@21.0.6)
1450:            12            384  java.net.StandardSocketOptions$StdSocketOption (java.base@21.0.6)
1451:             4            384  java.security.SecureRandom (java.base@21.0.6)
1452:            12            384  java.security.spec.RSAKeyGenParameterSpec (java.base@21.0.6)
1453:            16            384  java.util.regex.Pattern$$Lambda/0x800000031 (java.base@21.0.6)
1454:            16            384  jdk.proxy2.$Proxy52 (jdk.proxy2)
1455:            12            384  kotlin.Pair
1456:            12            384  kotlin.reflect.jvm.internal.KTypeImpl$$Lambda$1
1457:             4            384  kotlin.reflect.jvm.internal.impl.descriptors.impl.EnumEntrySyntheticClassDescriptor
1458:            16            384  kotlin.reflect.jvm.internal.impl.serialization.deserialization.descriptors.DeserializedAnnotations
1459:             8            384  kotlin.reflect.jvm.internal.impl.types.KotlinTypeFactory$$Lambda$1
1460:            12            384  org.glassfish.jersey.model.Parameter$Source
1461:             8            384  org.xnio.SequenceOption
1462:            12            384  sun.reflect.annotation.TypeAnnotation$TypeAnnotationTarget (java.base@21.0.6)
1463:            23            368  com.google.inject.internal.InjectorShell$LoggerFactory
1464:             2            368  io.grpc.internal.ServerImpl
1465:             1            360  [Ljakarta.ws.rs.core.Response$Status;
1466:            15            360  com.aerospike.vector.hlc.HlcTimestamp
1467:             9            360  com.codahale.metrics.Timer
1468:             5            360  com.google.inject.internal.InjectorImpl$SyntheticProviderBindingImpl
1469:             9            360  com.google.protobuf.Descriptors$FieldDescriptor$JavaType
1470:             9            360  com.google.protobuf.WireFormat$JavaType
1471:             3            360  io.undertow.servlet.api.ServletInfo
1472:             9            360  io.undertow.util.FastConcurrentDirectDeque$Node
1473:             9            360  java.util.RegularEnumSet (java.base@21.0.6)
1474:             9            360  kotlin.reflect.jvm.internal.impl.protobuf.WireFormat$JavaType
1475:             9            360  kotlin.reflect.jvm.internal.impl.resolve.constants.EnumValue
1476:             5            360  kotlin.reflect.jvm.internal.impl.types.error.ErrorType
1477:             3            360  org.glassfish.jersey.server.ResourceConfig$ImmutableState
1478:             9            360  org.glassfish.jersey.server.internal.routing.WildcardMethodSelectingRouter
1479:            15            360  org.yaml.snakeyaml.nodes.Tag
1480:            15            360  sun.invoke.util.ValueConversions$WrapperCache (java.base@21.0.6)
1481:             9            360  sun.reflect.generics.reflectiveObjects.WildcardTypeImpl (java.base@21.0.6)
1482:             5            360  sun.security.util.MemoryCache$SoftCacheEntry (java.base@21.0.6)
1483:             2            352  [Ljava.text.DateFormat$Field; (java.base@21.0.6)
1484:            11            352  com.fasterxml.jackson.annotation.JsonFormat$Feature
1485:            11            352  com.fasterxml.jackson.annotation.JsonFormat$Shape
1486:            11            352  java.lang.invoke.MethodHandleImpl$Intrinsic (java.base@21.0.6)
1487:            11            352  kotlin.reflect.jvm.internal.impl.renderer.DescriptorRendererImpl
1488:            11            352  org.bouncycastle.asn1.x509.AlgorithmIdentifier
1489:            11            352  org.bouncycastle.jcajce.provider.asymmetric.ec.KeyFactorySpi$EC
1490:            11            352  org.yaml.snakeyaml.events.Event$ID
1491:             4            352  sun.security.provider.SHA2$SHA256 (java.base@21.0.6)
1492:             4            336  [Lcom.fasterxml.jackson.databind.cfg.CoercionAction;
1493:             7            336  com.aerospike.vector.client.proto.StandaloneIndexParams
1494:            14            336  com.aerospike.vector.node.NodeId
1495:             6            336  com.fasterxml.jackson.core.io.SerializedString
1496:             7            336  com.google.protobuf.Descriptors$ServiceDescriptor
1497:             6            336  io.netty.channel.epoll.EpollEventLoopGroup
1498:            14            336  io.netty.util.internal.TypeParameterMatcher$ReflectiveMatcher
1499:             7            336  java.nio.file.attribute.FileTime (java.base@21.0.6)
1500:            14            336  java.util.concurrent.ConcurrentHashMap$ValuesView (java.base@21.0.6)
1501:             3            336  java.util.concurrent.ScheduledThreadPoolExecutor (java.base@21.0.6)
1502:             6            336  java.util.stream.StreamOpFlag (java.base@21.0.6)
1503:             7            336  javax.management.StandardEmitterMBean (java.management@21.0.6)
1504:            14            336  jdk.proxy1.$Proxy1 (jdk.proxy1)
1505:             6            336  kotlin.reflect.jvm.internal.impl.types.ClassTypeConstructorImpl
1506:             6            336  kotlinx.coroutines.CompletedContinuation
1507:             2            336  org.bouncycastle.jce.provider.BouncyCastleProvider
1508:             7            336  org.glassfish.jersey.message.internal.AcceptableMediaType
1509:             7            336  sun.management.MemoryPoolImpl$PoolSensor (java.management@21.0.6)
1510:             3            336  sun.security.provider.NativePRNG$RandomIO (java.base@21.0.6)
1511:             2            320  [Lcom.google.protobuf.DescriptorProtos$FieldDescriptorProto$Type;
1512:             2            320  [Lcom.google.protobuf.Descriptors$FieldDescriptor$Type;
1513:             2            320  [Lcom.google.protobuf.WireFormat$FieldType;
1514:             1            320  [Lorg.bouncycastle.crypto.CryptoServiceProperties;
1515:             1            320  com.aerospike.client.cluster.Cluster
1516:            10            320  com.aerospike.client.exp.Exp$Type
1517:             5            320  com.aerospike.vector.heartbeat.Heartbeat$ClusterPayload
1518:             8            320  com.aerospike.vector.index.IndexLogEntryList
1519:            10            320  com.fasterxml.jackson.databind.cfg.CoercionInputShape
1520:             2            320  com.fasterxml.jackson.databind.ser.BeanPropertyWriter
1521:             1            320  com.github.benmanes.caffeine.cache.SSLA
1522:             5            320  com.google.common.io.BaseEncoding$Alphabet
1523:            10            320  com.google.inject.internal.asm.$Type
1524:             5            320  com.google.protobuf.MapEntry$Metadata
1525:            10            320  java.nio.file.StandardOpenOption (java.base@21.0.6)
1526:             8            320  java.util.concurrent.locks.AbstractQueuedSynchronizer$SharedNode (java.base@21.0.6)
1527:            10            320  jdk.incubator.vector.VectorOperators$ComparisonImpl (jdk.incubator.vector@21.0.6)
1528:             8            320  kotlin.reflect.jvm.internal.impl.builtins.jvm.JavaToKotlinClassMap$PlatformMutabilityMapping
1529:            10            320  kotlin.reflect.jvm.internal.impl.metadata.deserialization.NameResolverImpl
1530:            10            320  kotlin.reflect.jvm.internal.impl.serialization.deserialization.MemberDeserializer$$Lambda$3
1531:            10            320  org.bouncycastle.crypto.CryptoServicePurpose
1532:            10            320  sun.reflect.generics.tree.Wildcard (java.base@21.0.6)
1533:             2            320  sun.security.provider.Sun (java.base@21.0.6)
1534:             4            320  sun.security.rsa.RSAPublicKeyImpl (java.base@21.0.6)
1535:             3            312  [[Ljava.lang.String; (java.base@21.0.6)
1536:             1            312  [[Ljava.math.BigInteger; (java.base@21.0.6)
1537:             3            312  ch.qos.logback.core.ConsoleAppender
1538:            13            312  com.google.protobuf.MapField$ImmutableMessageConverter
1539:            13            312  java.util.regex.Pattern$StartS (java.base@21.0.6)
1540:            13            312  jdk.proxy2.$Proxy51 (jdk.proxy2)
1541:            13            312  org.xnio.Xnio$MBeanCloseable
1542:            13            312  sun.util.logging.internal.LoggingProviderImpl$JULWrapper (java.logging@21.0.6)
1543:             2            304  [Lio.grpc.Status$Code;
1544:             1            288  [Lcom.fasterxml.jackson.databind.MapperFeature;
1545:             6            288  [Lorg.glassfish.jersey.internal.guava.LocalCache$Segment;
1546:             2            288  [Lorg.glassfish.jersey.internal.util.collection.KeyComparatorHashMap$Entry;
1547:            12            288  [Lorg.xnio.nio.NioTcpServerHandle;
1548:             3            288  com.aerospike.vector.index.IndexLog
1549:             6            288  com.fasterxml.jackson.core.json.JsonWriteFeature
1550:             9            288  com.fasterxml.jackson.databind.node.JsonNodeType
1551:             4            288  com.sun.management.internal.GarbageCollectorExtImpl (jdk.management@21.0.6)
1552:             4            288  io.netty.buffer.SizeClasses
1553:             4            288  io.netty.channel.ServerChannelRecvByteBufAllocator$1
1554:             9            288  io.netty.handler.codec.http.HttpMethod$EnumNameMap$Node
1555:             4            288  io.undertow.servlet.handlers.ServletChain
1556:             9            288  java.lang.ClassValue$Version (java.base@21.0.6)
1557:             6            288  java.lang.invoke.LambdaForm$BasicType (java.base@21.0.6)
1558:             9            288  java.lang.reflect.AccessFlag$Location (java.base@21.0.6)
1559:             9            288  java.net.NetPermission (java.base@21.0.6)
1560:             9            288  java.nio.file.attribute.PosixFilePermission (java.base@21.0.6)
1561:             9            288  java.util.concurrent.Executors$AutoShutdownDelegatedExecutorService (java.base@21.0.6)
1562:             3            288  java.util.concurrent.ScheduledThreadPoolExecutor$ScheduledFutureTask (java.base@21.0.6)
1563:            12            288  java.util.regex.Pattern$Begin (java.base@21.0.6)
1564:             9            288  jdk.incubator.vector.VectorOperators$AssociativeImpl (jdk.incubator.vector@21.0.6)
1565:             9            288  jdk.internal.org.objectweb.asm.Type (java.base@21.0.6)
1566:            12            288  kotlin.reflect.jvm.internal.KCallableImpl$$Lambda$9
1567:            12            288  kotlin.reflect.jvm.internal.KTypeImpl$$Lambda$0
1568:             6            288  kotlinx.coroutines.sync.SemaphoreSegment
1569:             6            288  org.bouncycastle.jcajce.provider.config.ProviderConfigurationPermission
1570:             9            288  org.glassfish.jersey.inject.hk2.Hk2Helper$$Lambda/0x00007fa7886b3358
1571:            12            288  org.glassfish.jersey.inject.hk2.Hk2Helper$$Lambda/0x00007fa7886b68b0
1572:            12            288  org.glassfish.jersey.inject.hk2.InstanceSupplierFactoryBridge
1573:             9            288  org.glassfish.jersey.server.internal.routing.PushMatchedTemplateRouter
1574:             9            288  org.glassfish.jersey.server.model.HandlerConstructor
1575:            12            288  org.xnio.ChannelListeners$10
1576:            12            288  org.xnio.nio.NioTcpServerHandle$1
1577:            12            288  org.xnio.nio.QueuedNioTcpServer2$$Lambda/0x00007fa788772f40
1578:            12            288  org.xnio.nio.QueuedNioTcpServer2$$Lambda/0x00007fa788773158
1579:            12            288  org.xnio.nio.QueuedNioTcpServer2$$Lambda/0x00007fa788773590
1580:             4            288  sun.nio.cs.UTF_8$Encoder (java.base@21.0.6)
1581:             4            288  sun.security.provider.MoreDrbgParameters (java.base@21.0.6)
1582:             4            288  sun.util.locale.provider.LocaleResources (java.base@21.0.6)
1583:             7            280  com.cronutils.parser.CronParserField
1584:             7            280  com.fasterxml.jackson.module.kotlin.KotlinFeature
1585:             1            280  com.github.benmanes.caffeine.cache.BoundedBuffer$RingBuffer
1586:             5            280  io.grpc.Metadata$TrustedAsciiKey
1587:             7            280  java.lang.invoke.MethodHandles$Lookup (java.base@21.0.6)
1588:             7            280  kotlin.reflect.jvm.internal.impl.load.java.JavaNullabilityAnnotationsStatus
1589:             7            280  kotlin.reflect.jvm.internal.impl.types.error.ErrorEntity
1590:             7            280  kotlin.time.DurationUnit
1591:             5            280  kotlinx.coroutines.channels.ChannelSegment
1592:             5            280  sun.security.x509.AuthorityKeyIdentifierExtension (java.base@21.0.6)
1593:             5            280  sun.util.locale.provider.LocaleProviderAdapter$Type (java.base@21.0.6)
1594:             2            272  com.fasterxml.jackson.databind.deser.impl.MethodProperty
1595:             2            272  sun.nio.ch.EPollSelectorImpl (java.base@21.0.6)
1596:             1            264  [Ljava.lang.invoke.VarHandle$AccessMode; (java.base@21.0.6)
1597:             3            264  com.fasterxml.jackson.core.sym.ByteQuadsCanonicalizer
1598:             3            264  com.fasterxml.jackson.core.sym.CharsToNameCanonicalizer
1599:             3            264  com.google.protobuf.GeneratedMessageV3$FieldAccessorTable$SingularEnumFieldAccessor
1600:            11            264  io.grpc.Attributes$Key
1601:             3            264  java.nio.DirectByteBufferR (java.base@21.0.6)
1602:            11            264  java.util.regex.Pattern$Dollar (java.base@21.0.6)
1603:             3            264  javax.management.openmbean.OpenMBeanOperationInfoSupport (java.management@21.0.6)
1604:            11            264  jdk.internal.misc.InternalLock (java.base@21.0.6)
1605:            11            264  kotlin.reflect.jvm.internal.impl.protobuf.LazyStringArrayList
1606:            11            264  kotlin.reflect.jvm.internal.impl.protobuf.UnmodifiableLazyStringList
1607:            11            264  kotlin.reflect.jvm.internal.impl.renderer.DescriptorRendererImpl$$Lambda$0
1608:            11            264  org.glassfish.jersey.internal.guava.LocalCache$StrongValueReference
1609:             3            264  sun.nio.cs.StreamEncoder (java.base@21.0.6)
1610:             2            256  [Lio.netty.handler.codec.http2.Http2Error;
1611:             1            256  [Ljava.time.temporal.ChronoField; (java.base@21.0.6)
1612:             8            256  [Ljava.util.concurrent.ConcurrentHashMap$CounterCell; (java.base@21.0.6)
1613:             8            256  com.aerospike.vector.client.proto.StandaloneIndexState
1614:             8            256  com.aerospike.vector.cluster.QuantumFaultType
1615:             2            256  com.aerospike.vector.server.grpc.service.GrpcTransactService
1616:             4            256  com.codahale.metrics.SlidingTimeWindowArrayReservoir
1617:             8            256  com.cronutils.model.definition.CronNicknames
1618:             8            256  com.cronutils.model.field.CronFieldName
1619:             4            256  com.fasterxml.jackson.core.Base64Variant
1620:             2            256  com.fasterxml.jackson.databind.MappingJsonFactory
1621:             8            256  com.fasterxml.jackson.databind.introspect.AnnotationIntrospectorPair
1622:             8            256  com.github.benmanes.caffeine.cache.BoundedLocalCache$PerformCleanupTask
1623:             4            256  com.google.common.collect.MapMakerInternalMap$WeakKeyStrongValueSegment
1624:             8            256  com.google.protobuf.Descriptors$DescriptorPool
1625:             2            256  io.grpc.internal.DnsNameResolver
1626:             8            256  io.prometheus.client.Collector$Type
1627:             8            256  java.math.RoundingMode (java.base@21.0.6)
1628:             8            256  java.util.BitSet (java.base@21.0.6)
1629:             2            256  kotlin.reflect.jvm.internal.KProperty0Impl
1630:             4            256  org.bouncycastle.crypto.params.DHParameters
1631:             4            256  org.glassfish.hk2.utilities.general.internal.WeakHashClockImpl
1632:             2            248  [Ljava.math.BigDecimal; (java.base@21.0.6)
1633:             3            248  [Ljava.util.logging.Level; (java.logging@21.0.6)
1634:             2            248  [[J (java.base@21.0.6)
1635:             1            248  org.jvnet.hk2.internal.AutoActiveDescriptor
1636:             1            248  org.jvnet.hk2.internal.ServiceLocatorImpl
1637:             6            240  [Lsun.nio.fs.NativeBuffer; (java.base@21.0.6)
1638:             5            240  com.aerospike.vector.client.proto.ProjectionFilter
1639:            10            240  com.aerospike.vector.cluster.ClusterServiceGrpc$ClusterServiceMethodDescriptorSupplier
1640:            10            240  com.aerospike.vector.cluster.ClusterServiceGrpc$MethodHandlers
1641:            15            240  com.aerospike.vector.inject.VectorDbGuiceModule$$FastClassByGuice$$693993
1642:             6            240  com.codahale.metrics.jvm.JmxAttributeGauge
1643:             5            240  com.fasterxml.jackson.core.JsonEncoding
1644:             5            240  com.google.protobuf.MapEntry
1645:             5            240  io.netty.handler.codec.http.HttpStatusClass
1646:             6            240  io.netty.handler.codec.http2.Http2Headers$PseudoHeaderName
1647:             5            240  io.netty.util.internal.ObjectPool$RecyclerObjectPool$1
1648:            10            240  io.undertow.UndertowLogger_$logger
1649:            10            240  java.nio.charset.CoderResult (java.base@21.0.6)
1650:             5            240  java.time.format.DateTimeFormatterBuilder$NanosPrinterParser (java.base@21.0.6)
1651:             6            240  java.time.format.TextStyle (java.base@21.0.6)
1652:            10            240  java.util.concurrent.ConcurrentSkipListMap$KeySet (java.base@21.0.6)
1653:            10            240  javax.security.auth.x500.X500Principal (java.base@21.0.6)
1654:             6            240  kotlin.reflect.jvm.internal.impl.descriptors.ClassKind
1655:             6            240  kotlin.reflect.jvm.internal.impl.load.java.AnnotationQualifierApplicabilityType
1656:            10            240  kotlin.reflect.jvm.internal.impl.load.java.lazy.descriptors.ClassDeclaredMemberIndex$$Lambda$0
1657:            10            240  kotlin.reflect.jvm.internal.impl.resolve.scopes.DescriptorKindFilter
1658:            10            240  kotlin.reflect.jvm.internal.impl.resolve.scopes.DescriptorKindFilter$Companion$MaskToName
1659:            10            240  kotlin.reflect.jvm.internal.impl.serialization.deserialization.DeserializedPackageFragmentImpl$$Lambda$0
1660:            10            240  kotlin.reflect.jvm.internal.impl.serialization.deserialization.DeserializedPackageFragmentImpl$$Lambda$1
1661:             6            240  kotlin.reflect.jvm.internal.impl.serialization.deserialization.MemberDeserializer$$Lambda$2
1662:            10            240  kotlin.reflect.jvm.internal.impl.serialization.deserialization.descriptors.DeserializedTypeParameterDescriptor$$Lambda$0
1663:             2            240  kotlinx.coroutines.channels.ConflatedBufferedChannel
1664:            10            240  org.bouncycastle.jce.spec.ECNamedCurveGenParameterSpec
1665:            10            240  org.glassfish.jersey.inject.hk2.InjectionResolverWrapper
1666:             6            240  org.glassfish.jersey.internal.JaxrsProviders
1667:             6            240  org.glassfish.jersey.message.internal.MessagingBinders$EnabledProvidersBinder$Provider
1668:             6            240  sun.nio.fs.NativeBuffer (java.base@21.0.6)
1669:            10            240  sun.security.x509.KeyIdentifier (java.base@21.0.6)
1670:             7            224  com.aerospike.vector.client.proto.NodeRole
1671:             7            224  com.aerospike.vector.cluster.QuantumFault
1672:             2            224  com.aerospike.vector.index.metrics.CacheMetrics
1673:             7            224  com.codahale.metrics.jvm.MemoryUsageGaugeSet$3
1674:             7            224  com.fasterxml.jackson.annotation.JsonInclude$Include
1675:             7            224  com.fasterxml.jackson.annotation.PropertyAccessor
1676:             7            224  com.github.benmanes.caffeine.cache.AccessOrderDeque
1677:             7            224  com.github.benmanes.caffeine.cache.BoundedLocalCache$BoundedLocalManualCache
1678:             7            224  com.google.inject.internal.TypeConverterBindingProcessor$5
1679:             7            224  com.google.protobuf.LazyStringArrayList
1680:             2            224  com.sun.security.sasl.gsskerb.JdkSASL$ProviderService (jdk.security.jgss@21.0.6)
1681:             7            224  io.grpc.SynchronizationContext$ScheduledHandle
1682:             7            224  io.netty.handler.codec.http2.Http2Stream$State
1683:             7            224  io.undertow.servlet.core.ContextClassLoaderSetupAction$1
1684:             7            224  io.undertow.servlet.core.ServletRequestContextThreadSetupAction$1
1685:             7            224  java.lang.System$Logger$Level (java.base@21.0.6)
1686:             2            224  java.lang.invoke.BoundMethodHandle$Species_LLLLLLLL (java.base@21.0.6)
1687:             7            224  java.util.regex.Pattern$SliceI (java.base@21.0.6)
1688:             7            224  jdk.net.ExtendedSocketOptions$ExtSocketOption (jdk.net@21.0.6)
1689:             2            224  kotlin.reflect.jvm.internal.impl.descriptors.impl.ModuleDescriptorImpl
1690:             7            224  kotlin.reflect.jvm.internal.impl.metadata.ProtoBuf$Class$Kind
1691:             4            224  org.glassfish.hk2.utilities.general.internal.WeakHashLRUImpl
1692:             7            224  org.glassfish.jersey.jackson.internal.jackson.jaxrs.util.ClassKey
1693:             7            224  org.glassfish.jersey.uri.internal.UriTemplateParser$Variables$State
1694:             7            224  org.yaml.snakeyaml.scanner.Constant
1695:             2            224  sun.security.jgss.SunProvider$ProviderService (java.security.jgss@21.0.6)
1696:             1            224  sun.security.pkcs11.SunPKCS11 (jdk.crypto.cryptoki@21.0.6)
1697:             5            216  [Lcom.github.benmanes.caffeine.cache.RemovalCause;
1698:             3            216  [[Ljdk.incubator.vector.VectorOperators$ConversionImpl; (jdk.incubator.vector@21.0.6)
1699:             3            216  ch.qos.logback.classic.pattern.ThrowableProxyConverter
1700:             3            216  com.fasterxml.jackson.databind.PropertyMetadata
1701:             9            216  com.google.inject.internal.TypeConverterBindingProcessor$6
1702:             9            216  io.netty.handler.codec.http.HttpMethod
1703:             3            216  java.lang.reflect.ProxyGenerator$ProxyMethod (java.base@21.0.6)
1704:             3            216  java.time.temporal.JulianFields$Field (java.base@21.0.6)
1705:             9            216  java.util.concurrent.Executors$AutoShutdownDelegatedExecutorService$$Lambda/0x00007fa7883e9050 (java.base@21.0.6)
1706:             9            216  jdk.proxy2.$Proxy57 (jdk.proxy2)
1707:             9            216  jdk.proxy2.$Proxy64 (jdk.proxy2)
1708:             9            216  kotlin.reflect.jvm.internal.impl.descriptors.runtime.structure.ReflectJavaField
1709:             3            216  kotlinx.coroutines.BlockingEventLoop
1710:             3            216  org.glassfish.jersey.model.internal.ComponentBag
1711:             9            216  org.glassfish.jersey.server.internal.routing.AbstractMethodSelectingRouter$4
1712:             9            216  org.glassfish.jersey.server.internal.routing.PushMatchedRuntimeResourceRouter
1713:             9            216  org.jvnet.hk2.component.MultiMap
1714:             9            216  sun.security.x509.DNSName (java.base@21.0.6)
1715:             9            216  sun.security.x509.GeneralName (java.base@21.0.6)
1716:             2            208  [Lio.undertow.security.impl.DigestAuthorizationToken;
1717:             1            208  [Ljava.time.LocalTime; (java.base@21.0.6)
1718:             2            208  ch.qos.logback.classic.PatternLayout
1719:             2            208  ch.qos.logback.classic.pattern.NamedConverter$NameCache
1720:             2            208  com.aerospike.client.policy.ScanPolicy
1721:             2            208  kotlin.reflect.jvm.internal.impl.descriptors.impl.PropertySetterDescriptorImpl
1722:             2            208  kotlinx.coroutines.channels.BufferedChannel
1723:             2            208  sun.nio.ch.FileChannelImpl (java.base@21.0.6)
1724:             1            200  [Ljava.lang.reflect.AccessFlag; (java.base@21.0.6)
1725:             1            200  [Lkotlin.reflect.jvm.internal.impl.incremental.components.NoLookupLocation;
1726:             1            200  [Lorg.yaml.snakeyaml.tokens.Token$ID;
1727:             1            200  [Lpicocli.CommandLine$Help$Ansi$Style;
1728:             1            200  ch.qos.logback.classic.LoggerContext
1729:             1            200  com.aerospike.vector.cluster.ClusterMonitor
1730:             5            200  com.aerospike.vector.config.NodeRoleSet
1731:             5            200  com.aerospike.vector.heartbeat.Heartbeat$SocketEndpointList
1732:             5            200  com.fasterxml.jackson.databind.cfg.JsonNodeFeature
1733:             5            200  io.netty.handler.logging.LogLevel
1734:             5            200  java.lang.invoke.VarHandle$AccessType (java.base@21.0.6)
1735:             5            200  java.net.HostPortrange (java.base@21.0.6)
1736:             5            200  java.util.ImmutableCollections$MapN (java.base@21.0.6)
1737:             5            200  jdk.incubator.vector.VectorShape (jdk.incubator.vector@21.0.6)
1738:             5            200  jdk.internal.loader.NativeLibraries (java.base@21.0.6)
1739:             5            200  jdk.internal.platform.cgroupv1.CgroupV1SubsystemController (java.base@21.0.6)
1740:             5            200  kotlin.reflect.jvm.internal.ComputableClassValue
1741:             5            200  kotlin.reflect.jvm.internal.impl.types.error.ErrorTypeConstructor
1742:             5            200  org.yaml.snakeyaml.DumperOptions$ScalarStyle
1743:             5            200  sun.security.x509.KeyUsageExtension (java.base@21.0.6)
1744:             5            200  sun.security.x509.SubjectKeyIdentifierExtension (java.base@21.0.6)
1745:             1            192  [Ljava.lang.reflect.ClassFileFormatVersion; (java.base@21.0.6)
1746:             6            192  ch.qos.logback.core.pattern.LiteralConverter
1747:             4            192  ch.qos.logback.core.util.COWArrayList
1748:             1            192  com.aerospike.client.async.AsyncScanPartition
1749:             2            192  com.aerospike.client.policy.BatchPolicy
1750:             6            192  com.aerospike.connect.metrics.ThreadStatesGaugeSet$$Lambda/0x00007fa788337ab0
1751:             1            192  com.aerospike.vector.VectorDbMain$addShutdownHook$1
1752:             8            192  com.aerospike.vector.client.proto.IndexServiceGrpc$IndexServiceMethodDescriptorSupplier
1753:             8            192  com.aerospike.vector.client.proto.IndexServiceGrpc$MethodHandlers
1754:             8            192  com.aerospike.vector.client.proto.UserAdminServiceGrpc$MethodHandlers
1755:             8            192  com.aerospike.vector.client.proto.UserAdminServiceGrpc$UserAdminServiceMethodDescriptorSupplier
1756:             6            192  com.aerospike.vector.client.proto.VectorDistanceMetric
1757:             6            192  com.aerospike.vector.client.proto.WriteType
1758:             1            192  com.aerospike.vector.cluster.ClusterRegister
1759:             8            192  com.aerospike.vector.index.metrics.SizeProvider
1760:             6            192  com.cronutils.model.field.definition.FieldDefinition
1761:             6            192  com.cronutils.model.field.value.SpecialChar
1762:             6            192  com.fasterxml.jackson.annotation.JsonAutoDetect$Visibility
1763:             6            192  com.fasterxml.jackson.core.JsonParser$NumberType
1764:             4            192  com.fasterxml.jackson.core.util.Separators$Spacing
1765:             3            192  com.fasterxml.jackson.databind.cfg.ConfigOverrides
1766:            12            192  com.fasterxml.jackson.databind.node.IntNode
1767:             4            192  com.fasterxml.jackson.databind.ser.impl.ReadOnlyClassToSerializerMap$Bucket
1768:             2            192  com.github.benmanes.caffeine.cache.BoundedLocalCache$$Lambda/0x00007fa788563638
1769:             8            192  com.google.inject.matcher.Matchers$IdenticalTo
1770:             4            192  com.sun.jmx.mbeanserver.DefaultMXBeanMappingFactory$ArrayMapping (java.management@21.0.6)
1771:             4            192  com.sun.jmx.mbeanserver.DefaultMXBeanMappingFactory$EnumMapping (java.management@21.0.6)
1772:             6            192  io.grpc.internal.KeepAliveManager$State
1773:             2            192  io.netty.buffer.PooledByteBufAllocator
1774:            12            192  io.undertow.server.ConnectorStatisticsImpl$BytesReceivedAccumulator
1775:            12            192  io.undertow.server.ConnectorStatisticsImpl$BytesSentAccumulator
1776:             4            192  io.undertow.server.handlers.cache.LRUCache$CacheEntry
1777:             8            192  jakarta.ws.rs.core.MultivaluedHashMap
1778:             6            192  jakarta.ws.rs.core.Response$Status$Family
1779:             4            192  java.io.FileOutputStream (java.base@21.0.6)
1780:             6            192  java.lang.StringBuilder (java.base@21.0.6)
1781:             6            192  java.lang.Thread$State (java.base@21.0.6)
1782:             3            192  java.lang.ThreadGroup (java.base@21.0.6)
1783:             3            192  java.lang.invoke.BoundMethodHandle$Species_LI (java.base@21.0.6)
1784:             3            192  java.lang.invoke.VarHandleReferences$Array (java.base@21.0.6)
1785:             4            192  java.security.MessageDigest$Delegate$CloneableDelegate (java.base@21.0.6)
1786:             3            192  jdk.internal.foreign.layout.ValueLayouts$OfFloatImpl (java.base@21.0.6)
1787:             3            192  jdk.internal.foreign.layout.ValueLayouts$OfIntImpl (java.base@21.0.6)
1788:             6            192  jdk.internal.perf.PerfCounter (java.base@21.0.6)
1789:             2            192  kotlin.collections.builders.MapBuilder
1790:             8            192  kotlin.reflect.jvm.internal.impl.builtins.PrimitiveType$$Lambda$0
1791:             8            192  kotlin.reflect.jvm.internal.impl.builtins.PrimitiveType$$Lambda$1
1792:             8            192  kotlin.reflect.jvm.internal.impl.descriptors.impl.AbstractTypeParameterDescriptor$2$1
1793:             4            192  kotlin.reflect.jvm.internal.impl.descriptors.impl.EnumEntrySyntheticClassDescriptor$EnumEntryScope
1794:             8            192  kotlin.reflect.jvm.internal.impl.load.kotlin.JvmType$Primitive
1795:             6            192  kotlin.reflect.jvm.internal.impl.load.kotlin.header.KotlinClassHeader$Kind
1796:             6            192  kotlin.reflect.jvm.internal.impl.metadata.ProtoBuf$Visibility
1797:             4            192  org.bouncycastle.crypto.params.DSAParameters
1798:             6            192  org.bouncycastle.pqc.jcajce.provider.dilithium.DilithiumKeyFactorySpi
1799:             4            192  org.glassfish.hk2.utilities.cache.LRUHybridCache
1800:             8            192  org.glassfish.jersey.internal.util.collection.Values$InstanceValue
1801:             6            192  org.glassfish.jersey.jackson.internal.jackson.jaxrs.cfg.JaxRSFeature
1802:             2            192  org.glassfish.jersey.jackson.internal.jackson.jaxrs.json.JsonEndpointConfig
1803:             6            192  org.jboss.logging.Logger$Level
1804:             4            192  org.jvnet.hk2.internal.FactoryCreator
1805:             6            192  sun.security.util.DisabledAlgorithmConstraints$Constraint$Operator (java.base@21.0.6)
1806:             6            192  sun.security.x509.AccessDescription (java.base@21.0.6)
1807:             3            184  [Ljava.lang.invoke.LambdaForm$BasicType; (java.base@21.0.6)
1808:             1            184  [Lorg.glassfish.jersey.server.internal.ServerTraceEvent;
1809:             1            184  com.aerospike.client.cluster.Node
1810:             1            184  com.aerospike.vector.index.IndexService
1811:             1            184  com.aerospike.vector.index.StandaloneIndexWorker
1812:             1            184  io.undertow.server.protocol.http.HttpServerConnection
1813:             1            184  java.util.logging.LogManager$Cleaner (java.logging@21.0.6)
1814:             1            184  jdk.internal.loader.ClassLoaders$AppClassLoader (java.base@21.0.6)
1815:             1            184  jdk.internal.loader.ClassLoaders$BootClassLoader (java.base@21.0.6)
1816:             1            184  jdk.internal.loader.ClassLoaders$PlatformClassLoader (java.base@21.0.6)
1817:             2            176  [Ljava.nio.file.attribute.PosixFilePermission; (java.base@21.0.6)
1818:             2            176  com.aerospike.vector.exchange.ClusterServiceState
1819:             2            176  com.aerospike.vector.storage.StorageOptions
1820:             2            176  io.grpc.InternalChannelz$ServerSocketMap
1821:             1            176  io.undertow.servlet.core.DeploymentImpl
1822:             1            176  java.lang.ref.Finalizer$FinalizerThread (java.base@21.0.6)
1823:             1            176  java.lang.ref.Reference$ReferenceHandler (java.base@21.0.6)
1824:             1            176  jdk.internal.misc.InnocuousThread (java.base@21.0.6)
1825:             2            176  kotlin.reflect.jvm.internal.KMutableProperty1Impl$Setter
1826:             1            176  kotlin.reflect.jvm.internal.impl.descriptors.impl.ClassConstructorDescriptorImpl
1827:             2            176  org.glassfish.jersey.jackson.internal.jackson.jaxrs.util.LRUMap
1828:             1            168  [Lcom.fasterxml.jackson.core.JsonParser$Feature;
1829:             6            168  [Lcom.fasterxml.jackson.databind.ser.Serializers;
1830:             7            168  [Lcom.google.protobuf.Descriptors$ServiceDescriptor;
1831:             1            168  [Lkotlin.reflect.jvm.internal.impl.util.Checks;
1832:             3            168  [Lsun.invoke.util.ValueConversions$WrapperCache; (java.base@21.0.6)
1833:             1            168  [Lsun.security.util.ObjectIdentifier; (java.base@21.0.6)
1834:             1            168  [Lsun.util.locale.BaseLocale; (java.base@21.0.6)
1835:             1            168  [[Ljava.lang.Byte; (java.base@21.0.6)
1836:             7            168  ch.qos.logback.classic.Level
1837:             3            168  com.aerospike.flow.CancellableFlow$job$1$1$emit$1
1838:             3            168  com.aerospike.vector.client.proto.ProjectionSpec
1839:             1            168  com.aerospike.vector.exchange.ExchangeService
1840:             3            168  com.aerospike.vector.index.CentroidMapEntry
1841:             3            168  com.aerospike.vector.index.IndexCatalog$cancellableFlow$1
1842:             3            168  com.aerospike.vector.index.IndexLog$cancellableFlow$1
1843:             1            168  com.aerospike.vector.index.Indexer
1844:             7            168  com.codahale.metrics.jvm.MemoryUsageGaugeSet$$Lambda/0x00007fa788336a20
1845:             7            168  com.codahale.metrics.jvm.MemoryUsageGaugeSet$$Lambda/0x00007fa788336c38
1846:             7            168  com.codahale.metrics.jvm.MemoryUsageGaugeSet$$Lambda/0x00007fa788336e50
1847:             7            168  com.codahale.metrics.jvm.MemoryUsageGaugeSet$$Lambda/0x00007fa788337068
1848:             7            168  com.cronutils.parser.FieldParser
1849:             3            168  com.fasterxml.jackson.databind.cfg.DeserializerFactoryConfig
1850:             1            168  com.fasterxml.jackson.dataformat.yaml.YAMLFactory
1851:             3            168  com.github.benmanes.caffeine.cache.PSA
1852:             3            168  com.google.common.io.BaseEncoding$Base64Encoding
1853:             7            168  io.grpc.SynchronizationContext$ManagedRunnable
1854:             7            168  io.grpc.internal.ManagedChannelImpl$SubchannelImpl$1ShutdownSubchannel
1855:             3            168  java.io.BufferedWriter (java.base@21.0.6)
1856:             3            168  java.lang.invoke.VarHandleBooleans$FieldInstanceReadWrite (java.base@21.0.6)
1857:             7            168  java.util.concurrent.ConcurrentHashMap$EntrySetView (java.base@21.0.6)
1858:             7            168  java.util.regex.Pattern$$Lambda/0x00007fa788060ec0 (java.base@21.0.6)
1859:             1            168  jdk.internal.jimage.ImageReader$SharedImageReader (java.base@21.0.6)
1860:             7            168  jdk.proxy1.$Proxy49 (jdk.proxy1)
1861:             7            168  jdk.proxy2.$Proxy59 (jdk.proxy2)
1862:             7            168  kotlin.reflect.jvm.internal.KCallableImpl$$Lambda$6
1863:             3            168  kotlinx.coroutines.BlockingCoroutine
1864:             7            168  org.bouncycastle.asn1.ASN1Tag
1865:             1            168  sun.nio.ch.SocketChannelImpl (java.base@21.0.6)
1866:             1            160  [Lcom.aerospike.client.Operation$Type;
1867:             2            160  [Lcom.aerospike.vector.client.proto.StandaloneIndexState;
1868:             5            160  [Lcom.aerospike.vector.config.InterconnectChannelType;
1869:             2            160  [Lcom.cronutils.model.field.CronFieldName;
1870:             2            160  [Lcom.google.common.cache.LocalCache$EntryFactory;
1871:             2            160  [Lkotlin.reflect.jvm.internal.impl.builtins.PrimitiveType;
1872:             1            160  [Lkotlin.reflect.jvm.internal.impl.protobuf.WireFormat$FieldType;
1873:             2            160  [Lorg.glassfish.jersey.internal.guava.LocalCache$EntryFactory;
1874:             2            160  ch.qos.logback.classic.encoder.PatternLayoutEncoder
1875:             5            160  ch.qos.logback.core.pattern.parser.TokenStream$TokenizerState
1876:             4            160  ch.qos.logback.core.util.CachingDateFormatter
1877:             5            160  com.aerospike.client.async.EventLoopType
1878:             5            160  com.aerospike.client.policy.RecordExistsAction
1879:             5            160  com.aerospike.client.policy.Replica
1880:             2            160  com.aerospike.vector.metrics.ConnectionMetrics
1881:             5            160  com.fasterxml.jackson.annotation.Nulls
1882:             5            160  com.fasterxml.jackson.core.JsonFactory$Feature
1883:             4            160  com.fasterxml.jackson.core.StreamReadCapability
1884:             4            160  com.fasterxml.jackson.databind.cfg.SerializerFactoryConfig
1885:             2            160  com.fasterxml.jackson.databind.deser.std.StringCollectionDeserializer
1886:             4            160  com.fasterxml.jackson.databind.util.TypeKey
1887:             5            160  com.github.benmanes.caffeine.cache.WriteOrderDeque
1888:             4            160  com.google.protobuf.Descriptors$FileDescriptor$Syntax
1889:             1            160  com.sun.crypto.provider.SunJCE (java.base@21.0.6)
1890:             1            160  com.sun.security.sasl.Provider (java.security.sasl@21.0.6)
1891:             1            160  com.sun.security.sasl.gsskerb.JdkSASL (jdk.security.jgss@21.0.6)
1892:             5            160  io.grpc.ConnectivityState
1893:             5            160  io.grpc.MethodDescriptor$MethodType
1894:             2            160  io.netty.buffer.UnpooledByteBufAllocator$InstrumentedUnpooledUnsafeDirectByteBuf
1895:             4            160  io.netty.channel.epoll.EpollRecvByteAllocatorHandle
1896:             5            160  io.netty.util.concurrent.DefaultEventExecutorChooserFactory$PowerOfTwoEventExecutorChooser
1897:             5            160  io.netty.util.internal.logging.InternalLogLevel
1898:             2            160  io.undertow.server.DefaultByteBufferPool
1899:             5            160  jakarta.servlet.DispatcherType
1900:             5            160  jakarta.servlet.http.MappingMatch
1901:             1            160  java.lang.invoke.BoundMethodHandle$Species_LLLLLLLLLLLLLL (java.base@21.0.6)
1902:             4            160  java.lang.module.ModuleDescriptor$Opens (java.base@21.0.6)
1903:             5            160  java.time.format.SignStyle (java.base@21.0.6)
1904:             5            160  java.util.regex.Pattern$CharProperty (java.base@21.0.6)
1905:             5            160  java.util.stream.StreamOpFlag$Type (java.base@21.0.6)
1906:             2            160  javax.management.openmbean.TabularType (java.management@21.0.6)
1907:             5            160  jdk.incubator.vector.VectorOperators$TestImpl (jdk.incubator.vector@21.0.6)
1908:             5            160  kotlin.KotlinVersion
1909:             5            160  kotlin.reflect.jvm.internal.impl.builtins.jvm.JvmBuiltInsCustomizer$JDKMemberStatus
1910:             4            160  kotlin.reflect.jvm.internal.impl.descriptors.runtime.structure.ReflectJavaValueParameter
1911:             5            160  kotlin.reflect.jvm.internal.impl.load.java.JavaDefaultQualifiers
1912:             4            160  kotlin.reflect.jvm.internal.impl.storage.LockBasedStorageManager$CacheWithNullableValuesBasedOnMemoizedFunction
1913:             5            160  kotlin.reflect.jvm.internal.impl.types.SimpleTypeWithAttributes
1914:             5            160  kotlin.reflect.jvm.internal.impl.types.error.ErrorScope
1915:             4            160  kotlinx.coroutines.channels.BufferedChannel$BufferedChannelIterator
1916:             5            160  kotlinx.coroutines.scheduling.CoroutineScheduler$WorkerState
1917:             5            160  org.bouncycastle.jcajce.provider.asymmetric.ec.KeyFactorySpi$ECMQV
1918:             2            160  org.glassfish.hk2.utilities.cache.internal.WeakCARCacheImpl
1919:             5            160  org.glassfish.jersey.internal.util.ExtendedLogger
1920:             5            160  org.glassfish.jersey.message.internal.HttpHeaderReader$Event
1921:             1            160  org.glassfish.jersey.server.ServerBootstrapBag
1922:             1            160  org.glassfish.jersey.server.internal.ProcessingProviders
1923:             1            160  org.jcp.xml.dsig.internal.dom.XMLDSigRI (java.xml.crypto@21.0.6)
1924:             5            160  picocli.CommandLine$ParseResult$GroupValidationResult$Type
1925:             5            160  sun.nio.ch.Util$BufferCache (java.base@21.0.6)
1926:             1            160  sun.security.ec.SunEC (jdk.crypto.ec@21.0.6)
1927:             1            160  sun.security.jca.ProviderList$1 (java.base@21.0.6)
1928:             5            160  sun.security.jca.ServiceId (java.base@21.0.6)
1929:             1            160  sun.security.jgss.SunProvider (java.security.jgss@21.0.6)
1930:             1            160  sun.security.provider.certpath.ldap.JdkLDAP (java.naming@21.0.6)
1931:             1            160  sun.security.rsa.SunRsaSign (java.base@21.0.6)
1932:             1            160  sun.security.smartcardio.SunPCSC (java.smartcardio@21.0.6)
1933:             1            160  sun.security.ssl.SunJSSE (java.base@21.0.6)
1934:             4            160  sun.security.x509.BasicConstraintsExtension (java.base@21.0.6)
1935:             5            160  sun.security.x509.CertificateExtensions (java.base@21.0.6)
1936:             5            160  sun.security.x509.CertificateValidity (java.base@21.0.6)
1937:             5            160  sun.security.x509.PolicyInformation (java.base@21.0.6)
1938:             1            152  com.aerospike.vector.cluster.PaxosProposer
1939:             1            152  com.aerospike.vector.heartbeat.AdjacencyMonitor
1940:             1            152  com.aerospike.vector.index.cache.IndexCacheCoordinator
1941:             1            152  io.undertow.servlet.spec.ServletContextImpl
1942:             1            152  kotlin.reflect.jvm.internal.impl.serialization.deserialization.builtins.BuiltInSerializerProtocol
1943:             1            152  sun.util.cldr.CLDRLocaleProviderAdapter (java.base@21.0.6)
1944:             2            144  [Lcom.aerospike.vector.client.proto.NodeRole;
1945:             1            144  [Lio.netty.handler.codec.http.HttpMethod$EnumNameMap$Node;
1946:             1            144  [Ljava.time.temporal.ChronoUnit; (java.base@21.0.6)
1947:             2            144  [Lkotlin.reflect.jvm.internal.impl.metadata.ProtoBuf$Class$Kind;
1948:             1            144  [Lorg.glassfish.jersey.message.internal.MsgTraceEvent;
1949:             2            144  ch.qos.logback.classic.pattern.LoggerConverter
1950:             6            144  com.aerospike.vector.client.proto.TransactServiceGrpc$MethodHandlers
1951:             6            144  com.aerospike.vector.client.proto.TransactServiceGrpc$TransactServiceMethodDescriptorSupplier
1952:             1            144  com.aerospike.vector.embedded.client.config.ClientPolicyConfig
1953:             2            144  com.aerospike.vector.heartbeat.AdjacentNode
1954:             1            144  com.aerospike.vector.index.IndexCleaner
1955:             2            144  com.aerospike.vector.index.IndexLog$store$1
1956:             6            144  com.aerospike.vector.index.TransactServiceInternalGrpc$MethodHandlers
1957:             6            144  com.aerospike.vector.index.TransactServiceInternalGrpc$TransactServiceInternalMethodDescriptorSupplier
1958:             1            144  com.aerospike.vector.index.merge.coordinator.IndexMergeCoordinator
1959:             6            144  com.aerospike.vector.index.metrics.Fitness
1960:             3            144  com.aerospike.vector.index.metrics.IndexMetricsRegistry
1961:             6            144  com.aerospike.vector.index.metrics.PerIndexMetrics$$Lambda/0x00007fa788624400
1962:             6            144  com.aerospike.vector.index.metrics.PerIndexMetrics$$Lambda/0x00007fa78871c000
1963:             6            144  com.aerospike.vector.index.metrics.PerIndexMetrics$$Lambda/0x00007fa7888a3df8
1964:             6            144  com.aerospike.vector.index.metrics.PerIndexMetrics$$Lambda/0x00007fa7888a4010
1965:             6            144  com.aerospike.vector.index.metrics.PerIndexMetrics$$Lambda/0x00007fa7888a4228
1966:             6            144  com.aerospike.vector.index.metrics.PerIndexMetrics$$Lambda/0x00007fa7888a4440
1967:             6            144  com.aerospike.vector.index.metrics.PerIndexMetrics$$Lambda/0x00007fa7888a4658
1968:             6            144  com.aerospike.vector.index.metrics.PerIndexMetrics$$Lambda/0x00007fa7888a4ca0
1969:             6            144  com.aerospike.vector.index.metrics.PerIndexMetrics$$Lambda/0x00007fa7888a4eb8
1970:             6            144  com.aerospike.vector.index.metrics.PerIndexMetrics$$Lambda/0x00007fa7888a50d0
1971:             6            144  com.aerospike.vector.index.metrics.PerIndexMetrics$$Lambda/0x00007fa7888a52e8
1972:             6            144  com.aerospike.vector.index.metrics.PerIndexMetrics$$Lambda/0x00007fa7888a5718
1973:             6            144  com.aerospike.vector.index.metrics.PerIndexMetrics$$Lambda/0x00007fa7888a5b48
1974:             6            144  com.aerospike.vector.index.metrics.PerIndexMetrics$$Lambda/0x00007fa7888a5d60
1975:             6            144  com.aerospike.vector.index.metrics.PerIndexMetrics$$Lambda/0x00007fa7888a5f78
1976:             6            144  com.aerospike.vector.index.metrics.PerIndexMetrics$$Lambda/0x00007fa7888a6190
1977:             6            144  com.aerospike.vector.index.metrics.PerIndexMetrics$$Lambda/0x00007fa7888a63a8
1978:             6            144  com.aerospike.vector.index.metrics.PerIndexMetrics$$Lambda/0x00007fa7888a65c0
1979:             6            144  com.aerospike.vector.index.metrics.PerIndexMetrics$$Lambda/0x00007fa7888a67d8
1980:             6            144  com.aerospike.vector.index.metrics.PerIndexMetrics$$Lambda/0x00007fa7888a69f0
1981:             6            144  com.aerospike.vector.index.metrics.PerIndexMetrics$$Lambda/0x00007fa7888a7038
1982:             6            144  com.aerospike.vector.index.metrics.PerIndexMetrics$$Lambda/0x00007fa7888a7250
1983:             6            144  com.aerospike.vector.index.metrics.PerIndexMetrics$$Lambda/0x00007fa7888a7468
1984:             6            144  com.aerospike.vector.index.metrics.PerIndexMetrics$$Lambda/0x00007fa7888a7680
1985:             6            144  com.aerospike.vector.index.metrics.PerIndexMetrics$$Lambda/0x00007fa7888a7cc8
1986:             6            144  com.aerospike.vector.index.metrics.PerIndexMetrics$$Lambda/0x00007fa7888a8000
1987:             6            144  com.aerospike.vector.index.metrics.PerIndexMetrics$$Lambda/0x00007fa7888a8218
1988:             6            144  com.aerospike.vector.index.metrics.PerIndexMetrics$$Lambda/0x00007fa7888a8430
1989:             6            144  com.aerospike.vector.index.metrics.PerIndexMetrics$$Lambda/0x00007fa7888a8860
1990:             6            144  com.aerospike.vector.index.metrics.PerIndexMetrics$$Lambda/0x00007fa7888a8a78
1991:             6            144  com.aerospike.vector.index.metrics.PerIndexMetrics$$Lambda/0x00007fa7888a8c90
1992:             6            144  com.aerospike.vector.index.metrics.PerIndexMetrics$$Lambda/0x00007fa7888a90c0
1993:             6            144  com.aerospike.vector.index.metrics.PerIndexMetrics$$Lambda/0x00007fa7888a92d8
1994:             6            144  com.aerospike.vector.index.metrics.PerIndexMetrics$$Lambda/0x00007fa7888a94f0
1995:             6            144  com.aerospike.vector.index.metrics.PerIndexMetrics$$Lambda/0x00007fa7888a9708
1996:             6            144  com.aerospike.vector.index.metrics.PerIndexMetrics$$Lambda/0x00007fa7888a9920
1997:             6            144  com.aerospike.vector.index.metrics.PerIndexMetrics$$Lambda/0x00007fa7888a9d50
1998:             6            144  com.aerospike.vector.index.metrics.PerIndexMetrics$$Lambda/0x00007fa7888aa398
1999:             6            144  com.aerospike.vector.index.metrics.PerIndexMetrics$$Lambda/0x00007fa7888aa5b0
2000:             6            144  com.aerospike.vector.index.metrics.PerIndexMetrics$$Lambda/0x00007fa7888aa7c8
2001:             6            144  com.aerospike.vector.index.metrics.PerIndexMetrics$$Lambda/0x00007fa7888aa9e0
2002:             6            144  com.aerospike.vector.index.metrics.PerIndexMetrics$$Lambda/0x00007fa7888aabf8
2003:             6            144  com.aerospike.vector.index.metrics.PerIndexMetrics$$Lambda/0x00007fa7888ab028
2004:             6            144  com.aerospike.vector.index.metrics.PerIndexMetrics$$Lambda/0x00007fa7888ab6c8
2005:             1            144  com.aerospike.vector.server.grpc.GrpcInterconnectServer
2006:             3            144  com.fasterxml.jackson.core.Version
2007:             3            144  com.fasterxml.jackson.core.sym.ByteQuadsCanonicalizer$TableInfo
2008:             2            144  com.fasterxml.jackson.core.util.Separators
2009:             3            144  com.fasterxml.jackson.databind.cfg.CoercionConfigs
2010:             6            144  com.fasterxml.jackson.databind.ser.std.ToStringSerializer
2011:             3            144  com.fasterxml.jackson.databind.util.EnumResolver
2012:             6            144  com.google.inject.assistedinject.BindingCollector
2013:             6            144  com.google.protobuf.FieldSet
2014:             6            144  com.sun.proxy.jdk.proxy1.$Proxy2 (jdk.proxy1)
2015:             3            144  io.netty.buffer.EmptyByteBuf
2016:             3            144  io.netty.util.concurrent.DefaultThreadFactory
2017:             6            144  io.netty.util.concurrent.MultithreadEventExecutorGroup$1
2018:             2            144  io.undertow.servlet.core.ManagedServlet
2019:             2            144  io.undertow.servlet.core.ManagedServlet$DefaultInstanceStrategy
2020:             3            144  java.io.FileInputStream (java.base@21.0.6)
2021:             2            144  java.io.PrintStream (java.base@21.0.6)
2022:             9            144  java.lang.ClassValue$Identity (java.base@21.0.6)
2023:             3            144  java.lang.Runtime$Version (java.base@21.0.6)
2024:             2            144  java.lang.invoke.MethodHandleImpl$WrappedMember (java.base@21.0.6)
2025:             3            144  java.net.InetAddress$CachedLookup (java.base@21.0.6)
2026:             2            144  java.nio.DirectIntBufferRU (java.base@21.0.6)
2027:             6            144  java.util.Collections$UnmodifiableMap$UnmodifiableEntrySet (java.base@21.0.6)
2028:             3            144  java.util.HexFormat (java.base@21.0.6)
2029:             2            144  java.util.Locale$Category (java.base@21.0.6)
2030:             3            144  java.util.concurrent.ScheduledThreadPoolExecutor$DelayedWorkQueue (java.base@21.0.6)
2031:             6            144  java.util.regex.Pattern$$Lambda/0x00007fa788061140 (java.base@21.0.6)
2032:             3            144  javax.management.MBeanConstructorInfo (java.management@21.0.6)
2033:             2            144  jdk.internal.foreign.layout.ValueLayouts$OfAddressImpl (java.base@21.0.6)
2034:             6            144  jdk.proxy2.$Proxy21 (jdk.proxy2)
2035:             6            144  jdk.proxy2.$Proxy24 (jdk.proxy2)
2036:             6            144  jdk.proxy2.$Proxy6 (jdk.proxy2)
2037:             3            144  kotlin.reflect.jvm.internal.impl.serialization.deserialization.descriptors.DeserializedClassDescriptor$EnumEntryClassDescriptors
2038:             6            144  kotlin.reflect.jvm.internal.impl.types.TypeAttributes
2039:             3            144  kotlin.reflect.jvm.internal.impl.types.Variance
2040:             3            144  kotlinx.coroutines.internal.LockFreeTaskQueueCore
2041:             6            144  kotlinx.coroutines.sync.MutexImpl$$Lambda/0x00007fa78855d570
2042:             6            144  kotlinx.coroutines.sync.SemaphoreAndMutexImpl$$Lambda/0x00007fa78855d168
2043:             6            144  org.glassfish.jersey.internal.guava.LocalCache$LocalManualCache
2044:             2            144  org.glassfish.jersey.internal.util.collection.KeyComparatorHashMap
2045:             6            144  org.glassfish.jersey.internal.util.collection.LRU$LRUFactory$1
2046:             6            144  org.xnio.nio.Log_$logger
2047:             3            144  sun.net.spi.DefaultProxySelector$NonProxyInfo (java.base@21.0.6)
2048:             6            144  sun.nio.fs.NativeBuffer$Deallocator (java.base@21.0.6)
2049:             1            144  sun.reflect.misc.MethodUtil (java.base@21.0.6)
2050:             3            144  sun.security.x509.CRLDistributionPointsExtension (java.base@21.0.6)
2051:             3            144  sun.security.x509.DistributionPoint (java.base@21.0.6)
2052:             1            144  sun.util.locale.provider.JRELocaleProviderAdapter (java.base@21.0.6)
2053:             2            136  [Lsun.security.jca.ProviderConfig; (java.base@21.0.6)
2054:             1            136  com.aerospike.client.async.AsyncScanPartitionExecutor
2055:             1            136  com.aerospike.vector.heartbeat.HeartbeatTransmitter
2056:             1            136  com.aerospike.vector.interconnect.InterconnectChannelProvider
2057:             1            136  com.aerospike.vector.server.grpc.GrpcVectorDbServer
2058:             1            136  java.lang.invoke.BoundMethodHandle$Species_LLLLLLLLLLL (java.base@21.0.6)
2059:             1            128  [Lcom.aerospike.client.async.EventState;
2060:             1            128  [Lcom.aerospike.client.async.NettyEventLoop;
2061:             1            128  [Lcom.aerospike.client.cluster.Node$AsyncPool;
2062:             2            128  [Lcom.aerospike.vector.client.proto.VectorDistanceMetric;
2063:             2            128  [Lcom.aerospike.vector.client.proto.WriteType;
2064:             2            128  [Lio.netty.handler.codec.http.HttpStatusClass;
2065:             2            128  [Ljava.lang.OutOfMemoryError; (java.base@21.0.6)
2066:             1            128  [Ljavax.management.openmbean.SimpleType; (java.management@21.0.6)
2067:             2            128  [Lkotlin.reflect.jvm.internal.impl.metadata.ProtoBuf$Visibility;
2068:             1            128  [Lkotlin.reflect.jvm.internal.impl.renderer.DescriptorRendererModifier;
2069:             1            128  [Lorg.glassfish.jersey.server.monitoring.RequestEvent$Type;
2070:             2            128  [[Ljava.lang.invoke.MethodHandle; (java.base@21.0.6)
2071:             4            128  ch.qos.logback.core.pattern.parser.Token
2072:             4            128  ch.qos.logback.core.util.CachingDateFormatter$CacheTuple
2073:             1            128  com.aerospike.client.AerospikeClient
2074:             4            128  com.aerospike.client.BatchRecord$Type
2075:             4            128  com.aerospike.client.Log$Level
2076:             4            128  com.aerospike.client.cluster.Partitions
2077:             4            128  com.aerospike.client.policy.AuthMode
2078:             4            128  com.aerospike.client.policy.ReadModeSC
2079:             2            128  com.aerospike.vector.client.proto.AboutResponse
2080:             4            128  com.aerospike.vector.client.proto.ProjectionType
2081:             2            128  com.aerospike.vector.client.proto.StandaloneIndexMetrics
2082:             4            128  com.aerospike.vector.cluster.JoinRequestResult
2083:             4            128  com.aerospike.vector.cluster.events.StateChangeQualifier
2084:             4            128  com.aerospike.vector.exchange.ExchangeState
2085:             4            128  com.aerospike.vector.index.IndexLogEntry$OperationCase
2086:             1            128  com.aerospike.vector.index.StandaloneIndexCoordinator
2087:             4            128  com.aerospike.vector.index.config.CacheConfig
2088:             2            128  com.aerospike.vector.index.merge.coordinator.IndexMergeCoordinator$1
2089:             2            128  com.aerospike.vector.storage.index.AerospikeIndexMetaStore$storeIndexLogGeneric$1
2090:             4            128  com.codahale.metrics.ChunkedAssociativeLongArray
2091:             4            128  com.fasterxml.jackson.annotation.JsonCreator$Mode
2092:             4            128  com.fasterxml.jackson.annotation.JsonProperty$Access
2093:             2            128  com.fasterxml.jackson.databind.ObjectWriter
2094:             4            128  com.fasterxml.jackson.databind.cfg.CoercionAction
2095:             4            128  com.fasterxml.jackson.databind.cfg.ConstructorDetector$SingleArgConstructor
2096:             1            128  com.fasterxml.jackson.databind.deser.impl.SetterlessProperty
2097:             2            128  com.fasterxml.jackson.module.kotlin.ReflectionCache
2098:             4            128  com.google.inject.internal.Initializer$InjectableReferenceState
2099:             4            128  com.google.inject.internal.InternalFlags$CustomClassLoadingOption
2100:             2            128  com.google.protobuf.DescriptorProtos$EnumValueOptions
2101:             4            128  io.grpc.CallOptions$Key
2102:             4            128  io.grpc.ChannelLogger$ChannelLogLevel
2103:             4            128  io.grpc.InternalChannelz$ChannelTrace$Event$Severity
2104:             4            128  io.grpc.internal.ClientStreamListener$RpcProgress
2105:             4            128  io.grpc.netty.Utils$DefaultEventLoopGroupResource
2106:             4            128  io.netty.channel.DefaultChannelPipeline$AddStrategy
2107:             2            128  io.netty.channel.group.DefaultChannelGroup
2108:             4            128  io.netty.util.ResourceLeakDetector$Level
2109:             4            128  io.undertow.security.impl.SecurityContextImpl$AuthenticationState
2110:             1            128  io.undertow.server.session.InMemorySessionManager
2111:             4            128  io.undertow.servlet.api.TransportGuaranteeType
2112:             4            128  io.undertow.servlet.handlers.ServletChain$1
2113:             4            128  io.undertow.servlet.handlers.security.ServletSecurityRoleHandler
2114:             8            128  java.lang.Float (java.base@21.0.6)
2115:             2            128  java.lang.ModuleLayer (java.base@21.0.6)
2116:             2            128  java.lang.module.Configuration (java.base@21.0.6)
2117:             4            128  java.lang.module.ModuleDescriptor$Modifier (java.base@21.0.6)
2118:             4            128  java.lang.module.ModuleDescriptor$Requires$Modifier (java.base@21.0.6)
2119:             4            128  java.text.Normalizer$Form (java.base@21.0.6)
2120:             4            128  java.time.LocalDateTime (java.base@21.0.6)
2121:             4            128  java.time.format.DateTimeFormatterBuilder$OffsetIdPrinterParser (java.base@21.0.6)
2122:             4            128  java.time.format.DateTimeFormatterBuilder$SettingsParser (java.base@21.0.6)
2123:             2            128  java.time.format.DateTimeFormatterBuilder$ZoneTextPrinterParser (java.base@21.0.6)
2124:             4            128  java.util.concurrent.Executors$RunnableAdapter (java.base@21.0.6)
2125:             4            128  java.util.regex.Pattern$Qtype (java.base@21.0.6)
2126:             4            128  java.util.stream.StreamShape (java.base@21.0.6)
2127:             2            128  jdk.internal.foreign.layout.ValueLayouts$OfByteImpl (java.base@21.0.6)
2128:             2            128  jdk.internal.foreign.layout.ValueLayouts$OfCharImpl (java.base@21.0.6)
2129:             2            128  jdk.internal.foreign.layout.ValueLayouts$OfDoubleImpl (java.base@21.0.6)
2130:             2            128  jdk.internal.foreign.layout.ValueLayouts$OfLongImpl (java.base@21.0.6)
2131:             2            128  jdk.internal.foreign.layout.ValueLayouts$OfShortImpl (java.base@21.0.6)
2132:             4            128  jdk.internal.logger.BootstrapLogger$LoggingBackend (java.base@21.0.6)
2133:             4            128  jdk.internal.util.OperatingSystem (java.base@21.0.6)
2134:             4            128  jdk.jfr.internal.SecuritySupport$SafePath (jdk.jfr@21.0.6)
2135:             8            128  kotlin.reflect.jvm.internal.impl.builtins.ReflectionTypes$ClassLookup
2136:             4            128  kotlin.reflect.jvm.internal.impl.descriptors.CallableMemberDescriptor$Kind
2137:             4            128  kotlin.reflect.jvm.internal.impl.descriptors.Modality
2138:             4            128  kotlin.reflect.jvm.internal.impl.descriptors.impl.EnumEntrySyntheticClassDescriptor$EnumEntryScope$1
2139:             4            128  kotlin.reflect.jvm.internal.impl.descriptors.impl.EnumEntrySyntheticClassDescriptor$EnumEntryScope$2
2140:             4            128  kotlin.reflect.jvm.internal.impl.descriptors.impl.EnumEntrySyntheticClassDescriptor$EnumEntryScope$3
2141:             4            128  kotlin.reflect.jvm.internal.impl.descriptors.runtime.structure.ReflectJavaClassifierType
2142:             4            128  kotlin.reflect.jvm.internal.impl.load.java.descriptors.JavaMethodDescriptor$ParameterNamesStatus
2143:             4            128  kotlin.reflect.jvm.internal.impl.metadata.ProtoBuf$MemberKind
2144:             4            128  kotlin.reflect.jvm.internal.impl.metadata.ProtoBuf$Modality
2145:             4            128  kotlin.reflect.jvm.internal.impl.metadata.ProtoBuf$Type$Argument$Projection
2146:             4            128  kotlin.reflect.jvm.internal.impl.metadata.deserialization.Flags$EnumLiteFlagField
2147:             4            128  kotlin.reflect.jvm.internal.impl.resolve.sam.SamConversionResolverImpl
2148:             4            128  kotlin.reflect.jvm.internal.impl.serialization.deserialization.AnnotatedCallableKind
2149:             4            128  kotlin.reflect.jvm.internal.impl.serialization.deserialization.descriptors.DeserializedClassDescriptor$EnumEntryClassDescriptors$$Lambda$2
2150:             4            128  kotlinx.coroutines.CoroutineStart
2151:             4            128  net.engio.mbassy.bus.MessagePublication$State
2152:             4            128  org.bouncycastle.crypto.CryptoServicesPermission
2153:             4            128  org.bouncycastle.crypto.params.DSAValidationParameters
2154:             2            128  org.glassfish.jersey.internal.ServiceFinderBinder
2155:             2            128  org.glassfish.jersey.server.model.internal.ModelProcessorUtil$Method
2156:             4            128  org.glassfish.jersey.uri.internal.TemplateVariable$Position
2157:             4            128  org.slf4j.helpers.BasicMarker
2158:             4            128  org.yaml.snakeyaml.nodes.NodeId
2159:             4            128  picocli.CommandLine$TraceLevel
2160:             2            128  sun.nio.ch.IOVecWrapper (java.base@21.0.6)
2161:             4            128  sun.security.provider.DRBG (java.base@21.0.6)
2162:             4            128  sun.security.provider.certpath.X509CertPath (java.base@21.0.6)
2163:             1            120  [Lcom.fasterxml.jackson.core.JsonGenerator$Feature;
2164:             1            120  [Lcom.fasterxml.jackson.core.JsonToken;
2165:             1            120  [Lcom.fasterxml.jackson.databind.type.LogicalType;
2166:             4            120  [Lcom.google.protobuf.Descriptors$EnumDescriptor;
2167:             2            120  [Lkotlin.reflect.jvm.internal.impl.load.java.AnnotationQualifierApplicabilityType;
2168:             1            120  [Lkotlin.reflect.jvm.internal.impl.metadata.ProtoBuf$Annotation$Argument$Value$Type;
2169:             1            120  [Lorg.glassfish.jersey.uri.UriComponent$Type;
2170:             1            120  [[Z (java.base@21.0.6)
2171:             1            120  com.aerospike.client.policy.QueryPolicy
2172:             3            120  com.aerospike.vector.config.PortConfig
2173:             3            120  com.aerospike.vector.embedded.client.EventLoopProvider
2174:             1            120  com.aerospike.vector.index.healer.coordinator.IndexHealerCoordinator
2175:             1            120  com.aerospike.vector.index.healer.worker.IndexHealerWorker
2176:             1            120  com.aerospike.vector.index.merge.worker.IndexMergeWorker
2177:             5            120  com.aerospike.vector.index.metrics.PerIndexMetrics$$Lambda/0x00007fa7888a39c8
2178:             5            120  com.aerospike.vector.index.metrics.PerIndexMetrics$$Lambda/0x00007fa7888a3be0
2179:             5            120  com.aerospike.vector.index.metrics.PerIndexMetrics$$Lambda/0x00007fa7888a4870
2180:             5            120  com.aerospike.vector.index.metrics.PerIndexMetrics$$Lambda/0x00007fa7888a4a88
2181:             5            120  com.aerospike.vector.index.metrics.PerIndexMetrics$$Lambda/0x00007fa7888a5500
2182:             5            120  com.aerospike.vector.index.metrics.PerIndexMetrics$$Lambda/0x00007fa7888a5930
2183:             5            120  com.aerospike.vector.index.metrics.PerIndexMetrics$$Lambda/0x00007fa7888a6c08
2184:             5            120  com.aerospike.vector.index.metrics.PerIndexMetrics$$Lambda/0x00007fa7888a6e20
2185:             5            120  com.aerospike.vector.index.metrics.PerIndexMetrics$$Lambda/0x00007fa7888a7898
2186:             5            120  com.aerospike.vector.index.metrics.PerIndexMetrics$$Lambda/0x00007fa7888a7ab0
2187:             5            120  com.aerospike.vector.index.metrics.PerIndexMetrics$$Lambda/0x00007fa7888a8648
2188:             5            120  com.aerospike.vector.index.metrics.PerIndexMetrics$$Lambda/0x00007fa7888a8ea8
2189:             3            120  com.fasterxml.jackson.core.sym.CharsToNameCanonicalizer$TableInfo
2190:             3            120  com.fasterxml.jackson.databind.deser.DeserializerCache
2191:             1            120  com.fasterxml.jackson.databind.module.SimpleModule
2192:             3            120  com.google.common.collect.ImmutableMapEntrySet$RegularEntrySet
2193:             5            120  com.google.inject.internal.InjectorImpl$SyntheticProviderBindingImpl$1
2194:             3            120  com.google.inject.spi.ScopeBinding
2195:             5            120  com.google.protobuf.MapEntry$Metadata$1
2196:             3            120  io.netty.buffer.ReadOnlyByteBuf
2197:             5            120  io.netty.util.Recycler$2
2198:             5            120  io.netty.util.internal.ObjectPool$RecyclerObjectPool
2199:             1            120  io.undertow.Undertow
2200:             3            120  io.undertow.server.handlers.PredicateHandler
2201:             3            120  io.undertow.server.handlers.cache.LRUCache
2202:             3            120  io.undertow.servlet.api.ServletStackTraces
2203:             5            120  io.undertow.servlet.predicate.DispatcherTypePredicate
2204:             3            120  it.unimi.dsi.util.SplitMix64Random
2205:             3            120  java.io.OutputStreamWriter (java.base@21.0.6)
2206:             5            120  java.lang.Double (java.base@21.0.6)
2207:             3            120  java.lang.invoke.MethodHandleImpl$BindCaller$InjectedInvokerHolder (java.base@21.0.6)
2208:             5            120  java.net.URLPermission$Authority (java.base@21.0.6)
2209:             5            120  java.time.LocalDate (java.base@21.0.6)
2210:             3            120  java.util.concurrent.ConcurrentLinkedDeque$Node (java.base@21.0.6)
2211:             5            120  jdk.internal.math.FloatingDecimal$PreparedASCIIToBinaryBuffer (java.base@21.0.6)
2212:             3            120  jdk.internal.util.ClassFileDumper (java.base@21.0.6)
2213:             5            120  jdk.proxy2.$Proxy48 (jdk.proxy2)
2214:             5            120  jdk.proxy2.$Proxy63 (jdk.proxy2)
2215:             5            120  kotlin.ULong
2216:             5            120  kotlin.reflect.jvm.internal.ClassValueCache
2217:             5            120  kotlin.reflect.jvm.internal.impl.descriptors.annotations.CompositeAnnotations
2218:             3            120  kotlin.reflect.jvm.internal.impl.load.java.ReportLevel
2219:             3            120  kotlin.reflect.jvm.internal.impl.load.java.SpecialGenericSignatures$TypeSafeBarrierDescription
2220:             5            120  kotlin.reflect.jvm.internal.impl.load.java.typeEnhancement.NullabilityQualifierWithMigrationStatus
2221:             3            120  kotlin.reflect.jvm.internal.impl.resolve.scopes.StaticScopeForKotlinEnum
2222:             5            120  kotlin.reflect.jvm.internal.impl.serialization.deserialization.descriptors.DeserializedClassDescriptor$$Lambda$5
2223:             5            120  kotlin.reflect.jvm.internal.impl.types.AnnotationsTypeAttribute
2224:             3            120  kotlin.reflect.jvm.internal.impl.types.model.TypeVariance
2225:             5            120  kotlin.reflect.jvm.internal.impl.util.OneElementArrayMap
2226:             3            120  org.apache.commons.collections4.queue.CircularFifoQueue
2227:             3            120  org.apache.commons.io.StandardLineSeparator
2228:             3            120  org.glassfish.hk2.utilities.NamedImpl
2229:             3            120  org.glassfish.hk2.utilities.cache.Cache
2230:             3            120  org.glassfish.jersey.internal.inject.Providers$ProviderRuntime
2231:             3            120  org.glassfish.jersey.internal.util.collection.Cache
2232:             3            120  org.glassfish.jersey.uri.internal.TemplateVariable$PathTemplateVariable
2233:             5            120  org.xnio.Option$10
2234:             5            120  org.xnio._private.Messages_$logger
2235:             3            120  org.yaml.snakeyaml.DumperOptions$FlowStyle
2236:             5            120  sun.security.util.BitArray (java.base@21.0.6)
2237:             5            120  sun.security.util.Cache$EqualByteArray (java.base@21.0.6)
2238:             3            120  sun.security.x509.AuthorityInfoAccessExtension (java.base@21.0.6)
2239:             5            120  sun.security.x509.CertificateAlgorithmId (java.base@21.0.6)
2240:             3            120  sun.security.x509.CertificatePoliciesExtension (java.base@21.0.6)
2241:             5            120  sun.security.x509.CertificatePolicyId (java.base@21.0.6)
2242:             5            120  sun.security.x509.CertificateSerialNumber (java.base@21.0.6)
2243:             5            120  sun.security.x509.CertificateX509Key (java.base@21.0.6)
2244:             3            120  sun.security.x509.ExtendedKeyUsageExtension (java.base@21.0.6)
2245:             5            120  sun.security.x509.SerialNumber (java.base@21.0.6)
2246:             1            112  [Lcom.fasterxml.jackson.databind.node.IntNode;
2247:             1            112  [Lcom.fasterxml.jackson.dataformat.yaml.YAMLGenerator$Feature;
2248:             2            112  [Ljakarta.servlet.DispatcherType;
2249:             2            112  [Ljava.util.stream.StreamOpFlag$Type; (java.base@21.0.6)
2250:             1            112  [Lorg.glassfish.jersey.model.Parameter$Source;
2251:             1            112  [Lsun.reflect.annotation.TypeAnnotation$TypeAnnotationTarget; (java.base@21.0.6)
2252:             2            112  [[Lcom.github.benmanes.caffeine.cache.Node;
2253:             2            112  ch.qos.logback.classic.pattern.DateConverter
2254:             1            112  com.aerospike.client.query.PartitionTracker
2255:             2            112  com.aerospike.vector.cluster.ClusterMetaMonitor$cancellableFlow$1
2256:             1            112  com.aerospike.vector.cluster.QuantumIntervalGenerator
2257:             2            112  com.aerospike.vector.index.IndexLog$flushToStore$1$1
2258:             2            112  com.aerospike.vector.index.Indexer$batchProcessingCancellableFlow$1
2259:             1            112  com.aerospike.vector.index.StandaloneIndexWorker$persistToStorage$1
2260:             2            112  com.aerospike.vector.storage.index.AerospikeIndexMetaStore$storeIndexLogGeneric$3
2261:             2            112  com.fasterxml.jackson.databind.deser.std.NumberDeserializers$BooleanDeserializer
2262:             2            112  com.fasterxml.jackson.databind.deser.std.NumberDeserializers$FloatDeserializer
2263:             2            112  com.fasterxml.jackson.databind.deser.std.NumberDeserializers$IntegerDeserializer
2264:             2            112  com.fasterxml.jackson.databind.deser.std.NumberDeserializers$LongDeserializer
2265:             2            112  com.fasterxml.jackson.databind.introspect.VisibilityChecker$Std
2266:             2            112  com.google.common.io.BaseEncoding$StandardBaseEncoding
2267:             2            112  com.sun.jmx.mbeanserver.DefaultMXBeanMappingFactory$TabularMapping (java.management@21.0.6)
2268:             1            112  io.undertow.server.protocol.http.HttpResponseConduit
2269:             2            112  io.undertow.servlet.handlers.ServletPathMatch
2270:             2            112  java.io.BufferedOutputStream (java.base@21.0.6)
2271:             2            112  java.lang.ref.NativeReferenceQueue (java.base@21.0.6)
2272:             2            112  jdk.jfr.internal.jfc.JFC$KnownConfiguration (jdk.jfr@21.0.6)
2273:             1            112  kotlin.reflect.jvm.internal.impl.descriptors.impl.ClassDescriptorImpl
2274:             1            112  kotlin.reflect.jvm.internal.impl.types.error.ErrorClassDescriptor
2275:             1            112  org.glassfish.jersey.message.internal.MessageBodyFactory
2276:             1            112  org.glassfish.jersey.server.ServerRuntime
2277:             2            112  sun.management.MemoryManagerImpl (java.management@21.0.6)
2278:             2            112  sun.security.provider.FileInputStreamPool$StreamRef (java.base@21.0.6)
2279:             1            112  sun.security.provider.certpath.ldap.JdkLDAP$ProviderService (java.naming@21.0.6)
2280:             2            112  sun.security.rsa.RSAUtil$KeyType (java.base@21.0.6)
2281:             1            112  sun.security.smartcardio.SunPCSC$ProviderService (java.smartcardio@21.0.6)
2282:             2            104  [Lcom.cronutils.model.field.value.SpecialChar;
2283:             1            104  [Lcom.fasterxml.jackson.annotation.JsonFormat$Feature;
2284:             1            104  [Lcom.fasterxml.jackson.annotation.JsonFormat$Shape;
2285:             4            104  [Lcom.fasterxml.jackson.databind.deser.Deserializers;
2286:             3            104  [Lcom.fasterxml.jackson.databind.deser.KeyDeserializers;
2287:             1            104  [Ljava.lang.invoke.MethodHandleImpl$Intrinsic; (java.base@21.0.6)
2288:             1            104  [Lorg.reflections.scanners.Scanners;
2289:             1            104  [Lorg.yaml.snakeyaml.events.Event$ID;
2290:             1            104  com.aerospike.vector.cluster.ClusterMetrics
2291:             1            104  com.aerospike.vector.config.VectorDbConfig
2292:             1            104  com.aerospike.vector.heartbeat.DiscoveryRegister
2293:             1            104  com.aerospike.vector.storage.index.AerospikeIndexMetaStore
2294:             1            104  com.fasterxml.jackson.core.util.InternCache
2295:             1            104  io.grpc.CallOptions
2296:             1            104  io.netty.util.concurrent.GlobalEventExecutor
2297:             1            104  java.util.logging.LogManager$RootLogger (java.logging@21.0.6)
2298:             1            104  jdk.internal.icu.impl.NormalizerImpl (java.base@21.0.6)
2299:             1            104  org.glassfish.jersey.internal.inject.InjectionResolverBinding
2300:             1            104  org.glassfish.jersey.internal.inject.InstanceBinding
2301:             1            104  org.xnio.nio.NioXnioWorker
2302:             1            104  sun.nio.ch.NioSocketImpl (java.base@21.0.6)
2303:             1             96  [Lcom.aerospike.client.exp.Exp$Type;
2304:             2             96  [Lcom.aerospike.vector.client.proto.ProjectionType;
2305:             2             96  [Lcom.fasterxml.jackson.annotation.JsonCreator$Mode;
2306:             2             96  [Lcom.fasterxml.jackson.annotation.JsonProperty$Access;
2307:             1             96  [Lcom.fasterxml.jackson.databind.cfg.CoercionInputShape;
2308:             1             96  [Ljava.lang.Runnable; (java.base@21.0.6)
2309:             2             96  [Ljava.nio.charset.CoderResult; (java.base@21.0.6)
2310:             1             96  [Ljava.nio.file.StandardOpenOption; (java.base@21.0.6)
2311:             4             96  [Ljava.security.CodeSigner; (java.base@21.0.6)
2312:             4             96  [Ljava.util.concurrent.atomic.AtomicReferenceArray; (java.base@21.0.6)
2313:             2             96  [Ljdk.internal.util.OperatingSystem; (java.base@21.0.6)
2314:             2             96  [Lkotlin.reflect.KClass;
2315:             2             96  [Lkotlin.reflect.jvm.internal.impl.metadata.ProtoBuf$MemberKind;
2316:             2             96  [Lkotlin.reflect.jvm.internal.impl.metadata.ProtoBuf$Modality;
2317:             1             96  [Lkotlin.reflect.jvm.internal.impl.types.error.ErrorScopeKind;
2318:             1             96  [Lorg.bouncycastle.crypto.CryptoServicePurpose;
2319:             1             96  [[I (java.base@21.0.6)
2320:             2             96  ch.qos.logback.classic.pattern.LevelConverter
2321:             2             96  ch.qos.logback.classic.pattern.LineSeparatorConverter
2322:             2             96  ch.qos.logback.classic.pattern.MessageConverter
2323:             3             96  ch.qos.logback.classic.spi.Configurator$ExecutionStatus
2324:             2             96  ch.qos.logback.core.joran.spi.ConsoleTarget
2325:             3             96  ch.qos.logback.core.spi.FilterReply
2326:             3             96  com.aerospike.client.Host
2327:             3             96  com.aerospike.client.policy.GenerationPolicy
2328:             1             96  com.aerospike.client.policy.TxnRollPolicy
2329:             1             96  com.aerospike.client.policy.TxnVerifyPolicy
2330:             4             96  com.aerospike.connect.metrics.GarbageCollectorMetricSet$$Lambda/0x00007fa7883341f8
2331:             4             96  com.aerospike.connect.metrics.GarbageCollectorMetricSet$$Lambda/0x00007fa788334410
2332:             2             96  com.aerospike.vector.client.proto.BoolData
2333:             4             96  com.aerospike.vector.client.proto.ClusterInfoServiceGrpc$ClusterInfoServiceMethodDescriptorSupplier
2334:             4             96  com.aerospike.vector.client.proto.ClusterInfoServiceGrpc$MethodHandlers
2335:             3             96  com.aerospike.vector.client.proto.IndexMode
2336:             3             96  com.aerospike.vector.client.proto.Status
2337:             2             96  com.aerospike.vector.cluster.ClusterEpoch
2338:             3             96  com.aerospike.vector.cluster.MonitorState
2339:             3             96  com.aerospike.vector.cluster.PaxosAcceptorState
2340:             3             96  com.aerospike.vector.cluster.PaxosProposerState
2341:             3             96  com.aerospike.vector.cluster.messages.proposer.ProposalId
2342:             2             96  com.aerospike.vector.config.FlowControlConfig
2343:             3             96  com.aerospike.vector.index.StandaloneIngestCompletionStatus
2344:             1             96  com.aerospike.vector.index.config.HealerConfig
2345:             3             96  com.aerospike.vector.index.metrics.NodeFitnessProbabilities
2346:             4             96  com.aerospike.vector.index.metrics.PerIndexMetrics$$Lambda/0x00007fa7888a9b38
2347:             4             96  com.aerospike.vector.index.metrics.PerIndexMetrics$$Lambda/0x00007fa7888a9f68
2348:             4             96  com.aerospike.vector.index.metrics.PerIndexMetrics$$Lambda/0x00007fa7888aa180
2349:             4             96  com.aerospike.vector.index.metrics.PerIndexMetrics$$Lambda/0x00007fa7888aae10
2350:             4             96  com.aerospike.vector.index.metrics.PerIndexMetrics$$Lambda/0x00007fa7888abaf0
2351:             2             96  com.aerospike.vector.partitions.PartitionServiceState
2352:             2             96  com.fasterxml.jackson.annotation.JsonInclude$Value
2353:             3             96  com.fasterxml.jackson.core.Base64Variant$PaddingReadBehaviour
2354:             1             96  com.fasterxml.jackson.core.util.DefaultPrettyPrinter
2355:             4             96  com.fasterxml.jackson.databind.cfg.ConstructorDetector
2356:             3             96  com.fasterxml.jackson.databind.cfg.MutableCoercionConfig
2357:             3             96  com.fasterxml.jackson.databind.introspect.SimpleMixInResolver
2358:             4             96  com.fasterxml.jackson.databind.ser.BeanSerializerFactory
2359:             3             96  com.fasterxml.jackson.databind.ser.SerializerCache
2360:             3             96  com.fasterxml.jackson.databind.util.AccessPattern
2361:             3             96  com.google.common.collect.ImmutableEntry
2362:             4             96  com.google.common.util.concurrent.UncaughtExceptionHandlers$Exiter
2363:             3             96  com.google.inject.Stage
2364:             3             96  com.google.inject.internal.InjectorImpl$JitLimitation
2365:             3             96  com.google.inject.internal.InternalFlags$NullableProvidesOption
2366:             3             96  com.google.inject.internal.MoreTypes$WildcardTypeImpl
2367:             3             96  com.google.inject.spi.InjectionPoint$Position
2368:             3             96  com.google.protobuf.DescriptorProtos$FieldDescriptorProto$Label
2369:             1             96  com.google.protobuf.DescriptorProtos$FieldOptions
2370:             3             96  com.google.protobuf.Descriptors$DescriptorPool$SearchFilter
2371:             3             96  com.google.protobuf.MapField$StorageMode
2372:             4             96  com.sun.proxy.jdk.proxy1.$Proxy27 (jdk.proxy1)
2373:             3             96  io.grpc.Context
2374:             3             96  io.grpc.Context$Key
2375:             3             96  io.grpc.SecurityLevel
2376:             3             96  io.grpc.TlsChannelCredentials$Feature
2377:             3             96  io.grpc.TlsServerCredentials$Feature
2378:             3             96  io.grpc.internal.ManagedChannelImpl$ResolutionState
2379:             3             96  io.grpc.netty.NegotiationType
2380:             3             96  io.netty.buffer.UnreleasableByteBuf
2381:             3             96  io.netty.handler.codec.http2.HpackDecoder$HeaderType
2382:             3             96  io.netty.handler.codec.http2.HpackUtil$IndexType
2383:             3             96  io.netty.handler.codec.http2.Http2Exception$ShutdownHint
2384:             3             96  io.undertow.Undertow$ListenerType
2385:             3             96  io.undertow.security.api.AuthenticationMechanism$AuthenticationMechanismOutcome
2386:             3             96  io.undertow.server.DefaultByteBufferPool$ThreadLocalData
2387:             6             96  io.undertow.server.handlers.ResponseCodeHandler
2388:             1             96  io.undertow.server.protocol.http.ParseState
2389:             3             96  io.undertow.servlet.api.DeploymentManager$State
2390:             3             96  io.undertow.servlet.core.ApplicationListeners$ListenerState
2391:             3             96  io.undertow.servlet.handlers.ServletPathMatch$Type
2392:             3             96  io.undertow.servlet.spec.HttpServletResponseImpl$ResponseState
2393:             3             96  io.undertow.util.FastConcurrentDirectDeque
2394:             3             96  io.undertow.util.SubstringMap$SubstringMatch
2395:             3             96  jakarta.servlet.SessionTrackingMode
2396:             3             96  java.lang.ProcessImpl$LaunchMechanism (java.base@21.0.6)
2397:             3             96  java.lang.WeakPairMap (java.base@21.0.6)
2398:             3             96  java.lang.annotation.RetentionPolicy (java.base@21.0.6)
2399:             1             96  java.lang.invoke.BoundMethodHandle$Specializer (java.base@21.0.6)
2400:             3             96  java.lang.invoke.MethodHandleImpl$ArrayAccess (java.base@21.0.6)
2401:             2             96  java.lang.ref.ReferenceQueue$Null (java.base@21.0.6)
2402:             3             96  java.net.Proxy$Type (java.base@21.0.6)
2403:             1             96  java.net.SocksSocketImpl (java.base@21.0.6)
2404:             3             96  java.net.StandardProtocolFamily (java.base@21.0.6)
2405:             3             96  java.security.DrbgParameters$Capability (java.base@21.0.6)
2406:             4             96  java.time.Instant (java.base@21.0.6)
2407:             3             96  java.time.ZoneOffset (java.base@21.0.6)
2408:             2             96  java.time.format.DateTimeFormatterBuilder$TextPrinterParser (java.base@21.0.6)
2409:             3             96  java.time.format.ResolverStyle (java.base@21.0.6)
2410:             2             96  java.time.temporal.IsoFields$Unit (java.base@21.0.6)
2411:             3             96  java.util.Base64$Encoder (java.base@21.0.6)
2412:             3             96  java.util.Random (java.base@21.0.6)
2413:             1             96  java.util.ServiceLoader (java.base@21.0.6)
2414:             3             96  java.util.Vector (java.base@21.0.6)
2415:             1             96  java.util.logging.LogManager (java.logging@21.0.6)
2416:             2             96  java.util.regex.Pattern$Loop (java.base@21.0.6)
2417:             3             96  java.util.stream.Collector$Characteristics (java.base@21.0.6)
2418:             2             96  java.util.stream.FindOps$FindOp (java.base@21.0.6)
2419:             3             96  java.util.stream.MatchOps$MatchKind (java.base@21.0.6)
2420:             3             96  java.util.zip.ZipCoder$Comparison (java.base@21.0.6)
2421:             1             96  jdk.internal.event.X509CertificateEvent (java.base@21.0.6)
2422:             3             96  jdk.internal.icu.util.CodePointTrie$ValueWidth (java.base@21.0.6)
2423:             6             96  jdk.internal.loader.ClassLoaderValue (java.base@21.0.6)
2424:             2             96  jdk.internal.math.FloatingDecimal$BinaryToASCIIBuffer (java.base@21.0.6)
2425:             4             96  jdk.internal.module.ServicesCatalog (java.base@21.0.6)
2426:             4             96  jdk.internal.util.Preconditions$4 (java.base@21.0.6)
2427:             4             96  jdk.proxy1.$Proxy36 (jdk.proxy1)
2428:             4             96  jdk.proxy2.$Proxy26 (jdk.proxy2)
2429:             4             96  jdk.proxy2.$Proxy50 (jdk.proxy2)
2430:             4             96  jdk.proxy2.$Proxy58 (jdk.proxy2)
2431:             3             96  kotlin.LazyThreadSafetyMode
2432:             3             96  kotlin.annotation.AnnotationRetention
2433:             3             96  kotlin.coroutines.intrinsics.CoroutineSingletons
2434:             3             96  kotlin.reflect.KParameter$Kind
2435:             2             96  kotlin.reflect.jvm.internal.calls.CallerImpl$FieldGetter$Static
2436:             2             96  kotlin.reflect.jvm.internal.calls.CallerImpl$Method$Static
2437:             1             96  kotlin.reflect.jvm.internal.impl.builtins.ReflectionTypes
2438:             3             96  kotlin.reflect.jvm.internal.impl.builtins.jvm.JvmBuiltIns$Kind
2439:             4             96  kotlin.reflect.jvm.internal.impl.descriptors.ModuleCapability
2440:             2             96  kotlin.reflect.jvm.internal.impl.descriptors.NotFoundClasses
2441:             2             96  kotlin.reflect.jvm.internal.impl.descriptors.annotations.BuiltInAnnotationDescriptor
2442:             3             96  kotlin.reflect.jvm.internal.impl.descriptors.impl.CompositePackageFragmentProvider
2443:             2             96  kotlin.reflect.jvm.internal.impl.descriptors.impl.ModuleDependenciesImpl
2444:             4             96  kotlin.reflect.jvm.internal.impl.descriptors.runtime.structure.ReflectJavaAnnotation
2445:             3             96  kotlin.reflect.jvm.internal.impl.load.java.lazy.types.JavaTypeFlexibility
2446:             3             96  kotlin.reflect.jvm.internal.impl.load.java.typeEnhancement.NullabilityQualifier
2447:             3             96  kotlin.reflect.jvm.internal.impl.load.java.typeEnhancement.TypeComponentPosition
2448:             3             96  kotlin.reflect.jvm.internal.impl.metadata.ProtoBuf$QualifiedNameTable$QualifiedName$Kind
2449:             3             96  kotlin.reflect.jvm.internal.impl.metadata.ProtoBuf$TypeParameter$Variance
2450:             3             96  kotlin.reflect.jvm.internal.impl.metadata.jvm.JvmProtoBuf$StringTableTypes$Record$Operation
2451:             3             96  kotlin.reflect.jvm.internal.impl.renderer.AnnotationArgumentsRenderingPolicy
2452:             3             96  kotlin.reflect.jvm.internal.impl.renderer.OverrideRenderingPolicy
2453:             3             96  kotlin.reflect.jvm.internal.impl.renderer.ParameterNameRenderingPolicy
2454:             3             96  kotlin.reflect.jvm.internal.impl.renderer.PropertyAccessorRenderingPolicy
2455:             3             96  kotlin.reflect.jvm.internal.impl.resolve.ExternalOverridabilityCondition$Contract
2456:             3             96  kotlin.reflect.jvm.internal.impl.resolve.ExternalOverridabilityCondition$Result
2457:             2             96  kotlin.reflect.jvm.internal.impl.resolve.OverridingUtil
2458:             3             96  kotlin.reflect.jvm.internal.impl.resolve.OverridingUtil$OverrideCompatibilityInfo$Result
2459:             2             96  kotlin.reflect.jvm.internal.impl.resolve.calls.inference.CapturedType
2460:             3             96  kotlin.reflect.jvm.internal.impl.serialization.deserialization.ClassDeserializer
2461:             3             96  kotlin.reflect.jvm.internal.impl.serialization.deserialization.descriptors.DeserializedClassDescriptor$EnumEntryClassDescriptors$$Lambda$0
2462:             6             96  kotlin.reflect.jvm.internal.impl.storage.LockBasedStorageManager$CacheWithNullableValuesBasedOnMemoizedFunction$1
2463:             3             96  kotlin.reflect.jvm.internal.impl.storage.LockBasedStorageManager$NotValue
2464:             3             96  kotlin.reflect.jvm.internal.impl.types.TypeCheckerState$LowerCapturedTypePolicy
2465:             3             96  kotlin.reflect.jvm.internal.impl.types.TypeSubstitutor$VarianceConflictType
2466:             3             96  kotlin.reflect.jvm.internal.impl.types.model.CaptureStatus
2467:             4             96  kotlin.reflect.jvm.internal.impl.util.ValueParameterCountCheck$AtLeast
2468:             3             96  kotlinx.coroutines.channels.BufferOverflow
2469:             3             96  org.apache.commons.collections4.queue.SynchronizedQueue
2470:             4             96  org.bouncycastle.asn1.x9.X962Parameters
2471:             3             96  org.bouncycastle.crypto.CryptoServicesRegistrar$Property
2472:             4             96  org.bouncycastle.crypto.params.DHValidationParameters
2473:             3             96  org.bouncycastle.jcajce.provider.asymmetric.mlkem.MLKEMKeyFactorySpi
2474:             3             96  org.bouncycastle.pqc.jcajce.provider.kyber.KyberKeyFactorySpi
2475:             3             96  org.glassfish.hk2.api.InstanceLifecycleEventType
2476:             3             96  org.glassfish.hk2.api.ServiceLocatorFactory$CreatePolicy
2477:             3             96  org.glassfish.jersey.Severity
2478:             3             96  org.glassfish.jersey.message.internal.TracingLogger$Level
2479:             3             96  org.glassfish.jersey.model.internal.RankedProvider
2480:             3             96  org.glassfish.jersey.server.TracingConfig
2481:             2             96  org.glassfish.jersey.server.internal.inject.SingleValueExtractor
2482:             4             96  org.glassfish.jersey.server.internal.routing.PathMatchingRouter
2483:             3             96  org.glassfish.jersey.server.spi.internal.ValueParamProvider$Priority
2484:             3             96  org.glassfish.jersey.uri.JerseyQueryParamStyle
2485:             3             96  org.slf4j.helpers.Reporter$Level
2486:             3             96  org.xnio.FileAccess
2487:             2             96  org.xnio.TypeSequenceOption
2488:             3             96  org.xnio.XnioWorker$WorkerThreadFactory$1
2489:             3             96  picocli.CommandLine$Help$Ansi
2490:             3             96  picocli.CommandLine$Help$Visibility
2491:             3             96  picocli.CommandLine$LookBehind
2492:             3             96  picocli.CommandLine$Model$InitialValueState
2493:             3             96  sun.management.ManagementFactoryHelper$1 (java.management@21.0.6)
2494:             3             96  sun.security.provider.NativePRNG$Variant (java.base@21.0.6)
2495:             2             96  sun.security.util.MemoryCache (java.base@21.0.6)
2496:             1             88  [Lcom.fasterxml.jackson.databind.node.JsonNodeType;
2497:             1             88  [Lcom.google.protobuf.Descriptors$FieldDescriptor$JavaType;
2498:             1             88  [Lcom.google.protobuf.WireFormat$JavaType;
2499:             1             88  [Ljakarta.ws.rs.ext.ParamConverterProvider;
2500:             3             88  [Ljava.lang.invoke.MethodHandles$Lookup$ClassOption; (java.base@21.0.6)
2501:             1             88  [Ljava.lang.reflect.AccessFlag$Location; (java.base@21.0.6)
2502:             1             88  [Lkotlin.reflect.jvm.internal.impl.protobuf.WireFormat$JavaType;
2503:             3             88  [Lorg.glassfish.jersey.jackson.internal.jackson.jaxrs.cfg.Annotations;
2504:             1             88  ch.qos.logback.classic.layout.TTLLLayout
2505:             1             88  com.aerospike.vector.cluster.ClusterMetaMonitor
2506:             1             88  com.aerospike.vector.cluster.PaxosAcceptor
2507:             1             88  com.aerospike.vector.index.metrics.IndexMetricsTracker
2508:             1             88  com.fasterxml.jackson.databind.ser.BeanSerializer
2509:             1             88  com.google.common.collect.MapMakerInternalMap
2510:             1             88  com.google.inject.internal.asm.$Label
2511:             1             88  com.google.protobuf.MapFieldLite
2512:             1             88  io.undertow.server.protocol.http.CacheMap
2513:             1             88  io.undertow.server.protocol.http.HttpReadListener
2514:             1             88  io.undertow.servlet.core.ApplicationListeners
2515:             1             88  jdk.internal.org.objectweb.asm.Label (java.base@21.0.6)
2516:             1             88  jdk.management.jfr.FlightRecorderMXBeanImpl (jdk.management.jfr@21.0.6)
2517:             1             88  kotlin.reflect.jvm.internal.impl.builtins.jvm.JvmBuiltIns
2518:             1             88  kotlin.reflect.jvm.internal.impl.metadata.ProtoBuf$Package
2519:             1             88  org.glassfish.jersey.jackson.internal.jackson.jaxrs.json.JacksonJaxbJsonProvider
2520:             1             88  org.xnio.nio.NioSocketConduit
2521:             2             80  [Lcom.aerospike.vector.client.proto.IndexMode;
2522:             2             80  [Lcom.aerospike.vector.client.proto.Status;
2523:             1             80  [Lcom.aerospike.vector.cluster.QuantumFaultType;
2524:             2             80  [Lcom.aerospike.vector.index.StandaloneIngestCompletionStatus;
2525:             1             80  [Lcom.cronutils.model.definition.CronNicknames;
2526:             1             80  [Lcom.fasterxml.jackson.databind.ser.impl.ReadOnlyClassToSerializerMap$Bucket;
2527:             2             80  [Lcom.google.protobuf.DescriptorProtos$FieldDescriptorProto$Label;
2528:             2             80  [Lio.grpc.TlsChannelCredentials$Feature;
2529:             2             80  [Lio.grpc.TlsServerCredentials$Feature;
2530:             4             80  [Lio.netty.util.AsciiString;
2531:             1             80  [Lio.prometheus.client.Collector$Type;
2532:             2             80  [Ljava.lang.annotation.RetentionPolicy; (java.base@21.0.6)
2533:             1             80  [Ljava.lang.reflect.ProxyGenerator$PrimitiveTypeInfo; (java.base@21.0.6)
2534:             1             80  [Ljava.math.RoundingMode; (java.base@21.0.6)
2535:             2             80  [Ljava.util.stream.Collector$Characteristics; (java.base@21.0.6)
2536:             2             80  [Lkotlin.annotation.AnnotationRetention;
2537:             1             80  [Lkotlin.reflect.jvm.internal.impl.builtins.jvm.JavaToKotlinClassMap$PlatformMutabilityMapping;
2538:             1             80  [Lkotlin.reflect.jvm.internal.impl.resolve.jvm.JvmPrimitiveType;
2539:             2             80  [Lorg.xnio.FileAccess;
2540:             2             80  [Lpicocli.CommandLine$Help$Visibility;
2541:             2             80  com.aerospike.vector.client.proto.NodeId
2542:             1             80  com.aerospike.vector.client.proto.VectorSearchRequest
2543:             1             80  com.aerospike.vector.cluster.ClusterLimits
2544:             1             80  com.aerospike.vector.cluster.ClusterService
2545:             2             80  com.aerospike.vector.config.HeartbeatSeed
2546:             1             80  com.aerospike.vector.index.BatchIndexMergeRequest
2547:             1             80  com.aerospike.vector.index.HealCycleFinalizationRequest
2548:             1             80  com.aerospike.vector.index.IndexCacheCentroidRequest
2549:             1             80  com.aerospike.vector.index.IndexRequest
2550:             1             80  com.aerospike.vector.index.config.HnswConfig
2551:             1             80  com.aerospike.vector.metrics.VectorMetrics
2552:             1             80  com.aerospike.vector.storage.cluster.AerospikeClusterMetaStore
2553:             2             80  com.aerospike.vector.transact.KvsTransactService$VectorRecordCache
2554:             2             80  com.fasterxml.jackson.core.StreamWriteCapability
2555:             2             80  com.fasterxml.jackson.core.io.ContentReference
2556:             2             80  com.fasterxml.jackson.core.util.BufferRecycler
2557:             1             80  com.fasterxml.jackson.databind.cfg.ConfigOverride$Empty
2558:             2             80  com.fasterxml.jackson.databind.cfg.EnumFeature
2559:             1             80  com.fasterxml.jackson.databind.deser.std.FactoryBasedEnumDeserializer
2560:             1             80  com.fasterxml.jackson.databind.deser.std.StdKeyDeserializer$EnumKD
2561:             1             80  com.fasterxml.jackson.databind.deser.std.UntypedObjectDeserializer
2562:             2             80  com.fasterxml.jackson.databind.ser.std.NumberSerializers$DoubleSerializer
2563:             2             80  com.fasterxml.jackson.databind.ser.std.NumberSerializers$IntegerSerializer
2564:             2             80  com.fasterxml.jackson.databind.ser.std.NumberSerializers$LongSerializer
2565:             2             80  com.fasterxml.jackson.dataformat.yaml.YAMLParser$Feature
2566:             2             80  com.github.benmanes.caffeine.cache.Pacer
2567:             1             80  com.google.common.collect.LinkedHashMultimap
2568:             2             80  com.google.common.util.concurrent.LazyLogger
2569:             2             80  com.google.inject.internal.Annotations$AnnotationChecker
2570:             1             80  io.netty.util.ResourceLeakDetector$TraceRecord$1
2571:             2             80  io.prometheus.client.CollectorRegistry
2572:             2             80  io.undertow.servlet.spec.ContentTypeInfo
2573:             2             80  java.lang.invoke.VarHandleByteArrayAsInts$ArrayHandle (java.base@21.0.6)
2574:             2             80  java.lang.invoke.VarHandleByteArrayAsLongs$ArrayHandle (java.base@21.0.6)
2575:             2             80  java.time.ZonedDateTime (java.base@21.0.6)
2576:             2             80  java.util.concurrent.CompletableFuture$AsyncRun (java.base@21.0.6)
2577:             2             80  javax.management.NotificationBroadcasterSupport (java.management@21.0.6)
2578:             2             80  jdk.internal.reflect.MethodHandleBooleanFieldAccessorImpl (java.base@21.0.6)
2579:             1             80  kotlin.reflect.jvm.internal.impl.builtins.jvm.JvmBuiltInsCustomizer
2580:             2             80  kotlin.reflect.jvm.internal.impl.descriptors.annotations.AnnotationDescriptorImpl
2581:             2             80  kotlin.reflect.jvm.internal.impl.load.java.NullabilityAnnotationStatesImpl
2582:             1             80  kotlin.reflect.jvm.internal.impl.metadata.ProtoBuf$PackageFragment
2583:             2             80  kotlin.reflect.jvm.internal.impl.resolve.scopes.receivers.ExtensionReceiver
2584:             2             80  kotlin.reflect.jvm.internal.impl.serialization.deserialization.MemberDeserializer$$Lambda$4
2585:             2             80  kotlin.reflect.jvm.internal.impl.storage.LockBasedStorageManager$CacheWithNotNullValuesBasedOnMemoizedFunction
2586:             1             80  kotlinx.coroutines.channels.TickerChannelsKt$ticker$3
2587:             1             80  kotlinx.coroutines.scheduling.CoroutineScheduler
2588:             2             80  kotlinx.coroutines.scheduling.WorkQueue
2589:             5             80  org.bouncycastle.pqc.jcajce.provider.cmce.CMCEKeyFactorySpi
2590:             5             80  org.bouncycastle.pqc.jcajce.provider.ntru.NTRUKeyFactorySpi
2591:             1             80  org.glassfish.jersey.inject.hk2.ContextInjectionResolverImpl$1
2592:             2             80  org.glassfish.jersey.internal.inject.ParamConverters$StringConstructor$1
2593:             2             80  org.glassfish.jersey.jackson.internal.jackson.jaxrs.cfg.AnnotationBundleKey
2594:             2             80  org.glassfish.jersey.model.internal.CommonConfig$FeatureRegistration
2595:             2             80  org.glassfish.jersey.server.ContainerFilteringStage
2596:             1             80  org.glassfish.jersey.server.ResourceConfig$WrappingResourceConfig
2597:             1             80  org.glassfish.jersey.servlet.ServletContainer
2598:             2             80  org.glassfish.jersey.uri.PathPattern$RightHandPath
2599:             5             80  org.jboss.threads.NullRunnable
2600:             1             80  picocli.CommandLine$Help$ColorScheme
2601:             2             80  sun.security.util.DisabledAlgorithmConstraints$KeySizeConstraint (java.base@21.0.6)
2602:             5             80  sun.security.x509.CertificateVersion (java.base@21.0.6)
2603:             2             80  sun.util.locale.provider.LocaleServiceProviderPool (java.base@21.0.6)
2604:             1             72  [Lcom.aerospike.vector.cluster.QuantumFault;
2605:             1             72  [Lcom.fasterxml.jackson.annotation.JsonInclude$Include;
2606:             1             72  [Lcom.fasterxml.jackson.annotation.PropertyAccessor;
2607:             1             72  [Lcom.fasterxml.jackson.module.kotlin.KotlinFeature;
2608:             1             72  [Lio.netty.handler.codec.http2.Http2Stream$State;
2609:             1             72  [Ljava.lang.System$Logger$Level; (java.base@21.0.6)
2610:             1             72  [Ljava.lang.management.MemoryPoolMXBean; (java.management@21.0.6)
2611:             1             72  [Ljava.util.concurrent.TimeUnit; (java.base@21.0.6)
2612:             1             72  [Lkotlin.jvm.functions.Function1;
2613:             1             72  [Lkotlin.reflect.jvm.internal.impl.types.error.ErrorEntity;
2614:             1             72  [Lkotlin.time.DurationUnit;
2615:             1             72  [Lorg.glassfish.jersey.uri.internal.UriTemplateParser$Variables$State;
2616:             1             72  [Lorg.reflections.vfs.Vfs$DefaultUrlTypes;
2617:             1             72  [[Ljdk.incubator.vector.AbstractSpecies; (jdk.incubator.vector@21.0.6)
2618:             1             72  ch.qos.logback.core.encoder.LayoutWrappingEncoder
2619:             3             72  ch.qos.logback.core.spi.FilterAttachableImpl
2620:             1             72  com.aerospike.connect.logging.LoggingConfig
2621:             1             72  com.aerospike.connect.metrics.Ticker$report$1
2622:             1             72  com.aerospike.vector.client.proto.IndexStatusResponse
2623:             1             72  com.aerospike.vector.client.proto.IndexUpdateRequest
2624:             1             72  com.aerospike.vector.cluster.Cluster$MergeMoveMessage
2625:             3             72  com.aerospike.vector.cluster.ClusterId
2626:             1             72  com.aerospike.vector.cluster.ClusterMetaMonitor$refreshClusterMeta$1
2627:             1             72  com.aerospike.vector.config.InterconnectConfig
2628:             3             72  com.aerospike.vector.config.PortRange
2629:             1             72  com.aerospike.vector.config.ServiceConfig
2630:             1             72  com.aerospike.vector.dns.AsyncDnsResolver$bestEffortDnsResolver$1
2631:             1             72  com.aerospike.vector.dns.AsyncDnsResolver$guaranteedDnsResolver$1
2632:             3             72  com.aerospike.vector.exchange.ExchangeServiceGrpc$ExchangeServiceMethodDescriptorSupplier
2633:             3             72  com.aerospike.vector.exchange.ExchangeServiceGrpc$MethodHandlers
2634:             3             72  com.aerospike.vector.exchange.NodeState
2635:             1             72  com.aerospike.vector.heartbeat.DiscoveryRegister$queryEndpointsContinuously$1
2636:             1             72  com.aerospike.vector.heartbeat.HeartbeatService
2637:             1             72  com.aerospike.vector.index.BatchIndexMergeProxyRequest
2638:             3             72  com.aerospike.vector.index.CacheServiceGrpc$CacheServiceMethodDescriptorSupplier
2639:             3             72  com.aerospike.vector.index.CacheServiceGrpc$MethodHandlers
2640:             1             72  com.aerospike.vector.index.NodeCacheStatus
2641:             1             72  com.aerospike.vector.index.StandaloneIndexWorker$checkAndUpdateState$1$2
2642:             1             72  com.aerospike.vector.index.hnsw.store.PersistentHnswGraphStore
2643:             1             72  com.aerospike.vector.index.merge.coordinator.IndexMergeCoordinator$fetchPendingBatchesMetadata$1
2644:             1             72  com.aerospike.vector.server.grpc.service.GrpcAuthService
2645:             1             72  com.aerospike.vector.transact.KvsTransactService
2646:             1             72  com.fasterxml.jackson.annotation.JsonFormat$Value
2647:             3             72  com.fasterxml.jackson.databind.deser.BeanDeserializerFactory
2648:             3             72  com.fasterxml.jackson.databind.jsontype.impl.StdSubtypeResolver
2649:             3             72  com.fasterxml.jackson.databind.ser.std.NumberSerializer
2650:             3             72  com.fasterxml.jackson.databind.util.RootNameLookup
2651:             1             72  com.fasterxml.jackson.databind.util.StdDateFormat
2652:             3             72  com.github.benmanes.caffeine.cache.BoundedBuffer
2653:             3             72  com.github.benmanes.caffeine.cache.BoundedLocalCache$$Lambda/0x00007fa7884cdf78
2654:             1             72  com.github.benmanes.caffeine.cache.PSWMS
2655:             1             72  com.google.common.collect.AbstractMapBasedMultimap$AsMap
2656:             1             72  com.google.common.collect.EmptyImmutableListMultimap
2657:             1             72  com.google.common.collect.LinkedHashMultimap$ValueEntry
2658:             1             72  com.google.protobuf.CodedInputStream$ArrayDecoder
2659:             1             72  com.sun.jmx.interceptor.DefaultMBeanServerInterceptor (java.management@21.0.6)
2660:             1             72  com.sun.jmx.mbeanserver.DefaultMXBeanMappingFactory$Mappings (java.management@21.0.6)
2661:             1             72  com.sun.jmx.mbeanserver.MBeanIntrospector$MBeanInfoMap (java.management@21.0.6)
2662:             1             72  com.sun.jmx.mbeanserver.MBeanIntrospector$PerInterfaceMap (java.management@21.0.6)
2663:             3             72  io.netty.channel.ChannelMetadata
2664:             3             72  io.netty.util.concurrent.PromiseTask$SentinelRunnable
2665:             1             72  io.undertow.servlet.handlers.ServletInitialHandler
2666:             3             72  io.undertow.util.CopyOnWriteMap
2667:             1             72  java.lang.NullPointerException (java.base@21.0.6)
2668:             3             72  java.lang.ThreadLocal$SuppliedThreadLocal (java.base@21.0.6)
2669:             1             72  java.lang.invoke.BoundMethodHandle$Specializer$Factory (java.base@21.0.6)
2670:             1             72  java.lang.invoke.VarHandleReferences$FieldStaticReadWrite (java.base@21.0.6)
2671:             3             72  java.nio.charset.CodingErrorAction (java.base@21.0.6)
2672:             3             72  java.text.AttributedCharacterIterator$Attribute (java.base@21.0.6)
2673:             3             72  java.time.format.DateTimeFormatterBuilder$StringLiteralPrinterParser (java.base@21.0.6)
2674:             1             72  java.time.zone.ZoneRules (java.base@21.0.6)
2675:             3             72  java.util.ResourceBundle$NoFallbackControl (java.base@21.0.6)
2676:             3             72  java.util.TreeMap$KeySet (java.base@21.0.6)
2677:             3             72  java.util.TreeSet (java.base@21.0.6)
2678:             1             72  java.util.concurrent.ConcurrentHashMap$TreeBin (java.base@21.0.6)
2679:             1             72  java.util.concurrent.locks.ReentrantReadWriteLock$FairSync (java.base@21.0.6)
2680:             3             72  java.util.concurrent.locks.ReentrantReadWriteLock$Sync$HoldCounter (java.base@21.0.6)
2681:             3             72  jdk.incubator.vector.Float512Vector (jdk.incubator.vector@21.0.6)
2682:             3             72  jdk.internal.math.FloatingDecimal$ExceptionalBinaryToASCIIBuffer (java.base@21.0.6)
2683:             3             72  jdk.internal.misc.Signal (java.base@21.0.6)
2684:             1             72  jdk.internal.ref.CleanerImpl$CleanerCleanable (java.base@21.0.6)
2685:             3             72  jdk.proxy2.$Proxy15 (jdk.proxy2)
2686:             3             72  jdk.proxy2.$Proxy16 (jdk.proxy2)
2687:             3             72  jdk.proxy2.$Proxy17 (jdk.proxy2)
2688:             3             72  jdk.proxy2.$Proxy29 (jdk.proxy2)
2689:             3             72  jdk.proxy2.$Proxy4 (jdk.proxy2)
2690:             3             72  kotlin.reflect.jvm.internal.impl.protobuf.ExtensionRegistryLite
2691:             3             72  kotlin.reflect.jvm.internal.impl.resolve.scopes.StaticScopeForKotlinEnum$$Lambda$0
2692:             3             72  kotlin.reflect.jvm.internal.impl.resolve.scopes.StaticScopeForKotlinEnum$$Lambda$1
2693:             3             72  kotlin.reflect.jvm.internal.impl.serialization.deserialization.ClassDeserializer$$Lambda$0
2694:             3             72  kotlin.reflect.jvm.internal.impl.serialization.deserialization.descriptors.DeserializedClassDescriptor$EnumEntryClassDescriptors$$Lambda$1
2695:             1             72  kotlinx.coroutines.channels.TickerChannelsKt$fixedPeriodTicker$1
2696:             1             72  net.engio.mbassy.bus.MBassador
2697:             1             72  net.engio.mbassy.subscription.SubscriptionManager
2698:             1             72  org.glassfish.jersey.internal.inject.InjecteeImpl
2699:             1             72  org.glassfish.jersey.server.ApplicationHandler
2700:             1             72  org.glassfish.jersey.server.ResourceConfig$RuntimeConfig
2701:             1             72  org.glassfish.jersey.uri.UriTemplate
2702:             1             72  org.slf4j.bridge.SLF4JBridgeHandler
2703:             3             72  org.slf4j.helpers.BasicMarkerFactory
2704:             3             72  org.xnio.XnioWorker$WorkerThreadFactory$1$1
2705:             1             72  sun.nio.ch.SocketAdaptor (java.base@21.0.6)
2706:             3             72  sun.security.x509.GeneralNames (java.base@21.0.6)
2707:             1             72  sun.util.locale.InternalLocaleBuilder (java.base@21.0.6)
2708:             1             72  sun.util.resources.TimeZoneNames (java.base@21.0.6)
2709:             1             72  sun.util.resources.TimeZoneNames_en (java.base@21.0.6)
2710:             1             72  sun.util.resources.cldr.TimeZoneNames (java.base@21.0.6)
2711:             1             72  sun.util.resources.cldr.TimeZoneNames_en (java.base@21.0.6)
2712:             2             64  [Lcom.aerospike.connect.logging.LogFormat;
2713:             2             64  [Lcom.aerospike.vector.client.proto.IndexType;
2714:             1             64  [Lcom.fasterxml.jackson.annotation.JsonAutoDetect$Visibility;
2715:             1             64  [Lcom.fasterxml.jackson.core.JsonParser$NumberType;
2716:             1             64  [Lcom.fasterxml.jackson.core.json.JsonWriteFeature;
2717:             3             64  [Lcom.fasterxml.jackson.databind.deser.ValueInstantiators;
2718:             3             64  [Lcom.fasterxml.jackson.databind.ser.BeanPropertyWriter;
2719:             1             64  [Lio.grpc.internal.KeepAliveManager$State;
2720:             1             64  [Lio.netty.handler.codec.http2.Http2Headers$PseudoHeaderName;
2721:             2             64  [Ljakarta.ws.rs.RuntimeType;
2722:             1             64  [Ljakarta.ws.rs.core.Response$Status$Family;
2723:             1             64  [Ljava.lang.Thread$State; (java.base@21.0.6)
2724:             1             64  [Ljava.lang.management.MemoryManagerMXBean; (java.management@21.0.6)
2725:             1             64  [Ljava.nio.charset.Charset; (java.base@21.0.6)
2726:             1             64  [Ljava.time.format.TextStyle; (java.base@21.0.6)
2727:             1             64  [Ljava.util.stream.StreamOpFlag; (java.base@21.0.6)
2728:             1             64  [Lkotlin.reflect.jvm.internal.impl.descriptors.ClassKind;
2729:             2             64  [Lkotlin.reflect.jvm.internal.impl.descriptors.SimpleFunctionDescriptor;
2730:             1             64  [Lkotlin.reflect.jvm.internal.impl.load.kotlin.header.KotlinClassHeader$Kind;
2731:             2             64  [Lnet.engio.mbassy.listener.Invoke;
2732:             2             64  [Lorg.glassfish.hk2.api.DescriptorVisibility;
2733:             1             64  [Lorg.glassfish.jersey.jackson.internal.jackson.jaxrs.cfg.JaxRSFeature;
2734:             1             64  [Lorg.glassfish.jersey.message.internal.MessagingBinders$EnabledProvidersBinder$Provider;
2735:             1             64  [Lorg.jboss.logging.Logger$Level;
2736:             2             64  [Lpicocli.CommandLine$ScopeType;
2737:             1             64  [Lsun.security.util.DisabledAlgorithmConstraints$Constraint$Operator; (java.base@21.0.6)
2738:             2             64  ch.qos.logback.classic.pattern.NamedConverter$CacheMissCalculator
2739:             1             64  ch.qos.logback.core.BasicStatusManager
2740:             2             64  com.aerospike.client.policy.CommitLevel
2741:             2             64  com.aerospike.client.policy.ReadModeAP
2742:             1             64  com.aerospike.client.query.PartitionTracker$NodePartitions
2743:             2             64  com.aerospike.connect.logging.LogFormat
2744:             2             64  com.aerospike.connect.metrics.AerospikeMetricRegistry
2745:             1             64  com.aerospike.vector.SerializedAerospikeStorageRecordId
2746:             1             64  com.aerospike.vector.VectorDbMain
2747:             2             64  com.aerospike.vector.auth.StaticRoles
2748:             2             64  com.aerospike.vector.client.proto.IndexDefinition$ParamsCase
2749:             2             64  com.aerospike.vector.client.proto.IndexType
2750:             1             64  com.aerospike.vector.client.proto.Key
2751:             1             64  com.aerospike.vector.cluster.Cluster$ClusterStateAppliedMessage
2752:             2             64  com.aerospike.vector.cluster.ClusterState
2753:             2             64  com.aerospike.vector.cluster.RegisterState
2754:             2             64  com.aerospike.vector.config.InterconnectChannelType
2755:             1             64  com.aerospike.vector.dns.AsyncDnsResolver
2756:             4             64  com.aerospike.vector.embedded.client.inject.VectorDbEmbeddedClientGuiceModule$$FastClassByGuice$$346e24
2757:             1             64  com.aerospike.vector.index.HealCycleCompleteRequest
2758:             1             64  com.aerospike.vector.index.HealCycleStartRequest
2759:             2             64  com.aerospike.vector.index.IndexUpdateOperation$UpdateCase
2760:             2             64  com.aerospike.vector.index.cache.FuzzyExpiry
2761:             1             64  com.aerospike.vector.index.metrics.NodeFitnessCalculator$computeFitnessProbabilities$queryProbabilities$1
2762:             1             64  com.aerospike.vector.index.metrics.NodeFitnessCalculator$computeFitnessProbabilities$updateProbabilities$1
2763:             1             64  com.aerospike.vector.interconnect.InterconnectService
2764:             1             64  com.aerospike.vector.interconnect.InterconnectService$invokeOnNode$1$grpcCall$1
2765:             1             64  com.aerospike.vector.interconnect.InterconnectService$invokeOnNode$1$grpcCall$2
2766:             1             64  com.aerospike.vector.partitions.PartitionService
2767:             2             64  com.aerospike.vector.server.grpc.GrpcInterconnectServer$getAsyncExecutor$1
2768:             2             64  com.aerospike.vector.server.grpc.GrpcVectorDbServer$getAsyncExecutor$1
2769:             1             64  com.aerospike.vector.server.grpc.service.GrpcUserAdminService
2770:             1             64  com.aerospike.vector.storage.cluster.AerospikeClusterMetaStore$getHlcClockGeneric$1
2771:             2             64  com.codahale.metrics.MetricRegistry
2772:             4             64  com.fasterxml.jackson.core.util.JacksonFeatureSet
2773:             2             64  com.fasterxml.jackson.databind.AnnotationIntrospector$ReferenceProperty$Type
2774:             2             64  com.fasterxml.jackson.databind.deser.impl.NullsConstantProvider
2775:             2             64  com.fasterxml.jackson.databind.deser.std.StdKeyDeserializer$StringKD
2776:             4             64  com.fasterxml.jackson.databind.introspect.BasicClassIntrospector
2777:             2             64  com.fasterxml.jackson.databind.module.SimpleSerializers
2778:             2             64  com.fasterxml.jackson.module.kotlin.KotlinAnnotationIntrospector
2779:             2             64  com.fasterxml.jackson.module.kotlin.KotlinNamesAnnotationIntrospector
2780:             2             64  com.fasterxml.jackson.module.kotlin.SingletonSupport
2781:             2             64  com.github.benmanes.caffeine.cache.FrequencySketch
2782:             2             64  com.github.benmanes.caffeine.cache.TimerWheel
2783:             1             64  com.google.common.cache.CacheStats
2784:             1             64  com.google.common.io.BaseEncoding$Base16Encoding
2785:             2             64  com.google.inject.internal.InternalFlags$BytecodeGenOption
2786:             2             64  com.google.inject.internal.InternalFlags$IncludeStackTraceOption
2787:             2             64  com.google.inject.internal.InternalProviderInstanceBindingImpl$InitializationTiming
2788:             2             64  com.google.inject.internal.util.SourceProvider
2789:             2             64  com.google.protobuf.BooleanArrayList
2790:             2             64  com.google.protobuf.TextFormat$Parser$SingularOverwritePolicy
2791:             2             64  com.sun.jmx.mbeanserver.ClassLoaderRepositorySupport$LoaderEntry (java.management@21.0.6)
2792:             2             64  com.sun.jmx.mbeanserver.WeakIdentityHashMap (java.management@21.0.6)
2793:             2             64  io.grpc.InternalKnownTransport
2794:             2             64  io.grpc.LoadBalancer$CreateSubchannelArgs$Key
2795:             2             64  io.grpc.internal.InternalHandlerRegistry
2796:             1             64  io.grpc.internal.ManagedChannelServiceConfig
2797:             2             64  io.grpc.internal.MessageDeframer$State
2798:             2             64  io.grpc.netty.CancelServerStreamCommand$PeerNotify
2799:             2             64  io.grpc.netty.NettyServer$1
2800:             2             64  io.grpc.netty.Utils$EventLoopGroupType
2801:             2             64  io.netty.buffer.PoolArena$SizeClass
2802:             2             64  io.netty.buffer.PooledByteBufAllocator$PoolThreadLocalCache
2803:             1             64  io.netty.buffer.UnpooledHeapByteBuf
2804:             2             64  io.netty.handler.codec.http2.Http2FrameLogger$Direction
2805:             2             64  io.undertow.security.api.AuthenticationMode
2806:             1             64  io.undertow.server.protocol.ParseTimeoutUpdater
2807:             1             64  io.undertow.servlet.handlers.ServletPathMatches
2808:             2             64  io.undertow.servlet.handlers.ServletPathMatchesData$PathMatch
2809:             2             64  jakarta.ws.rs.RuntimeType
2810:             2             64  java.io.File$PathStatus (java.base@21.0.6)
2811:             2             64  java.lang.invoke.MethodHandles$Lookup$ClassOption (java.base@21.0.6)
2812:             2             64  java.lang.reflect.ReflectPermission (java.base@21.0.6)
2813:             2             64  java.security.CodeSigner (java.base@21.0.6)
2814:             2             64  java.security.Provider$OPType (java.base@21.0.6)
2815:             2             64  java.security.Timestamp (java.base@21.0.6)
2816:             2             64  java.sql.SQLPermission (java.sql@21.0.6)
2817:             2             64  java.time.OffsetDateTime (java.base@21.0.6)
2818:             2             64  java.time.OffsetTime (java.base@21.0.6)
2819:             2             64  java.time.ZoneRegion (java.base@21.0.6)
2820:             2             64  java.time.format.DateTimeFormatterBuilder$ZoneIdPrinterParser (java.base@21.0.6)
2821:             2             64  java.time.format.DateTimeTextProvider$LocaleStore (java.base@21.0.6)
2822:             1             64  java.util.ServiceLoader$LazyClassPathLookupIterator (java.base@21.0.6)
2823:             2             64  java.util.concurrent.CompletableFuture (java.base@21.0.6)
2824:             2             64  java.util.concurrent.CompletableFuture$TaskSubmitter (java.base@21.0.6)
2825:             2             64  java.util.logging.Logger$LoggerBundle (java.logging@21.0.6)
2826:             2             64  java.util.logging.LoggingPermission (java.logging@21.0.6)
2827:             2             64  java.util.regex.Pattern$Prolog (java.base@21.0.6)
2828:             2             64  jdk.incubator.vector.VectorOperators$TernaryImpl (jdk.incubator.vector@21.0.6)
2829:             1             64  jdk.internal.foreign.layout.ValueLayouts$OfBooleanImpl (java.base@21.0.6)
2830:             1             64  jdk.internal.icu.util.CodePointTrie$Fast16 (java.base@21.0.6)
2831:             2             64  jdk.internal.icu.util.CodePointTrie$Type (java.base@21.0.6)
2832:             1             64  jdk.internal.loader.URLClassPath (java.base@21.0.6)
2833:             1             64  jdk.internal.platform.cgroupv1.CgroupV1Subsystem (java.base@21.0.6)
2834:             2             64  kotlin.reflect.jvm.internal.KDeclarationContainerImpl$MemberBelonginess
2835:             2             64  kotlin.reflect.jvm.internal.impl.builtins.functions.BuiltInFictitiousFunctionClassFactory
2836:             1             64  kotlin.reflect.jvm.internal.impl.builtins.jvm.FallbackBuiltIns
2837:             2             64  kotlin.reflect.jvm.internal.impl.builtins.jvm.JvmBuiltInsCustomizer$$Lambda$5
2838:             1             64  kotlin.reflect.jvm.internal.impl.builtins.jvm.JvmBuiltInsCustomizer$createMockJavaIoSerializableType$mockJavaIoPackageFragment$1
2839:             2             64  kotlin.reflect.jvm.internal.impl.descriptors.runtime.components.ReflectKotlinClassFinder
2840:             1             64  kotlin.reflect.jvm.internal.impl.descriptors.runtime.structure.ReflectJavaClass$fields$1
2841:             1             64  kotlin.reflect.jvm.internal.impl.descriptors.runtime.structure.ReflectJavaClass$fields$2
2842:             1             64  kotlin.reflect.jvm.internal.impl.descriptors.runtime.structure.ReflectJavaClass$methods$2
2843:             1             64  kotlin.reflect.jvm.internal.impl.load.java.JavaTypeEnhancementState$Companion$DEFAULT$1
2844:             2             64  kotlin.reflect.jvm.internal.impl.load.java.components.JavaAnnotationDescriptor$$Lambda$0
2845:             1             64  kotlin.reflect.jvm.internal.impl.load.java.lazy.descriptors.LazyJavaAnnotationDescriptor
2846:             2             64  kotlin.reflect.jvm.internal.impl.load.java.structure.LightClassOriginKind
2847:             2             64  kotlin.reflect.jvm.internal.impl.load.java.typeEnhancement.MutabilityQualifier
2848:             1             64  kotlin.reflect.jvm.internal.impl.load.kotlin.BinaryClassAnnotationAndConstantLoaderImpl
2849:             2             64  kotlin.reflect.jvm.internal.impl.resolve.calls.inference.CapturedTypeConstructorImpl
2850:             1             64  kotlin.reflect.jvm.internal.impl.resolve.descriptorUtil.DescriptorUtilsKt$declaresOrInheritsDefaultValue$2
2851:             2             64  kotlin.reflect.jvm.internal.impl.serialization.deserialization.AnnotationAndConstantLoaderImpl
2852:             2             64  kotlin.reflect.jvm.internal.impl.serialization.deserialization.descriptors.DeserializedContainerAbiStability
2853:             2             64  kotlin.reflect.jvm.internal.impl.types.TypeUsage
2854:             1             64  kotlin.sequences.SequencesKt___SequencesKt$flatMap$2
2855:             2             64  kotlin.text.Regex
2856:             1             64  kotlinx.coroutines.DefaultExecutor
2857:             1             64  kotlinx.coroutines.channels.BufferedChannelKt$createSegmentFunction$1
2858:             2             64  kotlinx.coroutines.channels.TickerMode
2859:             1             64  kotlinx.coroutines.flow.internal.SafeCollectorKt$emitFun$1
2860:             2             64  net.engio.mbassy.listener.Invoke
2861:             4             64  org.bouncycastle.jcajce.provider.asymmetric.ecgost12.KeyFactorySpi
2862:             1             64  org.bouncycastle.jce.provider.BouncyCastleProviderConfiguration
2863:             2             64  org.bouncycastle.pqc.jcajce.provider.falcon.FalconKeyFactorySpi
2864:             2             64  org.glassfish.hk2.api.DescriptorType
2865:             2             64  org.glassfish.hk2.api.DescriptorVisibility
2866:             2             64  org.glassfish.hk2.api.ServiceLocatorState
2867:             1             64  org.glassfish.jersey.internal.guava.ThreadFactoryBuilder$1
2868:             2             64  org.glassfish.jersey.internal.inject.AbstractBinder$$Lambda/0x00007fa7886eadc8
2869:             2             64  org.glassfish.jersey.internal.l10n.LocalizableMessageFactory
2870:             2             64  org.glassfish.jersey.internal.l10n.Localizer
2871:             2             64  org.glassfish.jersey.jackson.internal.jackson.jaxrs.cfg.Annotations
2872:             1             64  org.glassfish.jersey.message.internal.MediaTypes$3
2873:             2             64  org.glassfish.jersey.message.internal.MessageBodyFactory$ModelLookupKey
2874:             2             64  org.glassfish.jersey.model.internal.RankedComparator$Order
2875:             1             64  org.glassfish.jersey.server.internal.JerseyResourceContext
2876:             2             64  org.glassfish.jersey.servlet.WebConfig$ConfigType
2877:             2             64  org.jboss.threads.EnhancedQueueExecutor$ThreadBody
2878:             2             64  org.slf4j.helpers.Reporter$TargetChoice
2879:             1             64  org.wildfly.common.context.ContextManager
2880:             1             64  org.xnio.nio.NioSocketStreamConnection
2881:             2             64  picocli.CommandLine$ParseResult$GroupValidationResult
2882:             2             64  picocli.CommandLine$ScopeType
2883:             2             64  sun.nio.ch.AllocatedNativeObject (java.base@21.0.6)
2884:             2             64  sun.nio.ch.NativeThreadSet (java.base@21.0.6)
2885:             2             64  sun.security.jca.ProviderList (java.base@21.0.6)
2886:             2             64  sun.security.util.DisabledAlgorithmConstraints$DisabledConstraint (java.base@21.0.6)
2887:             1             64  sun.text.resources.cldr.FormatData (java.base@21.0.6)
2888:             1             64  sun.text.resources.cldr.FormatData_en (java.base@21.0.6)
2889:             1             64  sun.util.resources.cldr.CalendarData (java.base@21.0.6)
2890:             1             56  [Lch.qos.logback.core.pattern.parser.TokenStream$TokenizerState;
2891:             1             56  [Lcom.aerospike.client.async.EventLoopType;
2892:             1             56  [Lcom.aerospike.client.policy.RecordExistsAction;
2893:             1             56  [Lcom.aerospike.client.policy.Replica;
2894:             1             56  [Lcom.fasterxml.jackson.annotation.Nulls;
2895:             1             56  [Lcom.fasterxml.jackson.core.JsonEncoding;
2896:             1             56  [Lcom.fasterxml.jackson.core.JsonFactory$Feature;
2897:             1             56  [Lcom.fasterxml.jackson.databind.cfg.JsonNodeFeature;
2898:             1             56  [Lcom.google.common.cache.RemovalCause;
2899:             1             56  [Lio.grpc.ConnectivityState;
2900:             1             56  [Lio.grpc.MethodDescriptor$MethodType;
2901:             1             56  [Lio.grpc.MetricInstrument;
2902:             1             56  [Lio.netty.handler.logging.LogLevel;
2903:             1             56  [Lio.netty.util.internal.logging.InternalLogLevel;
2904:             1             56  [Ljakarta.servlet.http.MappingMatch;
2905:             1             56  [Ljava.lang.invoke.VarHandle$AccessType; (java.base@21.0.6)
2906:             1             56  [Ljava.time.format.SignStyle; (java.base@21.0.6)
2907:             1             56  [Ljdk.incubator.vector.VectorShape; (jdk.incubator.vector@21.0.6)
2908:             1             56  [Lkotlin.reflect.jvm.internal.impl.builtins.jvm.JvmBuiltInsCustomizer$JDKMemberStatus;
2909:             1             56  [Lkotlinx.coroutines.scheduling.CoroutineScheduler$WorkerState;
2910:             1             56  [Lorg.glassfish.jersey.internal.guava.RemovalCause;
2911:             1             56  [Lorg.glassfish.jersey.message.internal.HttpHeaderReader$Event;
2912:             1             56  [Lorg.yaml.snakeyaml.DumperOptions$ScalarStyle;
2913:             1             56  [Lpicocli.CommandLine$ParseResult$GroupValidationResult$Type;
2914:             1             56  [Lsun.util.locale.provider.LocaleProviderAdapter$Type; (java.base@21.0.6)
2915:             1             56  [[Ljava.lang.invoke.LambdaForm$Name; (java.base@21.0.6)
2916:             1             56  com.aerospike.client.cluster.Connection
2917:             1             56  com.aerospike.client.cluster.Pool
2918:             1             56  com.aerospike.client.policy.BatchWritePolicy
2919:             1             56  com.aerospike.connect.metrics.Ticker
2920:             1             56  com.aerospike.connect.metrics.Ticker$1
2921:             1             56  com.aerospike.connect.metrics.manage.app.ManageApplication
2922:             1             56  com.aerospike.connect.metrics.manage.server.ManageServer
2923:             1             56  com.aerospike.vector.client.proto.AddUserRequest
2924:             1             56  com.aerospike.vector.client.proto.ClusteringState
2925:             1             56  com.aerospike.vector.client.proto.Field
2926:             1             56  com.aerospike.vector.client.proto.GcInvalidVerticesRequest
2927:             1             56  com.aerospike.vector.client.proto.GetRequest
2928:             1             56  com.aerospike.vector.client.proto.IsIndexedRequest
2929:             1             56  com.aerospike.vector.client.proto.Neighbor
2930:             1             56  com.aerospike.vector.client.proto.PutRequest
2931:             1             56  com.aerospike.vector.client.proto.Record
2932:             1             56  com.aerospike.vector.cluster.Cluster$LearnMessage
2933:             1             56  com.aerospike.vector.cluster.TickGenerator$cancellableFlow$1
2934:             1             56  com.aerospike.vector.distance.VectorDistanceServiceCpu
2935:             1             56  com.aerospike.vector.dns.AsyncDnsResolver$1
2936:             1             56  com.aerospike.vector.dns.AsyncDnsResolver$2
2937:             1             56  com.aerospike.vector.exchange.Exchange$ExchangeCommit
2938:             1             56  com.aerospike.vector.exchange.Exchange$ExchangeReadyToCommit
2939:             1             56  com.aerospike.vector.exchange.ExchangeService$1
2940:             1             56  com.aerospike.vector.heartbeat.AdjacencyMonitor$cancellableFlow$1
2941:             1             56  com.aerospike.vector.heartbeat.DiscoveryRegister$1
2942:             1             56  com.aerospike.vector.heartbeat.HeartbeatTransmitter$1
2943:             1             56  com.aerospike.vector.index.DeleteProxyRequest
2944:             1             56  com.aerospike.vector.index.ExistsProxyRequest
2945:             1             56  com.aerospike.vector.index.GetProxyRequest
2946:             1             56  com.aerospike.vector.index.IndexMetricsResponse
2947:             1             56  com.aerospike.vector.index.Indexer$indexMaintainerCancellableFlow$1
2948:             1             56  com.aerospike.vector.index.IsIndexedProxyRequest
2949:             1             56  com.aerospike.vector.index.NodeBatchIndexMergeComplete
2950:             1             56  com.aerospike.vector.index.PutProxyRequest
2951:             1             56  com.aerospike.vector.index.StandaloneIndexBuildAbortRequest
2952:             1             56  com.aerospike.vector.index.StandaloneIndexBuildCompletedRequest
2953:             1             56  com.aerospike.vector.index.StandaloneIndexBuildStartRequest
2954:             1             56  com.aerospike.vector.index.StandaloneIndexCoordinator$cancellableFlow$1
2955:             1             56  com.aerospike.vector.index.StandaloneIndexWorker$StandaloneWorkerState
2956:             1             56  com.aerospike.vector.index.StandaloneIndexWorker$cancellableFlow$1
2957:             1             56  com.aerospike.vector.index.VectorSearchProxyRequest
2958:             1             56  com.aerospike.vector.index.cache.IndexCacheCoordinator$1
2959:             1             56  com.aerospike.vector.index.cache.IndexCacheCoordinator$2
2960:             1             56  com.aerospike.vector.index.healer.coordinator.IndexHealerCoordinator$cancellableFlow$1
2961:             1             56  com.aerospike.vector.index.healer.worker.IndexHealerWorker$cancellableFlow$1
2962:             1             56  com.aerospike.vector.index.merge.coordinator.IndexMergeCoordinator$currentPendingBatches$1$1
2963:             1             56  com.aerospike.vector.index.merge.worker.IndexMergeWorker$1
2964:             1             56  com.aerospike.vector.index.metrics.CacheMetricRefresher$cancellableFlow$1
2965:             1             56  com.aerospike.vector.index.metrics.IndexMetricsTracker$refreshClusterMetricsFlow$1
2966:             1             56  com.aerospike.vector.interconnect.InterconnectDirectory
2967:             1             56  com.aerospike.vector.server.grpc.service.GrpcIndexService
2968:             1             56  com.aerospike.vector.storage.AerospikeStorageFactory
2969:             1             56  com.aerospike.vector.storage.cluster.AerospikeClusterMetaStore$getHlcClockGeneric$3
2970:             1             56  com.codahale.metrics.json.MetricsModule$TimerSerializer
2971:             1             56  com.fasterxml.jackson.databind.introspect.DefaultAccessorNamingStrategy$Provider
2972:             1             56  com.google.protobuf.ExtensionRegistry
2973:             1             56  com.sun.jmx.mbeanserver.JmxMBeanServer (java.management@21.0.6)
2974:             1             56  com.sun.jmx.mbeanserver.MBeanServerDelegateImpl (java.management@21.0.6)
2975:             1             56  com.sun.management.internal.DiagnosticCommandImpl (jdk.management@21.0.6)
2976:             1             56  com.sun.management.internal.OperatingSystemImpl (jdk.management@21.0.6)
2977:             1             56  io.grpc.InternalChannelz
2978:             1             56  io.netty.util.ResourceLeakDetector
2979:             1             56  io.netty.util.concurrent.DefaultPromise$StacklessCancellationException
2980:             1             56  io.undertow.security.handlers.SecurityInitialHandler
2981:             1             56  io.undertow.server.session.SessionCookieConfig
2982:             1             56  java.io.BufferedInputStream (java.base@21.0.6)
2983:             1             56  java.io.PrintWriter (java.base@21.0.6)
2984:             1             56  java.lang.ArithmeticException (java.base@21.0.6)
2985:             1             56  java.lang.ArrayIndexOutOfBoundsException (java.base@21.0.6)
2986:             1             56  java.lang.ArrayStoreException (java.base@21.0.6)
2987:             1             56  java.lang.ClassCastException (java.base@21.0.6)
2988:             1             56  java.lang.ExceptionInInitializerError (java.base@21.0.6)
2989:             1             56  java.lang.ThreadBuilders$VirtualThreadFactory (java.base@21.0.6)
2990:             1             56  java.lang.UnsupportedOperationException (java.base@21.0.6)
2991:             1             56  java.lang.VirtualMachineError (java.base@21.0.6)
2992:             1             56  java.net.Socket (java.base@21.0.6)
2993:             1             56  java.security.UnresolvedPermission (java.base@21.0.6)
2994:             1             56  java.util.Collections$UnmodifiableSortedMap (java.base@21.0.6)
2995:             1             56  java.util.ResourceBundle$2 (java.base@21.0.6)
2996:             1             56  java.util.ServiceLoader$ModuleServicesLookupIterator (java.base@21.0.6)
2997:             1             56  jdk.internal.event.SecurityProviderServiceEvent (java.base@21.0.6)
2998:             1             56  jdk.internal.loader.ArchivedClassLoaders (java.base@21.0.6)
2999:             1             56  jdk.net.ExtendedSocketOptions$1 (jdk.net@21.0.6)
3000:             1             56  kotlin.reflect.jvm.internal.impl.builtins.jvm.JvmBuiltInsPackageFragmentProvider
3001:             1             56  kotlin.reflect.jvm.internal.impl.load.java.components.JavaRetentionAnnotationDescriptor
3002:             1             56  kotlin.reflect.jvm.internal.impl.load.java.components.JavaTargetAnnotationDescriptor
3003:             1             56  kotlin.reflect.jvm.internal.impl.name.CallableId
3004:             1             56  kotlinx.coroutines.AwaitKt$joinAll$3
3005:             1             56  kotlinx.coroutines.ResumeOnCompletion
3006:             1             56  kotlinx.coroutines.scheduling.DefaultScheduler
3007:             1             56  org.glassfish.jersey.server.internal.inject.PrimitiveValueOfExtractor
3008:             1             56  org.glassfish.jersey.server.internal.inject.WebTargetValueParamProvider
3009:             1             56  org.glassfish.jersey.server.model.ResourceMethodInvoker$Builder
3010:             1             56  org.glassfish.jersey.server.model.internal.JavaResourceMethodDispatcherProvider$VoidOutInvoker
3011:             1             56  org.glassfish.jersey.servlet.WebComponent
3012:             1             56  org.glassfish.jersey.servlet.WebComponent$WebComponentBinder
3013:             1             56  org.jboss.threads.EnhancedQueueExecutor$SchedulerTask
3014:             1             56  org.jvnet.hk2.internal.PerLocatorUtilities
3015:             1             56  org.jvnet.mimepull.MIMEConfig
3016:             1             56  picocli.CommandLine$Help$Ansi$Text
3017:             1             56  sun.nio.cs.StandardCharsets$Aliases (java.base@21.0.6)
3018:             1             56  sun.nio.cs.StandardCharsets$Cache (java.base@21.0.6)
3019:             1             56  sun.nio.cs.UTF_8$Decoder (java.base@21.0.6)
3020:             1             56  sun.security.provider.DSAPublicKeyImpl (java.base@21.0.6)
3021:             1             56  sun.security.util.KnownOIDs$1 (java.base@21.0.6)
3022:             1             56  sun.security.util.KnownOIDs$10 (java.base@21.0.6)
3023:             1             56  sun.security.util.KnownOIDs$2 (java.base@21.0.6)
3024:             1             56  sun.security.util.KnownOIDs$3 (java.base@21.0.6)
3025:             1             56  sun.security.util.KnownOIDs$4 (java.base@21.0.6)
3026:             1             56  sun.security.util.KnownOIDs$5 (java.base@21.0.6)
3027:             1             56  sun.security.util.KnownOIDs$6 (java.base@21.0.6)
3028:             1             56  sun.security.util.KnownOIDs$7 (java.base@21.0.6)
3029:             1             56  sun.security.util.KnownOIDs$8 (java.base@21.0.6)
3030:             1             56  sun.security.util.KnownOIDs$9 (java.base@21.0.6)
3031:             1             56  sun.util.resources.Bundles$1 (java.base@21.0.6)
3032:             3             48  [Lch.qos.logback.core.filter.Filter;
3033:             1             48  [Lcom.aerospike.client.BatchRecord$Type;
3034:             1             48  [Lcom.aerospike.client.Log$Level;
3035:             1             48  [Lcom.aerospike.client.policy.AuthMode;
3036:             1             48  [Lcom.aerospike.client.policy.ReadModeSC;
3037:             1             48  [Lcom.aerospike.vector.cluster.JoinRequestResult;
3038:             1             48  [Lcom.aerospike.vector.cluster.events.StateChangeQualifier;
3039:             1             48  [Lcom.aerospike.vector.config.NodeRoleSet;
3040:             1             48  [Lcom.aerospike.vector.exchange.ExchangeState;
3041:             1             48  [Lcom.aerospike.vector.index.IndexLogEntry$OperationCase;
3042:             1             48  [Lcom.fasterxml.jackson.core.StreamReadCapability;
3043:             1             48  [Lcom.fasterxml.jackson.core.util.Separators$Spacing;
3044:             1             48  [Lcom.fasterxml.jackson.databind.cfg.ConstructorDetector$SingleArgConstructor;
3045:             1             48  [Lcom.google.common.collect.MapMakerInternalMap$Segment;
3046:             1             48  [Lcom.google.inject.internal.Initializer$InjectableReferenceState;
3047:             1             48  [Lcom.google.inject.internal.InternalFlags$CustomClassLoadingOption;
3048:             1             48  [Lcom.google.protobuf.Descriptors$FileDescriptor$Syntax;
3049:             2             48  [Lcom.sun.jmx.mbeanserver.ClassLoaderRepositorySupport$LoaderEntry; (java.management@21.0.6)
3050:             1             48  [Lio.grpc.ChannelLogger$ChannelLogLevel;
3051:             1             48  [Lio.grpc.InternalChannelz$ChannelTrace$Event$Severity;
3052:             1             48  [Lio.grpc.internal.ClientStreamListener$RpcProgress;
3053:             1             48  [Lio.netty.channel.DefaultChannelPipeline$AddStrategy;
3054:             1             48  [Lio.netty.util.ResourceLeakDetector$Level;
3055:             1             48  [Lio.undertow.security.impl.SecurityContextImpl$AuthenticationState;
3056:             2             48  [Lio.undertow.server.handlers.form.FormParserFactory$ParserDefinition;
3057:             1             48  [Lio.undertow.servlet.api.TransportGuaranteeType;
3058:             1             48  [Ljava.lang.ThreadGroup; (java.base@21.0.6)
3059:             1             48  [Ljava.lang.ThreadLocal; (java.base@21.0.6)
3060:             1             48  [Ljava.lang.module.ModuleDescriptor$Modifier; (java.base@21.0.6)
3061:             1             48  [Ljava.lang.module.ModuleDescriptor$Requires$Modifier; (java.base@21.0.6)
3062:             1             48  [Ljava.text.Normalizer$Form; (java.base@21.0.6)
3063:             1             48  [Ljava.time.format.DateTimeFormatterBuilder$SettingsParser; (java.base@21.0.6)
3064:             1             48  [Ljava.time.temporal.IsoFields$Field; (java.base@21.0.6)
3065:             1             48  [Ljava.util.regex.Pattern$Qtype; (java.base@21.0.6)
3066:             1             48  [Ljava.util.stream.StreamShape; (java.base@21.0.6)
3067:             1             48  [Ljdk.internal.logger.BootstrapLogger$LoggingBackend; (java.base@21.0.6)
3068:             1             48  [Lkotlin.reflect.jvm.internal.impl.builtins.functions.FunctionTypeKind;
3069:             1             48  [Lkotlin.reflect.jvm.internal.impl.descriptors.CallableMemberDescriptor$Kind;
3070:             1             48  [Lkotlin.reflect.jvm.internal.impl.descriptors.Modality;
3071:             1             48  [Lkotlin.reflect.jvm.internal.impl.load.java.SpecialGenericSignatures$TypeSafeBarrierDescription;
3072:             1             48  [Lkotlin.reflect.jvm.internal.impl.load.java.descriptors.JavaMethodDescriptor$ParameterNamesStatus;
3073:             1             48  [Lkotlin.reflect.jvm.internal.impl.metadata.ProtoBuf$Type$Argument$Projection;
3074:             1             48  [Lkotlin.reflect.jvm.internal.impl.serialization.deserialization.AnnotatedCallableKind;
3075:             1             48  [Lkotlinx.coroutines.CoroutineStart;
3076:             1             48  [Lnet.engio.mbassy.bus.MessagePublication$State;
3077:             1             48  [Lorg.bouncycastle.crypto.params.DHParameters;
3078:             1             48  [Lorg.bouncycastle.crypto.params.DSAParameters;
3079:             1             48  [Lorg.glassfish.jersey.uri.internal.TemplateVariable$Position;
3080:             1             48  [Lorg.yaml.snakeyaml.nodes.NodeId;
3081:             1             48  [Lpicocli.CommandLine$TraceLevel;
3082:             1             48  ch.qos.logback.classic.util.ContextInitializer
3083:             2             48  ch.qos.logback.core.pattern.FormatInfo
3084:             1             48  com.aerospike.client.async.NettyEventLoops
3085:             1             48  com.aerospike.client.policy.BatchDeletePolicy
3086:             1             48  com.aerospike.connect.metrics.manage.config.ManageServerConfig
3087:             1             48  com.aerospike.connect.metrics.manage.service.PrometheusExports
3088:             1             48  com.aerospike.vector.client.proto.AuthRequest
3089:             1             48  com.aerospike.vector.client.proto.ClusterNodeEndpointsRequest
3090:             1             48  com.aerospike.vector.client.proto.DeleteRequest
3091:             1             48  com.aerospike.vector.client.proto.ExistsRequest
3092:             1             48  com.aerospike.vector.client.proto.GrantRolesRequest
3093:             1             48  com.aerospike.vector.client.proto.IndexCreateRequest
3094:             1             48  com.aerospike.vector.client.proto.IndexDropRequest
3095:             1             48  com.aerospike.vector.client.proto.IndexGetRequest
3096:             1             48  com.aerospike.vector.client.proto.IndexStatusRequest
3097:             1             48  com.aerospike.vector.client.proto.RevokeRolesRequest
3098:             1             48  com.aerospike.vector.client.proto.ServerEndpoint
3099:             1             48  com.aerospike.vector.client.proto.UpdateCredentialsRequest
3100:             1             48  com.aerospike.vector.client.proto.User
3101:             1             48  com.aerospike.vector.client.proto.Value
3102:             1             48  com.aerospike.vector.cluster.Cluster$AcceptMessage
3103:             1             48  com.aerospike.vector.cluster.Cluster$JoinReject
3104:             1             48  com.aerospike.vector.cluster.Cluster$JoinRequest
3105:             1             48  com.aerospike.vector.cluster.Cluster$PrepareMessage
3106:             1             48  com.aerospike.vector.cluster.Cluster$ProposalId
3107:             2             48  com.aerospike.vector.cluster.QuantumIntervalGenerator$$Lambda/0x00007fa7884f07f8
3108:             1             48  com.aerospike.vector.cluster.TickGenerator
3109:             1             48  com.aerospike.vector.exchange.ExchangeClusterStateService
3110:             1             48  com.aerospike.vector.heartbeat.Heartbeat$EndpointsQuery
3111:             2             48  com.aerospike.vector.heartbeat.HeartbeatServiceGrpc$HeartbeatServiceMethodDescriptorSupplier
3112:             2             48  com.aerospike.vector.heartbeat.HeartbeatServiceGrpc$MethodHandlers
3113:             1             48  com.aerospike.vector.index.BatchBucketStore
3114:             1             48  com.aerospike.vector.index.BatchIndexStatusResponse
3115:             1             48  com.aerospike.vector.index.EvictCachedVerticesRequest
3116:             1             48  com.aerospike.vector.index.ExistsProxyResponse
3117:             1             48  com.aerospike.vector.index.GetProxyResponse
3118:             3             48  com.aerospike.vector.index.IndexCatalog$$FastClassByGuice$$2675b2b
3119:             3             48  com.aerospike.vector.index.IndexLog$$FastClassByGuice$$25fb7dc
3120:             2             48  com.aerospike.vector.index.IndexLog$$Lambda/0x00007fa78875a908
3121:             1             48  com.aerospike.vector.index.IsIndexedProxyResponse
3122:             1             48  com.aerospike.vector.index.MarkCachedVerticesInvalidRequest
3123:             1             48  com.aerospike.vector.index.VectorSearchProxyResponse
3124:             1             48  com.aerospike.vector.index.config.IndexCleanupConfig
3125:             1             48  com.aerospike.vector.index.merge.coordinator.config.IndexBatchMergeConfig
3126:             1             48  com.aerospike.vector.index.metrics.CacheMetricRefresher
3127:             3             48  com.aerospike.vector.index.metrics.IndexMetricsRegistry$$FastClassByGuice$$28b2dfd
3128:             3             48  com.aerospike.vector.server.grpc.service.GrpcTransactService$$FastClassByGuice$$63f3050
3129:             1             48  com.aerospike.vector.storage.AerospikeStorageKvs
3130:             2             48  com.codahale.metrics.jvm.MemoryUsageGaugeSet$$Lambda/0x00007fa788337280
3131:             2             48  com.fasterxml.jackson.databind.InjectableValues$Std
3132:             2             48  com.fasterxml.jackson.databind.ObjectMapper$1
3133:             1             48  com.fasterxml.jackson.databind.ObjectWriter$GeneratorSettings
3134:             2             48  com.fasterxml.jackson.databind.module.SimpleDeserializers
3135:             2             48  com.fasterxml.jackson.databind.ser.std.BooleanSerializer
3136:             1             48  com.fasterxml.jackson.databind.ser.std.CalendarSerializer
3137:             1             48  com.fasterxml.jackson.databind.ser.std.DateSerializer
3138:             1             48  com.fasterxml.jackson.databind.type.TypeFactory
3139:             2             48  com.fasterxml.jackson.module.kotlin.KotlinDeserializers
3140:             2             48  com.fasterxml.jackson.module.kotlin.KotlinInstantiators
3141:             1             48  com.github.benmanes.caffeine.cache.BoundedLocalCache$BoundedLocalLoadingCache
3142:             2             48  com.github.benmanes.caffeine.cache.BoundedLocalCache$EntrySetView
3143:             1             48  com.github.benmanes.caffeine.cache.NodeFactory$DeadWeakKey
3144:             1             48  com.github.benmanes.caffeine.cache.NodeFactory$RetiredWeakKey
3145:             2             48  com.github.benmanes.caffeine.cache.stats.GuardedStatsCounter
3146:             2             48  com.google.common.base.Joiner
3147:             2             48  com.google.inject.internal.Annotations$AnnotationChecker$1
3148:             1             48  com.google.protobuf.GeneratedMessageV3$FieldAccessorTable$RealOneofAccessor
3149:             1             48  com.google.protobuf.TextFormat$Parser
3150:             1             48  com.sun.management.internal.OperatingSystemImpl$ProcessCpuTicks (jdk.management@21.0.6)
3151:             1             48  com.sun.management.internal.OperatingSystemImpl$SystemCpuTicks (jdk.management@21.0.6)
3152:             2             48  com.sun.proxy.jdk.proxy1.$Proxy18 (jdk.proxy1)
3153:             2             48  io.grpc.DecompressorRegistry$DecompressorInfo
3154:             2             48  io.grpc.internal.ServerImpl$ServerListenerImpl
3155:             2             48  io.grpc.netty.NettyServer$SharedResourceReferenceCounter
3156:             2             48  io.netty.buffer.PooledByteBufAllocator$1
3157:             2             48  io.netty.buffer.PooledByteBufAllocatorMetric
3158:             2             48  io.netty.channel.group.DefaultChannelGroup$1
3159:             2             48  io.netty.channel.group.VoidChannelGroupFuture
3160:             1             48  io.netty.handler.codec.http.HttpStatusClass$1
3161:             2             48  io.netty.util.concurrent.ThreadPerTaskExecutor
3162:             2             48  io.undertow.server.DefaultByteBufferPool$ThreadLocalCache
3163:             2             48  io.undertow.server.handlers.form.FormEncodedDataDefinition
3164:             2             48  io.undertow.server.handlers.form.FormParserFactory
3165:             1             48  io.undertow.server.protocol.http.ServerFixedLengthStreamSinkConduit
3166:             1             48  io.undertow.servlet.core.DeploymentManagerImpl
3167:             2             48  io.undertow.servlet.core.ManagedServlet$DefaultInstanceStrategy$1
3168:             2             48  io.undertow.servlet.handlers.ServletHandler
3169:             1             48  io.undertow.servlet.handlers.security.CachedAuthenticatedSessionHandler
3170:             1             48  io.undertow.servlet.spec.SessionCookieConfigImpl
3171:             2             48  io.undertow.servlet.util.ConstructorInstanceFactory
3172:             1             48  io.undertow.util.PathMatcher
3173:             2             48  io.undertow.util.SubstringMap
3174:             1             48  jakarta.xml.bind.JAXBElement
3175:             2             48  java.io.FilePermissionCollection (java.base@21.0.6)
3176:             1             48  java.lang.Module$ArchivedData (java.base@21.0.6)
3177:             1             48  java.lang.invoke.VarHandleLongs$Array (java.base@21.0.6)
3178:             1             48  java.lang.module.ModuleDescriptor$Version (java.base@21.0.6)
3179:             2             48  java.nio.ByteOrder (java.base@21.0.6)
3180:             2             48  java.nio.channels.spi.AbstractSelector$1 (java.base@21.0.6)
3181:             2             48  java.nio.file.attribute.PosixFilePermissions$1 (java.base@21.0.6)
3182:             2             48  java.time.format.DateTimeFormatterBuilder$1 (java.base@21.0.6)
3183:             3             48  java.util.Base64$Decoder (java.base@21.0.6)
3184:             2             48  java.util.ResourceBundle$SingleFormatControl (java.base@21.0.6)
3185:             1             48  java.util.concurrent.SynchronousQueue (java.base@21.0.6)
3186:             1             48  java.util.zip.ZipCoder$UTF8ZipCoder (java.base@21.0.6)
3187:             1             48  jdk.internal.jimage.ImageHeader (java.base@21.0.6)
3188:             2             48  jdk.internal.misc.Signal$NativeHandler (java.base@21.0.6)
3189:             1             48  jdk.internal.org.objectweb.asm.ConstantDynamic (java.base@21.0.6)
3190:             1             48  jdk.internal.org.objectweb.asm.Handle (java.base@21.0.6)
3191:             2             48  jdk.internal.reflect.ReflectionFactory$Config (java.base@21.0.6)
3192:             2             48  jdk.proxy2.$Proxy14 (jdk.proxy2)
3193:             2             48  jdk.proxy2.$Proxy25 (jdk.proxy2)
3194:             2             48  jdk.proxy2.$Proxy34 (jdk.proxy2)
3195:             2             48  jdk.proxy2.$Proxy5 (jdk.proxy2)
3196:             2             48  jdk.proxy2.$Proxy54 (jdk.proxy2)
3197:             2             48  jdk.proxy2.$Proxy65 (jdk.proxy2)
3198:             2             48  jdk.proxy2.$Proxy66 (jdk.proxy2)
3199:             2             48  kotlin.jvm.internal.Ref$ObjectRef
3200:             2             48  kotlin.reflect.jvm.internal.KProperty0Impl$$Lambda$0
3201:             2             48  kotlin.reflect.jvm.internal.KProperty0Impl$$Lambda$1
3202:             2             48  kotlin.reflect.jvm.internal.KPropertyImpl$Setter$$Lambda$0
3203:             2             48  kotlin.reflect.jvm.internal.impl.builtins.KotlinBuiltIns$1
3204:             2             48  kotlin.reflect.jvm.internal.impl.builtins.KotlinBuiltIns$2
3205:             2             48  kotlin.reflect.jvm.internal.impl.builtins.KotlinBuiltIns$3
3206:             2             48  kotlin.reflect.jvm.internal.impl.descriptors.NotFoundClasses$$Lambda$0
3207:             2             48  kotlin.reflect.jvm.internal.impl.descriptors.NotFoundClasses$$Lambda$1
3208:             2             48  kotlin.reflect.jvm.internal.impl.descriptors.annotations.BuiltInAnnotationDescriptor$$Lambda$0
3209:             2             48  kotlin.reflect.jvm.internal.impl.descriptors.impl.ModuleDescriptorImpl$$Lambda$0
3210:             2             48  kotlin.reflect.jvm.internal.impl.descriptors.runtime.components.ReflectAnnotationSource
3211:             1             48  kotlin.reflect.jvm.internal.impl.descriptors.runtime.structure.Java16SealedRecordLoader$Cache
3212:             1             48  kotlin.reflect.jvm.internal.impl.load.java.Jsr305Settings
3213:             2             48  kotlin.reflect.jvm.internal.impl.load.java.NullabilityAnnotationStatesImpl$$Lambda$0
3214:             2             48  kotlin.reflect.jvm.internal.impl.load.java.typeEnhancement.EnhancedTypeAnnotations
3215:             2             48  kotlin.reflect.jvm.internal.impl.resolve.constants.StringValue
3216:             2             48  kotlin.reflect.jvm.internal.impl.serialization.deserialization.DeserializedClassDataFinder
3217:             3             48  kotlin.reflect.jvm.internal.impl.serialization.deserialization.builtins.BuiltInsResourceLoader
3218:             2             48  kotlin.reflect.jvm.internal.impl.types.TypeUtils$SpecialType
3219:             1             48  kotlinx.coroutines.channels.ProducerCoroutine
3220:             2             48  kotlinx.coroutines.scheduling.GlobalQueue
3221:             1             48  net.engio.mbassy.common.StrongConcurrentSet
3222:             2             48  org.bouncycastle.math.field.PrimeField
3223:             3             48  org.bouncycastle.pqc.jcajce.provider.bike.BIKEKeyFactorySpi
3224:             3             48  org.bouncycastle.pqc.jcajce.provider.hqc.HQCKeyFactorySpi
3225:             1             48  org.glassfish.hk2.utilities.reflection.internal.ClassReflectionHelperImpl
3226:             1             48  org.glassfish.jersey.inject.hk2.ContextInjectionResolverImpl
3227:             1             48  org.glassfish.jersey.inject.hk2.Hk2BootstrapBinder
3228:             1             48  org.glassfish.jersey.inject.hk2.JerseyClassAnalyzer$Binder
3229:             1             48  org.glassfish.jersey.jackson.internal.jackson.jaxrs.json.JsonMapperConfigurator
3230:             1             48  org.glassfish.jersey.media.multipart.internal.FormDataParamInjectionFeature$1
3231:             1             48  org.glassfish.jersey.message.internal.QualitySourceMediaType
3232:             2             48  org.glassfish.jersey.spi.AbstractThreadPoolProvider$$Lambda/0x00007fa78872d980
3233:             2             48  org.jboss.threads.DelegatingExecutorService
3234:             2             48  org.jboss.threads.EnhancedQueueExecutor$TerminateWaiterNode
3235:             2             48  org.jboss.threads.Messages_$logger
3236:             2             48  org.slf4j.helpers.ThreadLocalMapOfStacks
3237:             2             48  org.xnio.Option$9
3238:             1             48  org.xnio.conduits.ConduitStreamSinkChannel
3239:             1             48  org.xnio.conduits.ConduitStreamSourceChannel
3240:             1             48  org.xnio.nio.NioXnio
3241:             1             48  org.xnio.nio.NioXnioWorker$NioWorkerMetrics
3242:             1             48  org.xnio.nio.WorkerThread$TimeKey
3243:             2             48  sun.nio.ch.IOVecWrapper$Deallocator (java.base@21.0.6)
3244:             3             48  sun.nio.ch.SocketDispatcher (java.base@21.0.6)
3245:             2             48  sun.nio.ch.Util$2 (java.base@21.0.6)
3246:             1             48  sun.reflect.annotation.AnnotatedTypeFactory$AnnotatedTypeBaseImpl (java.base@21.0.6)
3247:             2             48  sun.security.jca.ProviderList$3 (java.base@21.0.6)
3248:             2             48  sun.security.provider.FileInputStreamPool$UnclosableInputStream (java.base@21.0.6)
3249:             1             48  sun.security.provider.PolicyFile$PolicyInfo (java.base@21.0.6)
3250:             1             48  sun.security.util.DisabledAlgorithmConstraints (java.base@21.0.6)
3251:             1             48  sun.security.util.DisabledAlgorithmConstraints$DenyAfterConstraint (java.base@21.0.6)
3252:             2             48  sun.util.resources.LocaleData (java.base@21.0.6)
3253:             1             40  [Lch.qos.logback.classic.spi.Configurator$ExecutionStatus;
3254:             2             40  [Lch.qos.logback.core.Appender;
3255:             1             40  [Lch.qos.logback.core.spi.FilterReply;
3256:             1             40  [Lcom.aerospike.client.policy.GenerationPolicy;
3257:             1             40  [Lcom.aerospike.vector.cluster.MonitorState;
3258:             1             40  [Lcom.aerospike.vector.cluster.PaxosAcceptorState;
3259:             1             40  [Lcom.aerospike.vector.cluster.PaxosProposerState;
3260:             1             40  [Lcom.fasterxml.jackson.core.Base64Variant$PaddingReadBehaviour;
3261:             1             40  [Lcom.fasterxml.jackson.databind.util.AccessPattern;
3262:             1             40  [Lcom.fasterxml.jackson.databind.util.internal.PrivateMaxEntriesMap$DrainStatus;
3263:             1             40  [Lcom.google.common.cache.LocalCache$Strength;
3264:             1             40  [Lcom.google.inject.Stage;
3265:             1             40  [Lcom.google.inject.internal.InjectorImpl$JitLimitation;
3266:             1             40  [Lcom.google.inject.internal.InternalFlags$ColorizeOption;
3267:             1             40  [Lcom.google.inject.internal.InternalFlags$NullableProvidesOption;
3268:             1             40  [Lcom.google.inject.spi.InjectionPoint$Position;
3269:             1             40  [Lcom.google.protobuf.Descriptors$DescriptorPool$SearchFilter;
3270:             1             40  [Lcom.google.protobuf.MapField$StorageMode;
3271:             1             40  [Lcom.google.protobuf.WireFormat$Utf8Validation;
3272:             1             40  [Lio.grpc.SecurityLevel;
3273:             1             40  [Lio.grpc.internal.ManagedChannelImpl$ResolutionState;
3274:             1             40  [Lio.grpc.netty.NegotiationType;
3275:             1             40  [Lio.netty.handler.codec.http2.HpackDecoder$HeaderType;
3276:             1             40  [Lio.netty.handler.codec.http2.HpackUtil$IndexType;
3277:             1             40  [Lio.netty.handler.codec.http2.Http2Exception$ShutdownHint;
3278:             1             40  [Lio.undertow.Undertow$ListenerType;
3279:             1             40  [Lio.undertow.security.api.AuthenticationMechanism$AuthenticationMechanismOutcome;
3280:             1             40  [Lio.undertow.servlet.api.DeploymentManager$State;
3281:             1             40  [Lio.undertow.servlet.api.ServletStackTraces;
3282:             1             40  [Lio.undertow.servlet.core.ApplicationListeners$ListenerState;
3283:             1             40  [Lio.undertow.servlet.handlers.ServletPathMatch$Type;
3284:             1             40  [Lio.undertow.servlet.spec.HttpServletResponseImpl$ResponseState;
3285:             1             40  [Ljakarta.servlet.SessionTrackingMode;
3286:             1             40  [Ljava.lang.ProcessImpl$LaunchMechanism; (java.base@21.0.6)
3287:             1             40  [Ljava.lang.invoke.MethodHandleImpl$ArrayAccess; (java.base@21.0.6)
3288:             1             40  [Ljava.net.Proxy$Type; (java.base@21.0.6)
3289:             1             40  [Ljava.net.StandardProtocolFamily; (java.base@21.0.6)
3290:             1             40  [Ljava.security.DrbgParameters$Capability; (java.base@21.0.6)
3291:             1             40  [Ljava.time.format.ResolverStyle; (java.base@21.0.6)
3292:             1             40  [Ljava.time.temporal.JulianFields$Field; (java.base@21.0.6)
3293:             1             40  [Ljava.util.stream.MatchOps$MatchKind; (java.base@21.0.6)
3294:             1             40  [Ljava.util.zip.ZipCoder$Comparison; (java.base@21.0.6)
3295:             1             40  [Ljdk.internal.icu.util.CodePointTrie$ValueWidth; (java.base@21.0.6)
3296:             1             40  [Ljdk.internal.module.ServicesCatalog; (java.base@21.0.6)
3297:             1             40  [Lkotlin.LazyThreadSafetyMode;
3298:             1             40  [Lkotlin.coroutines.intrinsics.CoroutineSingletons;
3299:             1             40  [Lkotlin.reflect.KParameter$Kind;
3300:             1             40  [Lkotlin.reflect.jvm.internal.impl.builtins.jvm.JvmBuiltIns$Kind;
3301:             1             40  [Lkotlin.reflect.jvm.internal.impl.load.java.ReportLevel;
3302:             1             40  [Lkotlin.reflect.jvm.internal.impl.load.java.lazy.types.JavaTypeFlexibility;
3303:             1             40  [Lkotlin.reflect.jvm.internal.impl.load.java.typeEnhancement.NullabilityQualifier;
3304:             1             40  [Lkotlin.reflect.jvm.internal.impl.load.java.typeEnhancement.TypeComponentPosition;
3305:             1             40  [Lkotlin.reflect.jvm.internal.impl.metadata.ProtoBuf$QualifiedNameTable$QualifiedName$Kind;
3306:             1             40  [Lkotlin.reflect.jvm.internal.impl.metadata.ProtoBuf$TypeParameter$Variance;
3307:             1             40  [Lkotlin.reflect.jvm.internal.impl.metadata.jvm.JvmProtoBuf$StringTableTypes$Record$Operation;
3308:             1             40  [Lkotlin.reflect.jvm.internal.impl.renderer.AnnotationArgumentsRenderingPolicy;
3309:             1             40  [Lkotlin.reflect.jvm.internal.impl.renderer.OverrideRenderingPolicy;
3310:             1             40  [Lkotlin.reflect.jvm.internal.impl.renderer.ParameterNameRenderingPolicy;
3311:             1             40  [Lkotlin.reflect.jvm.internal.impl.renderer.PropertyAccessorRenderingPolicy;
3312:             1             40  [Lkotlin.reflect.jvm.internal.impl.resolve.ExternalOverridabilityCondition$Contract;
3313:             1             40  [Lkotlin.reflect.jvm.internal.impl.resolve.ExternalOverridabilityCondition$Result;
3314:             1             40  [Lkotlin.reflect.jvm.internal.impl.resolve.OverridingUtil$OverrideCompatibilityInfo$Result;
3315:             1             40  [Lkotlin.reflect.jvm.internal.impl.storage.LockBasedStorageManager$NotValue;
3316:             1             40  [Lkotlin.reflect.jvm.internal.impl.types.TypeCheckerState$LowerCapturedTypePolicy;
3317:             1             40  [Lkotlin.reflect.jvm.internal.impl.types.TypeSubstitutor$VarianceConflictType;
3318:             1             40  [Lkotlin.reflect.jvm.internal.impl.types.Variance;
3319:             1             40  [Lkotlin.reflect.jvm.internal.impl.types.model.CaptureStatus;
3320:             1             40  [Lkotlin.reflect.jvm.internal.impl.types.model.TypeVariance;
3321:             1             40  [Lkotlinx.coroutines.channels.BufferOverflow;
3322:             1             40  [Lorg.apache.commons.io.StandardLineSeparator;
3323:             1             40  [Lorg.bouncycastle.asn1.ASN1ObjectIdentifier;
3324:             1             40  [Lorg.glassfish.hk2.api.InstanceLifecycleEventType;
3325:             1             40  [Lorg.glassfish.hk2.api.ServiceLocatorFactory$CreatePolicy;
3326:             1             40  [Lorg.glassfish.jersey.Severity;
3327:             1             40  [Lorg.glassfish.jersey.internal.inject.ParamConverters$OptionalProvider$Optionals;
3328:             1             40  [Lorg.glassfish.jersey.internal.inject.Providers$ProviderRuntime;
3329:             1             40  [Lorg.glassfish.jersey.message.internal.TracingLogger$Level;
3330:             1             40  [Lorg.glassfish.jersey.server.TracingConfig;
3331:             1             40  [Lorg.glassfish.jersey.server.model.ResourceMethod$JaxrsType;
3332:             1             40  [Lorg.glassfish.jersey.server.spi.internal.ValueParamProvider$Priority;
3333:             1             40  [Lorg.glassfish.jersey.uri.JerseyQueryParamStyle;
3334:             1             40  [Lorg.slf4j.helpers.Reporter$Level;
3335:             1             40  [Lorg.yaml.snakeyaml.DumperOptions$FlowStyle;
3336:             1             40  [Lpicocli.CommandLine$Help$Ansi;
3337:             1             40  [Lpicocli.CommandLine$LookBehind;
3338:             1             40  [Lpicocli.CommandLine$Model$InitialValueState;
3339:             1             40  [Lsun.security.provider.NativePRNG$Variant; (java.base@21.0.6)
3340:             1             40  [[[Ljdk.incubator.vector.VectorOperators$ConversionImpl; (jdk.incubator.vector@21.0.6)
3341:             1             40  ch.qos.logback.classic.spi.LogbackServiceProvider
3342:             1             40  ch.qos.logback.classic.spi.LoggerContextVO
3343:             1             40  ch.qos.logback.classic.util.LogbackMDCAdapter
3344:             1             40  ch.qos.logback.core.helpers.CyclicBuffer
3345:             1             40  com.aerospike.client.policy.BatchUDFPolicy
3346:             1             40  com.aerospike.connect.logging.inject.LoggingGuiceModule
3347:             1             40  com.aerospike.connect.metrics.ThreadStatesGaugeSet
3348:             1             40  com.aerospike.connect.serde.SerdeGuiceModule
3349:             1             40  com.aerospike.vector.client.proto.AuthResponse
3350:             1             40  com.aerospike.vector.client.proto.ClusterId
3351:             1             40  com.aerospike.vector.client.proto.ClusterNodeEndpoints
3352:             1             40  com.aerospike.vector.client.proto.DropUserRequest
3353:             1             40  com.aerospike.vector.client.proto.GetUserRequest
3354:             1             40  com.aerospike.vector.client.proto.IndexDefinitionList
3355:             1             40  com.aerospike.vector.client.proto.IndexListRequest
3356:             1             40  com.aerospike.vector.client.proto.ListRolesResponse
3357:             1             40  com.aerospike.vector.client.proto.ListUsersResponse
3358:             1             40  com.aerospike.vector.client.proto.ServerEndpointList
3359:             1             40  com.aerospike.vector.cluster.Cluster$ReClusterMessage
3360:             1             40  com.aerospike.vector.cluster.serde.ClientTlsConfigDeserializer
3361:             1             40  com.aerospike.vector.cluster.serde.ServerTlsConfigDeserializer
3362:             1             40  com.aerospike.vector.config.ClusterConfig
3363:             1             40  com.aerospike.vector.exchange.ExchangeLimits
3364:             1             40  com.aerospike.vector.heartbeat.Heartbeat$EndpointsResponse
3365:             1             40  com.aerospike.vector.hlc.HlcClock
3366:             1             40  com.aerospike.vector.index.BatchMetaScanListener
3367:             1             40  com.aerospike.vector.index.CentroidMap
3368:             1             40  com.aerospike.vector.index.metrics.ClusterIndexMetricsCollector
3369:             1             40  com.aerospike.vector.inject.VectorDbGuiceModule
3370:             1             40  com.aerospike.vector.server.grpc.server.interceptor.InterconnectAuthorizationServerInterceptor
3371:             1             40  com.aerospike.vector.server.grpc.service.GrpcClusterInfoService
3372:             1             40  com.aerospike.vector.server.grpc.service.internal.GrpcIndexServiceInternal
3373:             1             40  com.aerospike.vector.server.grpc.service.internal.GrpcTransactServiceInternal
3374:             1             40  com.aerospike.vector.storage.AerospikeStorageKvs$AsListenerToStorageRecordStreamListener
3375:             1             40  com.aerospike.vector.storage.index.AerospikeStorageIndexCleaner
3376:             1             40  com.codahale.metrics.json.MetricsModule$MeterSerializer
3377:             1             40  com.cronutils.model.definition.CronDefinition
3378:             1             40  com.cronutils.model.field.definition.DayOfWeekFieldDefinition
3379:             1             40  com.fasterxml.jackson.core.StreamReadConstraints
3380:             1             40  com.fasterxml.jackson.databind.ObjectWriter$Prefetch
3381:             1             40  com.fasterxml.jackson.databind.deser.impl.FailingDeserializer
3382:             1             40  com.fasterxml.jackson.databind.deser.std.JsonNodeDeserializer
3383:             1             40  com.fasterxml.jackson.databind.ser.std.NumberSerializers$FloatSerializer
3384:             1             40  com.fasterxml.jackson.databind.ser.std.NumberSerializers$IntLikeSerializer
3385:             1             40  com.fasterxml.jackson.databind.ser.std.NumberSerializers$ShortSerializer
3386:             1             40  com.google.common.base.Splitter
3387:             1             40  com.google.common.util.concurrent.AbstractFuture$Listener
3388:             1             40  com.google.inject.internal.SingleMethodInjector
3389:             1             40  com.google.protobuf.WireFormat$FieldType$1
3390:             1             40  com.google.protobuf.WireFormat$FieldType$2
3391:             1             40  com.google.protobuf.WireFormat$FieldType$3
3392:             1             40  com.google.protobuf.WireFormat$FieldType$4
3393:             1             40  com.sun.jmx.mbeanserver.ClassLoaderRepositorySupport (java.management@21.0.6)
3394:             1             40  com.sun.jmx.mbeanserver.DefaultMXBeanMappingFactory$MXBeanRefMapping (java.management@21.0.6)
3395:             1             40  com.sun.jmx.mbeanserver.MXBeanLookup (java.management@21.0.6)
3396:             1             40  com.sun.jmx.mbeanserver.Repository (java.management@21.0.6)
3397:             1             40  io.grpc.MetricInstrumentRegistry
3398:             1             40  io.grpc.internal.InstantTimeProvider
3399:             1             40  io.grpc.internal.ProxyDetectorImpl
3400:             1             40  io.grpc.internal.SharedResourceHolder
3401:             1             40  io.undertow.servlet.core.ErrorPages
3402:             1             40  io.undertow.servlet.core.ManagedFilters
3403:             1             40  io.undertow.servlet.core.ManagedServlets
3404:             1             40  io.undertow.servlet.core.SessionListenerBridge
3405:             1             40  io.undertow.servlet.handlers.ServletPathMatchesData
3406:             1             40  it.unimi.dsi.util.XoRoShiRo128PlusRandomGenerator
3407:             1             40  java.lang.ProcessEnvironment$StringEnvironment (java.base@21.0.6)
3408:             1             40  java.lang.invoke.VarHandleByteArrayAsChars$ArrayHandle (java.base@21.0.6)
3409:             1             40  java.lang.invoke.VarHandleByteArrayAsDoubles$ArrayHandle (java.base@21.0.6)
3410:             1             40  java.lang.invoke.VarHandleByteArrayAsFloats$ArrayHandle (java.base@21.0.6)
3411:             1             40  java.lang.invoke.VarHandleByteArrayAsShorts$ArrayHandle (java.base@21.0.6)
3412:             1             40  java.net.InetAddress$CachedLocalHost (java.base@21.0.6)
3413:             1             40  java.security.AlgorithmParameters (java.base@21.0.6)
3414:             1             40  java.text.DontCareFieldPosition (java.base@21.0.6)
3415:             1             40  java.util.logging.LogManager$LoggerContext (java.logging@21.0.6)
3416:             1             40  java.util.logging.LogManager$SystemLoggerContext (java.logging@21.0.6)
3417:             1             40  java.util.regex.Pattern$NotBehind (java.base@21.0.6)
3418:             1             40  javax.xml.namespace.QName (java.xml@21.0.6)
3419:             1             40  jdk.internal.event.ThreadSleepEvent (java.base@21.0.6)
3420:             1             40  jdk.internal.icu.impl.Norm2AllModes (java.base@21.0.6)
3421:             1             40  jdk.internal.platform.cgroupv1.CgroupV1MemorySubSystemController (java.base@21.0.6)
3422:             1             40  jdk.internal.reflect.MethodHandleIntegerFieldAccessorImpl (java.base@21.0.6)
3423:             1             40  kotlin.random.XorWowRandom
3424:             1             40  kotlin.reflect.jvm.internal.impl.builtins.functions.FunctionTypeKind$Function
3425:             1             40  kotlin.reflect.jvm.internal.impl.builtins.functions.FunctionTypeKind$KFunction
3426:             1             40  kotlin.reflect.jvm.internal.impl.builtins.functions.FunctionTypeKind$KSuspendFunction
3427:             1             40  kotlin.reflect.jvm.internal.impl.builtins.functions.FunctionTypeKind$SuspendFunction
3428:             1             40  kotlin.reflect.jvm.internal.impl.builtins.jvm.JvmBuiltInClassDescriptorFactory
3429:             1             40  kotlin.reflect.jvm.internal.impl.descriptors.runtime.components.PackagePartScopeCache
3430:             1             40  kotlin.reflect.jvm.internal.impl.load.java.SpecialGenericSignatures$TypeSafeBarrierDescription$MAP_GET_OR_DEFAULT
3431:             1             40  kotlin.reflect.jvm.internal.impl.metadata.ProtoBuf$Contract
3432:             1             40  kotlin.reflect.jvm.internal.impl.metadata.ProtoBuf$VersionRequirementTable
3433:             1             40  kotlin.reflect.jvm.internal.impl.protobuf.WireFormat$FieldType$1
3434:             1             40  kotlin.reflect.jvm.internal.impl.protobuf.WireFormat$FieldType$2
3435:             1             40  kotlin.reflect.jvm.internal.impl.protobuf.WireFormat$FieldType$3
3436:             1             40  kotlin.reflect.jvm.internal.impl.protobuf.WireFormat$FieldType$4
3437:             1             40  kotlin.reflect.jvm.internal.impl.resolve.constants.TypedArrayValue
3438:             1             40  kotlin.reflect.jvm.internal.impl.storage.LockBasedStorageManager$1
3439:             1             40  kotlin.reflect.jvm.internal.impl.types.LazyWrappedType
3440:             1             40  kotlin.reflect.jvm.internal.impl.types.checker.NewKotlinTypeCheckerImpl
3441:             1             40  kotlin.reflect.jvm.internal.impl.util.ReturnsCheck$ReturnsBoolean
3442:             1             40  kotlin.reflect.jvm.internal.impl.util.ReturnsCheck$ReturnsInt
3443:             1             40  kotlin.reflect.jvm.internal.impl.util.ReturnsCheck$ReturnsUnit
3444:             1             40  org.glassfish.hk2.internal.ServiceLocatorFactoryImpl
3445:             1             40  org.glassfish.jersey.inject.hk2.ContextInjectionResolverImpl$Binder
3446:             1             40  org.glassfish.jersey.inject.hk2.JerseyErrorService$Binder
3447:             1             40  org.glassfish.jersey.inject.hk2.RequestContext$Binder
3448:             1             40  org.glassfish.jersey.internal.config.JerseySystemPropertiesConfigurationModel
3449:             1             40  org.glassfish.jersey.internal.inject.ParamConverters$OptionalProvider$Optionals$1
3450:             1             40  org.glassfish.jersey.internal.inject.ParamConverters$OptionalProvider$Optionals$2
3451:             1             40  org.glassfish.jersey.internal.inject.ParamConverters$OptionalProvider$Optionals$3
3452:             1             40  org.glassfish.jersey.media.multipart.internal.MultiPartReaderServerSide
3453:             1             40  org.glassfish.jersey.message.internal.HttpHeaderReader$AcceptableLanguageTagListReader
3454:             1             40  org.glassfish.jersey.message.internal.HttpHeaderReader$AcceptableMediaTypeListReader
3455:             1             40  org.glassfish.jersey.message.internal.HttpHeaderReader$AcceptableTokenListReader
3456:             1             40  org.glassfish.jersey.message.internal.HttpHeaderReader$QualitySourceMediaTypeListReader
3457:             1             40  org.glassfish.jersey.server.ResourceBag
3458:             1             40  org.glassfish.jersey.server.ServerExecutorProvidersConfigurator$DefaultBackgroundSchedulerProvider
3459:             1             40  org.glassfish.jersey.server.ServerExecutorProvidersConfigurator$DefaultManagedAsyncExecutorProvider
3460:             1             40  org.glassfish.jersey.server.internal.RuntimeDelegateImpl
3461:             1             40  org.glassfish.jersey.server.internal.inject.BeanParamValueParamProvider
3462:             1             40  org.glassfish.jersey.server.internal.inject.DelegatedInjectionValueParamProvider
3463:             1             40  org.glassfish.jersey.server.internal.inject.FormParamValueParamProvider
3464:             1             40  org.glassfish.jersey.server.internal.inject.WebTargetValueParamProvider$BindingModel
3465:             1             40  org.glassfish.jersey.server.model.ResourceModel
3466:             1             40  org.jvnet.hk2.internal.PerLocatorUtilities$1
3467:             1             40  org.jvnet.hk2.internal.PerLocatorUtilities$2
3468:             1             40  org.jvnet.hk2.internal.PerLocatorUtilities$3
3469:             1             40  org.reflections.scanners.Scanners$1
3470:             1             40  org.reflections.scanners.Scanners$10
3471:             1             40  org.reflections.scanners.Scanners$11
3472:             1             40  org.reflections.scanners.Scanners$2
3473:             1             40  org.reflections.scanners.Scanners$3
3474:             1             40  org.reflections.scanners.Scanners$4
3475:             1             40  org.reflections.scanners.Scanners$5
3476:             1             40  org.reflections.scanners.Scanners$6
3477:             1             40  org.reflections.scanners.Scanners$7
3478:             1             40  org.reflections.scanners.Scanners$8
3479:             1             40  org.reflections.scanners.Scanners$9
3480:             1             40  org.slf4j.helpers.FormattingTuple
3481:             1             40  org.slf4j.helpers.NOP_FallbackServiceProvider
3482:             1             40  org.slf4j.helpers.SubstituteServiceProvider
3483:             1             40  org.xnio.XnioWorker$WorkerThreadFactory
3484:             1             40  picocli.CommandLine$Range
3485:             1             40  sun.management.MemoryImpl (java.management@21.0.6)
3486:             1             40  sun.nio.cs.ISO_8859_1 (java.base@21.0.6)
3487:             1             40  sun.nio.cs.StandardCharsets (java.base@21.0.6)
3488:             1             40  sun.nio.cs.US_ASCII (java.base@21.0.6)
3489:             1             40  sun.nio.cs.UTF_16 (java.base@21.0.6)
3490:             1             40  sun.nio.cs.UTF_16BE (java.base@21.0.6)
3491:             1             40  sun.nio.cs.UTF_16LE (java.base@21.0.6)
3492:             1             40  sun.nio.cs.UTF_8 (java.base@21.0.6)
3493:             1             40  sun.nio.fs.LinuxFileSystem (java.base@21.0.6)
3494:             1             40  sun.security.provider.DSAParameters (java.base@21.0.6)
3495:             1             40  sun.security.provider.PolicyFile (java.base@21.0.6)
3496:             1             32  [Lch.qos.logback.core.joran.spi.ConsoleTarget;
3497:             1             32  [Lcom.aerospike.client.Host;
3498:             1             32  [Lcom.aerospike.client.policy.CommitLevel;
3499:             1             32  [Lcom.aerospike.client.policy.ReadModeAP;
3500:             1             32  [Lcom.aerospike.vector.auth.StaticRoles;
3501:             1             32  [Lcom.aerospike.vector.client.proto.IndexDefinition$ParamsCase;
3502:             1             32  [Lcom.aerospike.vector.cluster.RegisterState;
3503:             1             32  [Lcom.aerospike.vector.index.IndexUpdateOperation$UpdateCase;
3504:             1             32  [Lcom.fasterxml.jackson.core.StreamWriteCapability;
3505:             1             32  [Lcom.fasterxml.jackson.databind.AnnotationIntrospector$ReferenceProperty$Type;
3506:             1             32  [Lcom.fasterxml.jackson.databind.cfg.EnumFeature;
3507:             1             32  [Lcom.fasterxml.jackson.dataformat.yaml.YAMLParser$Feature;
3508:             1             32  [Lcom.fasterxml.jackson.module.kotlin.SingletonSupport;
3509:             1             32  [Lcom.google.common.collect.MapMakerInternalMap$Strength;
3510:             1             32  [Lcom.google.inject.internal.InternalFlags$BytecodeGenOption;
3511:             1             32  [Lcom.google.inject.internal.InternalFlags$IncludeStackTraceOption;
3512:             1             32  [Lcom.google.inject.internal.InternalProviderInstanceBindingImpl$InitializationTiming;
3513:             1             32  [Lcom.google.protobuf.TextFormat$Parser$SingularOverwritePolicy;
3514:             1             32  [Lio.grpc.InternalKnownTransport;
3515:             2             32  [Lio.grpc.ServerInterceptor;
3516:             1             32  [Lio.grpc.internal.MessageDeframer$State;
3517:             1             32  [Lio.grpc.netty.CancelServerStreamCommand$PeerNotify;
3518:             1             32  [Lio.grpc.netty.Utils$EventLoopGroupType;
3519:             1             32  [Lio.netty.buffer.PoolArena$SizeClass;
3520:             1             32  [Lio.netty.handler.codec.http2.Http2FrameLogger$Direction;
3521:             1             32  [Lio.undertow.security.api.AuthenticationMode;
3522:             1             32  [Ljava.io.File$PathStatus; (java.base@21.0.6)
3523:             2             32  [Ljava.lang.Throwable; (java.base@21.0.6)
3524:             1             32  [Ljava.security.Provider$OPType; (java.base@21.0.6)
3525:             1             32  [Ljava.time.temporal.IsoFields$Unit; (java.base@21.0.6)
3526:             1             32  [Ljava.util.Locale$Category; (java.base@21.0.6)
3527:             1             32  [Ljdk.internal.icu.util.CodePointTrie$Type; (java.base@21.0.6)
3528:             1             32  [Lkotlin.reflect.jvm.internal.KDeclarationContainerImpl$MemberBelonginess;
3529:             1             32  [Lkotlin.reflect.jvm.internal.impl.descriptors.PackageFragmentProviderOptimized;
3530:             1             32  [Lkotlin.reflect.jvm.internal.impl.descriptors.deserialization.ClassDescriptorFactory;
3531:             1             32  [Lkotlin.reflect.jvm.internal.impl.load.java.structure.LightClassOriginKind;
3532:             1             32  [Lkotlin.reflect.jvm.internal.impl.load.java.typeEnhancement.MutabilityQualifier;
3533:             1             32  [Lkotlin.reflect.jvm.internal.impl.name.FqName;
3534:             1             32  [Lkotlin.reflect.jvm.internal.impl.name.Name;
3535:             1             32  [Lkotlin.reflect.jvm.internal.impl.renderer.RenderingFormat;
3536:             1             32  [Lkotlin.reflect.jvm.internal.impl.serialization.deserialization.descriptors.DeserializedContainerAbiStability;
3537:             1             32  [Lkotlin.reflect.jvm.internal.impl.types.TypeUsage;
3538:             1             32  [Lkotlinx.coroutines.channels.TickerMode;
3539:             1             32  [Lorg.glassfish.hk2.api.DescriptorType;
3540:             1             32  [Lorg.glassfish.hk2.api.ServiceLocatorState;
3541:             1             32  [Lorg.glassfish.jersey.inject.hk2.Hk2InjectionManagerFactory$Hk2InjectionManagerStrategy;
3542:             1             32  [Lorg.glassfish.jersey.internal.guava.LocalCache$Strength;
3543:             1             32  [Lorg.glassfish.jersey.model.internal.RankedComparator$Order;
3544:             1             32  [Lorg.glassfish.jersey.server.spi.internal.ResourceMethodDispatcher$Provider;
3545:             1             32  [Lorg.glassfish.jersey.servlet.WebConfig$ConfigType;
3546:             1             32  [Lorg.glassfish.jersey.uri.PathPattern$RightHandPath;
3547:             1             32  [Lorg.slf4j.helpers.Reporter$TargetChoice;
3548:             2             32  [Lsun.reflect.annotation.TypeAnnotation; (java.base@21.0.6)
3549:             1             32  [Lsun.security.rsa.RSAUtil$KeyType; (java.base@21.0.6)
3550:             1             32  ch.qos.logback.classic.BasicConfigurator
3551:             2             32  ch.qos.logback.classic.pattern.ClassNameOnlyAbbreviator
3552:             2             32  ch.qos.logback.classic.pattern.EnsureExceptionHandling
3553:             1             32  ch.qos.logback.classic.spi.TurboFilterList
3554:             1             32  ch.qos.logback.core.spi.ContextAwareImpl
3555:             2             32  ch.qos.logback.core.spi.LogbackLock
3556:             1             32  com.aerospike.client.util.RandomShift
3557:             1             32  com.aerospike.connect.aerospike.config.AerospikeSeedsDeserializer
3558:             1             32  com.aerospike.connect.aerospike.config.AuthModeDeserializer
3559:             1             32  com.aerospike.connect.logging.LoggingConfigurator
3560:             1             32  com.aerospike.connect.metrics.ErrorRegistry
3561:             1             32  com.aerospike.connect.metrics.OperatingSystemGaugeSet
3562:             1             32  com.aerospike.connect.metrics.manage.service.PrometheusMetricsWebService
3563:             2             32  com.aerospike.vector.auth.InsecureAuthService
3564:             1             32  com.aerospike.vector.client.proto.AboutRequest
3565:             1             32  com.aerospike.vector.client.proto.Boolean
3566:             1             32  com.aerospike.vector.cluster.QuantumIntervalGenerator$$Lambda/0x00007fa7884f1678
3567:             1             32  com.aerospike.vector.config.AdvertisedListener
3568:             1             32  com.aerospike.vector.config.HeartbeatConfig
3569:             1             32  com.aerospike.vector.config.NodeRoleSetDeserializer
3570:             1             32  com.aerospike.vector.config.PortRangeDeserializer
3571:             1             32  com.aerospike.vector.embedded.client.config.VectorDbEmbeddedClientConfig
3572:             1             32  com.aerospike.vector.embedded.client.inject.VectorDbEmbeddedClientGuiceModule
3573:             1             32  com.aerospike.vector.heartbeat.NetworkClique
3574:             1             32  com.aerospike.vector.index.DeleteProxyResponse
3575:             1             32  com.aerospike.vector.index.PutProxyResponse
3576:             1             32  com.aerospike.vector.index.StandaloneIndexBuildAbortResponse
3577:             1             32  com.aerospike.vector.index.StandaloneIndexBuildCompletedResponse
3578:             1             32  com.aerospike.vector.index.StandaloneIndexBuildStartResponse
3579:             1             32  com.aerospike.vector.index.StandaloneIndexMetricsRequest
3580:             1             32  com.aerospike.vector.index.config.BatchingConfig
3581:             1             32  com.aerospike.vector.index.hnsw.store.InMemoryGraphStore
3582:             1             32  com.aerospike.vector.index.inject.IndexGuiceModule
3583:             1             32  com.aerospike.vector.interconnect.InterconnectChannelProvider$special$$inlined$CoroutineExceptionHandler$1
3584:             1             32  com.aerospike.vector.interconnect.InterconnectService$special$$inlined$CoroutineExceptionHandler$1
3585:             1             32  com.aerospike.vector.node.NodeIdDeserializer
3586:             1             32  com.aerospike.vector.server.grpc.StaticGrpcNettySslContextFactory
3587:             1             32  com.aerospike.vector.server.grpc.service.GrpcAboutService
3588:             1             32  com.aerospike.vector.server.grpc.service.internal.GrpcCacheServiceInternal
3589:             1             32  com.aerospike.vector.server.grpc.service.internal.GrpcClusterService
3590:             1             32  com.aerospike.vector.server.grpc.service.internal.GrpcExchangeService
3591:             1             32  com.aerospike.vector.server.grpc.service.internal.GrpcHeartbeatService
3592:             2             32  com.aerospike.vector.server.grpc.service.internal.GrpcTransactServiceInternal$$FastClassByGuice$$6f8ec73
3593:             1             32  com.aerospike.vector.server.grpc.service.internal.ServiceScopeLauncher
3594:             1             32  com.aerospike.vector.storage.StorageType
3595:             1             32  com.aerospike.vector.storage.index.AerospikeStorageVerticesCleaner
3596:             1             32  com.aerospike.vector.transact.metrics.TransactionMetrics
3597:             1             32  com.codahale.metrics.json.MetricsModule$MetricRegistrySerializer
3598:             1             32  com.codahale.metrics.jvm.MemoryUsageGaugeSet
3599:             1             32  com.cronutils.parser.CronParser
3600:             1             32  com.fasterxml.jackson.annotation.JsonSetter$Value
3601:             1             32  com.fasterxml.jackson.core.util.DefaultIndenter
3602:             1             32  com.fasterxml.jackson.core.util.MinimalPrettyPrinter
3603:             1             32  com.fasterxml.jackson.databind.AnnotationIntrospector$ReferenceProperty
3604:             1             32  com.fasterxml.jackson.databind.cfg.ContextAttributes$Impl
3605:             1             32  com.fasterxml.jackson.databind.cfg.DatatypeFeatures
3606:             1             32  com.fasterxml.jackson.databind.deser.std.NumberDeserializers$NumberDeserializer
3607:             1             32  com.fasterxml.jackson.databind.deser.std.StringDeserializer
3608:             1             32  com.fasterxml.jackson.databind.deser.std.UntypedObjectDeserializerNR
3609:             1             32  com.fasterxml.jackson.databind.ext.OptionalHandlerFactory
3610:             1             32  com.fasterxml.jackson.databind.ser.impl.FailingSerializer
3611:             2             32  com.fasterxml.jackson.databind.ser.impl.PropertySerializerMap$Empty
3612:             1             32  com.fasterxml.jackson.databind.ser.impl.ReadOnlyClassToSerializerMap
3613:             1             32  com.fasterxml.jackson.databind.ser.std.UUIDSerializer
3614:             1             32  com.fasterxml.jackson.databind.util.internal.PrivateMaxEntriesMap$DrainStatus$1
3615:             1             32  com.fasterxml.jackson.databind.util.internal.PrivateMaxEntriesMap$DrainStatus$2
3616:             1             32  com.fasterxml.jackson.databind.util.internal.PrivateMaxEntriesMap$DrainStatus$3
3617:             1             32  com.fasterxml.jackson.databind.util.internal.PrivateMaxEntriesMap$EntrySet
3618:             2             32  com.fasterxml.jackson.module.kotlin.KotlinKeySerializers
3619:             2             32  com.fasterxml.jackson.module.kotlin.KotlinSerializers
3620:             1             32  com.github.benmanes.caffeine.cache.DisabledBuffer
3621:             1             32  com.github.benmanes.caffeine.cache.DisabledScheduler
3622:             1             32  com.github.benmanes.caffeine.cache.RemovalCause$1
3623:             1             32  com.github.benmanes.caffeine.cache.RemovalCause$2
3624:             1             32  com.github.benmanes.caffeine.cache.RemovalCause$3
3625:             1             32  com.github.benmanes.caffeine.cache.RemovalCause$4
3626:             1             32  com.github.benmanes.caffeine.cache.RemovalCause$5
3627:             1             32  com.github.benmanes.caffeine.cache.SingletonWeigher
3628:             1             32  com.github.benmanes.caffeine.cache.SystemScheduler
3629:             1             32  com.github.benmanes.caffeine.cache.SystemTicker
3630:             1             32  com.github.benmanes.caffeine.cache.stats.DisabledStatsCounter
3631:             1             32  com.google.common.base.Joiner$MapJoiner
3632:             1             32  com.google.common.cache.CacheBuilder$NullListener
3633:             1             32  com.google.common.cache.CacheBuilder$OneWeigher
3634:             1             32  com.google.common.cache.LocalCache$EntryFactory$1
3635:             1             32  com.google.common.cache.LocalCache$EntryFactory$2
3636:             1             32  com.google.common.cache.LocalCache$EntryFactory$3
3637:             1             32  com.google.common.cache.LocalCache$EntryFactory$4
3638:             1             32  com.google.common.cache.LocalCache$EntryFactory$5
3639:             1             32  com.google.common.cache.LocalCache$EntryFactory$6
3640:             1             32  com.google.common.cache.LocalCache$EntryFactory$7
3641:             1             32  com.google.common.cache.LocalCache$EntryFactory$8
3642:             1             32  com.google.common.cache.LocalCache$Strength$1
3643:             1             32  com.google.common.cache.LocalCache$Strength$2
3644:             1             32  com.google.common.cache.LocalCache$Strength$3
3645:             1             32  com.google.common.cache.RemovalCause$1
3646:             1             32  com.google.common.cache.RemovalCause$2
3647:             1             32  com.google.common.cache.RemovalCause$3
3648:             1             32  com.google.common.cache.RemovalCause$4
3649:             1             32  com.google.common.cache.RemovalCause$5
3650:             1             32  com.google.common.collect.Iterators$ArrayItr
3651:             1             32  com.google.common.collect.Iterators$EmptyModifiableIterator
3652:             1             32  com.google.common.collect.MapMakerInternalMap$Strength$1
3653:             1             32  com.google.common.collect.MapMakerInternalMap$Strength$2
3654:             1             32  com.google.common.collect.RegularImmutableAsList
3655:             1             32  com.google.common.util.concurrent.AbstractFuture$Waiter
3656:             1             32  com.google.common.util.concurrent.DirectExecutor
3657:             1             32  com.google.inject.Key$NullAnnotationStrategy
3658:             1             32  com.google.inject.internal.BytecodeGen$1
3659:             2             32  com.google.inject.internal.CycleDetectingLock$CycleDetectingLockFactory
3660:             1             32  com.google.inject.internal.InternalFlags$ColorizeOption$1
3661:             1             32  com.google.inject.internal.InternalFlags$ColorizeOption$2
3662:             1             32  com.google.inject.internal.InternalFlags$ColorizeOption$3
3663:             1             32  com.google.inject.internal.ProvisionListenerStackCallback
3664:             1             32  com.google.protobuf.Empty
3665:             1             32  com.google.protobuf.GeneratedMessageV3$FieldAccessorTable$MapFieldAccessor
3666:             1             32  com.google.protobuf.IntArrayList
3667:             1             32  com.google.protobuf.ProtobufArrayList
3668:             1             32  com.google.protobuf.WireFormat$Utf8Validation$1
3669:             1             32  com.google.protobuf.WireFormat$Utf8Validation$2
3670:             1             32  com.google.protobuf.WireFormat$Utf8Validation$3
3671:             1             32  com.sun.jmx.remote.util.ClassLogger (java.management@21.0.6)
3672:             1             32  com.sun.management.internal.PlatformMBeanProviderImpl$2 (jdk.management@21.0.6)
3673:             1             32  com.sun.management.internal.PlatformMBeanProviderImpl$5 (jdk.management@21.0.6)
3674:             2             32  io.grpc.Codec$Gzip
3675:             1             32  io.grpc.DecompressorRegistry
3676:             1             32  io.grpc.LoadBalancerRegistry
3677:             1             32  io.grpc.NameResolver$ConfigOrError
3678:             1             32  io.grpc.internal.DnsNameResolver$JdkAddressResolver
3679:             2             32  io.grpc.internal.GrpcUtil$AcceptEncodingMarshaller
3680:             1             32  io.grpc.internal.ReadableBuffers$ByteArrayWrapper
3681:             1             32  io.grpc.internal.StatsTraceContext
3682:             1             32  io.grpc.netty.ProtocolNegotiationEvent
3683:             1             32  io.netty.buffer.UnpooledByteBufAllocator
3684:             1             32  io.netty.buffer.UnpooledByteBufAllocator$UnpooledByteBufAllocatorMetric
3685:             1             32  io.netty.channel.ChannelOption$1
3686:             1             32  io.netty.handler.codec.http2.ReadOnlyHttp2Headers
3687:             1             32  io.netty.resolver.DefaultAddressResolverGroup
3688:             1             32  io.netty.util.ResourceLeakDetectorFactory$DefaultResourceLeakDetectorFactory
3689:             1             32  io.netty.util.concurrent.DefaultEventExecutorChooserFactory$GenericEventExecutorChooser
3690:             1             32  io.netty.util.concurrent.FailedFuture
3691:             1             32  io.netty.util.internal.ThreadExecutorMap$3
3692:             2             32  io.netty.util.internal.logging.Slf4JLoggerFactory
3693:             1             32  io.perfmark.Tag
3694:             1             32  io.undertow.conduits.ReadDataStreamSourceConduit
3695:             1             32  io.undertow.security.handlers.AuthenticationMechanismsHandler
3696:             1             32  io.undertow.server.AbstractServerConnection$CloseSetter
3697:             1             32  io.undertow.server.handlers.PathHandler
3698:             1             32  io.undertow.server.protocol.http.HttpOpenListener$1
3699:             1             32  io.undertow.server.protocol.http.HttpServerConnection$1
3700:             1             32  io.undertow.servlet.core.ServletContainerImpl
3701:             1             32  io.undertow.servlet.handlers.RedirectDirHandler
3702:             1             32  io.undertow.servlet.handlers.security.ServletConfidentialityConstraintHandler
3703:             1             32  io.undertow.servlet.spec.ServletConfigImpl
3704:             1             32  io.undertow.servlet.spec.ServletContextImpl$ServletContextSessionConfig
3705:             2             32  java.lang.Boolean (java.base@21.0.6)
3706:             1             32  java.lang.ProcessHandleImpl (java.base@21.0.6)
3707:             2             32  java.lang.Shutdown$Lock (java.base@21.0.6)
3708:             1             32  java.lang.invoke.MethodHandleImpl$ArrayAccessor$1 (java.base@21.0.6)
3709:             1             32  java.lang.invoke.MethodHandleImpl$BindCaller$1 (java.base@21.0.6)
3710:             2             32  java.lang.ref.NativeReferenceQueue$Lock (java.base@21.0.6)
3711:             1             32  java.lang.reflect.Proxy$1 (java.base@21.0.6)
3712:             1             32  java.math.MutableBigInteger (java.base@21.0.6)
3713:             1             32  java.net.Inet6AddressImpl (java.base@21.0.6)
3714:             1             32  java.net.Proxy (java.base@21.0.6)
3715:             1             32  java.net.Socket$SocketInputStream (java.base@21.0.6)
3716:             1             32  java.net.Socket$SocketOutputStream (java.base@21.0.6)
3717:             1             32  java.text.FieldPosition (java.base@21.0.6)
3718:             1             32  java.time.temporal.IsoFields$Field$1 (java.base@21.0.6)
3719:             1             32  java.time.temporal.IsoFields$Field$2 (java.base@21.0.6)
3720:             1             32  java.time.temporal.IsoFields$Field$3 (java.base@21.0.6)
3721:             1             32  java.time.temporal.IsoFields$Field$4 (java.base@21.0.6)
3722:             1             32  java.util.Collections$3 (java.base@21.0.6)
3723:             1             32  java.util.Collections$EmptyMap (java.base@21.0.6)
3724:             1             32  java.util.Collections$SynchronizedCollection (java.base@21.0.6)
3725:             1             32  java.util.Collections$SynchronizedSet (java.base@21.0.6)
3726:             1             32  java.util.Comparators$NaturalOrderComparator (java.base@21.0.6)
3727:             1             32  java.util.Locale$Cache (java.base@21.0.6)
3728:             1             32  java.util.ResourceBundle$Control$CandidateListCache (java.base@21.0.6)
3729:             1             32  java.util.ServiceLoader$2 (java.base@21.0.6)
3730:             1             32  java.util.concurrent.ConcurrentLinkedDeque (java.base@21.0.6)
3731:             1             32  java.util.concurrent.Executors$DelegatedScheduledExecutorService (java.base@21.0.6)
3732:             1             32  java.util.concurrent.SynchronousQueue$Transferer (java.base@21.0.6)
3733:             1             32  java.util.concurrent.ThreadLocalRandom (java.base@21.0.6)
3734:             2             32  java.util.concurrent.ThreadPoolExecutor$AbortPolicy (java.base@21.0.6)
3735:             1             32  javax.management.ObjectInstance (java.management@21.0.6)
3736:             1             32  jdk.internal.icu.impl.Norm2AllModes$Norm2AllModesSingleton (java.base@21.0.6)
3737:             1             32  jdk.internal.module.ModuleBootstrap$SafeModuleFinder (java.base@21.0.6)
3738:             1             32  jdk.internal.module.ModuleHashes (java.base@21.0.6)
3739:             1             32  jdk.internal.platform.CgroupV1MetricsImpl (java.base@21.0.6)
3740:             1             32  jdk.internal.ref.CleanerImpl (java.base@21.0.6)
3741:             1             32  jdk.internal.util.ReferencedKeyMap (java.base@21.0.6)
3742:             1             32  jdk.internal.vm.ThreadContainers$RootContainer$TrackingRootContainer (java.base@21.0.6)
3743:             1             32  jdk.jfr.internal.management.StreamManager (jdk.jfr@21.0.6)
3744:             1             32  jdk.management.jfr.internal.FlightRecorderMXBeanProvider$SingleMBeanComponent (jdk.management.jfr@21.0.6)
3745:             1             32  kotlin.reflect.jvm.internal.KPackageImpl
3746:             1             32  kotlin.reflect.jvm.internal.WeakClassLoaderBox
3747:             1             32  kotlin.reflect.jvm.internal.impl.builtins.functions.FunctionTypeKindExtractor
3748:             1             32  kotlin.reflect.jvm.internal.impl.builtins.jvm.JvmBuiltInClassDescriptorFactory$$Lambda$0
3749:             1             32  kotlin.reflect.jvm.internal.impl.builtins.jvm.JvmBuiltIns$$Lambda$0
3750:             1             32  kotlin.reflect.jvm.internal.impl.builtins.jvm.JvmBuiltInsCustomizer$$Lambda$0
3751:             1             32  kotlin.reflect.jvm.internal.impl.descriptors.runtime.components.RuntimeModuleData
3752:             1             32  kotlin.reflect.jvm.internal.impl.descriptors.runtime.structure.Java8ParameterNamesLoader$Cache
3753:             1             32  kotlin.reflect.jvm.internal.impl.descriptors.runtime.structure.ReflectJavaArrayAnnotationArgument
3754:             1             32  kotlin.reflect.jvm.internal.impl.descriptors.runtime.structure.ReflectJavaEnumValueAnnotationArgument
3755:             1             32  kotlin.reflect.jvm.internal.impl.load.java.AnnotationTypeQualifierResolver
3756:             1             32  kotlin.reflect.jvm.internal.impl.load.java.JavaTypeEnhancementState
3757:             1             32  kotlin.reflect.jvm.internal.impl.load.java.lazy.LazyJavaPackageFragmentProvider
3758:             1             32  kotlin.reflect.jvm.internal.impl.load.kotlin.JavaClassDataFinder
3759:             1             32  kotlin.reflect.jvm.internal.impl.renderer.RenderingFormat$HTML
3760:             1             32  kotlin.reflect.jvm.internal.impl.renderer.RenderingFormat$PLAIN
3761:             1             32  kotlin.reflect.jvm.internal.impl.resolve.OverridingUtil$OverrideCompatibilityInfo
3762:             1             32  kotlin.reflect.jvm.internal.impl.resolve.constants.ArrayValue
3763:             1             32  kotlin.reflect.jvm.internal.impl.resolve.jvm.JavaDescriptorResolver
3764:             1             32  kotlin.reflect.jvm.internal.impl.types.TypeAttributes$Companion
3765:             1             32  kotlin.reflect.jvm.internal.impl.utils.SmartList
3766:             1             32  kotlinx.coroutines.CoroutineDispatcher$Key
3767:             2             32  kotlinx.coroutines.Empty
3768:             1             32  kotlinx.coroutines.EventLoopImplBase$DelayedTaskQueue
3769:             1             32  kotlinx.coroutines.ExecutorCoroutineDispatcher$Key
3770:             1             32  net.engio.mbassy.bus.BusRuntime
3771:             1             32  org.bouncycastle.asn1.ASN1BitString$1
3772:             1             32  org.bouncycastle.asn1.ASN1Integer$1
3773:             1             32  org.bouncycastle.asn1.ASN1ObjectIdentifier$1
3774:             1             32  org.bouncycastle.asn1.ASN1OctetString$1
3775:             1             32  org.bouncycastle.asn1.ASN1RelativeOID$1
3776:             1             32  org.bouncycastle.asn1.ASN1Sequence$1
3777:             1             32  org.bouncycastle.asn1.ASN1Set$1
3778:             1             32  org.bouncycastle.asn1.DLSet
3779:             2             32  org.bouncycastle.jcajce.provider.asymmetric.dh.KeyFactorySpi
3780:             2             32  org.bouncycastle.jcajce.provider.asymmetric.dstu.KeyFactorySpi
3781:             2             32  org.bouncycastle.jcajce.provider.asymmetric.ecgost.KeyFactorySpi
3782:             1             32  org.bouncycastle.jcajce.provider.asymmetric.edec.KeyFactorySpi$Ed25519
3783:             1             32  org.bouncycastle.jcajce.provider.asymmetric.edec.KeyFactorySpi$Ed448
3784:             1             32  org.bouncycastle.jcajce.provider.asymmetric.edec.KeyFactorySpi$X25519
3785:             1             32  org.bouncycastle.jcajce.provider.asymmetric.edec.KeyFactorySpi$X448
3786:             1             32  org.bouncycastle.jcajce.provider.asymmetric.mldsa.MLDSAKeyFactorySpi$Hash
3787:             1             32  org.bouncycastle.jcajce.provider.asymmetric.slhdsa.SLHDSAKeyFactorySpi$Hash
3788:             2             32  org.bouncycastle.pqc.jcajce.provider.xmss.XMSSKeyFactorySpi
3789:             2             32  org.bouncycastle.pqc.jcajce.provider.xmss.XMSSMTKeyFactorySpi
3790:             1             32  org.bouncycastle.util.BigIntegers$Cache
3791:             1             32  org.bouncycastle.util.encoders.HexEncoder
3792:             1             32  org.glassfish.hk2.utilities.ServiceLocatorUtilities$ImmediateImpl
3793:             1             32  org.glassfish.hk2.utilities.ServiceLocatorUtilities$InheritableThreadImpl
3794:             1             32  org.glassfish.hk2.utilities.ServiceLocatorUtilities$PerLookupImpl
3795:             1             32  org.glassfish.hk2.utilities.ServiceLocatorUtilities$PerThreadImpl
3796:             1             32  org.glassfish.hk2.utilities.ServiceLocatorUtilities$SingletonImpl
3797:             1             32  org.glassfish.jersey.inject.hk2.Hk2InjectionManagerFactory$Hk2InjectionManagerStrategy$1
3798:             1             32  org.glassfish.jersey.inject.hk2.Hk2InjectionManagerFactory$Hk2InjectionManagerStrategy$2
3799:             1             32  org.glassfish.jersey.inject.hk2.JerseyClassAnalyzer
3800:             1             32  org.glassfish.jersey.internal.ContextResolverFactory
3801:             1             32  org.glassfish.jersey.internal.ExceptionMapperFactory$$Lambda/0x00007fa7886d52d8
3802:             1             32  org.glassfish.jersey.internal.guava.LocalCache$EntryFactory$1
3803:             1             32  org.glassfish.jersey.internal.guava.LocalCache$EntryFactory$2
3804:             1             32  org.glassfish.jersey.internal.guava.LocalCache$EntryFactory$3
3805:             1             32  org.glassfish.jersey.internal.guava.LocalCache$EntryFactory$4
3806:             1             32  org.glassfish.jersey.internal.guava.LocalCache$EntryFactory$5
3807:             1             32  org.glassfish.jersey.internal.guava.LocalCache$EntryFactory$6
3808:             1             32  org.glassfish.jersey.internal.guava.LocalCache$EntryFactory$7
3809:             1             32  org.glassfish.jersey.internal.guava.LocalCache$EntryFactory$8
3810:             1             32  org.glassfish.jersey.internal.guava.LocalCache$NullEntry
3811:             1             32  org.glassfish.jersey.internal.guava.LocalCache$Strength$1
3812:             1             32  org.glassfish.jersey.internal.guava.LocalCache$Strength$2
3813:             1             32  org.glassfish.jersey.internal.guava.RemovalCause$1
3814:             1             32  org.glassfish.jersey.internal.guava.RemovalCause$2
3815:             1             32  org.glassfish.jersey.internal.guava.RemovalCause$3
3816:             1             32  org.glassfish.jersey.internal.guava.RemovalCause$4
3817:             1             32  org.glassfish.jersey.internal.guava.RemovalCause$5
3818:             1             32  org.glassfish.jersey.internal.inject.CustomAnnotationLiteral
3819:             1             32  org.glassfish.jersey.internal.inject.ForeignDescriptorImpl
3820:             2             32  org.glassfish.jersey.internal.inject.ReferencingFactory$EmptyReferenceFactory
3821:             1             32  org.glassfish.jersey.internal.routing.CombinedMediaType
3822:             1             32  org.glassfish.jersey.media.multipart.internal.EntityPartReader
3823:             1             32  org.glassfish.jersey.media.multipart.internal.EntityPartWriter
3824:             1             32  org.glassfish.jersey.media.multipart.internal.FormDataParamValueParamProvider
3825:             1             32  org.glassfish.jersey.media.multipart.internal.SingleEntityPartReader
3826:             1             32  org.glassfish.jersey.media.multipart.internal.SingleEntityPartWriter
3827:             1             32  org.glassfish.jersey.message.internal.HttpHeaderReader$MediaTypeListReader
3828:             1             32  org.glassfish.jersey.message.internal.HttpHeaderReader$StringListReader
3829:             1             32  org.glassfish.jersey.message.internal.SourceProvider$SourceWriter
3830:             1             32  org.glassfish.jersey.model.internal.ManagedObjectsFinalizer
3831:             1             32  org.glassfish.jersey.process.internal.Stages$LinkedStage
3832:             1             32  org.glassfish.jersey.server.BackgroundSchedulerLiteral
3833:             1             32  org.glassfish.jersey.server.internal.inject.CookieParamValueParamProvider
3834:             1             32  org.glassfish.jersey.server.internal.inject.DelegatedInjectionValueParamProvider$$Lambda/0x00007fa78873e6c0
3835:             1             32  org.glassfish.jersey.server.internal.inject.EntityParamValueParamProvider
3836:             1             32  org.glassfish.jersey.server.internal.inject.FormParamValueParamProvider$MultipartFormParamValueProvider
3837:             1             32  org.glassfish.jersey.server.internal.inject.HeaderParamValueParamProvider
3838:             1             32  org.glassfish.jersey.server.internal.inject.MatrixParamValueParamProvider
3839:             1             32  org.glassfish.jersey.server.internal.inject.PathParamValueParamProvider
3840:             1             32  org.glassfish.jersey.server.internal.inject.QueryParamValueParamProvider
3841:             1             32  org.glassfish.jersey.server.internal.inject.WebTargetValueParamProvider$1
3842:             1             32  org.glassfish.jersey.server.internal.monitoring.MonitoringContainerListener
3843:             1             32  org.glassfish.jersey.server.internal.process.ReferencesInitializer
3844:             1             32  org.glassfish.jersey.server.internal.routing.RoutingStage
3845:             1             32  org.glassfish.jersey.server.model.ResourceMethod$JaxrsType$1
3846:             1             32  org.glassfish.jersey.server.model.ResourceMethod$JaxrsType$2
3847:             1             32  org.glassfish.jersey.server.model.ResourceMethod$JaxrsType$3
3848:             1             32  org.jboss.threads.EnhancedQueueExecutor$TaskNode
3849:             1             32  org.jboss.threads.Waiter
3850:             2             32  org.jvnet.hk2.internal.DescriptorComparator
3851:             1             32  org.jvnet.hk2.internal.DynamicConfigurationServiceImpl
3852:             1             32  org.jvnet.hk2.internal.PopulatorImpl
3853:             1             32  org.jvnet.hk2.internal.SingletonContext
3854:             1             32  org.jvnet.hk2.internal.Utilities$AnnotationInformation
3855:             1             32  org.reflections.vfs.Vfs$DefaultUrlTypes$1
3856:             1             32  org.reflections.vfs.Vfs$DefaultUrlTypes$2
3857:             1             32  org.reflections.vfs.Vfs$DefaultUrlTypes$3
3858:             1             32  org.reflections.vfs.Vfs$DefaultUrlTypes$4
3859:             1             32  org.reflections.vfs.Vfs$DefaultUrlTypes$5
3860:             1             32  org.reflections.vfs.Vfs$DefaultUrlTypes$6
3861:             1             32  org.reflections.vfs.Vfs$DefaultUrlTypes$7
3862:             1             32  org.slf4j.helpers.BasicMDCAdapter
3863:             1             32  org.slf4j.helpers.SubstituteLoggerFactory
3864:             1             32  org.wildfly.common.context.ContextPermission
3865:             1             32  picocli.CommandLine$Tracer
3866:             1             32  sun.management.CompilationImpl (java.management@21.0.6)
3867:             1             32  sun.management.ManagementFactoryHelper$LoggingMXBeanAccess (java.management@21.0.6)
3868:             1             32  sun.management.ManagementFactoryHelper$PlatformLoggingImpl (java.management@21.0.6)
3869:             1             32  sun.management.RuntimeImpl (java.management@21.0.6)
3870:             1             32  sun.management.VMManagementImpl (java.management@21.0.6)
3871:             1             32  sun.net.sdp.SdpProvider (java.base@21.0.6)
3872:             2             32  sun.nio.ch.EventFD (java.base@21.0.6)
3873:             1             32  sun.security.provider.SeedGenerator$URLSeedGenerator (java.base@21.0.6)
3874:             1             32  sun.util.cldr.CLDRCalendarDataProviderImpl (java.base@21.0.6)
3875:             1             32  sun.util.cldr.CLDRTimeZoneNameProviderImpl (java.base@21.0.6)
3876:             1             32  sun.util.locale.BaseLocale$Cache (java.base@21.0.6)
3877:             1             32  sun.util.locale.provider.CalendarProviderImpl (java.base@21.0.6)
3878:             1             32  sun.util.locale.provider.DateFormatSymbolsProviderImpl (java.base@21.0.6)
3879:             1             32  sun.util.locale.provider.DecimalFormatSymbolsProviderImpl (java.base@21.0.6)
3880:             1             32  sun.util.locale.provider.NumberFormatProviderImpl (java.base@21.0.6)
3881:             1             32  sun.util.locale.provider.TimeZoneNameProviderImpl (java.base@21.0.6)
3882:             1             24  [Lcom.aerospike.client.async.AsyncScanPartition;
3883:             1             24  [Lcom.aerospike.client.cluster.Node;
3884:             1             24  [Lcom.aerospike.client.cluster.Pool;
3885:             1             24  [Lcom.aerospike.vector.storage.StorageType;
3886:             1             24  [Lcom.github.benmanes.caffeine.cache.Buffer;
3887:             1             24  [Lcom.github.benmanes.caffeine.cache.DisabledBuffer;
3888:             1             24  [Lcom.github.benmanes.caffeine.cache.DisabledScheduler;
3889:             1             24  [Lcom.github.benmanes.caffeine.cache.SingletonWeigher;
3890:             1             24  [Lcom.github.benmanes.caffeine.cache.SystemScheduler;
3891:             1             24  [Lcom.github.benmanes.caffeine.cache.SystemTicker;
3892:             1             24  [Lcom.github.benmanes.caffeine.cache.stats.DisabledStatsCounter;
3893:             1             24  [Lcom.google.common.cache.CacheBuilder$NullListener;
3894:             1             24  [Lcom.google.common.cache.CacheBuilder$OneWeigher;
3895:             1             24  [Lcom.google.common.collect.Iterators$EmptyModifiableIterator;
3896:             1             24  [Lcom.google.common.util.concurrent.DirectExecutor;
3897:             1             24  [Lcom.google.inject.Key$NullAnnotationStrategy;
3898:             1             24  [Lio.grpc.internal.DnsNameResolver$JdkAddressResolver;
3899:             1             24  [Lio.undertow.security.api.AuthenticationMechanism;
3900:             1             24  [Ljakarta.ws.rs.core.MediaType;
3901:             1             24  [Ljava.net.URL; (java.base@21.0.6)
3902:             1             24  [Ljava.time.ZoneOffset; (java.base@21.0.6)
3903:             1             24  [Ljava.util.Comparators$NaturalOrderComparator; (java.base@21.0.6)
3904:             1             24  [Ljava.util.jar.Manifest; (java.base@21.0.6)
3905:             1             24  [Ljdk.internal.access.JavaSecurityAccess$ProtectionDomainCache; (java.base@21.0.6)
3906:             1             24  [Lorg.glassfish.jersey.internal.guava.LocalCache$NullEntry;
3907:             1             24  [Lorg.xnio.nio.WorkerThread;
3908:             1             24  ch.qos.logback.classic.util.ContextInitializer$1
3909:             1             24  ch.qos.logback.core.LifeCycleManager
3910:             1             24  ch.qos.logback.core.spi.AppenderAttachableImpl
3911:             1             24  ch.qos.logback.core.util.StatusPrinter2
3912:             1             24  com.aerospike.connect.aerospike.config.AerospikeClientSeedConfig
3913:             1             24  com.aerospike.connect.io.FilePathResolver
3914:             1             24  com.aerospike.connect.metrics.DebugLoggerProxy
3915:             1             24  com.aerospike.connect.metrics.ErrorLoggerProxy
3916:             1             24  com.aerospike.connect.metrics.ErrorRegistry$1
3917:             1             24  com.aerospike.connect.metrics.FileDescriptorGaugeSet
3918:             1             24  com.aerospike.connect.metrics.FileDescriptorGaugeSet$$Lambda/0x00007fa78832b940
3919:             1             24  com.aerospike.connect.metrics.FileDescriptorGaugeSet$$Lambda/0x00007fa78832bb58
3920:             1             24  com.aerospike.connect.metrics.InfoLoggerProxy
3921:             1             24  com.aerospike.connect.metrics.OffLoggerProxy
3922:             1             24  com.aerospike.connect.metrics.OperatingSystemGaugeSet$$Lambda/0x00007fa788338c70
3923:             1             24  com.aerospike.connect.metrics.OperatingSystemGaugeSet$$Lambda/0x00007fa788338e88
3924:             1             24  com.aerospike.connect.metrics.ThreadStatesGaugeSet$$Lambda/0x00007fa788337cc8
3925:             1             24  com.aerospike.connect.metrics.ThreadStatesGaugeSet$$Lambda/0x00007fa788338000
3926:             1             24  com.aerospike.connect.metrics.ThreadStatesGaugeSet$$Lambda/0x00007fa788338218
3927:             1             24  com.aerospike.connect.metrics.ThreadStatesGaugeSet$$Lambda/0x00007fa788338430
3928:             1             24  com.aerospike.connect.metrics.ThreadStatesGaugeSet$$Lambda/0x00007fa788338648
3929:             1             24  com.aerospike.connect.metrics.TraceLoggerProxy
3930:             1             24  com.aerospike.connect.metrics.WarnLoggerProxy
3931:             1             24  com.aerospike.connect.metrics.manage.service.AboutServerWebService
3932:             1             24  com.aerospike.connect.serde.FileResolvingDeserializer
3933:             1             24  com.aerospike.connect.tls.TlsContextLoader
3934:             1             24  com.aerospike.connect.tls.reload.SSLContextFactory
3935:             1             24  com.aerospike.vector.client.proto.AboutServiceGrpc$AboutServiceMethodDescriptorSupplier
3936:             1             24  com.aerospike.vector.client.proto.AboutServiceGrpc$MethodHandlers
3937:             1             24  com.aerospike.vector.client.proto.AuthServiceGrpc$AuthServiceMethodDescriptorSupplier
3938:             1             24  com.aerospike.vector.client.proto.AuthServiceGrpc$MethodHandlers
3939:             1             24  com.aerospike.vector.cluster.QuantumIntervalGenerator$$Lambda/0x00007fa7884f1010
3940:             1             24  com.aerospike.vector.cluster.QuantumIntervalGenerator$$Lambda/0x00007fa7884f1460
3941:             1             24  com.aerospike.vector.cluster.QuantumIntervalGenerator$$Lambda/0x00007fa7884f1890
3942:             1             24  com.aerospike.vector.cluster.QuantumIntervalGenerator$$Lambda/0x00007fa7884f1aa8
3943:             1             24  com.aerospike.vector.cluster.QuantumIntervalGenerator$$Lambda/0x00007fa7884f1cc0
3944:             1             24  com.aerospike.vector.config.ManageConfig
3945:             1             24  com.aerospike.vector.config.tls.TlsConfigRegistry
3946:             1             24  com.aerospike.vector.embedded.client.store.SingleInstanceClientStore
3947:             1             24  com.aerospike.vector.eventbus.inject.EventBusGuiceModule
3948:             1             24  com.aerospike.vector.eventbus.inject.EventBusGuiceModule$$Lambda/0x00007fa7884a78c0
3949:             1             24  com.aerospike.vector.index.IndexCleaner$$Lambda/0x00007fa7885676c0
3950:             1             24  com.aerospike.vector.index.IndexService$$Lambda/0x00007fa78855dc50
3951:             1             24  com.aerospike.vector.index.QueueSize
3952:             1             24  com.aerospike.vector.index.cache.LoadBalancedCacheFriendlyNodeSelector
3953:             1             24  com.aerospike.vector.index.hnsw.GraphVertexStorageAdaptor
3954:             1             24  com.aerospike.vector.index.hnsw.store.EnterpointReference
3955:             1             24  com.aerospike.vector.index.merge.coordinator.IndexMergeCoordinator$currentPendingBatches$1
3956:             1             24  com.aerospike.vector.index.serde.IndexDefinitionSerializer
3957:             1             24  com.aerospike.vector.index.serde.IndexIdSerializer
3958:             1             24  com.aerospike.vector.index.serde.IndexLogEntryListSerializer
3959:             1             24  com.aerospike.vector.index.serde.InternalIndexIdSerializer
3960:             1             24  com.aerospike.vector.interconnect.BearerTokenCallCredentials
3961:             1             24  com.aerospike.vector.interconnect.InterconnectChannelProvider$$Lambda/0x00007fa7884cb228
3962:             1             24  com.aerospike.vector.server.grpc.GrpcInterconnectServer$setupMetrics$1
3963:             1             24  com.aerospike.vector.server.grpc.GrpcNettySslContextFactory
3964:             1             24  com.aerospike.vector.server.grpc.GrpcVectorDbServer$setupMetrics$1
3965:             1             24  com.aerospike.vector.storage.inject.AerospikeStorageGuiceModule
3966:             1             24  com.aerospike.vector.transact.inject.TransactGuiceModule
3967:             1             24  com.codahale.metrics.json.MetricsModule$CounterSerializer
3968:             1             24  com.codahale.metrics.json.MetricsModule$GaugeSerializer
3969:             1             24  com.codahale.metrics.json.MetricsModule$HistogramSerializer
3970:             1             24  com.codahale.metrics.jvm.ClassLoadingGaugeSet$$Lambda/0x00007fa78832b2f8
3971:             1             24  com.codahale.metrics.jvm.ClassLoadingGaugeSet$$Lambda/0x00007fa78832b510
3972:             1             24  com.codahale.metrics.jvm.JvmAttributeGaugeSet
3973:             1             24  com.codahale.metrics.jvm.JvmAttributeGaugeSet$$Lambda/0x00007fa78832a000
3974:             1             24  com.codahale.metrics.jvm.JvmAttributeGaugeSet$$Lambda/0x00007fa78832a218
3975:             1             24  com.codahale.metrics.jvm.JvmAttributeGaugeSet$$Lambda/0x00007fa78832a430
3976:             1             24  com.codahale.metrics.jvm.MemoryUsageGaugeSet$$Lambda/0x00007fa788334848
3977:             1             24  com.codahale.metrics.jvm.MemoryUsageGaugeSet$$Lambda/0x00007fa788334a60
3978:             1             24  com.codahale.metrics.jvm.MemoryUsageGaugeSet$$Lambda/0x00007fa788334c78
3979:             1             24  com.codahale.metrics.jvm.MemoryUsageGaugeSet$$Lambda/0x00007fa788334e90
3980:             1             24  com.codahale.metrics.jvm.MemoryUsageGaugeSet$$Lambda/0x00007fa7883350a8
3981:             1             24  com.codahale.metrics.jvm.MemoryUsageGaugeSet$$Lambda/0x00007fa7883352c0
3982:             1             24  com.codahale.metrics.jvm.MemoryUsageGaugeSet$$Lambda/0x00007fa7883354d8
3983:             1             24  com.codahale.metrics.jvm.MemoryUsageGaugeSet$$Lambda/0x00007fa7883356f0
3984:             1             24  com.codahale.metrics.jvm.MemoryUsageGaugeSet$$Lambda/0x00007fa788335d60
3985:             1             24  com.codahale.metrics.jvm.MemoryUsageGaugeSet$$Lambda/0x00007fa788335f78
3986:             1             24  com.codahale.metrics.jvm.MemoryUsageGaugeSet$$Lambda/0x00007fa788336190
3987:             1             24  com.codahale.metrics.jvm.MemoryUsageGaugeSet$$Lambda/0x00007fa7883363a8
3988:             1             24  com.codahale.metrics.jvm.MemoryUsageGaugeSet$1
3989:             1             24  com.codahale.metrics.jvm.MemoryUsageGaugeSet$2
3990:             1             24  com.codahale.metrics.jvm.ThreadDeadlockDetector
3991:             1             24  com.cronutils.descriptor.CronDescriptor
3992:             1             24  com.cronutils.mapper.WeekDay
3993:             1             24  com.cronutils.model.definition.CronConstraintsFactory$2
3994:             1             24  com.fasterxml.jackson.annotation.JsonFormat$Features
3995:             1             24  com.fasterxml.jackson.annotation.JsonIgnoreProperties$Value
3996:             1             24  com.fasterxml.jackson.annotation.JsonIncludeProperties$Value
3997:             1             24  com.fasterxml.jackson.core.ErrorReportConfiguration
3998:             1             24  com.fasterxml.jackson.databind.cfg.DefaultCacheProvider
3999:             1             24  com.fasterxml.jackson.databind.deser.impl.JDKValueInstantiators$ArrayListInstantiator
4000:             1             24  com.fasterxml.jackson.databind.deser.impl.JDKValueInstantiators$HashSetInstantiator
4001:             1             24  com.fasterxml.jackson.databind.deser.impl.JDKValueInstantiators$LinkedHashMapInstantiator
4002:             1             24  com.fasterxml.jackson.databind.ext.Java7HandlersImpl
4003:             1             24  com.fasterxml.jackson.databind.ext.Java7SupportImpl
4004:             1             24  com.fasterxml.jackson.databind.introspect.AnnotationCollector$EmptyCollector
4005:             1             24  com.fasterxml.jackson.databind.introspect.JacksonAnnotationIntrospector
4006:             1             24  com.fasterxml.jackson.databind.jsontype.impl.SubTypeValidator
4007:             1             24  com.fasterxml.jackson.databind.module.SimpleKeyDeserializers
4008:             1             24  com.fasterxml.jackson.databind.node.TextNode
4009:             1             24  com.fasterxml.jackson.databind.ser.impl.UnknownSerializer
4010:             1             24  com.fasterxml.jackson.databind.ser.std.NullSerializer
4011:             1             24  com.fasterxml.jackson.databind.ser.std.StringSerializer
4012:             1             24  com.fasterxml.jackson.databind.type.TypeParser
4013:             1             24  com.fasterxml.jackson.module.kotlin.ReflectionCache$BooleanTriState$Empty
4014:             1             24  com.fasterxml.jackson.module.kotlin.ReflectionCache$BooleanTriState$False
4015:             1             24  com.fasterxml.jackson.module.kotlin.ReflectionCache$BooleanTriState$True
4016:             1             24  com.github.benmanes.caffeine.cache.BoundedLocalCache$KeySetView
4017:             1             24  com.github.benmanes.caffeine.cache.LocalLoadingCache$$Lambda/0x00007fa78855bd80
4018:             1             24  com.google.common.base.CharMatcher$None
4019:             1             24  com.google.common.base.CharMatcher$Whitespace
4020:             1             24  com.google.common.base.Splitter$1
4021:             1             24  com.google.common.base.Suppliers$SupplierOfInstance
4022:             1             24  com.google.common.cache.CacheLoader$FunctionToCacheLoader
4023:             1             24  com.google.common.collect.AbstractMapBasedMultimap$AsMap$AsMapEntries
4024:             1             24  com.google.common.collect.AbstractMultimap$Values
4025:             1             24  com.google.common.collect.ImmutableSet$EmptySetBuilderImpl
4026:             1             24  com.google.common.collect.Maps$Values
4027:             1             24  com.google.inject.internal.$Proxy12
4028:             1             24  com.google.inject.internal.Messages$1
4029:             1             24  com.google.inject.internal.Messages$2
4030:             1             24  com.google.inject.internal.Messages$3
4031:             1             24  com.google.inject.internal.SingleMethodInjector$1
4032:             1             24  com.google.inject.internal.aop.GeneratedClassDefiner
4033:             1             24  com.google.inject.matcher.Matchers$SubclassesOf
4034:             1             24  com.google.protobuf.ExtensionRegistryLite
4035:             1             24  com.google.protobuf.TextFormat$Printer
4036:             1             24  com.google.protobuf.TypeRegistry
4037:             1             24  com.google.protobuf.UnknownFieldSet
4038:             1             24  com.google.protobuf.UnsafeUtil$JvmMemoryAccessor
4039:             1             24  com.sun.jmx.mbeanserver.DescriptorCache (java.management@21.0.6)
4040:             1             24  com.sun.jmx.mbeanserver.MBeanInstantiator (java.management@21.0.6)
4041:             1             24  com.sun.jmx.mbeanserver.MXBeanIntrospector (java.management@21.0.6)
4042:             1             24  com.sun.jmx.mbeanserver.SecureClassLoaderRepository (java.management@21.0.6)
4043:             1             24  com.sun.management.internal.HotSpotThreadImpl (jdk.management@21.0.6)
4044:             1             24  com.sun.management.internal.PlatformMBeanProviderImpl$1 (jdk.management@21.0.6)
4045:             1             24  com.sun.management.internal.PlatformMBeanProviderImpl$3 (jdk.management@21.0.6)
4046:             1             24  com.sun.management.internal.PlatformMBeanProviderImpl$4 (jdk.management@21.0.6)
4047:             1             24  com.sun.proxy.jdk.proxy1.$Proxy28 (jdk.proxy1)
4048:             1             24  io.grpc.CompressorRegistry
4049:             1             24  io.grpc.ConfiguratorRegistry
4050:             1             24  io.grpc.InternalMethodDescriptor
4051:             1             24  io.grpc.internal.TransportTracer$Factory
4052:             1             24  io.netty.channel.DefaultMessageSizeEstimator
4053:             1             24  io.netty.handler.codec.http.HttpMethod$EnumNameMap
4054:             1             24  io.netty.util.concurrent.DefaultPromise$CauseHolder
4055:             1             24  io.netty.util.concurrent.GlobalEventExecutor$1
4056:             1             24  io.netty.util.concurrent.GlobalEventExecutor$TaskRunner
4057:             1             24  io.perfmark.Link
4058:             1             24  io.undertow.security.impl.CachedAuthenticatedSessionMechanism
4059:             1             24  io.undertow.server.handlers.DisableCacheHandler
4060:             1             24  io.undertow.server.handlers.HttpContinueReadHandler
4061:             1             24  io.undertow.server.protocol.ParseTimeoutUpdater$1
4062:             1             24  io.undertow.server.session.PathParameterSessionConfig
4063:             1             24  io.undertow.server.session.SecureRandomSessionIdGenerator
4064:             1             24  io.undertow.server.session.SessionListeners
4065:             1             24  io.undertow.servlet.api.LoggingExceptionHandler
4066:             1             24  io.undertow.servlet.core.ContextClassLoaderSetupAction
4067:             1             24  io.undertow.servlet.core.InMemorySessionManagerFactory
4068:             1             24  io.undertow.servlet.core.SessionListenerBridge$1
4069:             1             24  io.undertow.servlet.handlers.SendErrorPageHandler
4070:             1             24  io.undertow.servlet.handlers.ServletInitialHandler$1
4071:             1             24  io.undertow.servlet.handlers.ServletInitialHandler$2
4072:             1             24  io.undertow.servlet.handlers.security.CachedAuthenticatedSessionHandler$SecurityNotificationReceiver
4073:             1             24  io.undertow.servlet.handlers.security.CachedAuthenticatedSessionHandler$ServletAuthenticatedSessionManager
4074:             1             24  io.undertow.servlet.handlers.security.SSLInformationAssociationHandler
4075:             1             24  io.undertow.servlet.handlers.security.ServletAuthenticationCallHandler
4076:             1             24  io.undertow.servlet.spec.ServletContextImpl$1
4077:             1             24  io.undertow.servlet.spec.ServletContextImpl$2
4078:             1             24  io.undertow.servlet.spec.ServletContextImpl$3
4079:             1             24  io.undertow.servlet.spec.ServletContextImpl$4
4080:             1             24  io.undertow.servlet.spec.ServletContextImpl$5
4081:             1             24  io.undertow.servlet.util.ImmediateInstanceHandle
4082:             1             24  io.undertow.util.HeaderTokenParser
4083:             1             24  io.undertow.util.MimeMappings
4084:             1             24  java.io.UnixFileSystem (java.base@21.0.6)
4085:             1             24  java.lang.ProcessHandleImpl$$Lambda/0x00007fa7883fc340 (java.base@21.0.6)
4086:             1             24  java.lang.management.DefaultPlatformMBeanProvider$1 (java.management@21.0.6)
4087:             1             24  java.lang.management.DefaultPlatformMBeanProvider$10 (java.management@21.0.6)
4088:             1             24  java.lang.management.DefaultPlatformMBeanProvider$2 (java.management@21.0.6)
4089:             1             24  java.lang.management.DefaultPlatformMBeanProvider$3 (java.management@21.0.6)
4090:             1             24  java.lang.management.DefaultPlatformMBeanProvider$5 (java.management@21.0.6)
4091:             1             24  java.lang.management.DefaultPlatformMBeanProvider$6 (java.management@21.0.6)
4092:             1             24  java.lang.management.DefaultPlatformMBeanProvider$7 (java.management@21.0.6)
4093:             1             24  java.lang.management.DefaultPlatformMBeanProvider$9 (java.management@21.0.6)
4094:             1             24  java.lang.ref.Cleaner (java.base@21.0.6)
4095:             1             24  java.net.SocketPermissionCollection (java.base@21.0.6)
4096:             1             24  java.security.AllPermission (java.base@21.0.6)
4097:             1             24  java.security.Policy$PolicyInfo (java.base@21.0.6)
4098:             1             24  java.security.Policy$UnsupportedEmptyCollection (java.base@21.0.6)
4099:             1             24  java.security.ProtectionDomain$JavaSecurityAccessImpl$1 (java.base@21.0.6)
4100:             1             24  java.text.MessageFormat$Field (java.base@21.0.6)
4101:             1             24  java.time.Clock$SystemClock (java.base@21.0.6)
4102:             1             24  java.time.Period (java.base@21.0.6)
4103:             1             24  java.time.format.DecimalStyle (java.base@21.0.6)
4104:             1             24  java.util.Comparator$$Lambda/0x00007fa788076560 (java.base@21.0.6)
4105:             1             24  java.util.EnumMap$Values (java.base@21.0.6)
4106:             1             24  java.util.IdentityHashMap$EntrySet (java.base@21.0.6)
4107:             1             24  java.util.IdentityHashMap$Values (java.base@21.0.6)
4108:             1             24  java.util.Locale$Builder (java.base@21.0.6)
4109:             1             24  java.util.PropertyPermissionCollection (java.base@21.0.6)
4110:             1             24  java.util.concurrent.CompletableFuture$AltResult (java.base@21.0.6)
4111:             1             24  java.util.concurrent.ConcurrentSkipListSet (java.base@21.0.6)
4112:             1             24  java.util.concurrent.CopyOnWriteArrayList$COWIterator (java.base@21.0.6)
4113:             1             24  java.util.logging.LogManager$VisitedLoggers (java.logging@21.0.6)
4114:             1             24  java.util.regex.CharPredicates$$Lambda/0x00007fa788573e90 (java.base@21.0.6)
4115:             1             24  java.util.regex.Pattern$LastNode (java.base@21.0.6)
4116:             1             24  java.util.regex.Pattern$LookBehindEndNode (java.base@21.0.6)
4117:             1             24  java.util.regex.Pattern$Node (java.base@21.0.6)
4118:             1             24  jdk.internal.icu.impl.Norm2AllModes$ComposeNormalizer2 (java.base@21.0.6)
4119:             1             24  jdk.internal.icu.impl.Norm2AllModes$DecomposeNormalizer2 (java.base@21.0.6)
4120:             1             24  jdk.internal.icu.text.NormalizerBase$ModeImpl (java.base@21.0.6)
4121:             1             24  jdk.internal.icu.util.CodePointTrie$Data16 (java.base@21.0.6)
4122:             1             24  jdk.internal.jimage.ImageReader (java.base@21.0.6)
4123:             1             24  jdk.internal.jimage.ImageStringsReader (java.base@21.0.6)
4124:             1             24  jdk.internal.jimage.decompressor.Decompressor (java.base@21.0.6)
4125:             1             24  jdk.internal.logger.BootstrapLogger$RedirectedLoggers (java.base@21.0.6)
4126:             1             24  jdk.internal.logger.LazyLoggers$LazyLoggerFactories (java.base@21.0.6)
4127:             1             24  jdk.internal.misc.ThreadTracker (java.base@21.0.6)
4128:             1             24  jdk.internal.module.ModulePatcher (java.base@21.0.6)
4129:             1             24  jdk.internal.module.ModuleTarget (java.base@21.0.6)
4130:             1             24  jdk.internal.reflect.ReflectionFactory (java.base@21.0.6)
4131:             1             24  jdk.internal.util.ReferencedKeySet (java.base@21.0.6)
4132:             1             24  jdk.proxy2.$Proxy19 (jdk.proxy2)
4133:             1             24  jdk.proxy2.$Proxy20 (jdk.proxy2)
4134:             1             24  jdk.proxy2.$Proxy30 (jdk.proxy2)
4135:             1             24  jdk.proxy2.$Proxy31 (jdk.proxy2)
4136:             1             24  jdk.proxy2.$Proxy33 (jdk.proxy2)
4137:             1             24  jdk.proxy2.$Proxy35 (jdk.proxy2)
4138:             1             24  jdk.proxy2.$Proxy38 (jdk.proxy2)
4139:             1             24  jdk.proxy2.$Proxy39 (jdk.proxy2)
4140:             1             24  jdk.proxy2.$Proxy40 (jdk.proxy2)
4141:             1             24  jdk.proxy2.$Proxy42 (jdk.proxy2)
4142:             1             24  jdk.proxy2.$Proxy43 (jdk.proxy2)
4143:             1             24  jdk.proxy2.$Proxy44 (jdk.proxy2)
4144:             1             24  jdk.proxy2.$Proxy45 (jdk.proxy2)
4145:             1             24  jdk.proxy2.$Proxy46 (jdk.proxy2)
4146:             1             24  jdk.proxy2.$Proxy56 (jdk.proxy2)
4147:             1             24  jdk.proxy2.$Proxy60 (jdk.proxy2)
4148:             1             24  jdk.proxy2.$Proxy61 (jdk.proxy2)
4149:             1             24  jdk.proxy2.$Proxy62 (jdk.proxy2)
4150:             1             24  jdk.proxy2.$Proxy67 (jdk.proxy2)
4151:             1             24  jdk.proxy2.$Proxy68 (jdk.proxy2)
4152:             1             24  jdk.proxy2.$Proxy69 (jdk.proxy2)
4153:             1             24  jdk.proxy2.$Proxy71 (jdk.proxy2)
4154:             1             24  jdk.proxy2.$Proxy72 (jdk.proxy2)
4155:             1             24  kotlin.InitializedLazyImpl
4156:             1             24  kotlin.Result$Failure
4157:             1             24  kotlin.ranges.IntRange
4158:             1             24  kotlin.reflect.jvm.internal.KPackageImpl$$Lambda$0
4159:             1             24  kotlin.reflect.jvm.internal.impl.builtins.ReflectionTypes$$Lambda$0
4160:             1             24  kotlin.reflect.jvm.internal.impl.builtins.jvm.JvmBuiltIns$$Lambda$2
4161:             1             24  kotlin.reflect.jvm.internal.impl.builtins.jvm.JvmBuiltIns$Settings
4162:             1             24  kotlin.reflect.jvm.internal.impl.builtins.jvm.JvmBuiltInsCustomizer$$Lambda$1
4163:             1             24  kotlin.reflect.jvm.internal.impl.builtins.jvm.JvmBuiltInsCustomizer$$Lambda$2
4164:             1             24  kotlin.reflect.jvm.internal.impl.builtins.jvm.JvmBuiltInsCustomizer$$Lambda$3
4165:             1             24  kotlin.reflect.jvm.internal.impl.descriptors.DescriptorVisibilities$1
4166:             1             24  kotlin.reflect.jvm.internal.impl.descriptors.DescriptorVisibilities$2
4167:             1             24  kotlin.reflect.jvm.internal.impl.descriptors.DescriptorVisibilities$3
4168:             1             24  kotlin.reflect.jvm.internal.impl.descriptors.DescriptorVisibilities$4
4169:             1             24  kotlin.reflect.jvm.internal.impl.descriptors.DescriptorVisibilities$5
4170:             1             24  kotlin.reflect.jvm.internal.impl.descriptors.DescriptorVisibilities$6
4171:             1             24  kotlin.reflect.jvm.internal.impl.descriptors.DescriptorVisibilities$7
4172:             1             24  kotlin.reflect.jvm.internal.impl.descriptors.DescriptorVisibilities$8
4173:             1             24  kotlin.reflect.jvm.internal.impl.descriptors.DescriptorVisibilities$9
4174:             1             24  kotlin.reflect.jvm.internal.impl.descriptors.PackageFragmentProviderImpl
4175:             1             24  kotlin.reflect.jvm.internal.impl.descriptors.Visibilities$Inherited
4176:             1             24  kotlin.reflect.jvm.internal.impl.descriptors.Visibilities$Internal
4177:             1             24  kotlin.reflect.jvm.internal.impl.descriptors.Visibilities$InvisibleFake
4178:             1             24  kotlin.reflect.jvm.internal.impl.descriptors.Visibilities$Local
4179:             1             24  kotlin.reflect.jvm.internal.impl.descriptors.Visibilities$Private
4180:             1             24  kotlin.reflect.jvm.internal.impl.descriptors.Visibilities$PrivateToThis
4181:             1             24  kotlin.reflect.jvm.internal.impl.descriptors.Visibilities$Protected
4182:             1             24  kotlin.reflect.jvm.internal.impl.descriptors.Visibilities$Public
4183:             1             24  kotlin.reflect.jvm.internal.impl.descriptors.Visibilities$Unknown
4184:             1             24  kotlin.reflect.jvm.internal.impl.descriptors.annotations.AnnotationUtilKt$$Lambda$0
4185:             1             24  kotlin.reflect.jvm.internal.impl.descriptors.annotations.AnnotationsImpl
4186:             1             24  kotlin.reflect.jvm.internal.impl.descriptors.java.JavaVisibilities$PackageVisibility
4187:             1             24  kotlin.reflect.jvm.internal.impl.descriptors.java.JavaVisibilities$ProtectedAndPackage
4188:             1             24  kotlin.reflect.jvm.internal.impl.descriptors.java.JavaVisibilities$ProtectedStaticVisibility
4189:             1             24  kotlin.reflect.jvm.internal.impl.descriptors.runtime.components.ReflectJavaClassFinder
4190:             1             24  kotlin.reflect.jvm.internal.impl.load.java.JavaDescriptorVisibilities$1
4191:             1             24  kotlin.reflect.jvm.internal.impl.load.java.JavaDescriptorVisibilities$2
4192:             1             24  kotlin.reflect.jvm.internal.impl.load.java.JavaDescriptorVisibilities$3
4193:             1             24  kotlin.reflect.jvm.internal.impl.load.java.Jsr305Settings$$Lambda$0
4194:             1             24  kotlin.reflect.jvm.internal.impl.load.java.components.JavaRetentionAnnotationDescriptor$$Lambda$0
4195:             1             24  kotlin.reflect.jvm.internal.impl.load.java.components.JavaTargetAnnotationDescriptor$$Lambda$0
4196:             1             24  kotlin.reflect.jvm.internal.impl.load.java.lazy.SingleModuleClassResolver
4197:             1             24  kotlin.reflect.jvm.internal.impl.load.java.lazy.descriptors.LazyJavaAnnotationDescriptor$$Lambda$0
4198:             1             24  kotlin.reflect.jvm.internal.impl.load.java.lazy.descriptors.LazyJavaAnnotationDescriptor$$Lambda$1
4199:             1             24  kotlin.reflect.jvm.internal.impl.load.java.lazy.descriptors.LazyJavaAnnotationDescriptor$$Lambda$2
4200:             1             24  kotlin.reflect.jvm.internal.impl.load.java.typeEnhancement.JavaTypeEnhancement
4201:             1             24  kotlin.reflect.jvm.internal.impl.load.java.typeEnhancement.SignatureEnhancement
4202:             1             24  kotlin.reflect.jvm.internal.impl.load.kotlin.AbstractBinaryClassAnnotationAndConstantLoader$$Lambda$0
4203:             1             24  kotlin.reflect.jvm.internal.impl.load.kotlin.DeserializedDescriptorResolver
4204:             1             24  kotlin.reflect.jvm.internal.impl.metadata.deserialization.VersionRequirementTable
4205:             1             24  kotlin.reflect.jvm.internal.impl.resolve.constants.AnnotationValue
4206:             1             24  kotlin.reflect.jvm.internal.impl.resolve.constants.TypedArrayValue$$Lambda$0
4207:             1             24  kotlin.reflect.jvm.internal.impl.resolve.jvm.CompositeSyntheticJavaPartsProvider
4208:             1             24  kotlin.reflect.jvm.internal.impl.serialization.deserialization.AbstractDeserializedPackageFragmentProvider$$Lambda$0
4209:             1             24  kotlin.reflect.jvm.internal.impl.serialization.deserialization.builtins.BuiltInsLoaderImpl
4210:             1             24  kotlin.reflect.jvm.internal.impl.types.error.ErrorPropertyDescriptor
4211:             1             24  kotlin.reflect.jvm.internal.impl.util.MemberKindCheck$Member
4212:             1             24  kotlin.reflect.jvm.internal.impl.util.MemberKindCheck$MemberOrExtension
4213:             1             24  kotlin.reflect.jvm.internal.impl.util.ValueParameterCountCheck$Equals
4214:             1             24  kotlin.reflect.jvm.internal.impl.util.ValueParameterCountCheck$NoValueParameters
4215:             1             24  kotlin.reflect.jvm.internal.impl.util.ValueParameterCountCheck$SingleValueParameter
4216:             1             24  kotlinx.coroutines.Unconfined
4217:             1             24  kotlinx.coroutines.internal.ResizableAtomicArray
4218:             1             24  net.engio.mbassy.bus.AbstractSyncAsyncMessageBus$1
4219:             1             24  net.engio.mbassy.bus.config.Feature$AsynchronousHandlerInvocation$1
4220:             1             24  net.engio.mbassy.bus.config.Feature$AsynchronousMessageDispatch$1
4221:             1             24  net.engio.mbassy.listener.MetadataReader
4222:             1             24  org.apache.commons.collections4.queue.UnmodifiableQueue
4223:             1             24  org.bouncycastle.asn1.DLSequence
4224:             1             24  org.bouncycastle.crypto.CryptoServicesRegistrar$ThreadLocalSecureRandomProvider
4225:             1             24  org.bouncycastle.jcajce.provider.asymmetric.EXTERNAL$ExternalKeyInfoConverter
4226:             1             24  org.bouncycastle.jcajce.provider.drbg.EntropyDaemon
4227:             1             24  org.bouncycastle.jcajce.util.ProviderJcaJceHelper
4228:             1             24  org.glassfish.hk2.utilities.reflection.Logger
4229:             1             24  org.glassfish.hk2.utilities.reflection.internal.ClassReflectionHelperImpl$1
4230:             1             24  org.glassfish.hk2.utilities.reflection.internal.ClassReflectionHelperImpl$2
4231:             1             24  org.glassfish.hk2.utilities.reflection.internal.ClassReflectionHelperImpl$3
4232:             1             24  org.glassfish.hk2.utilities.reflection.internal.ClassReflectionHelperImpl$4
4233:             1             24  org.glassfish.jersey.inject.hk2.AbstractHk2InjectionManager$$Lambda/0x00007fa78883d180
4234:             1             24  org.glassfish.jersey.inject.hk2.ContextInjectionResolverImpl$$Lambda/0x00007fa7886ac2f8
4235:             1             24  org.glassfish.jersey.inject.hk2.ContextInjectionResolverImpl$$Lambda/0x00007fa7886ac778
4236:             1             24  org.glassfish.jersey.inject.hk2.ContextInjectionResolverImpl$3
4237:             1             24  org.glassfish.jersey.inject.hk2.Hk2RequestScope
4238:             1             24  org.glassfish.jersey.inject.hk2.ImmediateHk2InjectionManager
4239:             1             24  org.glassfish.jersey.inject.hk2.JerseyClassAnalyzer$$Lambda/0x00007fa7886a3d38
4240:             1             24  org.glassfish.jersey.inject.hk2.JerseyClassAnalyzer$Binder$$Lambda/0x00007fa7886a38e8
4241:             1             24  org.glassfish.jersey.inject.hk2.RequestContext
4242:             1             24  org.glassfish.jersey.internal.ExceptionMapperFactory
4243:             1             24  org.glassfish.jersey.internal.config.SystemPropertiesConfigurationProvider
4244:             1             24  org.glassfish.jersey.internal.inject.ParamConverterFactory
4245:             1             24  org.glassfish.jersey.internal.inject.ParamConverters$AggregatedProvider
4246:             1             24  org.glassfish.jersey.internal.inject.ParamConverters$OptionalCustomProvider
4247:             1             24  org.glassfish.jersey.jackson.JacksonFeature
4248:             1             24  org.glassfish.jersey.media.multipart.internal.MultiPartWriter
4249:             1             24  org.glassfish.jersey.message.internal.FormMultivaluedMapProvider
4250:             1             24  org.glassfish.jersey.message.internal.SourceProvider$DomSourceReader
4251:             1             24  org.glassfish.jersey.message.internal.SourceProvider$SaxSourceReader
4252:             1             24  org.glassfish.jersey.model.Parameter$ParameterService$1
4253:             1             24  org.glassfish.jersey.model.Parameter$ParameterService$10
4254:             1             24  org.glassfish.jersey.model.Parameter$ParameterService$2
4255:             1             24  org.glassfish.jersey.model.Parameter$ParameterService$3
4256:             1             24  org.glassfish.jersey.model.Parameter$ParameterService$4
4257:             1             24  org.glassfish.jersey.model.Parameter$ParameterService$5
4258:             1             24  org.glassfish.jersey.model.Parameter$ParameterService$6
4259:             1             24  org.glassfish.jersey.model.Parameter$ParameterService$7
4260:             1             24  org.glassfish.jersey.model.Parameter$ParameterService$8
4261:             1             24  org.glassfish.jersey.model.Parameter$ParameterService$9
4262:             1             24  org.glassfish.jersey.model.internal.CommonConfig$$Lambda/0x00007fa788664958
4263:             1             24  org.glassfish.jersey.model.internal.ComponentBag$$Lambda/0x00007fa788665d28
4264:             1             24  org.glassfish.jersey.model.internal.RankedComparator
4265:             1             24  org.glassfish.jersey.process.JerseyProcessingUncaughtExceptionHandler
4266:             1             24  org.glassfish.jersey.process.internal.AbstractExecutorProvidersConfigurator$$Lambda/0x00007fa78872cd58
4267:             1             24  org.glassfish.jersey.process.internal.AbstractExecutorProvidersConfigurator$$Lambda/0x00007fa78872cf90
4268:             1             24  org.glassfish.jersey.process.internal.ExecutorProviders$ExecutorServiceSupplier
4269:             1             24  org.glassfish.jersey.process.internal.ExecutorProviders$ScheduledExecutorServiceSupplier
4270:             1             24  org.glassfish.jersey.process.internal.Stages$1
4271:             1             24  org.glassfish.jersey.server.ApplicationHandler$$Lambda/0x00007fa788748aa8
4272:             1             24  org.glassfish.jersey.server.ComponentProviderConfigurator$$Lambda/0x00007fa7886ca178
4273:             1             24  org.glassfish.jersey.server.JerseyResourceContextConfigurator$$Lambda/0x00007fa7886c9688
4274:             1             24  org.glassfish.jersey.server.JerseyResourceContextConfigurator$$Lambda/0x00007fa7886c98b0
4275:             1             24  org.glassfish.jersey.server.JerseyResourceContextConfigurator$$Lambda/0x00007fa7886c9ae8
4276:             1             24  org.glassfish.jersey.server.ModelProcessorConfigurator$$Lambda/0x00007fa788717ba8
4277:             1             24  org.glassfish.jersey.server.ServerRuntime$$Lambda/0x00007fa78874aa40
4278:             1             24  org.glassfish.jersey.server.internal.JsonWithPaddingInterceptor
4279:             1             24  org.glassfish.jersey.server.internal.inject.AsyncResponseValueParamProvider
4280:             1             24  org.glassfish.jersey.server.internal.inject.DelegatedInjectionValueParamProvider$$Lambda/0x00007fa7886c8920
4281:             1             24  org.glassfish.jersey.server.internal.inject.FormParamValueParamProvider$MultipartFormParamValueProvider$$Lambda/0x00007fa7886c6820
4282:             1             24  org.glassfish.jersey.server.internal.inject.HeaderParamValueParamProvider$HeaderParamValueProvider
4283:             1             24  org.glassfish.jersey.server.internal.inject.MultivaluedParameterExtractorFactory
4284:             1             24  org.glassfish.jersey.server.internal.inject.ParamExtractorConfigurator$$Lambda/0x00007fa7886bcfd8
4285:             1             24  org.glassfish.jersey.server.internal.inject.PathParamValueParamProvider$PathParamValueProvider
4286:             1             24  org.glassfish.jersey.server.internal.inject.QueryParamValueParamProvider$QueryParamValueProvider
4287:             1             24  org.glassfish.jersey.server.internal.inject.ValueParamProviderConfigurator$$Lambda/0x00007fa7886bd860
4288:             1             24  org.glassfish.jersey.server.internal.inject.ValueParamProviderConfigurator$$Lambda/0x00007fa7886bda78
4289:             1             24  org.glassfish.jersey.server.internal.inject.ValueParamProviderConfigurator$$Lambda/0x00007fa7886bdca8
4290:             1             24  org.glassfish.jersey.server.internal.inject.ValueParamProviderConfigurator$$Lambda/0x00007fa7886bdec0
4291:             1             24  org.glassfish.jersey.server.internal.inject.ValueParamProviderConfigurator$$Lambda/0x00007fa7886c7770
4292:             1             24  org.glassfish.jersey.server.internal.inject.ValueParamProviderConfigurator$$Lambda/0x00007fa7886c86e8
4293:             1             24  org.glassfish.jersey.server.internal.inject.ValueParamProviderConfigurator$$Lambda/0x00007fa7886c8fe0
4294:             1             24  org.glassfish.jersey.server.internal.routing.MatchResultInitializerRouter
4295:             1             24  org.glassfish.jersey.server.model.Parameter$ServerParameterService$1
4296:             1             24  org.glassfish.jersey.server.model.Parameter$ServerParameterService$2
4297:             1             24  org.glassfish.jersey.server.model.ResourceModel$1
4298:             1             24  org.glassfish.jersey.server.model.RuntimeResourceModel
4299:             1             24  org.glassfish.jersey.server.model.internal.JavaResourceMethodDispatcherProvider
4300:             1             24  org.glassfish.jersey.server.model.internal.ResourceMethodDispatcherFactory
4301:             1             24  org.glassfish.jersey.server.model.internal.ResourceMethodInvocationHandlerFactory
4302:             1             24  org.glassfish.jersey.server.model.internal.ResourceMethodInvocationHandlerFactory$$Lambda/0x00007fa788735a10
4303:             1             24  org.glassfish.jersey.server.model.internal.ResourceMethodInvokerConfigurator$$Lambda/0x00007fa7887381f0
4304:             1             24  org.glassfish.jersey.server.model.internal.VoidVoidDispatcherProvider
4305:             1             24  org.glassfish.jersey.server.wadl.internal.generators.WadlGeneratorJAXBGrammarGenerator$1
4306:             1             24  org.glassfish.jersey.server.wadl.processor.OptionsMethodProcessor
4307:             1             24  org.glassfish.jersey.servlet.WebComponent$WebComponentBinder$$Lambda/0x00007fa7886b15b8
4308:             1             24  org.glassfish.jersey.servlet.WebComponent$WebComponentBinder$$Lambda/0x00007fa7886b1bf0
4309:             1             24  org.glassfish.jersey.servlet.WebComponent$WebComponentBinder$$Lambda/0x00007fa7886b1e08
4310:             1             24  org.glassfish.jersey.servlet.WebServletConfig
4311:             1             24  org.jboss.logging.Slf4jLoggerProvider
4312:             1             24  org.jboss.threads.EnhancedQueueExecutor$MXBeanImpl
4313:             1             24  org.jboss.threads.EnhancedQueueExecutor$TreeSetQueue
4314:             1             24  org.jboss.threads.LoggingUncaughtExceptionHandler
4315:             1             24  org.jboss.threads.RejectingExecutor
4316:             1             24  org.jvnet.hk2.internal.DefaultClassAnalyzer
4317:             1             24  org.jvnet.hk2.internal.InstantiationServiceImpl
4318:             1             24  org.jvnet.hk2.internal.ServiceHandleComparator
4319:             1             24  org.jvnet.hk2.internal.ServiceLocatorImpl$10
4320:             1             24  org.jvnet.hk2.internal.ServiceLocatorImpl$3
4321:             1             24  org.jvnet.hk2.internal.ServiceLocatorImpl$4
4322:             1             24  org.jvnet.hk2.internal.ServiceLocatorImpl$8
4323:             1             24  org.jvnet.hk2.internal.ServiceLocatorRuntimeImpl
4324:             1             24  org.jvnet.hk2.internal.SingletonContext$1
4325:             1             24  org.jvnet.hk2.internal.SingletonContext$2
4326:             1             24  org.jvnet.hk2.internal.ThreeThirtyResolver
4327:             1             24  org.reflections.util.FilterBuilder
4328:             1             24  org.reflections.util.FilterBuilder$Exclude
4329:             1             24  org.slf4j.helpers.BasicMDCAdapter$1
4330:             1             24  org.wildfly.common.net.CidrAddressTable
4331:             1             24  org.xnio.IoUtils$1
4332:             1             24  org.xnio.IoUtils$2
4333:             1             24  org.xnio.IoUtils$3
4334:             1             24  org.xnio.LocalSocketAddress
4335:             1             24  org.xnio.XnioWorker$1
4336:             1             24  org.xnio.XnioWorker$EnhancedQueueExecutorTaskPool
4337:             1             24  org.xnio.conduits.ReadReadyHandler$ChannelListenerHandler
4338:             1             24  org.xnio.conduits.WriteReadyHandler$ChannelListenerHandler
4339:             1             24  org.xnio.nio.NioXnio$3
4340:             1             24  org.xnio.nio.NioXnio$4
4341:             1             24  org.xnio.nio.NioXnio$DefaultSelectorCreator
4342:             1             24  org.yaml.snakeyaml.external.com.google.gdata.util.common.base.PercentEscaper
4343:             1             24  sun.management.ClassLoadingImpl (java.management@21.0.6)
4344:             1             24  sun.nio.ch.NioSocketImpl$$Lambda/0x00007fa7883e2968 (java.base@21.0.6)
4345:             1             24  sun.nio.ch.NioSocketImpl$1 (java.base@21.0.6)
4346:             1             24  sun.nio.ch.NioSocketImpl$2 (java.base@21.0.6)
4347:             1             24  sun.nio.fs.LinuxFileSystemProvider (java.base@21.0.6)
4348:             1             24  sun.reflect.annotation.TypeAnnotation$LocationInfo (java.base@21.0.6)
4349:             1             24  sun.reflect.generics.tree.ArrayTypeSignature (java.base@21.0.6)
4350:             1             24  sun.security.jca.ProviderConfig$ProviderLoader (java.base@21.0.6)
4351:             1             24  sun.security.provider.AbstractDrbg$SeederHolder$$Lambda/0x00007fa7883d8338 (java.base@21.0.6)
4352:             1             24  sun.security.util.DisabledAlgorithmConstraints$Constraints (java.base@21.0.6)
4353:             1             24  sun.util.calendar.Gregorian (java.base@21.0.6)
4354:             1             16  [Lcom.fasterxml.jackson.databind.AbstractTypeResolver;
4355:             1             16  [Lcom.fasterxml.jackson.databind.deser.BeanDeserializerModifier;
4356:             1             16  [Lcom.fasterxml.jackson.databind.ser.BeanSerializerModifier;
4357:             1             16  [Lcom.fasterxml.jackson.databind.util.ClassUtil$Ctor;
4358:             1             16  [Lcom.google.inject.internal.util.StackTraceElements$InMemoryStackTraceElement;
4359:             1             16  [Lcom.google.inject.spi.ProvisionListener;
4360:             1             16  [Lio.grpc.StreamTracer;
4361:             1             16  [Lio.netty.util.DefaultAttributeMap$DefaultAttribute;
4362:             1             16  [Lio.undertow.servlet.core.ManagedListener;
4363:             1             16  [Ljava.io.File; (java.base@21.0.6)
4364:             1             16  [Ljava.lang.Thread; (java.base@21.0.6)
4365:             1             16  [Ljava.lang.management.LockInfo; (java.management@21.0.6)
4366:             1             16  [Ljava.lang.management.MonitorInfo; (java.management@21.0.6)
4367:             1             16  [Ljava.lang.reflect.AnnotatedType; (java.base@21.0.6)
4368:             1             16  [Ljava.nio.file.attribute.FileAttribute; (java.base@21.0.6)
4369:             1             16  [Ljava.security.Provider; (java.base@21.0.6)
4370:             1             16  [Ljava.security.cert.X509Certificate; (java.base@21.0.6)
4371:             1             16  [Ljava.text.FieldPosition; (java.base@21.0.6)
4372:             1             16  [Ljava.time.LocalDateTime; (java.base@21.0.6)
4373:             1             16  [Ljava.time.zone.ZoneOffsetTransitionRule; (java.base@21.0.6)
4374:             1             16  [Ljava.util.logging.Handler; (java.logging@21.0.6)
4375:             1             16  [Ljavax.security.cert.X509Certificate; (java.base@21.0.6)
4376:             1             16  [Lnet.engio.mbassy.listener.Filter;
4377:             1             16  [Lorg.bouncycastle.asn1.ASN1Encodable;
4378:             1             16  [Lorg.bouncycastle.math.ec.ECFieldElement;
4379:             1             16  [Lorg.bouncycastle.math.ec.ECPoint;
4380:             1             16  [Lorg.jboss.threads.EnhancedQueueExecutor$AbstractScheduledFuture;
4381:             1             16  [Lorg.wildfly.common.net.CidrAddressTable$Mapping;
4382:             1             16  [Lsun.reflect.annotation.TypeAnnotation$LocationInfo$Location; (java.base@21.0.6)
4383:             1             16  ch.qos.logback.classic.PatternLayout$$Lambda/0x00007fa788089ec0
4384:             1             16  ch.qos.logback.classic.PatternLayout$$Lambda/0x00007fa78808a0d0
4385:             1             16  ch.qos.logback.classic.PatternLayout$$Lambda/0x00007fa78808a5f0
4386:             1             16  ch.qos.logback.classic.PatternLayout$$Lambda/0x00007fa78808a800
4387:             1             16  ch.qos.logback.classic.PatternLayout$$Lambda/0x00007fa78808ad28
4388:             1             16  ch.qos.logback.classic.PatternLayout$$Lambda/0x00007fa78808af38
4389:             1             16  ch.qos.logback.classic.PatternLayout$$Lambda/0x00007fa78808b458
4390:             1             16  ch.qos.logback.classic.PatternLayout$$Lambda/0x00007fa78808b668
4391:             1             16  ch.qos.logback.classic.PatternLayout$$Lambda/0x00007fa78808b878
4392:             1             16  ch.qos.logback.classic.PatternLayout$$Lambda/0x00007fa78808bd98
4393:             1             16  ch.qos.logback.classic.PatternLayout$$Lambda/0x00007fa78808bfa8
4394:             1             16  ch.qos.logback.classic.PatternLayout$$Lambda/0x00007fa78808ca08
4395:             1             16  ch.qos.logback.classic.PatternLayout$$Lambda/0x00007fa78808cc18
4396:             1             16  ch.qos.logback.classic.PatternLayout$$Lambda/0x00007fa78808ce28
4397:             1             16  ch.qos.logback.classic.PatternLayout$$Lambda/0x00007fa78808d348
4398:             1             16  ch.qos.logback.classic.PatternLayout$$Lambda/0x00007fa78808d558
4399:             1             16  ch.qos.logback.classic.PatternLayout$$Lambda/0x00007fa78808d768
4400:             1             16  ch.qos.logback.classic.PatternLayout$$Lambda/0x00007fa78808dca8
4401:             1             16  ch.qos.logback.classic.PatternLayout$$Lambda/0x00007fa78808deb8
4402:             1             16  ch.qos.logback.classic.PatternLayout$$Lambda/0x00007fa78808e3d8
4403:             1             16  ch.qos.logback.classic.PatternLayout$$Lambda/0x00007fa78808e5e8
4404:             1             16  ch.qos.logback.classic.PatternLayout$$Lambda/0x00007fa78808eb08
4405:             1             16  ch.qos.logback.classic.PatternLayout$$Lambda/0x00007fa78808ed18
4406:             1             16  ch.qos.logback.classic.PatternLayout$$Lambda/0x00007fa78808f238
4407:             1             16  ch.qos.logback.classic.PatternLayout$$Lambda/0x00007fa78808f448
4408:             1             16  ch.qos.logback.classic.PatternLayout$$Lambda/0x00007fa78808f970
4409:             1             16  ch.qos.logback.classic.PatternLayout$$Lambda/0x00007fa78808fb80
4410:             1             16  ch.qos.logback.classic.PatternLayout$$Lambda/0x00007fa78808fd90
4411:             1             16  ch.qos.logback.classic.PatternLayout$$Lambda/0x00007fa788090000
4412:             1             16  ch.qos.logback.classic.PatternLayout$$Lambda/0x00007fa788090898
4413:             1             16  ch.qos.logback.classic.PatternLayout$$Lambda/0x00007fa788090aa8
4414:             1             16  ch.qos.logback.classic.PatternLayout$$Lambda/0x00007fa788090cb8
4415:             1             16  ch.qos.logback.classic.PatternLayout$$Lambda/0x00007fa788090ec8
4416:             1             16  ch.qos.logback.classic.PatternLayout$$Lambda/0x00007fa7880910d8
4417:             1             16  ch.qos.logback.classic.PatternLayout$$Lambda/0x00007fa7880912e8
4418:             1             16  ch.qos.logback.classic.PatternLayout$$Lambda/0x00007fa788091810
4419:             1             16  ch.qos.logback.classic.PatternLayout$$Lambda/0x00007fa788091a20
4420:             1             16  ch.qos.logback.classic.PatternLayout$$Lambda/0x00007fa788091f40
4421:             1             16  ch.qos.logback.classic.PatternLayout$$Lambda/0x00007fa788092150
4422:             1             16  ch.qos.logback.classic.PatternLayout$$Lambda/0x00007fa788092688
4423:             1             16  ch.qos.logback.classic.PatternLayout$$Lambda/0x00007fa788092ba8
4424:             1             16  ch.qos.logback.classic.PatternLayout$$Lambda/0x00007fa7880930c8
4425:             1             16  ch.qos.logback.classic.PatternLayout$$Lambda/0x00007fa7880935f0
4426:             1             16  ch.qos.logback.classic.PatternLayout$$Lambda/0x00007fa788093b08
4427:             1             16  ch.qos.logback.classic.PatternLayout$$Lambda/0x00007fa788094028
4428:             1             16  ch.qos.logback.classic.PatternLayout$$Lambda/0x00007fa788094888
4429:             1             16  ch.qos.logback.classic.PatternLayout$$Lambda/0x00007fa788094dc0
4430:             1             16  ch.qos.logback.classic.PatternLayout$$Lambda/0x00007fa7880952f8
4431:             1             16  ch.qos.logback.classic.PatternLayout$$Lambda/0x00007fa788095830
4432:             1             16  ch.qos.logback.classic.PatternLayout$$Lambda/0x00007fa788095d68
4433:             1             16  ch.qos.logback.classic.PatternLayout$$Lambda/0x00007fa7880962a0
4434:             1             16  ch.qos.logback.classic.PatternLayout$$Lambda/0x00007fa7880967d8
4435:             1             16  ch.qos.logback.classic.PatternLayout$$Lambda/0x00007fa788096d10
4436:             1             16  ch.qos.logback.classic.PatternLayout$$Lambda/0x00007fa788097248
4437:             1             16  ch.qos.logback.classic.PatternLayout$$Lambda/0x00007fa788097780
4438:             1             16  ch.qos.logback.classic.PatternLayout$$Lambda/0x00007fa788097cb8
4439:             1             16  ch.qos.logback.classic.PatternLayout$$Lambda/0x00007fa788098328
4440:             1             16  ch.qos.logback.classic.PatternLayout$$Lambda/0x00007fa788098860
4441:             1             16  ch.qos.logback.classic.PatternLayout$$Lambda/0x00007fa788098d98
4442:             1             16  ch.qos.logback.classic.PatternLayout$$Lambda/0x00007fa7880992d0
4443:             1             16  ch.qos.logback.classic.PatternLayout$$Lambda/0x00007fa788099808
4444:             1             16  ch.qos.logback.classic.PatternLayout$$Lambda/0x00007fa788099d48
4445:             1             16  ch.qos.logback.classic.PatternLayout$$Lambda/0x00007fa78809a268
4446:             1             16  ch.qos.logback.classic.PatternLayout$$Lambda/0x00007fa78809a788
4447:             1             16  ch.qos.logback.classic.PatternLayout$$Lambda/0x00007fa78809a998
4448:             1             16  ch.qos.logback.classic.PatternLayout$$Lambda/0x00007fa78809aed8
4449:             1             16  ch.qos.logback.core.joran.spi.ConsoleTarget$1
4450:             1             16  ch.qos.logback.core.joran.spi.ConsoleTarget$2
4451:             1             16  ch.qos.logback.core.pattern.parser.Parser$$Lambda/0x00007fa788089470
4452:             1             16  ch.qos.logback.core.pattern.parser.Parser$$Lambda/0x00007fa7880899a0
4453:             1             16  com.aerospike.client.Value$InfinityValue
4454:             1             16  com.aerospike.client.Value$NullValue
4455:             1             16  com.aerospike.client.Value$WildcardValue
4456:             1             16  com.aerospike.client.policy.InfoPolicy
4457:             1             16  com.aerospike.connect.feature.FeatureKey$Companion
4458:             1             16  com.aerospike.connect.io.FilePathResolver$$FastClassByGuice$$8ae8b
4459:             1             16  com.aerospike.connect.io.FilePathResolver$Companion
4460:             1             16  com.aerospike.connect.logging.AboutConnector
4461:             1             16  com.aerospike.connect.logging.LogFormat$Companion
4462:             1             16  com.aerospike.connect.logging.LogLevelExtensions
4463:             1             16  com.aerospike.connect.logging.LoggingConfig$Companion
4464:             1             16  com.aerospike.connect.logging.inject.LoggingGuiceModule$$FastClassByGuice$$1e0fbb
4465:             1             16  com.aerospike.connect.metrics.AerospikeMetricFilter
4466:             1             16  com.aerospike.connect.metrics.AerospikeMetricRegistry$$Lambda/0x00007fa7888af9b0
4467:             1             16  com.aerospike.connect.metrics.AerospikeMetricRegistry$$Lambda/0x00007fa7888b1f60
4468:             1             16  com.aerospike.connect.metrics.AerospikeMetricRegistry$Companion
4469:             1             16  com.aerospike.connect.metrics.ConnectionMetric$$FastClassByGuice$$477a36c
4470:             1             16  com.aerospike.connect.metrics.ErrorRegistry$$FastClassByGuice$$7136a6
4471:             1             16  com.aerospike.connect.metrics.ErrorRegistry$Companion
4472:             1             16  com.aerospike.connect.metrics.ErrorRegistry$Companion$log$1
4473:             1             16  com.aerospike.connect.metrics.GarbageCollectorMetricSet$Companion
4474:             1             16  com.aerospike.connect.metrics.OperatingSystemGaugeSet$Companion
4475:             1             16  com.aerospike.connect.metrics.ThreadStatesGaugeSet$Companion
4476:             1             16  com.aerospike.connect.metrics.Ticker$$FastClassByGuice$$5c74689
4477:             1             16  com.aerospike.connect.metrics.Ticker$Companion
4478:             1             16  com.aerospike.connect.metrics.Ticker$putMetrics$1$1
4479:             1             16  com.aerospike.connect.metrics.Ticker$report$2
4480:             1             16  com.aerospike.connect.metrics.Ticker$report$3$1
4481:             1             16  com.aerospike.connect.metrics.Ticker$reportMetrics$1$1
4482:             1             16  com.aerospike.connect.metrics.TickerPriority$Companion
4483:             1             16  com.aerospike.connect.metrics.inject.MetricsGuiceModule$Companion
4484:             1             16  com.aerospike.connect.metrics.manage.app.ManageApplication$Companion
4485:             1             16  com.aerospike.connect.metrics.manage.app.ManageJacksonFeature
4486:             1             16  com.aerospike.connect.metrics.manage.app.ManageJacksonFeature$Companion
4487:             1             16  com.aerospike.connect.metrics.manage.app.ManageServiceLister
4488:             1             16  com.aerospike.connect.metrics.manage.app.ManageServiceLister$$Lambda/0x00007fa7885fbd98
4489:             1             16  com.aerospike.connect.metrics.manage.app.ManageServiceLister$$Lambda/0x00007fa7885fe218
4490:             1             16  com.aerospike.connect.metrics.manage.app.ManageServiceLister$$Lambda/0x00007fa788633598
4491:             1             16  com.aerospike.connect.metrics.manage.server.Binding
4492:             1             16  com.aerospike.connect.metrics.manage.server.ManageServer$$FastClassByGuice$$74d0f75
4493:             1             16  com.aerospike.connect.metrics.manage.server.ManageServer$$Lambda/0x00007fa788603128
4494:             1             16  com.aerospike.connect.metrics.manage.server.ManageServer$$Lambda/0x00007fa788603b78
4495:             1             16  com.aerospike.connect.metrics.manage.server.ManageServer$Companion
4496:             1             16  com.aerospike.connect.metrics.manage.service.AboutServerWebService$$FastClassByGuice$$76a3826
4497:             1             16  com.aerospike.connect.metrics.manage.service.LoggingWebService$$FastClassByGuice$$790a985
4498:             1             16  com.aerospike.connect.metrics.manage.service.MetricsWebService$$FastClassByGuice$$7587028
4499:             1             16  com.aerospike.connect.metrics.manage.service.PrometheusExports$Companion
4500:             1             16  com.aerospike.connect.metrics.manage.service.PrometheusMetricsWebService$$FastClassByGuice$$7820d6c
4501:             1             16  com.aerospike.connect.serde.SerdeGuiceModule$Companion
4502:             1             16  com.aerospike.connect.tls.TlsContextLoader$$FastClassByGuice$$c123e4
4503:             1             16  com.aerospike.connect.tls.TlsContextLoader$Companion
4504:             1             16  com.aerospike.connect.tls.inject.TlsGuiceModule$$Lambda/0x00007fa78833f478
4505:             1             16  com.aerospike.connect.tls.inject.TlsGuiceModule$$Lambda/0x00007fa7883b2778
4506:             1             16  com.aerospike.connect.tls.inject.TlsGuiceModule$Companion
4507:             1             16  com.aerospike.connect.tls.pem.BouncyCastlePemParser
4508:             1             16  com.aerospike.connect.tls.pem.BouncyCastlePemParser$$Lambda/0x00007fa788387110
4509:             1             16  com.aerospike.connect.tls.pem.BouncyCastlePemParser$$Lambda/0x00007fa7883b2568
4510:             1             16  com.aerospike.connect.tls.pem.BouncyCastlePemParser$Companion
4511:             1             16  com.aerospike.connect.tls.reload.SSLContextFactory$$FastClassByGuice$$73a678d
4512:             1             16  com.aerospike.connect.tls.reload.SSLContextFactory$$Lambda/0x00007fa788602698
4513:             1             16  com.aerospike.connect.tls.reload.SSLContextFactory$Companion
4514:             1             16  com.aerospike.flow.CancellableFlow$$Lambda/0x00007fa7884dd258
4515:             1             16  com.aerospike.flow.CancellableFlow$Companion
4516:             1             16  com.aerospike.flow.CancellableFlow$job$1$1$$Lambda/0x00007fa7888d6c80
4517:             1             16  com.aerospike.vector.SerializedAerospikeStorageRecordId$1
4518:             1             16  com.aerospike.vector.VectorDbMain$$Lambda/0x00007fa788564800
4519:             1             16  com.aerospike.vector.VectorDbMain$$Lambda/0x00007fa788564a10
4520:             1             16  com.aerospike.vector.VectorDbMain$Companion
4521:             1             16  com.aerospike.vector.VectorDbStatus
4522:             1             16  com.aerospike.vector.VectorExtensions
4523:             1             16  com.aerospike.vector.auth.InsecureAuthService$$FastClassByGuice$$33e4bde
4524:             1             16  com.aerospike.vector.auth.NoUserContext
4525:             1             16  com.aerospike.vector.client.proto.AboutRequest$1
4526:             1             16  com.aerospike.vector.client.proto.AboutResponse$1
4527:             1             16  com.aerospike.vector.client.proto.AboutResponse$2
4528:             1             16  com.aerospike.vector.client.proto.AboutServiceGrpc$AboutServiceFileDescriptorSupplier
4529:             1             16  com.aerospike.vector.client.proto.AddUserRequest$1
4530:             1             16  com.aerospike.vector.client.proto.AuthRequest$1
4531:             1             16  com.aerospike.vector.client.proto.AuthResponse$1
4532:             1             16  com.aerospike.vector.client.proto.AuthServiceGrpc$AuthServiceFileDescriptorSupplier
4533:             1             16  com.aerospike.vector.client.proto.BoolData$1
4534:             1             16  com.aerospike.vector.client.proto.Boolean$1
4535:             1             16  com.aerospike.vector.client.proto.ClusterId$1
4536:             1             16  com.aerospike.vector.client.proto.ClusterInfoServiceGrpc$ClusterInfoServiceFileDescriptorSupplier
4537:             1             16  com.aerospike.vector.client.proto.ClusterNodeEndpoints$1
4538:             1             16  com.aerospike.vector.client.proto.ClusterNodeEndpoints$Builder$EndpointsConverter
4539:             1             16  com.aerospike.vector.client.proto.ClusterNodeEndpointsRequest$1
4540:             1             16  com.aerospike.vector.client.proto.ClusteringState$1
4541:             1             16  com.aerospike.vector.client.proto.DeleteRequest$1
4542:             1             16  com.aerospike.vector.client.proto.DropUserRequest$1
4543:             1             16  com.aerospike.vector.client.proto.ExistsRequest$1
4544:             1             16  com.aerospike.vector.client.proto.Field$1
4545:             1             16  com.aerospike.vector.client.proto.FloatData$1
4546:             1             16  com.aerospike.vector.client.proto.GcInvalidVerticesRequest$1
4547:             1             16  com.aerospike.vector.client.proto.GetRequest$1
4548:             1             16  com.aerospike.vector.client.proto.GetUserRequest$1
4549:             1             16  com.aerospike.vector.client.proto.GrantRolesRequest$1
4550:             1             16  com.aerospike.vector.client.proto.HnswBatchingParams$1
4551:             1             16  com.aerospike.vector.client.proto.HnswCachingParams$1
4552:             1             16  com.aerospike.vector.client.proto.HnswHealerParams$1
4553:             1             16  com.aerospike.vector.client.proto.HnswIndexMergeParams$1
4554:             1             16  com.aerospike.vector.client.proto.HnswIndexUpdate$1
4555:             1             16  com.aerospike.vector.client.proto.HnswParams$1
4556:             1             16  com.aerospike.vector.client.proto.IndexCreateRequest$1
4557:             1             16  com.aerospike.vector.client.proto.IndexDefinition$1
4558:             1             16  com.aerospike.vector.client.proto.IndexDefinitionList$1
4559:             1             16  com.aerospike.vector.client.proto.IndexDropRequest$1
4560:             1             16  com.aerospike.vector.client.proto.IndexGetRequest$1
4561:             1             16  com.aerospike.vector.client.proto.IndexId$1
4562:             1             16  com.aerospike.vector.client.proto.IndexListRequest$1
4563:             1             16  com.aerospike.vector.client.proto.IndexMode$1
4564:             1             16  com.aerospike.vector.client.proto.IndexServiceGrpc$IndexServiceFileDescriptorSupplier
4565:             1             16  com.aerospike.vector.client.proto.IndexStatusRequest$1
4566:             1             16  com.aerospike.vector.client.proto.IndexStatusResponse$1
4567:             1             16  com.aerospike.vector.client.proto.IndexStorage$1
4568:             1             16  com.aerospike.vector.client.proto.IndexType$1
4569:             1             16  com.aerospike.vector.client.proto.IndexUpdateRequest$1
4570:             1             16  com.aerospike.vector.client.proto.IsIndexedRequest$1
4571:             1             16  com.aerospike.vector.client.proto.Key$1
4572:             1             16  com.aerospike.vector.client.proto.ListRolesResponse$1
4573:             1             16  com.aerospike.vector.client.proto.ListUsersResponse$1
4574:             1             16  com.aerospike.vector.client.proto.Neighbor$1
4575:             1             16  com.aerospike.vector.client.proto.NodeId$1
4576:             1             16  com.aerospike.vector.client.proto.NodeRole$1
4577:             1             16  com.aerospike.vector.client.proto.ProjectionFilter$1
4578:             1             16  com.aerospike.vector.client.proto.ProjectionSpec$1
4579:             1             16  com.aerospike.vector.client.proto.ProjectionType$1
4580:             1             16  com.aerospike.vector.client.proto.PutRequest$1
4581:             1             16  com.aerospike.vector.client.proto.Record$1
4582:             1             16  com.aerospike.vector.client.proto.RevokeRolesRequest$1
4583:             1             16  com.aerospike.vector.client.proto.ServerEndpoint$1
4584:             1             16  com.aerospike.vector.client.proto.ServerEndpointList$1
4585:             1             16  com.aerospike.vector.client.proto.StandaloneIndexMetrics$1
4586:             1             16  com.aerospike.vector.client.proto.StandaloneIndexParams$1
4587:             1             16  com.aerospike.vector.client.proto.StandaloneIndexState$1
4588:             1             16  com.aerospike.vector.client.proto.Status$1
4589:             1             16  com.aerospike.vector.client.proto.TransactServiceGrpc$TransactServiceFileDescriptorSupplier
4590:             1             16  com.aerospike.vector.client.proto.UpdateCredentialsRequest$1
4591:             1             16  com.aerospike.vector.client.proto.User$1
4592:             1             16  com.aerospike.vector.client.proto.UserAdminServiceGrpc$UserAdminServiceFileDescriptorSupplier
4593:             1             16  com.aerospike.vector.client.proto.Value$1
4594:             1             16  com.aerospike.vector.client.proto.Vector$1
4595:             1             16  com.aerospike.vector.client.proto.VectorDistanceMetric$1
4596:             1             16  com.aerospike.vector.client.proto.VectorSearchRequest$1
4597:             1             16  com.aerospike.vector.client.proto.WriteType$1
4598:             1             16  com.aerospike.vector.clock.SystemClock$Companion
4599:             1             16  com.aerospike.vector.cluster.Cluster$AcceptMessage$1
4600:             1             16  com.aerospike.vector.cluster.Cluster$ClusterEpoch$1
4601:             1             16  com.aerospike.vector.cluster.Cluster$ClusterState$1
4602:             1             16  com.aerospike.vector.cluster.Cluster$ClusterStateAppliedMessage$1
4603:             1             16  com.aerospike.vector.cluster.Cluster$JoinReject$1
4604:             1             16  com.aerospike.vector.cluster.Cluster$JoinRequest$1
4605:             1             16  com.aerospike.vector.cluster.Cluster$LearnMessage$1
4606:             1             16  com.aerospike.vector.cluster.Cluster$MergeMoveMessage$1
4607:             1             16  com.aerospike.vector.cluster.Cluster$PrepareMessage$1
4608:             1             16  com.aerospike.vector.cluster.Cluster$ProposalId$1
4609:             1             16  com.aerospike.vector.cluster.Cluster$ReClusterMessage$1
4610:             1             16  com.aerospike.vector.cluster.ClusterEpoch$Companion
4611:             1             16  com.aerospike.vector.cluster.ClusterId$Companion
4612:             1             16  com.aerospike.vector.cluster.ClusterLimits$$FastClassByGuice$$1532280
4613:             1             16  com.aerospike.vector.cluster.ClusterLimits$Companion
4614:             1             16  com.aerospike.vector.cluster.ClusterLock
4615:             1             16  com.aerospike.vector.cluster.ClusterLock$$FastClassByGuice$$14b3597
4616:             1             16  com.aerospike.vector.cluster.ClusterMetaMonitor$$FastClassByGuice$$1f311ba
4617:             1             16  com.aerospike.vector.cluster.ClusterMetrics$$FastClassByGuice$$1e4fdf0
4618:             1             16  com.aerospike.vector.cluster.ClusterMetrics$$Lambda/0x00007fa7884d3518
4619:             1             16  com.aerospike.vector.cluster.ClusterMetrics$$Lambda/0x00007fa7884d5760
4620:             1             16  com.aerospike.vector.cluster.ClusterMetrics$$Lambda/0x00007fa7884d5d50
4621:             1             16  com.aerospike.vector.cluster.ClusterMetrics$$Lambda/0x00007fa7884d6910
4622:             1             16  com.aerospike.vector.cluster.ClusterMetrics$$Lambda/0x00007fa7884d6b20
4623:             1             16  com.aerospike.vector.cluster.ClusterMetrics$$Lambda/0x00007fa7884dc1f0
4624:             1             16  com.aerospike.vector.cluster.ClusterMetrics$$Lambda/0x00007fa7884dc5f0
4625:             1             16  com.aerospike.vector.cluster.ClusterMetrics$Companion
4626:             1             16  com.aerospike.vector.cluster.ClusterMonitor$$FastClassByGuice$$1c2f846
4627:             1             16  com.aerospike.vector.cluster.ClusterMonitor$$Lambda/0x00007fa7884f2d88
4628:             1             16  com.aerospike.vector.cluster.ClusterMonitor$$Lambda/0x00007fa78858d378
4629:             1             16  com.aerospike.vector.cluster.ClusterMonitor$$Lambda/0x00007fa78858da28
4630:             1             16  com.aerospike.vector.cluster.ClusterMonitor$$Lambda/0x00007fa78858de20
4631:             1             16  com.aerospike.vector.cluster.ClusterMonitor$$Lambda/0x00007fa78877e2d8
4632:             1             16  com.aerospike.vector.cluster.ClusterMonitor$$Lambda/0x00007fa788821368
4633:             1             16  com.aerospike.vector.cluster.ClusterMonitor$$Lambda/0x00007fa788821578
4634:             1             16  com.aerospike.vector.cluster.ClusterMonitor$$Lambda/0x00007fa788821788
4635:             1             16  com.aerospike.vector.cluster.ClusterMonitor$$Lambda/0x00007fa788821bb8
4636:             1             16  com.aerospike.vector.cluster.ClusterMonitor$$Lambda/0x00007fa78882eae8
4637:             1             16  com.aerospike.vector.cluster.ClusterMonitor$$Lambda/0x00007fa788830b30
4638:             1             16  com.aerospike.vector.cluster.ClusterMonitor$$Lambda/0x00007fa788830d40
4639:             1             16  com.aerospike.vector.cluster.ClusterMonitor$$Lambda/0x00007fa7888a1658
4640:             1             16  com.aerospike.vector.cluster.ClusterMonitor$Companion
4641:             1             16  com.aerospike.vector.cluster.ClusterRegister$$FastClassByGuice$$170a23f
4642:             1             16  com.aerospike.vector.cluster.ClusterRegister$$Lambda/0x00007fa7884ed710
4643:             1             16  com.aerospike.vector.cluster.ClusterRegister$$Lambda/0x00007fa7887d2ca8
4644:             1             16  com.aerospike.vector.cluster.ClusterRegister$$Lambda/0x00007fa78882f128
4645:             1             16  com.aerospike.vector.cluster.ClusterRegister$Companion
4646:             1             16  com.aerospike.vector.cluster.ClusterService$$FastClassByGuice$$1dc9018
4647:             1             16  com.aerospike.vector.cluster.ClusterServiceGrpc$ClusterServiceFileDescriptorSupplier
4648:             1             16  com.aerospike.vector.cluster.ClusterState$$FastClassByGuice$$1b0dbfb
4649:             1             16  com.aerospike.vector.cluster.ClusterState$Companion
4650:             1             16  com.aerospike.vector.cluster.PaxosAcceptor$$FastClassByGuice$$188b296
4651:             1             16  com.aerospike.vector.cluster.PaxosAcceptor$$Lambda/0x00007fa7884ee6e8
4652:             1             16  com.aerospike.vector.cluster.PaxosAcceptor$$Lambda/0x00007fa7887cc1b8
4653:             1             16  com.aerospike.vector.cluster.PaxosAcceptor$Companion
4654:             1             16  com.aerospike.vector.cluster.PaxosProposer$$FastClassByGuice$$16f84d4
4655:             1             16  com.aerospike.vector.cluster.PaxosProposer$$Lambda/0x00007fa7884eb910
4656:             1             16  com.aerospike.vector.cluster.PaxosProposer$Companion
4657:             1             16  com.aerospike.vector.cluster.PaxosProposer$learnSendAsync$2$$Lambda/0x00007fa7887d1920
4658:             1             16  com.aerospike.vector.cluster.QuantumIntervalGenerator$$FastClassByGuice$$1a4f730
4659:             1             16  com.aerospike.vector.cluster.QuantumIntervalGenerator$$Lambda/0x00007fa7884efb28
4660:             1             16  com.aerospike.vector.cluster.QuantumIntervalGenerator$Companion
4661:             1             16  com.aerospike.vector.cluster.TickGenerator$$FastClassByGuice$$19405ff
4662:             1             16  com.aerospike.vector.config.InterconnectConfig$Companion
4663:             1             16  com.aerospike.vector.config.NodeRoleSet$Companion
4664:             1             16  com.aerospike.vector.config.PortRangeKeyDeserializer
4665:             1             16  com.aerospike.vector.config.ServiceConfig$Companion
4666:             1             16  com.aerospike.vector.distance.CosineVectorDistanceCpu
4667:             1             16  com.aerospike.vector.distance.CosineVectorDistanceCpu$$FastClassByGuice$$38ad0f5
4668:             1             16  com.aerospike.vector.distance.DotProductVectorDistanceCpu
4669:             1             16  com.aerospike.vector.distance.DotProductVectorDistanceCpu$$FastClassByGuice$$39a38b1
4670:             1             16  com.aerospike.vector.distance.HammingVectorDistanceCpu
4671:             1             16  com.aerospike.vector.distance.HammingVectorDistanceCpu$$FastClassByGuice$$3b40b3c
4672:             1             16  com.aerospike.vector.distance.ManhattanVectorDistanceCpu
4673:             1             16  com.aerospike.vector.distance.ManhattanVectorDistanceCpu$$FastClassByGuice$$3a6e959
4674:             1             16  com.aerospike.vector.distance.SquaredEuclideanVectorDistanceCpu
4675:             1             16  com.aerospike.vector.distance.SquaredEuclideanVectorDistanceCpu$$FastClassByGuice$$376ec74
4676:             1             16  com.aerospike.vector.distance.VectorDistance$Companion
4677:             1             16  com.aerospike.vector.distance.VectorDistance$Companion$$Lambda/0x00007fa788504a00
4678:             1             16  com.aerospike.vector.distance.VectorDistance$Companion$$Lambda/0x00007fa788504c10
4679:             1             16  com.aerospike.vector.distance.VectorDistanceServiceCpu$$FastClassByGuice$$3c56b9e
4680:             1             16  com.aerospike.vector.distance.VectorDistanceServiceCpu$$Lambda/0x00007fa788505238
4681:             1             16  com.aerospike.vector.distance.VectorDistanceServiceCpu$Companion
4682:             1             16  com.aerospike.vector.dns.AsyncDnsResolver$$FastClassByGuice$$d8e5b6
4683:             1             16  com.aerospike.vector.embedded.client.inject.VectorDbEmbeddedClientGuiceModule$Companion
4684:             1             16  com.aerospike.vector.embedded.client.store.SingleInstanceClientStore$$FastClassByGuice$$35d739f
4685:             1             16  com.aerospike.vector.eventbus.inject.EventBusGuiceModule$$FastClassByGuice$$2e6df7
4686:             1             16  com.aerospike.vector.exchange.Exchange$ExchangeCommit$1
4687:             1             16  com.aerospike.vector.exchange.Exchange$ExchangePayload$1
4688:             1             16  com.aerospike.vector.exchange.Exchange$ExchangePayload$2
4689:             1             16  com.aerospike.vector.exchange.Exchange$ExchangePayload$Builder$AdvertisedListenersConverter
4690:             1             16  com.aerospike.vector.exchange.Exchange$ExchangeReadyToCommit$1
4691:             1             16  com.aerospike.vector.exchange.ExchangeClusterStateService$$FastClassByGuice$$20d311e
4692:             1             16  com.aerospike.vector.exchange.ExchangeClusterStateService$$Lambda/0x00007fa7884a9330
4693:             1             16  com.aerospike.vector.exchange.ExchangeClusterStateService$Companion
4694:             1             16  com.aerospike.vector.exchange.ExchangeLimits$$FastClassByGuice$$6bfcca1
4695:             1             16  com.aerospike.vector.exchange.ExchangeLimits$Companion
4696:             1             16  com.aerospike.vector.exchange.ExchangeService$$FastClassByGuice$$6c3f778
4697:             1             16  com.aerospike.vector.exchange.ExchangeService$$Lambda/0x00007fa7885e1d80
4698:             1             16  com.aerospike.vector.exchange.ExchangeService$$Lambda/0x00007fa7887d34d0
4699:             1             16  com.aerospike.vector.exchange.ExchangeService$$Lambda/0x00007fa7887df320
4700:             1             16  com.aerospike.vector.exchange.ExchangeService$$Lambda/0x00007fa7887e0910
4701:             1             16  com.aerospike.vector.exchange.ExchangeService$$Lambda/0x00007fa78882ab20
4702:             1             16  com.aerospike.vector.exchange.ExchangeService$Companion
4703:             1             16  com.aerospike.vector.exchange.ExchangeServiceGrpc$ExchangeServiceFileDescriptorSupplier
4704:             1             16  com.aerospike.vector.heartbeat.AdjacencyMonitor$$FastClassByGuice$$1057986
4705:             1             16  com.aerospike.vector.heartbeat.AdjacencyMonitor$$Lambda/0x00007fa7884dc800
4706:             1             16  com.aerospike.vector.heartbeat.AdjacencyMonitor$Companion
4707:             1             16  com.aerospike.vector.heartbeat.AdjacentNode$Companion
4708:             1             16  com.aerospike.vector.heartbeat.DiscoveryRegister$$FastClassByGuice$$11a55bb
4709:             1             16  com.aerospike.vector.heartbeat.DiscoveryRegister$$Lambda/0x00007fa7884de888
4710:             1             16  com.aerospike.vector.heartbeat.DiscoveryRegister$$Lambda/0x00007fa7885fb6d0
4711:             1             16  com.aerospike.vector.heartbeat.DiscoveryRegister$$Lambda/0x00007fa78882d320
4712:             1             16  com.aerospike.vector.heartbeat.DiscoveryRegister$Companion
4713:             1             16  com.aerospike.vector.heartbeat.Heartbeat$ClusterPayload$1
4714:             1             16  com.aerospike.vector.heartbeat.Heartbeat$EndpointsQuery$1
4715:             1             16  com.aerospike.vector.heartbeat.Heartbeat$EndpointsResponse$1
4716:             1             16  com.aerospike.vector.heartbeat.Heartbeat$HeartbeatMessage$1
4717:             1             16  com.aerospike.vector.heartbeat.Heartbeat$SocketEndpoint$1
4718:             1             16  com.aerospike.vector.heartbeat.Heartbeat$SocketEndpointList$1
4719:             1             16  com.aerospike.vector.heartbeat.HeartbeatService$$FastClassByGuice$$133d57c
4720:             1             16  com.aerospike.vector.heartbeat.HeartbeatServiceGrpc$HeartbeatServiceFileDescriptorSupplier
4721:             1             16  com.aerospike.vector.heartbeat.HeartbeatTransmitter$$FastClassByGuice$$12d9d73
4722:             1             16  com.aerospike.vector.heartbeat.HeartbeatTransmitter$$Lambda/0x00007fa7884db8e8
4723:             1             16  com.aerospike.vector.heartbeat.HeartbeatTransmitter$Companion
4724:             1             16  com.aerospike.vector.heartbeat.NetworkClique$$Lambda/0x00007fa7884e9c18
4725:             1             16  com.aerospike.vector.heartbeat.NetworkClique$$Lambda/0x00007fa78858e2b8
4726:             1             16  com.aerospike.vector.heartbeat.NetworkClique$Companion
4727:             1             16  com.aerospike.vector.heartbeat.SocketEndpointKt$Dsl$Companion
4728:             1             16  com.aerospike.vector.hlc.HlcClock$$FastClassByGuice$$a765ce
4729:             1             16  com.aerospike.vector.hlc.HlcClock$Companion
4730:             1             16  com.aerospike.vector.hlc.HlcTimestamp$Companion
4731:             1             16  com.aerospike.vector.index.BatchBucketStore$$FastClassByGuice$$24ccd31
4732:             1             16  com.aerospike.vector.index.BatchBucketStore$$Lambda/0x00007fa788506078
4733:             1             16  com.aerospike.vector.index.BatchBucketStore$Companion
4734:             1             16  com.aerospike.vector.index.BatchIndexMergeProxyRequest$1
4735:             1             16  com.aerospike.vector.index.BatchIndexMergeRequest$1
4736:             1             16  com.aerospike.vector.index.BatchIndexMetadata$Companion
4737:             1             16  com.aerospike.vector.index.BatchIndexStatusResponse$1
4738:             1             16  com.aerospike.vector.index.CacheServiceGrpc$CacheServiceFileDescriptorSupplier
4739:             1             16  com.aerospike.vector.index.CentroidMap$1
4740:             1             16  com.aerospike.vector.index.CentroidMapEntry$1
4741:             1             16  com.aerospike.vector.index.DeleteProxyRequest$1
4742:             1             16  com.aerospike.vector.index.DeleteProxyResponse$1
4743:             1             16  com.aerospike.vector.index.EvictCachedVerticesRequest$1
4744:             1             16  com.aerospike.vector.index.ExistsProxyRequest$1
4745:             1             16  com.aerospike.vector.index.ExistsProxyResponse$1
4746:             1             16  com.aerospike.vector.index.GetProxyRequest$1
4747:             1             16  com.aerospike.vector.index.GetProxyResponse$1
4748:             1             16  com.aerospike.vector.index.HealCycleCompleteRequest$1
4749:             1             16  com.aerospike.vector.index.HealCycleFinalizationRequest$1
4750:             1             16  com.aerospike.vector.index.HealCycleStartRequest$1
4751:             1             16  com.aerospike.vector.index.IndexCacheCentroidRequest$1
4752:             1             16  com.aerospike.vector.index.IndexCatalog$$Lambda/0x00007fa788556728
4753:             1             16  com.aerospike.vector.index.IndexCatalog$Companion
4754:             1             16  com.aerospike.vector.index.IndexCleaner$$FastClassByGuice$$2d0007d
4755:             1             16  com.aerospike.vector.index.IndexCleaner$$Lambda/0x00007fa7885664f0
4756:             1             16  com.aerospike.vector.index.IndexCleaner$Companion
4757:             1             16  com.aerospike.vector.index.IndexCreateOperation$1
4758:             1             16  com.aerospike.vector.index.IndexLog$$Lambda/0x00007fa788506aa0
4759:             1             16  com.aerospike.vector.index.IndexLog$Companion
4760:             1             16  com.aerospike.vector.index.IndexLog$Companion$$Lambda/0x00007fa78875b400
4761:             1             16  com.aerospike.vector.index.IndexLog$Companion$$Lambda/0x00007fa78875b840
4762:             1             16  com.aerospike.vector.index.IndexLog$Companion$$Lambda/0x00007fa78889f830
4763:             1             16  com.aerospike.vector.index.IndexLogEntry$1
4764:             1             16  com.aerospike.vector.index.IndexLogEntryList$1
4765:             1             16  com.aerospike.vector.index.IndexLogEntryListKt$Dsl$Companion
4766:             1             16  com.aerospike.vector.index.IndexMetrics$1
4767:             1             16  com.aerospike.vector.index.IndexMetricsResponse$1
4768:             1             16  com.aerospike.vector.index.IndexRequest$1
4769:             1             16  com.aerospike.vector.index.IndexService$$FastClassByGuice$$2a52559
4770:             1             16  com.aerospike.vector.index.IndexService$$Lambda/0x00007fa78855da40
4771:             1             16  com.aerospike.vector.index.IndexService$Companion
4772:             1             16  com.aerospike.vector.index.IndexServiceInternalGrpc$IndexServiceInternalFileDescriptorSupplier
4773:             1             16  com.aerospike.vector.index.IndexUpdateOperation$1
4774:             1             16  com.aerospike.vector.index.Indexer$$FastClassByGuice$$277e176
4775:             1             16  com.aerospike.vector.index.Indexer$$Lambda/0x00007fa788556bf0
4776:             1             16  com.aerospike.vector.index.Indexer$Companion
4777:             1             16  com.aerospike.vector.index.InternalIndexId$1
4778:             1             16  com.aerospike.vector.index.IsIndexedProxyRequest$1
4779:             1             16  com.aerospike.vector.index.IsIndexedProxyResponse$1
4780:             1             16  com.aerospike.vector.index.MarkCachedVerticesInvalidRequest$1
4781:             1             16  com.aerospike.vector.index.NodeBatchIndexMergeComplete$1
4782:             1             16  com.aerospike.vector.index.NodeCacheStatus$1
4783:             1             16  com.aerospike.vector.index.PutProxyRequest$1
4784:             1             16  com.aerospike.vector.index.PutProxyResponse$1
4785:             1             16  com.aerospike.vector.index.QueueSize$Companion
4786:             1             16  com.aerospike.vector.index.ReindexEnqueuer$$FastClassByGuice$$5a48eb3
4787:             1             16  com.aerospike.vector.index.ReindexEnqueuer$Companion
4788:             1             16  com.aerospike.vector.index.RequestPerformanceMetrics$1
4789:             1             16  com.aerospike.vector.index.StandaloneIndexBuildAbortRequest$1
4790:             1             16  com.aerospike.vector.index.StandaloneIndexBuildAbortResponse$1
4791:             1             16  com.aerospike.vector.index.StandaloneIndexBuildCompletedRequest$1
4792:             1             16  com.aerospike.vector.index.StandaloneIndexBuildCompletedResponse$1
4793:             1             16  com.aerospike.vector.index.StandaloneIndexBuildStartRequest$1
4794:             1             16  com.aerospike.vector.index.StandaloneIndexBuildStartResponse$1
4795:             1             16  com.aerospike.vector.index.StandaloneIndexCoordinator$$FastClassByGuice$$317778f
4796:             1             16  com.aerospike.vector.index.StandaloneIndexCoordinator$$Lambda/0x00007fa78855c4c8
4797:             1             16  com.aerospike.vector.index.StandaloneIndexCoordinator$Companion
4798:             1             16  com.aerospike.vector.index.StandaloneIndexMetricsRequest$1
4799:             1             16  com.aerospike.vector.index.StandaloneIndexWorker$$FastClassByGuice$$29e2209
4800:             1             16  com.aerospike.vector.index.StandaloneIndexWorker$$Lambda/0x00007fa78855c000
4801:             1             16  com.aerospike.vector.index.StandaloneIndexWorker$$Lambda/0x00007fa7888da2b8
4802:             1             16  com.aerospike.vector.index.StandaloneIndexWorker$Companion
4803:             1             16  com.aerospike.vector.index.StandaloneIndexWorker$StandaloneWorkerState$Companion
4804:             1             16  com.aerospike.vector.index.StandaloneIngestCompletionStatus$1
4805:             1             16  com.aerospike.vector.index.TransactServiceInternalGrpc$TransactServiceInternalFileDescriptorSupplier
4806:             1             16  com.aerospike.vector.index.VectorSearchProxyRequest$1
4807:             1             16  com.aerospike.vector.index.VectorSearchProxyResponse$1
4808:             1             16  com.aerospike.vector.index.cache.IndexCacheCoordinator$$FastClassByGuice$$226f93e
4809:             1             16  com.aerospike.vector.index.cache.IndexCacheCoordinator$$Lambda/0x00007fa78855a4c8
4810:             1             16  com.aerospike.vector.index.cache.IndexCacheCoordinator$Companion
4811:             1             16  com.aerospike.vector.index.cache.LoadBalancedCacheFriendlyNodeSelector$$Lambda/0x00007fa78855e668
4812:             1             16  com.aerospike.vector.index.cache.LoadBalancedCacheFriendlyNodeSelector$Companion
4813:             1             16  com.aerospike.vector.index.config.CacheConfig$Companion
4814:             1             16  com.aerospike.vector.index.config.HealerConfig$Companion
4815:             1             16  com.aerospike.vector.index.healer.coordinator.IndexHealerCoordinator$$FastClassByGuice$$2e2ff5b
4816:             1             16  com.aerospike.vector.index.healer.coordinator.IndexHealerCoordinator$$Lambda/0x00007fa788567ad8
4817:             1             16  com.aerospike.vector.index.healer.coordinator.IndexHealerCoordinator$Companion
4818:             1             16  com.aerospike.vector.index.healer.coordinator.job.IndexHealerCoordinatorJob$$FastClassByGuice$$526fe7b
4819:             1             16  com.aerospike.vector.index.healer.worker.CurrentBatchIds$$FastClassByGuice$$558b543
4820:             1             16  com.aerospike.vector.index.healer.worker.IndexHealerWorker$$FastClassByGuice$$2f61834
4821:             1             16  com.aerospike.vector.index.healer.worker.IndexHealerWorker$$Lambda/0x00007fa788565000
4822:             1             16  com.aerospike.vector.index.healer.worker.IndexHealerWorker$$Lambda/0x00007fa7887e2e48
4823:             1             16  com.aerospike.vector.index.healer.worker.IndexHealerWorker$Companion
4824:             1             16  com.aerospike.vector.index.healer.worker.VectorRecordScanProcessor$$FastClassByGuice$$566b113
4825:             1             16  com.aerospike.vector.index.healer.worker.VertexRecordScanProcessor$$FastClassByGuice$$54070c7
4826:             1             16  com.aerospike.vector.index.healer.worker.job.IndexHealerWorkerAckJob$$FastClassByGuice$$582d03e
4827:             1             16  com.aerospike.vector.index.healer.worker.job.IndexHealerWorkerCycleFinalizationJob$$FastClassByGuice$$5718942
4828:             1             16  com.aerospike.vector.index.healer.worker.job.IndexHealerWorkerJob$$FastClassByGuice$$51fca6c
4829:             1             16  com.aerospike.vector.index.healer.worker.job.IndexHealerWorkerMarkerJob$$FastClassByGuice$$59df350
4830:             1             16  com.aerospike.vector.index.healer.worker.job.IndexHealerWorkerScanJobs$$FastClassByGuice$$53677f5
4831:             1             16  com.aerospike.vector.index.hnsw.GraphVertex$Companion
4832:             1             16  com.aerospike.vector.index.hnsw.GraphVertexStorageAdaptor$$FastClassByGuice$$235632d
4833:             1             16  com.aerospike.vector.index.hnsw.GraphVertexStorageAdaptor$Companion
4834:             1             16  com.aerospike.vector.index.hnsw.Hnsw$$Lambda/0x00007fa7888c15e8
4835:             1             16  com.aerospike.vector.index.hnsw.Hnsw$$Lambda/0x00007fa7888c1a78
4836:             1             16  com.aerospike.vector.index.hnsw.Hnsw$$Lambda/0x00007fa7888c9590
4837:             1             16  com.aerospike.vector.index.hnsw.Hnsw$$Lambda/0x00007fa7888caea8
4838:             1             16  com.aerospike.vector.index.hnsw.Hnsw$$Lambda/0x00007fa7888e0c90
4839:             1             16  com.aerospike.vector.index.hnsw.Hnsw$Companion
4840:             1             16  com.aerospike.vector.index.hnsw.store.CachedHnswGraphStore$$FastClassByGuice$$4f62208
4841:             1             16  com.aerospike.vector.index.hnsw.store.InMemoryGraphStore$$FastClassByGuice$$4de4387
4842:             1             16  com.aerospike.vector.index.hnsw.store.MemMapGraphStore$$FastClassByGuice$$50c3f87
4843:             1             16  com.aerospike.vector.index.hnsw.store.PersistentHnswGraphStore$$FastClassByGuice$$4ecf8ad
4844:             1             16  com.aerospike.vector.index.hnsw.store.PersistentHnswGraphStore$$Lambda/0x00007fa7888da4c8
4845:             1             16  com.aerospike.vector.index.hnsw.store.PersistentHnswGraphStore$Companion
4846:             1             16  com.aerospike.vector.index.inject.IndexGuiceModule$$FastClassByGuice$$49b4b9
4847:             1             16  com.aerospike.vector.index.inject.IndexGuiceModule$$Lambda/0x00007fa7883bbc28
4848:             1             16  com.aerospike.vector.index.inject.IndexGuiceModule$Companion
4849:             1             16  com.aerospike.vector.index.merge.BatchJobLauncher$$FastClassByGuice$$4907c75
4850:             1             16  com.aerospike.vector.index.merge.coordinator.CoordinatorBatchCleanJob$$FastClassByGuice$$4b51e59
4851:             1             16  com.aerospike.vector.index.merge.coordinator.CoordinatorBatchCopyJob$$FastClassByGuice$$482f874
4852:             1             16  com.aerospike.vector.index.merge.coordinator.CoordinatorBatchMergeJob$$FastClassByGuice$$4ab1e67
4853:             1             16  com.aerospike.vector.index.merge.coordinator.IndexMergeCoordinator$$FastClassByGuice$$2babf25
4854:             1             16  com.aerospike.vector.index.merge.coordinator.IndexMergeCoordinator$$Lambda/0x00007fa78855b0c0
4855:             1             16  com.aerospike.vector.index.merge.coordinator.IndexMergeCoordinator$Companion
4856:             1             16  com.aerospike.vector.index.merge.worker.IndexMergeWorker$$FastClassByGuice$$2c01bd9
4857:             1             16  com.aerospike.vector.index.merge.worker.IndexMergeWorker$$Lambda/0x00007fa788563860
4858:             1             16  com.aerospike.vector.index.merge.worker.IndexMergeWorker$$Lambda/0x00007fa788567268
4859:             1             16  com.aerospike.vector.index.merge.worker.IndexMergeWorker$Companion
4860:             1             16  com.aerospike.vector.index.merge.worker.WorkerBatchMergeJob$$FastClassByGuice$$4ce8f27
4861:             1             16  com.aerospike.vector.index.metrics.CacheMetricRefresher$$FastClassByGuice$$30ed416
4862:             1             16  com.aerospike.vector.index.metrics.CacheMetricRefresher$$Lambda/0x00007fa7885656e0
4863:             1             16  com.aerospike.vector.index.metrics.CacheMetricRefresher$Companion
4864:             1             16  com.aerospike.vector.index.metrics.CacheMetrics$$Lambda/0x00007fa7888aee70
4865:             1             16  com.aerospike.vector.index.metrics.ClusterIndexMetricsCollector$$FastClassByGuice$$36c5252
4866:             1             16  com.aerospike.vector.index.metrics.IndexMetricsTracker$$FastClassByGuice$$2156100
4867:             1             16  com.aerospike.vector.index.metrics.IndexMetricsTracker$$Lambda/0x00007fa788557570
4868:             1             16  com.aerospike.vector.index.metrics.IndexMetricsTracker$Companion
4869:             1             16  com.aerospike.vector.index.metrics.IndexMetricsTracker$refreshClusterMetricsFlow$1$$Lambda/0x00007fa7887e6df0
4870:             1             16  com.aerospike.vector.index.metrics.NodeFitnessCalculator
4871:             1             16  com.aerospike.vector.index.metrics.NodeFitnessCalculator$$Lambda/0x00007fa788557978
4872:             1             16  com.aerospike.vector.index.metrics.NodeFitnessCalculator$$Lambda/0x00007fa7888f0fe0
4873:             1             16  com.aerospike.vector.index.metrics.NodeFitnessCalculator$$Lambda/0x00007fa7888f1620
4874:             1             16  com.aerospike.vector.index.metrics.NodeFitnessCalculator$$Lambda/0x00007fa7888f1a68
4875:             1             16  com.aerospike.vector.index.metrics.NodeFitnessCalculator$$Lambda/0x00007fa7888f1eb0
4876:             1             16  com.aerospike.vector.index.metrics.NodeFitnessCalculator$$Lambda/0x00007fa7888f22f8
4877:             1             16  com.aerospike.vector.index.metrics.NodeFitnessCalculator$$Lambda/0x00007fa7888f2740
4878:             1             16  com.aerospike.vector.index.metrics.NodeFitnessCalculator$$Lambda/0x00007fa7888f2d80
4879:             1             16  com.aerospike.vector.index.metrics.NodeFitnessCalculator$$Lambda/0x00007fa7888f31c8
4880:             1             16  com.aerospike.vector.index.metrics.NodeFitnessCalculator$Companion
4881:             1             16  com.aerospike.vector.index.metrics.PerIndexMetrics$$Lambda/0x00007fa7888a35a0
4882:             1             16  com.aerospike.vector.index.metrics.PerIndexMetrics$$Lambda/0x00007fa7888ab8e0
4883:             1             16  com.aerospike.vector.index.metrics.PerIndexMetrics$$Lambda/0x00007fa7888b5af8
4884:             1             16  com.aerospike.vector.index.metrics.PerIndexMetrics$$Lambda/0x00007fa7888b5d08
4885:             1             16  com.aerospike.vector.index.metrics.PerIndexMetrics$$Lambda/0x00007fa7888d3c78
4886:             1             16  com.aerospike.vector.index.metrics.PerIndexMetrics$$Lambda/0x00007fa7888d6a70
4887:             1             16  com.aerospike.vector.index.metrics.PerIndexMetrics$$Lambda/0x00007fa7888eb950
4888:             1             16  com.aerospike.vector.index.metrics.PerIndexMetrics$$Lambda/0x00007fa7888ebb60
4889:             1             16  com.aerospike.vector.index.metrics.PerIndexMetrics$Companion
4890:             1             16  com.aerospike.vector.index.metrics.PerIndexMetrics$Companion$$Lambda/0x00007fa7888cf478
4891:             1             16  com.aerospike.vector.index.metrics.UpdateCacheSize
4892:             1             16  com.aerospike.vector.index.scan.Scanner$$FastClassByGuice$$5b53c4f
4893:             1             16  com.aerospike.vector.inject.VectorDbGuiceModule$$Lambda/0x00007fa7884acfe0
4894:             1             16  com.aerospike.vector.inject.VectorDbGuiceModule$Companion
4895:             1             16  com.aerospike.vector.interconnect.BearerTokenCallCredentials$Companion
4896:             1             16  com.aerospike.vector.interconnect.BlockingInterconnectListener$$Lambda/0x00007fa7888304a0
4897:             1             16  com.aerospike.vector.interconnect.InterconnectChannelProvider$$FastClassByGuice$$e96107
4898:             1             16  com.aerospike.vector.interconnect.InterconnectChannelProvider$$Lambda/0x00007fa7884cac38
4899:             1             16  com.aerospike.vector.interconnect.InterconnectChannelProvider$Companion
4900:             1             16  com.aerospike.vector.interconnect.InterconnectChannelProvider$MultiAddressNameResolverFactory$$Lambda/0x00007fa7884d3f78
4901:             1             16  com.aerospike.vector.interconnect.InterconnectChannelProvider$createChannelsAsync$1$$Lambda/0x00007fa7884d29e8
4902:             1             16  com.aerospike.vector.interconnect.InterconnectChannelProvider$createChannelsAsync$1$$Lambda/0x00007fa7884d2e30
4903:             1             16  com.aerospike.vector.interconnect.InterconnectDirectory$$FastClassByGuice$$b64d4d
4904:             1             16  com.aerospike.vector.interconnect.InterconnectDirectory$$Lambda/0x00007fa7884ad1f0
4905:             1             16  com.aerospike.vector.interconnect.InterconnectDirectory$Companion
4906:             1             16  com.aerospike.vector.interconnect.InterconnectService$$FastClassByGuice$$fcd766
4907:             1             16  com.aerospike.vector.interconnect.InterconnectService$$Lambda/0x00007fa7884d27d8
4908:             1             16  com.aerospike.vector.interconnect.InterconnectService$Companion
4909:             1             16  com.aerospike.vector.metrics.VectorMetrics$$FastClassByGuice$$66ebdaf
4910:             1             16  com.aerospike.vector.metrics.VectorMetrics$Companion
4911:             1             16  com.aerospike.vector.metrics.manage.service.IndexWebService$$FastClassByGuice$$77d35dd
4912:             1             16  com.aerospike.vector.network.NetworkUtil
4913:             1             16  com.aerospike.vector.network.NetworkUtil$$Lambda/0x00007fa7884acbb8
4914:             1             16  com.aerospike.vector.node.NodeId$Companion
4915:             1             16  com.aerospike.vector.partitions.PartitionAssigner
4916:             1             16  com.aerospike.vector.partitions.PartitionAssigner$$FastClassByGuice$$8a0d5e
4917:             1             16  com.aerospike.vector.partitions.PartitionAssigner$Companion
4918:             1             16  com.aerospike.vector.partitions.PartitionService$$FastClassByGuice$$9528b6
4919:             1             16  com.aerospike.vector.partitions.PartitionService$$Lambda/0x00007fa7884ac7b0
4920:             1             16  com.aerospike.vector.partitions.PartitionService$Companion
4921:             1             16  com.aerospike.vector.security.inject.GrpcSecurityGuiceModule$Companion
4922:             1             16  com.aerospike.vector.serde.SerdeModuleRegistry
4923:             1             16  com.aerospike.vector.server.grpc.GrpcInterconnectServer$$Lambda/0x00007fa7885f7b98
4924:             1             16  com.aerospike.vector.server.grpc.GrpcInterconnectServer$Companion
4925:             1             16  com.aerospike.vector.server.grpc.GrpcNettySslContextFactory$$FastClassByGuice$$652d96b
4926:             1             16  com.aerospike.vector.server.grpc.GrpcNettySslContextFactory$$Lambda/0x00007fa7885ad360
4927:             1             16  com.aerospike.vector.server.grpc.GrpcNettySslContextFactory$Companion
4928:             1             16  com.aerospike.vector.server.grpc.GrpcVectorDbServer$$Lambda/0x00007fa7885cec00
4929:             1             16  com.aerospike.vector.server.grpc.GrpcVectorDbServer$Companion
4930:             1             16  com.aerospike.vector.server.grpc.StaticGrpcNettySslContextFactory$$Lambda/0x00007fa7885ad768
4931:             1             16  com.aerospike.vector.server.grpc.StaticGrpcNettySslContextFactory$Companion
4932:             1             16  com.aerospike.vector.server.grpc.server.interceptor.Constants
4933:             1             16  com.aerospike.vector.server.grpc.server.interceptor.InsecureAuthorizationServerInterceptor
4934:             1             16  com.aerospike.vector.server.grpc.server.interceptor.InsecureAuthorizationServerInterceptor$$FastClassByGuice$$345d2b2
4935:             1             16  com.aerospike.vector.server.grpc.server.interceptor.InterconnectAuthorizationServerInterceptor$$FastClassByGuice$$7121c3c
4936:             1             16  com.aerospike.vector.server.grpc.server.interceptor.InterconnectAuthorizationServerInterceptor$Companion
4937:             1             16  com.aerospike.vector.server.grpc.service.GrpcAboutService$$FastClassByGuice$$60675fd
4938:             1             16  com.aerospike.vector.server.grpc.service.GrpcAuthService$$FastClassByGuice$$5e8a26f
4939:             1             16  com.aerospike.vector.server.grpc.service.GrpcAuthService$Companion
4940:             1             16  com.aerospike.vector.server.grpc.service.GrpcClusterInfoService$$FastClassByGuice$$6456ff9
4941:             1             16  com.aerospike.vector.server.grpc.service.GrpcIndexService$$FastClassByGuice$$610b64d
4942:             1             16  com.aerospike.vector.server.grpc.service.GrpcUserAdminService$$FastClassByGuice$$5fddd24
4943:             1             16  com.aerospike.vector.server.grpc.service.internal.GrpcCacheServiceInternal$$FastClassByGuice$$70053b5
4944:             1             16  com.aerospike.vector.server.grpc.service.internal.GrpcClusterService$$FastClassByGuice$$6ac3d67
4945:             1             16  com.aerospike.vector.server.grpc.service.internal.GrpcExchangeService$$FastClassByGuice$$6d2362c
4946:             1             16  com.aerospike.vector.server.grpc.service.internal.GrpcHeartbeatService$$FastClassByGuice$$694b573
4947:             1             16  com.aerospike.vector.server.grpc.service.internal.GrpcIndexServiceInternal$$FastClassByGuice$$6e9755f
4948:             1             16  com.aerospike.vector.server.grpc.service.internal.ServiceScopeLauncher$$FastClassByGuice$$68b607e
4949:             1             16  com.aerospike.vector.server.security.AuthTokenManager$$FastClassByGuice$$5deae34
4950:             1             16  com.aerospike.vector.storage.AerospikeStorageFactory$$FastClassByGuice$$45f0661
4951:             1             16  com.aerospike.vector.storage.AerospikeStorageKvs$$FastClassByGuice$$3f3fa45
4952:             1             16  com.aerospike.vector.storage.AerospikeStorageKvs$Companion
4953:             1             16  com.aerospike.vector.storage.AerospikeStorageKvs$asyncSaveChunk$jobs$1$1$1$$Lambda/0x00007fa7888f5498
4954:             1             16  com.aerospike.vector.storage.AerospikeStorageRecordGrpcConverter
4955:             1             16  com.aerospike.vector.storage.AerospikeStorageRecordGrpcConverter$$FastClassByGuice$$41b9a50
4956:             1             16  com.aerospike.vector.storage.AerospikeStorageRecordIdLocalizer
4957:             1             16  com.aerospike.vector.storage.AerospikeStorageRecordIdLocalizer$$FastClassByGuice$$421de7c
4958:             1             16  com.aerospike.vector.storage.AerospikeStorageRecordIdSerde
4959:             1             16  com.aerospike.vector.storage.AerospikeStorageRecordIdSerde$$FastClassByGuice$$40bf50f
4960:             1             16  com.aerospike.vector.storage.AsyncRecordListener$$Lambda/0x00007fa78850d128
4961:             1             16  com.aerospike.vector.storage.AsyncRecordListener$Companion
4962:             1             16  com.aerospike.vector.storage.StorageOptions$Companion
4963:             1             16  com.aerospike.vector.storage.StorageType$Companion
4964:             1             16  com.aerospike.vector.storage.cluster.AerospikeClusterMetaStore$$FastClassByGuice$$3d5e813
4965:             1             16  com.aerospike.vector.storage.cluster.AerospikeClusterMetaStore$Companion
4966:             1             16  com.aerospike.vector.storage.cluster.AerospikeClusterMetaStore$getHlcClockGeneric$2$$Lambda/0x00007fa78877cd28
4967:             1             16  com.aerospike.vector.storage.index.AerospikeIndexMetaStore$$FastClassByGuice$$3ec3219
4968:             1             16  com.aerospike.vector.storage.index.AerospikeIndexMetaStore$Companion
4969:             1             16  com.aerospike.vector.storage.index.AerospikeIndexMetaStore$getIndexLogGeneric$2$$Lambda/0x00007fa78850d338
4970:             1             16  com.aerospike.vector.storage.index.AerospikeStorageIndexCleaner$$FastClassByGuice$$43c068b
4971:             1             16  com.aerospike.vector.storage.index.AerospikeStorageIndexCleaner$$Lambda/0x00007fa788505a60
4972:             1             16  com.aerospike.vector.storage.index.AerospikeStorageIndexCleaner$Companion
4973:             1             16  com.aerospike.vector.storage.index.AerospikeStorageVerticesCleaner$$FastClassByGuice$$4461f03
4974:             1             16  com.aerospike.vector.storage.index.AerospikeStorageVerticesCleaner$$Lambda/0x00007fa788505c70
4975:             1             16  com.aerospike.vector.storage.index.AerospikeStorageVerticesCleaner$Companion
4976:             1             16  com.aerospike.vector.storage.inject.AerospikeStorageGuiceModule$$FastClassByGuice$$5e43b1
4977:             1             16  com.aerospike.vector.storage.inject.AerospikeStorageGuiceModule$Companion
4978:             1             16  com.aerospike.vector.transact.KvsTransactService$$FastClassByGuice$$3243bc1
4979:             1             16  com.aerospike.vector.transact.KvsTransactService$$Lambda/0x00007fa788565da8
4980:             1             16  com.aerospike.vector.transact.KvsTransactService$Companion
4981:             1             16  com.aerospike.vector.transact.inject.TransactGuiceModule$Companion
4982:             1             16  com.aerospike.vector.transact.metrics.TransactionMetrics$$FastClassByGuice$$6221be7
4983:             1             16  com.aerospike.vector.transact.metrics.TransactionMetrics$Companion
4984:             1             16  com.codahale.metrics.Clock$UserTimeClock
4985:             1             16  com.codahale.metrics.MetricFilter$$Lambda/0x00007fa7884d49d8
4986:             1             16  com.codahale.metrics.WeightedSnapshot$$Lambda/0x00007fa7888bfc90
4987:             1             16  com.cronutils.model.field.definition.FieldDefinition$$Lambda/0x00007fa788320828
4988:             1             16  com.cronutils.model.field.expression.Always
4989:             1             16  com.cronutils.model.field.expression.QuestionMark
4990:             1             16  com.cronutils.model.time.SingleExecutionTime$$Lambda/0x00007fa788326f78
4991:             1             16  com.cronutils.model.time.SingleExecutionTime$$Lambda/0x00007fa7883273b0
4992:             1             16  com.cronutils.parser.CronParser$$Lambda/0x00007fa788322c10
4993:             1             16  com.cronutils.parser.CronParserField$$Lambda/0x00007fa7883214d8
4994:             1             16  com.fasterxml.jackson.core.StreamWriteConstraints
4995:             1             16  com.fasterxml.jackson.core.io.JsonStringEncoder
4996:             1             16  com.fasterxml.jackson.core.util.DefaultPrettyPrinter$FixedSpaceIndenter
4997:             1             16  com.fasterxml.jackson.core.util.DefaultPrettyPrinter$NopIndenter
4998:             1             16  com.fasterxml.jackson.core.util.JsonRecyclerPools$ThreadLocalPool
4999:             1             16  com.fasterxml.jackson.databind.deser.std.StdKeyDeserializers
5000:             1             16  com.fasterxml.jackson.databind.introspect.AnnotationCollector$NoAnnotations
5001:             1             16  com.fasterxml.jackson.databind.introspect.NopAnnotationIntrospector$1
5002:             1             16  com.fasterxml.jackson.databind.jsontype.impl.LaissezFaireSubTypeValidator
5003:             1             16  com.fasterxml.jackson.databind.node.JsonNodeFactory
5004:             1             16  com.fasterxml.jackson.dataformat.yaml.util.StringQuotingChecker$Default
5005:             1             16  com.fasterxml.jackson.module.kotlin.BucketGenerator$Companion
5006:             1             16  com.fasterxml.jackson.module.kotlin.InternalCommonsKt$defaultConstructorMarker$2
5007:             1             16  com.fasterxml.jackson.module.kotlin.KotlinAnnotationIntrospector$Companion
5008:             1             16  com.fasterxml.jackson.module.kotlin.KotlinAnnotationIntrospector$Companion$UNIT_TYPE$2
5009:             1             16  com.fasterxml.jackson.module.kotlin.KotlinFeature$Companion
5010:             1             16  com.fasterxml.jackson.module.kotlin.KotlinKeyDeserializers
5011:             1             16  com.fasterxml.jackson.module.kotlin.KotlinModule$Builder$Companion
5012:             1             16  com.fasterxml.jackson.module.kotlin.KotlinModule$Companion
5013:             1             16  com.fasterxml.jackson.module.kotlin.ReflectionCache$BooleanTriState$Companion
5014:             1             16  com.fasterxml.jackson.module.kotlin.ReflectionCache$Companion
5015:             1             16  com.github.benmanes.caffeine.cache.BoundedLocalCache$$Lambda/0x00007fa7884bef18
5016:             1             16  com.github.benmanes.caffeine.cache.Caffeine$$Lambda/0x00007fa7884b59e8
5017:             1             16  com.github.benmanes.caffeine.cache.LocalCacheFactory$$Lambda/0x00007fa7884b7d60
5018:             1             16  com.github.benmanes.caffeine.cache.NodeFactory$$Lambda/0x00007fa7884bb9d8
5019:             1             16  com.github.benmanes.caffeine.cache.NodeFactory$DeadStrongKey
5020:             1             16  com.github.benmanes.caffeine.cache.NodeFactory$RetiredStrongKey
5021:             1             16  com.github.benmanes.caffeine.cache.SS$$Lambda/0x00007fa7884b9d98
5022:             1             16  com.github.benmanes.caffeine.cache.SSL$$Lambda/0x00007fa7884ccc60
5023:             1             16  com.github.benmanes.caffeine.cache.SSLA$$Lambda/0x00007fa7884cce70
5024:             1             16  com.github.benmanes.caffeine.cache.SSS$$Lambda/0x00007fa7888adf20
5025:             1             16  com.github.benmanes.caffeine.cache.SSSMS$$Lambda/0x00007fa7888ae130
5026:             1             16  com.github.benmanes.caffeine.cache.SSSMSA$$Lambda/0x00007fa7888ae340
5027:             1             16  com.github.benmanes.caffeine.cache.SSW$$Lambda/0x00007fa7884b9fa8
5028:             1             16  com.google.common.base.CharMatcher$Is
5029:             1             16  com.google.common.base.Equivalence$Equals
5030:             1             16  com.google.common.base.Equivalence$Identity
5031:             1             16  com.google.common.base.Platform$JdkPatternCompiler
5032:             1             16  com.google.common.base.Ticker$1
5033:             1             16  com.google.common.cache.CacheBuilder$1
5034:             1             16  com.google.common.cache.CacheBuilder$2
5035:             1             16  com.google.common.cache.CacheBuilder$3
5036:             1             16  com.google.common.cache.LocalCache$1
5037:             1             16  com.google.common.cache.LocalCache$2
5038:             1             16  com.google.common.collect.MapMakerInternalMap$1
5039:             1             16  com.google.common.collect.MapMakerInternalMap$WeakKeyStrongValueEntry$Helper
5040:             1             16  com.google.common.util.concurrent.AbstractFuture$UnsafeAtomicHelper
5041:             1             16  com.google.inject.Scopes$1
5042:             1             16  com.google.inject.Scopes$2
5043:             1             16  com.google.inject.assistedinject.FactoryProvider2$$FastClassByGuice$$46d2ebd
5044:             1             16  com.google.inject.assistedinject.FactoryProvider2$1
5045:             1             16  com.google.inject.internal.Annotations$1
5046:             1             16  com.google.inject.internal.Annotations$AnnotationToStringConfig
5047:             1             16  com.google.inject.internal.BytecodeGen$$Lambda/0x00007fa7880f39f0
5048:             1             16  com.google.inject.internal.ChildBindingAlreadySetError$$Lambda/0x00007fa78841bb78
5049:             1             16  com.google.inject.internal.ConstructorInjectorStore$$Lambda/0x00007fa78810e8a0
5050:             1             16  com.google.inject.internal.DeclaredMembers$$Lambda/0x00007fa7880d9470
5051:             1             16  com.google.inject.internal.DeclaredMembers$$Lambda/0x00007fa7880d96a0
5052:             1             16  com.google.inject.internal.DeclaredMembers$$Lambda/0x00007fa7880d98d0
5053:             1             16  com.google.inject.internal.DeclaredMembers$$Lambda/0x00007fa7880d9b00
5054:             1             16  com.google.inject.internal.DeclaredMembers$$Lambda/0x00007fa7880d9d30
5055:             1             16  com.google.inject.internal.DeclaredMembers$$Lambda/0x00007fa7880dbd70
5056:             1             16  com.google.inject.internal.DeclaredMembers$$Lambda/0x00007fa7880fcb30
5057:             1             16  com.google.inject.internal.DeclaredMembers$$Lambda/0x00007fa7880fcd60
5058:             1             16  com.google.inject.internal.DeclaredMembers$$Lambda/0x00007fa7880fcf90
5059:             1             16  com.google.inject.internal.DeclaredMembers$$Lambda/0x00007fa7880fd1c0
5060:             1             16  com.google.inject.internal.GuiceInternal
5061:             1             16  com.google.inject.internal.KotlinSupport$KotlinUnsupported
5062:             1             16  com.google.inject.internal.KotlinSupport$KotlinUnsupported$$Lambda/0x00007fa7880e6268
5063:             1             16  com.google.inject.internal.ProvidesMethodScanner
5064:             1             16  com.google.inject.internal.Scoping$1
5065:             1             16  com.google.inject.internal.Scoping$2
5066:             1             16  com.google.inject.internal.Scoping$3
5067:             1             16  com.google.inject.internal.Scoping$4
5068:             1             16  com.google.inject.internal.Scoping$5
5069:             1             16  com.google.inject.internal.SingletonScope
5070:             1             16  com.google.inject.internal.TypeConverterBindingProcessor$1
5071:             1             16  com.google.inject.internal.TypeConverterBindingProcessor$2
5072:             1             16  com.google.inject.internal.TypeConverterBindingProcessor$3
5073:             1             16  com.google.inject.internal.TypeConverterBindingProcessor$4
5074:             1             16  com.google.inject.internal.UniqueAnnotations$1
5075:             1             16  com.google.inject.internal.WeakKeySet$$Lambda/0x00007fa788415f38
5076:             1             16  com.google.inject.internal.aop.AbstractGlueGenerator$$Lambda/0x00007fa788112bf8
5077:             1             16  com.google.inject.internal.aop.HiddenClassDefiner
5078:             1             16  com.google.inject.internal.aop.UnsafeClassDefiner
5079:             1             16  com.google.inject.internal.aop.UnsafeClassDefiner$$Lambda/0x00007fa7880f6a00
5080:             1             16  com.google.inject.internal.aop.UnsafeClassDefiner$$Lambda/0x00007fa7880f7018
5081:             1             16  com.google.inject.internal.aop.UnsafeClassDefiner$ClassLoaderDefineClassHolder$$Lambda/0x00007fa788113620
5082:             1             16  com.google.inject.internal.util.NewThrowableFinder
5083:             1             16  com.google.inject.internal.util.StackTraceElements$1
5084:             1             16  com.google.inject.matcher.Matchers$Any
5085:             1             16  com.google.inject.spi.BindingSourceRestriction$$Lambda/0x00007fa7880d1678
5086:             1             16  com.google.inject.spi.BindingSourceRestriction$$Lambda/0x00007fa7880d18a8
5087:             1             16  com.google.inject.spi.BindingSourceRestriction$$Lambda/0x00007fa7880ff860
5088:             1             16  com.google.inject.spi.Elements$1
5089:             1             16  com.google.inject.spi.InjectionPoint$$Lambda/0x00007fa78810b088
5090:             1             16  com.google.inject.spi.InjectionPoint$$Lambda/0x00007fa78810b2c8
5091:             1             16  com.google.inject.spi.InjectionPoint$$Lambda/0x00007fa78810b508
5092:             1             16  com.google.inject.util.Modules$EmptyModule
5093:             1             16  com.google.protobuf.ByteString$2
5094:             1             16  com.google.protobuf.ByteString$ArraysByteArrayCopier
5095:             1             16  com.google.protobuf.DescriptorProtos$DescriptorProto$1
5096:             1             16  com.google.protobuf.DescriptorProtos$EnumDescriptorProto$1
5097:             1             16  com.google.protobuf.DescriptorProtos$EnumValueDescriptorProto$1
5098:             1             16  com.google.protobuf.DescriptorProtos$EnumValueOptions$1
5099:             1             16  com.google.protobuf.DescriptorProtos$FieldDescriptorProto$1
5100:             1             16  com.google.protobuf.DescriptorProtos$FieldDescriptorProto$Label$1
5101:             1             16  com.google.protobuf.DescriptorProtos$FieldDescriptorProto$Type$1
5102:             1             16  com.google.protobuf.DescriptorProtos$FieldOptions$1
5103:             1             16  com.google.protobuf.DescriptorProtos$FieldOptions$2
5104:             1             16  com.google.protobuf.DescriptorProtos$FileDescriptorProto$1
5105:             1             16  com.google.protobuf.DescriptorProtos$FileOptions$1
5106:             1             16  com.google.protobuf.DescriptorProtos$MessageOptions$1
5107:             1             16  com.google.protobuf.DescriptorProtos$MethodDescriptorProto$1
5108:             1             16  com.google.protobuf.DescriptorProtos$MethodOptions$1
5109:             1             16  com.google.protobuf.DescriptorProtos$OneofDescriptorProto$1
5110:             1             16  com.google.protobuf.DescriptorProtos$ServiceDescriptorProto$1
5111:             1             16  com.google.protobuf.Descriptors$EnumValueDescriptor$1
5112:             1             16  com.google.protobuf.Descriptors$EnumValueDescriptor$2
5113:             1             16  com.google.protobuf.Descriptors$FieldDescriptor$1
5114:             1             16  com.google.protobuf.Empty$1
5115:             1             16  com.google.protobuf.SmallSortedMap$EmptySet$1
5116:             1             16  com.google.protobuf.SmallSortedMap$EmptySet$2
5117:             1             16  com.google.protobuf.UnknownFieldSet$Parser
5118:             1             16  com.google.protobuf.Utf8$UnsafeProcessor
5119:             1             16  com.sun.jmx.interceptor.DefaultMBeanServerInterceptor$ResourceContext$1 (java.management@21.0.6)
5120:             1             16  com.sun.jmx.mbeanserver.DefaultMXBeanMappingFactory (java.management@21.0.6)
5121:             1             16  com.sun.jmx.mbeanserver.MBeanAnalyzer$MethodOrder (java.management@21.0.6)
5122:             1             16  com.sun.management.internal.HotSpotDiagnostic (jdk.management@21.0.6)
5123:             1             16  com.sun.management.internal.PlatformMBeanProviderImpl$$Lambda/0x00007fa7882e6720 (jdk.management@21.0.6)
5124:             1             16  io.grpc.ClientInterceptors$2
5125:             1             16  io.grpc.Codec$Identity
5126:             1             16  io.grpc.Deadline$SystemTicker
5127:             1             16  io.grpc.LoadBalancer$1
5128:             1             16  io.grpc.LoadBalancerProvider$UnknownConfig
5129:             1             16  io.grpc.Metadata$1
5130:             1             16  io.grpc.Metadata$2
5131:             1             16  io.grpc.Status$StatusCodeMarshaller
5132:             1             16  io.grpc.Status$StatusMessageMarshaller
5133:             1             16  io.grpc.ThreadLocalContextStorage
5134:             1             16  io.grpc.internal.CallTracer$1
5135:             1             16  io.grpc.internal.CompositeReadableBuffer$1
5136:             1             16  io.grpc.internal.CompositeReadableBuffer$2
5137:             1             16  io.grpc.internal.CompositeReadableBuffer$3
5138:             1             16  io.grpc.internal.CompositeReadableBuffer$4
5139:             1             16  io.grpc.internal.CompositeReadableBuffer$5
5140:             1             16  io.grpc.internal.DelayedClientCall$8
5141:             1             16  io.grpc.internal.DnsNameResolverProvider
5142:             1             16  io.grpc.internal.GrpcUtil$1
5143:             1             16  io.grpc.internal.GrpcUtil$2
5144:             1             16  io.grpc.internal.GrpcUtil$3
5145:             1             16  io.grpc.internal.GrpcUtil$4
5146:             1             16  io.grpc.internal.GrpcUtil$5
5147:             1             16  io.grpc.internal.GrpcUtil$TimeoutMarshaller
5148:             1             16  io.grpc.internal.Http2ClientStreamTransportState$1
5149:             1             16  io.grpc.internal.JndiResourceResolverFactory
5150:             1             16  io.grpc.internal.KeepAliveEnforcer$SystemTicker
5151:             1             16  io.grpc.internal.ManagedChannelImpl$1
5152:             1             16  io.grpc.internal.ManagedChannelImpl$2
5153:             1             16  io.grpc.internal.ManagedChannelImpl$5
5154:             1             16  io.grpc.internal.NoopClientStream
5155:             1             16  io.grpc.internal.PickFirstLoadBalancerProvider
5156:             1             16  io.grpc.internal.ProxyDetectorImpl$1
5157:             1             16  io.grpc.internal.ProxyDetectorImpl$2
5158:             1             16  io.grpc.internal.ServerImpl$NoopListener
5159:             1             16  io.grpc.internal.ServerImplBuilder$DefaultFallbackRegistry
5160:             1             16  io.grpc.internal.SharedResourceHolder$1
5161:             1             16  io.grpc.netty.NettyAdaptiveCumulator
5162:             1             16  io.grpc.netty.UdsNameResolverProvider
5163:             1             16  io.grpc.util.OutlierDetectionLoadBalancerProvider
5164:             1             16  io.grpc.util.SecretRoundRobinLoadBalancerProvider$Provider
5165:             1             16  io.netty.bootstrap.ChannelInitializerExtensions$EmptyExtensions
5166:             1             16  io.netty.buffer.AbstractReferenceCountedByteBuf$1
5167:             1             16  io.netty.buffer.ByteBufUtil$1
5168:             1             16  io.netty.buffer.ByteBufUtil$2
5169:             1             16  io.netty.buffer.PoolThreadCache$MemoryRegionCache$1
5170:             1             16  io.netty.buffer.PooledSlicedByteBuf$1
5171:             1             16  io.netty.buffer.PooledUnsafeDirectByteBuf$1
5172:             1             16  io.netty.channel.AbstractChannelHandlerContext$WriteTask$1
5173:             1             16  io.netty.channel.ChannelFutureListener$1
5174:             1             16  io.netty.channel.ChannelFutureListener$2
5175:             1             16  io.netty.channel.ChannelFutureListener$3
5176:             1             16  io.netty.channel.ChannelHandlerMask$1
5177:             1             16  io.netty.channel.ChannelOutboundBuffer$1
5178:             1             16  io.netty.channel.ChannelOutboundBuffer$Entry$1
5179:             1             16  io.netty.channel.DefaultChannelPipeline$1
5180:             1             16  io.netty.channel.DefaultMessageSizeEstimator$HandleImpl
5181:             1             16  io.netty.channel.DefaultSelectStrategy
5182:             1             16  io.netty.channel.DefaultSelectStrategyFactory
5183:             1             16  io.netty.handler.codec.ByteToMessageDecoder$1
5184:             1             16  io.netty.handler.codec.ByteToMessageDecoder$2
5185:             1             16  io.netty.handler.codec.CodecOutputList$1
5186:             1             16  io.netty.handler.codec.CodecOutputList$2
5187:             1             16  io.netty.handler.codec.http2.DefaultHttp2LocalFlowController$2
5188:             1             16  io.netty.handler.codec.http2.Http2ConnectionPrefaceAndSettingsFrameWrittenEvent
5189:             1             16  io.netty.handler.codec.http2.Http2HeadersEncoder$1
5190:             1             16  io.netty.handler.codec.http2.Http2HeadersEncoder$2
5191:             1             16  io.netty.handler.codec.http2.Http2PromisedRequestVerifier$1
5192:             1             16  io.netty.handler.codec.http2.WeightedFairQueueByteDistributor$StateOnlyComparator
5193:             1             16  io.netty.handler.codec.http2.WeightedFairQueueByteDistributor$StatePseudoTimeComparator
5194:             1             16  io.netty.util.AbstractReferenceCounted$1
5195:             1             16  io.netty.util.AsciiString$1
5196:             1             16  io.netty.util.AsciiString$2
5197:             1             16  io.netty.util.NettyRuntime$AvailableProcessorsHolder
5198:             1             16  io.netty.util.Recycler$1
5199:             1             16  io.netty.util.collection.IntCollections$EmptyMap
5200:             1             16  io.netty.util.concurrent.AbstractScheduledEventExecutor$1
5201:             1             16  io.netty.util.concurrent.AbstractScheduledEventExecutor$2
5202:             1             16  io.netty.util.concurrent.DefaultEventExecutorChooserFactory
5203:             1             16  io.netty.util.concurrent.FastThreadLocal
5204:             1             16  io.netty.util.concurrent.RejectedExecutionHandlers$1
5205:             1             16  io.netty.util.concurrent.SingleThreadEventExecutor$1
5206:             1             16  io.netty.util.internal.CleanerJava9
5207:             1             16  io.netty.util.internal.PlatformDependent$1
5208:             1             16  io.netty.util.internal.PlatformDependent$2
5209:             1             16  io.netty.util.internal.TypeParameterMatcher$1
5210:             1             16  io.perfmark.Impl
5211:             1             16  io.perfmark.TaskCloseable
5212:             1             16  io.prometheus.client.SampleNameFilter$AllowAll
5213:             1             16  io.prometheus.client.dropwizard.samplebuilder.DefaultSampleBuilder
5214:             1             16  io.undertow.predicate.AuthenticationRequiredPredicate
5215:             1             16  io.undertow.security.impl.BasicAuthenticationMechanism$Factory
5216:             1             16  io.undertow.security.impl.ClientCertAuthenticationMechanism$Factory
5217:             1             16  io.undertow.security.impl.DigestAuthenticationMechanism$Factory
5218:             1             16  io.undertow.security.impl.ExternalAuthenticationMechanism$Factory
5219:             1             16  io.undertow.security.impl.GenericHeaderAuthenticationMechanism$Factory
5220:             1             16  io.undertow.security.impl.SecurityContextFactoryImpl
5221:             1             16  io.undertow.server.handlers.HttpContinueReadHandler$1
5222:             1             16  io.undertow.server.handlers.resource.ResourceManager$1
5223:             1             16  io.undertow.servlet.core.ApplicationListeners$1
5224:             1             16  io.undertow.servlet.core.DefaultAuthorizationManager
5225:             1             16  io.undertow.servlet.core.ServletRequestContextThreadSetupAction
5226:             1             16  io.undertow.servlet.handlers.ServletDispatchingHandler
5227:             1             16  io.undertow.servlet.handlers.security.ServletFormAuthenticationMechanism$1
5228:             1             16  io.undertow.servlet.handlers.security.ServletFormAuthenticationMechanism$Factory
5229:             1             16  io.undertow.servlet.util.DefaultClassIntrospector
5230:             1             16  io.undertow.util.DateUtils$1
5231:             1             16  io.undertow.util.DateUtils$2
5232:             1             16  io.undertow.util.DateUtils$3
5233:             1             16  io.undertow.util.DateUtils$4
5234:             1             16  io.undertow.util.URLUtils$1
5235:             1             16  io.undertow.util.URLUtils$2
5236:             1             16  jakarta.xml.bind.ContextFinder$1
5237:             1             16  java.io.FileDescriptor$1 (java.base@21.0.6)
5238:             1             16  java.io.FilePermission$1 (java.base@21.0.6)
5239:             1             16  java.io.FilePermissionCollection$$Lambda/0x00007fa788057150 (java.base@21.0.6)
5240:             1             16  java.io.PrintStream$1 (java.base@21.0.6)
5241:             1             16  java.io.PrintWriter$1 (java.base@21.0.6)
5242:             1             16  java.io.RandomAccessFile$2 (java.base@21.0.6)
5243:             1             16  java.lang.ApplicationShutdownHooks$1 (java.base@21.0.6)
5244:             1             16  java.lang.CharacterData00 (java.base@21.0.6)
5245:             1             16  java.lang.CharacterDataLatin1 (java.base@21.0.6)
5246:             1             16  java.lang.Class$$Lambda/0x00007fa78807aa78 (java.base@21.0.6)
5247:             1             16  java.lang.ClassLoader$$DefineAccessByGuice$$/0x00007fa788116400 (java.base@21.0.6)
5248:             1             16  java.lang.InheritableThreadLocal (java.base@21.0.6)
5249:             1             16  java.lang.Module$$Lambda/0x00007fa7880415c8 (java.base@21.0.6)
5250:             1             16  java.lang.ProcessHandleImpl$$Lambda/0x00007fa7883fc130 (java.base@21.0.6)
5251:             1             16  java.lang.Runtime (java.base@21.0.6)
5252:             1             16  java.lang.String$CaseInsensitiveComparator (java.base@21.0.6)
5253:             1             16  java.lang.System$2 (java.base@21.0.6)
5254:             1             16  java.lang.System$LoggerFinder$$Lambda/0x00007fa7882f10a8 (java.base@21.0.6)
5255:             1             16  java.lang.Terminator$1 (java.base@21.0.6)
5256:             1             16  java.lang.invoke.ClassSpecializer$1 (java.base@21.0.6)
5257:             1             16  java.lang.invoke.MemberName$Factory (java.base@21.0.6)
5258:             1             16  java.lang.invoke.MethodHandleImpl$1 (java.base@21.0.6)
5259:             1             16  java.lang.management.DefaultPlatformMBeanProvider$5$$Lambda/0x00007fa7883477e8 (java.management@21.0.6)
5260:             1             16  java.lang.management.ManagementFactory$$Lambda/0x00007fa7882e5710 (java.management@21.0.6)
5261:             1             16  java.lang.management.ManagementFactory$$Lambda/0x00007fa7882f73a0 (java.management@21.0.6)
5262:             1             16  java.lang.management.ManagementFactory$$Lambda/0x00007fa7882f75e0 (java.management@21.0.6)
5263:             1             16  java.lang.management.ManagementFactory$$Lambda/0x00007fa7882f7810 (java.management@21.0.6)
5264:             1             16  java.lang.module.ModuleDescriptor$1 (java.base@21.0.6)
5265:             1             16  java.lang.module.ModuleDescriptor$Builder$$Lambda/0x800000002 (java.base@21.0.6)
5266:             1             16  java.lang.ref.Cleaner$1 (java.base@21.0.6)
5267:             1             16  java.lang.ref.Reference$1 (java.base@21.0.6)
5268:             1             16  java.lang.reflect.AccessFlag$1 (java.base@21.0.6)
5269:             1             16  java.lang.reflect.AccessFlag$10 (java.base@21.0.6)
5270:             1             16  java.lang.reflect.AccessFlag$11 (java.base@21.0.6)
5271:             1             16  java.lang.reflect.AccessFlag$12 (java.base@21.0.6)
5272:             1             16  java.lang.reflect.AccessFlag$13 (java.base@21.0.6)
5273:             1             16  java.lang.reflect.AccessFlag$14 (java.base@21.0.6)
5274:             1             16  java.lang.reflect.AccessFlag$15 (java.base@21.0.6)
5275:             1             16  java.lang.reflect.AccessFlag$16 (java.base@21.0.6)
5276:             1             16  java.lang.reflect.AccessFlag$17 (java.base@21.0.6)
5277:             1             16  java.lang.reflect.AccessFlag$18 (java.base@21.0.6)
5278:             1             16  java.lang.reflect.AccessFlag$2 (java.base@21.0.6)
5279:             1             16  java.lang.reflect.AccessFlag$3 (java.base@21.0.6)
5280:             1             16  java.lang.reflect.AccessFlag$4 (java.base@21.0.6)
5281:             1             16  java.lang.reflect.AccessFlag$5 (java.base@21.0.6)
5282:             1             16  java.lang.reflect.AccessFlag$6 (java.base@21.0.6)
5283:             1             16  java.lang.reflect.AccessFlag$7 (java.base@21.0.6)
5284:             1             16  java.lang.reflect.AccessFlag$8 (java.base@21.0.6)
5285:             1             16  java.lang.reflect.AccessFlag$9 (java.base@21.0.6)
5286:             1             16  java.lang.reflect.Proxy$$Lambda/0x00007fa788068438 (java.base@21.0.6)
5287:             1             16  java.lang.reflect.Proxy$ProxyBuilder$$Lambda/0x00007fa7880696a8 (java.base@21.0.6)
5288:             1             16  java.lang.reflect.ProxyGenerator$$Lambda/0x00007fa78806a1f0 (java.base@21.0.6)
5289:             1             16  java.lang.reflect.ProxyGenerator$$Lambda/0x00007fa78806a420 (java.base@21.0.6)
5290:             1             16  java.lang.reflect.ReflectAccess (java.base@21.0.6)
5291:             1             16  java.net.InetAddress$$Lambda/0x00007fa7883dd528 (java.base@21.0.6)
5292:             1             16  java.net.InetAddress$$Lambda/0x00007fa7883dd758 (java.base@21.0.6)
5293:             1             16  java.net.InetAddress$1 (java.base@21.0.6)
5294:             1             16  java.net.InetAddress$PlatformResolver (java.base@21.0.6)
5295:             1             16  java.net.URI$1 (java.base@21.0.6)
5296:             1             16  java.net.URL$3 (java.base@21.0.6)
5297:             1             16  java.net.URL$DefaultFactory (java.base@21.0.6)
5298:             1             16  java.net.spi.InetAddressResolver$LookupPolicy (java.base@21.0.6)
5299:             1             16  java.nio.Bits$1 (java.base@21.0.6)
5300:             1             16  java.nio.Buffer$1 (java.base@21.0.6)
5301:             1             16  java.nio.Buffer$2 (java.base@21.0.6)
5302:             1             16  java.nio.channels.spi.SelectorProvider$Holder$$Lambda/0x00007fa788350e78 (java.base@21.0.6)
5303:             1             16  java.nio.file.Files$AcceptAllFilter (java.base@21.0.6)
5304:             1             16  java.security.AllPermissionCollection (java.base@21.0.6)
5305:             1             16  java.security.ProtectionDomain$JavaSecurityAccessImpl (java.base@21.0.6)
5306:             1             16  java.security.Security$$Lambda/0x80000000b (java.base@21.0.6)
5307:             1             16  java.security.Security$1 (java.base@21.0.6)
5308:             1             16  java.security.Security$2 (java.base@21.0.6)
5309:             1             16  java.security.Signature$1 (java.base@21.0.6)
5310:             1             16  java.security.spec.EncodedKeySpec$$Lambda/0x00007fa78836eb28 (java.base@21.0.6)
5311:             1             16  java.text.DontCareFieldPosition$1 (java.base@21.0.6)
5312:             1             16  java.time.ZoneOffset$$Lambda/0x80000000c (java.base@21.0.6)
5313:             1             16  java.time.chrono.IsoChronology (java.base@21.0.6)
5314:             1             16  java.time.format.DateTimeFormatter$$Lambda/0x80000000d (java.base@21.0.6)
5315:             1             16  java.time.format.DateTimeFormatter$$Lambda/0x80000000e (java.base@21.0.6)
5316:             1             16  java.time.format.DateTimeFormatterBuilder$$Lambda/0x80000000f (java.base@21.0.6)
5317:             1             16  java.time.format.DateTimeFormatterBuilder$InstantPrinterParser (java.base@21.0.6)
5318:             1             16  java.time.format.DateTimeTextProvider (java.base@21.0.6)
5319:             1             16  java.time.format.DateTimeTextProvider$1 (java.base@21.0.6)
5320:             1             16  java.time.temporal.TemporalQueries$1 (java.base@21.0.6)
5321:             1             16  java.time.temporal.TemporalQueries$2 (java.base@21.0.6)
5322:             1             16  java.time.temporal.TemporalQueries$3 (java.base@21.0.6)
5323:             1             16  java.time.temporal.TemporalQueries$4 (java.base@21.0.6)
5324:             1             16  java.time.temporal.TemporalQueries$5 (java.base@21.0.6)
5325:             1             16  java.time.temporal.TemporalQueries$6 (java.base@21.0.6)
5326:             1             16  java.time.temporal.TemporalQueries$7 (java.base@21.0.6)
5327:             1             16  java.util.Collections$EmptyEnumeration (java.base@21.0.6)
5328:             1             16  java.util.Collections$EmptyIterator (java.base@21.0.6)
5329:             1             16  java.util.Collections$EmptyList (java.base@21.0.6)
5330:             1             16  java.util.Collections$EmptySet (java.base@21.0.6)
5331:             1             16  java.util.Collections$ReverseComparator (java.base@21.0.6)
5332:             1             16  java.util.EnumMap$1 (java.base@21.0.6)
5333:             1             16  java.util.ImmutableCollections$Access$1 (java.base@21.0.6)
5334:             1             16  java.util.ResourceBundle$1 (java.base@21.0.6)
5335:             1             16  java.util.ResourceBundle$Control (java.base@21.0.6)
5336:             1             16  java.util.ResourceBundle$ResourceBundleControlProviderHolder$$Lambda/0x00007fa788571a28 (java.base@21.0.6)
5337:             1             16  java.util.ResourceBundle$ResourceBundleControlProviderHolder$$Lambda/0x00007fa7885720b8 (java.base@21.0.6)
5338:             1             16  java.util.Spliterators$EmptySpliterator$OfDouble (java.base@21.0.6)
5339:             1             16  java.util.Spliterators$EmptySpliterator$OfInt (java.base@21.0.6)
5340:             1             16  java.util.Spliterators$EmptySpliterator$OfLong (java.base@21.0.6)
5341:             1             16  java.util.Spliterators$EmptySpliterator$OfRef (java.base@21.0.6)
5342:             1             16  java.util.concurrent.CompletableFuture$Delayer$DaemonThreadFactory (java.base@21.0.6)
5343:             1             16  java.util.concurrent.ForkJoinPool$2 (java.base@21.0.6)
5344:             1             16  java.util.concurrent.ForkJoinPool$DefaultForkJoinWorkerThreadFactory (java.base@21.0.6)
5345:             1             16  java.util.concurrent.ThreadPoolExecutor$CallerRunsPolicy (java.base@21.0.6)
5346:             1             16  java.util.concurrent.ThreadPoolExecutor$DiscardOldestPolicy (java.base@21.0.6)
5347:             1             16  java.util.concurrent.ThreadPoolExecutor$DiscardPolicy (java.base@21.0.6)
5348:             1             16  java.util.function.Function$$Lambda/0x00007fa788347a18 (java.base@21.0.6)
5349:             1             16  java.util.jar.JavaUtilJarAccessImpl (java.base@21.0.6)
5350:             1             16  java.util.logging.ErrorManager (java.logging@21.0.6)
5351:             1             16  java.util.logging.Level$$Lambda/0x800000011 (java.logging@21.0.6)
5352:             1             16  java.util.logging.Level$KnownLevel$$Lambda/0x800000021 (java.logging@21.0.6)
5353:             1             16  java.util.logging.Level$KnownLevel$$Lambda/0x800000022 (java.logging@21.0.6)
5354:             1             16  java.util.logging.Level$KnownLevel$$Lambda/0x800000023 (java.logging@21.0.6)
5355:             1             16  java.util.logging.LogManager$LoggingProviderAccess (java.logging@21.0.6)
5356:             1             16  java.util.logging.Logging (java.logging@21.0.6)
5357:             1             16  java.util.regex.CharPredicates$$Lambda/0x00007fa788062200 (java.base@21.0.6)
5358:             1             16  java.util.regex.CharPredicates$$Lambda/0x800000025 (java.base@21.0.6)
5359:             1             16  java.util.regex.CharPredicates$$Lambda/0x800000026 (java.base@21.0.6)
5360:             1             16  java.util.regex.Pattern$$Lambda/0x00007fa788178000 (java.base@21.0.6)
5361:             1             16  java.util.regex.Pattern$$Lambda/0x00007fa788576010 (java.base@21.0.6)
5362:             1             16  java.util.stream.Collectors$$Lambda/0x00007fa788075ef8 (java.base@21.0.6)
5363:             1             16  java.util.stream.Collectors$$Lambda/0x00007fa788076108 (java.base@21.0.6)
5364:             1             16  java.util.stream.Collectors$$Lambda/0x00007fa788076328 (java.base@21.0.6)
5365:             1             16  java.util.stream.Collectors$$Lambda/0x00007fa788347c48 (java.base@21.0.6)
5366:             1             16  java.util.stream.Collectors$$Lambda/0x00007fa788348080 (java.base@21.0.6)
5367:             1             16  java.util.stream.Collectors$$Lambda/0x00007fa78857ee30 (java.base@21.0.6)
5368:             1             16  java.util.stream.Collectors$$Lambda/0x00007fa78857f050 (java.base@21.0.6)
5369:             1             16  java.util.stream.Collectors$$Lambda/0x800000039 (java.base@21.0.6)
5370:             1             16  java.util.stream.Collectors$$Lambda/0x80000003e (java.base@21.0.6)
5371:             1             16  java.util.stream.Collectors$$Lambda/0x800000040 (java.base@21.0.6)
5372:             1             16  java.util.stream.Collectors$$Lambda/0x800000041 (java.base@21.0.6)
5373:             1             16  java.util.stream.Collectors$$Lambda/0x800000042 (java.base@21.0.6)
5374:             1             16  java.util.stream.Collectors$$Lambda/0x800000043 (java.base@21.0.6)
5375:             1             16  java.util.stream.Collectors$$Lambda/0x800000045 (java.base@21.0.6)
5376:             1             16  java.util.stream.FindOps$FindSink$OfRef$$Lambda/0x800000048 (java.base@21.0.6)
5377:             1             16  java.util.stream.FindOps$FindSink$OfRef$$Lambda/0x800000049 (java.base@21.0.6)
5378:             1             16  java.util.stream.FindOps$FindSink$OfRef$$Lambda/0x80000004a (java.base@21.0.6)
5379:             1             16  java.util.stream.FindOps$FindSink$OfRef$$Lambda/0x80000004b (java.base@21.0.6)
5380:             1             16  java.util.stream.LongPipeline$$Lambda/0x00007fa78857da38 (java.base@21.0.6)
5381:             1             16  java.util.stream.LongPipeline$$Lambda/0x00007fa788842538 (java.base@21.0.6)
5382:             1             16  java.util.stream.Nodes$EmptyNode$OfDouble (java.base@21.0.6)
5383:             1             16  java.util.stream.Nodes$EmptyNode$OfInt (java.base@21.0.6)
5384:             1             16  java.util.stream.Nodes$EmptyNode$OfLong (java.base@21.0.6)
5385:             1             16  java.util.stream.Nodes$EmptyNode$OfRef (java.base@21.0.6)
5386:             1             16  java.util.stream.ReferencePipeline$$Lambda/0x00007fa78834eb20 (java.base@21.0.6)
5387:             1             16  java.util.zip.ZipFile$1 (java.base@21.0.6)
5388:             1             16  javax.management.JMX (java.management@21.0.6)
5389:             1             16  javax.management.MBeanServerBuilder (java.management@21.0.6)
5390:             1             16  javax.management.NotificationBroadcasterSupport$1 (java.management@21.0.6)
5391:             1             16  jdk.incubator.vector.ByteVector$$Lambda/0x00007fa788848bc0 (jdk.incubator.vector@21.0.6)
5392:             1             16  jdk.incubator.vector.ByteVector$$Lambda/0x00007fa788849788 (jdk.incubator.vector@21.0.6)
5393:             1             16  jdk.incubator.vector.ByteVector$$Lambda/0x00007fa78884a350 (jdk.incubator.vector@21.0.6)
5394:             1             16  jdk.incubator.vector.ByteVector$$Lambda/0x00007fa78884af18 (jdk.incubator.vector@21.0.6)
5395:             1             16  jdk.incubator.vector.ByteVector$$Lambda/0x00007fa78884bae0 (jdk.incubator.vector@21.0.6)
5396:             1             16  jdk.incubator.vector.FloatVector$$Lambda/0x00007fa7883f7e68 (jdk.incubator.vector@21.0.6)
5397:             1             16  jdk.incubator.vector.FloatVector$$Lambda/0x00007fa7883f8a18 (jdk.incubator.vector@21.0.6)
5398:             1             16  jdk.incubator.vector.FloatVector$$Lambda/0x00007fa7883f95c8 (jdk.incubator.vector@21.0.6)
5399:             1             16  jdk.incubator.vector.FloatVector$$Lambda/0x00007fa7883fa178 (jdk.incubator.vector@21.0.6)
5400:             1             16  jdk.incubator.vector.FloatVector$$Lambda/0x00007fa7883fad28 (jdk.incubator.vector@21.0.6)
5401:             1             16  jdk.incubator.vector.FloatVector$$Lambda/0x00007fa7888471b8 (jdk.incubator.vector@21.0.6)
5402:             1             16  jdk.incubator.vector.FloatVector$$Lambda/0x00007fa78884c320 (jdk.incubator.vector@21.0.6)
5403:             1             16  jdk.incubator.vector.FloatVector$$Lambda/0x00007fa78884d9b0 (jdk.incubator.vector@21.0.6)
5404:             1             16  jdk.incubator.vector.FloatVector$$Lambda/0x00007fa7888534a8 (jdk.incubator.vector@21.0.6)
5405:             1             16  jdk.incubator.vector.FloatVector$$Lambda/0x00007fa788854528 (jdk.incubator.vector@21.0.6)
5406:             1             16  jdk.incubator.vector.FloatVector$$Lambda/0x00007fa7888561e8 (jdk.incubator.vector@21.0.6)
5407:             1             16  jdk.incubator.vector.FloatVector$$Lambda/0x00007fa788857668 (jdk.incubator.vector@21.0.6)
5408:             1             16  jdk.incubator.vector.FloatVector$$Lambda/0x00007fa7888582c8 (jdk.incubator.vector@21.0.6)
5409:             1             16  jdk.incubator.vector.FloatVector$$Lambda/0x00007fa78885a7c8 (jdk.incubator.vector@21.0.6)
5410:             1             16  jdk.incubator.vector.FloatVector$$Lambda/0x00007fa78885bc68 (jdk.incubator.vector@21.0.6)
5411:             1             16  jdk.incubator.vector.FloatVector$$Lambda/0x00007fa78885c298 (jdk.incubator.vector@21.0.6)
5412:             1             16  jdk.incubator.vector.FloatVector$$Lambda/0x00007fa78885ccc8 (jdk.incubator.vector@21.0.6)
5413:             1             16  jdk.incubator.vector.FloatVector$$Lambda/0x00007fa78885db38 (jdk.incubator.vector@21.0.6)
5414:             1             16  jdk.incubator.vector.FloatVector$$Lambda/0x00007fa78885e588 (jdk.incubator.vector@21.0.6)
5415:             1             16  jdk.incubator.vector.IntVector$$Lambda/0x00007fa7883f3828 (jdk.incubator.vector@21.0.6)
5416:             1             16  jdk.incubator.vector.IntVector$$Lambda/0x00007fa7883f43e8 (jdk.incubator.vector@21.0.6)
5417:             1             16  jdk.incubator.vector.IntVector$$Lambda/0x00007fa7883f4fa8 (jdk.incubator.vector@21.0.6)
5418:             1             16  jdk.incubator.vector.IntVector$$Lambda/0x00007fa7883f5b68 (jdk.incubator.vector@21.0.6)
5419:             1             16  jdk.incubator.vector.IntVector$$Lambda/0x00007fa7883f6ed8 (jdk.incubator.vector@21.0.6)
5420:             1             16  jdk.incubator.vector.VectorIntrinsics$$Lambda/0x00007fa788846db8 (jdk.incubator.vector@21.0.6)
5421:             1             16  jdk.internal.icu.impl.Norm2AllModes$NoopNormalizer2 (java.base@21.0.6)
5422:             1             16  jdk.internal.icu.impl.NormalizerImpl$IsAcceptable (java.base@21.0.6)
5423:             1             16  jdk.internal.icu.text.NormalizerBase$NFCMode (java.base@21.0.6)
5424:             1             16  jdk.internal.icu.text.NormalizerBase$NFDMode (java.base@21.0.6)
5425:             1             16  jdk.internal.icu.text.NormalizerBase$NFKCMode (java.base@21.0.6)
5426:             1             16  jdk.internal.icu.text.NormalizerBase$NFKDMode (java.base@21.0.6)
5427:             1             16  jdk.internal.icu.text.NormalizerBase$NONEMode (java.base@21.0.6)
5428:             1             16  jdk.internal.icu.util.VersionInfo (java.base@21.0.6)
5429:             1             16  jdk.internal.jimage.ImageReaderFactory$1 (java.base@21.0.6)
5430:             1             16  jdk.internal.logger.LazyLoggers$1 (java.base@21.0.6)
5431:             1             16  jdk.internal.math.FloatingDecimal$1 (java.base@21.0.6)
5432:             1             16  jdk.internal.misc.CarrierThreadLocal (java.base@21.0.6)
5433:             1             16  jdk.internal.misc.ScopedMemoryAccess (java.base@21.0.6)
5434:             1             16  jdk.internal.misc.TerminatingThreadLocal$1 (java.base@21.0.6)
5435:             1             16  jdk.internal.misc.Unsafe (java.base@21.0.6)
5436:             1             16  jdk.internal.module.DefaultRoots$$Lambda/0x80000004e (java.base@21.0.6)
5437:             1             16  jdk.internal.module.DefaultRoots$$Lambda/0x80000004f (java.base@21.0.6)
5438:             1             16  jdk.internal.module.DefaultRoots$$Lambda/0x800000050 (java.base@21.0.6)
5439:             1             16  jdk.internal.module.DefaultRoots$$Lambda/0x800000051 (java.base@21.0.6)
5440:             1             16  jdk.internal.module.ModuleBootstrap$$Lambda/0x00007fa788041398 (java.base@21.0.6)
5441:             1             16  jdk.internal.module.ModuleResolution (java.base@21.0.6)
5442:             1             16  jdk.internal.perf.Perf (java.base@21.0.6)
5443:             1             16  jdk.internal.platform.CgroupSubsystemFactory$$Lambda/0x00007fa788344048 (java.base@21.0.6)
5444:             1             16  jdk.internal.platform.cgroupv1.CgroupV1Subsystem$$Lambda/0x00007fa788345348 (java.base@21.0.6)
5445:             1             16  jdk.internal.util.Preconditions$1 (java.base@21.0.6)
5446:             1             16  jdk.internal.util.Preconditions$2 (java.base@21.0.6)
5447:             1             16  jdk.internal.util.Preconditions$3 (java.base@21.0.6)
5448:             1             16  jdk.jfr.internal.SecuritySupport$$Lambda/0x00007fa7883523a0 (jdk.jfr@21.0.6)
5449:             1             16  jdk.jfr.internal.SecuritySupport$Privileged (jdk.jfr@21.0.6)
5450:             1             16  jdk.jfr.internal.consumer.FileAccess$UnPrivileged (jdk.jfr@21.0.6)
5451:             1             16  jdk.jfr.internal.dcmd.DCmdCheck$$Lambda/0x00007fa78835a9c8 (jdk.jfr@21.0.6)
5452:             1             16  jdk.jfr.internal.dcmd.DCmdDump$$Lambda/0x00007fa78835a7b8 (jdk.jfr@21.0.6)
5453:             1             16  jdk.jfr.internal.dcmd.DCmdStart$$Lambda/0x00007fa788353ee8 (jdk.jfr@21.0.6)
5454:             1             16  jdk.jfr.internal.dcmd.DCmdStart$$Lambda/0x00007fa78835a5a8 (jdk.jfr@21.0.6)
5455:             1             16  jdk.jfr.internal.dcmd.DCmdStop$$Lambda/0x00007fa788350620 (jdk.jfr@21.0.6)
5456:             1             16  jdk.jfr.internal.dcmd.DCmdView$$Lambda/0x00007fa788350410 (jdk.jfr@21.0.6)
5457:             1             16  jdk.jfr.internal.jfc.model.JFCModel$$Lambda/0x00007fa78835a158 (jdk.jfr@21.0.6)
5458:             1             16  jdk.jfr.internal.jfc.model.JFCModel$$Lambda/0x00007fa78835a378 (jdk.jfr@21.0.6)
5459:             1             16  jdk.management.jfr.SettingDescriptorInfo$1 (jdk.management.jfr@21.0.6)
5460:             1             16  jdk.net.LinuxSocketOptions (jdk.net@21.0.6)
5461:             1             16  kotlin.KotlinVersion$Companion
5462:             1             16  kotlin.KotlinVersionCurrentValue
5463:             1             16  kotlin.Result$Companion
5464:             1             16  kotlin.SafePublicationLazyImpl$Companion
5465:             1             16  kotlin.UInt$Companion
5466:             1             16  kotlin.ULong$Companion
5467:             1             16  kotlin.UNINITIALIZED_VALUE
5468:             1             16  kotlin.Unit
5469:             1             16  kotlin._Assertions
5470:             1             16  kotlin.collections.AbstractList$Companion
5471:             1             16  kotlin.collections.EmptyIterator
5472:             1             16  kotlin.collections.EmptyList
5473:             1             16  kotlin.collections.EmptyMap
5474:             1             16  kotlin.collections.EmptySet
5475:             1             16  kotlin.collections.builders.MapBuilder$Companion
5476:             1             16  kotlin.coroutines.CombinedContext$$Lambda/0x00007fa7888f7368
5477:             1             16  kotlin.coroutines.ContinuationInterceptor$Key
5478:             1             16  kotlin.coroutines.CoroutineContext$DefaultImpls$$Lambda/0x00007fa7884b23c0
5479:             1             16  kotlin.coroutines.EmptyCoroutineContext
5480:             1             16  kotlin.coroutines.jvm.internal.CompletedContinuation
5481:             1             16  kotlin.internal.jdk7.JDK7PlatformImplementations$ReflectSdkVersion
5482:             1             16  kotlin.internal.jdk8.JDK8PlatformImplementations
5483:             1             16  kotlin.internal.jdk8.JDK8PlatformImplementations$ReflectSdkVersion
5484:             1             16  kotlin.jvm.internal.CallableReference$NoReceiver
5485:             1             16  kotlin.jvm.internal.StringCompanionObject
5486:             1             16  kotlin.properties.Delegates
5487:             1             16  kotlin.random.Random$Default
5488:             1             16  kotlin.random.XorWowRandom$Companion
5489:             1             16  kotlin.random.jdk8.PlatformThreadLocalRandom
5490:             1             16  kotlin.ranges.IntProgression$Companion
5491:             1             16  kotlin.ranges.IntRange$Companion
5492:             1             16  kotlin.reflect.jvm.internal.CachesKt$$Lambda$0
5493:             1             16  kotlin.reflect.jvm.internal.CachesKt$$Lambda$1
5494:             1             16  kotlin.reflect.jvm.internal.CachesKt$$Lambda$2
5495:             1             16  kotlin.reflect.jvm.internal.CachesKt$$Lambda$3
5496:             1             16  kotlin.reflect.jvm.internal.CachesKt$$Lambda$4
5497:             1             16  kotlin.reflect.jvm.internal.KDeclarationContainerImpl$Companion
5498:             1             16  kotlin.reflect.jvm.internal.KPropertyImpl$Companion
5499:             1             16  kotlin.reflect.jvm.internal.ReflectProperties$Val$1
5500:             1             16  kotlin.reflect.jvm.internal.ReflectionFactoryImpl
5501:             1             16  kotlin.reflect.jvm.internal.RuntimeTypeMapper
5502:             1             16  kotlin.reflect.jvm.internal.RuntimeTypeMapperKt$$Lambda$0
5503:             1             16  kotlin.reflect.jvm.internal.calls.CallerImpl$Companion
5504:             1             16  kotlin.reflect.jvm.internal.impl.SpecialJvmAnnotations
5505:             1             16  kotlin.reflect.jvm.internal.impl.builtins.BuiltInsLoader$Companion
5506:             1             16  kotlin.reflect.jvm.internal.impl.builtins.BuiltInsLoader$Companion$$Lambda$0
5507:             1             16  kotlin.reflect.jvm.internal.impl.builtins.CompanionObjectMapping
5508:             1             16  kotlin.reflect.jvm.internal.impl.builtins.PrimitiveType$Companion
5509:             1             16  kotlin.reflect.jvm.internal.impl.builtins.ReflectionTypes$Companion
5510:             1             16  kotlin.reflect.jvm.internal.impl.builtins.StandardNames
5511:             1             16  kotlin.reflect.jvm.internal.impl.builtins.StandardNames$FqNames
5512:             1             16  kotlin.reflect.jvm.internal.impl.builtins.functions.FunctionTypeKindExtractor$Companion
5513:             1             16  kotlin.reflect.jvm.internal.impl.builtins.jvm.CloneableClassScope$Companion
5514:             1             16  kotlin.reflect.jvm.internal.impl.builtins.jvm.FallbackBuiltIns$Companion
5515:             1             16  kotlin.reflect.jvm.internal.impl.builtins.jvm.JavaToKotlinClassMap
5516:             1             16  kotlin.reflect.jvm.internal.impl.builtins.jvm.JavaToKotlinClassMapper
5517:             1             16  kotlin.reflect.jvm.internal.impl.builtins.jvm.JvmBuiltInClassDescriptorFactory$$Lambda$1
5518:             1             16  kotlin.reflect.jvm.internal.impl.builtins.jvm.JvmBuiltInClassDescriptorFactory$Companion
5519:             1             16  kotlin.reflect.jvm.internal.impl.builtins.jvm.JvmBuiltInsCustomizer$$Lambda$6
5520:             1             16  kotlin.reflect.jvm.internal.impl.builtins.jvm.JvmBuiltInsPackageFragmentProvider$Companion
5521:             1             16  kotlin.reflect.jvm.internal.impl.builtins.jvm.JvmBuiltInsSignatures
5522:             1             16  kotlin.reflect.jvm.internal.impl.descriptors.DescriptorVisibilities$10
5523:             1             16  kotlin.reflect.jvm.internal.impl.descriptors.DescriptorVisibilities$11
5524:             1             16  kotlin.reflect.jvm.internal.impl.descriptors.DescriptorVisibilities$12
5525:             1             16  kotlin.reflect.jvm.internal.impl.descriptors.Modality$Companion
5526:             1             16  kotlin.reflect.jvm.internal.impl.descriptors.ScopesHolderForClass$Companion
5527:             1             16  kotlin.reflect.jvm.internal.impl.descriptors.SourceElement$1
5528:             1             16  kotlin.reflect.jvm.internal.impl.descriptors.SupertypeLoopChecker$EMPTY
5529:             1             16  kotlin.reflect.jvm.internal.impl.descriptors.Visibilities
5530:             1             16  kotlin.reflect.jvm.internal.impl.descriptors.annotations.Annotations$Companion
5531:             1             16  kotlin.reflect.jvm.internal.impl.descriptors.annotations.Annotations$Companion$EMPTY$1
5532:             1             16  kotlin.reflect.jvm.internal.impl.descriptors.deserialization.AdditionalClassPartsProvider$None
5533:             1             16  kotlin.reflect.jvm.internal.impl.descriptors.deserialization.PlatformDependentDeclarationFilter$All
5534:             1             16  kotlin.reflect.jvm.internal.impl.descriptors.impl.ModuleAwareClassDescriptor$Companion
5535:             1             16  kotlin.reflect.jvm.internal.impl.descriptors.impl.PackageViewDescriptorFactory$Companion
5536:             1             16  kotlin.reflect.jvm.internal.impl.descriptors.impl.PackageViewDescriptorFactory$Default
5537:             1             16  kotlin.reflect.jvm.internal.impl.descriptors.impl.ValueParameterDescriptorImpl$Companion
5538:             1             16  kotlin.reflect.jvm.internal.impl.descriptors.runtime.components.ReflectClassStructure
5539:             1             16  kotlin.reflect.jvm.internal.impl.descriptors.runtime.components.ReflectKotlinClass$Factory
5540:             1             16  kotlin.reflect.jvm.internal.impl.descriptors.runtime.components.RuntimeErrorReporter
5541:             1             16  kotlin.reflect.jvm.internal.impl.descriptors.runtime.components.RuntimeModuleData$Companion
5542:             1             16  kotlin.reflect.jvm.internal.impl.descriptors.runtime.components.RuntimeSourceElementFactory
5543:             1             16  kotlin.reflect.jvm.internal.impl.descriptors.runtime.structure.Java16SealedRecordLoader
5544:             1             16  kotlin.reflect.jvm.internal.impl.descriptors.runtime.structure.Java8ParameterNamesLoader
5545:             1             16  kotlin.reflect.jvm.internal.impl.descriptors.runtime.structure.ReflectClassUtilKt$$Lambda$0
5546:             1             16  kotlin.reflect.jvm.internal.impl.descriptors.runtime.structure.ReflectClassUtilKt$$Lambda$1
5547:             1             16  kotlin.reflect.jvm.internal.impl.descriptors.runtime.structure.ReflectJavaAnnotationArgument$Factory
5548:             1             16  kotlin.reflect.jvm.internal.impl.descriptors.runtime.structure.ReflectJavaClass$$Lambda$0
5549:             1             16  kotlin.reflect.jvm.internal.impl.descriptors.runtime.structure.ReflectJavaClass$$Lambda$1
5550:             1             16  kotlin.reflect.jvm.internal.impl.descriptors.runtime.structure.ReflectJavaType$Factory
5551:             1             16  kotlin.reflect.jvm.internal.impl.incremental.components.LookupTracker$DO_NOTHING
5552:             1             16  kotlin.reflect.jvm.internal.impl.load.java.AbstractAnnotationTypeQualifierResolver$Companion
5553:             1             16  kotlin.reflect.jvm.internal.impl.load.java.BuiltinMethodsWithSpecialGenericSignature
5554:             1             16  kotlin.reflect.jvm.internal.impl.load.java.BuiltinSpecialProperties
5555:             1             16  kotlin.reflect.jvm.internal.impl.load.java.ClassicBuiltinSpecialProperties
5556:             1             16  kotlin.reflect.jvm.internal.impl.load.java.ClassicBuiltinSpecialProperties$$Lambda$0
5557:             1             16  kotlin.reflect.jvm.internal.impl.load.java.ErasedOverridabilityCondition
5558:             1             16  kotlin.reflect.jvm.internal.impl.load.java.FakePureImplementationsProvider
5559:             1             16  kotlin.reflect.jvm.internal.impl.load.java.FieldOverridabilityCondition
5560:             1             16  kotlin.reflect.jvm.internal.impl.load.java.JavaClassesTracker$Default
5561:             1             16  kotlin.reflect.jvm.internal.impl.load.java.JavaIncompatibilityRulesOverridabilityCondition
5562:             1             16  kotlin.reflect.jvm.internal.impl.load.java.JavaIncompatibilityRulesOverridabilityCondition$Companion
5563:             1             16  kotlin.reflect.jvm.internal.impl.load.java.JavaNullabilityAnnotationsStatus$Companion
5564:             1             16  kotlin.reflect.jvm.internal.impl.load.java.JavaTypeEnhancementState$Companion
5565:             1             16  kotlin.reflect.jvm.internal.impl.load.java.JvmAbi
5566:             1             16  kotlin.reflect.jvm.internal.impl.load.java.NullabilityAnnotationStates$Companion
5567:             1             16  kotlin.reflect.jvm.internal.impl.load.java.ReportLevel$Companion
5568:             1             16  kotlin.reflect.jvm.internal.impl.load.java.SpecialBuiltinMembers$$Lambda$0
5569:             1             16  kotlin.reflect.jvm.internal.impl.load.java.SpecialGenericSignatures$Companion
5570:             1             16  kotlin.reflect.jvm.internal.impl.load.java.components.JavaAnnotationMapper
5571:             1             16  kotlin.reflect.jvm.internal.impl.load.java.components.JavaDeprecatedAnnotationDescriptor$$Lambda$0
5572:             1             16  kotlin.reflect.jvm.internal.impl.load.java.components.JavaPropertyInitializerEvaluator$DoNothing
5573:             1             16  kotlin.reflect.jvm.internal.impl.load.java.components.JavaResolverCache$1
5574:             1             16  kotlin.reflect.jvm.internal.impl.load.java.components.SignaturePropagator$1
5575:             1             16  kotlin.reflect.jvm.internal.impl.load.java.descriptors.JavaMethodDescriptor$1
5576:             1             16  kotlin.reflect.jvm.internal.impl.load.java.descriptors.JavaMethodDescriptor$2
5577:             1             16  kotlin.reflect.jvm.internal.impl.load.java.lazy.JavaResolverSettings$Default
5578:             1             16  kotlin.reflect.jvm.internal.impl.load.java.lazy.TypeParameterResolver$EMPTY
5579:             1             16  kotlin.reflect.jvm.internal.impl.load.java.lazy.descriptors.LazyJavaClassDescriptor$Companion
5580:             1             16  kotlin.reflect.jvm.internal.impl.load.java.lazy.descriptors.LazyJavaClassMemberScope$$Lambda$5
5581:             1             16  kotlin.reflect.jvm.internal.impl.load.java.lazy.descriptors.LazyJavaPackageScope$KotlinClassLookupResult$NotFound
5582:             1             16  kotlin.reflect.jvm.internal.impl.load.java.typeEnhancement.JavaTypeQualifiers$Companion
5583:             1             16  kotlin.reflect.jvm.internal.impl.load.java.typeEnhancement.SignatureEnhancement$$Lambda$2
5584:             1             16  kotlin.reflect.jvm.internal.impl.load.java.typeEnhancement.SignatureEnhancement$$Lambda$3
5585:             1             16  kotlin.reflect.jvm.internal.impl.load.java.typeEnhancement.SignatureEnhancement$$Lambda$4
5586:             1             16  kotlin.reflect.jvm.internal.impl.load.kotlin.AbstractBinaryClassAnnotationLoader$Companion
5587:             1             16  kotlin.reflect.jvm.internal.impl.load.kotlin.DeserializationComponentsForJava$Companion
5588:             1             16  kotlin.reflect.jvm.internal.impl.load.kotlin.DeserializationComponentsForJavaKt$makeLazyJavaPackageFragmentProvider$javaResolverComponents$1
5589:             1             16  kotlin.reflect.jvm.internal.impl.load.kotlin.DeserializedDescriptorResolver$Companion
5590:             1             16  kotlin.reflect.jvm.internal.impl.load.kotlin.JavaFlexibleTypeDeserializer
5591:             1             16  kotlin.reflect.jvm.internal.impl.load.kotlin.JvmType$Companion
5592:             1             16  kotlin.reflect.jvm.internal.impl.load.kotlin.JvmTypeFactoryImpl
5593:             1             16  kotlin.reflect.jvm.internal.impl.load.kotlin.PackagePartProvider$Empty
5594:             1             16  kotlin.reflect.jvm.internal.impl.load.kotlin.SignatureBuildingComponents
5595:             1             16  kotlin.reflect.jvm.internal.impl.load.kotlin.SignatureBuildingComponents$$Lambda$0
5596:             1             16  kotlin.reflect.jvm.internal.impl.load.kotlin.TypeMappingConfigurationImpl
5597:             1             16  kotlin.reflect.jvm.internal.impl.load.kotlin.TypeMappingMode$Companion
5598:             1             16  kotlin.reflect.jvm.internal.impl.load.kotlin.header.KotlinClassHeader$Kind$Companion
5599:             1             16  kotlin.reflect.jvm.internal.impl.metadata.ProtoBuf$Annotation$1
5600:             1             16  kotlin.reflect.jvm.internal.impl.metadata.ProtoBuf$Annotation$Argument$1
5601:             1             16  kotlin.reflect.jvm.internal.impl.metadata.ProtoBuf$Annotation$Argument$Value$1
5602:             1             16  kotlin.reflect.jvm.internal.impl.metadata.ProtoBuf$Annotation$Argument$Value$Type$1
5603:             1             16  kotlin.reflect.jvm.internal.impl.metadata.ProtoBuf$Class$1
5604:             1             16  kotlin.reflect.jvm.internal.impl.metadata.ProtoBuf$Class$Kind$1
5605:             1             16  kotlin.reflect.jvm.internal.impl.metadata.ProtoBuf$Constructor$1
5606:             1             16  kotlin.reflect.jvm.internal.impl.metadata.ProtoBuf$Contract$1
5607:             1             16  kotlin.reflect.jvm.internal.impl.metadata.ProtoBuf$EnumEntry$1
5608:             1             16  kotlin.reflect.jvm.internal.impl.metadata.ProtoBuf$Function$1
5609:             1             16  kotlin.reflect.jvm.internal.impl.metadata.ProtoBuf$MemberKind$1
5610:             1             16  kotlin.reflect.jvm.internal.impl.metadata.ProtoBuf$Modality$1
5611:             1             16  kotlin.reflect.jvm.internal.impl.metadata.ProtoBuf$Package$1
5612:             1             16  kotlin.reflect.jvm.internal.impl.metadata.ProtoBuf$PackageFragment$1
5613:             1             16  kotlin.reflect.jvm.internal.impl.metadata.ProtoBuf$Property$1
5614:             1             16  kotlin.reflect.jvm.internal.impl.metadata.ProtoBuf$QualifiedNameTable$1
5615:             1             16  kotlin.reflect.jvm.internal.impl.metadata.ProtoBuf$QualifiedNameTable$QualifiedName$1
5616:             1             16  kotlin.reflect.jvm.internal.impl.metadata.ProtoBuf$QualifiedNameTable$QualifiedName$Kind$1
5617:             1             16  kotlin.reflect.jvm.internal.impl.metadata.ProtoBuf$StringTable$1
5618:             1             16  kotlin.reflect.jvm.internal.impl.metadata.ProtoBuf$Type$1
5619:             1             16  kotlin.reflect.jvm.internal.impl.metadata.ProtoBuf$Type$Argument$1
5620:             1             16  kotlin.reflect.jvm.internal.impl.metadata.ProtoBuf$Type$Argument$Projection$1
5621:             1             16  kotlin.reflect.jvm.internal.impl.metadata.ProtoBuf$TypeParameter$1
5622:             1             16  kotlin.reflect.jvm.internal.impl.metadata.ProtoBuf$TypeParameter$Variance$1
5623:             1             16  kotlin.reflect.jvm.internal.impl.metadata.ProtoBuf$TypeTable$1
5624:             1             16  kotlin.reflect.jvm.internal.impl.metadata.ProtoBuf$ValueParameter$1
5625:             1             16  kotlin.reflect.jvm.internal.impl.metadata.ProtoBuf$VersionRequirementTable$1
5626:             1             16  kotlin.reflect.jvm.internal.impl.metadata.ProtoBuf$Visibility$1
5627:             1             16  kotlin.reflect.jvm.internal.impl.metadata.builtins.BuiltInsBinaryVersion$Companion
5628:             1             16  kotlin.reflect.jvm.internal.impl.metadata.deserialization.BinaryVersion$Companion
5629:             1             16  kotlin.reflect.jvm.internal.impl.metadata.deserialization.VersionRequirementTable$Companion
5630:             1             16  kotlin.reflect.jvm.internal.impl.metadata.jvm.JvmProtoBuf$JvmFieldSignature$1
5631:             1             16  kotlin.reflect.jvm.internal.impl.metadata.jvm.JvmProtoBuf$JvmMethodSignature$1
5632:             1             16  kotlin.reflect.jvm.internal.impl.metadata.jvm.JvmProtoBuf$JvmPropertySignature$1
5633:             1             16  kotlin.reflect.jvm.internal.impl.metadata.jvm.JvmProtoBuf$StringTableTypes$1
5634:             1             16  kotlin.reflect.jvm.internal.impl.metadata.jvm.JvmProtoBuf$StringTableTypes$Record$1
5635:             1             16  kotlin.reflect.jvm.internal.impl.metadata.jvm.JvmProtoBuf$StringTableTypes$Record$Operation$1
5636:             1             16  kotlin.reflect.jvm.internal.impl.metadata.jvm.deserialization.ClassMapperLite
5637:             1             16  kotlin.reflect.jvm.internal.impl.metadata.jvm.deserialization.JvmFlags
5638:             1             16  kotlin.reflect.jvm.internal.impl.metadata.jvm.deserialization.JvmMetadataVersion$Companion
5639:             1             16  kotlin.reflect.jvm.internal.impl.metadata.jvm.deserialization.JvmNameResolverBase$Companion
5640:             1             16  kotlin.reflect.jvm.internal.impl.metadata.jvm.deserialization.JvmProtoBufUtil
5641:             1             16  kotlin.reflect.jvm.internal.impl.name.CallableId$Companion
5642:             1             16  kotlin.reflect.jvm.internal.impl.name.ClassId$Companion
5643:             1             16  kotlin.reflect.jvm.internal.impl.name.FqName$Companion
5644:             1             16  kotlin.reflect.jvm.internal.impl.name.FqNameUnsafe$Companion
5645:             1             16  kotlin.reflect.jvm.internal.impl.name.SpecialNames
5646:             1             16  kotlin.reflect.jvm.internal.impl.name.StandardClassIds
5647:             1             16  kotlin.reflect.jvm.internal.impl.protobuf.SmallSortedMap$EmptySet$1
5648:             1             16  kotlin.reflect.jvm.internal.impl.protobuf.SmallSortedMap$EmptySet$2
5649:             1             16  kotlin.reflect.jvm.internal.impl.renderer.ClassifierNamePolicy$FULLY_QUALIFIED
5650:             1             16  kotlin.reflect.jvm.internal.impl.renderer.ClassifierNamePolicy$SHORT
5651:             1             16  kotlin.reflect.jvm.internal.impl.renderer.ClassifierNamePolicy$SOURCE_CODE_QUALIFIED
5652:             1             16  kotlin.reflect.jvm.internal.impl.renderer.DescriptorRenderer$$Lambda$0
5653:             1             16  kotlin.reflect.jvm.internal.impl.renderer.DescriptorRenderer$$Lambda$1
5654:             1             16  kotlin.reflect.jvm.internal.impl.renderer.DescriptorRenderer$$Lambda$10
5655:             1             16  kotlin.reflect.jvm.internal.impl.renderer.DescriptorRenderer$$Lambda$2
5656:             1             16  kotlin.reflect.jvm.internal.impl.renderer.DescriptorRenderer$$Lambda$3
5657:             1             16  kotlin.reflect.jvm.internal.impl.renderer.DescriptorRenderer$$Lambda$4
5658:             1             16  kotlin.reflect.jvm.internal.impl.renderer.DescriptorRenderer$$Lambda$5
5659:             1             16  kotlin.reflect.jvm.internal.impl.renderer.DescriptorRenderer$$Lambda$6
5660:             1             16  kotlin.reflect.jvm.internal.impl.renderer.DescriptorRenderer$$Lambda$7
5661:             1             16  kotlin.reflect.jvm.internal.impl.renderer.DescriptorRenderer$$Lambda$8
5662:             1             16  kotlin.reflect.jvm.internal.impl.renderer.DescriptorRenderer$$Lambda$9
5663:             1             16  kotlin.reflect.jvm.internal.impl.renderer.DescriptorRenderer$Companion
5664:             1             16  kotlin.reflect.jvm.internal.impl.renderer.DescriptorRenderer$ValueParametersHandler$DEFAULT
5665:             1             16  kotlin.reflect.jvm.internal.impl.renderer.DescriptorRendererModifier$Companion
5666:             1             16  kotlin.reflect.jvm.internal.impl.renderer.DescriptorRendererOptionsImpl$$Lambda$0
5667:             1             16  kotlin.reflect.jvm.internal.impl.renderer.DescriptorRendererOptionsImpl$$Lambda$1
5668:             1             16  kotlin.reflect.jvm.internal.impl.renderer.ExcludedTypeAnnotations
5669:             1             16  kotlin.reflect.jvm.internal.impl.resolve.CliStdlibClassFinderImpl
5670:             1             16  kotlin.reflect.jvm.internal.impl.resolve.MemberComparator$NameAndTypeMemberComparator
5671:             1             16  kotlin.reflect.jvm.internal.impl.resolve.OverridingUtil$1
5672:             1             16  kotlin.reflect.jvm.internal.impl.resolve.constants.ConstantValueFactory
5673:             1             16  kotlin.reflect.jvm.internal.impl.resolve.descriptorUtil.DescriptorUtilsKt$$Lambda$0
5674:             1             16  kotlin.reflect.jvm.internal.impl.resolve.jvm.SyntheticJavaPartsProvider$Companion
5675:             1             16  kotlin.reflect.jvm.internal.impl.resolve.scopes.ChainedMemberScope$Companion
5676:             1             16  kotlin.reflect.jvm.internal.impl.resolve.scopes.DescriptorKindFilter$Companion
5677:             1             16  kotlin.reflect.jvm.internal.impl.resolve.scopes.MemberScope$Companion
5678:             1             16  kotlin.reflect.jvm.internal.impl.resolve.scopes.MemberScope$Companion$$Lambda$0
5679:             1             16  kotlin.reflect.jvm.internal.impl.resolve.scopes.MemberScope$Empty
5680:             1             16  kotlin.reflect.jvm.internal.impl.serialization.deserialization.ClassDeserializer$Companion
5681:             1             16  kotlin.reflect.jvm.internal.impl.serialization.deserialization.ContractDeserializer$Companion
5682:             1             16  kotlin.reflect.jvm.internal.impl.serialization.deserialization.ContractDeserializer$Companion$DEFAULT$1
5683:             1             16  kotlin.reflect.jvm.internal.impl.serialization.deserialization.DeserializationConfiguration$Default
5684:             1             16  kotlin.reflect.jvm.internal.impl.serialization.deserialization.EnumEntriesDeserializationSupport$Default
5685:             1             16  kotlin.reflect.jvm.internal.impl.serialization.deserialization.ErrorReporter$1
5686:             1             16  kotlin.reflect.jvm.internal.impl.serialization.deserialization.FlexibleTypeDeserializer$ThrowException
5687:             1             16  kotlin.reflect.jvm.internal.impl.serialization.deserialization.JvmEnumEntriesDeserializationSupport
5688:             1             16  kotlin.reflect.jvm.internal.impl.serialization.deserialization.LocalClassifierTypeSettings$Default
5689:             1             16  kotlin.reflect.jvm.internal.impl.serialization.deserialization.ProtoEnumFlags
5690:             1             16  kotlin.reflect.jvm.internal.impl.serialization.deserialization.builtins.BuiltInsPackageFragmentImpl$Companion
5691:             1             16  kotlin.reflect.jvm.internal.impl.storage.EmptySimpleLock
5692:             1             16  kotlin.reflect.jvm.internal.impl.storage.LockBasedStorageManager$ExceptionHandlingStrategy$1
5693:             1             16  kotlin.reflect.jvm.internal.impl.storage.SimpleLock$Companion
5694:             1             16  kotlin.reflect.jvm.internal.impl.types.AbstractNullabilityChecker
5695:             1             16  kotlin.reflect.jvm.internal.impl.types.AbstractStrictEqualityTypeChecker
5696:             1             16  kotlin.reflect.jvm.internal.impl.types.AbstractTypeChecker
5697:             1             16  kotlin.reflect.jvm.internal.impl.types.AbstractTypeConstructor$$Lambda$1
5698:             1             16  kotlin.reflect.jvm.internal.impl.types.DefaultTypeAttributeTranslator
5699:             1             16  kotlin.reflect.jvm.internal.impl.types.DisjointKeysUnionTypeSubstitution$Companion
5700:             1             16  kotlin.reflect.jvm.internal.impl.types.FlexibleTypeImpl$Companion
5701:             1             16  kotlin.reflect.jvm.internal.impl.types.KotlinTypeFactory
5702:             1             16  kotlin.reflect.jvm.internal.impl.types.KotlinTypeFactory$EMPTY_REFINED_TYPE_FACTORY$1
5703:             1             16  kotlin.reflect.jvm.internal.impl.types.TypeCheckerState$SupertypesPolicy$LowerIfFlexible
5704:             1             16  kotlin.reflect.jvm.internal.impl.types.TypeCheckerState$SupertypesPolicy$None
5705:             1             16  kotlin.reflect.jvm.internal.impl.types.TypeConstructorSubstitution$Companion
5706:             1             16  kotlin.reflect.jvm.internal.impl.types.TypeParameterUpperBoundEraser$Companion
5707:             1             16  kotlin.reflect.jvm.internal.impl.types.TypeSubstitution$Companion
5708:             1             16  kotlin.reflect.jvm.internal.impl.types.TypeSubstitution$Companion$EMPTY$1
5709:             1             16  kotlin.reflect.jvm.internal.impl.types.checker.KotlinTypePreparator$Default
5710:             1             16  kotlin.reflect.jvm.internal.impl.types.checker.KotlinTypeRefiner$Default
5711:             1             16  kotlin.reflect.jvm.internal.impl.types.checker.NewKotlinTypeChecker$Companion
5712:             1             16  kotlin.reflect.jvm.internal.impl.types.checker.SimpleClassicTypeSystemContext
5713:             1             16  kotlin.reflect.jvm.internal.impl.types.checker.StrictEqualityTypeChecker
5714:             1             16  kotlin.reflect.jvm.internal.impl.types.error.ErrorModuleDescriptor
5715:             1             16  kotlin.reflect.jvm.internal.impl.types.error.ErrorModuleDescriptor$$Lambda$0
5716:             1             16  kotlin.reflect.jvm.internal.impl.types.error.ErrorUtils
5717:             1             16  kotlin.reflect.jvm.internal.impl.types.typesApproximation.CapturedTypeApproximationKt$$Lambda$1
5718:             1             16  kotlin.reflect.jvm.internal.impl.util.CheckResult$IllegalFunctionName
5719:             1             16  kotlin.reflect.jvm.internal.impl.util.CheckResult$SuccessCheck
5720:             1             16  kotlin.reflect.jvm.internal.impl.util.Checks$2
5721:             1             16  kotlin.reflect.jvm.internal.impl.util.Checks$3
5722:             1             16  kotlin.reflect.jvm.internal.impl.util.Checks$4
5723:             1             16  kotlin.reflect.jvm.internal.impl.util.EmptyArrayMap
5724:             1             16  kotlin.reflect.jvm.internal.impl.util.IsKPropertyCheck
5725:             1             16  kotlin.reflect.jvm.internal.impl.util.ModuleVisibilityHelper$EMPTY
5726:             1             16  kotlin.reflect.jvm.internal.impl.util.NoDefaultAndVarargsCheck
5727:             1             16  kotlin.reflect.jvm.internal.impl.util.NullableArrayMapAccessor
5728:             1             16  kotlin.reflect.jvm.internal.impl.util.OperatorChecks
5729:             1             16  kotlin.reflect.jvm.internal.impl.util.OperatorChecks$$Lambda$0
5730:             1             16  kotlin.reflect.jvm.internal.impl.util.OperatorChecks$$Lambda$1
5731:             1             16  kotlin.reflect.jvm.internal.impl.util.OperatorChecks$$Lambda$2
5732:             1             16  kotlin.reflect.jvm.internal.impl.util.OperatorNameConventions
5733:             1             16  kotlin.reflect.jvm.internal.impl.util.ReturnsCheck$ReturnsBoolean$$Lambda$0
5734:             1             16  kotlin.reflect.jvm.internal.impl.util.ReturnsCheck$ReturnsInt$$Lambda$0
5735:             1             16  kotlin.reflect.jvm.internal.impl.util.ReturnsCheck$ReturnsUnit$$Lambda$0
5736:             1             16  kotlin.reflect.jvm.internal.impl.utils.FunctionsKt$$Lambda$3
5737:             1             16  kotlin.reflect.jvm.internal.impl.utils.FunctionsKt$$Lambda$4
5738:             1             16  kotlin.reflect.jvm.internal.impl.utils.FunctionsKt$$Lambda$5
5739:             1             16  kotlin.reflect.jvm.internal.impl.utils.FunctionsKt$$Lambda$6
5740:             1             16  kotlin.reflect.jvm.internal.impl.utils.FunctionsKt$$Lambda$7
5741:             1             16  kotlin.reflect.jvm.internal.impl.utils.FunctionsKt$ALWAYS_NULL$1
5742:             1             16  kotlin.reflect.jvm.internal.impl.utils.SmartSet$Companion
5743:             1             16  kotlin.reflect.jvm.internal.impl.utils.WrappedValues$1
5744:             1             16  kotlin.sequences.EmptySequence
5745:             1             16  kotlin.sequences.SequencesKt__SequencesKt$$Lambda/0x00007fa788271b50
5746:             1             16  kotlin.sequences.SequencesKt__SequencesKt$$Lambda/0x00007fa788271f78
5747:             1             16  kotlin.sequences.SequencesKt__SequencesKt$$Lambda/0x00007fa78875b1f0
5748:             1             16  kotlin.sequences.SequencesKt___SequencesKt$$Lambda/0x00007fa788260648
5749:             1             16  kotlin.text.Charsets
5750:             1             16  kotlin.text.LinesIterator$State
5751:             1             16  kotlin.text.Regex$Companion
5752:             1             16  kotlin.time.Duration$Companion
5753:             1             16  kotlinx.coroutines.Active
5754:             1             16  kotlinx.coroutines.CoroutineContextKt$$Lambda/0x00007fa7884c4130
5755:             1             16  kotlinx.coroutines.CoroutineDispatcher$Key$$Lambda/0x00007fa7884ae318
5756:             1             16  kotlinx.coroutines.CoroutineExceptionHandler$Key
5757:             1             16  kotlinx.coroutines.Dispatchers
5758:             1             16  kotlinx.coroutines.ExecutorCoroutineDispatcher$Key$$Lambda/0x00007fa7884ae728
5759:             1             16  kotlinx.coroutines.GlobalScope
5760:             1             16  kotlinx.coroutines.Job$Key
5761:             1             16  kotlinx.coroutines.NonDisposableHandle
5762:             1             16  kotlinx.coroutines.ThreadLocalEventLoop
5763:             1             16  kotlinx.coroutines.channels.ChannelResult$Companion
5764:             1             16  kotlinx.coroutines.channels.ChannelResult$Failed
5765:             1             16  kotlinx.coroutines.flow.internal.NoOpContinuation
5766:             1             16  kotlinx.coroutines.flow.internal.SafeCollector$$Lambda/0x00007fa7884e3478
5767:             1             16  kotlinx.coroutines.internal.LockFreeTaskQueueCore$Companion
5768:             1             16  kotlinx.coroutines.internal.ThreadContextKt$$Lambda/0x00007fa7884c83f0
5769:             1             16  kotlinx.coroutines.internal.ThreadContextKt$$Lambda/0x00007fa7884c8600
5770:             1             16  kotlinx.coroutines.internal.ThreadContextKt$$Lambda/0x00007fa7884c8a10
5771:             1             16  kotlinx.coroutines.scheduling.CoroutineScheduler$Companion
5772:             1             16  kotlinx.coroutines.scheduling.NanoTimeSource
5773:             1             16  mu.KMarkerFactory
5774:             1             16  mu.KotlinLogging
5775:             1             16  mu.internal.KLoggerFactory
5776:             1             16  mu.internal.KLoggerNameResolver
5777:             1             16  net.engio.mbassy.bus.MessagePublication$Factory
5778:             1             16  net.engio.mbassy.listener.MetadataReader$1
5779:             1             16  net.engio.mbassy.subscription.Subscription$1
5780:             1             16  net.engio.mbassy.subscription.SubscriptionFactory
5781:             1             16  org.apache.commons.io.IOUtils$$Lambda/0x00007fa78803f710
5782:             1             16  org.apache.commons.io.IOUtils$$Lambda/0x00007fa78803f920
5783:             1             16  org.apache.commons.io.IOUtils$$Lambda/0x00007fa78803fb30
5784:             1             16  org.bouncycastle.crypto.CryptoServicesRegistrar$1
5785:             1             16  org.bouncycastle.crypto.signers.StandardDSAEncoding
5786:             1             16  org.bouncycastle.crypto.util.DigestFactory$1
5787:             1             16  org.bouncycastle.crypto.util.DigestFactory$10
5788:             1             16  org.bouncycastle.crypto.util.DigestFactory$11
5789:             1             16  org.bouncycastle.crypto.util.DigestFactory$12
5790:             1             16  org.bouncycastle.crypto.util.DigestFactory$2
5791:             1             16  org.bouncycastle.crypto.util.DigestFactory$3
5792:             1             16  org.bouncycastle.crypto.util.DigestFactory$4
5793:             1             16  org.bouncycastle.crypto.util.DigestFactory$5
5794:             1             16  org.bouncycastle.crypto.util.DigestFactory$6
5795:             1             16  org.bouncycastle.crypto.util.DigestFactory$7
5796:             1             16  org.bouncycastle.crypto.util.DigestFactory$8
5797:             1             16  org.bouncycastle.crypto.util.DigestFactory$9
5798:             1             16  org.bouncycastle.jcajce.provider.asymmetric.dsa.KeyFactorySpi
5799:             1             16  org.bouncycastle.jcajce.provider.asymmetric.elgamal.KeyFactorySpi
5800:             1             16  org.bouncycastle.jcajce.provider.asymmetric.gost.KeyFactorySpi
5801:             1             16  org.bouncycastle.jcajce.provider.asymmetric.rsa.KeyFactorySpi
5802:             1             16  org.bouncycastle.pqc.jcajce.provider.lms.LMSKeyFactorySpi
5803:             1             16  org.bouncycastle.pqc.jcajce.provider.newhope.NHKeyFactorySpi
5804:             1             16  org.bouncycastle.pqc.jcajce.provider.picnic.PicnicKeyFactorySpi
5805:             1             16  org.bouncycastle.pqc.jcajce.provider.sphincs.Sphincs256KeyFactorySpi
5806:             1             16  org.glassfish.hk2.internal.StarFilter
5807:             1             16  org.glassfish.hk2.utilities.cache.Cache$1
5808:             1             16  org.glassfish.hk2.utilities.cache.LRUHybridCache$1
5809:             1             16  org.glassfish.hk2.utilities.cache.LRUHybridCache$CacheEntryImplComparator
5810:             1             16  org.glassfish.jersey.inject.hk2.AbstractHk2InjectionManager$$Lambda/0x00007fa788731830
5811:             1             16  org.glassfish.jersey.inject.hk2.JerseyClassAnalyzer$$Lambda/0x00007fa7886e7850
5812:             1             16  org.glassfish.jersey.inject.hk2.JerseyClassAnalyzer$$Lambda/0x00007fa7886e7a90
5813:             1             16  org.glassfish.jersey.inject.hk2.JerseyErrorService
5814:             1             16  org.glassfish.jersey.internal.AbstractRuntimeDelegate$$Lambda/0x00007fa7886f4680
5815:             1             16  org.glassfish.jersey.internal.ContextResolverFactory$NullContextResolverAdapter
5816:             1             16  org.glassfish.jersey.internal.LocalizationMessages$BundleSupplier
5817:             1             16  org.glassfish.jersey.internal.ServiceFinder$DefaultServiceIteratorProvider
5818:             1             16  org.glassfish.jersey.internal.config.SystemPropertiesConfigurationModel$$Lambda/0x00007fa7886cfc20
5819:             1             16  org.glassfish.jersey.internal.config.SystemPropertiesConfigurationModel$$Lambda/0x00007fa7886d0810
5820:             1             16  org.glassfish.jersey.internal.config.SystemPropertiesConfigurationModel$$Lambda/0x00007fa7886d0a40
5821:             1             16  org.glassfish.jersey.internal.config.SystemPropertiesConfigurationModel$$Lambda/0x00007fa7886d0c70
5822:             1             16  org.glassfish.jersey.internal.guava.CacheBuilder$1
5823:             1             16  org.glassfish.jersey.internal.guava.Equivalence$Equals
5824:             1             16  org.glassfish.jersey.internal.guava.Iterators$1
5825:             1             16  org.glassfish.jersey.internal.guava.Iterators$2
5826:             1             16  org.glassfish.jersey.internal.guava.LocalCache$1
5827:             1             16  org.glassfish.jersey.internal.guava.LocalCache$2
5828:             1             16  org.glassfish.jersey.internal.guava.Ticker$1
5829:             1             16  org.glassfish.jersey.internal.inject.AbstractBinder$$Lambda/0x00007fa7886af678
5830:             1             16  org.glassfish.jersey.internal.inject.ForeignDescriptorImpl$$Lambda/0x00007fa788809898
5831:             1             16  org.glassfish.jersey.internal.inject.Injections$$Lambda/0x00007fa788680420
5832:             1             16  org.glassfish.jersey.internal.inject.ParamConverters$CharacterProvider
5833:             1             16  org.glassfish.jersey.internal.inject.ParamConverters$DateProvider
5834:             1             16  org.glassfish.jersey.internal.inject.ParamConverters$InputStreamProvider
5835:             1             16  org.glassfish.jersey.internal.inject.ParamConverters$OptionalProvider
5836:             1             16  org.glassfish.jersey.internal.inject.ParamConverters$StringConstructor
5837:             1             16  org.glassfish.jersey.internal.inject.ParamConverters$TypeFromString
5838:             1             16  org.glassfish.jersey.internal.inject.ParamConverters$TypeFromStringEnum
5839:             1             16  org.glassfish.jersey.internal.inject.ParamConverters$TypeValueOf
5840:             1             16  org.glassfish.jersey.internal.inject.Providers$$Lambda/0x00007fa788730420
5841:             1             16  org.glassfish.jersey.internal.inject.Providers$$Lambda/0x00007fa788732480
5842:             1             16  org.glassfish.jersey.internal.inject.Providers$$Lambda/0x00007fa7887326b0
5843:             1             16  org.glassfish.jersey.internal.inject.Providers$$Lambda/0x00007fa788739258
5844:             1             16  org.glassfish.jersey.internal.inject.Providers$$Lambda/0x00007fa7887396f8
5845:             1             16  org.glassfish.jersey.internal.inject.Providers$$Lambda/0x00007fa78880c9a8
5846:             1             16  org.glassfish.jersey.internal.inject.Providers$$Lambda/0x00007fa78880d038
5847:             1             16  org.glassfish.jersey.internal.routing.CombinedMediaType$1
5848:             1             16  org.glassfish.jersey.internal.util.ReflectionHelper$$Lambda/0x00007fa788663440
5849:             1             16  org.glassfish.jersey.internal.util.ReflectionHelper$1
5850:             1             16  org.glassfish.jersey.internal.util.ReflectionHelper$11
5851:             1             16  org.glassfish.jersey.internal.util.collection.Cache$$Lambda/0x00007fa7886ac0e8
5852:             1             16  org.glassfish.jersey.internal.util.collection.ImmutableCollectors$$Lambda/0x00007fa7886e5000
5853:             1             16  org.glassfish.jersey.internal.util.collection.ImmutableCollectors$$Lambda/0x00007fa7886e5210
5854:             1             16  org.glassfish.jersey.internal.util.collection.ImmutableCollectors$$Lambda/0x00007fa7886e5430
5855:             1             16  org.glassfish.jersey.internal.util.collection.ImmutableCollectors$$Lambda/0x00007fa7886e5668
5856:             1             16  org.glassfish.jersey.internal.util.collection.StringIgnoreCaseKeyComparator
5857:             1             16  org.glassfish.jersey.internal.util.collection.Values$1
5858:             1             16  org.glassfish.jersey.internal.util.collection.Values$2
5859:             1             16  org.glassfish.jersey.jackson.internal.JacksonAutoDiscoverable
5860:             1             16  org.glassfish.jersey.logging.LoggingFeatureAutoDiscoverable
5861:             1             16  org.glassfish.jersey.media.multipart.MultiPartFeature
5862:             1             16  org.glassfish.jersey.media.multipart.MultiPartFeatureAutodiscoverable
5863:             1             16  org.glassfish.jersey.media.multipart.internal.FormDataParamInjectionFeature
5864:             1             16  org.glassfish.jersey.message.internal.AcceptableMediaType$1
5865:             1             16  org.glassfish.jersey.message.internal.BasicTypesMessageProvider
5866:             1             16  org.glassfish.jersey.message.internal.ByteArrayProvider
5867:             1             16  org.glassfish.jersey.message.internal.CacheControlProvider
5868:             1             16  org.glassfish.jersey.message.internal.CommittingOutputStream$$Lambda/0x00007fa78880f390
5869:             1             16  org.glassfish.jersey.message.internal.CookieProvider
5870:             1             16  org.glassfish.jersey.message.internal.DataSourceProvider
5871:             1             16  org.glassfish.jersey.message.internal.DateProvider
5872:             1             16  org.glassfish.jersey.message.internal.EntityTagProvider
5873:             1             16  org.glassfish.jersey.message.internal.EnumMessageProvider
5874:             1             16  org.glassfish.jersey.message.internal.FileProvider
5875:             1             16  org.glassfish.jersey.message.internal.FormProvider
5876:             1             16  org.glassfish.jersey.message.internal.HttpHeaderReader$1
5877:             1             16  org.glassfish.jersey.message.internal.HttpHeaderReader$AcceptableLanguageTagListReader$1
5878:             1             16  org.glassfish.jersey.message.internal.HttpHeaderReader$AcceptableMediaTypeListReader$1
5879:             1             16  org.glassfish.jersey.message.internal.HttpHeaderReader$AcceptableTokenListReader$1
5880:             1             16  org.glassfish.jersey.message.internal.HttpHeaderReader$MediaTypeListReader$1
5881:             1             16  org.glassfish.jersey.message.internal.HttpHeaderReader$QualitySourceMediaTypeListReader$1
5882:             1             16  org.glassfish.jersey.message.internal.HttpHeaderReader$StringListReader$1
5883:             1             16  org.glassfish.jersey.message.internal.InboundMessageContext$1
5884:             1             16  org.glassfish.jersey.message.internal.InputStreamProvider
5885:             1             16  org.glassfish.jersey.message.internal.LinkProvider
5886:             1             16  org.glassfish.jersey.message.internal.LocaleProvider
5887:             1             16  org.glassfish.jersey.message.internal.MediaTypeProvider
5888:             1             16  org.glassfish.jersey.message.internal.MediaTypes$$Lambda/0x00007fa7887333d8
5889:             1             16  org.glassfish.jersey.message.internal.MediaTypes$$Lambda/0x00007fa788833a50
5890:             1             16  org.glassfish.jersey.message.internal.MediaTypes$$Lambda/0x00007fa788833c90
5891:             1             16  org.glassfish.jersey.message.internal.MediaTypes$$Lambda/0x00007fa78883c000
5892:             1             16  org.glassfish.jersey.message.internal.MediaTypes$1
5893:             1             16  org.glassfish.jersey.message.internal.MediaTypes$2
5894:             1             16  org.glassfish.jersey.message.internal.MessageBodyFactory$$Lambda/0x00007fa7886d3fb8
5895:             1             16  org.glassfish.jersey.message.internal.MessageBodyFactory$$Lambda/0x00007fa7886d41e8
5896:             1             16  org.glassfish.jersey.message.internal.MessageBodyFactory$$Lambda/0x00007fa7886d4418
5897:             1             16  org.glassfish.jersey.message.internal.MessageBodyFactory$1
5898:             1             16  org.glassfish.jersey.message.internal.MessageBodyFactory$2
5899:             1             16  org.glassfish.jersey.message.internal.NewCookieProvider
5900:             1             16  org.glassfish.jersey.message.internal.Quality$1
5901:             1             16  org.glassfish.jersey.message.internal.Quality$2
5902:             1             16  org.glassfish.jersey.message.internal.QualitySourceMediaType$1
5903:             1             16  org.glassfish.jersey.message.internal.ReaderProvider
5904:             1             16  org.glassfish.jersey.message.internal.RenderedImageProvider
5905:             1             16  org.glassfish.jersey.message.internal.SourceProvider$StreamSourceReader
5906:             1             16  org.glassfish.jersey.message.internal.StreamingOutputProvider
5907:             1             16  org.glassfish.jersey.message.internal.StringHeaderProvider
5908:             1             16  org.glassfish.jersey.message.internal.StringMessageProvider
5909:             1             16  org.glassfish.jersey.message.internal.TracingLogger$1
5910:             1             16  org.glassfish.jersey.message.internal.UriProvider
5911:             1             16  org.glassfish.jersey.model.ContractProvider$Builder$$Lambda/0x00007fa78866b620
5912:             1             16  org.glassfish.jersey.model.Parameter$$Lambda/0x00007fa7886c2c70
5913:             1             16  org.glassfish.jersey.model.Parameter$$Lambda/0x00007fa7886c3600
5914:             1             16  org.glassfish.jersey.model.Parameter$$Lambda/0x00007fa7886c3830
5915:             1             16  org.glassfish.jersey.model.Parameter$$Lambda/0x00007fa7886c3a40
5916:             1             16  org.glassfish.jersey.model.Parameter$$Lambda/0x00007fa7886c3c60
5917:             1             16  org.glassfish.jersey.model.Parameter$ParameterService
5918:             1             16  org.glassfish.jersey.model.internal.CommonConfig$$Lambda/0x00007fa7886db100
5919:             1             16  org.glassfish.jersey.model.internal.CommonConfig$$Lambda/0x00007fa7886ddc20
5920:             1             16  org.glassfish.jersey.model.internal.ComponentBag$$Lambda/0x00007fa788665ae8
5921:             1             16  org.glassfish.jersey.model.internal.ComponentBag$$Lambda/0x00007fa788666150
5922:             1             16  org.glassfish.jersey.model.internal.ComponentBag$$Lambda/0x00007fa788666390
5923:             1             16  org.glassfish.jersey.model.internal.ComponentBag$$Lambda/0x00007fa7886665d0
5924:             1             16  org.glassfish.jersey.model.internal.ComponentBag$$Lambda/0x00007fa788666810
5925:             1             16  org.glassfish.jersey.model.internal.ComponentBag$$Lambda/0x00007fa788666a50
5926:             1             16  org.glassfish.jersey.model.internal.ComponentBag$$Lambda/0x00007fa788666c90
5927:             1             16  org.glassfish.jersey.model.internal.ComponentBag$$Lambda/0x00007fa7886672c0
5928:             1             16  org.glassfish.jersey.model.internal.ComponentBag$$Lambda/0x00007fa7886dccb8
5929:             1             16  org.glassfish.jersey.model.internal.ComponentBag$$Lambda/0x00007fa7886dda10
5930:             1             16  org.glassfish.jersey.server.ApplicationHandler$1
5931:             1             16  org.glassfish.jersey.server.ChunkedResponseWriter
5932:             1             16  org.glassfish.jersey.server.ComponentProviderConfigurator$$Lambda/0x00007fa7886cadc8
5933:             1             16  org.glassfish.jersey.server.ComponentProviderConfigurator$$Lambda/0x00007fa7886caff8
5934:             1             16  org.glassfish.jersey.server.ComponentProviderConfigurator$$Lambda/0x00007fa788730200
5935:             1             16  org.glassfish.jersey.server.DefaultExceptionMapper
5936:             1             16  org.glassfish.jersey.server.ExternalRequestScopeConfigurator$1
5937:             1             16  org.glassfish.jersey.server.ModelProcessorConfigurator$$Lambda/0x00007fa788718000
5938:             1             16  org.glassfish.jersey.server.ModelProcessorConfigurator$$Lambda/0x00007fa788718240
5939:             1             16  org.glassfish.jersey.server.ResourceModelConfigurator$$Lambda/0x00007fa78872c2d8
5940:             1             16  org.glassfish.jersey.server.ServerRuntime$Responder$$Lambda/0x00007fa78881c248
5941:             1             16  org.glassfish.jersey.server.ServerRuntime$Responder$$Lambda/0x00007fa78881c6c8
5942:             1             16  org.glassfish.jersey.server.filter.internal.ServerFiltersAutoDiscoverable
5943:             1             16  org.glassfish.jersey.server.internal.LocalizationMessages$BundleSupplier
5944:             1             16  org.glassfish.jersey.server.internal.MappableExceptionWrapperInterceptor
5945:             1             16  org.glassfish.jersey.server.internal.monitoring.EmptyRequestEventBuilder
5946:             1             16  org.glassfish.jersey.server.internal.routing.AbstractMethodSelectingRouter$1
5947:             1             16  org.glassfish.jersey.server.internal.routing.MatchedEndpointExtractorStage
5948:             1             16  org.glassfish.jersey.server.internal.routing.PushMatchedUriRouter
5949:             1             16  org.glassfish.jersey.server.internal.routing.Routers$1
5950:             1             16  org.glassfish.jersey.server.internal.routing.UriRoutingContext$$Lambda/0x00007fa7888028b0
5951:             1             16  org.glassfish.jersey.server.model.Parameter$ServerParameterService
5952:             1             16  org.glassfish.jersey.server.model.ResourceMethod$Builder$$Lambda/0x00007fa7886ff628
5953:             1             16  org.glassfish.jersey.server.model.ResourceMethodValidator$$Lambda/0x00007fa78873e8f8
5954:             1             16  org.glassfish.jersey.server.model.RuntimeResource$$Lambda/0x00007fa788727550
5955:             1             16  org.glassfish.jersey.server.model.RuntimeResource$1
5956:             1             16  org.glassfish.jersey.server.model.internal.ModelErrors$$Lambda/0x00007fa7887415c8
5957:             1             16  org.glassfish.jersey.server.model.internal.ResourceMethodInvocationHandlerFactory$$Lambda/0x00007fa788735800
5958:             1             16  org.glassfish.jersey.server.spi.internal.ParameterValueHelper$$Lambda/0x00007fa78873acd0
5959:             1             16  org.glassfish.jersey.server.wadl.WadlFeature
5960:             1             16  org.glassfish.jersey.servlet.WebComponent$$Lambda/0x00007fa788662128
5961:             1             16  org.glassfish.jersey.servlet.WebComponent$$Lambda/0x00007fa78874c318
5962:             1             16  org.glassfish.jersey.servlet.WebComponent$3
5963:             1             16  org.glassfish.jersey.spi.AbstractThreadPoolProvider$$Lambda/0x00007fa78874a830
5964:             1             16  org.glassfish.jersey.uri.PathPattern$1
5965:             1             16  org.glassfish.jersey.uri.PatternWithGroups$EmptyStringMatchResult
5966:             1             16  org.glassfish.jersey.uri.UriTemplate$$Lambda/0x00007fa78880c580
5967:             1             16  org.glassfish.jersey.uri.UriTemplate$1
5968:             1             16  org.jboss.threads.ContextHandler$1
5969:             1             16  org.jboss.threads.DiscardingExecutor
5970:             1             16  org.jboss.threads.JBossExecutors$3
5971:             1             16  org.jboss.threads.Version$$Lambda/0x00007fa788765af8
5972:             1             16  org.jvnet.hk2.external.generator.ServiceLocatorGeneratorImpl
5973:             1             16  org.jvnet.hk2.internal.PerLookupContext
5974:             1             16  org.jvnet.hk2.internal.Utilities$4
5975:             1             16  org.reflections.ReflectionUtils$$Lambda/0x00007fa788629b58
5976:             1             16  org.reflections.ReflectionUtils$$Lambda/0x00007fa788629f88
5977:             1             16  org.reflections.ReflectionUtils$$Lambda/0x00007fa78862a1c8
5978:             1             16  org.reflections.ReflectionUtils$$Lambda/0x00007fa78862aab0
5979:             1             16  org.reflections.ReflectionUtils$$Lambda/0x00007fa78862acf0
5980:             1             16  org.reflections.ReflectionUtils$$Lambda/0x00007fa78862af30
5981:             1             16  org.reflections.ReflectionUtils$$Lambda/0x00007fa78862b170
5982:             1             16  org.reflections.ReflectionUtils$$Lambda/0x00007fa78862bbb0
5983:             1             16  org.reflections.ReflectionUtils$$Lambda/0x00007fa78862e000
5984:             1             16  org.reflections.ReflectionUtils$$Lambda/0x00007fa78862f488
5985:             1             16  org.reflections.ReflectionUtils$1
5986:             1             16  org.reflections.ReflectionUtils$2
5987:             1             16  org.reflections.ReflectionUtils$2$$Lambda/0x00007fa78862bdf0
5988:             1             16  org.reflections.ReflectionUtils$3
5989:             1             16  org.reflections.Reflections$$Lambda/0x00007fa7886151a8
5990:             1             16  org.reflections.Reflections$$Lambda/0x00007fa7886153d8
5991:             1             16  org.reflections.Reflections$$Lambda/0x00007fa788615608
5992:             1             16  org.reflections.Reflections$$Lambda/0x00007fa788628428
5993:             1             16  org.reflections.Reflections$$Lambda/0x00007fa788628658
5994:             1             16  org.reflections.Reflections$$Lambda/0x00007fa788628888
5995:             1             16  org.reflections.Reflections$$Lambda/0x00007fa788628ac8
5996:             1             16  org.reflections.Reflections$$Lambda/0x00007fa788628cf8
5997:             1             16  org.reflections.Reflections$$Lambda/0x00007fa788628f08
5998:             1             16  org.reflections.Reflections$$Lambda/0x00007fa788629138
5999:             1             16  org.reflections.Reflections$$Lambda/0x00007fa788629348
6000:             1             16  org.reflections.Reflections$$Lambda/0x00007fa78862d9b0
6001:             1             16  org.reflections.Reflections$$Lambda/0x00007fa78862ddd0
6002:             1             16  org.reflections.scanners.Scanners$$Lambda/0x00007fa788613df0
6003:             1             16  org.reflections.util.ConfigurationBuilder$$Lambda/0x00007fa788614768
6004:             1             16  org.reflections.util.JavassistHelper$$Lambda/0x00007fa788623ca8
6005:             1             16  org.reflections.util.JavassistHelper$$Lambda/0x00007fa788624c40
6006:             1             16  org.reflections.util.JavassistHelper$$Lambda/0x00007fa788626230
6007:             1             16  org.reflections.util.NameHelper$$Lambda/0x00007fa788630ff0
6008:             1             16  org.reflections.util.NameHelper$$Lambda/0x00007fa788632b48
6009:             1             16  org.reflections.util.NameHelper$$Lambda/0x00007fa788632d88
6010:             1             16  org.reflections.util.QueryFunction$$Lambda/0x00007fa78862e648
6011:             1             16  org.reflections.util.QueryFunction$$Lambda/0x00007fa78862f698
6012:             1             16  org.reflections.util.QueryFunction$$Lambda/0x00007fa78862f8c8
6013:             1             16  org.reflections.util.QueryFunction$$Lambda/0x00007fa788631878
6014:             1             16  org.reflections.vfs.ZipDir$$Lambda/0x00007fa788618000
6015:             1             16  org.slf4j.helpers.NOPLoggerFactory
6016:             1             16  org.slf4j.helpers.NOPMDCAdapter
6017:             1             16  org.wildfly.common.context.ContextManager$$Lambda/0x00007fa78875e880
6018:             1             16  org.xnio.Buffers$5
6019:             1             16  org.xnio.ChannelListeners$1
6020:             1             16  org.xnio.ChannelListeners$2
6021:             1             16  org.xnio.ChannelListeners$23
6022:             1             16  org.xnio.ChannelListeners$3
6023:             1             16  org.xnio.IoUtils$10
6024:             1             16  org.xnio.IoUtils$4
6025:             1             16  org.xnio.IoUtils$5
6026:             1             16  org.xnio.IoUtils$6
6027:             1             16  org.xnio.IoUtils$8
6028:             1             16  org.xnio.IoUtils$ManagerNotifier
6029:             1             16  org.xnio.IoUtils$ResultNotifier
6030:             1             16  org.xnio.Option$1
6031:             1             16  org.xnio.Option$2
6032:             1             16  org.xnio.Option$3
6033:             1             16  org.xnio.Option$4
6034:             1             16  org.xnio.Option$5
6035:             1             16  org.xnio.Option$6
6036:             1             16  org.xnio.Option$7
6037:             1             16  org.xnio.Option$8
6038:             1             16  org.xnio.StreamConnection$$Lambda/0x00007fa7887ef138
6039:             1             16  org.xnio.Xnio$1
6040:             1             16  org.xnio.XnioWorker$$Lambda/0x00007fa78875e238
6041:             1             16  org.xnio.XnioWorker$$Lambda/0x00007fa78875ecc0
6042:             1             16  org.xnio.XnioWorker$$Lambda/0x00007fa78875eed0
6043:             1             16  org.xnio.XnioWorker$5
6044:             1             16  org.xnio.XnioWorker$6
6045:             1             16  org.xnio.channels.Configurable$1
6046:             1             16  org.yaml.snakeyaml.external.com.google.gdata.util.common.base.UnicodeEscaper$2
6047:             1             16  picocli.CommandLine$Help$ColorScheme$1
6048:             1             16  sun.management.ManagementFactoryHelper$$Lambda/0x00007fa78835c418 (java.management@21.0.6)
6049:             1             16  sun.management.ThreadImpl$$Lambda/0x00007fa788842328 (java.management@21.0.6)
6050:             1             16  sun.misc.Unsafe (jdk.unsupported@21.0.6)
6051:             1             16  sun.net.spi.DefaultProxySelector (java.base@21.0.6)
6052:             1             16  sun.net.www.protocol.file.Handler (java.base@21.0.6)
6053:             1             16  sun.net.www.protocol.jar.Handler (java.base@21.0.6)
6054:             1             16  sun.net.www.protocol.jar.JarFileFactory (java.base@21.0.6)
6055:             1             16  sun.net.www.protocol.jrt.Handler (java.base@21.0.6)
6056:             1             16  sun.nio.ch.DefaultSelectorProvider$$Lambda/0x00007fa788374020 (java.base@21.0.6)
6057:             1             16  sun.nio.ch.EPollSelectorProvider (java.base@21.0.6)
6058:             1             16  sun.nio.ch.ExtendedSocketOption$1 (java.base@21.0.6)
6059:             1             16  sun.nio.ch.FileChannelImpl$2 (java.base@21.0.6)
6060:             1             16  sun.nio.ch.FileChannelImpl$3 (java.base@21.0.6)
6061:             1             16  sun.nio.ch.FileDispatcherImpl (java.base@21.0.6)
6062:             1             16  sun.nio.ch.Net$1 (java.base@21.0.6)
6063:             1             16  sun.nio.ch.Util$1 (java.base@21.0.6)
6064:             1             16  sun.nio.fs.NativeBuffers$1 (java.base@21.0.6)
6065:             1             16  sun.reflect.generics.tree.BooleanSignature (java.base@21.0.6)
6066:             1             16  sun.reflect.generics.tree.BottomSignature (java.base@21.0.6)
6067:             1             16  sun.reflect.generics.tree.ByteSignature (java.base@21.0.6)
6068:             1             16  sun.reflect.generics.tree.IntSignature (java.base@21.0.6)
6069:             1             16  sun.reflect.generics.tree.LongSignature (java.base@21.0.6)
6070:             1             16  sun.reflect.generics.tree.VoidDescriptor (java.base@21.0.6)
6071:             1             16  sun.security.pkcs11.SunPKCS11$$Lambda/0x00007fa7883b6210 (jdk.crypto.cryptoki@21.0.6)
6072:             1             16  sun.security.provider.AbstractDrbg$$Lambda/0x00007fa7883d5fc8 (java.base@21.0.6)
6073:             1             16  sun.security.provider.DRBG$$Lambda/0x00007fa7883d4b08 (java.base@21.0.6)
6074:             1             16  sun.security.util.AlgorithmDecomposer (java.base@21.0.6)
6075:             1             16  sun.security.util.ByteArrayLexOrder (java.base@21.0.6)
6076:             1             16  sun.security.util.ByteArrayTagOrder (java.base@21.0.6)
6077:             1             16  sun.security.util.ManifestDigester$$Lambda/0x00007fa788360470 (java.base@21.0.6)
6078:             1             16  sun.security.x509.X500Name$$Lambda/0x00007fa78836c918 (java.base@21.0.6)
6079:             1             16  sun.util.cldr.CLDRBaseLocaleDataMetaInfo (java.base@21.0.6)
6080:             1             16  sun.util.cldr.CLDRLocaleProviderAdapter$$Lambda/0x80000005f (java.base@21.0.6)
6081:             1             16  sun.util.cldr.CLDRLocaleProviderAdapter$$Lambda/0x800000061 (java.base@21.0.6)
6082:             1             16  sun.util.locale.InternalLocaleBuilder$CaseInsensitiveChar (java.base@21.0.6)
6083:             1             16  sun.util.locale.provider.CalendarDataUtility$CalendarWeekParameterGetter (java.base@21.0.6)
6084:             1             16  sun.util.locale.provider.LocaleProviderAdapter$$Lambda/0x800000068 (java.base@21.0.6)
6085:             1             16  sun.util.locale.provider.LocaleProviderAdapter$$Lambda/0x800000069 (java.base@21.0.6)
6086:             1             16  sun.util.locale.provider.TimeZoneNameUtility$TimeZoneNameGetter (java.base@21.0.6)
6087:             1             16  sun.util.logging.internal.LoggingProviderImpl (java.logging@21.0.6)
6088:             1             16  sun.util.resources.LocaleData$LocaleDataStrategy (java.base@21.0.6)
6089:             1             16  sun.util.resources.cldr.provider.CLDRLocaleDataMetaInfo (jdk.localedata@21.0.6)
Total      79902533     4756390032
